Running as unit: run-p2082363-i2085764.scope; invocation ID: ab5dd3d1218547499dc6db8efaf0f640
E1008 00:17:11.616843 2082520 cuda_executor.cc:1743] Could not get kernel mode driver version: ( INVALID_ARGUMENT: Version does not match the format X.Y.Z )
E1008 00:17:11.629108 2082363 cuda_executor.cc:1743] Could not get kernel mode driver version: ( INVALID_ARGUMENT: Version does not match the format X.Y.Z )
DESC /home/singh/Documents/DESC2/desc
DEVICE requested=gpu obtained=gpu (1x NVIDIA GeForce RTX 5070 Laptop GPU)
--field-term bn is blind to the current scale: holding the coil current SUM fixed
  [mem] RSS 0.83 GB  peak 0.83 GB
eq precise_QH (desc.examples) NFP 4 sym True L,M,N 8,8,8 dim_x 1462; start work/ss_qh/matrix/base/arcB2/result.h5: 4 unique coils (PiecewisePlanarArcCoil), 32 total
SETTINGS {'eq': 'precise_QH', 'start': 'work/ss_qh/matrix/base/arcB2/result.h5', 'out': 'work/ss_qh/matrix/ss/arcB2', 'bounds': 'bounds/precise_qh_gil.json', 'a': None, 'device': None, 'length_mult': 1.0, 'fix_coils': False, 'dry': False, 'field_term': 'bn', 'fix_current_sum': True, 'helicity': '1,4', 'qs_rho': '0.2,0.4,0.6,0.8,1.0', 'A_min': 7.5, 'A_max': 8.5, 'vol_band': 0.02, 'V0': None, 'bn_norm': None, 'qs_form': 'scale-invariant', 'iota_min': 1.19, 'kmin': 1, 'kmax': 4, 'maxiter': 100, 'ftol': 1e-06, 'xtol': 1e-12, 'gtol': 1e-08, 'max_tr': None, 'perturb_order': 2, 'solve_tol': 1e-10, 'tau_bn': 0.005, 'tau_qs': None, 'tau_qs_rel': 10.0, 'tau_A': 0.01, 'tau_V': 0.005, 'tau_iota': 0.01, 'tau_L': 0.01, 'tau_kappa': 0.01, 'tau_kms': 0.01, 'tau_dpc': 0.01, 'tau_dcc': 1e-06, 'dcc_backoff': 0.025, 'dpc_backoff': 0.02, 'no_arc_backoffs': False, 'eval_m': 25, 'eval_n': 25, 'plasma_m': 32, 'plasma_n': 32, 'coil_grid_n': 150, 'src_gl': 24, 'src_n': 400, 'bs_chunk': None, 'jac_chunk': None, 'dcc_k': 20000}
BOUNDS (judged, absolute) L 2.926  Ltot -  kappa 13.67  kms 18.69  convex -  planar -  dcc 0.05851  dpc 0.1097
ENFORCED L 2.926  Ltot -  kappa 13.6  kms 18.51  convex -  planar -  dcc 0.06088  dpc 0.1119
/home/singh/Documents/DESC2/desc/utils.py:590: UserWarning: Unequal number of field periods for grid 1 and basis 4.
  warnings.warn(msg, err)
/home/singh/Documents/DESC2/desc/utils.py:590: UserWarning: Unequal number of field periods for grid 1 and basis 4.
  warnings.warn(msg, err)
E1008 00:17:46.647381 2082530 xtile_compiler.cc:399] Fusion: input_reduce_fusion = f64[13824,3]{1,0} fusion(loop_divide_fusion, get-tuple-element.341), kind=kCustom, calls=fused_reduce.clone, backend_config={"operation_queue_id":"0","wait_on_operation_queues":[],"fusion_backend_config":{"kind":"__triton","block_level_fusion_config":{"num_warps":"8","output_tiles":[{"sizes":["256","1"]}],"num_ctas":1,"num_stages":1,"is_tma_allowed":true,"is_warp_specialization_allowed":false}},"force_earliest_schedule":false,"reification_cost":[],"device_type":"DEVICE_TYPE_INVALID"}
E1008 00:17:46.647455 2082530 xtile_compiler.cc:401] Computation: fused_reduce.clone {
  param_0.375 = f64[13824,48]{1,0} parameter(0)
  broadcast.120.4 = f64[13824,3,48]{2,1,0} broadcast(param_0.375), dimensions={0,2}
  param_1.429 = f64[3,48]{1,0} parameter(1)
  broadcast.128.1 = f64[13824,3,48]{2,1,0} broadcast(param_1.429), dimensions={1,2}
  multiply.56.3 = f64[13824,3,48]{2,1,0} multiply(broadcast.120.4, broadcast.128.1)
  constant_162_7 = f64[] constant(0)
  ROOT reduce_sum.78.1 = f64[13824,3]{1,0} reduce(multiply.56.3, constant_162_7), dimensions={2}, to_apply=region_2.4.clone.9
}
START physics  A 8.000  R0 0.9947  a 0.1243  iota [1.2523, 1.2562]  QS(Boozer, |B_nonsym|/<B>) rho 0.25 4.81e-04  rho 0.5 2.25e-04  rho 0.75 3.86e-04  rho 1 1.44e-03
START coils    bn 5.4372e-03 (max 2.659e-02)  L 1.000  kappa 1.001  kMS 1.002  d_cc 1.009  d_pc 1.004  linked 0  -> FAILS L,kappa,kMS
QS two-term rms at the start 0.001695 -> tau_qs 0.01695
B.n normalization frozen at the start: 0.42526; volume band around V0 = 0.30352
quadrature scales s (expected; compare the s(qw) column): bn 6.283  qs 41.41  iota 1  kappa 0.3622  dcc 9.06e+04
/home/singh/Documents/DESC2/desc/utils.py:590: FutureWarning: constants is deprecated and will be removed in a future release. Users should not include constants in the arguments of their objective compute methods. Instead declare all the constants in the build method and use as self._constants.
  warnings.warn(msg, err)
/home/singh/Documents/DESC2/desc/utils.py:590: FutureWarning: constants is deprecated and will be removed in a future release. Users should not include constants in the arguments of their objective compute methods. Instead declare all the constants in the build method and use as self._constants.
  warnings.warn(msg, err)
/home/singh/Documents/DESC2/desc/utils.py:590: FutureWarning: constants is deprecated and will be removed in a future release. Users should not include constants in the arguments of their objective compute methods. Instead declare all the constants in the build method and use as self._constants.
  warnings.warn(msg, err)
/home/singh/Documents/DESC2/desc/utils.py:590: FutureWarning: constants is deprecated and will be removed in a future release. Users should not include constants in the arguments of their objective compute methods. Instead declare all the constants in the build method and use as self._constants.
  warnings.warn(msg, err)
/home/singh/Documents/DESC2/desc/utils.py:590: FutureWarning: constants is deprecated and will be removed in a future release. Users should not include constants in the arguments of their objective compute methods. Instead declare all the constants in the build method and use as self._constants.
  warnings.warn(msg, err)
/home/singh/Documents/DESC2/desc/utils.py:590: FutureWarning: constants is deprecated and will be removed in a future release. Users should not include constants in the arguments of their objective compute methods. Instead declare all the constants in the build method and use as self._constants.
  warnings.warn(msg, err)

TERMS AT THE START
term                             dim_f    weight     norm    s(qw)  target/bounds           raw min    raw max       cost  err/tol  share
Vacuum B.n error                  1326      31.8   0.4253    6.283  = 0                   -0.009255   0.007257     0.8342     1.29  24.9%
QS two-term (scale-invariant)     5445      1.42        -    41.41  = 0                    -0.01309    0.01309      0.005      0.1   0.1%
aspect ratio                         1      12.5        -        1  [7.5, 8.5]                    8          8          0        0   0.0%
rotational transform                20        84        -        1  [1.19, inf]               1.252      1.256          0        0   0.0%
volume                               1       659        -        1  [0.2975, 0.3096]         0.3035     0.3035          0        0   0.0%
coil length                          4      34.2        -        2  [0, 2.926]                2.344      2.926  4.355e-17 9.33e-09   0.0%
coil curvature                    1204      20.3        -    5.013  [0, 13.6]                     0      13.67    0.06705    0.366   2.0%
coil mean squared curvature          4       5.4        -        2  [0, 18.51]                12.34      18.69      1.269     1.59  37.9%
coil-coil distance penalty          72        11        -    8.485  [-inf, 0]                     0    0.02631    0.05176    0.322   1.5%
plasma-coil minimum distance         8       894        -    2.828  [0.1119, inf]            0.1102     0.1855      1.123      1.5  33.5%
total cost 0.5 sum f^2                                                                                                       3.351

===== step k=1: 8 boundary modes free, maxiter 100 =====
Building objective: Vacuum B.n error
Precomputing transforms
Timer: Precomputing transforms = 20.6 ms
Building objective: QS two-term (scale-invariant)
Precomputing transforms
Timer: Precomputing transforms = 44.0 ms
Building objective: aspect ratio
Precomputing transforms
Timer: Precomputing transforms = 21.0 ms
Building objective: rotational transform
Precomputing transforms
Timer: Precomputing transforms = 21.9 ms
Building objective: volume
Precomputing transforms
Timer: Precomputing transforms = 21.5 ms
Building objective: coil length
Precomputing transforms
Timer: Precomputing transforms = 44.4 us
Building objective: coil curvature
Precomputing transforms
Timer: Precomputing transforms = 33.2 us
Building objective: coil mean squared curvature
Precomputing transforms
Timer: Precomputing transforms = 35.4 us
Building objective: coil-coil distance penalty
Building objective: plasma-coil minimum distance
ObjectiveFunction deriv_mode : blocked
Vacuum B.n error jac_chunk_size: None
QS two-term (scale-invariant) jac_chunk_size: None
aspect ratio jac_chunk_size: None
rotational transform jac_chunk_size: None
volume jac_chunk_size: None
coil length jac_chunk_size: None
coil curvature jac_chunk_size: None
coil mean squared curvature jac_chunk_size: None
coil-coil distance penalty jac_chunk_size: None
plasma-coil minimum distance jac_chunk_size: None
Timer: Objective build = 265 ms
Building objective: force
Precomputing transforms
Timer: Precomputing transforms = 874 ms
ObjectiveFunction deriv_mode : batched
ObjectiveFunction jac_chunk_size: 4382
Timer: Objective build = 924 ms
ObjectiveFunction deriv_mode : blocked
lcfs R jac_chunk_size: None
lcfs Z jac_chunk_size: None
fixed Psi jac_chunk_size: None
fixed pressure jac_chunk_size: None
fixed current jac_chunk_size: None
fixed sheet current jac_chunk_size: None
self_consistency R jac_chunk_size: None
self_consistency Z jac_chunk_size: None
lambda gauge jac_chunk_size: None
axis R self consistency jac_chunk_size: None
axis Z self consistency jac_chunk_size: None
Timer: Objective build = 2.27 ms
Timer: Eq Update LinearConstraintProjection build = 4.27 sec
Timer: Proximal projection build = 39.0 sec
Building objective: lcfs R
Building objective: fixed Psi
Building objective: fixed pressure
Building objective: fixed current
Building objective: fixed sheet current
Building objective: lcfs Z
Building objective: summed coil current
Building objective: fixed shift
Building objective: fixed rotation
Building objective: fixed arc reference
ObjectiveFunction deriv_mode : blocked
lcfs R jac_chunk_size: None
fixed Psi jac_chunk_size: None
fixed pressure jac_chunk_size: None
fixed current jac_chunk_size: None
fixed sheet current jac_chunk_size: None
lcfs Z jac_chunk_size: None
summed coil current jac_chunk_size: None
fixed shift jac_chunk_size: None
fixed rotation jac_chunk_size: None
fixed arc reference jac_chunk_size: None
Timer: Objective build = 1.49 sec
Timer: LinearConstraintProjection build = 3.49 sec
Number of parameters: 83
Number of objectives: 8085
Timer: Initializing the optimization = 44.2 sec

Starting optimization
Using method: proximal-lsq-exact
  [mem] RSS 5.03 GB  peak 5.03 GB
E1008 00:19:49.934208 2082550 cuda_timer.cc:87] Delay kernel timed out: measured time has sub-optimal accuracy. There may be a missing warmup execution, please investigate in Nsight Systems.
E1008 00:19:50.163819 2082363 autotuner.cc:197] Failed to autotune HLO: %loop_transpose_fusion.41 = f64[4,301,4]{2,1,0} fusion(%loop_multiply_fusion.9, %get-tuple-element.1762, %get-tuple-element.1761, %get-tuple-element.1764, %get-tuple-element.1763, /*index=5*/%get-tuple-element.1766, %get-tuple-element.1765, %get-tuple-element.1752, %loop_add_fusion.44, %get-tuple-element.1748, /*index=10*/%get-tuple-element.1747, %objective_0____objectives___7__0____constants____transforms____grid___0____spacing__.1, %get-tuple-element.1745, %loop_transpose_fusion.44, %get-tuple-element.1749, /*index=15*/%get-tuple-element.1753, %loop_multiply_fusion.7, %loop_divide_fusion.6), kind=kLoop, calls=%fused_transpose.71, metadata={op_name="jit(_proximal_jvp_blocked_pure)/jit(jac_scaled_error)/vmap(transpose(jvp(jit(compute_scaled_error))))/vmap(jit(norm))/mul" stack_frame_id=11250} with status: INTERNAL: Autotuner could not compile any configs for HLO: %loop_transpose_fusion.41 = f64[4,301,4]{2,1,0} fusion(%loop_multiply_fusion.9, %get-tuple-element.1762, %get-tuple-element.1761, %get-tuple-element.1764, %get-tuple-element.1763, /*index=5*/%get-tuple-element.1766, %get-tuple-element.1765, %get-tuple-element.1752, %loop_add_fusion.44, %get-tuple-element.1748, /*index=10*/%get-tuple-element.1747, %objective_0____objectives___7__0____constants____transforms____grid___0____spacing__.1, %get-tuple-element.1745, %loop_transpose_fusion.44, %get-tuple-element.1749, /*index=15*/%get-tuple-element.1753, %loop_multiply_fusion.7, %loop_divide_fusion.6), kind=kLoop, calls=%fused_transpose.71, metadata={op_name="jit(_proximal_jvp_blocked_pure)/jit(jac_scaled_error)/vmap(transpose(jvp(jit(compute_scaled_error))))/vmap(jit(norm))/mul" stack_frame_id=11250}
Traceback (most recent call last):
  File "/home/singh/Documents/DESC2/coil_sandbox/single_stage.py", line 460, in <module>
    main()
  File "/home/singh/Documents/DESC2/coil_sandbox/single_stage.py", line 438, in main
    out, res = Optimizer("proximal-lsq-exact").optimize(
               ^^^^^^^^^^^^^^^^^^^^^^^^^^^^^^^^^^^^^^^^^
  File "/home/singh/Documents/DESC2/desc/optimize/optimizer.py", line 318, in optimize
    result = optimizers[method]["fun"](
             ^^^^^^^^^^^^^^^^^^^^^^^^^^
  File "/home/singh/Documents/DESC2/desc/optimize/_desc_wrappers.py", line 546, in _optimize_desc_least_squares
    result = lsqtr(
             ^^^^^^
  File "/home/singh/Documents/DESC2/desc/optimize/least_squares.py", line 194, in lsqtr
    J = jac(x, *args).block_until_ready()
        ^^^^^^^^^^^^^
  File "/home/singh/Documents/DESC2/desc/optimize/_constraint_wrappers.py", line 425, in jac_scaled_error
    return self._jac(x_reduced, constants, "scaled_error")
           ^^^^^^^^^^^^^^^^^^^^^^^^^^^^^^^^^^^^^^^^^^^^^^^
  File "/home/singh/Documents/DESC2/desc/optimize/_constraint_wrappers.py", line 388, in _jac
    df = getattr(self._objective, "jvp_" + op)(v.T, x, constants)
         ^^^^^^^^^^^^^^^^^^^^^^^^^^^^^^^^^^^^^^^^^^^^^^^^^^^^^^^^
  File "/home/singh/Documents/DESC2/desc/optimize/_constraint_wrappers.py", line 1190, in jvp_scaled_error
    return self._jvp(v, x, constants, op)
           ^^^^^^^^^^^^^^^^^^^^^^^^^^^^^^
  File "/home/singh/Documents/DESC2/desc/optimize/_constraint_wrappers.py", line 1247, in _jvp
    return _proximal_jvp_blocked_pure(
           ^^^^^^^^^^^^^^^^^^^^^^^^^^^
  File "/home/singh/Documents/DESC2/desc/optimize/_constraint_wrappers.py", line 1290, in wrapper
    return jitted_func(*args, **kwargs)
           ^^^^^^^^^^^^^^^^^^^^^^^^^^^^
jax.errors.JaxRuntimeError: INTERNAL: Autotuner could not compile any configs for HLO: %loop_transpose_fusion.41 = f64[4,301,4]{2,1,0} fusion(%loop_multiply_fusion.9, %get-tuple-element.1762, %get-tuple-element.1761, %get-tuple-element.1764, %get-tuple-element.1763, /*index=5*/%get-tuple-element.1766, %get-tuple-element.1765, %get-tuple-element.1752, %loop_add_fusion.44, %get-tuple-element.1748, /*index=10*/%get-tuple-element.1747, %objective_0____objectives___7__0____constants____transforms____grid___0____spacing__.1, %get-tuple-element.1745, %loop_transpose_fusion.44, %get-tuple-element.1749, /*index=15*/%get-tuple-element.1753, %loop_multiply_fusion.7, %loop_divide_fusion.6), kind=kLoop, calls=%fused_transpose.71, metadata={op_name="jit(_proximal_jvp_blocked_pure)/jit(jac_scaled_error)/vmap(transpose(jvp(jit(compute_scaled_error))))/vmap(jit(norm))/mul" stack_frame_id=11250}
--------------------
For simplicity, JAX has removed its internal frames from the traceback of the following exception. Set JAX_TRACEBACK_FILTERING=off to include these.
