Running as unit: run-p1948249-i1951509.scope; invocation ID: f420ab79e960475ab587654e254cc298
E1007 16:38:50.144149 1948400 cuda_executor.cc:1743] Could not get kernel mode driver version: ( INVALID_ARGUMENT: Version does not match the format X.Y.Z )
E1007 16:38:50.157841 1948249 cuda_executor.cc:1743] Could not get kernel mode driver version: ( INVALID_ARGUMENT: Version does not match the format X.Y.Z )
DESC /home/singh/Documents/DESC2/desc
DEVICE requested=gpu obtained=gpu (1x NVIDIA GeForce RTX 5070 Laptop GPU)
  [mem] RSS 0.83 GB  peak 0.83 GB
eq work/ss_qh/arcB2/ss_k4/eq_k4.h5 NFP 4 sym True; start ../sweep_qh/initial starts/start_planarN7.h5: 4 unique coils (FourierPlanarCoil), 4 top-level; VACUUM
BOUNDS L 2.926  Ltot -  kappa 13.67  kms 18.69  convex -  planar -  dcc 0.05851  dpc 0.1097
  built coil length in 2.6 s
  built coil curvature in 0.2 s
  built coil mean squared curvature in 0.2 s
  built coil-coil distance rows in 4.0 s
E1007 16:39:06.191242 1948418 xtile_compiler.cc:399] Fusion: input_reduce_fusion = f64[66177]{0} fusion(a.1, b.1), kind=kCustom, calls=fused_reduce.clone, backend_config={"operation_queue_id":"0","wait_on_operation_queues":[],"fusion_backend_config":{"kind":"__triton","block_level_fusion_config":{"num_warps":"8","output_tiles":[{"sizes":["64"]}],"num_ctas":1,"num_stages":1,"is_tma_allowed":true,"is_warp_specialization_allowed":false}},"force_earliest_schedule":false,"reification_cost":[],"device_type":"DEVICE_TYPE_INVALID"}
E1007 16:39:06.191290 1948418 xtile_compiler.cc:401] Computation: fused_reduce.clone {
  param_0.2 = f64[66177,144]{1,0} parameter(0)
  param_1.2 = f64[144]{0} parameter(1)
  broadcast.2 = f64[66177,144]{1,0} broadcast(param_1.2), dimensions={1}
  multiply.2 = f64[66177,144]{1,0} multiply(param_0.2, broadcast.2)
  constant_2 = f64[] constant(0)
  ROOT reduce.2 = f64[66177]{0} reduce(multiply.2, constant_2), dimensions={1}, to_apply=scalar_add_computation
}
E1007 16:39:10.214293 1948426 xtile_compiler.cc:399] Fusion: input_reduce_fusion = f64[65792]{0} fusion(a.1, b.1), kind=kCustom, calls=fused_reduce.clone, backend_config={"operation_queue_id":"0","wait_on_operation_queues":[],"fusion_backend_config":{"kind":"__triton","block_level_fusion_config":{"num_warps":"8","output_tiles":[{"sizes":["64"]}],"num_ctas":1,"num_stages":1,"is_tma_allowed":true,"is_warp_specialization_allowed":false}},"force_earliest_schedule":false,"reification_cost":[],"device_type":"DEVICE_TYPE_INVALID"}
E1007 16:39:10.214343 1948426 xtile_compiler.cc:401] Computation: fused_reduce.clone {
  param_0.2 = f64[65792,144]{1,0} parameter(0)
  param_1.2 = f64[144]{0} parameter(1)
  broadcast.2 = f64[65792,144]{1,0} broadcast(param_1.2), dimensions={1}
  multiply.2 = f64[65792,144]{1,0} multiply(param_0.2, broadcast.2)
  constant_2 = f64[] constant(0)
  ROOT reduce.2 = f64[65792]{0} reduce(multiply.2, constant_2), dimensions={1}, to_apply=scalar_add_computation
}
  [mem] RSS 2.65 GB  peak 3.44 GB
E1007 16:39:40.494861 1948430 xtile_compiler.cc:399] Fusion: input_reduce_fusion = f64[50000]{0} fusion(a.1, b.1), kind=kCustom, calls=fused_reduce.clone, backend_config={"operation_queue_id":"0","wait_on_operation_queues":[],"fusion_backend_config":{"kind":"__triton","block_level_fusion_config":{"num_warps":"8","output_tiles":[{"sizes":["64"]}],"num_ctas":1,"num_stages":1,"is_tma_allowed":true,"is_warp_specialization_allowed":false}},"force_earliest_schedule":false,"reification_cost":[],"device_type":"DEVICE_TYPE_INVALID"}
E1007 16:39:40.494914 1948430 xtile_compiler.cc:401] Computation: fused_reduce.clone {
  param_0.2 = f64[50000,144]{1,0} parameter(0)
  param_1.2 = f64[144]{0} parameter(1)
  broadcast.2 = f64[50000,144]{1,0} broadcast(param_1.2), dimensions={1}
  multiply.2 = f64[50000,144]{1,0} multiply(param_0.2, broadcast.2)
  constant_2 = f64[] constant(0)
  ROOT reduce.2 = f64[50000]{0} reduce(multiply.2, constant_2), dimensions={1}, to_apply=scalar_add_computation
}
  [mem] RSS 3.66 GB  peak 3.79 GB
  [mem] RSS 3.78 GB  peak 3.97 GB
  [mem] RSS 3.91 GB  peak 4.09 GB
  [mem] RSS 4.03 GB  peak 4.18 GB
E1007 16:41:27.134011 1948412 xtile_compiler.cc:399] Fusion: input_reduce_fusion = f64[42176]{0} fusion(a.1, b.1), kind=kCustom, calls=fused_reduce.clone, backend_config={"operation_queue_id":"0","wait_on_operation_queues":[],"fusion_backend_config":{"kind":"__triton","block_level_fusion_config":{"num_warps":"8","output_tiles":[{"sizes":["64"]}],"num_ctas":1,"num_stages":1,"is_tma_allowed":true,"is_warp_specialization_allowed":false}},"force_earliest_schedule":false,"reification_cost":[],"device_type":"DEVICE_TYPE_INVALID"}
E1007 16:41:27.134072 1948412 xtile_compiler.cc:401] Computation: fused_reduce.clone {
  param_0.2 = f64[42176,144]{1,0} parameter(0)
  param_1.2 = f64[144]{0} parameter(1)
  broadcast.2 = f64[42176,144]{1,0} broadcast(param_1.2), dimensions={1}
  multiply.2 = f64[42176,144]{1,0} multiply(param_0.2, broadcast.2)
  constant_2 = f64[] constant(0)
  ROOT reduce.2 = f64[42176]{0} reduce(multiply.2, constant_2), dimensions={1}, to_apply=scalar_add_computation
}
  built plasma-coil distance field in 155.0 s
BUILD 164.3 s; cc gap 2.334 mm, pc node margin 0.556 mm, 513 nodes/coil; cc active rows at start 0 of 10000; field {'max_error': 9.244809699993084e-07, 'concave_radius': np.float64(0.2541845898606848), 'node_margin': 0.0005558236641974026}
  coil length                      rows 4
  coil curvature                   rows 2404
  coil mean squared curvature      rows 4
  coil-coil distance rows          rows 18948240
  plasma-coil distance field       rows 4104
/home/singh/Documents/DESC2/desc/utils.py:590: UserWarning: Unequal number of field periods for grid 1 and basis 4.
  warnings.warn(msg, err)
/home/singh/Documents/DESC2/desc/utils.py:590: UserWarning: Unequal number of field periods for grid 1 and basis 4.
  warnings.warn(msg, err)
  [mem] RSS 4.16 GB  peak 4.20 GB
START  bn 8.7296e-02  L 0.663  kappa 0.461  kMS 0.743  d_cc 1.988  d_pc 1.381  linked 0  -> FEASIBLE
START  true: cc 0.11632 pc 0.15146 max L 1.9391 max |k| 6.301 linked [] gap {'used': 0.002334459389629091, 'needed': 0.0003297372674791465}
Building objective: summed coil current
Building objective: fixed parameters
Building objective: fixed shift
Building objective: fixed rotation
Number of parameters: 83
Number of objectives: 1326
Number of equality constraints: 0
Number of inequality constraints: 16588

Starting optimization
Using method: lsq-auglag-composite
  [mem] RSS 5.13 GB  peak 5.13 GB
E1007 16:42:40.904269 1948421 cuda_timer.cc:87] Delay kernel timed out: measured time has sub-optimal accuracy. There may be a missing warmup execution, please investigate in Nsight Systems.
E1007 16:42:40.981790 1948415 cuda_timer.cc:87] Delay kernel timed out: measured time has sub-optimal accuracy. There may be a missing warmup execution, please investigate in Nsight Systems.
Outer Inner its  Optimality     gtolk  Violation     ctolk   mu mean   max |y|
  [mem] RSS 5.64 GB  peak 5.64 GB
E1007 16:42:51.569779 1948414 cuda_timer.cc:87] Delay kernel timed out: measured time has sub-optimal accuracy. There may be a missing warmup execution, please investigate in Nsight Systems.
  [mem] RSS 5.69 GB  peak 5.69 GB
    1        35   8.961e-04  1.00e-03  1.573e-01  7.94e-03  1.00e+01  0.00e+00
[outer 1] 35 inner its, opt 8.96e-04 (gtolk 1.0e-03, met), violation 1.57e-01 (ctolk 7.9e-03), 75 s
   coil length                    rows      4 mu 1.0e+01/1.0e+01/1.0e+01 max|y| 0.00e+00 (nonzero 0) max viol 1.57e-01
   coil curvature                 rows   2404 mu 1.0e+01/1.0e+01/1.0e+01 max|y| 0.00e+00 (nonzero 0) max viol 8.22e-03
   coil mean squared curvature    rows      4 mu 1.0e+01/1.0e+01/1.0e+01 max|y| 0.00e+00 (nonzero 0) max viol 3.43e-02
   coil-coil distance rows        rows   4941 mu 1.0e+01/1.0e+01/1.0e+01 max|y| 0.00e+00 (nonzero 0) max viol 1.20e-02
   plasma-coil distance field     rows   4104 mu 1.0e+01/1.0e+01/1.0e+01 max|y| 0.00e+00 (nonzero 0) max viol 9.88e-03
   true: cc 0.05717 m, pc 0.10873 m, max L 2.9729, max |k| 13.960, linked [], gap {'used': 0.002334459389629091, 'needed': 0.0020682366472205686}
  [mem] RSS 5.69 GB  peak 6.08 GB
    2        24   3.146e-04  3.68e-04  1.681e-02  7.19e-03  1.92e+01  7.86e-02
[outer 2] 24 inner its, opt 3.15e-04 (gtolk 3.7e-04, met), violation 1.68e-02 (ctolk 7.2e-03), 102 s
   coil length                    rows      4 mu 1.0e+02/1.0e+02/1.0e+02 max|y| 0.00e+00 (nonzero 0) max viol 1.68e-02
   coil curvature                 rows   2404 mu 1.9e+01/1.9e+01/1.0e+02 max|y| 7.78e-02 (nonzero 11) max viol 4.91e-03
   coil mean squared curvature    rows      4 mu 1.9e+01/1.9e+01/1.0e+02 max|y| 0.00e+00 (nonzero 0) max viol 4.54e-03
   coil-coil distance rows        rows   5333 mu 1.9e+01/1.9e+01/1.0e+02 max|y| 7.86e-02 (nonzero 171) max viol 8.21e-03
   plasma-coil distance field     rows   4104 mu 1.9e+01/1.9e+01/1.0e+02 max|y| 7.76e-02 (nonzero 204) max viol 4.78e-03
   true: cc 0.05833 m, pc 0.10952 m, max L 2.9306, max |k| 13.818, linked [], gap {'used': 0.002334459389629091, 'needed': 0.0019751559080010347}
    3        24   1.638e-04  2.17e-04  5.076e-03  6.82e-03  3.34e+01  4.54e-01
  [mem] RSS 5.77 GB  peak 6.09 GB
[outer 3] 24 inner its, opt 1.64e-04 (gtolk 2.2e-04, met), violation 5.08e-03 (ctolk 6.8e-03), 129 s
   coil length                    rows      4 mu 1.0e+02/1.0e+03/1.0e+03 max|y| 2.29e-01 (nonzero 1) max viol 1.72e-03
   coil curvature                 rows   2404 mu 3.3e+01/3.3e+01/1.0e+02 max|y| 9.34e-02 (nonzero 7) max viol 2.27e-03
   coil mean squared curvature    rows      4 mu 3.3e+01/3.3e+01/1.0e+02 max|y| 4.54e-01 (nonzero 1) max viol 3.83e-04
   coil-coil distance rows        rows   5512 mu 3.3e+01/3.3e+01/1.9e+02 max|y| 2.78e-01 (nonzero 143) max viol 5.08e-03
   plasma-coil distance field     rows   4104 mu 3.3e+01/3.3e+01/1.0e+02 max|y| 3.10e-01 (nonzero 176) max viol 3.81e-03
   true: cc 0.05930 m, pc 0.10967 m, max L 2.9260, max |k| 13.742, linked [], gap {'used': 0.002334459389629091, 'needed': 0.0019768079866470225}
  [mem] RSS 5.78 GB  peak 6.12 GB
  [mem] RSS 5.78 GB  peak 6.12 GB
  [mem] RSS 5.78 GB  peak 6.12 GB
    4       123   2.718e-06  3.68e-06  4.217e-03  1.74e-04  4.65e+01  1.72e+00
[outer 4] 123 inner its, opt 2.72e-06 (gtolk 3.7e-06, met), violation 4.22e-03 (ctolk 1.7e-04), 239 s
   coil length                    rows      4 mu 1.0e+02/1.0e+03/1.0e+03 max|y| 1.72e+00 (nonzero 4) max viol 4.17e-05
   coil curvature                 rows   2404 mu 4.6e+01/4.6e+01/1.0e+02 max|y| 9.70e-02 (nonzero 7) max viol 3.59e-03
   coil mean squared curvature    rows      4 mu 4.6e+01/4.6e+01/1.0e+02 max|y| 4.93e-01 (nonzero 1) max viol 1.86e-04
   coil-coil distance rows        rows   5290 mu 4.6e+01/4.6e+01/1.9e+02 max|y| 2.43e-01 (nonzero 104) max viol 4.22e-03
   plasma-coil distance field     rows   4104 mu 4.6e+01/4.6e+01/1.0e+02 max|y| 1.80e-01 (nonzero 148) max viol 1.98e-03
   true: cc 0.05948 m, pc 0.10995 m, max L 2.9255, max |k| 13.756, linked [], gap {'used': 0.002334459389629091, 'needed': 0.0020578243559171046}
  [mem] RSS 5.78 GB  peak 6.16 GB
  [mem] RSS 5.78 GB  peak 6.16 GB
    5        41   1.957e-05  1.99e-05  1.639e-03  5.37e-03  4.13e+02  1.67e+00
[outer 5] 41 inner its, opt 1.96e-05 (gtolk 2.0e-05, met), violation 1.64e-03 (ctolk 5.4e-03), 283 s
   coil length                    rows      4 mu 4.1e+02/1.0e+03/1.0e+03 max|y| 1.67e+00 (nonzero 4) max viol 2.20e-05
   coil curvature                 rows   2404 mu 4.1e+02/4.1e+02/1.0e+03 max|y| 7.09e-03 (nonzero 1) max viol 2.80e-04
   coil mean squared curvature    rows      4 mu 4.1e+02/4.1e+02/1.0e+03 max|y| 4.93e-01 (nonzero 1) max viol 1.49e-05
   coil-coil distance rows        rows   5338 mu 4.1e+02/4.1e+02/1.9e+03 max|y| 1.62e-01 (nonzero 18) max viol 1.64e-03
   plasma-coil distance field     rows   4104 mu 4.1e+02/4.1e+02/1.0e+03 max|y| 1.57e-01 (nonzero 100) max viol 6.31e-04
   true: cc 0.06035 m, pc 0.11016 m, max L 2.9255, max |k| 13.690, linked [], gap {'used': 0.002334459389629091, 'needed': 0.001998177173637876}
  [mem] RSS 5.76 GB  peak 6.16 GB
  [mem] RSS 5.76 GB  peak 6.16 GB
    6        62   9.960e-07  1.00e-06  1.844e-03  1.88e-05  4.93e+02  1.69e+00
[outer 6] 62 inner its, opt 9.96e-07 (gtolk 1.0e-06, met), violation 1.84e-03 (ctolk 1.9e-05), 344 s
   coil length                    rows      4 mu 4.9e+02/1.0e+03/1.0e+03 max|y| 1.69e+00 (nonzero 4) max viol 5.42e-05
   coil curvature                 rows   2404 mu 4.9e+02/4.9e+02/1.0e+03 max|y| 1.29e-01 (nonzero 6) max viol 3.09e-04
   coil mean squared curvature    rows      4 mu 4.9e+02/4.9e+02/1.0e+03 max|y| 5.08e-01 (nonzero 1) max viol 0.00e+00
   coil-coil distance rows        rows   5415 mu 4.9e+02/4.9e+02/1.9e+03 max|y| 9.00e-01 (nonzero 26) max viol 1.84e-03
   plasma-coil distance field     rows   4104 mu 4.9e+02/4.9e+02/1.0e+03 max|y| 4.48e-01 (nonzero 64) max viol 6.65e-04
   true: cc 0.06029 m, pc 0.11016 m, max L 2.9255, max |k| 13.702, linked [], gap {'used': 0.002334459389629091, 'needed': 0.001966412096512522}
  [mem] RSS 5.78 GB  peak 6.16 GB
    7        33   1.811e-06  2.10e-06  2.239e-04  4.29e-03  3.97e+03  1.69e+00
[outer 7] 33 inner its, opt 1.81e-06 (gtolk 2.1e-06, met), violation 2.24e-04 (ctolk 4.3e-03), 377 s
   coil length                    rows      4 mu 4.0e+03/4.4e+03/1.0e+04 max|y| 1.69e+00 (nonzero 4) max viol 4.76e-06
   coil curvature                 rows   2404 mu 4.0e+03/4.0e+03/4.9e+03 max|y| 1.42e-02 (nonzero 4) max viol 3.07e-05
   coil mean squared curvature    rows      4 mu 4.0e+03/4.0e+03/4.0e+03 max|y| 4.96e-01 (nonzero 1) max viol 7.96e-07
   coil-coil distance rows        rows   5444 mu 4.0e+03/4.0e+03/4.9e+03 max|y| 3.86e-01 (nonzero 3) max viol 2.24e-04
   plasma-coil distance field     rows   4104 mu 4.0e+03/4.0e+03/4.9e+03 max|y| 3.02e-01 (nonzero 44) max viol 1.54e-04
   true: cc 0.06063 m, pc 0.11024 m, max L 2.9255, max |k| 13.700, linked [], gap {'used': 0.002334459389629091, 'needed': 0.001966484040512674}
  [mem] RSS 5.78 GB  peak 6.17 GB
  [mem] RSS 5.78 GB  peak 6.17 GB
    8        61   8.532e-07  1.00e-06  1.271e-04  2.01e-06  4.87e+03  1.72e+00
[outer 8] 61 inner its, opt 8.53e-07 (gtolk 1.0e-06, met), violation 1.27e-04 (ctolk 2.0e-06), 434 s
   coil length                    rows      4 mu 4.9e+03/4.9e+03/1.0e+04 max|y| 1.72e+00 (nonzero 4) max viol 1.86e-06
   coil curvature                 rows   2404 mu 4.9e+03/4.9e+03/4.9e+03 max|y| 1.51e-01 (nonzero 5) max viol 2.03e-05
   coil mean squared curvature    rows      4 mu 4.9e+03/4.9e+03/4.9e+03 max|y| 4.99e-01 (nonzero 1) max viol 0.00e+00
   coil-coil distance rows        rows   5377 mu 4.9e+03/4.9e+03/4.9e+03 max|y| 1.10e+00 (nonzero 18) max viol 6.33e-05
   plasma-coil distance field     rows   4104 mu 4.9e+03/4.9e+03/4.9e+03 max|y| 7.98e-01 (nonzero 32) max viol 1.27e-04
   true: cc 0.06066 m, pc 0.11024 m, max L 2.9255, max |k| 13.699, linked [], gap {'used': 0.002334459389629091, 'needed': 0.001965748904352831}
  [mem] RSS 5.77 GB  peak 6.17 GB
    9        38   3.757e-07  1.00e-06  1.529e-05  3.50e-03  2.50e+04  1.73e+00
[outer 9] 38 inner its, opt 3.76e-07 (gtolk 1.0e-06, met), violation 1.53e-05 (ctolk 3.5e-03), 470 s
   coil length                    rows      4 mu 2.5e+04/2.5e+04/2.5e+04 max|y| 1.73e+00 (nonzero 4) max viol 6.41e-08
   coil curvature                 rows   2404 mu 2.5e+04/2.5e+04/4.9e+04 max|y| 5.86e-02 (nonzero 5) max viol 1.85e-06
   coil mean squared curvature    rows      4 mu 2.5e+04/2.5e+04/2.5e+04 max|y| 4.86e-01 (nonzero 1) max viol 1.54e-07
   coil-coil distance rows        rows   5394 mu 2.5e+04/2.5e+04/4.9e+04 max|y| 9.93e-01 (nonzero 17) max viol 7.62e-06
   plasma-coil distance field     rows   4104 mu 2.5e+04/2.5e+04/4.9e+04 max|y| 5.53e-01 (nonzero 26) max viol 1.53e-05
   true: cc 0.06065 m, pc 0.11026 m, max L 2.9255, max |k| 13.699, linked [], gap {'used': 0.002334459389629091, 'needed': 0.0019667756511422088}
   10         2   9.402e-07  1.00e-06  3.106e-06  1.00e-06  3.56e+04  1.73e+00
[outer 10] 2 inner its, opt 9.40e-07 (gtolk 1.0e-06, met), violation 3.11e-06 (ctolk 1.0e-06), 476 s
   coil length                    rows      4 mu 3.6e+04/3.6e+04/3.6e+04 max|y| 1.73e+00 (nonzero 4) max viol 3.66e-09
   coil curvature                 rows   2404 mu 3.6e+04/3.6e+04/4.9e+04 max|y| 1.15e-01 (nonzero 5) max viol 4.46e-08
   coil mean squared curvature    rows      4 mu 3.6e+04/3.6e+04/3.6e+04 max|y| 4.90e-01 (nonzero 1) max viol 0.00e+00
   coil-coil distance rows        rows   5394 mu 3.6e+04/3.6e+04/4.9e+04 max|y| 1.02e+00 (nonzero 14) max viol 1.75e-06
   plasma-coil distance field     rows   4104 mu 3.6e+04/3.6e+04/4.9e+04 max|y| 7.92e-01 (nonzero 28) max viol 3.11e-06
   true: cc 0.06066 m, pc 0.11026 m, max L 2.9255, max |k| 13.699, linked [], gap {'used': 0.002334459389629091, 'needed': 0.0019667759246340863}
  [mem] RSS 5.80 GB  peak 6.17 GB
   11        10   2.948e-07  1.00e-06  6.527e-07  2.96e-03  1.26e+05  1.73e+00
[outer 11] 10 inner its, opt 2.95e-07 (gtolk 1.0e-06, met), violation 6.53e-07 (ctolk 3.0e-03), 491 s
   coil length                    rows      4 mu 1.3e+05/1.3e+05/1.3e+05 max|y| 1.73e+00 (nonzero 4) max viol 2.45e-09
   coil curvature                 rows   2404 mu 1.3e+05/1.3e+05/1.3e+05 max|y| 1.17e-01 (nonzero 5) max viol 5.44e-08
   coil mean squared curvature    rows      4 mu 1.3e+05/1.3e+05/1.3e+05 max|y| 4.89e-01 (nonzero 1) max viol 7.72e-09
   coil-coil distance rows        rows   5401 mu 1.3e+05/1.3e+05/4.9e+05 max|y| 1.00e+00 (nonzero 12) max viol 6.08e-07
   plasma-coil distance field     rows   4104 mu 1.3e+05/1.3e+05/4.9e+05 max|y| 7.44e-01 (nonzero 28) max viol 6.53e-07
   true: cc 0.06065 m, pc 0.11026 m, max L 2.9255, max |k| 13.699, linked [], gap {'used': 0.002334459389629091, 'needed': 0.0019664166313513903}
`gtol` condition satisfied.
         Max scaled gradient: 2.948e-07
         Max constraint violation: 6.527e-07
         Outer iterations: 11
         Iterations: 453
         Function evaluations: 697
         Jacobian evaluations: 454
==============================================================================================================
                                                                 Start  -->   End
Total (sum of squares):                                      1.252e+02  -->   6.860e+00, 
Maximum absolute Boundary normal field error:                8.334e-02  -->   2.682e-02 (T m^2)
Minimum absolute Boundary normal field error:                2.382e-05  -->   1.391e-05 (T m^2)
Average absolute Boundary normal field error:                3.570e-02  -->   7.440e-03 (T m^2)
Maximum absolute Boundary normal field error:                8.118e-01  -->   2.612e-01 (normalized)
Minimum absolute Boundary normal field error:                2.320e-04  -->   1.355e-04 (normalized)
Average absolute Boundary normal field error:                3.478e-01  -->   7.247e-02 (normalized)
Summed coil current error:                                   0.000e+00  -->   0.000e+00 (A)
Fixed parameters error:                                      0.000e+00  -->   1.536e-01 (~)
Maximum Coil length:                                         1.939e+00  -->   2.926e+00 (m)
Minimum Coil length:                                         1.859e+00  -->   2.926e+00 (m)
Average Coil length:                                         1.892e+00  -->   2.926e+00 (m)
Maximum Coil length:                                         6.440e+00  -->   9.716e+00 (normalized)
Minimum Coil length:                                         6.174e+00  -->   9.716e+00 (normalized)
Average Coil length:                                         6.283e+00  -->   9.716e+00 (normalized)
Maximum Coil curvature:                                      6.302e+00  -->   1.367e+01 (m^-1)
Minimum Coil curvature:                                      7.216e-03  -->   6.747e-04 (m^-1)
Average Coil curvature:                                      3.084e+00  -->   3.687e+00 (m^-1)
Maximum Coil curvature:                                      1.897e+00  -->   4.117e+00 (normalized)
Minimum Coil curvature:                                      2.173e-03  -->   2.031e-04 (normalized)
Average Coil curvature:                                      9.286e-01  -->   1.110e+00 (normalized)
Maximum Coil mean squared curvature:                         1.388e+01  -->   1.869e+01 (m^-2)
Minimum Coil mean squared curvature:                         1.388e+01  -->   1.490e+01 (m^-2)
Average Coil mean squared curvature:                         1.388e+01  -->   1.683e+01 (m^-2)
Maximum Coil mean squared curvature:                         1.258e+00  -->   1.695e+00 (normalized)
Minimum Coil mean squared curvature:                         1.258e+00  -->   1.351e+00 (normalized)
Average Coil mean squared curvature:                         1.258e+00  -->   1.526e+00 (normalized)
Maximum Coil-coil distance rows:                             1.953e+00  -->   1.836e+00 (m)
Minimum Coil-coil distance rows:                             1.000e-01  -->   5.851e-02 (m)
Average Coil-coil distance rows:                             1.062e-01  -->   9.438e-02 (m)
Maximum Coil-coil distance rows:                             6.487e+00  -->   6.099e+00 (normalized)
Minimum Coil-coil distance rows:                             3.321e-01  -->   1.943e-01 (normalized)
Average Coil-coil distance rows:                             3.527e-01  -->   3.135e-01 (normalized)
Maximum Plasma-coil distance field:                          1.729e-01  -->   2.189e-01 (m)
Minimum Plasma-coil distance field:                          1.509e-01  -->   1.097e-01 (m)
Average Plasma-coil distance field:                          1.611e-01  -->   1.866e-01 (m)
Maximum Plasma-coil distance field:                          1.116e+00  -->   1.412e+00 (normalized)
Minimum Plasma-coil distance field:                          9.735e-01  -->   7.077e-01 (normalized)
Average Plasma-coil distance field:                          1.040e+00  -->   1.204e+00 (normalized)
==============================================================================================================

SOLVER `gtol` condition satisfied. | 11 outer / 453 inner its, opt 2.95e-07, violation 6.53e-07, 500 s
START  bn 8.7296e-02  L 0.663  kappa 0.461  kMS 0.743  d_cc 1.988  d_pc 1.381  -> FEASIBLE
RESULT bn 1.8516e-02  L 1.000  kappa 1.002  kMS 1.000  d_cc 1.038  d_pc 1.005  linked 0  -> FAILS L,kappa,kMS  active ['L', 'kappa', 'kMS', 'd_pc']
wrote work/ss_qh/fixed_ss_eq/al_planarN7/result.h5, result.json, outer.json
