E0917 20:04:54.535819  533893 cuda_executor.cc:1743] Could not get kernel mode driver version: ( INVALID_ARGUMENT: Version does not match the format X.Y.Z )
E0917 20:04:54.547697  533788 cuda_executor.cc:1743] Could not get kernel mode driver version: ( INVALID_ARGUMENT: Version does not match the format X.Y.Z )
DEVICE requested=gpu obtained=gpu (1x NVIDIA GeForce RTX 5070 Laptop GPU)
  [mem] RSS 0.82 GB  peak 0.82 GB
/home/singh/Documents/DESC2/coil_sandbox/vendor/desc/utils.py:590: UserWarning: Unequal number of field periods for grid 1 and basis 2.
  warnings.warn(msg, err)
/home/singh/Documents/DESC2/coil_sandbox/vendor/desc/utils.py:590: UserWarning: Unequal number of field periods for grid 1 and basis 2.
  warnings.warn(msg, err)
eq sample_equilibria/helios_repro.h5 (h5) NFP 2 sym True; start work/helios/xyz_ceiling/start_N10.h5: 3 unique coils, arc=False, expect 12 coils; source grid uniform (801 nodes/coil), length grid uniform (801), constraint grid 301, curvature grid 301; mode stage2; plasma field included (virtual casing)
SETTINGS {'eq': 'sample_equilibria/helios_repro.h5', 'start': 'work/helios/xyz_ceiling/start_N10.h5', 'out': 'work/helios/xyz_ceiling/N10', 'mode': 'stage2', 'length_mult': 1.0, 'margin': 0.0, 'fix_hinges': False, 'anchor_weight': 0.001, 'margin_skip': '', 'a': None, 'bounds': 'bounds/helios_kruger2026_noconvex.json', 'device': 'gpu', 'vacuum': False, 'maxiter': 500, 'check_every': 25, 'ckpt_every': 50, 'diag_log': None, 'dcc_backoff': 0.025, 'dpc_backoff': 0.02, 'no_arc_backoffs': False, 'convex_form': 'signed', 'convex_kmin': 0.0, 'convex_backoff': 0.5, 'planarity': 'auto', 'planarity_tol': 0.0, 'speed_floor': 0.0, 'arclength_weight': 0.0, 'torsion_weight': 0.0, 'coil_grid_n': 150, 'kappa_grid_n': None, 'eval_m': 25, 'eval_n': 25, 'plasma_m': 64, 'plasma_n': 64, 'src_gl': 24, 'src_n': 400, 'vc_m': None, 'vc_n': None, 'vc_chunk': 64, 'dcc_k': 20000, 'dpc_k': 20000, 'no_signed': False, 'dcc_neighbors': None, 'dcc_chunk': 4, 'dpc_chunk': 1, 'qf_chunk': 25, 'coil_jac_chunk': None, 'no_second_order': False, 'so_chunk': 16, 'so_rtol': 0.05, 'max_tr': 0.5, 'max_inner_iter': 100, 'ctol': 0.0001}
BOUNDS (judged, absolute, a=1.77186) L 36  Ltot -  kappa 1.5  kms -  convex -  planar -  dcc 1.2  dpc 1.2
ENFORCED L 36  Ltot -  kappa 1.5  kms -  convex -  planar -  dcc 1.23  dpc 1.224
START  bn 4.0233e-02  L 1.000  kappa 0.398  d_cc 1.683  d_pc 1.376  linked 0  coils 12  -> FEASIBLE
Building objective: Quadratic flux
Precomputing transforms
/home/singh/Documents/DESC2/coil_sandbox/vendor/desc/utils.py:590: UserWarning: Could not build fft interpolator, switching to dft which is slow.
Reason: Got False for eval_grid.can_fft2.
  warnings.warn(msg, err)
  [mem] RSS 4.51 GB  peak 4.51 GB
  [mem] RSS 6.72 GB  peak 6.72 GB
  [mem] RSS 6.87 GB  peak 6.87 GB
Timer: Precomputing transforms = 1.26 min
Timer: Objective build = 1.28 min
Building objective: summed coil current
Building objective: fixed shift
Building objective: fixed rotation
Timer: Objective build = 358 ms
Building objective: coil length
Precomputing transforms
Timer: Precomputing transforms = 195 ms
Building objective: coil curvature
Precomputing transforms
Timer: Precomputing transforms = 3.54 ms
Building objective: coil-coil distance penalty
Building objective: plasma-coil distance penalty
Timer: Objective build = 3.51 sec
Timer: LinearConstraintProjection build = 2.23 sec
Timer: LinearConstraintProjection build = 106 ms
Number of parameters: 191
Number of objectives: 1326
Number of equality constraints: 0
Number of inequality constraints: 933
Timer: Initializing the optimization = 1.39 min

Starting optimization
Using method: lsq-auglag
  [mem] RSS 4.26 GB  peak 6.90 GB
Solver options:
------------------------------------------------------------
Maximum Function Evaluations       : 2501
Maximum Allowed Total Δx Norm      : inf
Scaled Termination                 : True
Trust Region Method                : svd
Initial Trust Radius               : 8.350e-01
Maximum Trust Radius               : 5.000e-01
Minimum Trust Radius               : 2.220e-16
Trust Radius Increase Ratio        : 4.000e+00
Trust Radius Decrease Ratio        : 2.500e-01
Trust Radius Increase Threshold    : 7.500e-01
Trust Radius Decrease Threshold    : 5.000e-01
Alpha Omega                        : 1.000e+00
Beta Omega                         : 1.000e+00
Alpha Eta                          : 1.000e-01
Beta Eta                           : 9.000e-01
Omega                              : 1.000e-02
Eta                                : 1.000e-02
Tau                                : 1.000e+01
------------------------------------------------------------ 

   Iteration     Total nfev        Cost      Cost reduction    Step norm     Optimality    Constr viol.   Penalty param  max(|mltplr|)      gtolk     
       0              1          9.861e-02                                    2.042e-01      0.000e+00      1.000e+01      0.000e+00      1.000e-03   
second_order: compiling constraint Hessian for blocks CoilLength, CoilCurvature
       1              4          9.397e-02      4.638e-03      4.549e-02      5.290e-02      6.034e-04      1.000e+01      0.000e+00      1.000e-03   
       2              5          9.274e-02      1.240e-03      1.528e-02      4.690e-02      1.051e-03      1.000e+01      0.000e+00      1.000e-03   
       3              6          8.630e-02      6.438e-03      7.345e-02      3.937e-02      1.840e-03      1.000e+01      0.000e+00      1.000e-03   
  [mem] RSS 4.75 GB  peak 6.90 GB
       4              7          6.538e-02      2.092e-02      2.923e-01      4.479e-02      7.234e-03      1.000e+01      0.000e+00      1.000e-03   
       5              9          6.143e-02      3.945e-03      8.121e-02      2.248e-02      3.940e-03      1.000e+01      0.000e+00      1.000e-03   
       6             10          5.681e-02      4.625e-03      8.264e-02      2.138e-02      2.486e-03      1.000e+01      0.000e+00      1.000e-03   
       7             11          3.903e-02      1.778e-02      3.198e-01      3.598e-02      1.194e-02      1.000e+01      0.000e+00      1.000e-03   
       8             12          2.532e-02      1.370e-02      3.633e-01      3.165e-02      1.028e-02      1.000e+01      0.000e+00      1.000e-03   
       9             13          1.775e-02      7.574e-03      3.694e-01      2.462e-02      8.140e-03      1.000e+01      0.000e+00      1.000e-03   
      10             15          1.686e-02      8.912e-04      6.405e-02      3.943e-03      1.164e-03      1.000e+01      0.000e+00      1.000e-03   
      11             16          1.383e-02      3.032e-03      2.569e-01      1.378e-02      4.662e-03      1.000e+01      0.000e+00      1.000e-03   
      12             18          1.339e-02      4.422e-04      5.003e-02      2.194e-03      7.196e-04      1.000e+01      0.000e+00      1.000e-03   
      13             19          1.177e-02      1.615e-03      1.962e-01      7.406e-03      2.549e-03      1.000e+01      0.000e+00      1.000e-03   
      14             20          9.797e-03      1.973e-03      3.327e-01      1.309e-02      4.577e-03      1.000e+01      0.000e+00      1.000e-03   
  [mem] RSS 4.75 GB  peak 6.90 GB
      15             22          9.443e-03      3.549e-04      8.380e-02      1.586e-03      6.104e-04      1.000e+01      0.000e+00      1.000e-03   
      16             23          8.180e-03      1.263e-03      3.064e-01      1.682e-02      5.810e-03      1.000e+01      0.000e+00      1.000e-03   
      17             26          8.147e-03      3.298e-05      1.978e-02      1.299e-03      2.927e-04      1.000e+01      2.974e-03      1.299e-04   
      18             27          7.903e-03      2.433e-04      6.825e-02      1.461e-03      3.111e-04      1.000e+01      2.974e-03      1.299e-04   
      19             28          7.093e-03      8.100e-04      2.535e-01      1.455e-02      4.761e-03      1.000e+01      2.974e-03      1.299e-04   
      20             30          6.958e-03      1.351e-04      5.499e-02      1.330e-03      8.189e-05      1.000e+01      2.974e-03      1.299e-04   
      21             32          6.791e-03      1.670e-04      5.707e-02      1.649e-03      3.793e-04      1.000e+01      2.974e-03      1.299e-04   
      22             34          6.637e-03      1.541e-04      5.375e-02      1.282e-03      2.675e-04      1.000e+01      2.974e-03      1.299e-04   
second_order: compiling constraint Hessian for blocks CoilLength, CoilCurvature, CoilSetDistancePenalty
  [mem] RSS 4.96 GB  peak 6.90 GB
E0917 20:08:27.059656  533913 cuda_timer.cc:87] Delay kernel timed out: measured time has sub-optimal accuracy. There may be a missing warmup execution, please investigate in Nsight Systems.
      23             35          6.114e-03      5.233e-04      2.016e-01      1.522e-02      4.623e-03      1.000e+01      2.974e-03      1.299e-04   
      24             36          6.108e-03      5.480e-06      5.575e-02      1.981e-03      9.690e-04      1.000e+01      2.974e-03      1.299e-04   
  [it   25] bn 9.9203e-03  L 1.000  kappa 0.372  d_cc 1.017  d_pc 1.630  -> FAILS L
      25             38          5.975e-03      1.334e-04      5.151e-02      1.596e-03      4.639e-04      1.000e+01      2.974e-03      1.299e-04   
      26             39          5.609e-03      3.660e-04      1.817e-01      1.152e-02      3.777e-03      1.000e+01      2.974e-03      1.299e-04   
      27             40          5.543e-03      6.626e-05      4.254e-02      2.673e-03      3.022e-04      1.000e+01      2.974e-03      1.299e-04   
      28             42          5.453e-03      9.019e-05      4.734e-02      1.321e-03      2.730e-04      1.000e+01      2.974e-03      1.299e-04   
      29             43          5.156e-03      2.963e-04      1.669e-01      1.070e-02      3.613e-03      1.000e+01      2.974e-03      1.299e-04   
  [mem] RSS 5.06 GB  peak 6.90 GB
      30             45          5.108e-03      4.816e-05      4.056e-02      5.060e-04      1.824e-04      1.000e+01      2.974e-03      1.299e-04   
      31             47          5.043e-03      6.465e-05      4.349e-02      1.194e-03      2.606e-04      1.000e+01      2.974e-03      1.299e-04   
      32             49          4.986e-03      5.763e-05      4.079e-02      9.065e-04      1.776e-04      1.000e+01      2.974e-03      1.299e-04   
      33             51          4.932e-03      5.414e-05      3.986e-02      8.726e-04      1.823e-04      1.000e+01      2.974e-03      1.299e-04   
      34             53          4.882e-03      4.976e-05      3.922e-02      7.979e-04      1.813e-04      1.000e+01      2.974e-03      1.299e-04   
      35             55          4.836e-03      4.591e-05      3.845e-02      7.398e-04      1.826e-04      1.000e+01      2.974e-03      1.299e-04   
      36             57          4.794e-03      4.236e-05      3.787e-02      6.862e-04      1.902e-04      1.000e+01      2.974e-03      1.299e-04   
      37             59          4.754e-03      3.916e-05      3.718e-02      6.307e-04      1.905e-04      1.000e+01      2.974e-03      1.299e-04   
      38             61          4.721e-03      3.333e-05      3.382e-02      5.286e-04      1.945e-04      1.000e+01      2.974e-03      1.299e-04   
      39             63          4.699e-03      2.263e-05      2.408e-02      3.012e-04      1.988e-04      1.000e+01      2.974e-03      1.299e-04   
  [mem] RSS 5.06 GB  peak 6.90 GB
      40             65          4.676e-03      2.221e-05      2.423e-02      3.367e-04      2.061e-04      1.000e+01      2.974e-03      1.299e-04   
      41             66          4.598e-03      7.851e-05      9.133e-02      3.063e-03      8.471e-04      1.000e+01      2.974e-03      1.299e-04   
      42             68          4.576e-03      2.203e-05      3.447e-02      1.082e-03      2.310e-04      1.000e+01      2.974e-03      1.299e-04   
      43             71          4.571e-03      5.089e-06      9.462e-03      9.034e-04      2.300e-04      1.000e+01      2.974e-03      1.299e-04   
      44             72          4.564e-03      6.894e-06      1.073e-02      6.382e-04      2.327e-04      1.000e+01      2.327e-03      6.382e-05   
      45             74          4.557e-03      6.484e-06      9.583e-03      9.630e-05      1.487e-04      1.000e+01      2.327e-03      6.382e-05   
      46             75          4.531e-03      2.603e-05      3.839e-02      8.376e-04      2.151e-04      1.000e+01      2.327e-03      6.382e-05   
      47             77          4.509e-03      2.255e-05      3.346e-02      4.302e-04      1.323e-04      1.000e+01      2.327e-03      6.382e-05   
      48             79          4.486e-03      2.260e-05      3.526e-02      1.302e-03      1.867e-04      1.000e+01      2.327e-03      6.382e-05   
      49             81          4.473e-03      1.354e-05      2.406e-02      2.955e-04      1.375e-04      1.000e+01      2.327e-03      6.382e-05   
  [mem] RSS 5.06 GB  peak 6.90 GB
  [it   50] bn 8.6470e-03  L 1.000  kappa 0.520  d_cc 1.020  d_pc 1.439  -> FAILS L
      50             83          4.459e-03      1.397e-05      2.418e-02      1.135e-03      1.400e-04      1.000e+01      2.327e-03      6.382e-05   
      51             85          4.446e-03      1.292e-05      2.425e-02      2.666e-04      1.427e-04      1.000e+01      2.327e-03      6.382e-05   
      52             87          4.433e-03      1.299e-05      2.365e-02      5.944e-04      1.455e-04      1.000e+01      2.327e-03      6.382e-05   
      53             89          4.421e-03      1.222e-05      2.334e-02      2.149e-04      1.485e-04      1.000e+01      2.327e-03      6.382e-05   
      54             90          4.374e-03      4.612e-05      8.466e-02      2.810e-03      7.771e-04      1.000e+01      2.327e-03      6.382e-05   
      55             92          4.372e-03      2.892e-06      2.460e-02      8.593e-04      1.576e-04      1.000e+01      2.327e-03      6.382e-05   
      56             94          4.369e-03      2.354e-06      7.692e-03      2.694e-04      1.572e-04      1.000e+01      2.327e-03      6.382e-05   
      57             95          4.359e-03      1.050e-05      2.405e-02      2.734e-04      1.571e-04      1.000e+01      2.327e-03      6.382e-05   
      58             96          4.322e-03      3.643e-05      8.293e-02      2.061e-03      6.592e-04      1.000e+01      2.327e-03      6.382e-05   
      59             98          4.319e-03      3.666e-06      1.657e-02      6.821e-04      1.638e-04      1.000e+01      2.327e-03      6.382e-05   
      60             100         4.314e-03      4.893e-06      1.578e-02      6.651e-05      1.616e-04      1.000e+01      2.327e-03      6.382e-05   
  [mem] RSS 5.06 GB  peak 6.90 GB
      61             102         4.309e-03      4.708e-06      1.324e-02      7.542e-05      1.608e-04      1.000e+01      2.327e-03      6.382e-05   
      62             103         4.291e-03      1.788e-05      4.974e-02      9.049e-04      2.441e-04      1.000e+01      2.327e-03      6.382e-05   
second_order: compiling constraint Hessian for blocks CoilLength, CoilSetDistancePenalty
      63             105         4.282e-03      8.699e-06      3.020e-02      2.446e-04      1.624e-04      1.000e+01      2.327e-03      6.382e-05   
      64             107         4.273e-03      8.894e-06      2.963e-02      3.195e-04      1.600e-04      1.000e+01      2.327e-03      6.382e-05   
      65             109         4.270e-03      3.007e-06      1.186e-02      5.651e-04      1.602e-04      1.010e+01      2.327e-03      5.651e-05   
      66             110         4.259e-03      1.165e-05      4.121e-02      7.558e-04      1.503e-04      1.010e+01      2.327e-03      5.651e-05   
  [mem] RSS 5.14 GB  peak 6.90 GB
      67             112         4.257e-03      1.368e-06      1.183e-02      7.220e-05      6.091e-05      1.010e+01      2.327e-03      5.651e-05   
      68             113         4.249e-03      8.396e-06      3.110e-02      5.258e-04      8.672e-05      1.010e+01      2.327e-03      5.651e-05   
      69             115         4.248e-03      1.281e-06      7.825e-03      1.089e-04      5.331e-05      1.010e+01      7.658e-03      1.089e-05   
      70             116         4.242e-03      5.841e-06      2.450e-02      3.326e-04      5.789e-05      1.010e+01      7.658e-03      1.089e-05   
      71             118         4.241e-03      1.141e-06      6.343e-03      1.614e-05      2.959e-05      1.010e+01      7.658e-03      1.089e-05   
      72             120         4.239e-03      1.354e-06      6.041e-03      2.057e-04      2.919e-05      1.010e+01      7.658e-03      1.089e-05   
      73             121         4.235e-03      4.914e-06      2.834e-02      3.915e-04      4.637e-05      1.010e+01      7.658e-03      1.089e-05   
      74             125         4.234e-03      8.596e-08      1.200e-03      3.998e-05      2.830e-05      1.010e+01      7.658e-03      1.089e-05   
  [it   75] bn 8.4826e-03  L 1.000  kappa 0.655  d_cc 1.023  d_pc 1.388  -> FAILS L
      75             126         4.233e-03      1.002e-06      4.731e-03      4.564e-04      2.816e-05      1.010e+01      7.658e-03      1.089e-05   
      76             127         4.233e-03      9.142e-07      4.515e-03      4.191e-05      2.806e-05      1.010e+01      1.046e-02      4.191e-06   
  [mem] RSS 5.14 GB  peak 6.90 GB
      77             130         4.232e-03      1.676e-07      1.161e-03      7.435e-05      2.137e-05      1.010e+01      1.046e-02      4.191e-06   
      78             132         4.232e-03      2.394e-07      1.149e-03      7.200e-05      2.081e-05      1.010e+01      1.046e-02      4.191e-06   
      79             134         4.232e-03      2.416e-07      1.134e-03      5.871e-05      2.073e-05      1.010e+01      1.046e-02      4.191e-06   
      80             135         4.231e-03      9.590e-07      4.446e-03      5.932e-04      2.053e-05      1.010e+01      1.046e-02      4.191e-06   
      81             136         4.231e-03      1.992e-07      1.142e-03      6.550e-06      2.048e-05      1.010e+01      1.046e-02      4.191e-06   
      82             137         4.230e-03      9.137e-07      4.400e-03      1.975e-04      2.030e-05      1.010e+01      1.046e-02      4.191e-06   
      83             138         4.226e-03      3.334e-06      1.783e-02      2.871e-04      2.583e-05      1.010e+01      1.046e-02      4.191e-06   
      84             140         4.223e-03      3.250e-06      1.639e-02      1.338e-04      2.555e-05      1.010e+01      1.046e-02      4.191e-06   
      85             142         4.220e-03      3.127e-06      1.665e-02      3.702e-04      2.353e-05      1.010e+01      1.046e-02      4.191e-06   
      86             145         4.219e-03      6.583e-07      4.105e-03      7.959e-06      1.895e-05      1.010e+01      1.046e-02      4.191e-06   
      87             146         4.217e-03      2.933e-06      1.634e-02      1.651e-04      2.271e-05      1.010e+01      1.046e-02      4.191e-06   
  [mem] RSS 5.14 GB  peak 6.90 GB
      88             147         4.206e-03      1.042e-05      5.946e-02      1.798e-03      2.599e-04      1.010e+01      1.046e-02      4.191e-06   
      89             148         4.206e-03     -2.229e-07      2.267e-02      1.001e-03      6.737e-05      1.010e+01      1.046e-02      4.191e-06   
      90             150         4.206e-03      4.593e-07      5.339e-03      1.501e-04      1.804e-05      1.010e+01      1.046e-02      4.191e-06   
      91             151         4.204e-03      2.217e-06      1.628e-02      1.606e-04      2.766e-05      1.010e+01      1.046e-02      4.191e-06   
      92             153         4.202e-03      1.950e-06      1.536e-02      1.567e-04      1.923e-05      1.010e+01      1.046e-02      4.191e-06   
      93             155         4.200e-03      1.833e-06      1.464e-02      2.079e-04      1.953e-05      1.010e+01      1.046e-02      4.191e-06   
      94             157         4.199e-03      6.314e-07      6.101e-03      1.026e-05      1.731e-05      1.010e+01      1.046e-02      4.191e-06   
      95             158         4.196e-03      2.761e-06      2.244e-02      7.131e-04      5.033e-05      1.010e+01      1.046e-02      4.191e-06   
      96             159         4.196e-03      4.556e-07      6.502e-03      3.116e-05      1.707e-05      1.010e+01      1.046e-02      4.191e-06   
      97             161         4.195e-03      6.043e-07      5.857e-03      5.307e-05      1.702e-05      1.010e+01      1.046e-02      4.191e-06   
  [mem] RSS 5.14 GB  peak 6.90 GB
      98             163         4.195e-03      5.868e-07      5.754e-03      1.472e-04      1.697e-05      1.010e+01      1.046e-02      4.191e-06   
      99             164         4.193e-03      2.170e-06      2.294e-02      1.801e-04      3.862e-05      1.010e+01      1.046e-02      4.191e-06   
  [it  100] bn 8.4453e-03  L 1.000  kappa 0.776  d_cc 1.023  d_pc 1.376  -> FAILS L
      100            167         4.192e-03      3.288e-07      5.138e-03      1.983e-04      1.680e-05      1.010e+01      1.046e-02      4.191e-06   
      101            168         4.191e-03      1.669e-06      1.951e-02      1.984e-04      2.856e-05      1.010e+01      1.046e-02      4.191e-06   
      102            170         4.191e-03     -4.595e-09      1.242e-03      5.399e-06      1.673e-05      1.010e+01      1.046e-02      4.191e-06   
      103            171         4.190e-03      3.435e-07      4.299e-03      1.899e-04      1.677e-05      1.010e+01      1.046e-02      4.191e-06   
      104            172         4.189e-03      1.254e-06      1.630e-02      1.236e-04      2.291e-05      1.010e+01      1.046e-02      4.191e-06   
      105            175         4.189e-03      1.159e-07      2.513e-03      3.778e-05      1.676e-05      1.010e+01      1.046e-02      4.191e-06   
      106            176         4.188e-03      6.368e-07      8.878e-03      2.230e-04      1.685e-05      1.010e+01      1.046e-02      4.191e-06   
      107            178         4.188e-03      5.804e-07      9.646e-03      6.776e-05      1.686e-05      1.010e+01      1.046e-02      4.191e-06   
  [mem] RSS 5.14 GB  peak 6.90 GB
      108            180         4.187e-03      5.429e-07      9.293e-03      9.175e-05      1.688e-05      1.010e+01      1.046e-02      4.191e-06   
      109            183         4.187e-03      1.079e-07      2.197e-03      3.193e-05      1.685e-05      1.010e+01      1.046e-02      4.191e-06   
      110            184         4.187e-03      4.561e-07      7.678e-03      4.734e-05      1.694e-05      1.010e+01      1.046e-02      4.191e-06   
      111            187         4.187e-03      7.531e-08      1.619e-03      2.208e-05      1.691e-05      1.010e+01      1.046e-02      4.191e-06   
      112            188         4.186e-03      3.175e-07      5.667e-03      2.836e-05      1.698e-05      1.010e+01      1.046e-02      4.191e-06   
      113            191         4.186e-03      6.494e-08      1.362e-03      1.677e-05      1.695e-05      1.010e+01      1.046e-02      4.191e-06   
      114            192         4.186e-03      2.577e-07      4.789e-03      2.208e-05      1.700e-05      1.010e+01      1.046e-02      4.191e-06   
      115            195         4.186e-03      5.787e-08      1.224e-03      1.525e-05      1.698e-05      1.010e+01      1.046e-02      4.191e-06   
      116            196         4.186e-03      2.253e-07      4.294e-03      1.813e-05      1.703e-05      1.010e+01      1.046e-02      4.191e-06   
      117            198         4.185e-03      2.205e-07      4.335e-03      4.903e-05      1.704e-05      1.010e+01      1.046e-02      4.191e-06   
      118            200         4.185e-03      2.263e-07      4.494e-03      1.876e-04      1.704e-05      1.010e+01      1.046e-02      4.191e-06   
  [mem] RSS 5.14 GB  peak 6.90 GB
      119            201         4.185e-03      2.069e-07      4.899e-03      1.175e-05      1.705e-05      1.010e+01      1.046e-02      4.191e-06   
      120            202         4.184e-03      8.025e-07      1.645e-02      2.123e-04      1.858e-05      1.010e+01      1.046e-02      4.191e-06   
      121            204         4.184e-03      4.107e-07      1.245e-02      6.418e-05      1.692e-05      1.010e+01      1.046e-02      4.191e-06   
      122            207         4.184e-03      3.020e-08      1.573e-03      5.510e-05      1.691e-05      1.010e+01      1.046e-02      4.191e-06   
      123            209         4.184e-03      6.090e-08      1.540e-03      1.169e-04      1.694e-05      1.010e+01      1.046e-02      4.191e-06   
      124            210         4.184e-03      5.913e-08      1.483e-03      1.742e-04      1.695e-05      1.010e+01      1.046e-02      4.191e-06   
  [it  125] bn 8.4356e-03  L 1.000  kappa 0.835  d_cc 1.023  d_pc 1.368  -> FAILS L
      125            211         4.184e-03      1.400e-08      3.803e-04      2.559e-05      1.695e-05      1.010e+01      1.046e-02      4.191e-06   
      126            213         4.184e-03      1.482e-08      3.755e-04      2.952e-05      1.696e-05      1.010e+01      1.046e-02      4.191e-06   
      127            215         4.184e-03      1.487e-08      3.728e-04      4.217e-05      1.696e-05      1.010e+01      1.046e-02      4.191e-06   
      128            217         4.184e-03      1.484e-08      3.705e-04      5.554e-05      1.697e-05      1.010e+01      1.046e-02      4.191e-06   
  [mem] RSS 5.15 GB  peak 6.90 GB
      129            218         4.184e-03      1.451e-08      3.690e-04      5.671e-05      1.697e-05      1.010e+01      1.046e-02      4.191e-06   
      130            219         4.184e-03      1.396e-08      3.661e-04      2.881e-05      1.697e-05      1.010e+01      1.046e-02      4.191e-06   
      131            220         4.183e-03      5.587e-08      1.407e-03      1.828e-04      1.699e-05      1.010e+01      1.046e-02      4.191e-06   
      132            221         4.183e-03      1.202e-08      3.575e-04      3.303e-05      1.700e-05      1.010e+01      1.216e-02      3.303e-06   
      133            222         4.183e-03      6.351e-09      1.686e-03      1.334e-05      1.414e-05      1.010e+01      1.216e-02      3.303e-06   
      134            223         4.183e-03      2.125e-07      5.247e-03      1.173e-04      1.405e-05      1.010e+01      1.216e-02      3.303e-06   
      135            225         4.183e-03      2.052e-07      5.288e-03      1.204e-04      1.398e-05      1.010e+01      1.216e-02      3.303e-06   
      136            226         4.182e-03      7.681e-07      1.877e-02      3.092e-04      2.093e-05      1.010e+01      1.216e-02      3.303e-06   
      137            228         4.182e-03      2.791e-08      1.063e-02      3.681e-04      1.366e-05      1.010e+01      1.216e-02      3.303e-06   
      138            229         4.182e-03      4.018e-08      1.620e-03      4.893e-06      1.370e-05      1.010e+01      1.216e-02      3.303e-06   
      139            230         4.182e-03      1.793e-07      5.081e-03      1.209e-04      1.374e-05      1.010e+01      1.216e-02      3.303e-06   
  [mem] RSS 5.15 GB  peak 6.90 GB
      140            232         4.182e-03      1.783e-07      5.281e-03      9.223e-05      1.372e-05      1.010e+01      1.216e-02      3.303e-06   
      141            233         4.181e-03      6.389e-07      1.834e-02      2.415e-04      2.197e-05      1.010e+01      1.216e-02      3.303e-06   
      142            235         4.181e-03      5.295e-07      1.785e-02      1.657e-04      2.918e-05      1.010e+01      1.216e-02      3.303e-06   
      143            237         4.180e-03      4.904e-07      1.828e-02      2.082e-04      2.773e-05      1.010e+01      1.216e-02      3.303e-06   
      144            239         4.180e-03      4.152e-07      1.741e-02      1.323e-04      2.998e-05      1.010e+01      1.216e-02      3.303e-06   
      145            241         4.179e-03      3.950e-07      1.939e-02      1.939e-04      2.907e-05      1.010e+01      1.216e-02      3.303e-06   
      146            243         4.179e-03      3.067e-07      2.212e-02      1.304e-04      2.876e-05      1.010e+01      1.216e-02      3.303e-06   
      147            244         4.179e-03      2.375e-07      3.070e-02      3.014e-04      2.841e-05      1.010e+01      1.216e-02      3.303e-06   
      148            245         4.179e-03      1.105e-07      1.564e-02      2.178e-05      1.286e-05      1.010e+01      1.216e-02      3.303e-06   
      149            246         4.179e-03      9.845e-08      8.729e-03      1.035e-05      1.303e-05      1.010e+01      1.216e-02      3.303e-06   
  [mem] RSS 5.15 GB  peak 6.90 GB
  [it  150] bn 8.4307e-03  L 1.000  kappa 0.902  d_cc 1.023  d_pc 1.358  -> FAILS L
      150            247         4.178e-03      3.264e-07      1.592e-02      1.029e-04      2.297e-05      1.010e+01      1.216e-02      3.303e-06   
      151            249         4.178e-03      2.406e-07      1.927e-02      8.003e-05      2.537e-05      1.010e+01      1.216e-02      3.303e-06   
      152            251         4.178e-03      1.645e-07      2.465e-02      7.400e-05      2.277e-05      1.010e+01      1.216e-02      3.303e-06   
      153            252         4.178e-03      8.838e-08      1.261e-02      1.484e-05      1.284e-05      1.010e+01      1.216e-02      3.303e-06   
      154            253         4.178e-03      7.985e-08      6.752e-03      1.003e-05      1.284e-05      1.010e+01      1.216e-02      3.303e-06   
      155            254         4.177e-03      2.886e-07      1.641e-02      1.072e-04      2.399e-05      1.010e+01      1.216e-02      3.303e-06   
      156            256         4.177e-03      2.081e-07      1.789e-02      8.894e-05      2.574e-05      1.010e+01      1.216e-02      3.303e-06   
      157            258         4.177e-03      1.046e-07      2.601e-02      8.648e-05      2.145e-05      1.010e+01      1.216e-02      3.303e-06   
      158            259         4.177e-03      9.536e-08      1.310e-02      1.568e-05      1.281e-05      1.010e+01      1.216e-02      3.303e-06   
      159            260         4.177e-03      7.524e-08      7.969e-03      1.164e-05      1.291e-05      1.010e+01      1.216e-02      3.303e-06   
      160            261         4.177e-03      2.596e-07      1.674e-02      1.524e-04      2.383e-05      1.010e+01      1.216e-02      3.303e-06   
  [mem] RSS 5.15 GB  peak 6.90 GB
      161            263         4.177e-03      1.400e-07      2.110e-02      5.884e-05      2.414e-05      1.010e+01      1.216e-02      3.303e-06   
      162            264         4.176e-03      4.888e-08      3.009e-02      8.294e-05      2.013e-05      1.010e+01      1.216e-02      3.303e-06   
      163            265         4.176e-03      1.231e-07      1.498e-02      1.882e-05      1.288e-05      1.010e+01      1.216e-02      3.303e-06   
      164            266         4.176e-03      7.721e-08      7.417e-03      1.052e-05      1.280e-05      1.010e+01      1.216e-02      3.303e-06   
      165            267         4.176e-03      2.215e-07      1.680e-02      1.215e-04      2.191e-05      1.010e+01      1.216e-02      3.303e-06   
      166            268         4.176e-03      1.155e-07      2.180e-02      1.650e-04      2.235e-05      1.010e+01      1.216e-02      3.303e-06   
      167            269         4.176e-03      3.255e-08      1.111e-02      1.409e-05      1.289e-05      1.010e+01      1.216e-02      3.303e-06   
      168            270         4.176e-03      6.449e-08      9.164e-03      1.172e-05      1.294e-05      1.010e+01      1.216e-02      3.303e-06   
      169            271         4.176e-03      4.735e-08      6.275e-03      6.057e-06      1.287e-05      1.010e+01      1.216e-02      3.303e-06   
      170            272         4.176e-03      1.829e-07      1.270e-02      9.420e-05      1.673e-05      1.010e+01      1.216e-02      3.303e-06   
  [mem] RSS 5.15 GB  peak 6.90 GB
      171            274         4.175e-03      1.320e-07      1.371e-02      5.258e-05      1.770e-05      1.010e+01      1.216e-02      3.303e-06   
      172            276         4.175e-03      9.607e-08      1.907e-02      6.455e-05      1.575e-05      1.010e+01      1.216e-02      3.303e-06   
      173            277         4.175e-03      2.062e-08      2.748e-02      4.279e-05      1.562e-05      1.010e+01      1.216e-02      3.303e-06   
      174            278         4.175e-03      1.024e-07      1.187e-02      1.056e-05      1.316e-05      1.010e+01      1.216e-02      3.303e-06   
  [it  175] bn 8.4268e-03  L 1.000  kappa 0.932  d_cc 1.023  d_pc 1.351  -> FAILS L
      175            279         4.175e-03      4.558e-08      4.189e-03      5.920e-06      1.316e-05      1.010e+01      1.216e-02      3.303e-06   
      176            280         4.175e-03      1.675e-07      1.275e-02      1.344e-04      1.398e-05      1.010e+01      1.216e-02      3.303e-06   
      177            282         4.175e-03      1.145e-07      1.260e-02      5.069e-05      1.521e-05      1.010e+01      1.216e-02      3.303e-06   
      178            284         4.175e-03      9.596e-08      1.770e-02      9.327e-05      1.362e-05      1.010e+01      1.216e-02      3.303e-06   
      179            285         4.175e-03      7.189e-08      1.377e-02      5.040e-05      1.330e-05      1.010e+01      1.216e-02      3.303e-06   
      180            286         4.175e-03      9.426e-08      1.818e-02      1.043e-04      1.375e-05      1.010e+01      1.216e-02      3.303e-06   
      181            287         4.175e-03      1.972e-08      2.374e-02      5.259e-05      1.572e-05      1.010e+01      1.216e-02      3.303e-06   
  [mem] RSS 5.15 GB  peak 6.90 GB
      182            288         4.175e-03      6.773e-08      9.488e-03      1.303e-05      1.366e-05      1.010e+01      1.216e-02      3.303e-06   
      183            289         4.175e-03      4.502e-08      6.044e-03      9.222e-06      1.373e-05      1.010e+01      1.216e-02      3.303e-06   
      184            290         4.174e-03      1.426e-07      1.321e-02      1.601e-04      1.386e-05      1.010e+01      1.216e-02      3.303e-06   
      185            291         4.174e-03      6.618e-08      1.544e-02      5.077e-05      1.369e-05      1.010e+01      1.216e-02      3.303e-06   
      186            292         4.174e-03      3.554e-08      2.245e-02      6.985e-05      1.474e-05      1.010e+01      1.216e-02      3.303e-06   
      187            293         4.174e-03      5.500e-08      1.072e-02      1.325e-05      1.372e-05      1.010e+01      1.216e-02      3.303e-06   
      188            294         4.174e-03      4.518e-08      5.883e-03      7.923e-06      1.365e-05      1.010e+01      1.216e-02      3.303e-06   
      189            295         4.174e-03      1.321e-07      1.318e-02      1.286e-04      1.401e-05      1.010e+01      1.216e-02      3.303e-06   
      190            296         4.174e-03      6.671e-08      1.742e-02      7.151e-05      1.421e-05      1.010e+01      1.216e-02      3.303e-06   
      191            297         4.174e-03      1.633e-08      2.208e-02      5.776e-05      1.433e-05      1.010e+01      1.216e-02      3.303e-06   
      192            298         4.174e-03      6.904e-08      1.075e-02      1.390e-05      1.425e-05      1.010e+01      1.216e-02      3.303e-06   
  [mem] RSS 5.15 GB  peak 6.90 GB
      193            299         4.174e-03      4.365e-08      6.068e-03      9.013e-06      1.434e-05      1.010e+01      1.216e-02      3.303e-06   
      194            300         4.174e-03      1.260e-07      1.305e-02      1.603e-04      1.459e-05      1.010e+01      1.216e-02      3.303e-06   
      195            301         4.174e-03      5.863e-08      1.514e-02      4.839e-05      1.446e-05      1.010e+01      1.216e-02      3.303e-06   
      196            303         4.174e-03      3.588e-08      6.766e-03      1.354e-05      1.472e-05      1.010e+01      1.216e-02      3.303e-06   
      197            304         4.174e-03      2.966e-08      4.163e-03      8.050e-06      1.465e-05      1.010e+01      1.216e-02      3.303e-06   
      198            305         4.173e-03      1.394e-07      1.269e-02      1.815e-04      1.499e-05      1.010e+01      1.216e-02      3.303e-06   
      199            306         4.173e-03      7.135e-08      9.909e-03      8.393e-05      1.499e-05      1.010e+01      1.216e-02      3.303e-06   
  [it  200] bn 8.4258e-03  L 1.000  kappa 0.923  d_cc 1.023  d_pc 1.349  -> FAILS L
      200            308         4.173e-03      8.418e-08      1.389e-02      1.001e-04      1.548e-05      1.010e+01      1.216e-02      3.303e-06   
      201            309         4.173e-03      3.299e-08      1.724e-02      6.728e-05      1.525e-05      1.010e+01      1.216e-02      3.303e-06   
      202            310         4.173e-03      4.400e-08      9.153e-03      8.972e-06      1.551e-05      1.010e+01      1.216e-02      3.303e-06   
  [mem] RSS 5.15 GB  peak 6.90 GB
      203            311         4.173e-03      2.952e-08      4.670e-03      8.564e-06      1.540e-05      1.010e+01      1.216e-02      3.303e-06   
      204            312         4.173e-03      1.190e-07      1.175e-02      1.373e-04      1.574e-05      1.010e+01      1.216e-02      3.303e-06   
      205            313         4.173e-03      6.398e-08      1.271e-02      9.048e-05      1.565e-05      1.010e+01      1.216e-02      3.303e-06   
      206            314         4.173e-03      5.136e-08      1.834e-02      6.460e-05      1.637e-05      1.010e+01      1.216e-02      3.303e-06   
      207            315         4.173e-03      2.952e-08      8.827e-03      9.224e-06      1.572e-05      1.010e+01      1.216e-02      3.303e-06   
      208            316         4.173e-03      3.400e-08      4.894e-03      9.306e-06      1.572e-05      1.010e+01      1.216e-02      3.303e-06   
      209            317         4.173e-03      1.179e-07      1.108e-02      1.105e-04      1.626e-05      1.010e+01      1.216e-02      3.303e-06   
      210            318         4.173e-03      7.895e-08      1.372e-02      7.032e-05      1.651e-05      1.010e+01      1.216e-02      3.303e-06   
      211            320         4.173e-03      3.280e-08      1.681e-02      4.540e-05      1.637e-05      1.010e+01      1.216e-02      3.303e-06   
      212            321         4.173e-03      4.584e-08      8.060e-03      8.193e-06      1.656e-05      1.010e+01      1.216e-02      3.303e-06   
      213            322         4.173e-03      2.995e-08      3.948e-03      6.100e-06      1.657e-05      1.010e+01      1.216e-02      3.303e-06   
  [mem] RSS 5.15 GB  peak 6.90 GB
      214            323         4.172e-03      1.223e-07      1.089e-02      1.368e-04      1.692e-05      1.010e+01      1.216e-02      3.303e-06   
      215            325         4.172e-03      7.976e-08      1.068e-02      6.268e-05      1.694e-05      1.010e+01      1.216e-02      3.303e-06   
      216            327         4.172e-03      7.546e-08      1.488e-02      6.929e-05      1.763e-05      1.010e+01      1.216e-02      3.303e-06   
      217            329         4.172e-03      9.984e-09      7.319e-03      8.816e-06      1.725e-05      1.010e+01      1.216e-02      3.303e-06   
      218            330         4.172e-03      2.585e-08      5.271e-03      8.163e-06      1.684e-05      1.010e+01      1.216e-02      3.303e-06   
      219            331         4.172e-03      1.178e-07      1.127e-02      9.954e-05      1.737e-05      1.010e+01      1.216e-02      3.303e-06   
      220            333         4.172e-03      6.367e-09      6.110e-03      7.126e-06      1.682e-05      1.010e+01      1.216e-02      3.303e-06   
      221            335         4.172e-03      4.133e-08      4.536e-03      1.480e-05      1.678e-05      1.010e+01      1.216e-02      3.303e-06   
      222            337         4.172e-03      6.089e-08      4.205e-03      1.591e-05      1.701e-05      1.010e+01      1.216e-02      3.303e-06   
      223            338         4.172e-03      8.207e-08      8.513e-03      1.293e-04      1.258e-05      1.010e+01      1.216e-02      3.303e-06   
  [mem] RSS 5.15 GB  peak 6.90 GB
      224            340         4.172e-03      2.504e-08      5.820e-03      2.585e-04      1.135e-05      1.010e+01      1.216e-02      3.303e-06   
  [it  225] bn 8.4239e-03  L 1.000  kappa 0.921  d_cc 1.023  d_pc 1.349  -> FAILS L
      225            341         4.172e-03     -6.635e-10      1.299e-03      1.456e-05      1.082e-05      1.010e+01      1.324e-02      1.456e-06   
      226            342         4.172e-03      3.538e-08      4.901e-03      4.715e-05      8.713e-06      1.010e+01      1.324e-02      1.456e-06   
      227            344         4.172e-03      5.682e-08      4.501e-03      1.748e-05      8.586e-06      1.010e+01      1.324e-02      1.456e-06   
      228            345         4.172e-03      2.221e-07      1.619e-02      2.766e-04      1.917e-05      1.010e+01      1.324e-02      1.456e-06   
      229            347         4.172e-03     -2.152e-08      1.754e-03      2.628e-05      9.111e-06      1.010e+01      1.324e-02      1.456e-06   
      230            348         4.172e-03      5.579e-08      4.892e-03      1.881e-05      8.561e-06      1.010e+01      1.324e-02      1.456e-06   
      231            349         4.172e-03      9.370e-08      8.655e-03      1.110e-04      8.228e-06      1.010e+01      1.324e-02      1.456e-06   
      232            351         4.171e-03      1.156e-07      9.136e-03      7.717e-05      9.995e-06      1.010e+01      1.324e-02      1.456e-06   
      233            353         4.171e-03      9.952e-08      9.529e-03      8.246e-05      8.608e-06      1.010e+01      1.324e-02      1.456e-06   
  [mem] RSS 5.15 GB  peak 6.90 GB
      234            355         4.171e-03      1.086e-07      8.862e-03      6.191e-05      9.299e-06      1.010e+01      1.324e-02      1.456e-06   
      235            357         4.171e-03      9.967e-08      1.078e-02      7.397e-05      1.016e-05      1.010e+01      1.324e-02      1.456e-06   
      236            359         4.171e-03      9.280e-08      1.172e-02      6.564e-05      1.073e-05      1.010e+01      1.324e-02      1.456e-06   
      237            360         4.171e-03      6.326e-08      1.533e-02      5.184e-05      1.145e-05      1.010e+01      1.324e-02      1.456e-06   
      238            361         4.171e-03      3.386e-08      5.945e-03      4.493e-06      1.136e-05      1.010e+01      1.324e-02      1.456e-06   
      239            362         4.171e-03      2.258e-08      2.247e-03      2.713e-06      1.149e-05      1.010e+01      1.324e-02      1.456e-06   
      240            363         4.171e-03      9.357e-08      6.674e-03      5.099e-05      1.198e-05      1.010e+01      1.324e-02      1.456e-06   
      241            365         4.171e-03      8.421e-08      6.977e-03      5.127e-05      1.236e-05      1.010e+01      1.324e-02      1.456e-06   
      242            367         4.171e-03      8.233e-08      6.770e-03      4.863e-05      1.269e-05      1.010e+01      1.324e-02      1.456e-06   
      243            369         4.171e-03      1.030e-07      7.339e-03      4.584e-05      1.432e-05      1.010e+01      1.324e-02      1.456e-06   
      244            372         4.171e-03      1.556e-08      2.298e-03      7.965e-06      1.440e-05      1.010e+01      1.324e-02      1.456e-06   
  [mem] RSS 5.15 GB  peak 6.90 GB
      245            373         4.170e-03      1.874e-08      5.442e-03      4.104e-05      1.196e-05      1.010e+01      1.324e-02      1.456e-06   
      246            374         4.170e-03      5.085e-08      6.901e-03      4.115e-05      9.011e-06      1.010e+01      1.324e-02      1.456e-06   
      247            376         4.170e-03      6.830e-08      6.604e-03      4.751e-05      8.223e-06      1.010e+01      1.324e-02      1.456e-06   
      248            378         4.170e-03      7.553e-08      6.964e-03      3.503e-05      7.968e-06      1.010e+01      1.324e-02      1.456e-06   
      249            380         4.170e-03      7.055e-08      7.197e-03      4.470e-05      7.463e-06      1.010e+01      1.324e-02      1.456e-06   
  [it  250] bn 8.4220e-03  L 1.000  kappa 0.925  d_cc 1.024  d_pc 1.350  -> FAILS L
      250            381         4.170e-03      2.113e-07      2.365e-02      3.125e-04      2.079e-05      1.010e+01      1.324e-02      1.456e-06   
      251            382         4.170e-03      3.995e-08      1.286e-02      2.466e-05      7.564e-06      1.010e+01      1.324e-02      1.456e-06   
      252            384         4.170e-03      5.373e-08      1.082e-02      1.863e-05      7.525e-06      1.010e+01      1.324e-02      1.456e-06   
      253            385         4.170e-03      5.750e-08      1.091e-02      4.915e-05      7.368e-06      1.010e+01      1.324e-02      1.456e-06   
      254            386         4.170e-03      4.834e-08      1.315e-02      2.480e-05      7.384e-06      1.010e+01      1.324e-02      1.456e-06   
