Running as unit: run-r5acd60af5bfa4148be3e2b7a19ff84f4.scope; invocation ID: c52f53f42e6e4bbc803b596eabb1bab0
/home/jay/Documents/desc_dev/DESC/desc/__init__.py:94: FutureWarning: The pynvml package is deprecated. Please install nvidia-ml-py instead. If you did not install pynvml directly, please report this to the maintainers of the package that installed pynvml for you.
  from pynvml import (
DESC /home/jay/Documents/desc_dev/DESC/desc
DEVICE requested=gpu obtained=gpu (1x NVIDIA GeForce RTX 5070 Ti)
--field-term bn is blind to the current scale: holding the coil current SUM fixed
  [mem] RSS 0.76 GB  peak 0.76 GB
JOINT PLANE: every hinge snapped to z = 0.0 m and its z held there (largest move 0.00e+00 m)
eq work/ss_qh/joint/ss_z0_k4b/eq_k4.h5 (h5) NFP 4 sym True L,M,N 8,8,8 dim_x 1462; start work/ss_qh/joint/ss_z0_k4b/coils_k4.h5: 4 unique coils (PiecewisePlanarArcCoil), 32 total
SETTINGS {'eq': 'work/ss_qh/joint/ss_z0_k4b/eq_k4.h5', 'start': 'work/ss_qh/joint/ss_z0_k4b/coils_k4.h5', 'out': 'work/ss_qh/joint/stall/k5_pin', 'bounds': 'bounds/precise_qh_gil.json', 'a': None, 'device': None, 'length_mult': 1.0, 'fix_coils': False, 'fix_hinge_z': 0.0, 'horizontal_hinges': False, 'dry': False, 'field_term': 'bn', 'fix_current_sum': True, 'helicity': '1,4', 'qs_rho': '0.2,0.4,0.6,0.8,1.0', 'A_min': 7.5, 'A_max': 8.5, 'vol_band': 0.02, 'V0': 0.30352, 'bn_norm': 0.42526, 'qs_form': 'scale-invariant', 'iota_min': 1.19, 'kmin': 5, 'kmax': 5, 'maxiter': 100, 'ftol': 1e-12, 'xtol': 1e-12, 'gtol': 1e-08, 'max_tr': None, 'method': 'lsq-exact', 'hessian': None, 'finish_steps': None, 'init_tr': None, 'track_steps': True, 'perturb_order': 2, 'solve_tol': 1e-10, 'lambda_pin': 0.03, 'solve_options': None, 'tau_bn': 0.005, 'tau_qs': 0.01695, 'tau_qs_rel': 2.0, 'tau_A': 0.01, 'tau_V': 0.005, 'tau_iota': 0.01, 'tau_L': 0.01, 'tau_kappa': 0.01, 'tau_kms': 0.01, 'tau_dpc': 0.01, 'tau_dcc': 1e-06, 'dcc_backoff': 0.025, 'dpc_backoff': 0.02, 'no_arc_backoffs': False, 'eval_m': 25, 'eval_n': 25, 'plasma_m': 32, 'plasma_n': 32, 'coil_grid_n': 150, 'src_gl': 24, 'src_n': 400, 'bs_chunk': None, 'jac_chunk': None, 'dcc_k': 20000}
BOUNDS (judged, absolute) L 2.926  Ltot -  kappa 13.67  kms 18.69  convex -  planar -  dcc 0.05851  dpc 0.1097
ENFORCED L 2.926  Ltot -  kappa 13.6  kms 18.51  convex -  planar -  dcc 0.06088  dpc 0.1119
/home/jay/Documents/desc_dev/DESC/desc/utils.py:590: UserWarning: Unequal number of field periods for grid 1 and basis 4.
  warnings.warn(msg, err)
/home/jay/Documents/desc_dev/DESC/desc/utils.py:590: UserWarning: Unequal number of field periods for grid 1 and basis 4.
  warnings.warn(msg, err)
START physics  A 8.090  R0 0.9954  a 0.1230  iota [1.1808, 1.2040]  QS(Boozer, |B_nonsym|/<B>) rho 0.25 2.11e-03  rho 0.5 3.70e-03  rho 0.75 4.82e-03  rho 1 7.99e-03
START coils    bn 6.8204e-03 (max 2.374e-02)  L 1.001  kappa 0.999  kMS 0.969  d_cc 1.001  d_pc 1.053  linked 0  -> FAILS L
QS two-term rms at the start 0.01416 -> tau_qs 0.01695
B.n normalization frozen at the start: 0.42526; volume band around V0 = 0.30352
quadrature scales s (expected; compare the s(qw) column): bn 6.283  qs 41.41  iota 1  kappa 0.3622  dcc 9.06e+04
/home/jay/Documents/desc_dev/DESC/desc/utils.py:590: FutureWarning: constants is deprecated and will be removed in a future release. Users should not include constants in the arguments of their objective compute methods. Instead declare all the constants in the build method and use as self._constants.
  warnings.warn(msg, err)
/home/jay/Documents/desc_dev/DESC/desc/utils.py:590: FutureWarning: constants is deprecated and will be removed in a future release. Users should not include constants in the arguments of their objective compute methods. Instead declare all the constants in the build method and use as self._constants.
  warnings.warn(msg, err)
/home/jay/Documents/desc_dev/DESC/desc/utils.py:590: FutureWarning: constants is deprecated and will be removed in a future release. Users should not include constants in the arguments of their objective compute methods. Instead declare all the constants in the build method and use as self._constants.
  warnings.warn(msg, err)
/home/jay/Documents/desc_dev/DESC/desc/utils.py:590: FutureWarning: constants is deprecated and will be removed in a future release. Users should not include constants in the arguments of their objective compute methods. Instead declare all the constants in the build method and use as self._constants.
  warnings.warn(msg, err)
/home/jay/Documents/desc_dev/DESC/desc/utils.py:590: FutureWarning: constants is deprecated and will be removed in a future release. Users should not include constants in the arguments of their objective compute methods. Instead declare all the constants in the build method and use as self._constants.
  warnings.warn(msg, err)
/home/jay/Documents/desc_dev/DESC/desc/utils.py:590: FutureWarning: constants is deprecated and will be removed in a future release. Users should not include constants in the arguments of their objective compute methods. Instead declare all the constants in the build method and use as self._constants.
  warnings.warn(msg, err)

TERMS AT THE START
term                             dim_f    weight     norm    s(qw)  target/bounds           raw min    raw max       cost  err/tol  share
Vacuum B.n error                  1326      31.8   0.4253    6.283  = 0                   -0.009722   0.008396      1.241     1.58  76.3%
QS two-term (scale-invariant)     5445      1.42        -    41.41  = 0                     -0.1064     0.1064     0.3487    0.835  21.4%
aspect ratio                         1      12.5        -        1  [7.5, 8.5]                 8.09       8.09          0        0   0.0%
rotational transform                20        84        -        1  [1.19, inf]               1.181      1.204    0.02566    0.227   1.6%
volume                               1       659        -        1  [0.2974, 0.3096]         0.2974     0.2974  0.0001266   0.0159   0.0%
coil length                          4      34.2        -        2  [0, 2.926]                2.913      2.928   0.004168   0.0913   0.3%
coil curvature                    1204      20.3        -    5.013  [0, 13.6]                     0      13.61  2.247e-05   0.0067   0.0%
coil mean squared curvature          4       5.4        -        2  [0, 18.51]                8.936       18.2          0        0   0.0%
coil-coil distance penalty          72        11        -    8.485  [-inf, 0]                     0   0.005758   0.007718    0.124   0.5%
plasma-coil minimum distance         8       894        -    2.828  [0.1119, inf]            0.1158     0.1672          0        0   0.0%
total cost 0.5 sum f^2                                                                                                       1.628

===== step k=5: 120 boundary modes free, maxiter 100 =====
Building objective: Vacuum B.n error
Precomputing transforms
Timer: Precomputing transforms = 21.5 ms
Building objective: QS two-term (scale-invariant)
Precomputing transforms
Timer: Precomputing transforms = 46.2 ms
Building objective: aspect ratio
Precomputing transforms
Timer: Precomputing transforms = 20.8 ms
Building objective: rotational transform
Precomputing transforms
Timer: Precomputing transforms = 21.5 ms
Building objective: volume
Precomputing transforms
Timer: Precomputing transforms = 21.9 ms
Building objective: coil length
Precomputing transforms
Timer: Precomputing transforms = 88.8 us
Building objective: coil curvature
Precomputing transforms
Timer: Precomputing transforms = 73.9 us
Building objective: coil mean squared curvature
Precomputing transforms
Timer: Precomputing transforms = 73.5 us
Building objective: coil-coil distance penalty
Building objective: plasma-coil minimum distance
ObjectiveFunction deriv_mode : blocked
Vacuum B.n error jac_chunk_size: None
QS two-term (scale-invariant) jac_chunk_size: None
aspect ratio jac_chunk_size: None
rotational transform jac_chunk_size: None
volume jac_chunk_size: None
coil length jac_chunk_size: None
coil curvature jac_chunk_size: None
coil mean squared curvature jac_chunk_size: None
coil-coil distance penalty jac_chunk_size: None
plasma-coil minimum distance jac_chunk_size: None
Timer: Objective build = 274 ms
Building objective: force
Precomputing transforms
Timer: Precomputing transforms = 812 ms
Building objective: lambda pin
ObjectiveFunction deriv_mode : batched
ObjectiveFunction jac_chunk_size: 8304
Timer: Objective build = 877 ms
ObjectiveFunction deriv_mode : blocked
lcfs R jac_chunk_size: None
lcfs Z jac_chunk_size: None
fixed Psi jac_chunk_size: None
fixed pressure jac_chunk_size: None
fixed current jac_chunk_size: None
fixed sheet current jac_chunk_size: None
self_consistency R jac_chunk_size: None
self_consistency Z jac_chunk_size: None
lambda gauge jac_chunk_size: None
axis R self consistency jac_chunk_size: None
axis Z self consistency jac_chunk_size: None
Timer: Objective build = 1.11 ms
Timer: Eq Update LinearConstraintProjection build = 3.06 sec
Timer: Proximal projection build = 15.5 sec
Building objective: lcfs R
Building objective: fixed Psi
Building objective: fixed pressure
Building objective: fixed current
Building objective: fixed sheet current
Building objective: lcfs Z
Building objective: summed coil current
Building objective: hinge joint plane
Building objective: fixed shift
Building objective: fixed rotation
Building objective: fixed arc reference
ObjectiveFunction deriv_mode : blocked
lcfs R jac_chunk_size: None
fixed Psi jac_chunk_size: None
fixed pressure jac_chunk_size: None
fixed current jac_chunk_size: None
fixed sheet current jac_chunk_size: None
lcfs Z jac_chunk_size: None
summed coil current jac_chunk_size: None
hinge joint plane jac_chunk_size: None
fixed shift jac_chunk_size: None
fixed rotation jac_chunk_size: None
fixed arc reference jac_chunk_size: None
Timer: Objective build = 1.54 sec
Timer: LinearConstraintProjection build = 3.51 sec
Number of parameters: 187
Number of objectives: 8085
Timer: Initializing the optimization = 20.7 sec

Starting optimization
Using method: proximal-lsq-exact
Solver options:
------------------------------------------------------------
Maximum Function Evaluations       : 501
Maximum Allowed Total Δx Norm      : inf
Scaled Termination                 : True
Trust Region Method                : qr
Initial Trust Radius               : 1.252e+02
Maximum Trust Radius               : inf
Minimum Trust Radius               : 2.220e-16
Trust Radius Increase Ratio        : 2.000e+00
Trust Radius Decrease Ratio        : 2.500e-01
Trust Radius Increase Threshold    : 7.500e-01
Trust Radius Decrease Threshold    : 2.500e-01
------------------------------------------------------------ 

   Iteration     Total nfev        Cost      Cost reduction    Step norm     Optimality   
       0              1          1.628e+00                                    2.505e-01   
  [mem] RSS 4.52 GB  peak 4.52 GB
       1             10          1.627e+00      7.691e-04      3.620e-04      2.486e-01   
       2             11          1.626e+00      1.176e-03      7.349e-04      6.953e-02   
       3             12          1.624e+00      1.810e-03      1.520e-04      6.139e-02   
       4             13          1.621e+00      2.866e-03      3.427e-04      4.985e-02   
       5             14          1.617e+00      3.837e-03      7.183e-04      3.626e-02   
       6             15          1.612e+00      5.090e-03      6.743e-04      2.571e-02   
       7             16          1.605e+00      7.326e-03      1.299e-03      1.808e-02   
       8             17          1.599e+00      5.783e-03      7.994e-03      1.341e-01   
       9             19          1.593e+00      5.830e-03      4.660e-03      2.599e-02   
      10             20          1.591e+00      2.586e-03      2.856e-03      1.348e-02   
      11             21          1.586e+00      4.635e-03      2.239e-03      2.027e-02   
      12             22          1.583e+00      2.666e-03      8.662e-03      1.274e-01   
      13             23          1.578e+00      5.700e-03      3.913e-03      3.993e-02   
      14             24          1.575e+00      3.034e-03      6.006e-03      3.792e-02   
      15             25          1.571e+00      3.387e-03      5.646e-03      3.807e-02   
      16             26          1.568e+00      2.855e-03      5.754e-03      4.648e-02   
      17             27          1.565e+00      3.241e-03      5.685e-03      3.573e-02   
      18             28          1.562e+00      2.808e-03      5.616e-03      4.740e-02   
      19             29          1.559e+00      3.024e-03      5.659e-03      3.562e-02   
      20             30          1.557e+00      2.563e-03      5.718e-03      4.962e-02   
      21             31          1.554e+00      2.814e-03      5.714e-03      3.597e-02   
      22             32          1.552e+00      2.327e-03      5.599e-03      4.647e-02   
      23             33          1.549e+00      2.702e-03      5.508e-03      3.435e-02   
      24             34          1.547e+00      2.007e-03      5.381e-03      4.206e-02   
      25             35          1.544e+00      3.148e-03      5.386e-03      3.434e-02   
      26             36          1.541e+00      2.289e-03      5.679e-03      4.653e-02   
      27             37          1.539e+00      2.675e-03      5.827e-03      3.849e-02   
      28             38          1.537e+00      2.044e-03      5.915e-03      4.863e-02   
      29             39          1.534e+00      2.259e-03      5.962e-03      4.010e-02   
  [mem] RSS 4.53 GB  peak 4.53 GB
      30             40          1.533e+00      1.826e-03      5.752e-03      4.324e-02   
      31             41          1.530e+00      2.805e-03      5.747e-03      3.955e-02   
      32             42          1.528e+00      2.002e-03      6.030e-03      4.645e-02   
      33             43          1.525e+00      2.480e-03      6.145e-03      4.356e-02   
      34             44          1.523e+00      1.835e-03      6.240e-03      4.714e-02   
      35             45          1.521e+00      2.075e-03      6.289e-03      4.547e-02   
      36             46          1.520e+00      1.742e-03      6.085e-03      4.124e-02   
      37             47          1.517e+00      2.489e-03      6.090e-03      4.508e-02   
      38             48          1.515e+00      1.843e-03      6.332e-03      4.235e-02   
      39             49          1.513e+00      2.330e-03      6.429e-03      4.889e-02   
      40             50          1.511e+00      1.705e-03      6.553e-03      4.240e-02   
      41             51          1.509e+00      1.922e-03      6.618e-03      5.138e-02   
      42             52          1.508e+00      1.728e-03      6.444e-03      4.028e-02   
      43             53          1.505e+00      2.151e-03      6.448e-03      5.097e-02   
      44             54          1.504e+00      1.757e-03      6.609e-03      4.330e-02   
      45             55          1.502e+00      2.193e-03      6.691e-03      5.421e-02   
      46             56          1.500e+00      1.606e-03      6.858e-03      4.663e-02   
      47             57          1.498e+00      1.842e-03      1.776e-03      2.026e-02   
      48             58          1.497e+00      1.546e-03      2.560e-03      9.729e-03   
      49             59          1.495e+00      1.534e-03      1.339e-03      9.086e-03   
      50             60          1.492e+00      2.953e-03      1.973e-03      1.374e-02   
      51             61          1.490e+00      1.856e-03      7.478e-03      8.358e-02   
      52             62          1.486e+00      3.981e-03      4.016e-03      1.954e-02   
      53             63          1.485e+00      1.538e-03      2.741e-03      1.018e-02   
      54             64          1.483e+00      1.497e-03      1.343e-03      8.599e-03   
      55             65          1.480e+00      2.839e-03      2.115e-03      1.516e-02   
      56             66          1.480e+00      6.525e-04      8.141e-03      9.652e-02   
      57             67          1.475e+00      4.651e-03      4.069e-03      2.578e-02   
      58             68          1.474e+00      1.300e-03      6.121e-03      5.489e-02   
      59             69          1.473e+00      1.162e-03      7.186e-03      4.853e-02   
      60             70          1.471e+00      1.872e-03      1.816e-03      2.072e-02   
      61             71          1.469e+00      1.423e-03      2.718e-03      1.142e-02   
      62             72          1.468e+00      1.415e-03      1.566e-03      8.285e-03   
      63             73          1.465e+00      2.614e-03      2.488e-03      1.924e-02   
      64             75          1.464e+00      1.324e-03      2.544e-03      9.747e-03   
  [mem] RSS 4.53 GB  peak 4.53 GB
      65             76          1.463e+00      1.374e-03      1.653e-03      8.285e-03   
      66             77          1.460e+00      2.509e-03      2.660e-03      1.894e-02   
      67             79          1.459e+00      1.306e-03      2.685e-03      1.192e-02   
      68             80          1.457e+00      1.348e-03      1.702e-03      8.036e-03   
      69             81          1.455e+00      2.415e-03      2.793e-03      2.178e-02   
      70             82          1.454e+00      1.110e-03      5.498e-03      4.144e-02   
      71             83          1.453e+00      7.852e-04      7.236e-03      6.299e-02   
      72             84          1.451e+00      2.014e-03      1.834e-03      2.196e-02   
      73             85          1.450e+00      1.296e-03      2.845e-03      1.042e-02   
      74             86          1.448e+00      1.302e-03      1.788e-03      9.277e-03   
      75             87          1.446e+00      2.238e-03      3.056e-03      2.189e-02   
      76             88          1.445e+00      7.884e-04      5.878e-03      5.521e-02   
      77             89          1.444e+00      1.590e-03      1.880e-03      2.025e-02   
      78             90          1.443e+00      1.224e-03      2.868e-03      1.054e-02   
      79             91          1.441e+00      1.257e-03      1.855e-03      9.849e-03   
      80             92          1.439e+00      2.094e-03      3.247e-03      2.375e-02   
      81             93          1.439e+00      5.400e-04      6.176e-03      5.901e-02   
      82             94          1.437e+00      1.695e-03      1.901e-03      2.191e-02   
      83             95          1.436e+00      1.200e-03      3.007e-03      1.074e-02   
      84             96          1.435e+00      1.220e-03      1.911e-03      1.039e-02   
      85             97          1.433e+00      1.951e-03      3.434e-03      2.561e-02   
      86             98          1.432e+00      3.404e-04      6.430e-03      6.226e-02   
      87             99          1.431e+00      1.784e-03      1.916e-03      2.329e-02   
      88             100         1.429e+00      1.178e-03      3.113e-03      1.093e-02   
      89             101         1.428e+00      1.186e-03      1.964e-03      1.092e-02   
      90             102         1.427e+00      1.171e-03      1.861e-03      9.158e-03   
      91             103         1.425e+00      1.887e-03      3.419e-03      2.914e-02   
      92             104         1.425e+00      2.081e-04      6.539e-03      5.022e-02   
      93             105         1.423e+00      1.754e-03      1.936e-03      2.210e-02   
      94             106         1.422e+00      1.165e-03      3.185e-03      1.413e-02   
  [mem] RSS 4.53 GB  peak 4.53 GB
      95             107         1.421e+00      1.147e-03      2.050e-03      1.009e-02   
      96             108         1.420e+00      1.120e-03      1.976e-03      1.088e-02   
      97             109         1.419e+00      1.120e-03      1.926e-03      9.392e-03   
      98             110         1.417e+00      1.115e-03      1.901e-03      1.047e-02   
      99             111         1.416e+00      1.110e-03      1.900e-03      9.267e-03   
      100            112         1.415e+00      1.101e-03      1.905e-03      1.049e-02   
Warning: Maximum number of iterations has been exceeded.
         Current function value: 1.415e+00
         Total delta_x: 5.983e-02
         Iterations: 100
         Function evaluations: 112
         Jacobian evaluations: 101
Timer: Solution time = 7.16 min
Timer: Avg time per step = 4.25 sec
==============================================================================================================
                                                                 Start  -->   End
Total (sum of squares):                                      1.628e+00  -->   1.415e+00, 
Maximum absolute Boundary normal field error:                9.722e-03  -->   8.700e-03 (T*m^2, T^2*m^2)
Minimum absolute Boundary normal field error:                8.326e-06  -->   2.421e-06 (T*m^2, T^2*m^2)
Average absolute Boundary normal field error:                2.688e-03  -->   2.451e-03 (T*m^2, T^2*m^2)
Maximum absolute Boundary normal field error:                2.286e-02  -->   2.046e-02 (normalized)
Minimum absolute Boundary normal field error:                1.958e-05  -->   5.694e-06 (normalized)
Average absolute Boundary normal field error:                6.320e-03  -->   5.764e-03 (normalized)
Maximum absolute Quasi-symmetry (1,4) two-term error:        1.064e-01  -->   1.132e-01 (dimensionless)
Minimum absolute Quasi-symmetry (1,4) two-term error:        6.169e-16  -->   5.916e-16 (dimensionless)
Average absolute Quasi-symmetry (1,4) two-term error:        1.130e-02  -->   1.076e-02 (dimensionless)
Aspect ratio:                                                8.090e+00  -->   8.092e+00 (dimensionless)
Maximum Rotational transform:                                1.204e+00  -->   1.195e+00 (dimensionless)
Minimum Rotational transform:                                1.181e+00  -->   1.185e+00 (dimensionless)
Average Rotational transform:                                1.195e+00  -->   1.191e+00 (dimensionless)
Plasma volume:                                               2.974e-01  -->   2.974e-01 (m^3)
Maximum Coil length:                                         2.928e+00  -->   2.928e+00 (m)
Minimum Coil length:                                         2.913e+00  -->   2.914e+00 (m)
Average Coil length:                                         2.923e+00  -->   2.923e+00 (m)
Maximum Coil curvature:                                      1.361e+01  -->   1.361e+01 (m^-1)
Minimum Coil curvature:                                      0.000e+00  -->   0.000e+00 (m^-1)
Average Coil curvature:                                      3.177e+00  -->   3.229e+00 (m^-1)
Maximum Coil mean squared curvature:                         1.820e+01  -->   1.811e+01 (m^-2)
Minimum Coil mean squared curvature:                         8.936e+00  -->   9.148e+00 (m^-2)
Average Coil mean squared curvature:                         1.372e+01  -->   1.405e+01 (m^-2)
Maximum Coil-coil distance penalty:                          5.758e-03  -->   5.248e-03 (dimensionless)
Minimum Coil-coil distance penalty:                          0.000e+00  -->   0.000e+00 (dimensionless)
Average Coil-coil distance penalty:                          3.679e-04  -->   3.242e-04 (dimensionless)
Maximum Minimum plasma-coil distance:                        1.672e-01  -->   1.673e-01 (m)
Minimum Minimum plasma-coil distance:                        1.158e-01  -->   1.179e-01 (m)
Average Minimum plasma-coil distance:                        1.392e-01  -->   1.411e-01 (m)
Maximum absolute Force error:                                9.712e+01  -->   2.520e+02 (N)
Minimum absolute Force error:                                3.205e-04  -->   5.010e-04 (N)
Average absolute Force error:                                3.169e+00  -->   8.908e+00 (N)
Maximum absolute Force error:                                2.032e-04  -->   5.274e-04 (normalized)
Minimum absolute Force error:                                6.706e-10  -->   1.048e-09 (normalized)
Average absolute Force error:                                6.631e-06  -->   1.864e-05 (normalized)
Maximum absolute lambda condensation:                        0.000e+00  -->   1.719e-02 (rad)
Minimum absolute lambda condensation:                        0.000e+00  -->   2.803e-08 (rad)
Average absolute lambda condensation:                        0.000e+00  -->   6.403e-04 (rad)
R boundary error:                                            1.699e-21  -->   0.000e+00 (m)
Fixed Psi error:                                             0.000e+00  -->   0.000e+00 (Wb)
Fixed pressure profile error:                                0.000e+00  -->   0.000e+00 (Pa)
Fixed current profile error:                                 0.000e+00  -->   0.000e+00 (A)
Fixed sheet current error:                                   0.000e+00  -->   0.000e+00 (~)
Z boundary error:                                            1.198e-21  -->   0.000e+00 (m)
Summed coil current error:                                   0.000e+00  -->   1.164e-10 (A)
Fixed parameters error:                                      0.000e+00  -->   0.000e+00 (~)
==============================================================================================================

/home/jay/Documents/desc_dev/DESC/desc/utils.py:590: UserWarning: Unequal number of field periods for grid 1 and basis 4.
  warnings.warn(msg, err)
/home/jay/Documents/desc_dev/DESC/desc/utils.py:590: UserWarning: Unequal number of field periods for grid 1 and basis 4.
  warnings.warn(msg, err)
/home/jay/Documents/desc_dev/DESC/desc/utils.py:590: FutureWarning: constants is deprecated and will be removed in a future release. Users should not include constants in the arguments of their objective compute methods. Instead declare all the constants in the build method and use as self._constants.
  warnings.warn(msg, err)
/home/jay/Documents/desc_dev/DESC/desc/utils.py:590: FutureWarning: constants is deprecated and will be removed in a future release. Users should not include constants in the arguments of their objective compute methods. Instead declare all the constants in the build method and use as self._constants.
  warnings.warn(msg, err)
/home/jay/Documents/desc_dev/DESC/desc/utils.py:590: FutureWarning: constants is deprecated and will be removed in a future release. Users should not include constants in the arguments of their objective compute methods. Instead declare all the constants in the build method and use as self._constants.
  warnings.warn(msg, err)
/home/jay/Documents/desc_dev/DESC/desc/utils.py:590: FutureWarning: constants is deprecated and will be removed in a future release. Users should not include constants in the arguments of their objective compute methods. Instead declare all the constants in the build method and use as self._constants.
  warnings.warn(msg, err)
/home/jay/Documents/desc_dev/DESC/desc/utils.py:590: FutureWarning: constants is deprecated and will be removed in a future release. Users should not include constants in the arguments of their objective compute methods. Instead declare all the constants in the build method and use as self._constants.
  warnings.warn(msg, err)
/home/jay/Documents/desc_dev/DESC/desc/utils.py:590: FutureWarning: constants is deprecated and will be removed in a future release. Users should not include constants in the arguments of their objective compute methods. Instead declare all the constants in the build method and use as self._constants.
  warnings.warn(msg, err)

TERMS AFTER k=5
term                             dim_f    weight     norm    s(qw)  target/bounds           raw min    raw max       cost  err/tol  share
Vacuum B.n error                  1326      31.8   0.4253    6.283  = 0                     -0.0087   0.008012      1.061     1.46  75.0%
QS two-term (scale-invariant)     5445      1.42        -    41.41  = 0                     -0.1132     0.1132     0.3291    0.811  23.3%
aspect ratio                         1      12.5        -        1  [7.5, 8.5]                8.092      8.092          0        0   0.0%
rotational transform                20        84        -        1  [1.19, inf]               1.185      1.195    0.01523    0.175   1.1%
volume                               1       659        -        1  [0.2974, 0.3096]         0.2974     0.2974  0.0001213   0.0156   0.0%
coil length                          4      34.2        -        2  [0, 2.926]                2.914      2.928   0.003657   0.0855   0.3%
coil curvature                    1204      20.3        -    5.013  [0, 13.6]                     0      13.61   1.41e-05  0.00531   0.0%
coil mean squared curvature          4       5.4        -        2  [0, 18.51]                9.148      18.11          0        0   0.0%
coil-coil distance penalty          72        11        -    8.485  [-inf, 0]                     0   0.005248   0.005958    0.109   0.4%
plasma-coil minimum distance         8       894        -    2.828  [0.1119, inf]            0.1179     0.1673          0        0   0.0%
total cost 0.5 sum f^2                                                                                                       1.415
k=5 physics  A 8.092  R0 0.9956  a 0.1230  iota [1.1850, 1.1952]  QS(Boozer, |B_nonsym|/<B>) rho 0.25 1.75e-03  rho 0.5 3.17e-03  rho 0.75 4.57e-03  rho 1 8.07e-03
k=5 coils    bn 6.3176e-03 (max 2.293e-02)  L 1.001  kappa 0.999  kMS 0.964  d_cc 1.003  d_pc 1.074  linked 0  -> FAILS L
k=5 solver   Maximum number of iterations has been exceeded.  nit 100  wall 7.5 min
k=5 joint    max |hinge z - 0.0| 0.0e+00 m

wrote work/ss_qh/joint/stall/k5_pin: eq_k*.h5, coils_k*.h5, result.json
