E0929 14:05:03.562370 1680399 cuda_executor.cc:1743] Could not get kernel mode driver version: ( INVALID_ARGUMENT: Version does not match the format X.Y.Z )
E0929 14:05:03.575458 1680312 cuda_executor.cc:1743] Could not get kernel mode driver version: ( INVALID_ARGUMENT: Version does not match the format X.Y.Z )
DEVICE requested=gpu obtained=gpu (1x NVIDIA GeForce RTX 5070 Laptop GPU)
  [mem] RSS 0.83 GB  peak 0.83 GB
/home/singh/Documents/DESC2/coil_sandbox/vendor/desc/utils.py:590: UserWarning: Unequal number of field periods for grid 1 and basis 4.
  warnings.warn(msg, err)
/home/singh/Documents/DESC2/coil_sandbox/vendor/desc/utils.py:590: UserWarning: Unequal number of field periods for grid 1 and basis 4.
  warnings.warn(msg, err)
eq precise_QH (desc.examples) NFP 4 sym True; start work/ss_qh/start_arcB2_M5.h5: 4 unique coils, arc=True, expect 32 coils; source grid gl (48 nodes/coil), length grid gl (48), constraint grid 301, curvature grid 301; mode stage2; VACUUM (plasma field ignored)
SETTINGS {'eq': 'precise_QH', 'start': 'work/ss_qh/start_arcB2_M5.h5', 'out': 'work/ss_qh/arcB2/stage2', 'mode': 'stage2', 'length_mult': 1.0, 'margin': 0.0, 'fix_hinges': False, 'anchor_weight': 0.001, 'margin_skip': '', 'a': None, 'bounds': 'bounds/precise_qh_gil.json', 'device': None, 'vacuum': True, 'maxiter': 400, 'check_every': 50, 'ckpt_every': 50, 'diag_log': None, 'dcc_backoff': 0.025, 'dpc_backoff': 0.02, 'no_arc_backoffs': False, 'convex_form': 'signed', 'convex_kmin': 0.0, 'convex_backoff': 0.5, 'demount_margin': None, 'demount_backoff': 0.02, 'demount_arcs': False, 'demount_delta': 0.5, 'demount_eps': 0.25, 'level_hinges': False, 'fix_hinge_z': None, 'corner_max': None, 'planarity': 'auto', 'planarity_tol': 0.0, 'speed_floor': 0.0, 'arclength_weight': 0.0, 'torsion_weight': 0.0, 'coil_grid_n': 150, 'kappa_grid_n': None, 'eval_m': 25, 'eval_n': 25, 'plasma_m': 64, 'plasma_n': 64, 'src_gl': 24, 'src_n': 400, 'vc_m': None, 'vc_n': None, 'vc_chunk': 64, 'dcc_k': 20000, 'dpc_k': 20000, 'no_signed': False, 'dcc_neighbors': None, 'dcc_chunk': 4, 'dpc_chunk': 1, 'qf_chunk': 25, 'coil_jac_chunk': None, 'no_second_order': False, 'so_chunk': 16, 'so_rtol': 0.05, 'max_tr': 0.5, 'max_inner_iter': 100, 'ctol': 0.0001}
BOUNDS (judged, absolute, a=0.12433) L 2.926  Ltot -  kappa 13.67  kms 18.69  convex -  planar -  dcc 0.05851  dpc 0.1097
ENFORCED L 2.926  Ltot -  kappa 13.6  kms 18.51  convex -  planar -  dcc 0.06088  dpc 0.1119
START  bn 1.1166e-01  L 0.740  kappa 0.503  kMS 0.393  d_cc 1.598  d_pc 1.273  linked 0  coils 32  -> FEASIBLE
Building objective: Quadratic flux
Precomputing transforms
Timer: Precomputing transforms = 1.69 sec
ObjectiveFunction deriv_mode : blocked
Quadratic flux jac_chunk_size: 25
Timer: Objective build = 2.22 sec
Building objective: summed coil current
Building objective: fixed shift
Building objective: fixed rotation
Building objective: fixed arc reference
ObjectiveFunction deriv_mode : blocked
summed coil current jac_chunk_size: None
fixed shift jac_chunk_size: None
fixed rotation jac_chunk_size: None
fixed arc reference jac_chunk_size: None
Timer: Objective build = 489 ms
Building objective: coil length
Precomputing transforms
Timer: Precomputing transforms = 119 us
Building objective: coil curvature
Precomputing transforms
Timer: Precomputing transforms = 68.9 us
Building objective: coil mean squared curvature
Precomputing transforms
Timer: Precomputing transforms = 67.4 us
Building objective: coil-coil distance penalty
Building objective: plasma-coil distance penalty
  [mem] RSS 3.05 GB  peak 3.05 GB
ObjectiveFunction deriv_mode : blocked
coil length jac_chunk_size: None
coil curvature jac_chunk_size: None
coil mean squared curvature jac_chunk_size: None
coil-coil distance penalty jac_chunk_size: 4
plasma-coil distance penalty jac_chunk_size: 1
Timer: Objective build = 4.65 sec
Timer: LinearConstraintProjection build = 2.41 sec
Timer: LinearConstraintProjection build = 289 ms
Number of parameters: 75
Number of objectives: 1326
Number of equality constraints: 0
Number of inequality constraints: 1338
Timer: Initializing the optimization = 10.8 sec

Starting optimization
Using method: lsq-auglag
E0929 14:05:42.948051 1680419 cuda_timer.cc:87] Delay kernel timed out: measured time has sub-optimal accuracy. There may be a missing warmup execution, please investigate in Nsight Systems.
E0929 14:05:55.757700 1680418 cuda_timer.cc:87] Delay kernel timed out: measured time has sub-optimal accuracy. There may be a missing warmup execution, please investigate in Nsight Systems.
  [mem] RSS 3.71 GB  peak 3.71 GB
Solver options:
------------------------------------------------------------
Maximum Function Evaluations       : 2001
Maximum Allowed Total Δx Norm      : inf
Scaled Termination                 : True
Trust Region Method                : svd
Initial Trust Radius               : 1.822e-01
Maximum Trust Radius               : 5.000e-01
Minimum Trust Radius               : 2.220e-16
Trust Radius Increase Ratio        : 4.000e+00
Trust Radius Decrease Ratio        : 2.500e-01
Trust Radius Increase Threshold    : 7.500e-01
Trust Radius Decrease Threshold    : 5.000e-01
Alpha Omega                        : 1.000e+00
Beta Omega                         : 1.000e+00
Alpha Eta                          : 1.000e-01
Beta Eta                           : 9.000e-01
Omega                              : 1.000e-02
Eta                                : 1.000e-02
Tau                                : 1.000e+01
------------------------------------------------------------ 

   Iteration     Total nfev        Cost      Cost reduction    Step norm     Optimality    Constr viol.   Penalty param  max(|mltplr|)      gtolk     
       0              1          2.023e+02                                    1.139e+01      0.000e+00      1.000e+01      0.000e+00      1.000e-03   
second_order: compiling constraint Hessian for blocks CoilLength, CoilCurvature, CoilMeanSquaredCurvature
  [mem] RSS 4.31 GB  peak 4.31 GB
E0929 14:06:55.477636 1680407 cuda_timer.cc:87] Delay kernel timed out: measured time has sub-optimal accuracy. There may be a missing warmup execution, please investigate in Nsight Systems.
  [mem] RSS 5.34 GB  peak 5.34 GB
       1              2          1.965e+02      5.754e+00      7.469e-03      1.107e+01      0.000e+00      1.000e+01      0.000e+00      1.000e-03   
       2              3          1.817e+02      1.487e+01      2.063e-02      1.024e+01      0.000e+00      1.000e+01      0.000e+00      1.000e-03   
       3              4          1.681e+02      1.352e+01      2.098e-02      9.439e+00      0.000e+00      1.000e+01      0.000e+00      1.000e-03   
       4              5          1.559e+02      1.229e+01      2.179e-02      8.684e+00      0.000e+00      1.000e+01      0.000e+00      1.000e-03   
       5              6          1.447e+02      1.118e+01      2.317e-02      7.985e+00      0.000e+00      1.000e+01      0.000e+00      1.000e-03   
       6              7          1.345e+02      1.020e+01      2.521e-02      7.330e+00      0.000e+00      1.000e+01      0.000e+00      1.000e-03   
       7              8          1.251e+02      9.338e+00      2.787e-02      6.720e+00      0.000e+00      1.000e+01      0.000e+00      1.000e-03   
       8              9          1.166e+02      8.583e+00      3.110e-02      6.153e+00      0.000e+00      1.000e+01      0.000e+00      1.000e-03   
       9             10          1.086e+02      7.923e+00      3.475e-02      5.630e+00      0.000e+00      1.000e+01      0.000e+00      1.000e-03   
      10             11          1.013e+02      7.344e+00      3.874e-02      5.146e+00      0.000e+00      1.000e+01      0.000e+00      1.000e-03   
      11             12          9.446e+01      6.830e+00      4.298e-02      4.697e+00      0.000e+00      1.000e+01      0.000e+00      1.000e-03   
      12             13          8.809e+01      6.367e+00      4.730e-02      4.278e+00      0.000e+00      1.000e+01      0.000e+00      1.000e-03   
      13             14          8.215e+01      5.947e+00      5.154e-02      3.886e+00      0.000e+00      1.000e+01      0.000e+00      1.000e-03   
      14             15          7.658e+01      5.562e+00      5.553e-02      3.521e+00      0.000e+00      1.000e+01      0.000e+00      1.000e-03   
      15             16          7.138e+01      5.204e+00      5.915e-02      3.181e+00      0.000e+00      1.000e+01      0.000e+00      1.000e-03   
      16             17          6.651e+01      4.871e+00      6.234e-02      2.865e+00      0.000e+00      1.000e+01      0.000e+00      1.000e-03   
      17             18          6.195e+01      4.557e+00      6.505e-02      2.568e+00      1.429e-03      1.000e+01      0.000e+00      1.000e-03   
second_order: compiling constraint Hessian for blocks CoilLength, CoilCurvature, CoilMeanSquaredCurvature, PlasmaCoilSetDistancePenalty
  [mem] RSS 5.37 GB  peak 5.37 GB
E0929 14:08:00.048554 1680414 cuda_timer.cc:87] Delay kernel timed out: measured time has sub-optimal accuracy. There may be a missing warmup execution, please investigate in Nsight Systems.
E0929 14:08:00.153117 1680415 cuda_timer.cc:87] Delay kernel timed out: measured time has sub-optimal accuracy. There may be a missing warmup execution, please investigate in Nsight Systems.
  [mem] RSS 6.07 GB  peak 6.07 GB
      18             19          5.770e+01      4.255e+00      6.726e-02      2.237e+00      1.509e-01      1.000e+01      0.000e+00      1.000e-03   
      19             20          5.433e+01      3.369e+00      7.233e-02      2.144e+00      1.280e-01      1.000e+01      0.000e+00      1.000e-03   
      20             21          5.117e+01      3.160e+00      6.914e-02      2.062e+00      1.210e-01      1.000e+01      0.000e+00      1.000e-03   
  [mem] RSS 6.09 GB  peak 6.09 GB
      21             22          4.841e+01      2.756e+00      6.870e-02      2.026e+00      1.128e-01      1.000e+01      0.000e+00      1.000e-03   
      22             23          4.580e+01      2.615e+00      6.524e-02      1.976e+00      1.106e-01      1.000e+01      0.000e+00      1.000e-03   
      23             24          4.331e+01      2.487e+00      6.261e-02      1.917e+00      1.102e-01      1.000e+01      0.000e+00      1.000e-03   
      24             25          4.094e+01      2.369e+00      6.061e-02      1.851e+00      1.121e-01      1.000e+01      0.000e+00      1.000e-03   
      25             26          3.868e+01      2.258e+00      5.898e-02      1.779e+00      1.140e-01      1.000e+01      0.000e+00      1.000e-03   
      26             27          3.653e+01      2.153e+00      5.765e-02      1.703e+00      1.154e-01      1.000e+01      0.000e+00      1.000e-03   
      27             28          3.447e+01      2.053e+00      5.655e-02      1.621e+00      1.162e-01      1.000e+01      0.000e+00      1.000e-03   
      28             29          3.252e+01      1.958e+00      5.559e-02      1.536e+00      1.165e-01      1.000e+01      0.000e+00      1.000e-03   
      29             30          3.065e+01      1.866e+00      5.475e-02      1.446e+00      1.162e-01      1.000e+01      0.000e+00      1.000e-03   
      30             31          2.888e+01      1.775e+00      5.399e-02      1.339e+00      1.155e-01      1.000e+01      0.000e+00      1.000e-03   
      31             32          2.719e+01      1.683e+00      5.331e-02      1.225e+00      1.144e-01      1.000e+01      0.000e+00      1.000e-03   
      32             33          2.560e+01      1.591e+00      5.267e-02      1.116e+00      1.131e-01      1.000e+01      0.000e+00      1.000e-03   
      33             34          2.410e+01      1.501e+00      5.204e-02      1.027e+00      1.117e-01      1.000e+01      0.000e+00      1.000e-03   
      34             35          2.269e+01      1.412e+00      5.138e-02      9.957e-01      1.100e-01      1.000e+01      0.000e+00      1.000e-03   
      35             36          2.136e+01      1.326e+00      5.064e-02      9.644e-01      1.083e-01      1.000e+01      0.000e+00      1.000e-03   
      36             37          2.012e+01      1.243e+00      4.989e-02      9.319e-01      1.064e-01      1.000e+01      0.000e+00      1.000e-03   
      37             38          1.896e+01      1.162e+00      4.911e-02      8.986e-01      1.044e-01      1.000e+01      0.000e+00      1.000e-03   
      38             39          1.787e+01      1.086e+00      4.834e-02      8.642e-01      1.023e-01      1.000e+01      0.000e+00      1.000e-03   
      39             40          1.686e+01      1.014e+00      4.760e-02      8.288e-01      1.002e-01      1.000e+01      0.000e+00      1.000e-03   
      40             41          1.591e+01      9.458e-01      4.688e-02      7.925e-01      9.784e-02      1.000e+01      0.000e+00      1.000e-03   
      41             42          1.503e+01      8.825e-01      4.620e-02      7.553e-01      9.535e-02      1.000e+01      0.000e+00      1.000e-03   
      42             43          1.421e+01      8.237e-01      4.558e-02      7.173e-01      9.275e-02      1.000e+01      0.000e+00      1.000e-03   
      43             44          1.344e+01      7.694e-01      4.503e-02      6.790e-01      9.005e-02      1.000e+01      0.000e+00      1.000e-03   
      44             45          1.272e+01      7.195e-01      4.459e-02      6.407e-01      8.733e-02      1.000e+01      0.000e+00      1.000e-03   
  [mem] RSS 6.09 GB  peak 6.09 GB
      45             46          1.204e+01      6.735e-01      4.426e-02      6.029e-01      8.457e-02      1.000e+01      0.000e+00      1.000e-03   
      46             47          1.141e+01      6.314e-01      4.403e-02      5.660e-01      8.179e-02      1.000e+01      0.000e+00      1.000e-03   
      47             48          1.082e+01      5.924e-01      4.393e-02      5.301e-01      7.896e-02      1.000e+01      0.000e+00      1.000e-03   
      48             49          1.026e+01      5.565e-01      4.389e-02      4.954e-01      7.609e-02      1.000e+01      0.000e+00      1.000e-03   
      49             50          9.742e+00      5.221e-01      4.442e-02      4.622e-01      7.321e-02      1.000e+01      0.000e+00      1.000e-03   
  [it   50] bn 2.3590e-02  L 0.859  kappa 0.915  kMS 0.836  d_cc 1.739  d_pc 0.985  -> FAILS d_pc
      50             51          9.251e+00      4.906e-01      4.471e-02      4.307e-01      7.038e-02      1.000e+01      0.000e+00      1.000e-03   
      51             52          8.790e+00      4.617e-01      4.508e-02      4.008e-01      6.747e-02      1.000e+01      0.000e+00      1.000e-03   
      52             53          8.355e+00      4.345e-01      4.552e-02      3.727e-01      6.469e-02      1.000e+01      0.000e+00      1.000e-03   
      53             54          7.946e+00      4.093e-01      4.601e-02      3.462e-01      6.199e-02      1.000e+01      0.000e+00      1.000e-03   
      54             55          7.560e+00      3.857e-01      4.655e-02      3.213e-01      5.942e-02      1.000e+01      0.000e+00      1.000e-03   
      55             56          7.197e+00      3.633e-01      4.712e-02      2.981e-01      5.690e-02      1.000e+01      0.000e+00      1.000e-03   
      56             57          6.855e+00      3.424e-01      4.770e-02      2.832e-01      5.442e-02      1.000e+01      0.000e+00      1.000e-03   
      57             58          6.532e+00      3.228e-01      4.835e-02      2.704e-01      5.202e-02      1.000e+01      0.000e+00      1.000e-03   
      58             59          6.227e+00      3.045e-01      4.906e-02      2.576e-01      4.974e-02      1.000e+01      0.000e+00      1.000e-03   
      59             60          5.940e+00      2.873e-01      4.987e-02      2.452e-01      4.745e-02      1.000e+01      0.000e+00      1.000e-03   
      60             61          5.669e+00      2.710e-01      5.071e-02      2.331e-01      4.529e-02      1.000e+01      0.000e+00      1.000e-03   
      61             62          5.413e+00      2.561e-01      5.158e-02      2.213e-01      4.334e-02      1.000e+01      0.000e+00      1.000e-03   
      62             63          5.171e+00      2.420e-01      5.252e-02      2.100e-01      4.200e-02      1.000e+01      0.000e+00      1.000e-03   
      63             64          4.942e+00      2.288e-01      5.348e-02      1.990e-01      4.070e-02      1.000e+01      0.000e+00      1.000e-03   
      64             65          4.726e+00      2.163e-01      5.452e-02      1.885e-01      3.942e-02      1.000e+01      0.000e+00      1.000e-03   
      65             66          4.521e+00      2.050e-01      5.551e-02      1.782e-01      3.818e-02      1.000e+01      0.000e+00      1.000e-03   
  [mem] RSS 6.09 GB  peak 6.09 GB
      66             67          4.327e+00      1.942e-01      5.647e-02      1.684e-01      3.695e-02      1.000e+01      0.000e+00      1.000e-03   
      67             68          4.143e+00      1.839e-01      5.749e-02      1.589e-01      3.576e-02      1.000e+01      0.000e+00      1.000e-03   
      68             69          3.968e+00      1.746e-01      5.834e-02      1.499e-01      3.462e-02      1.000e+01      0.000e+00      1.000e-03   
      69             70          3.803e+00      1.656e-01      5.919e-02      1.414e-01      3.351e-02      1.000e+01      0.000e+00      1.000e-03   
      70             71          3.646e+00      1.573e-01      6.001e-02      1.333e-01      3.242e-02      1.000e+01      0.000e+00      1.000e-03   
      71             72          3.496e+00      1.492e-01      6.084e-02      1.257e-01      3.136e-02      1.000e+01      0.000e+00      1.000e-03   
      72             73          3.355e+00      1.417e-01      6.152e-02      1.185e-01      3.031e-02      1.000e+01      0.000e+00      1.000e-03   
      73             74          3.220e+00      1.346e-01      6.212e-02      1.117e-01      2.928e-02      1.000e+01      0.000e+00      1.000e-03   
      74             75          3.092e+00      1.276e-01      6.274e-02      1.052e-01      2.830e-02      1.000e+01      0.000e+00      1.000e-03   
      75             76          2.971e+00      1.215e-01      6.326e-02      9.910e-02      2.735e-02      1.000e+01      0.000e+00      1.000e-03   
      76             77          2.856e+00      1.153e-01      6.375e-02      9.331e-02      2.641e-02      1.000e+01      0.000e+00      1.000e-03   
      77             78          2.746e+00      1.095e-01      6.415e-02      8.782e-02      2.554e-02      1.000e+01      0.000e+00      1.000e-03   
      78             79          2.642e+00      1.045e-01      6.453e-02      8.266e-02      2.470e-02      1.000e+01      0.000e+00      1.000e-03   
      79             80          2.543e+00      9.896e-02      6.487e-02      7.772e-02      2.391e-02      1.000e+01      0.000e+00      1.000e-03   
      80             81          2.448e+00      9.419e-02      6.511e-02      7.303e-02      2.313e-02      1.000e+01      0.000e+00      1.000e-03   
      81             82          2.359e+00      8.947e-02      6.523e-02      6.850e-02      2.242e-02      1.000e+01      0.000e+00      1.000e-03   
      82             83          2.274e+00      8.529e-02      6.523e-02      6.426e-02      2.174e-02      1.000e+01      0.000e+00      1.000e-03   
      83             84          2.193e+00      8.090e-02      6.480e-02      6.015e-02      2.112e-02      1.000e+01      0.000e+00      1.000e-03   
      84             85          2.116e+00      7.692e-02      6.429e-02      5.628e-02      2.052e-02      1.000e+01      0.000e+00      1.000e-03   
      85             86          2.042e+00      7.353e-02      6.441e-02      5.256e-02      1.991e-02      1.000e+01      0.000e+00      1.000e-03   
      86             87          1.973e+00      6.978e-02      6.469e-02      4.894e-02      1.929e-02      1.000e+01      0.000e+00      1.000e-03   
      87             88          1.906e+00      6.628e-02      6.485e-02      4.541e-02      1.869e-02      1.000e+01      0.000e+00      1.000e-03   
      88             89          1.844e+00      6.256e-02      6.490e-02      4.191e-02      1.810e-02      1.000e+01      0.000e+00      1.000e-03   
      89             90          1.785e+00      5.923e-02      6.482e-02      3.922e-02      1.753e-02      1.000e+01      0.000e+00      1.000e-03   
  [mem] RSS 6.09 GB  peak 6.09 GB
      90             91          1.729e+00      5.568e-02      6.458e-02      3.715e-02      1.694e-02      1.000e+01      0.000e+00      1.000e-03   
      91             92          1.676e+00      5.239e-02      6.436e-02      3.516e-02      1.635e-02      1.000e+01      0.000e+00      1.000e-03   
      92             93          1.627e+00      4.912e-02      6.402e-02      3.314e-02      1.575e-02      1.000e+01      0.000e+00      1.000e-03   
      93             94          1.581e+00      4.590e-02      6.382e-02      3.100e-02      1.514e-02      1.000e+01      0.000e+00      1.000e-03   
      94             95          1.539e+00      4.268e-02      6.376e-02      2.889e-02      1.485e-02      1.000e+01      0.000e+00      1.000e-03   
second_order: compiling constraint Hessian for blocks CoilLength, CoilCurvature, PlasmaCoilSetDistancePenalty
  [mem] RSS 6.16 GB  peak 6.19 GB
      95             96          1.499e+00      3.967e-02      6.347e-02      2.668e-02      2.163e-02      1.000e+01      0.000e+00      1.000e-03   
      96             97          1.462e+00      3.674e-02      6.290e-02      2.436e-02      2.791e-02      1.000e+01      0.000e+00      1.000e-03   
      97             98          1.428e+00      3.408e-02      6.185e-02      2.198e-02      3.188e-02      1.000e+01      0.000e+00      1.000e-03   
      98             99          1.397e+00      3.166e-02      6.001e-02      1.946e-02      3.423e-02      1.000e+01      0.000e+00      1.000e-03   
      99             100         1.367e+00      2.947e-02      5.730e-02      1.674e-02      3.550e-02      1.000e+01      0.000e+00      1.000e-03   
  [mem] RSS 6.18 GB  peak 6.19 GB
  [it  100] bn 9.1540e-03  L 1.004  kappa 1.150  kMS 0.859  d_cc 1.368  d_pc 1.003  -> FAILS L,kappa
      100            101         1.340e+00      2.744e-02      5.384e-02      3.121e-01      3.608e-02      1.040e+01      6.244e-02      3.121e-02   
      101            102         1.349e+00     -9.063e-03      8.397e-03      8.492e-02      1.277e-02      1.040e+01      6.244e-02      3.121e-02   
      102            103         1.336e+00      1.281e-02      4.384e-02      4.649e-02      6.409e-03      1.040e+01      6.437e-01      4.649e-03   
      103            104         1.322e+00      1.384e-02      4.135e-02      2.780e-02      2.292e-03      1.040e+01      6.437e-01      4.649e-03   
      104            105         1.304e+00      1.783e-02      3.815e-02      1.389e-02      1.388e-03      1.040e+01      6.437e-01      4.649e-03   
      105            106         1.285e+00      1.881e-02      3.677e-02      1.332e-02      9.947e-04      1.040e+01      6.437e-01      4.649e-03   
      106            107         1.267e+00      1.841e-02      3.784e-02      1.294e-02      5.401e-03      1.040e+01      6.437e-01      4.649e-03   
      107            108         1.249e+00      1.774e-02      3.826e-02      1.269e-02      1.248e-02      1.040e+01      6.437e-01      4.649e-03   
      108            109         1.232e+00      1.703e-02      3.868e-02      1.250e-02      1.638e-02      1.040e+01      6.437e-01      4.649e-03   
      109            110         1.216e+00      1.645e-02      3.914e-02      1.233e-02      1.848e-02      1.040e+01      6.437e-01      4.649e-03   
      110            111         1.200e+00      1.590e-02      3.983e-02      1.215e-02      1.951e-02      1.040e+01      6.437e-01      4.649e-03   
      111            112         1.184e+00      1.554e-02      3.990e-02      1.199e-02      2.000e-02      1.040e+01      6.437e-01      4.649e-03   
      112            113         1.169e+00      1.518e-02      4.019e-02      1.183e-02      2.017e-02      1.040e+01      6.437e-01      4.649e-03   
      113            114         1.154e+00      1.496e-02      3.929e-02      1.165e-02      2.020e-02      1.040e+01      6.437e-01      4.649e-03   
      114            115         1.140e+00      1.461e-02      3.988e-02      1.157e-02      2.014e-02      1.040e+01      6.437e-01      4.649e-03   
      115            116         1.125e+00      1.432e-02      3.974e-02      1.155e-02      2.002e-02      1.040e+01      6.437e-01      4.649e-03   
      116            117         1.111e+00      1.420e-02      3.865e-02      1.159e-02      1.986e-02      1.040e+01      6.437e-01      4.649e-03   
      117            118         1.097e+00      1.417e-02      3.886e-02      1.240e-02      1.970e-02      1.040e+01      6.437e-01      4.649e-03   
      118            119         1.083e+00      1.431e-02      3.988e-02      1.166e-02      1.965e-02      1.040e+01      6.437e-01      4.649e-03   
      119            120         1.069e+00      1.398e-02      3.987e-02      1.170e-02      1.948e-02      1.040e+01      6.437e-01      4.649e-03   
  [mem] RSS 6.18 GB  peak 6.19 GB
      120            121         1.055e+00      1.370e-02      3.799e-02      1.177e-02      1.926e-02      1.040e+01      6.437e-01      4.649e-03   
      121            122         1.042e+00      1.342e-02      3.734e-02      1.180e-02      1.906e-02      1.040e+01      6.437e-01      4.649e-03   
      122            123         1.028e+00      1.318e-02      3.751e-02      1.176e-02      1.887e-02      1.040e+01      6.437e-01      4.649e-03   
      123            124         1.015e+00      1.309e-02      3.852e-02      1.164e-02      1.869e-02      1.040e+01      6.437e-01      4.649e-03   
second_order: compiling constraint Hessian for blocks CoilLength, CoilCurvature, CoilSetDistancePenalty, PlasmaCoilSetDistancePenalty
  [mem] RSS 6.44 GB  peak 6.44 GB
E0929 14:12:14.199476 1680416 cuda_timer.cc:87] Delay kernel timed out: measured time has sub-optimal accuracy. There may be a missing warmup execution, please investigate in Nsight Systems.
  [mem] RSS 6.88 GB  peak 6.88 GB
      124            125         1.002e+00      1.283e-02      3.599e-02      1.123e-02      1.851e-02      1.040e+01      6.437e-01      4.649e-03   
      125            126         9.900e-01      1.242e-02      3.253e-02      1.148e-02      1.830e-02      1.040e+01      6.437e-01      4.649e-03   
      126            127         9.778e-01      1.225e-02      3.224e-02      1.146e-02      1.810e-02      1.040e+01      6.437e-01      4.649e-03   
      127            128         9.658e-01      1.199e-02      3.062e-02      1.138e-02      1.790e-02      1.040e+01      6.437e-01      4.649e-03   
      128            129         9.540e-01      1.178e-02      3.010e-02      1.132e-02      1.769e-02      1.040e+01      6.437e-01      4.649e-03   
      129            130         9.424e-01      1.157e-02      2.893e-02      1.065e-02      1.749e-02      1.040e+01      6.437e-01      4.649e-03   
      130            131         9.312e-01      1.120e-02      2.887e-02      8.878e-03      1.729e-02      1.040e+01      6.437e-01      4.649e-03   
      131            132         9.208e-01      1.046e-02      2.687e-02      8.642e-03      1.700e-02      1.040e+01      6.437e-01      4.649e-03   
      132            133         9.108e-01      9.956e-03      2.574e-02      8.441e-03      1.671e-02      1.040e+01      6.437e-01      4.649e-03   
      133            134         9.012e-01      9.623e-03      2.501e-02      8.304e-03      1.649e-02      1.040e+01      6.437e-01      4.649e-03   
  [mem] RSS 6.91 GB  peak 6.91 GB
      134            135         8.918e-01      9.348e-03      2.441e-02      8.167e-03      1.626e-02      1.040e+01      6.437e-01      4.649e-03   
      135            136         8.827e-01      9.166e-03      2.387e-02      8.023e-03      1.606e-02      1.040e+01      6.437e-01      4.649e-03   
      136            137         8.739e-01      8.764e-03      2.381e-02      7.796e-03      1.583e-02      1.040e+01      6.437e-01      4.649e-03   
      137            138         8.653e-01      8.627e-03      2.446e-02      7.630e-03      1.564e-02      1.040e+01      6.437e-01      4.649e-03   
      138            139         8.569e-01      8.417e-03      2.373e-02      7.472e-03      1.546e-02      1.040e+01      6.437e-01      4.649e-03   
      139            140         8.484e-01      8.451e-03      2.373e-02      7.331e-03      1.534e-02      1.040e+01      6.437e-01      4.649e-03   
      140            141         8.402e-01      8.183e-03      2.370e-02      7.131e-03      1.519e-02      1.040e+01      6.437e-01      4.649e-03   
      141            142         8.322e-01      8.002e-03      2.402e-02      6.965e-03      1.508e-02      1.040e+01      6.437e-01      4.649e-03   
      142            143         8.244e-01      7.797e-03      2.405e-02      6.849e-03      1.494e-02      1.040e+01      6.437e-01      4.649e-03   
      143            144         8.167e-01      7.728e-03      2.378e-02      6.730e-03      1.480e-02      1.040e+01      6.437e-01      4.649e-03   
      144            145         8.090e-01      7.668e-03      2.355e-02      6.582e-03      1.504e-02      1.040e+01      6.437e-01      4.649e-03   
      145            146         8.016e-01      7.430e-03      2.403e-02      6.420e-03      1.516e-02      1.040e+01      6.437e-01      4.649e-03   
      146            147         7.944e-01      7.230e-03      2.427e-02      6.243e-03      1.514e-02      1.040e+01      6.437e-01      4.649e-03   
      147            148         7.873e-01      7.050e-03      2.402e-02      6.086e-03      1.482e-02      1.040e+01      6.437e-01      4.649e-03   
      148            149         7.804e-01      6.924e-03      2.473e-02      5.851e-03      1.477e-02      1.040e+01      6.437e-01      4.649e-03   
      149            150         7.735e-01      6.902e-03      2.467e-02      7.889e-03      1.535e-02      1.040e+01      6.437e-01      4.649e-03   
  [it  150] bn 6.8446e-03  L 1.002  kappa 1.105  kMS 0.985  d_cc 1.003  d_pc 1.011  -> FAILS L,kappa
      150            151         7.671e-01      6.392e-03      2.462e-02      5.520e-03      1.539e-02      1.040e+01      6.437e-01      4.649e-03   
      151            152         7.607e-01      6.368e-03      2.510e-02      5.334e-03      1.592e-02      1.040e+01      6.437e-01      4.649e-03   
      152            153         7.546e-01      6.167e-03      2.509e-02      5.188e-03      1.620e-02      1.040e+01      6.437e-01      4.649e-03   
  [mem] RSS 6.91 GB  peak 6.91 GB
      153            154         7.486e-01      5.965e-03      2.474e-02      5.094e-03      1.615e-02      1.040e+01      6.437e-01      4.649e-03   
      154            155         7.428e-01      5.801e-03      2.424e-02      4.962e-03      1.617e-02      1.040e+01      6.437e-01      4.649e-03   
      155            156         7.371e-01      5.716e-03      2.408e-02      4.852e-03      1.648e-02      1.040e+01      6.437e-01      4.649e-03   
      156            157         7.316e-01      5.529e-03      2.400e-02      4.719e-03      1.666e-02      1.040e+01      6.437e-01      4.649e-03   
      157            158         7.262e-01      5.402e-03      2.388e-02      2.379e-01      1.682e-02      1.067e+01      5.625e-01      2.379e-02   
      158            159         7.282e-01     -2.006e-03      2.787e-03      5.047e-02      9.844e-03      1.067e+01      5.625e-01      2.379e-02   
      159            160         7.276e-01      5.706e-04      4.570e-02      5.518e-02      7.809e-03      1.067e+01      5.625e-01      2.379e-02   
      160            161         7.256e-01      1.966e-03      6.013e-02      2.191e-02      4.865e-03      1.067e+01      6.597e-01      2.191e-03   
      161            162         7.251e-01      5.439e-04      6.299e-02      6.170e-03      2.970e-03      1.067e+01      6.597e-01      2.191e-03   
      162            163         7.217e-01      3.384e-03      2.557e-02      1.326e-02      2.544e-03      1.067e+01      6.597e-01      2.191e-03   
      163            164         7.179e-01      3.848e-03      2.594e-02      4.300e-03      2.187e-03      1.067e+01      6.597e-01      2.191e-03   
      164            165         7.136e-01      4.231e-03      2.159e-02      4.161e-03      1.897e-03      1.067e+01      6.597e-01      2.191e-03   
      165            166         7.093e-01      4.368e-03      2.111e-02      4.039e-03      1.743e-03      1.067e+01      6.597e-01      2.191e-03   
      166            167         7.049e-01      4.379e-03      2.095e-02      3.918e-03      1.776e-03      1.067e+01      6.597e-01      2.191e-03   
      167            168         7.005e-01      4.381e-03      2.096e-02      3.797e-03      1.862e-03      1.067e+01      6.597e-01      2.191e-03   
      168            169         6.961e-01      4.374e-03      2.094e-02      3.686e-03      2.011e-03      1.067e+01      6.597e-01      2.191e-03   
      169            170         6.918e-01      4.296e-03      2.093e-02      3.570e-03      2.059e-03      1.067e+01      6.597e-01      2.191e-03   
      170            171         6.876e-01      4.249e-03      2.085e-02      3.491e-03      2.164e-03      1.067e+01      6.597e-01      2.191e-03   
      171            172         6.835e-01      4.045e-03      2.081e-02      3.386e-03      2.130e-03      1.067e+01      6.597e-01      2.191e-03   
      172            173         6.796e-01      3.952e-03      2.054e-02      3.305e-03      2.026e-03      1.067e+01      6.597e-01      2.191e-03   
      173            174         6.757e-01      3.876e-03      2.029e-02      3.222e-03      1.931e-03      1.067e+01      6.597e-01      2.191e-03   
  [mem] RSS 6.91 GB  peak 6.91 GB
      174            175         6.718e-01      3.900e-03      1.979e-02      3.146e-03      1.908e-03      1.067e+01      6.597e-01      2.191e-03   
      175            176         6.679e-01      3.873e-03      1.953e-02      3.052e-03      1.953e-03      1.067e+01      6.597e-01      2.191e-03   
      176            177         6.641e-01      3.865e-03      1.971e-02      2.960e-03      2.024e-03      1.067e+01      6.597e-01      2.191e-03   
      177            178         6.602e-01      3.860e-03      1.969e-02      2.859e-03      2.121e-03      1.067e+01      6.597e-01      2.191e-03   
      178            179         6.564e-01      3.819e-03      1.924e-02      2.761e-03      2.234e-03      1.067e+01      6.597e-01      2.191e-03   
      179            180         6.527e-01      3.668e-03      1.882e-02      2.662e-03      2.236e-03      1.067e+01      6.597e-01      2.191e-03   
      180            181         6.491e-01      3.618e-03      1.854e-02      2.556e-03      2.307e-03      1.067e+01      6.597e-01      2.191e-03   
      181            182         6.459e-01      3.174e-03      1.639e-02      2.460e-03      2.268e-03      1.067e+01      6.597e-01      2.191e-03   
      182            183         6.426e-01      3.366e-03      1.810e-02      2.337e-03      2.179e-03      1.067e+01      6.597e-01      2.191e-03   
      183            184         6.403e-01      2.273e-03      1.189e-02      2.303e-03      2.144e-03      1.067e+01      6.597e-01      2.191e-03   
      184            185         6.370e-01      3.274e-03      1.688e-02      4.918e-02      2.064e-03      1.067e+01      7.698e-01      4.918e-03   
      185            186         6.341e-01      2.865e-03      2.378e-02      1.788e-02      1.609e-03      1.067e+01      8.747e-01      1.788e-03   
      186            187         6.314e-01      2.740e-03      1.956e-02      2.046e-03      1.462e-03      1.067e+01      8.747e-01      1.788e-03   
      187            188         6.283e-01      3.067e-03      1.736e-02      2.015e-03      1.591e-03      1.067e+01      8.747e-01      1.788e-03   
      188            189         6.267e-01      1.683e-03      8.778e-03      1.981e-03      1.894e-03      1.067e+01      8.747e-01      1.788e-03   
      189            190         6.236e-01      3.012e-03      1.546e-02      2.010e-03      2.384e-03      1.067e+01      8.747e-01      1.788e-03   
      190            191         6.211e-01      2.550e-03      1.328e-02      1.874e-03      2.804e-03      1.067e+01      8.747e-01      1.788e-03   
      191            192         6.182e-01      2.868e-03      1.539e-02      1.941e-03      3.029e-03      1.067e+01      8.747e-01      1.788e-03   
      192            193         6.159e-01      2.312e-03      1.229e-02      1.813e-03      3.181e-03      1.067e+01      8.747e-01      1.788e-03   
      193            194         6.148e-01      1.145e-03      5.926e-03      1.884e-03      3.258e-03      1.067e+01      8.747e-01      1.788e-03   
      194            195         6.121e-01      2.720e-03      1.435e-02      1.869e-03      3.572e-03      1.067e+01      8.747e-01      1.788e-03   
  [mem] RSS 6.91 GB  peak 6.91 GB
      195            196         6.094e-01      2.655e-03      1.425e-02      1.839e-03      3.885e-03      1.067e+01      8.747e-01      1.788e-03   
      196            197         6.069e-01      2.477e-03      1.452e-02      3.870e-03      4.158e-03      1.067e+01      9.777e-01      3.870e-04   
      197            198         6.063e-01      5.906e-04      5.366e-03      2.824e-03      4.050e-03      1.067e+01      9.777e-01      3.870e-04   
      198            199         6.045e-01      1.875e-03      1.518e-02      1.658e-03      3.806e-03      1.067e+01      9.777e-01      3.870e-04   
      199            200         6.022e-01      2.260e-03      1.435e-02      1.638e-03      4.206e-03      1.067e+01      9.777e-01      3.870e-04   
  [it  200] bn 5.9761e-03  L 1.000  kappa 1.045  kMS 0.988  d_cc 1.027  d_pc 1.011  -> FAILS L,kappa
      200            201         6.000e-01      2.238e-03      1.339e-02      1.547e-03      4.662e-03      1.067e+01      9.777e-01      3.870e-04   
      201            202         5.978e-01      2.187e-03      1.344e-02      1.572e-03      4.983e-03      1.067e+01      9.777e-01      3.870e-04   
      202            203         5.956e-01      2.176e-03      1.323e-02      1.543e-03      5.382e-03      1.067e+01      9.777e-01      3.870e-04   
      203            204         5.935e-01      2.134e-03      1.314e-02      1.373e-03      5.834e-03      1.067e+01      9.777e-01      3.870e-04   
      204            205         5.913e-01      2.199e-03      1.338e-02      1.508e-03      6.345e-03      1.067e+01      9.777e-01      3.870e-04   
      205            206         5.891e-01      2.210e-03      1.392e-02      1.556e-03      6.862e-03      1.067e+01      9.777e-01      3.870e-04   
      206            207         5.869e-01      2.154e-03      1.394e-02      1.375e-03      7.340e-03      1.067e+01      9.777e-01      3.870e-04   
      207            208         5.849e-01      2.043e-03      1.329e-02      1.327e-03      7.682e-03      1.067e+01      9.777e-01      3.870e-04   
      208            209         5.829e-01      1.946e-03      1.275e-02      1.376e-03      7.982e-03      1.067e+01      9.777e-01      3.870e-04   
      209            210         5.810e-01      1.945e-03      1.276e-02      1.436e-03      8.267e-03      1.067e+01      9.777e-01      3.870e-04   
      210            211         5.791e-01      1.893e-03      1.239e-02      1.572e-03      8.488e-03      1.067e+01      9.777e-01      3.870e-04   
      211            212         5.772e-01      1.909e-03      1.212e-02      1.345e-03      8.666e-03      1.067e+01      9.777e-01      3.870e-04   
      212            213         5.760e-01      1.158e-03      7.633e-03      1.450e-03      8.867e-03      1.067e+01      9.777e-01      3.870e-04   
      213            214         5.742e-01      1.836e-03      1.210e-02      1.869e-03      9.202e-03      1.067e+01      9.777e-01      3.870e-04   
  [mem] RSS 6.91 GB  peak 6.91 GB
      214            215         5.731e-01      1.092e-03      7.465e-03      1.334e-03      9.344e-03      1.067e+01      9.777e-01      3.870e-04   
      215            216         5.728e-01      2.653e-04      1.824e-03      1.253e-03      9.386e-03      1.067e+01      9.777e-01      3.870e-04   
      216            217         5.711e-01      1.709e-03      1.180e-02      1.371e-03      9.663e-03      1.067e+01      9.777e-01      3.870e-04   
      217            218         5.694e-01      1.687e-03      1.154e-02      1.419e-03      9.914e-03      1.067e+01      9.777e-01      3.870e-04   
      218            219         5.677e-01      1.676e-03      1.141e-02      1.379e-03      1.016e-02      1.067e+01      9.777e-01      3.870e-04   
      219            220         5.665e-01      1.191e-03      8.007e-03      1.359e-03      1.036e-02      1.067e+01      9.777e-01      3.870e-04   
      220            221         5.649e-01      1.655e-03      1.133e-02      1.387e-03      1.060e-02      1.067e+01      9.777e-01      3.870e-04   
      221            222         5.633e-01      1.615e-03      1.110e-02      1.221e-03      1.078e-02      1.067e+01      9.777e-01      3.870e-04   
      222            223         5.617e-01      1.561e-03      1.101e-02      1.554e-03      1.096e-02      1.067e+01      9.777e-01      3.870e-04   
      223            224         5.602e-01      1.495e-03      1.087e-02      1.344e-03      1.114e-02      1.067e+01      9.777e-01      3.870e-04   
      224            225         5.591e-01      1.127e-03      8.067e-03      1.268e-03      1.125e-02      1.067e+01      9.777e-01      3.870e-04   
      225            226         5.589e-01      1.665e-04      1.197e-03      1.253e-03      1.127e-02      1.067e+01      9.777e-01      3.870e-04   
      226            227         5.575e-01      1.470e-03      1.077e-02      1.370e-03      1.142e-02      1.067e+01      9.777e-01      3.870e-04   
      227            228         5.561e-01      1.341e-03      9.691e-03      1.283e-03      1.154e-02      1.067e+01      9.777e-01      3.870e-04   
      228            229         5.546e-01      1.478e-03      1.079e-02      1.356e-03      1.166e-02      1.067e+01      9.777e-01      3.870e-04   
      229            230         5.534e-01      1.273e-03      9.686e-03      1.339e-03      1.174e-02      1.067e+01      9.777e-01      3.870e-04   
      230            231         5.520e-01      1.380e-03      1.036e-02      1.531e-03      1.183e-02      1.067e+01      9.777e-01      3.870e-04   
      231            232         5.507e-01      1.319e-03      1.001e-02      1.254e-03      1.191e-02      1.067e+01      9.777e-01      3.870e-04   
      232            233         5.493e-01      1.326e-03      1.036e-02      1.343e-03      1.199e-02      1.067e+01      9.777e-01      3.870e-04   
      233            234         5.480e-01      1.338e-03      1.055e-02      1.284e-03      1.211e-02      1.067e+01      9.777e-01      3.870e-04   
      234            235         5.467e-01      1.304e-03      1.058e-02      1.348e-03      1.226e-02      1.067e+01      9.777e-01      3.870e-04   
      235            236         5.457e-01      9.704e-04      7.787e-03      1.301e-03      1.237e-02      1.067e+01      9.777e-01      3.870e-04   
  [mem] RSS 6.91 GB  peak 6.91 GB
      236            237         5.447e-01      1.033e-03      8.067e-03      1.324e-03      1.251e-02      1.067e+01      9.777e-01      3.870e-04   
      237            238         5.441e-01      6.009e-04      4.762e-03      1.141e-03      1.256e-02      1.067e+01      9.777e-01      3.870e-04   
      238            239         5.429e-01      1.225e-03      1.006e-02      1.176e-03      1.268e-02      1.067e+01      9.777e-01      3.870e-04   
      239            240         5.424e-01      5.010e-04      4.196e-03      1.169e-03      1.274e-02      1.067e+01      9.777e-01      3.870e-04   
      240            241         5.412e-01      1.196e-03      1.033e-02      1.289e-03      1.287e-02      1.067e+01      9.777e-01      3.870e-04   
      241            242         5.410e-01      1.379e-04      1.179e-03      1.271e-03      1.289e-02      1.067e+01      9.777e-01      3.870e-04   
      242            243         5.409e-01      1.401e-04      1.220e-03      1.255e-03      1.290e-02      1.067e+01      9.777e-01      3.870e-04   
      243            244         5.409e-01      1.422e-05      1.236e-04      1.254e-03      1.290e-02      1.067e+01      9.777e-01      3.870e-04   
      244            245         5.397e-01      1.183e-03      1.043e-02      1.286e-03      1.301e-02      1.067e+01      9.777e-01      3.870e-04   
      245            246         5.395e-01      2.440e-04      2.091e-03      1.249e-03      1.303e-02      1.067e+01      9.777e-01      3.870e-04   
      246            247         5.388e-01      6.399e-04      5.524e-03      1.189e-03      1.308e-02      1.067e+01      9.777e-01      3.870e-04   
      247            248         5.385e-01      3.546e-04      3.015e-03      1.185e-03      1.312e-02      1.067e+01      9.777e-01      3.870e-04   
      248            249         5.373e-01      1.145e-03      9.898e-03      1.338e-03      1.324e-02      1.067e+01      9.777e-01      3.870e-04   
      249            250         5.362e-01      1.145e-03      1.027e-02      1.240e-03      1.330e-02      1.067e+01      9.777e-01      3.870e-04   
  [it  250] bn 5.6136e-03  L 1.000  kappa 1.136  kMS 0.991  d_cc 1.025  d_pc 1.012  -> FAILS L,kappa
      250            251         5.351e-01      1.107e-03      1.041e-02      1.285e-03      1.336e-02      1.067e+01      9.777e-01      3.870e-04   
      251            252         5.341e-01      9.551e-04      9.042e-03      1.042e-03      1.340e-02      1.067e+01      9.777e-01      3.870e-04   
      252            253         5.331e-01      1.015e-03      1.042e-02      1.240e-03      1.345e-02      1.067e+01      9.777e-01      3.870e-04   
      253            254         5.321e-01      9.969e-04      1.002e-02      1.128e-03      1.348e-02      1.067e+01      9.777e-01      3.870e-04   
      254            255         5.311e-01      9.464e-04      9.795e-03      1.232e-03      1.351e-02      1.067e+01      9.777e-01      3.870e-04   
      255            256         5.310e-01      1.695e-04      1.875e-03      1.205e-03      1.353e-02      1.067e+01      9.777e-01      3.870e-04   
  [mem] RSS 6.91 GB  peak 6.91 GB
      256            257         5.307e-01      2.952e-04      3.273e-03      1.178e-03      1.355e-02      1.067e+01      9.777e-01      3.870e-04   
      257            258         5.297e-01      9.730e-04      1.082e-02      1.186e-03      1.358e-02      1.067e+01      9.777e-01      3.870e-04   
      258            259         5.292e-01      5.368e-04      5.772e-03      1.169e-03      1.358e-02      1.067e+01      9.777e-01      3.870e-04   
      259            260         5.284e-01      7.891e-04      9.157e-03      1.193e-03      1.360e-02      1.067e+01      9.777e-01      3.870e-04   
      260            261         5.279e-01      5.088e-04      5.709e-03      1.140e-03      1.362e-02      1.067e+01      9.777e-01      3.870e-04   
      261            262         5.277e-01      1.585e-04      1.882e-03      1.123e-03      1.363e-02      1.067e+01      9.777e-01      3.870e-04   
      262            263         5.277e-01      4.488e-06      5.323e-05      1.122e-03      1.363e-02      1.067e+01      9.777e-01      3.870e-04   
      263            264         5.268e-01      9.234e-04      1.115e-02      1.133e-03      1.367e-02      1.067e+01      9.777e-01      3.870e-04   
      264            265         5.267e-01      1.298e-04      1.610e-03      1.121e-03      1.366e-02      1.067e+01      9.777e-01      3.870e-04   
      265            266         5.258e-01      8.255e-04      1.036e-02      1.161e-03      1.363e-02      1.067e+01      9.777e-01      3.870e-04   
      266            267         5.255e-01      3.712e-04      4.934e-03      1.134e-03      1.362e-02      1.067e+01      9.777e-01      3.870e-04   
      267            268         5.246e-01      8.308e-04      1.098e-02      1.116e-03      1.360e-02      1.067e+01      9.777e-01      3.870e-04   
      268            269         5.244e-01      1.869e-04      2.338e-03      1.095e-03      1.361e-02      1.067e+01      9.777e-01      3.870e-04   
      269            270         5.243e-01      9.499e-05      1.205e-03      1.089e-03      1.361e-02      1.067e+01      9.777e-01      3.870e-04   
      270            271         5.239e-01      4.921e-04      6.301e-03      1.100e-03      1.364e-02      1.067e+01      9.777e-01      3.870e-04   
      271            272         5.230e-01      8.261e-04      1.065e-02      1.113e-03      1.369e-02      1.067e+01      9.777e-01      3.870e-04   
      272            273         5.230e-01      1.341e-05      1.759e-04      1.111e-03      1.369e-02      1.067e+01      9.777e-01      3.870e-04   
      273            274         5.230e-01      2.468e-05      3.235e-04      1.108e-03      1.369e-02      1.067e+01      9.777e-01      3.870e-04   
      274            275         5.229e-01      9.617e-05      1.260e-03      1.100e-03      1.371e-02      1.067e+01      9.777e-01      3.870e-04   
      275            276         5.221e-01      7.883e-04      1.042e-02      1.215e-03      1.382e-02      1.067e+01      9.777e-01      3.870e-04   
      276            277         5.216e-01      5.473e-04      7.012e-03      1.168e-03      1.388e-02      1.067e+01      9.777e-01      3.870e-04   
      277            278         5.214e-01      1.471e-04      1.854e-03      1.129e-03      1.389e-02      1.067e+01      9.777e-01      3.870e-04   
  [mem] RSS 6.91 GB  peak 6.91 GB
      278            279         5.206e-01      7.891e-04      1.059e-02      1.089e-03      1.391e-02      1.067e+01      9.777e-01      3.870e-04   
      279            280         5.199e-01      7.527e-04      1.090e-02      1.123e-03      1.394e-02      1.067e+01      9.777e-01      3.870e-04   
      280            281         5.195e-01      3.663e-04      5.195e-03      1.015e-03      1.394e-02      1.067e+01      9.777e-01      3.870e-04   
      281            282         5.188e-01      6.938e-04      1.055e-02      1.125e-03      1.395e-02      1.067e+01      9.777e-01      3.870e-04   
      282            283         5.181e-01      7.040e-04      1.057e-02      1.047e-03      1.395e-02      1.067e+01      9.777e-01      3.870e-04   
      283            284         5.181e-01      6.460e-06      1.015e-04      1.047e-03      1.395e-02      1.067e+01      9.777e-01      3.870e-04   
      284            285         5.179e-01      2.170e-04      3.433e-03      1.038e-03      1.398e-02      1.067e+01      9.777e-01      3.870e-04   
      285            286         5.177e-01      1.659e-04      2.595e-03      1.030e-03      1.399e-02      1.067e+01      9.777e-01      3.870e-04   
      286            287         5.176e-01      1.515e-04      2.345e-03      1.020e-03      1.401e-02      1.067e+01      9.777e-01      3.870e-04   
      287            288         5.175e-01      6.522e-05      1.000e-03      1.016e-03      1.401e-02      1.067e+01      9.777e-01      3.870e-04   
      288            289         5.175e-01      8.854e-06      1.350e-04      1.015e-03      1.401e-02      1.067e+01      9.777e-01      3.870e-04   
      289            290         5.172e-01      3.345e-04      5.153e-03      1.031e-03      1.404e-02      1.067e+01      9.777e-01      3.870e-04   
      290            291         5.168e-01      3.619e-04      5.604e-03      1.035e-03      1.407e-02      1.067e+01      9.777e-01      3.870e-04   
      291            292         5.161e-01      6.806e-04      1.065e-02      1.078e-03      1.410e-02      1.067e+01      9.777e-01      3.870e-04   
      292            293         5.154e-01      6.694e-04      1.065e-02      1.046e-03      1.412e-02      1.067e+01      9.777e-01      3.870e-04   
      293            294         5.153e-01      1.626e-04      2.542e-03      1.027e-03      1.412e-02      1.067e+01      9.777e-01      3.870e-04   
      294            295         5.152e-01      4.494e-05      6.983e-04      1.021e-03      1.412e-02      1.067e+01      9.777e-01      3.870e-04   
      295            296         5.152e-01      2.147e-05      3.341e-04      1.018e-03      1.412e-02      1.067e+01      9.777e-01      3.870e-04   
      296            297         5.149e-01      2.685e-04      4.204e-03      4.288e-02      1.411e-02      1.094e+01      1.069e+00      4.288e-03   
      297            298         5.151e-01     -1.135e-04      2.684e-03      5.477e-02      1.358e-02      1.094e+01      1.069e+00      4.288e-03   
      298            299         5.152e-01     -1.847e-04      4.637e-03      2.946e-02      1.360e-02      1.094e+01      1.069e+00      4.288e-03   
      299            300         5.154e-01     -1.523e-04      6.390e-03      1.048e-01      1.314e-02      1.094e+01      1.069e+00      4.288e-03   
  [mem] RSS 6.91 GB  peak 6.91 GB
  [it  300] bn 5.5148e-03  L 1.000  kappa 1.116  kMS 0.990  d_cc 1.026  d_pc 1.012  -> FAILS L,kappa
      300            301         5.170e-01     -1.601e-03      2.236e-02      1.370e-02      1.152e-02      1.094e+01      1.069e+00      4.288e-03   
      301            302         5.201e-01     -3.118e-03      1.840e-02      4.059e-01      9.782e-03      1.094e+01      1.069e+00      4.288e-03   
      302            303         5.200e-01      1.087e-04      8.292e-03      4.633e-02      9.761e-03      1.094e+01      1.069e+00      4.288e-03   
      303            304         5.208e-01     -8.338e-04      4.099e-02      4.578e-03      7.153e-03      1.094e+01      1.069e+00      4.288e-03   
      304            305         5.217e-01     -8.238e-04      2.958e-02      1.492e-02      5.273e-03      1.094e+01      1.178e+00      1.492e-03   
      305            306         5.245e-01     -2.843e-03      3.478e-02      3.744e-03      3.137e-03      1.094e+01      1.178e+00      1.492e-03   
      306            307         5.247e-01     -1.842e-04      7.583e-03      2.936e-03      3.100e-03      1.094e+01      1.178e+00      1.492e-03   
      307            308         5.252e-01     -4.664e-04      2.715e-02      2.578e-03      2.976e-03      1.094e+01      1.178e+00      1.492e-03   
      308            309         5.250e-01      2.002e-04      2.124e-02      3.898e-03      2.859e-03      1.094e+01      1.178e+00      1.492e-03   
      309            310         5.247e-01      2.504e-04      1.386e-02      3.523e-03      2.668e-03      1.094e+01      1.178e+00      1.492e-03   
      310            311         5.240e-01      6.797e-04      1.765e-02      4.105e-03      2.574e-03      1.094e+01      1.178e+00      1.492e-03   
      311            312         5.231e-01      9.762e-04      1.793e-02      3.303e-03      3.032e-03      1.094e+01      1.178e+00      1.492e-03   
      312            313         5.228e-01      2.302e-04      1.358e-02      2.999e-03      3.783e-03      1.094e+01      1.178e+00      1.492e-03   
      313            314         5.223e-01      5.314e-04      1.748e-02      2.878e-03      4.705e-03      1.094e+01      1.178e+00      1.492e-03   
      314            315         5.221e-01      1.779e-04      3.970e-03      2.463e-03      4.884e-03      1.094e+01      1.178e+00      1.492e-03   
      315            316         5.214e-01      7.140e-04      1.602e-02      2.059e-03      5.872e-03      1.094e+01      1.178e+00      1.492e-03   
      316            317         5.208e-01      5.858e-04      1.577e-02      4.770e-02      6.738e-03      1.094e+01      1.266e+00      4.770e-03   
      317            318         5.209e-01     -6.546e-05      5.931e-03      1.548e-02      6.793e-03      1.094e+01      1.266e+00      4.770e-03   
      318            319         5.209e-01     -2.245e-05      2.397e-03      1.314e-02      6.577e-03      1.094e+01      1.266e+00      4.770e-03   
  [mem] RSS 6.91 GB  peak 6.91 GB
      319            320         5.210e-01     -1.088e-04      9.407e-03      1.454e-02      5.742e-03      1.094e+01      1.350e+00      1.454e-03   
      320            321         5.212e-01     -2.005e-04      4.678e-03      1.191e-02      5.383e-03      1.094e+01      1.350e+00      1.454e-03   
      321            322         5.214e-01     -1.554e-04      3.888e-03      9.920e-03      5.087e-03      1.094e+01      1.350e+00      1.454e-03   
      322            323         5.223e-01     -8.828e-04      2.077e-02      9.530e-03      3.544e-03      1.094e+01      1.431e+00      9.530e-04   
      323            324         5.228e-01     -5.435e-04      2.553e-02      3.145e-03      1.964e-03      1.094e+01      1.431e+00      9.530e-04   
      324            325         5.229e-01     -7.423e-05      1.880e-02      2.864e-03      1.749e-03      1.094e+01      1.431e+00      9.530e-04   
      325            326         5.224e-01      4.210e-04      2.121e-02      4.838e-03      1.825e-03      1.094e+01      1.431e+00      9.530e-04   
      326            327         5.220e-01      4.690e-04      1.628e-02      3.423e-03      2.008e-03      1.094e+01      1.431e+00      9.530e-04   
      327            328         5.218e-01      1.899e-04      6.067e-03      2.815e-03      2.000e-03      1.094e+01      1.431e+00      9.530e-04   
      328            329         5.218e-01      6.413e-06      4.316e-04      2.760e-03      1.995e-03      1.094e+01      1.431e+00      9.530e-04   
      329            330         5.215e-01      2.832e-04      1.879e-02      3.955e-03      1.756e-03      1.094e+01      1.431e+00      9.530e-04   
      330            331         5.212e-01      2.759e-04      7.463e-03      3.153e-03      1.796e-03      1.094e+01      1.431e+00      9.530e-04   
      331            332         5.212e-01      2.157e-05      6.080e-04      3.070e-03      1.801e-03      1.094e+01      1.431e+00      9.530e-04   
      332            333         5.211e-01      1.369e-04      3.795e-03      2.684e-03      1.833e-03      1.094e+01      1.431e+00      9.530e-04   
      333            334         5.210e-01      9.171e-05      3.191e-03      2.381e-03      1.868e-03      1.094e+01      1.431e+00      9.530e-04   
      334            335         5.209e-01      6.481e-05      4.514e-03      2.076e-03      1.916e-03      1.094e+01      1.431e+00      9.530e-04   
      335            336         5.209e-01      7.971e-06      4.436e-04      2.038e-03      1.914e-03      1.094e+01      1.431e+00      9.530e-04   
      336            337         5.208e-01      9.404e-05      5.096e-03      1.814e-03      1.893e-03      1.094e+01      1.431e+00      9.530e-04   
      337            338         5.208e-01      8.737e-06      3.396e-04      1.788e-03      1.893e-03      1.094e+01      1.431e+00      9.530e-04   
      338            339         5.205e-01      3.055e-04      1.168e-02      2.036e-03      1.933e-03      1.094e+01      1.431e+00      9.530e-04   
      339            340         5.205e-01      3.225e-06      1.003e-04      2.028e-03      1.939e-03      1.094e+01      1.431e+00      9.530e-04   
      340            341         5.205e-01     -1.888e-05      3.748e-04      4.780e-03      1.938e-03      1.094e+01      1.431e+00      9.530e-04   
  [mem] RSS 6.91 GB  peak 6.91 GB
      341            342         5.205e-01      8.123e-06      2.564e-04      4.724e-03      1.954e-03      1.094e+01      1.431e+00      9.530e-04   
      342            343         5.205e-01      6.974e-06      5.104e-04      6.007e-03      1.959e-03      1.094e+01      1.431e+00      9.530e-04   
      343            344         5.205e-01     -7.264e-07      7.128e-04      2.752e-02      1.961e-03      1.094e+01      1.431e+00      9.530e-04   
      344            345         5.204e-01      1.064e-04      4.272e-03      2.176e-02      2.129e-03      1.094e+01      1.431e+00      9.530e-04   
      345            346         5.199e-01      4.543e-04      1.738e-02      2.191e-03      2.778e-03      1.094e+01      1.431e+00      9.530e-04   
      346            347         5.193e-01      6.139e-04      1.262e-02      1.489e-03      3.188e-03      1.094e+01      1.431e+00      9.530e-04   
      347            348         5.189e-01      4.631e-04      1.257e-02      8.187e-03      3.396e-03      1.094e+01      1.492e+00      8.187e-04   
      348            349         5.189e-01     -3.725e-05      4.744e-04      5.611e-03      3.340e-03      1.094e+01      1.492e+00      8.187e-04   
      349            350         5.190e-01     -1.198e-04      5.932e-03      3.876e-03      3.094e-03      1.094e+01      1.492e+00      8.187e-04   
  [it  350] bn 5.5189e-03  L 1.000  kappa 1.029  kMS 0.991  d_cc 1.031  d_pc 1.013  -> FAILS L,kappa
      350            351         5.190e-01     -5.534e-08      5.034e-04      3.773e-03      3.076e-03      1.094e+01      1.492e+00      8.187e-04   
      351            352         5.190e-01      4.965e-07      3.273e-04      3.708e-03      3.065e-03      1.094e+01      1.492e+00      8.187e-04   
      352            353         5.190e-01     -1.031e-05      7.381e-03      2.088e-03      2.742e-03      1.094e+01      1.492e+00      8.187e-04   
      353            354         5.190e-01      8.709e-06      1.031e-02      3.004e-03      2.125e-03      1.094e+01      1.492e+00      8.187e-04   
      354            355         5.191e-01     -1.046e-04      9.764e-03      1.127e-03      1.594e-03      1.094e+01      1.492e+00      8.187e-04   
      355            356         5.189e-01      2.127e-04      5.628e-03      1.893e-03      1.630e-03      1.094e+01      1.550e+00      1.893e-04   
      356            357         5.187e-01      2.329e-04      5.189e-03      7.051e-04      1.571e-03      1.094e+01      1.550e+00      1.893e-04   
      357            358         5.183e-01      3.795e-04      7.153e-03      6.421e-04      1.562e-03      1.094e+01      1.550e+00      1.893e-04   
      358            359         5.180e-01      2.939e-04      5.487e-03      6.701e-04      1.545e-03      1.094e+01      1.550e+00      1.893e-04   
      359            360         5.176e-01      4.352e-04      8.097e-03      6.972e-04      1.547e-03      1.094e+01      1.550e+00      1.893e-04   
  [mem] RSS 6.91 GB  peak 6.91 GB
      360            361         5.171e-01      4.205e-04      8.318e-03      7.349e-04      1.588e-03      1.094e+01      1.550e+00      1.893e-04   
      361            362         5.171e-01      7.333e-05      1.610e-03      6.608e-04      1.581e-03      1.094e+01      1.550e+00      1.893e-04   
      362            363         5.167e-01      3.829e-04      8.665e-03      6.575e-04      1.563e-03      1.094e+01      1.550e+00      1.893e-04   
      363            364         5.166e-01      1.251e-04      2.784e-03      6.260e-04      1.545e-03      1.094e+01      1.550e+00      1.893e-04   
      364            365         5.162e-01      3.558e-04      7.989e-03      5.872e-04      1.513e-03      1.094e+01      1.550e+00      1.893e-04   
      365            366         5.160e-01      2.276e-04      5.551e-03      5.746e-04      1.495e-03      1.094e+01      1.550e+00      1.893e-04   
      366            367         5.156e-01      3.473e-04      8.210e-03      5.628e-04      1.481e-03      1.094e+01      1.550e+00      1.893e-04   
      367            368         5.155e-01      1.735e-04      4.192e-03      5.274e-04      1.483e-03      1.094e+01      1.550e+00      1.893e-04   
      368            369         5.151e-01      3.287e-04      8.463e-03      5.299e-04      1.656e-03      1.094e+01      1.550e+00      1.893e-04   
      369            370         5.151e-01      7.915e-05      2.110e-03      5.159e-04      1.720e-03      1.094e+01      1.550e+00      1.893e-04   
      370            371         5.147e-01      3.054e-04      8.123e-03      4.711e-04      1.965e-03      1.094e+01      1.550e+00      1.893e-04   
      371            372         5.146e-01      1.860e-04      4.859e-03      4.666e-04      2.078e-03      1.094e+01      1.550e+00      1.893e-04   
      372            373         5.144e-01      1.769e-04      4.745e-03      4.575e-04      2.175e-03      1.094e+01      1.550e+00      1.893e-04   
      373            374         5.143e-01      7.558e-05      1.977e-03      4.500e-04      2.213e-03      1.094e+01      1.550e+00      1.893e-04   
      374            375         5.140e-01      2.923e-04      7.697e-03      4.436e-04      2.353e-03      1.094e+01      1.550e+00      1.893e-04   
      375            376         5.140e-01      2.929e-05      8.525e-04      4.394e-04      2.359e-03      1.094e+01      1.550e+00      1.893e-04   
      376            377         5.140e-01      1.205e-05      3.525e-04      4.378e-04      2.361e-03      1.094e+01      1.550e+00      1.893e-04   
      377            378         5.137e-01      2.629e-04      7.822e-03      3.705e-04      2.401e-03      1.094e+01      1.550e+00      1.893e-04   
      378            379         5.135e-01      2.402e-04      8.141e-03      3.580e-04      2.355e-03      1.094e+01      1.550e+00      1.893e-04   
      379            380         5.133e-01      1.242e-04      4.671e-03      3.864e-04      2.344e-03      1.094e+01      1.550e+00      1.893e-04   
      380            381         5.131e-01      1.999e-04      7.445e-03      4.001e-04      2.331e-03      1.094e+01      1.550e+00      1.893e-04   
      381            382         5.131e-01      1.329e-05      5.111e-04      3.999e-04      2.328e-03      1.094e+01      1.550e+00      1.893e-04   
  [mem] RSS 6.91 GB  peak 6.91 GB
      382            383         5.129e-01      2.268e-04      8.858e-03      4.142e-04      2.286e-03      1.094e+01      1.550e+00      1.893e-04   
      383            384         5.128e-01      1.113e-04      4.250e-03      4.089e-04      2.275e-03      1.094e+01      1.550e+00      1.893e-04   
      384            385         5.127e-01      4.718e-05      1.810e-03      4.063e-04      2.275e-03      1.094e+01      1.550e+00      1.893e-04   
      385            386         5.126e-01      1.344e-04      5.318e-03      4.700e-04      2.273e-03      1.094e+01      1.550e+00      1.893e-04   
      386            387         5.124e-01      2.085e-04      7.940e-03      3.951e-04      2.468e-03      1.094e+01      1.550e+00      1.893e-04   
      387            388         5.123e-01      7.711e-05      2.575e-03      3.824e-04      2.515e-03      1.094e+01      1.550e+00      1.893e-04   
      388            389         5.122e-01      9.333e-05      3.320e-03      3.716e-04      2.568e-03      1.094e+01      1.550e+00      1.893e-04   
      389            390         5.122e-01      7.833e-06      2.783e-04      3.705e-04      2.572e-03      1.094e+01      1.550e+00      1.893e-04   
      390            391         5.122e-01      8.448e-07      3.001e-05      3.704e-04      2.573e-03      1.094e+01      1.550e+00      1.893e-04   
      391            392         5.122e-01      1.893e-06      6.726e-05      3.701e-04      2.574e-03      1.094e+01      1.550e+00      1.893e-04   
      392            393         5.122e-01      1.163e-05      4.136e-04      3.686e-04      2.580e-03      1.094e+01      1.550e+00      1.893e-04   
      393            394         5.122e-01      1.433e-06      5.099e-05      3.684e-04      2.581e-03      1.094e+01      1.550e+00      1.893e-04   
      394            395         5.122e-01      3.460e-07      1.231e-05      3.683e-04      2.581e-03      1.094e+01      1.550e+00      1.893e-04   
      395            396         5.122e-01      2.034e-06      6.693e-05      3.985e-03      2.580e-03      1.094e+01      1.550e+00      1.893e-04   
      396            397         5.120e-01      2.051e-04      7.449e-03      3.559e-04      2.692e-03      1.094e+01      1.550e+00      1.893e-04   
      397            398         5.120e-01      7.311e-06      2.629e-04      3.548e-04      2.696e-03      1.094e+01      1.550e+00      1.893e-04   
      398            399         5.120e-01      2.362e-05      8.519e-04      3.516e-04      2.706e-03      1.094e+01      1.550e+00      1.893e-04   
      399            400         5.118e-01      2.022e-04      7.439e-03      3.368e-04      2.792e-03      1.094e+01      1.550e+00      1.893e-04   
  [it  400] bn 5.4822e-03  L 1.000  kappa 1.025  kMS 0.992  d_cc 1.031  d_pc 1.014  -> FAILS kappa
      400            401         5.116e-01      1.973e-04      7.474e-03      3.224e-04      2.865e-03      1.094e+01      1.550e+00      1.893e-04   
  [mem] RSS 6.91 GB  peak 6.91 GB
Warning: Maximum number of iterations has been exceeded.
         Current function value: 5.116e-01
         Constraint violation: 2.865e-03
         Total delta_x: 2.020e+00
         Iterations: 400
         Function evaluations: 401
         Jacobian evaluations: 400
Timer: Solution time = 13.9 min
Timer: Avg time per step = 2.09 sec
==============================================================================================================
                                                                 Start  -->   End
Total (sum of squares):                                      2.023e+02  -->   5.116e-01, 
Maximum absolute Boundary normal field error:                1.357e-01  -->   9.511e-03 (T m^2)
Minimum absolute Boundary normal field error:                4.174e-06  -->   8.881e-07 (T m^2)
Average absolute Boundary normal field error:                4.697e-02  -->   2.184e-03 (T m^2)
Maximum absolute Boundary normal field error:                1.250e+00  -->   8.757e-02 (normalized)
Minimum absolute Boundary normal field error:                3.843e-05  -->   8.177e-06 (normalized)
Average absolute Boundary normal field error:                4.325e-01  -->   2.011e-02 (normalized)
Maximum Coil length:                                         2.164e+00  -->   2.925e+00 (m)
Minimum Coil length:                                         2.014e+00  -->   2.297e+00 (m)
Average Coil length:                                         2.089e+00  -->   2.768e+00 (m)
Maximum Coil length:                                         6.504e+00  -->   8.794e+00 (normalized)
Minimum Coil length:                                         6.055e+00  -->   6.905e+00 (normalized)
Average Coil length:                                         6.281e+00  -->   8.322e+00 (normalized)
Maximum Coil curvature:                                      6.871e+00  -->   1.402e+01 (m^-1)
Minimum Coil curvature:                                      0.000e+00  -->   0.000e+00 (m^-1)
Average Coil curvature:                                      2.076e+00  -->   3.482e+00 (m^-1)
Maximum Coil curvature:                                      2.286e+00  -->   4.663e+00 (normalized)
Minimum Coil curvature:                                      0.000e+00  -->   0.000e+00 (normalized)
Average Coil curvature:                                      6.906e-01  -->   1.158e+00 (normalized)
Maximum Coil mean squared curvature:                         7.335e+00  -->   1.851e+01 (m^-2)
Minimum Coil mean squared curvature:                         4.666e+00  -->   1.345e+01 (m^-2)
Average Coil mean squared curvature:                         5.980e+00  -->   1.724e+01 (m^-2)
Maximum Coil mean squared curvature:                         8.118e-01  -->   2.048e+00 (normalized)
Minimum Coil mean squared curvature:                         5.164e-01  -->   1.488e+00 (normalized)
Average Coil mean squared curvature:                         6.618e-01  -->   1.908e+00 (normalized)
Maximum Coil-coil distance penalty:                          0.000e+00  -->   1.542e-03 (dimensionless)
Minimum Coil-coil distance penalty:                          0.000e+00  -->   0.000e+00 (dimensionless)
Average Coil-coil distance penalty:                          0.000e+00  -->   1.744e-05 (dimensionless)
Maximum Plasma-coil distance penalty:                        0.000e+00  -->   2.564e-04 (dimensionless)
Minimum Plasma-coil distance penalty:                        0.000e+00  -->   0.000e+00 (dimensionless)
Average Plasma-coil distance penalty:                        0.000e+00  -->   3.205e-05 (dimensionless)
Summed coil current error:                                   0.000e+00  -->   1.164e-10 (A)
==============================================================================================================


SOLVER {'wall_s': 862.7001028060913, 'message': 'Maximum number of iterations has been exceeded.', 'nit': 400, 'n_outer': 14, 'constr_violation': 0.0028645423239622436, 'y_absmax_final': 1.5497295411012053}
START  bn 1.1166e-01  L 0.740  kappa 0.503  kMS 0.393  d_cc 1.598  d_pc 1.273  -> FEASIBLE
RESULT bn 5.4822e-03  L 1.000  kappa 1.025  kMS 0.992  d_cc 1.031  d_pc 1.014  linked 0  -> FAILS kappa  active ['L', 'kMS']
wrote work/ss_qh/arcB2/stage2/result.h5, result.json, result.png
