E0928 14:02:27.291301 1600408 cuda_executor.cc:1743] Could not get kernel mode driver version: ( INVALID_ARGUMENT: Version does not match the format X.Y.Z )
E0928 14:02:27.302749 1600297 cuda_executor.cc:1743] Could not get kernel mode driver version: ( INVALID_ARGUMENT: Version does not match the format X.Y.Z )
DEVICE requested=gpu obtained=gpu (1x NVIDIA GeForce RTX 5070 Laptop GPU)
--field-term bn is blind to the current scale: holding the coil current SUM fixed
  [mem] RSS 0.82 GB  peak 0.82 GB
eq precise_QA (desc.examples) NFP 2 sym True L,M,N 8,8,8 dim_x 1462; start work/ss_qa/stage2_L0p8/result.h5: 4 unique coils (PiecewisePlanarArcCoil), 16 total
SETTINGS {'eq': 'precise_QA', 'start': 'work/ss_qa/stage2_L0p8/result.h5', 'out': 'work/ss_qa/ss_k2_qs10', 'bounds': '/home/singh/Documents/DESC2/coil_sandbox/bounds/precise_qa_sweep910.json', 'a': None, 'device': None, 'length_mult': 0.8, 'fix_coils': False, 'dry': False, 'field_term': 'bn', 'fix_current_sum': True, 'helicity': '1,0', 'qs_rho': '0.2,0.4,0.6,0.8,1.0', 'A_min': 5.5, 'A_max': 6.5, 'iota_min': 0.4, 'kmin': 1, 'kmax': 2, 'maxiter': 100, 'ftol': 1e-06, 'xtol': 1e-06, 'gtol': 1e-08, 'max_tr': None, 'perturb_order': 2, 'solve_tol': 1e-10, 'tau_bn': 0.005, 'tau_qs': None, 'tau_qs_rel': 10.0, 'tau_A': 0.01, 'tau_iota': 0.01, 'tau_L': 0.01, 'tau_kappa': 0.01, 'tau_kms': 0.01, 'tau_dpc': 0.01, 'tau_dcc': 1e-06, 'dcc_backoff': 0.025, 'dpc_backoff': 0.02, 'no_arc_backoffs': False, 'eval_m': 25, 'eval_n': 25, 'plasma_m': 32, 'plasma_n': 32, 'coil_grid_n': 150, 'src_gl': 24, 'src_n': 400, 'bs_chunk': None, 'jac_chunk': None, 'dcc_k': 20000}
BOUNDS (judged, absolute) L 4.123  Ltot -  kappa 11.64  kms 5.648  convex -  planar -  dcc 0.08555  dpc 0.1711
ENFORCED L 4.123  Ltot -  kappa 11.58  kms 5.592  convex -  planar -  dcc 0.08922  dpc 0.1745
/home/singh/Documents/DESC2/coil_sandbox/vendor/desc/utils.py:590: UserWarning: Unequal number of field periods for grid 1 and basis 2.
  warnings.warn(msg, err)
/home/singh/Documents/DESC2/coil_sandbox/vendor/desc/utils.py:590: UserWarning: Unequal number of field periods for grid 1 and basis 2.
  warnings.warn(msg, err)
START physics  A 6.000  R0 1.0307  a 0.1718  iota [0.4197, 0.4202]  QS(Boozer, |B_nonsym|/<B>) rho 0.25 8.14e-05  rho 0.5 4.17e-05  rho 0.75 5.59e-05  rho 1 2.77e-04
START coils    bn 5.1533e-03 (max 3.703e-02)  L 1.000  kappa 0.650  kMS 0.730  d_cc 1.042  d_pc 1.378  linked 0  -> FAILS L
QS two-term rms at the start 0.0003543 -> tau_qs 0.003543
quadrature scales s (expected; compare the s(qw) column): bn 6.283  qs 41.41  iota 1  kappa 0.3622  dcc 9.06e+04
/home/singh/Documents/DESC2/coil_sandbox/vendor/desc/utils.py:590: FutureWarning: constants is deprecated and will be removed in a future release. Users should not include constants in the arguments of their objective compute methods. Instead declare all the constants in the build method and use as self._constants.
  warnings.warn(msg, err)
/home/singh/Documents/DESC2/coil_sandbox/vendor/desc/utils.py:590: FutureWarning: constants is deprecated and will be removed in a future release. Users should not include constants in the arguments of their objective compute methods. Instead declare all the constants in the build method and use as self._constants.
  warnings.warn(msg, err)
/home/singh/Documents/DESC2/coil_sandbox/vendor/desc/utils.py:590: FutureWarning: constants is deprecated and will be removed in a future release. Users should not include constants in the arguments of their objective compute methods. Instead declare all the constants in the build method and use as self._constants.
  warnings.warn(msg, err)
/home/singh/Documents/DESC2/coil_sandbox/vendor/desc/utils.py:590: FutureWarning: constants is deprecated and will be removed in a future release. Users should not include constants in the arguments of their objective compute methods. Instead declare all the constants in the build method and use as self._constants.
  warnings.warn(msg, err)
/home/singh/Documents/DESC2/coil_sandbox/vendor/desc/utils.py:590: FutureWarning: constants is deprecated and will be removed in a future release. Users should not include constants in the arguments of their objective compute methods. Instead declare all the constants in the build method and use as self._constants.
  warnings.warn(msg, err)
/home/singh/Documents/DESC2/coil_sandbox/vendor/desc/utils.py:590: FutureWarning: constants is deprecated and will be removed in a future release. Users should not include constants in the arguments of their objective compute methods. Instead declare all the constants in the build method and use as self._constants.
  warnings.warn(msg, err)

TERMS AT THE START
term                             dim_f    weight     norm    s(qw)  target/bounds           raw min    raw max       cost  err/tol  share
Vacuum B.n error                  1326      31.8   0.4832    6.283  = 0                    -0.01002    0.01344     0.7652     1.24  99.4%
QS two-term                       5445      6.82   0.5569    41.41  = 0                   -0.001505   0.001505      0.005      0.1   0.6%
aspect ratio                         1      16.7        -        1  [5.5, 6.5]                    6          6          0        0   0.0%
rotational transform                20       250        -        1  [0.4, inf]               0.4197     0.4202          0        0   0.0%
coil length                          4      24.3        -        2  [0, 4.123]                4.123      4.123  1.604e-13 5.66e-07   0.0%
coil curvature                    1204      23.8        -   0.7243  [0, 11.58]                    0      7.557          0        0   0.0%
coil mean squared curvature          4      17.9        -        2  [0, 5.592]                3.773       4.13          0        0   0.0%
coil-coil distance penalty          54        11        -    7.348  [-inf, 0]                     0  5.077e-06   1.57e-09  5.6e-05   0.0%
plasma-coil minimum distance         8       573        -    2.828  [0.1745, inf]            0.2366     0.2865          0        0   0.0%
total cost 0.5 sum f^2                                                                                                      0.7702

===== step k=1: 8 boundary modes free, maxiter 100 =====
Building objective: Vacuum B.n error
Precomputing transforms
Timer: Precomputing transforms = 21.0 ms
Building objective: QS two-term
Precomputing transforms
Timer: Precomputing transforms = 49.7 ms
Building objective: aspect ratio
Precomputing transforms
Timer: Precomputing transforms = 24.5 ms
Building objective: rotational transform
Precomputing transforms
Timer: Precomputing transforms = 22.8 ms
Building objective: coil length
Precomputing transforms
Timer: Precomputing transforms = 92.9 us
Building objective: coil curvature
Precomputing transforms
Timer: Precomputing transforms = 65.3 us
Building objective: coil mean squared curvature
Precomputing transforms
Timer: Precomputing transforms = 67.1 us
Building objective: coil-coil distance penalty
Building objective: plasma-coil minimum distance
ObjectiveFunction deriv_mode : blocked
Vacuum B.n error jac_chunk_size: None
QS two-term jac_chunk_size: None
aspect ratio jac_chunk_size: None
rotational transform jac_chunk_size: None
coil length jac_chunk_size: None
coil curvature jac_chunk_size: None
coil mean squared curvature jac_chunk_size: None
coil-coil distance penalty jac_chunk_size: None
plasma-coil minimum distance jac_chunk_size: None
Timer: Objective build = 370 ms
Building objective: force
Precomputing transforms
Timer: Precomputing transforms = 825 ms
ObjectiveFunction deriv_mode : batched
ObjectiveFunction jac_chunk_size: 4382
Timer: Objective build = 873 ms
ObjectiveFunction deriv_mode : blocked
lcfs R jac_chunk_size: None
lcfs Z jac_chunk_size: None
fixed Psi jac_chunk_size: None
fixed pressure jac_chunk_size: None
fixed current jac_chunk_size: None
fixed sheet current jac_chunk_size: None
self_consistency R jac_chunk_size: None
self_consistency Z jac_chunk_size: None
lambda gauge jac_chunk_size: None
axis R self consistency jac_chunk_size: None
axis Z self consistency jac_chunk_size: None
Timer: Objective build = 1.18 ms
Timer: Eq Update LinearConstraintProjection build = 4.07 sec
Timer: Proximal projection build = 37.2 sec
Building objective: lcfs R
Building objective: fixed Psi
Building objective: fixed pressure
Building objective: fixed current
Building objective: fixed sheet current
Building objective: lcfs Z
Building objective: summed coil current
Building objective: fixed shift
Building objective: fixed rotation
Building objective: fixed arc reference
ObjectiveFunction deriv_mode : blocked
lcfs R jac_chunk_size: None
fixed Psi jac_chunk_size: None
fixed pressure jac_chunk_size: None
fixed current jac_chunk_size: None
fixed sheet current jac_chunk_size: None
lcfs Z jac_chunk_size: None
summed coil current jac_chunk_size: None
fixed shift jac_chunk_size: None
fixed rotation jac_chunk_size: None
fixed arc reference jac_chunk_size: None
Timer: Objective build = 1.77 sec
Timer: LinearConstraintProjection build = 3.28 sec
Number of parameters: 67
Number of objectives: 8066
Timer: Initializing the optimization = 42.5 sec

Starting optimization
Using method: proximal-lsq-exact
  [mem] RSS 4.99 GB  peak 4.99 GB
E0928 14:04:46.916504 1600431 cuda_timer.cc:87] Delay kernel timed out: measured time has sub-optimal accuracy. There may be a missing warmup execution, please investigate in Nsight Systems.
E0928 14:04:46.995464 1600417 cuda_timer.cc:87] Delay kernel timed out: measured time has sub-optimal accuracy. There may be a missing warmup execution, please investigate in Nsight Systems.
Solver options:
------------------------------------------------------------
Maximum Function Evaluations       : 501
Maximum Allowed Total Δx Norm      : inf
Scaled Termination                 : True
Trust Region Method                : qr
Initial Trust Radius               : 1.101e+02
Maximum Trust Radius               : inf
Minimum Trust Radius               : 2.220e-16
Trust Radius Increase Ratio        : 2.000e+00
Trust Radius Decrease Ratio        : 2.500e-01
Trust Radius Increase Threshold    : 7.500e-01
Trust Radius Decrease Threshold    : 2.500e-01
------------------------------------------------------------ 

   Iteration     Total nfev        Cost      Cost reduction    Step norm     Optimality   
       0              1          7.702e-01                                    4.773e-02   
       1              9          7.694e-01      7.790e-04      3.559e-04      3.271e-02   
       2             10          7.685e-01      9.417e-04      3.992e-04      1.626e-02   
       3             11          7.682e-01      2.453e-04      6.483e-04      2.188e-02   
       4             12          7.678e-01      4.442e-04      3.185e-04      5.940e-03   
       5             13          7.674e-01      3.893e-04      3.691e-04      3.557e-03   
       6             14          7.668e-01      6.220e-04      3.868e-04      3.711e-03   
  [mem] RSS 5.69 GB  peak 5.69 GB
       7             15          7.657e-01      1.096e-03      4.895e-04      3.533e-03   
       8             16          7.638e-01      1.886e-03      8.548e-04      2.895e-03   
       9             17          7.610e-01      2.802e-03      1.800e-03      1.816e-03   
      10             18          7.581e-01      2.859e-03      4.607e-03      1.643e-03   
      11             19          7.575e-01      6.156e-04      1.001e-02      2.948e-03   
      12             23          7.575e-01      6.105e-05      2.551e-03      1.251e-03   
      13             24          7.574e-01      1.797e-05      1.743e-03      5.296e-04   
      14             25          7.574e-01      6.398e-06      1.800e-03      6.531e-04   
      15             27          7.574e-01      3.346e-06      7.705e-04      3.184e-04   
      16             28          7.574e-01      1.536e-06      4.969e-04      2.264e-04   
      17             29          7.574e-01      1.069e-06      5.423e-04      2.362e-04   
      18             30          7.574e-01      6.300e-07      6.663e-04      2.490e-04   
Optimization terminated successfully.
`ftol` condition satisfied. (ftol=1.00e-06)
         Current function value: 7.574e-01
         Total delta_x: 1.341e-02
         Iterations: 18
         Function evaluations: 30
         Jacobian evaluations: 19
Timer: Solution time = 3.37 min
Timer: Avg time per step = 10.6 sec
==============================================================================================================
                                                                 Start  -->   End
Total (sum of squares):                                      7.702e-01  -->   7.574e-01, 
Maximum absolute Boundary normal field error:                1.344e-02  -->   1.325e-02 (T*m^2, T^2*m^2)
Minimum absolute Boundary normal field error:                4.517e-06  -->   2.555e-07 (T*m^2, T^2*m^2)
Average absolute Boundary normal field error:                2.328e-03  -->   2.296e-03 (T*m^2, T^2*m^2)
Maximum absolute Boundary normal field error:                2.783e-02  -->   2.743e-02 (normalized)
Minimum absolute Boundary normal field error:                9.349e-06  -->   5.287e-07 (normalized)
Average absolute Boundary normal field error:                4.819e-03  -->   4.753e-03 (normalized)
Maximum absolute Quasi-symmetry (1,0) two-term error:        1.478e-03  -->   2.001e-03 (T^3)
Minimum absolute Quasi-symmetry (1,0) two-term error:        2.484e-17  -->   2.699e-17 (T^3)
Average absolute Quasi-symmetry (1,0) two-term error:        1.521e-04  -->   2.578e-04 (T^3)
Maximum absolute Quasi-symmetry (1,0) two-term error:        2.654e-03  -->   3.593e-03 (normalized)
Minimum absolute Quasi-symmetry (1,0) two-term error:        4.460e-17  -->   4.846e-17 (normalized)
Average absolute Quasi-symmetry (1,0) two-term error:        2.731e-04  -->   4.629e-04 (normalized)
Aspect ratio:                                                6.000e+00  -->   6.043e+00 (dimensionless)
Maximum Rotational transform:                                4.202e-01  -->   4.228e-01 (dimensionless)
Minimum Rotational transform:                                4.197e-01  -->   4.220e-01 (dimensionless)
Average Rotational transform:                                4.200e-01  -->   4.226e-01 (dimensionless)
Maximum Coil length:                                         4.123e+00  -->   4.123e+00 (m)
Minimum Coil length:                                         4.123e+00  -->   4.123e+00 (m)
Average Coil length:                                         4.123e+00  -->   4.123e+00 (m)
Maximum Coil curvature:                                      7.557e+00  -->   7.516e+00 (m^-1)
Minimum Coil curvature:                                      0.000e+00  -->   0.000e+00 (m^-1)
Average Coil curvature:                                      1.513e+00  -->   1.513e+00 (m^-1)
Maximum Coil mean squared curvature:                         4.130e+00  -->   4.091e+00 (m^-2)
Minimum Coil mean squared curvature:                         3.773e+00  -->   3.830e+00 (m^-2)
Average Coil mean squared curvature:                         3.973e+00  -->   3.973e+00 (m^-2)
Maximum Coil-coil distance penalty:                          5.077e-06  -->   1.355e-03 (dimensionless)
Minimum Coil-coil distance penalty:                          0.000e+00  -->   0.000e+00 (dimensionless)
Average Coil-coil distance penalty:                          9.401e-08  -->   2.510e-05 (dimensionless)
Maximum Minimum plasma-coil distance:                        2.865e-01  -->   2.872e-01 (m)
Minimum Minimum plasma-coil distance:                        2.366e-01  -->   2.369e-01 (m)
Average Minimum plasma-coil distance:                        2.631e-01  -->   2.639e-01 (m)
Maximum absolute Force error:                                2.252e+01  -->   2.389e+01 (N)
Minimum absolute Force error:                                3.916e-04  -->   4.526e-04 (N)
Average absolute Force error:                                8.294e-01  -->   8.561e-01 (N)
Maximum absolute Force error:                                2.065e-05  -->   2.191e-05 (normalized)
Minimum absolute Force error:                                3.591e-10  -->   4.151e-10 (normalized)
Average absolute Force error:                                7.605e-07  -->   7.850e-07 (normalized)
R boundary error:                                            5.085e-18  -->   3.982e-18 (m)
Fixed Psi error:                                             0.000e+00  -->   0.000e+00 (Wb)
Fixed pressure profile error:                                0.000e+00  -->   0.000e+00 (Pa)
Fixed current profile error:                                 0.000e+00  -->   0.000e+00 (A)
Fixed sheet current error:                                   0.000e+00  -->   0.000e+00 (~)
Z boundary error:                                            2.939e-18  -->   2.501e-18 (m)
Summed coil current error:                                   0.000e+00  -->   0.000e+00 (A)
==============================================================================================================

/home/singh/Documents/DESC2/coil_sandbox/vendor/desc/utils.py:590: UserWarning: Unequal number of field periods for grid 1 and basis 2.
  warnings.warn(msg, err)
/home/singh/Documents/DESC2/coil_sandbox/vendor/desc/utils.py:590: UserWarning: Unequal number of field periods for grid 1 and basis 2.
  warnings.warn(msg, err)
/home/singh/Documents/DESC2/coil_sandbox/vendor/desc/utils.py:590: FutureWarning: constants is deprecated and will be removed in a future release. Users should not include constants in the arguments of their objective compute methods. Instead declare all the constants in the build method and use as self._constants.
  warnings.warn(msg, err)
/home/singh/Documents/DESC2/coil_sandbox/vendor/desc/utils.py:590: FutureWarning: constants is deprecated and will be removed in a future release. Users should not include constants in the arguments of their objective compute methods. Instead declare all the constants in the build method and use as self._constants.
  warnings.warn(msg, err)
/home/singh/Documents/DESC2/coil_sandbox/vendor/desc/utils.py:590: FutureWarning: constants is deprecated and will be removed in a future release. Users should not include constants in the arguments of their objective compute methods. Instead declare all the constants in the build method and use as self._constants.
  warnings.warn(msg, err)
/home/singh/Documents/DESC2/coil_sandbox/vendor/desc/utils.py:590: FutureWarning: constants is deprecated and will be removed in a future release. Users should not include constants in the arguments of their objective compute methods. Instead declare all the constants in the build method and use as self._constants.
  warnings.warn(msg, err)
/home/singh/Documents/DESC2/coil_sandbox/vendor/desc/utils.py:590: FutureWarning: constants is deprecated and will be removed in a future release. Users should not include constants in the arguments of their objective compute methods. Instead declare all the constants in the build method and use as self._constants.
  warnings.warn(msg, err)
/home/singh/Documents/DESC2/coil_sandbox/vendor/desc/utils.py:590: FutureWarning: constants is deprecated and will be removed in a future release. Users should not include constants in the arguments of their objective compute methods. Instead declare all the constants in the build method and use as self._constants.
  warnings.warn(msg, err)

TERMS AFTER k=1
term                             dim_f    weight     norm    s(qw)  target/bounds           raw min    raw max       cost  err/tol  share
Vacuum B.n error                  1326      31.8   0.4832    6.283  = 0                   -0.009943    0.01325     0.7446     1.22  98.3%
QS two-term                       5445      6.82   0.5569    41.41  = 0                   -0.002001   0.002001    0.01204    0.155   1.6%
aspect ratio                         1      16.7        -        1  [5.5, 6.5]                6.043      6.043          0        0   0.0%
rotational transform                20       250        -        1  [0.4, inf]                0.422     0.4228          0        0   0.0%
coil length                          4      24.3        -        2  [0, 4.123]                4.123      4.123  0.0006352   0.0356   0.1%
coil curvature                    1204      23.8        -   0.7243  [0, 11.58]                    0      7.516          0        0   0.0%
coil mean squared curvature          4      17.9        -        2  [0, 5.592]                 3.83      4.091          0        0   0.0%
coil-coil distance penalty          54        11        -    7.348  [-inf, 0]                     0   0.001355  0.0001119    0.015   0.0%
plasma-coil minimum distance         8       573        -    2.828  [0.1745, inf]            0.2369     0.2872          0        0   0.0%
total cost 0.5 sum f^2                                                                                                      0.7574
k=1 physics  A 6.043  R0 1.0306  a 0.1706  iota [0.4220, 0.4228]  QS(Boozer, |B_nonsym|/<B>) rho 0.25 6.33e-05  rho 0.5 1.10e-04  rho 0.75 1.91e-04  rho 1 3.72e-04
k=1 coils    bn 5.0989e-03 (max 3.663e-02)  L 1.000  kappa 0.646  kMS 0.723  d_cc 1.030  d_pc 1.379  linked 0  -> FAILS L
k=1 solver   Optimization terminated successfully.
`ftol` condition satisfied. (ftol=1.00e-06)  nit 18  wall 4.3 min

===== step k=2: 24 boundary modes free, maxiter 100 =====
Building objective: Vacuum B.n error
Precomputing transforms
Timer: Precomputing transforms = 23.1 ms
Building objective: QS two-term
Precomputing transforms
Timer: Precomputing transforms = 48.9 ms
Building objective: aspect ratio
Precomputing transforms
Timer: Precomputing transforms = 23.0 ms
Building objective: rotational transform
Precomputing transforms
Timer: Precomputing transforms = 23.2 ms
Building objective: coil length
Precomputing transforms
Timer: Precomputing transforms = 84.4 us
Building objective: coil curvature
Precomputing transforms
Timer: Precomputing transforms = 56.3 us
Building objective: coil mean squared curvature
Precomputing transforms
Timer: Precomputing transforms = 62.9 us
Building objective: coil-coil distance penalty
Building objective: plasma-coil minimum distance
ObjectiveFunction deriv_mode : blocked
Vacuum B.n error jac_chunk_size: None
QS two-term jac_chunk_size: None
aspect ratio jac_chunk_size: None
rotational transform jac_chunk_size: None
coil length jac_chunk_size: None
coil curvature jac_chunk_size: None
coil mean squared curvature jac_chunk_size: None
coil-coil distance penalty jac_chunk_size: None
plasma-coil minimum distance jac_chunk_size: None
Timer: Objective build = 508 ms
Building objective: force
Precomputing transforms
Timer: Precomputing transforms = 51.9 ms
ObjectiveFunction deriv_mode : batched
ObjectiveFunction jac_chunk_size: 4382
Timer: Objective build = 65.2 ms
ObjectiveFunction deriv_mode : blocked
lcfs R jac_chunk_size: None
lcfs Z jac_chunk_size: None
fixed Psi jac_chunk_size: None
fixed pressure jac_chunk_size: None
fixed current jac_chunk_size: None
fixed sheet current jac_chunk_size: None
self_consistency R jac_chunk_size: None
self_consistency Z jac_chunk_size: None
lambda gauge jac_chunk_size: None
axis R self consistency jac_chunk_size: None
axis Z self consistency jac_chunk_size: None
Timer: Objective build = 777 us
Timer: Eq Update LinearConstraintProjection build = 139 ms
Timer: Proximal projection build = 1.93 sec
Building objective: lcfs R
Building objective: fixed Psi
Building objective: fixed pressure
Building objective: fixed current
Building objective: fixed sheet current
Building objective: lcfs Z
Building objective: summed coil current
Building objective: fixed shift
Building objective: fixed rotation
Building objective: fixed arc reference
ObjectiveFunction deriv_mode : blocked
lcfs R jac_chunk_size: None
fixed Psi jac_chunk_size: None
fixed pressure jac_chunk_size: None
fixed current jac_chunk_size: None
fixed sheet current jac_chunk_size: None
lcfs Z jac_chunk_size: None
summed coil current jac_chunk_size: None
fixed shift jac_chunk_size: None
fixed rotation jac_chunk_size: None
fixed arc reference jac_chunk_size: None
Timer: Objective build = 614 ms
Timer: LinearConstraintProjection build = 2.17 sec
Number of parameters: 83
Number of objectives: 8066
Timer: Initializing the optimization = 4.87 sec

Starting optimization
Using method: proximal-lsq-exact
  [mem] RSS 6.54 GB  peak 6.57 GB
Solver options:
------------------------------------------------------------
Maximum Function Evaluations       : 501
Maximum Allowed Total Δx Norm      : inf
Scaled Termination                 : True
Trust Region Method                : qr
Initial Trust Radius               : 1.219e+02
Maximum Trust Radius               : inf
Minimum Trust Radius               : 2.220e-16
Trust Radius Increase Ratio        : 2.000e+00
Trust Radius Decrease Ratio        : 2.500e-01
Trust Radius Increase Threshold    : 7.500e-01
Trust Radius Decrease Threshold    : 2.500e-01
------------------------------------------------------------ 

   Iteration     Total nfev        Cost      Cost reduction    Step norm     Optimality   
       0              1          7.390e-01                                    2.493e-02   
       1              3          7.126e-01      2.642e-02      5.825e-02      3.629e-01   
       2              5          6.510e-01      6.159e-02      6.014e-02      1.937e-01   
       3              7          6.182e-01      3.281e-02      2.170e-02      2.941e-02   
       4              8          6.166e-01      1.548e-03      2.256e-02      2.560e-02   
       5              9          6.163e-01      3.296e-04      2.441e-02      3.810e-02   
       6             10          6.143e-01      1.979e-03      9.278e-03      5.337e-03   
       7             11          6.136e-01      6.954e-04      8.202e-03      4.549e-03   
       8             12          6.125e-01      1.151e-03      9.351e-03      7.729e-03   
  [mem] RSS 6.57 GB  peak 6.57 GB
       9             14          6.120e-01      4.557e-04      1.192e-02      1.111e-02   
      10             15          6.116e-01      4.576e-04      1.188e-02      1.071e-02   
      11             16          6.112e-01      3.650e-04      1.326e-02      1.310e-02   
      12             17          6.109e-01      3.114e-04      1.461e-02      1.388e-02   
      13             18          6.106e-01      2.594e-04      1.587e-02      1.590e-02   
      14             19          6.101e-01      5.050e-04      5.216e-03      2.077e-03   
      15             20          6.099e-01      2.677e-04      4.805e-03      1.657e-03   
      16             21          6.093e-01      5.132e-04      4.070e-03      1.846e-03   
      17             22          6.085e-01      8.586e-04      9.368e-03      6.106e-03   
      18             24          6.084e-01      8.781e-05      1.445e-02      1.849e-02   
      19             25          6.079e-01      4.651e-04      4.757e-03      2.436e-03   
      20             26          6.077e-01      2.449e-04      4.890e-03      1.838e-03   
      21             27          6.072e-01      4.724e-04      4.591e-03      2.455e-03   
      22             28          6.065e-01      7.266e-04      1.076e-02      8.974e-03   
      23             30          6.061e-01      3.440e-04      8.598e-03      6.562e-03   
      24             31          6.059e-01      2.750e-04      2.668e-03      6.962e-04   
      25             32          6.054e-01      4.654e-04      3.885e-03      1.367e-03   
      26             33          6.046e-01      7.957e-04      9.048e-03      4.890e-03   
      27             35          6.046e-01      4.754e-05      1.495e-02      1.614e-02   
      28             36          6.041e-01      4.436e-04      5.282e-03      2.040e-03   
      29             37          6.039e-01      2.289e-04      5.217e-03      2.047e-03   
  [mem] RSS 6.57 GB  peak 6.57 GB
      30             38          6.037e-01      2.301e-04      3.465e-03      1.393e-03   
      31             39          6.032e-01      4.409e-04      4.439e-03      1.524e-03   
      32             40          6.026e-01      6.563e-04      1.093e-02      1.100e-02   
      33             42          6.022e-01      3.451e-04      8.758e-03      5.992e-03   
      34             43          6.020e-01      2.576e-04      2.836e-03      6.354e-04   
      35             44          6.015e-01      4.309e-04      4.390e-03      1.757e-03   
      36             45          6.009e-01      6.541e-04      1.114e-02      7.147e-03   
      37             47          6.006e-01      2.817e-04      9.758e-03      7.356e-03   
      38             48          6.003e-01      2.419e-04      5.391e-03      3.995e-03   
      39             49          6.002e-01      1.800e-04      6.379e-03      6.178e-03   
      40             50          6.000e-01      1.853e-04      6.474e-03      6.117e-03   
      41             51          5.998e-01      1.759e-04      6.847e-03      7.504e-03   
      42             52          5.996e-01      1.776e-04      7.067e-03      7.573e-03   
      43             53          5.995e-01      1.726e-04      7.276e-03      8.575e-03   
      44             54          5.993e-01      1.742e-04      7.447e-03      8.558e-03   
      45             55          5.991e-01      1.723e-04      7.536e-03      9.264e-03   
      46             56          5.989e-01      1.734e-04      7.644e-03      9.047e-03   
      47             57          5.988e-01      1.699e-04      7.710e-03      9.710e-03   
      48             58          5.986e-01      1.718e-04      7.796e-03      9.442e-03   
      49             59          5.984e-01      1.681e-04      7.838e-03      1.003e-02   
      50             60          5.983e-01      1.701e-04      7.910e-03      9.742e-03   
      51             61          5.981e-01      1.665e-04      7.938e-03      1.029e-02   
      52             62          5.979e-01      1.685e-04      8.001e-03      9.978e-03   
      53             63          5.978e-01      1.650e-04      8.020e-03      1.049e-02   
      54             64          5.976e-01      1.670e-04      8.076e-03      1.017e-02   
  [mem] RSS 6.57 GB  peak 6.57 GB
      55             65          5.974e-01      1.634e-04      8.090e-03      1.067e-02   
      56             66          5.973e-01      1.656e-04      8.142e-03      1.035e-02   
      57             67          5.971e-01      1.619e-04      8.152e-03      1.083e-02   
      58             68          5.969e-01      1.641e-04      8.201e-03      1.050e-02   
      59             69          5.968e-01      1.604e-04      8.209e-03      1.098e-02   
      60             70          5.966e-01      1.627e-04      8.257e-03      1.065e-02   
      61             71          5.965e-01      1.589e-04      8.263e-03      1.112e-02   
      62             72          5.963e-01      1.613e-04      8.310e-03      1.079e-02   
      63             73          5.961e-01      1.574e-04      8.314e-03      1.126e-02   
      64             74          5.960e-01      1.599e-04      8.360e-03      1.092e-02   
      65             75          5.958e-01      1.560e-04      8.364e-03      1.139e-02   
      66             76          5.957e-01      1.585e-04      8.409e-03      1.106e-02   
      67             77          5.955e-01      1.546e-04      8.412e-03      1.152e-02   
      68             78          5.953e-01      1.571e-04      8.456e-03      1.118e-02   
      69             79          5.952e-01      1.532e-04      8.458e-03      1.165e-02   
      70             80          5.950e-01      1.558e-04      8.502e-03      1.131e-02   
      71             81          5.949e-01      1.518e-04      8.504e-03      1.177e-02   
      72             82          5.947e-01      1.545e-04      8.547e-03      1.143e-02   
      73             83          5.946e-01      1.504e-04      8.548e-03      1.189e-02   
      74             84          5.944e-01      1.532e-04      8.591e-03      1.156e-02   
      75             85          5.943e-01      1.491e-04      8.591e-03      1.201e-02   
      76             86          5.941e-01      1.519e-04      8.634e-03      1.167e-02   
      77             87          5.940e-01      1.478e-04      8.634e-03      1.213e-02   
      78             88          5.938e-01      1.506e-04      8.677e-03      1.179e-02   
      79             89          5.937e-01      1.465e-04      8.676e-03      1.225e-02   
      80             90          5.935e-01      1.493e-04      8.718e-03      1.191e-02   
      81             91          5.934e-01      1.452e-04      8.717e-03      1.237e-02   
      82             92          5.932e-01      1.481e-04      8.759e-03      1.202e-02   
      83             93          5.931e-01      1.439e-04      8.758e-03      1.248e-02   
      84             94          5.930e-01      1.469e-04      8.799e-03      1.214e-02   
  [mem] RSS 6.57 GB  peak 6.57 GB
      85             95          5.928e-01      1.427e-04      8.797e-03      1.259e-02   
      86             96          5.927e-01      1.457e-04      8.839e-03      1.225e-02   
      87             97          5.925e-01      1.414e-04      8.836e-03      1.271e-02   
      88             98          5.924e-01      1.445e-04      8.878e-03      1.236e-02   
      89             99          5.922e-01      1.402e-04      8.875e-03      1.282e-02   
      90             100         5.921e-01      1.433e-04      8.916e-03      1.247e-02   
      91             101         5.920e-01      1.390e-04      8.912e-03      1.293e-02   
      92             102         5.918e-01      1.422e-04      8.953e-03      1.258e-02   
      93             103         5.917e-01      1.378e-04      8.949e-03      1.303e-02   
      94             104         5.915e-01      1.410e-04      8.990e-03      1.268e-02   
      95             105         5.914e-01      1.366e-04      8.985e-03      1.314e-02   
      96             106         5.913e-01      1.399e-04      9.026e-03      1.279e-02   
      97             107         5.911e-01      1.354e-04      9.021e-03      1.324e-02   
      98             108         5.910e-01      1.388e-04      9.061e-03      1.289e-02   
      99             109         5.908e-01      1.343e-04      9.056e-03      1.335e-02   
      100            110         5.907e-01      1.376e-04      9.096e-03      1.299e-02   
Warning: Maximum number of iterations has been exceeded.
         Current function value: 5.907e-01
         Total delta_x: 5.066e-02
         Iterations: 100
         Function evaluations: 110
         Jacobian evaluations: 101
Timer: Solution time = 9.47 min
Timer: Avg time per step = 5.62 sec
==============================================================================================================
                                                                 Start  -->   End
Total (sum of squares):                                      7.390e-01  -->   5.907e-01, 
Maximum absolute Boundary normal field error:                1.325e-02  -->   1.129e-02 (T*m^2, T^2*m^2)
Minimum absolute Boundary normal field error:                2.555e-07  -->   2.690e-06 (T*m^2, T^2*m^2)
Average absolute Boundary normal field error:                2.296e-03  -->   1.979e-03 (T*m^2, T^2*m^2)
Maximum absolute Boundary normal field error:                2.709e-02  -->   2.308e-02 (normalized)
Minimum absolute Boundary normal field error:                5.222e-07  -->   5.500e-06 (normalized)
Average absolute Boundary normal field error:                4.694e-03  -->   4.046e-03 (normalized)
Maximum absolute Quasi-symmetry (1,0) two-term error:        2.001e-03  -->   6.160e-03 (T^3)
Minimum absolute Quasi-symmetry (1,0) two-term error:        2.699e-17  -->   5.348e-17 (T^3)
Average absolute Quasi-symmetry (1,0) two-term error:        2.578e-04  -->   5.198e-04 (T^3)
Maximum absolute Quasi-symmetry (1,0) two-term error:        3.556e-03  -->   1.095e-02 (normalized)
Minimum absolute Quasi-symmetry (1,0) two-term error:        4.796e-17  -->   9.503e-17 (normalized)
Average absolute Quasi-symmetry (1,0) two-term error:        4.582e-04  -->   9.238e-04 (normalized)
Aspect ratio:                                                6.043e+00  -->   6.322e+00 (dimensionless)
Maximum Rotational transform:                                4.228e-01  -->   4.222e-01 (dimensionless)
Minimum Rotational transform:                                4.220e-01  -->   4.216e-01 (dimensionless)
Average Rotational transform:                                4.226e-01  -->   4.219e-01 (dimensionless)
Maximum Coil length:                                         4.123e+00  -->   4.124e+00 (m)
Minimum Coil length:                                         4.123e+00  -->   4.123e+00 (m)
Average Coil length:                                         4.123e+00  -->   4.123e+00 (m)
Maximum Coil curvature:                                      7.516e+00  -->   8.133e+00 (m^-1)
Minimum Coil curvature:                                      0.000e+00  -->   0.000e+00 (m^-1)
Average Coil curvature:                                      1.513e+00  -->   1.528e+00 (m^-1)
Maximum Coil mean squared curvature:                         4.091e+00  -->   4.149e+00 (m^-2)
Minimum Coil mean squared curvature:                         3.830e+00  -->   3.755e+00 (m^-2)
Average Coil mean squared curvature:                         3.973e+00  -->   3.970e+00 (m^-2)
Maximum Coil-coil distance penalty:                          1.355e-03  -->   1.023e-03 (dimensionless)
Minimum Coil-coil distance penalty:                          0.000e+00  -->   0.000e+00 (dimensionless)
Average Coil-coil distance penalty:                          2.510e-05  -->   1.895e-05 (dimensionless)
Maximum Minimum plasma-coil distance:                        2.872e-01  -->   2.905e-01 (m)
Minimum Minimum plasma-coil distance:                        2.369e-01  -->   2.433e-01 (m)
Average Minimum plasma-coil distance:                        2.639e-01  -->   2.705e-01 (m)
Maximum absolute Force error:                                2.389e+01  -->   3.385e+01 (N)
Minimum absolute Force error:                                4.526e-04  -->   4.403e-04 (N)
Average absolute Force error:                                8.561e-01  -->   9.432e-01 (N)
Maximum absolute Force error:                                2.179e-05  -->   3.088e-05 (normalized)
Minimum absolute Force error:                                4.129e-10  -->   4.017e-10 (normalized)
Average absolute Force error:                                7.810e-07  -->   8.605e-07 (normalized)
R boundary error:                                            1.003e-18  -->   7.671e-20 (m)
Fixed Psi error:                                             0.000e+00  -->   0.000e+00 (Wb)
Fixed pressure profile error:                                0.000e+00  -->   0.000e+00 (Pa)
Fixed current profile error:                                 0.000e+00  -->   0.000e+00 (A)
Fixed sheet current error:                                   0.000e+00  -->   0.000e+00 (~)
Z boundary error:                                            3.128e-19  -->   2.177e-19 (m)
Summed coil current error:                                   0.000e+00  -->   4.657e-10 (A)
==============================================================================================================

/home/singh/Documents/DESC2/coil_sandbox/vendor/desc/utils.py:590: UserWarning: Unequal number of field periods for grid 1 and basis 2.
  warnings.warn(msg, err)
/home/singh/Documents/DESC2/coil_sandbox/vendor/desc/utils.py:590: UserWarning: Unequal number of field periods for grid 1 and basis 2.
  warnings.warn(msg, err)
/home/singh/Documents/DESC2/coil_sandbox/vendor/desc/utils.py:590: FutureWarning: constants is deprecated and will be removed in a future release. Users should not include constants in the arguments of their objective compute methods. Instead declare all the constants in the build method and use as self._constants.
  warnings.warn(msg, err)

TERMS AFTER k=2
term                             dim_f    weight     norm    s(qw)  target/bounds           raw min    raw max       cost  err/tol  share
Vacuum B.n error                  1326      31.8   0.4892    6.283  = 0                   -0.008403    0.01129     0.5312     1.03  89.9%
QS two-term                       5445      6.82   0.5627    41.41  = 0                    -0.00616    0.00616    0.05883    0.343  10.0%
aspect ratio                         1      16.7        -        1  [5.5, 6.5]                6.322      6.322          0        0   0.0%
rotational transform                20       250        -        1  [0.4, inf]               0.4216     0.4222          0        0   0.0%
coil length                          4      24.3        -        2  [0, 4.123]                4.123      4.124  0.0005833   0.0342   0.1%
coil curvature                    1204      23.8        -   0.7243  [0, 11.58]                    0      8.133          0        0   0.0%
coil mean squared curvature          4      17.9        -        2  [0, 5.592]                3.755      4.149          0        0   0.0%
coil-coil distance penalty          54        11        -    7.348  [-inf, 0]                     0   0.001023  6.378e-05   0.0113   0.0%
plasma-coil minimum distance         8       573        -    2.828  [0.1745, inf]            0.2433     0.2905          0        0   0.0%
total cost 0.5 sum f^2                                                                                                      0.5907
k=2 physics  A 6.322  R0 1.0304  a 0.1630  iota [0.4216, 0.4222]  QS(Boozer, |B_nonsym|/<B>) rho 0.25 7.78e-05  rho 0.5 9.51e-05  rho 0.75 1.70e-04  rho 1 4.67e-04
k=2 coils    bn 4.5042e-03 (max 3.022e-02)  L 1.000  kappa 0.699  kMS 0.737  d_cc 1.032  d_pc 1.419  linked 0  -> FAILS L
k=2 solver   Maximum number of iterations has been exceeded.  nit 100  wall 9.6 min

wrote work/ss_qa/ss_k2_qs10: eq_k*.h5, coils_k*.h5, result.json
