+ C='--nfp 2 --nc 4 --iota 0.42 --rcoil 0.5 --dpa 0.35 --Lmax 3.6 --kmax 10 --dcc 0.08'
+ python run_na.py --nfp 2 --nc 4 --iota 0.42 --rcoil 0.5 --dpa 0.35 --Lmax 3.6 --kmax 10 --dcc 0.08 --mode z0 --init runs/qa_z0 --maxfev 1500 --out runs/qa_z0b
nfp 2 nc 4 mode z0 helicity 0.0 nparams 80
{"tag": "init", "cost": 0.026904503915898072, "fB": 0.0038456552360714115, "fG": 0.017462133587597357, "max_dB": 0.05745459692691606, "max_dG_rel": 0.06501897207103291, "iota": 0.3815264786955728, "eta": 0.7894883502769241, "hel": 0.0, "max_elong": 3.943690528341633, "axis_rc": [0.94442, 0.18549, 0.01431, 0.00015, -0.00012, -1e-05], "axis_zs": [0.0, -0.08095, -0.00726, -0.00059, -5e-05, -2e-05], "Lcoil": [3.604, 3.613, 3.63, 3.635], "I": [0.03806, 0.03312, 0.02625, 0.02767], "pen": 0.0009243602923029206}
The maximum number of function evaluations is exceeded.
Function evaluations 1500, initial cost 2.6905e-02, final cost 6.0726e-03, first-order optimality 1.13e-01.
time 560s status 0 nfev 1500
{"tag": "final", "cost": 0.006072613552066796, "fB": 0.00031963131777225005, "fG": 0.005207902123701883, "max_dB": 0.01769452984701529, "max_dG_rel": 0.035525529014336664, "iota": 0.4104779969955318, "eta": 0.7219795839539603, "hel": 0.0, "max_elong": 5.589387778076714, "axis_rc": [0.9301, 0.21401, 0.02124, 0.00059, -0.00021, -2e-05], "axis_zs": [0.0, -0.06932, -0.00656, -0.00034, 2e-05, -1e-05], "Lcoil": [3.603, 3.604, 3.61, 3.613], "I": [0.03384, 0.03404, 0.02596, 0.02961], "pen": 0.00013278923465174394}
+ python run_na.py --nfp 2 --nc 4 --iota 0.42 --rcoil 0.5 --dpa 0.35 --Lmax 3.6 --kmax 10 --dcc 0.08 --mode free --axis0 '1,0.15;0,0.1' --maxfev 1700 --out runs/qa_free
nfp 2 nc 4 mode free helicity 0.0 nparams 88
{"tag": "init", "cost": 8.35482802333923, "fB": 0.05328342422481477, "fG": 5.431662360386168, "max_dB": 0.2120660578739634, "max_dG_rel": 1.0846170343349606, "iota": -0.5861367820443846, "eta": 0.6, "hel": 0.0, "max_elong": 5.218332954505381, "axis_rc": [1.0, 0.15, 0.0, 0.0, 0.0, 0.0], "axis_zs": [0.0, 0.1, 0.0, 0.0, 0.0, 0.0], "Lcoil": [2.927, 2.927, 2.927, 2.927], "I": [0.03125, 0.03125, 0.03125, 0.03125], "pen": 0.0}
The maximum number of function evaluations is exceeded.
Function evaluations 1700, initial cost 8.3548e+00, final cost 9.4067e-04, first-order optimality 1.06e-02.
time 1785s status 0 nfev 1700
{"tag": "final", "cost": 0.0009406692931569366, "fB": 3.719743422470823e-06, "fG": 0.0008459226159420909, "max_dB": 0.0020081377683616604, "max_dG_rel": 0.012426892656129377, "iota": 0.4193485984325224, "eta": 1.007463897604464, "hel": 0.0, "max_elong": 4.0178479967211675, "axis_rc": [0.92249, 0.18155, 0.02176, 0.00199, 0.00027, 6e-05], "axis_zs": [0.0, -0.16239, -0.02267, -0.00267, -0.00014, -0.0], "Lcoil": [3.601, 3.602, 3.602, 3.6], "I": [0.03232, 0.03206, 0.03409, 0.02489], "pen": 7.996680537117606e-08}
+ python run_na.py --nfp 2 --nc 4 --iota 0.42 --rcoil 0.5 --dpa 0.35 --Lmax 3.6 --kmax 10 --dcc 0.08 --mode free --init runs/qa_z0b --maxfev 1000 --out runs/qa_z0b_to_free
nfp 2 nc 4 mode free helicity 0.0 nparams 88
{"tag": "init", "cost": 0.006072613552066796, "fB": 0.00031963131777225005, "fG": 0.005207902123701883, "max_dB": 0.01769452984701529, "max_dG_rel": 0.035525529014336664, "iota": 0.4104779969955318, "eta": 0.7219795839539603, "hel": 0.0, "max_elong": 5.589387778076714, "axis_rc": [0.9301, 0.21401, 0.02124, 0.00059, -0.00021, -2e-05], "axis_zs": [0.0, -0.06932, -0.00656, -0.00034, 2e-05, -1e-05], "Lcoil": [3.603, 3.604, 3.61, 3.613], "I": [0.03384, 0.03404, 0.02596, 0.02961], "pen": 0.00013278923465174394}
The maximum number of function evaluations is exceeded.
Function evaluations 1000, initial cost 6.0726e-03, final cost 2.3500e-04, first-order optimality 7.66e-03.
time 416s status 0 nfev 1000
{"tag": "final", "cost": 0.00023499793504092663, "fB": 4.125016374701421e-07, "fG": 0.00022865105242500056, "max_dB": 0.0009733139577492773, "max_dG_rel": 0.007695373609102609, "iota": 0.41992530737510164, "eta": 0.6072478288329571, "hel": 0.0, "max_elong": 7.356282785050142, "axis_rc": [0.94489, 0.20865, 0.01891, 0.0006, -9e-05, -3e-05], "axis_zs": [0.0, -0.07926, -0.00832, 0.00046, 0.00035, 4e-05], "Lcoil": [3.6, 3.6, 3.6, 3.601], "I": [0.03004, 0.02956, 0.02763, 0.03735], "pen": 2.802673375215648e-07}
