Running as unit: run-p1244369-i1246247.scope; invocation ID: 78d94a06d8ca4dfe87ced627167ad358
E0922 21:58:32.130493 1244456 cuda_executor.cc:1743] Could not get kernel mode driver version: ( INVALID_ARGUMENT: Version does not match the format X.Y.Z )
E0922 21:58:32.143824 1244369 cuda_executor.cc:1743] Could not get kernel mode driver version: ( INVALID_ARGUMENT: Version does not match the format X.Y.Z )
DEVICE requested=gpu obtained=gpu (1x NVIDIA GeForce RTX 5070 Laptop GPU)
  [mem] RSS 0.83 GB  peak 0.83 GB
/home/singh/Documents/DESC2/coil_sandbox/vendor/desc/utils.py:590: UserWarning: Unequal number of field periods for grid 1 and basis 2.
  warnings.warn(msg, err)
/home/singh/Documents/DESC2/coil_sandbox/vendor/desc/utils.py:590: UserWarning: Unequal number of field periods for grid 1 and basis 2.
  warnings.warn(msg, err)
eq 922_stage1opt_results/runs/loose_eps1_L1/eq_lo.h5 (h5) NFP 2 sym True; start 922_stage1opt_results/runs/coilval/start_planar_leg1.h5: 4 unique coils, arc=False, expect 16 coils; source grid uniform (801 nodes/coil), length grid uniform (801), constraint grid 301, curvature grid 301; mode stage2; VACUUM (plasma field ignored)
SETTINGS {'eq': '922_stage1opt_results/runs/loose_eps1_L1/eq_lo.h5', 'start': '922_stage1opt_results/runs/coilval/start_planar_leg1.h5', 'out': '922_stage1opt_results/runs/coilval/leg1_planar', 'mode': 'stage2', 'length_mult': 1.0, 'margin': 0.0, 'fix_hinges': False, 'anchor_weight': 0.001, 'margin_skip': '', 'a': None, 'bounds': 'bounds/precise_qa_planar.json', 'device': 'gpu', 'vacuum': True, 'maxiter': 200, 'check_every': 50, 'ckpt_every': 50, 'diag_log': None, 'dcc_backoff': 0.025, 'dpc_backoff': 0.02, 'no_arc_backoffs': False, 'convex_form': 'signed', 'convex_kmin': 0.0, 'convex_backoff': 0.5, 'demount_margin': None, 'demount_backoff': 0.02, 'demount_arcs': False, 'demount_delta': 0.5, 'demount_eps': 0.25, 'level_hinges': False, 'fix_hinge_z': None, 'corner_max': None, 'planarity': 'auto', 'planarity_tol': 0.0, 'speed_floor': 0.0, 'arclength_weight': 0.0, 'torsion_weight': 0.0, 'coil_grid_n': 150, 'kappa_grid_n': None, 'eval_m': 25, 'eval_n': 25, 'plasma_m': 64, 'plasma_n': 64, 'src_gl': 24, 'src_n': 400, 'vc_m': None, 'vc_n': None, 'vc_chunk': 64, 'dcc_k': 20000, 'dpc_k': 20000, 'no_signed': False, 'dcc_neighbors': None, 'dcc_chunk': 4, 'dpc_chunk': 1, 'qf_chunk': 25, 'coil_jac_chunk': None, 'no_second_order': False, 'so_chunk': 16, 'so_rtol': 0.05, 'max_tr': 0.5, 'max_inner_iter': 100, 'ctol': 0.0001}
BOUNDS (judged, absolute, a=0.16658) L 3.2  Ltot -  kappa 8  kms 8  convex -  planar -  dcc 0.1  dpc 0.05
ENFORCED L 3.2  Ltot -  kappa 8  kms 8  convex -  planar -  dcc 0.1025  dpc 0.051
START  bn 1.2921e-01  L 0.818  kappa 0.300  kMS 0.721  d_cc 2.055  d_pc 1.372  linked 0  coils 16  -> FEASIBLE
Building objective: Quadratic flux
Precomputing transforms
Timer: Precomputing transforms = 1.62 sec
ObjectiveFunction deriv_mode : blocked
Quadratic flux jac_chunk_size: 25
Timer: Objective build = 2.13 sec
Building objective: summed coil current
Building objective: fixed shift
Building objective: fixed rotation
ObjectiveFunction deriv_mode : blocked
summed coil current jac_chunk_size: None
fixed shift jac_chunk_size: None
fixed rotation jac_chunk_size: None
Timer: Objective build = 349 ms
Building objective: coil length
Precomputing transforms
Timer: Precomputing transforms = 188 ms
Building objective: coil curvature
Precomputing transforms
Timer: Precomputing transforms = 3.23 ms
Building objective: coil mean squared curvature
Precomputing transforms
Timer: Precomputing transforms = 2.98 ms
Building objective: coil-coil distance penalty
Building objective: plasma-coil distance penalty
ObjectiveFunction deriv_mode : blocked
coil length jac_chunk_size: None
coil curvature jac_chunk_size: None
coil mean squared curvature jac_chunk_size: None
coil-coil distance penalty jac_chunk_size: 4
plasma-coil distance penalty jac_chunk_size: 1
Timer: Objective build = 5.22 sec
Timer: LinearConstraintProjection build = 2.16 sec
Timer: LinearConstraintProjection build = 111 ms
Number of parameters: 87
Number of objectives: 1326
  [mem] RSS 3.15 GB  peak 3.15 GB
Number of equality constraints: 0
Number of inequality constraints: 1256
Timer: Initializing the optimization = 10.7 sec

Starting optimization
Using method: lsq-auglag
E0922 21:59:13.126075 1244484 cuda_timer.cc:87] Delay kernel timed out: measured time has sub-optimal accuracy. There may be a missing warmup execution, please investigate in Nsight Systems.
E0922 21:59:23.093436 1244474 cuda_timer.cc:87] Delay kernel timed out: measured time has sub-optimal accuracy. There may be a missing warmup execution, please investigate in Nsight Systems.
E0922 21:59:23.346981 1244486 cuda_timer.cc:87] Delay kernel timed out: measured time has sub-optimal accuracy. There may be a missing warmup execution, please investigate in Nsight Systems.
  [mem] RSS 3.70 GB  peak 3.70 GB
Solver options:
------------------------------------------------------------
Maximum Function Evaluations       : 1001
Maximum Allowed Total Δx Norm      : inf
Scaled Termination                 : True
Trust Region Method                : svd
Initial Trust Radius               : 3.094e-01
Maximum Trust Radius               : 5.000e-01
Minimum Trust Radius               : 2.220e-16
Trust Radius Increase Ratio        : 4.000e+00
Trust Radius Decrease Ratio        : 2.500e-01
Trust Radius Increase Threshold    : 7.500e-01
Trust Radius Decrease Threshold    : 5.000e-01
Alpha Omega                        : 1.000e+00
Beta Omega                         : 1.000e+00
Alpha Eta                          : 1.000e-01
Beta Eta                           : 9.000e-01
Omega                              : 1.000e-02
Eta                                : 1.000e-02
Tau                                : 1.000e+01
------------------------------------------------------------ 

   Iteration     Total nfev        Cost      Cost reduction    Step norm     Optimality    Constr viol.   Penalty param  max(|mltplr|)      gtolk     
       0              1          1.400e+02                                    6.390e+00      0.000e+00      1.000e+01      0.000e+00      1.000e-03   
second_order: compiling constraint Hessian for blocks CoilLength, CoilCurvature, CoilMeanSquaredCurvature
  [mem] RSS 4.33 GB  peak 4.33 GB
       1              2          1.341e+02      5.896e+00      1.255e-02      5.857e+00      0.000e+00      1.000e+01      0.000e+00      1.000e-03   
       2              3          1.254e+02      8.651e+00      2.022e-02      5.258e+00      0.000e+00      1.000e+01      0.000e+00      1.000e-03   
       3              4          1.177e+02      7.716e+00      2.072e-02      4.811e+00      0.000e+00      1.000e+01      0.000e+00      1.000e-03   
       4              5          1.108e+02      6.920e+00      2.216e-02      4.524e+00      0.000e+00      1.000e+01      0.000e+00      1.000e-03   
       5              6          1.046e+02      6.240e+00      2.483e-02      4.257e+00      0.000e+00      1.000e+01      0.000e+00      1.000e-03   
       6              7          9.890e+01      5.656e+00      2.870e-02      4.006e+00      0.000e+00      1.000e+01      0.000e+00      1.000e-03   
       7              8          9.374e+01      5.153e+00      3.348e-02      3.769e+00      0.000e+00      1.000e+01      0.000e+00      1.000e-03   
       8              9          8.902e+01      4.720e+00      3.880e-02      3.543e+00      0.000e+00      1.000e+01      0.000e+00      1.000e-03   
       9             10          8.468e+01      4.343e+00      4.435e-02      3.326e+00      0.000e+00      1.000e+01      0.000e+00      1.000e-03   
      10             11          8.068e+01      3.996e+00      4.989e-02      3.115e+00      0.000e+00      1.000e+01      0.000e+00      1.000e-03   
      11             12          7.700e+01      3.686e+00      5.515e-02      2.909e+00      0.000e+00      1.000e+01      0.000e+00      1.000e-03   
      12             13          7.359e+01      3.407e+00      6.001e-02      2.708e+00      0.000e+00      1.000e+01      0.000e+00      1.000e-03   
      13             14          7.044e+01      3.154e+00      6.443e-02      2.511e+00      0.000e+00      1.000e+01      0.000e+00      1.000e-03   
      14             15          6.751e+01      2.926e+00      6.844e-02      2.320e+00      0.000e+00      1.000e+01      0.000e+00      1.000e-03   
      15             16          6.480e+01      2.713e+00      7.222e-02      2.144e+00      0.000e+00      1.000e+01      0.000e+00      1.000e-03   
  [mem] RSS 4.33 GB  peak 4.33 GB
      16             17          6.229e+01      2.504e+00      7.567e-02      1.986e+00      0.000e+00      1.000e+01      0.000e+00      1.000e-03   
      17             18          5.999e+01      2.307e+00      7.903e-02      1.859e+00      0.000e+00      1.000e+01      0.000e+00      1.000e-03   
      18             19          5.787e+01      2.121e+00      8.219e-02      1.732e+00      0.000e+00      1.000e+01      0.000e+00      1.000e-03   
      19             20          5.592e+01      1.948e+00      8.482e-02      1.611e+00      0.000e+00      1.000e+01      0.000e+00      1.000e-03   
      20             21          5.413e+01      1.789e+00      8.722e-02      1.494e+00      0.000e+00      1.000e+01      0.000e+00      1.000e-03   
      21             22          5.249e+01      1.643e+00      8.939e-02      1.383e+00      0.000e+00      1.000e+01      0.000e+00      1.000e-03   
      22             23          5.098e+01      1.510e+00      9.131e-02      1.276e+00      0.000e+00      1.000e+01      0.000e+00      1.000e-03   
      23             24          4.959e+01      1.389e+00      9.301e-02      1.188e+00      0.000e+00      1.000e+01      0.000e+00      1.000e-03   
      24             25          4.830e+01      1.285e+00      9.391e-02      1.104e+00      0.000e+00      1.000e+01      0.000e+00      1.000e-03   
      25             26          4.711e+01      1.189e+00      9.501e-02      1.015e+00      0.000e+00      1.000e+01      0.000e+00      1.000e-03   
      26             27          4.601e+01      1.104e+00      9.611e-02      9.306e-01      0.000e+00      1.000e+01      0.000e+00      1.000e-03   
      27             28          4.498e+01      1.026e+00      9.682e-02      8.596e-01      0.000e+00      1.000e+01      0.000e+00      1.000e-03   
      28             29          4.403e+01      9.558e-01      9.711e-02      8.012e-01      0.000e+00      1.000e+01      0.000e+00      1.000e-03   
      29             30          4.313e+01      8.935e-01      9.702e-02      7.455e-01      0.000e+00      1.000e+01      0.000e+00      1.000e-03   
      30             31          4.230e+01      8.370e-01      9.631e-02      6.966e-01      0.000e+00      1.000e+01      0.000e+00      1.000e-03   
      31             32          4.151e+01      7.860e-01      9.532e-02      6.490e-01      0.000e+00      1.000e+01      0.000e+00      1.000e-03   
  [mem] RSS 4.33 GB  peak 4.33 GB
      32             33          4.077e+01      7.404e-01      9.382e-02      6.072e-01      0.000e+00      1.000e+01      0.000e+00      1.000e-03   
      33             34          4.007e+01      6.977e-01      9.183e-02      5.682e-01      0.000e+00      1.000e+01      0.000e+00      1.000e-03   
      34             35          3.941e+01      6.581e-01      8.932e-02      5.311e-01      0.000e+00      1.000e+01      0.000e+00      1.000e-03   
      35             36          3.879e+01      6.217e-01      8.640e-02      4.993e-01      0.000e+00      1.000e+01      0.000e+00      1.000e-03   
      36             37          3.820e+01      5.863e-01      8.293e-02      4.666e-01      0.000e+00      1.000e+01      0.000e+00      1.000e-03   
      37             38          3.765e+01      5.536e-01      7.889e-02      4.359e-01      0.000e+00      1.000e+01      0.000e+00      1.000e-03   
      38             39          3.713e+01      5.195e-01      7.426e-02      4.058e-01      4.102e-02      1.000e+01      0.000e+00      1.000e-03   
      39             40          3.664e+01      4.871e-01      6.925e-02      3.782e-01      8.116e-02      1.000e+01      0.000e+00      1.000e-03   
      40             41          3.619e+01      4.538e-01      6.370e-02      3.514e-01      1.174e-01      1.000e+01      0.000e+00      1.000e-03   
      41             42          3.577e+01      4.183e-01      5.765e-02      3.219e-01      1.492e-01      1.000e+01      0.000e+00      1.000e-03   
      42             43          3.539e+01      3.814e-01      5.120e-02      2.895e-01      1.759e-01      1.000e+01      0.000e+00      1.000e-03   
      43             44          3.505e+01      3.436e-01      4.441e-02      2.581e-01      1.975e-01      1.000e+01      0.000e+00      1.000e-03   
      44             45          3.474e+01      3.039e-01      3.736e-02      2.226e-01      2.138e-01      1.000e+01      0.000e+00      1.000e-03   
      45             46          3.448e+01      2.637e-01      3.075e-02      1.859e-01      2.253e-01      1.000e+01      0.000e+00      1.000e-03   
      46             47          3.426e+01      2.232e-01      2.574e-02      1.505e-01      2.327e-01      1.000e+01      0.000e+00      1.000e-03   
      47             48          3.407e+01      1.857e-01      2.329e-02      1.181e-01      2.371e-01      1.000e+01      0.000e+00      1.000e-03   
  [mem] RSS 4.33 GB  peak 4.33 GB
      48             49          3.392e+01      1.530e-01      2.261e-02      9.419e-02      2.398e-01      1.000e+01      0.000e+00      1.000e-03   
      49             50          3.379e+01      1.279e-01      2.243e-02      9.279e-02      2.413e-01      1.000e+01      0.000e+00      1.000e-03   
second_order: compiling constraint Hessian for blocks CoilLength, CoilMeanSquaredCurvature
  [it   50] bn 6.2228e-02  L 1.032  kappa 0.895  kMS 1.002  d_cc 2.456  d_pc 3.084  -> FAILS L,kMS
      50             51          3.368e+01      1.105e-01      2.229e-02      9.086e-02      2.424e-01      1.000e+01      0.000e+00      1.000e-03   
      51             52          3.358e+01      9.685e-02      2.196e-02      8.854e-02      2.432e-01      1.000e+01      0.000e+00      1.000e-03   
      52             53          3.349e+01      8.794e-02      2.154e-02      8.591e-02      2.439e-01      1.000e+01      0.000e+00      1.000e-03   
      53             54          3.341e+01      8.130e-02      2.131e-02      8.267e-02      2.446e-01      1.000e+01      0.000e+00      1.000e-03   
  [mem] RSS 4.37 GB  peak 4.37 GB
      54             55          3.334e+01      7.560e-02      2.078e-02      7.933e-02      2.454e-01      1.000e+01      0.000e+00      1.000e-03   
      55             56          3.327e+01      7.063e-02      2.025e-02      7.579e-02      2.460e-01      1.000e+01      0.000e+00      1.000e-03   
      56             57          3.320e+01      6.565e-02      1.966e-02      7.212e-02      2.475e-01      1.000e+01      0.000e+00      1.000e-03   
      57             58          3.314e+01      6.125e-02      1.910e-02      6.846e-02      2.495e-01      1.000e+01      0.000e+00      1.000e-03   
      58             59          3.308e+01      5.723e-02      1.870e-02      6.483e-02      2.513e-01      1.000e+01      0.000e+00      1.000e-03   
      59             60          3.303e+01      5.368e-02      1.851e-02      6.155e-02      2.528e-01      1.000e+01      0.000e+00      1.000e-03   
      60             61          3.298e+01      5.011e-02      1.864e-02      5.830e-02      2.541e-01      1.000e+01      0.000e+00      1.000e-03   
      61             62          3.293e+01      4.579e-02      1.886e-02      5.532e-02      2.551e-01      1.000e+01      0.000e+00      1.000e-03   
      62             63          3.289e+01      4.174e-02      1.883e-02      5.256e-02      2.558e-01      1.000e+01      0.000e+00      1.000e-03   
      63             64          3.285e+01      3.829e-02      1.790e-02      5.005e-02      2.563e-01      1.000e+01      0.000e+00      1.000e-03   
      64             65          3.282e+01      3.520e-02      1.660e-02      4.874e-02      2.564e-01      1.000e+01      0.000e+00      1.000e-03   
      65             66          3.279e+01      3.262e-02      1.622e-02      4.723e-02      2.563e-01      1.000e+01      0.000e+00      1.000e-03   
      66             67          3.276e+01      3.031e-02      1.529e-02      4.595e-02      2.560e-01      1.000e+01      0.000e+00      1.000e-03   
      67             68          3.273e+01      2.805e-02      1.498e-02      4.453e-02      2.555e-01      1.000e+01      0.000e+00      1.000e-03   
      68             69          3.270e+01      2.618e-02      1.407e-02      4.331e-02      2.549e-01      1.000e+01      0.000e+00      1.000e-03   
      69             70          3.268e+01      2.452e-02      1.350e-02      4.202e-02      2.541e-01      1.000e+01      0.000e+00      1.000e-03   
  [mem] RSS 4.37 GB  peak 4.37 GB
      70             71          3.265e+01      2.323e-02      1.341e-02      4.078e-02      2.533e-01      1.000e+01      0.000e+00      1.000e-03   
      71             72          3.263e+01      2.190e-02      1.358e-02      3.958e-02      2.524e-01      1.000e+01      0.000e+00      1.000e-03   
      72             73          3.261e+01      2.065e-02      1.380e-02      3.841e-02      2.516e-01      1.000e+01      0.000e+00      1.000e-03   
      73             74          3.259e+01      1.947e-02      1.364e-02      3.726e-02      2.507e-01      1.000e+01      0.000e+00      1.000e-03   
      74             75          3.257e+01      1.842e-02      1.383e-02      3.617e-02      2.498e-01      1.000e+01      0.000e+00      1.000e-03   
      75             76          3.256e+01      1.752e-02      1.399e-02      3.507e-02      2.489e-01      1.000e+01      0.000e+00      1.000e-03   
      76             77          3.254e+01      1.664e-02      1.448e-02      3.412e-02      2.481e-01      1.000e+01      0.000e+00      1.000e-03   
      77             78          3.252e+01      1.598e-02      1.472e-02      3.292e-02      2.472e-01      1.000e+01      0.000e+00      1.000e-03   
      78             79          3.251e+01      1.491e-02      1.512e-02      3.189e-02      2.464e-01      1.000e+01      0.000e+00      1.000e-03   
      79             80          3.249e+01      1.451e-02      1.549e-02      3.063e-02      2.457e-01      1.000e+01      0.000e+00      1.000e-03   
      80             81          3.248e+01      1.349e-02      1.554e-02      2.972e-02      2.449e-01      1.000e+01      0.000e+00      1.000e-03   
      81             82          3.247e+01      1.318e-02      1.575e-02      2.841e-02      2.442e-01      1.000e+01      0.000e+00      1.000e-03   
      82             83          3.245e+01      1.221e-02      1.610e-02      2.765e-02      2.436e-01      1.000e+01      0.000e+00      1.000e-03   
      83             84          3.244e+01      1.216e-02      1.620e-02      2.610e-02      2.429e-01      1.000e+01      0.000e+00      1.000e-03   
      84             85          3.243e+01      1.087e-02      1.697e-02      2.566e-02      2.423e-01      1.000e+01      0.000e+00      1.000e-03   
      85             86          3.242e+01      1.151e-02      1.677e-02      2.367e-02      2.418e-01      1.000e+01      0.000e+00      1.000e-03   
  [mem] RSS 4.37 GB  peak 4.37 GB
      86             87          3.241e+01      9.442e-03      1.714e-02      2.400e-02      2.413e-01      1.000e+01      0.000e+00      1.000e-03   
      87             88          3.240e+01      1.104e-02      1.648e-02      2.090e-02      2.407e-01      1.000e+01      0.000e+00      1.000e-03   
      88             89          3.239e+01      6.953e-03      1.832e-02      2.277e-02      2.403e-01      1.000e+01      0.000e+00      1.000e-03   
      89             90          3.238e+01      1.113e-02      1.736e-02      1.800e-02      2.399e-01      1.000e+01      0.000e+00      1.000e-03   
      90             91          3.238e+01      2.356e-03      1.733e-02      2.217e-02      2.396e-01      1.000e+01      0.000e+00      1.000e-03   
      91             92          3.237e+01      1.158e-02      1.651e-02      2.666e-02      2.392e-01      1.000e+01      0.000e+00      1.000e-03   
      92             93          3.237e+01      6.226e-04      3.649e-03      1.411e-02      2.392e-01      1.000e+01      0.000e+00      1.000e-03   
      93             94          3.236e+01      6.930e-03      1.714e-02      1.924e-02      2.392e-01      1.000e+01      0.000e+00      1.000e-03   
      94             95          3.235e+01      8.526e-03      1.834e-02      1.820e-02      2.385e-01      1.000e+01      0.000e+00      1.000e-03   
      95             96          3.235e+01     -1.225e-04      1.673e-02      2.214e-02      2.387e-01      1.000e+01      0.000e+00      1.000e-03   
      96             97          3.234e+01      8.475e-03      3.682e-03      1.338e-02      2.385e-01      1.000e+01      0.000e+00      1.000e-03   
      97             98          3.234e+01      6.057e-03      1.589e-02      1.435e-02      2.383e-01      1.000e+01      0.000e+00      1.000e-03   
      98             99          3.233e+01      2.252e-03      1.869e-02      1.530e-02      2.384e-01      1.000e+01      0.000e+00      1.000e-03   
      99             100         3.233e+01      8.492e-03      1.671e-02      2.619e-02      2.380e-01      1.000e+01      0.000e+00      1.000e-03   
  [it  100] bn 6.1298e-02  L 1.031  kappa 1.093  kMS 1.019  d_cc 2.304  d_pc 3.038  -> FAILS L,kappa,kMS
      100            101         3.233e+01     -4.092e-05      3.753e-03      1.997e+00      2.381e-01      1.043e+01      6.442e-02      1.997e-01   
  [mem] RSS 4.37 GB  peak 4.37 GB
      101            102         3.257e+01     -2.416e-01      4.557e-03      1.755e+00      2.128e-01      1.043e+01      6.442e-02      1.997e-01   
      102            103         3.297e+01     -3.995e-01      1.414e-02      1.352e+00      1.707e-01      1.043e+01      6.442e-02      1.997e-01   
      103            104         3.337e+01     -4.056e-01      1.728e-02      9.385e-01      1.275e-01      1.043e+01      6.442e-02      1.997e-01   
      104            105         3.377e+01     -3.988e-01      1.499e-02      5.178e-01      8.331e-02      1.043e+01      6.442e-02      1.997e-01   
      105            106         3.409e+01     -3.232e-01      1.557e-02      1.271e+00      4.323e-02      1.401e+01      6.704e-02      1.271e-01   
      106            107         3.429e+01     -1.954e-01      5.093e-03      6.949e-01      2.540e-02      1.401e+01      6.704e-02      1.271e-01   
      107            108         3.445e+01     -1.603e-01      1.666e-02      1.835e-01      8.988e-03      1.401e+01      6.704e-02      1.271e-01   
      108            109         3.445e+01     -3.013e-03      1.749e-02      3.272e-01      6.988e-03      1.401e+01      6.988e+00      3.272e-02   
      109            110         3.452e+01     -7.127e-02      3.626e-02      7.238e-02      1.909e-03      1.401e+01      6.988e+00      3.272e-02   
      110            111         3.451e+01      1.583e-02      3.099e-02      4.933e-02      6.155e-03      1.401e+01      6.988e+00      3.272e-02   
      111            112         3.449e+01      1.775e-02      2.516e-02      8.343e-02      7.378e-03      1.480e+01      6.988e+00      8.343e-03   
      112            113         3.448e+01      1.186e-02      2.084e-02      2.031e-02      3.217e-04      1.480e+01      6.988e+00      8.343e-03   
      113            114         3.447e+01      1.026e-02      1.670e-02      1.236e-02      3.009e-04      1.480e+01      6.988e+00      8.343e-03   
      114            115         3.446e+01      7.686e-03      1.454e-02      8.400e-03      3.027e-04      1.480e+01      6.988e+00      8.343e-03   
      115            116         3.446e+01      5.921e-03      1.274e-02      1.110e+01      3.043e-04      1.480e+01      2.771e+00      1.110e+00   
  [mem] RSS 4.38 GB  peak 4.38 GB
      116            117         3.445e+01      6.920e-04      2.325e-03      1.534e+00      2.990e-04      1.480e+01      2.771e+00      1.110e+00   
      117            118         3.445e+01      5.133e-03      6.486e-03      1.208e+01      8.821e-04      1.480e+01      3.026e+00      1.208e+00   
      118            119         3.444e+01      9.368e-03      2.331e-03      1.123e+01      5.543e-04      1.480e+01      3.026e+00      1.208e+00   
      119            120         3.444e+01      4.819e-03      1.253e-03      1.083e+01      3.960e-04      1.480e+01      3.026e+00      1.208e+00   
      120            121         3.443e+01      5.500e-04      2.459e-03      2.111e+00      2.024e-04      1.480e+01      4.805e+00      2.111e-01   
      121            122         3.443e+01      2.808e-03      4.419e-03      2.671e-01      0.000e+00      1.480e+01      4.110e+00      2.671e-02   
      122            123         3.444e+01     -6.297e-03      5.443e-02      1.879e-01      2.326e-04      1.480e+01      4.110e+00      2.671e-02   
      123            124         3.444e+01      2.712e-05      6.033e-02      4.202e+00      6.873e-04      1.480e+01      2.460e+00      4.202e-01   
second_order: compiling constraint Hessian for blocks CoilLength, CoilCurvature
  [mem] RSS 4.48 GB  peak 4.48 GB
      124            126         3.444e+01     -1.492e-03      8.782e-03      1.431e-01      0.000e+00      1.480e+01      3.070e+00      1.431e-02   
      125            127         3.444e+01      3.391e-03      1.140e-02      5.098e-02      7.675e-04      1.480e+01      3.070e+00      1.431e-02   
      126            128         3.443e+01      4.642e-03      3.301e-02      2.556e-02      3.716e-04      1.480e+01      2.667e+00      2.556e-03   
      127            129         3.442e+01      7.442e-03      2.963e-02      5.038e-03      4.588e-05      1.480e+01      2.667e+00      2.556e-03   
      128            130         3.442e+01      5.425e-03      2.473e-02      3.857e-03      0.000e+00      1.480e+01      2.667e+00      2.556e-03   
      129            131         3.441e+01      4.489e-03      2.017e-02      4.365e-03      4.866e-05      1.480e+01      2.667e+00      2.556e-03   
      130            132         3.441e+01      3.744e-03      1.605e-02      5.345e-03      6.356e-05      1.480e+01      2.667e+00      2.556e-03   
      131            133         3.441e+01      3.286e-03      1.258e-02      6.168e-03      6.004e-05      1.480e+01      2.667e+00      2.556e-03   
      132            134         3.440e+01      3.014e-03      1.079e-02      6.886e-03      5.315e-05      1.480e+01      2.667e+00      2.556e-03   
      133            135         3.440e+01      2.792e-03      9.909e-03      7.261e-03      4.763e-05      1.480e+01      2.667e+00      2.556e-03   
      134            136         3.440e+01      2.626e-03      9.292e-03      7.394e-03      4.472e-05      1.480e+01      2.667e+00      2.556e-03   
      135            137         3.440e+01      2.499e-03      8.911e-03      7.172e-03      4.437e-05      1.480e+01      2.667e+00      2.556e-03   
      136            138         3.439e+01      2.402e-03      8.657e-03      6.934e-03      4.537e-05      1.480e+01      2.667e+00      2.556e-03   
      137            139         3.439e+01      2.329e-03      8.246e-03      6.379e-03      4.669e-05      1.480e+01      2.667e+00      2.556e-03   
      138            140         3.439e+01      2.211e-03      7.630e-03      6.180e-03      4.858e-05      1.480e+01      2.667e+00      2.556e-03   
      139            141         3.439e+01      2.166e-03      7.652e-03      5.477e-03      5.114e-05      1.480e+01      2.667e+00      2.556e-03   
  [mem] RSS 4.48 GB  peak 4.48 GB
      140            142         3.439e+01      2.109e-03      7.486e-03      5.479e-03      5.608e-05      1.480e+01      2.667e+00      2.556e-03   
      141            143         3.438e+01      2.054e-03      8.579e-03      4.944e-03      5.973e-05      1.480e+01      2.667e+00      2.556e-03   
      142            144         3.438e+01      2.024e-03      8.209e-03      4.956e-03      6.197e-05      1.480e+01      2.667e+00      2.556e-03   
      143            145         3.438e+01      1.863e-03      7.597e-03      8.307e-03      6.460e-05      1.480e+01      2.667e+00      2.556e-03   
      144            146         3.438e+01      1.757e-03      8.347e-03      9.536e-03      6.607e-05      1.480e+01      2.667e+00      2.556e-03   
      145            147         3.438e+01      1.444e-03      7.627e-03      1.467e-02      6.421e-05      1.480e+01      2.667e+00      2.556e-03   
      146            148         3.437e+01      1.207e-03      9.965e-03      1.834e-02      6.156e-05      1.480e+01      2.667e+00      2.556e-03   
      147            149         3.437e+01      7.272e-04      3.157e-03      6.282e-03      1.827e-05      1.480e+01      2.667e+00      2.556e-03   
      148            150         3.437e+01      5.779e-04      2.274e-03      2.801e-03      2.138e-05      1.480e+01      2.667e+00      2.556e-03   
      149            151         3.437e+01      2.094e-03      6.377e-03      6.581e-03      7.716e-05      1.480e+01      2.667e+00      2.556e-03   
  [it  150] bn 6.3093e-02  L 1.000  kappa 0.964  kMS 1.000  d_cc 2.471  d_pc 3.033  -> FAILS L
      150            152         3.437e+01      1.810e-03      7.775e-03      7.192e-03      8.425e-05      1.480e+01      2.667e+00      2.556e-03   
      151            153         3.437e+01      1.526e-03      6.904e-03      1.154e-02      8.373e-05      1.480e+01      2.667e+00      2.556e-03   
      152            154         3.437e+01      1.367e-03      8.749e-03      1.479e-02      8.307e-05      1.480e+01      2.667e+00      2.556e-03   
      153            155         3.437e+01      9.236e-04      8.563e-03      2.083e-02      7.633e-05      1.480e+01      2.667e+00      2.556e-03   
  [mem] RSS 4.48 GB  peak 4.48 GB
      154            156         3.436e+01      9.734e-04      3.241e-03      5.552e-03      2.314e-05      1.480e+01      2.667e+00      2.556e-03   
      155            157         3.436e+01      5.228e-04      2.701e-03      3.030e-03      2.993e-05      1.480e+01      2.667e+00      2.556e-03   
      156            158         3.436e+01      2.115e-03      6.928e-03      4.478e-03      9.863e-05      1.480e+01      2.667e+00      2.556e-03   
      157            159         3.436e+01      1.751e-03      6.384e-03      6.979e-03      1.073e-04      1.480e+01      2.667e+00      2.556e-03   
      158            160         3.436e+01      1.657e-03      9.496e-03      9.310e-03      1.052e-04      1.480e+01      2.667e+00      2.556e-03   
      159            161         3.436e+01      1.374e-03      7.207e-03      1.370e-02      1.049e-04      1.480e+01      2.667e+00      2.556e-03   
      160            162         3.436e+01      1.265e-03      5.060e-03      4.113e-03      8.158e-05      1.480e+01      2.667e+00      2.556e-03   
      161            163         3.435e+01      1.842e-03      6.278e-03      6.421e-03      1.214e-04      1.480e+01      2.667e+00      2.556e-03   
      162            164         3.435e+01      1.655e-03      7.194e-03      8.720e-03      1.225e-04      1.480e+01      2.667e+00      2.556e-03   
      163            165         3.435e+01      1.454e-03      7.047e-03      1.285e-02      1.202e-04      1.480e+01      2.667e+00      2.556e-03   
      164            166         3.435e+01      1.119e-03      8.620e-03      1.748e-02      1.103e-04      1.480e+01      2.667e+00      2.556e-03   
      165            167         3.435e+01      6.209e-04      3.044e-03      6.385e-03      3.202e-05      1.480e+01      2.667e+00      2.556e-03   
      166            168         3.435e+01      5.347e-04      2.197e-03      3.563e-03      3.640e-05      1.480e+01      2.667e+00      2.556e-03   
      167            169         3.435e+01      2.102e-03      6.021e-03      6.294e-03      1.323e-04      1.480e+01      2.667e+00      2.556e-03   
      168            170         3.435e+01      1.738e-03      6.696e-03      7.974e-03      1.390e-04      1.480e+01      2.667e+00      2.556e-03   
      169            171         3.434e+01      1.535e-03      6.641e-03      1.168e-02      1.366e-04      1.480e+01      2.667e+00      2.556e-03   
  [mem] RSS 4.48 GB  peak 4.48 GB
      170            172         3.434e+01      1.267e-03      7.891e-03      1.574e-02      1.278e-04      1.480e+01      2.667e+00      2.556e-03   
      171            173         3.434e+01      1.138e-03      7.851e-03      1.770e-02      1.110e-04      1.480e+01      2.667e+00      2.556e-03   
      172            174         3.434e+01      6.854e-04      2.835e-03      5.217e-03      4.147e-05      1.480e+01      2.667e+00      2.556e-03   
      173            175         3.434e+01      4.541e-04      2.097e-03      1.002e-01      4.820e-05      1.480e+01      2.668e+00      1.002e-02   
      174            176         3.434e+01      4.662e-04      5.549e-02      1.973e-02      9.915e-04      1.480e+01      2.668e+00      1.002e-02   
      175            177         3.434e+01      4.046e-04      7.120e-03      1.531e-02      5.482e-04      1.480e+01      2.668e+00      1.002e-02   
      176            178         3.434e+01      2.522e-04      3.624e-03      1.317e-02      3.342e-04      1.480e+01      2.668e+00      1.002e-02   
      177            179         3.434e+01      1.019e-03      1.207e-02      1.212e-02      2.703e-05      1.480e+01      2.695e+00      1.212e-03   
      178            180         3.434e+01      1.867e-03      2.751e-02      3.243e-03      5.504e-05      1.480e+01      2.695e+00      1.212e-03   
      179            181         3.433e+01      1.699e-03      7.041e-03      4.305e-03      6.454e-05      1.480e+01      2.695e+00      1.212e-03   
      180            182         3.433e+01      1.895e-03      6.481e-03      3.811e-03      8.297e-05      1.480e+01      2.695e+00      1.212e-03   
      181            183         3.433e+01      1.689e-03      5.548e-03      3.673e-03      7.733e-05      1.480e+01      2.695e+00      1.212e-03   
      182            184         3.433e+01      1.086e-04      4.269e-04      3.513e-03      7.008e-05      1.480e+01      2.695e+00      1.212e-03   
      183            185         3.433e+01      9.993e-04      3.431e-03      3.138e-03      5.126e-05      1.480e+01      2.695e+00      1.212e-03   
      184            186         3.433e+01      9.522e-04      3.159e-03      3.011e-03      4.189e-05      1.480e+01      2.695e+00      1.212e-03   
      185            187         3.433e+01      9.550e-04      3.088e-03      2.933e-03      3.772e-05      1.480e+01      2.695e+00      1.212e-03   
  [mem] RSS 4.48 GB  peak 4.48 GB
      186            188         3.433e+01      4.488e-04      1.519e-03      2.848e-03      2.839e-05      1.480e+01      2.695e+00      1.212e-03   
      187            189         3.433e+01      1.548e-04      5.339e-04      2.811e-03      2.409e-05      1.480e+01      2.695e+00      1.212e-03   
      188            190         3.433e+01      8.116e-05      2.802e-04      2.791e-03      2.179e-05      1.480e+01      2.695e+00      1.212e-03   
      189            191         3.433e+01      2.014e-03      5.688e-03      3.922e-03      9.095e-05      1.480e+01      2.695e+00      1.212e-03   
      190            192         3.432e+01      1.416e-03      4.637e-03      3.441e-03      7.389e-05      1.480e+01      2.695e+00      1.212e-03   
      191            193         3.432e+01      5.821e-04      2.040e-03      2.881e-03      5.309e-05      1.480e+01      2.695e+00      1.212e-03   
      192            194         3.432e+01      1.298e-04      4.659e-04      2.811e-03      4.732e-05      1.480e+01      2.695e+00      1.212e-03   
      193            195         3.432e+01      8.439e-04      2.731e-03      2.723e-03      4.017e-05      1.480e+01      2.695e+00      1.212e-03   
      194            196         3.432e+01      5.261e-04      1.741e-03      2.651e-03      3.143e-05      1.480e+01      2.695e+00      1.212e-03   
      195            197         3.432e+01      1.518e-04      5.187e-04      2.623e-03      2.721e-05      1.480e+01      2.695e+00      1.212e-03   
      196            198         3.432e+01      6.046e-05      2.075e-04      2.611e-03      2.544e-05      1.480e+01      2.695e+00      1.212e-03   
      197            199         3.432e+01      4.158e-05      1.426e-04      2.603e-03      2.423e-05      1.480e+01      2.695e+00      1.212e-03   
      198            200         3.432e+01      7.309e-04      2.296e-03      2.573e-03      2.466e-05      1.480e+01      2.695e+00      1.212e-03   
      199            201         3.432e+01      8.183e-05      2.783e-04      2.559e-03      2.251e-05      1.480e+01      2.695e+00      1.212e-03   
  [it  200] bn 6.3028e-02  L 1.000  kappa 0.948  kMS 1.000  d_cc 2.451  d_pc 3.024  -> FAILS kMS
      200            202         3.432e+01     -3.320e-04      4.214e-05      3.816e-03      4.378e-05      1.480e+01      2.695e+00      1.212e-03   
  [mem] RSS 4.48 GB  peak 4.48 GB
Warning: Maximum number of iterations has been exceeded.
         Current function value: 3.432e+01
         Constraint violation: 4.378e-05
         Total delta_x: 6.619e-01
         Iterations: 200
         Function evaluations: 202
         Jacobian evaluations: 200
Timer: Solution time = 8.00 min
Timer: Avg time per step = 2.39 sec
==============================================================================================================
                                                                 Start  -->   End
Total (sum of squares):                                      1.400e+02  -->   3.432e+01, 
Maximum absolute Boundary normal field error:                2.020e-01  -->   9.062e-02 (T m^2)
Minimum absolute Boundary normal field error:                1.730e-04  -->   2.942e-05 (T m^2)
Average absolute Boundary normal field error:                5.947e-02  -->   2.905e-02 (T m^2)
Maximum absolute Boundary normal field error:                1.219e+00  -->   5.470e-01 (normalized)
Minimum absolute Boundary normal field error:                1.044e-03  -->   1.776e-04 (normalized)
Average absolute Boundary normal field error:                3.590e-01  -->   1.754e-01 (normalized)
Maximum Coil length:                                         2.617e+00  -->   3.200e+00 (m)
Minimum Coil length:                                         2.617e+00  -->   3.200e+00 (m)
Average Coil length:                                         2.617e+00  -->   3.200e+00 (m)
Maximum Coil length:                                         6.283e+00  -->   7.684e+00 (normalized)
Minimum Coil length:                                         6.283e+00  -->   7.684e+00 (normalized)
Average Coil length:                                         6.283e+00  -->   7.684e+00 (normalized)
Maximum Coil curvature:                                      2.401e+00  -->   7.577e+00 (m^-1)
Minimum Coil curvature:                                      2.401e+00  -->   8.675e-03 (m^-1)
Average Coil curvature:                                      2.401e+00  -->   2.178e+00 (m^-1)
Maximum Coil curvature:                                      1.000e+00  -->   3.156e+00 (normalized)
Minimum Coil curvature:                                      1.000e+00  -->   3.613e-03 (normalized)
Average Coil curvature:                                      1.000e+00  -->   9.070e-01 (normalized)
Maximum Coil mean squared curvature:                         5.766e+00  -->   8.000e+00 (m^-2)
Minimum Coil mean squared curvature:                         5.766e+00  -->   7.914e+00 (m^-2)
Average Coil mean squared curvature:                         5.766e+00  -->   7.977e+00 (m^-2)
Maximum Coil mean squared curvature:                         1.000e+00  -->   1.387e+00 (normalized)
Minimum Coil mean squared curvature:                         1.000e+00  -->   1.373e+00 (normalized)
Average Coil mean squared curvature:                         1.000e+00  -->   1.383e+00 (normalized)
Maximum Coil-coil distance penalty:                          0.000e+00  -->   0.000e+00 (dimensionless)
Minimum Coil-coil distance penalty:                          0.000e+00  -->   0.000e+00 (dimensionless)
Average Coil-coil distance penalty:                          0.000e+00  -->   0.000e+00 (dimensionless)
Maximum Plasma-coil distance penalty:                        0.000e+00  -->   0.000e+00 (dimensionless)
Minimum Plasma-coil distance penalty:                        0.000e+00  -->   0.000e+00 (dimensionless)
Average Plasma-coil distance penalty:                        0.000e+00  -->   0.000e+00 (dimensionless)
Summed coil current error:                                   0.000e+00  -->   2.328e-10 (A)
==============================================================================================================


SOLVER {'wall_s': 500.1178774833679, 'message': 'Maximum number of iterations has been exceeded.', 'nit': 200, 'n_outer': 13, 'constr_violation': 4.3783473005154505e-05, 'y_absmax_final': 2.694867414482438}
START  bn 1.2921e-01  L 0.818  kappa 0.300  kMS 0.721  d_cc 2.055  d_pc 1.372  -> FEASIBLE
RESULT bn 6.3028e-02  L 1.000  kappa 0.948  kMS 1.000  d_cc 2.451  d_pc 3.024  linked 0  -> FAILS kMS  active ['L', 'kMS']
wrote 922_stage1opt_results/runs/coilval/leg1_planar/result.h5, result.json, result.png
