Running as unit: run-p1275660-i1277559.scope; invocation ID: dce380622bbd4256b26cb99c06a42aca
E0922 23:30:23.128713 1275747 cuda_executor.cc:1743] Could not get kernel mode driver version: ( INVALID_ARGUMENT: Version does not match the format X.Y.Z )
E0922 23:30:23.141519 1275660 cuda_executor.cc:1743] Could not get kernel mode driver version: ( INVALID_ARGUMENT: Version does not match the format X.Y.Z )
DEVICE requested=gpu obtained=gpu (1x NVIDIA GeForce RTX 5070 Laptop GPU)
  [mem] RSS 0.83 GB  peak 0.83 GB
/home/singh/Documents/DESC2/coil_sandbox/vendor/desc/utils.py:590: UserWarning: Unequal number of field periods for grid 1 and basis 2.
  warnings.warn(msg, err)
/home/singh/Documents/DESC2/coil_sandbox/vendor/desc/utils.py:590: UserWarning: Unequal number of field periods for grid 1 and basis 2.
  warnings.warn(msg, err)
eq 922_stage1opt_results/runs/loose_eps1_L2/eq_lo.h5 (h5) NFP 2 sym True; start 922_stage1opt_results/runs/coilval/start_xyz_leg2.h5: 4 unique coils, arc=False, expect 16 coils; source grid uniform (801 nodes/coil), length grid uniform (801), constraint grid 301, curvature grid 301; mode stage2; VACUUM (plasma field ignored)
SETTINGS {'eq': '922_stage1opt_results/runs/loose_eps1_L2/eq_lo.h5', 'start': '922_stage1opt_results/runs/coilval/start_xyz_leg2.h5', 'out': '922_stage1opt_results/runs/coilval/leg2_xyz', 'mode': 'stage2', 'length_mult': 1.0, 'margin': 0.0, 'fix_hinges': False, 'anchor_weight': 0.001, 'margin_skip': '', 'a': None, 'bounds': 'bounds/precise_qa_planar.json', 'device': 'gpu', 'vacuum': True, 'maxiter': 200, 'check_every': 50, 'ckpt_every': 50, 'diag_log': None, 'dcc_backoff': 0.025, 'dpc_backoff': 0.02, 'no_arc_backoffs': False, 'convex_form': 'signed', 'convex_kmin': 0.0, 'convex_backoff': 0.5, 'demount_margin': None, 'demount_backoff': 0.02, 'demount_arcs': False, 'demount_delta': 0.5, 'demount_eps': 0.25, 'level_hinges': False, 'fix_hinge_z': None, 'corner_max': None, 'planarity': 'auto', 'planarity_tol': 0.0, 'speed_floor': 0.0, 'arclength_weight': 0.0, 'torsion_weight': 0.0, 'coil_grid_n': 150, 'kappa_grid_n': None, 'eval_m': 25, 'eval_n': 25, 'plasma_m': 64, 'plasma_n': 64, 'src_gl': 24, 'src_n': 400, 'vc_m': None, 'vc_n': None, 'vc_chunk': 64, 'dcc_k': 20000, 'dpc_k': 20000, 'no_signed': False, 'dcc_neighbors': None, 'dcc_chunk': 4, 'dpc_chunk': 1, 'qf_chunk': 5, 'coil_jac_chunk': None, 'no_second_order': False, 'so_chunk': 16, 'so_rtol': 0.05, 'max_tr': 0.5, 'max_inner_iter': 100, 'ctol': 0.0001}
BOUNDS (judged, absolute, a=0.16890) L 3.2  Ltot -  kappa 8  kms 8  convex -  planar -  dcc 0.1  dpc 0.05
ENFORCED L 3.2  Ltot -  kappa 8  kms 8  convex -  planar -  dcc 0.1025  dpc 0.051
START  bn 1.3127e-01  L 0.829  kappa 0.296  kMS 0.701  d_cc 1.799  d_pc 1.661  linked 0  coils 16  -> FEASIBLE
Building objective: Quadratic flux
Precomputing transforms
Timer: Precomputing transforms = 1.67 sec
ObjectiveFunction deriv_mode : blocked
Quadratic flux jac_chunk_size: 5
Timer: Objective build = 2.16 sec
Building objective: summed coil current
Building objective: fixed shift
Building objective: fixed rotation
ObjectiveFunction deriv_mode : blocked
summed coil current jac_chunk_size: None
fixed shift jac_chunk_size: None
fixed rotation jac_chunk_size: None
Timer: Objective build = 332 ms
Building objective: coil length
Precomputing transforms
Timer: Precomputing transforms = 177 ms
Building objective: coil curvature
Precomputing transforms
Timer: Precomputing transforms = 3.37 ms
Building objective: coil mean squared curvature
Precomputing transforms
Timer: Precomputing transforms = 3.32 ms
Building objective: coil-coil distance penalty
Building objective: plasma-coil distance penalty
ObjectiveFunction deriv_mode : blocked
coil length jac_chunk_size: None
coil curvature jac_chunk_size: None
coil mean squared curvature jac_chunk_size: None
coil-coil distance penalty jac_chunk_size: 4
plasma-coil distance penalty jac_chunk_size: 1
Timer: Objective build = 3.40 sec
Timer: LinearConstraintProjection build = 2.21 sec
Timer: LinearConstraintProjection build = 116 ms
Number of parameters: 183
Number of objectives: 1326
Number of equality constraints: 0
Number of inequality constraints: 1256
Timer: Initializing the optimization = 8.98 sec

Starting optimization
Using method: lsq-auglag
  [mem] RSS 2.91 GB  peak 2.91 GB
E0922 23:31:08.018208 1275767 cuda_timer.cc:87] Delay kernel timed out: measured time has sub-optimal accuracy. There may be a missing warmup execution, please investigate in Nsight Systems.
Solver options:
------------------------------------------------------------
Maximum Function Evaluations       : 1001
Maximum Allowed Total Δx Norm      : inf
Scaled Termination                 : True
Trust Region Method                : svd
Initial Trust Radius               : 2.246e-01
Maximum Trust Radius               : 5.000e-01
Minimum Trust Radius               : 2.220e-16
Trust Radius Increase Ratio        : 4.000e+00
Trust Radius Decrease Ratio        : 2.500e-01
Trust Radius Increase Threshold    : 7.500e-01
Trust Radius Decrease Threshold    : 5.000e-01
Alpha Omega                        : 1.000e+00
Beta Omega                         : 1.000e+00
Alpha Eta                          : 1.000e-01
Beta Eta                           : 9.000e-01
Omega                              : 1.000e-02
Eta                                : 1.000e-02
Tau                                : 1.000e+01
------------------------------------------------------------ 

   Iteration     Total nfev        Cost      Cost reduction    Step norm     Optimality    Constr viol.   Penalty param  max(|mltplr|)      gtolk     
       0              1          1.522e+02                                    7.171e+00      0.000e+00      1.000e+01      0.000e+00      1.000e-03   
  [mem] RSS 3.31 GB  peak 3.31 GB
second_order: compiling constraint Hessian for blocks CoilLength, CoilCurvature, CoilMeanSquaredCurvature
       1              2          1.455e+02      6.744e+00      6.169e-03      7.045e+00      0.000e+00      1.000e+01      0.000e+00      1.000e-03   
       2              3          1.316e+02      1.387e+01      1.383e-02      6.766e+00      0.000e+00      1.000e+01      0.000e+00      1.000e-03   
       3              4          1.191e+02      1.250e+01      1.434e-02      6.487e+00      0.000e+00      1.000e+01      0.000e+00      1.000e-03   
  [mem] RSS 3.63 GB  peak 3.63 GB
       4              5          1.078e+02      1.134e+01      1.573e-02      6.207e+00      0.000e+00      1.000e+01      0.000e+00      1.000e-03   
       5              6          9.744e+01      1.034e+01      1.803e-02      5.926e+00      0.000e+00      1.000e+01      0.000e+00      1.000e-03   
       6              7          8.798e+01      9.468e+00      2.106e-02      5.642e+00      0.000e+00      1.000e+01      0.000e+00      1.000e-03   
       7              8          7.929e+01      8.689e+00      2.459e-02      5.356e+00      0.000e+00      1.000e+01      0.000e+00      1.000e-03   
  [mem] RSS 3.63 GB  peak 3.63 GB
       8              9          7.130e+01      7.984e+00      2.844e-02      5.066e+00      0.000e+00      1.000e+01      0.000e+00      1.000e-03   
       9             10          6.396e+01      7.343e+00      3.252e-02      4.772e+00      0.000e+00      1.000e+01      0.000e+00      1.000e-03   
      10             11          5.721e+01      6.750e+00      3.679e-02      4.471e+00      0.000e+00      1.000e+01      0.000e+00      1.000e-03   
      11             12          5.102e+01      6.191e+00      4.129e-02      4.164e+00      0.000e+00      1.000e+01      0.000e+00      1.000e-03   
      12             13          4.537e+01      5.655e+00      4.608e-02      3.849e+00      0.000e+00      1.000e+01      0.000e+00      1.000e-03   
  [mem] RSS 3.63 GB  peak 3.63 GB
      13             14          4.023e+01      5.136e+00      5.119e-02      3.526e+00      0.000e+00      1.000e+01      0.000e+00      1.000e-03   
      14             15          3.560e+01      4.630e+00      5.667e-02      3.195e+00      0.000e+00      1.000e+01      0.000e+00      1.000e-03   
      15             16          3.147e+01      4.130e+00      6.253e-02      2.857e+00      0.000e+00      1.000e+01      0.000e+00      1.000e-03   
      16             17          2.783e+01      3.640e+00      6.867e-02      2.516e+00      0.000e+00      1.000e+01      0.000e+00      1.000e-03   
      17             18          2.466e+01      3.168e+00      7.499e-02      2.177e+00      0.000e+00      1.000e+01      0.000e+00      1.000e-03   
  [mem] RSS 3.63 GB  peak 3.63 GB
      18             19          2.194e+01      2.722e+00      8.131e-02      1.848e+00      0.000e+00      1.000e+01      0.000e+00      1.000e-03   
      19             20          1.962e+01      2.317e+00      8.731e-02      1.537e+00      3.729e-03      1.000e+01      0.000e+00      1.000e-03   
      20             21          1.766e+01      1.960e+00      9.264e-02      1.253e+00      2.119e-02      1.000e+01      0.000e+00      1.000e-03   
      21             22          1.600e+01      1.658e+00      9.705e-02      1.004e+00      3.586e-02      1.000e+01      0.000e+00      1.000e-03   
  [mem] RSS 3.63 GB  peak 3.63 GB
      22             23          1.460e+01      1.407e+00      1.004e-01      9.060e-01      4.817e-02      1.000e+01      0.000e+00      1.000e-03   
      23             24          1.339e+01      1.204e+00      1.026e-01      8.191e-01      5.845e-02      1.000e+01      0.000e+00      1.000e-03   
      24             25          1.235e+01      1.039e+00      1.038e-01      7.365e-01      6.709e-02      1.000e+01      0.000e+00      1.000e-03   
      25             26          1.145e+01      9.018e-01      1.029e-01      6.602e-01      9.033e-02      1.000e+01      0.000e+00      1.000e-03   
      26             27          1.066e+01      7.883e-01      1.036e-01      5.881e-01      8.469e-02      1.000e+01      0.000e+00      1.000e-03   
  [mem] RSS 3.63 GB  peak 3.63 GB
      27             28          9.957e+00      7.053e-01      1.027e-01      5.210e-01      8.607e-02      1.000e+01      0.000e+00      1.000e-03   
      28             29          9.326e+00      6.311e-01      1.012e-01      4.590e-01      8.835e-02      1.000e+01      0.000e+00      1.000e-03   
      29             30          8.759e+00      5.666e-01      9.922e-02      4.014e-01      9.023e-02      1.000e+01      0.000e+00      1.000e-03   
      30             31          8.248e+00      5.109e-01      9.672e-02      3.483e-01      9.144e-02      1.000e+01      0.000e+00      1.000e-03   
  [mem] RSS 3.63 GB  peak 3.63 GB
      31             32          7.785e+00      4.626e-01      9.322e-02      2.998e-01      9.202e-02      1.000e+01      0.000e+00      1.000e-03   
      32             33          7.367e+00      4.183e-01      9.034e-02      2.552e-01      9.207e-02      1.000e+01      0.000e+00      1.000e-03   
      33             34          6.986e+00      3.816e-01      8.683e-02      2.192e-01      9.170e-02      1.000e+01      0.000e+00      1.000e-03   
      34             35          6.637e+00      3.486e-01      8.289e-02      2.088e-01      9.100e-02      1.000e+01      0.000e+00      1.000e-03   
      35             36          6.318e+00      3.188e-01      7.855e-02      1.985e-01      9.008e-02      1.000e+01      0.000e+00      1.000e-03   
  [mem] RSS 3.63 GB  peak 3.63 GB
      36             37          6.027e+00      2.917e-01      7.386e-02      1.883e-01      8.900e-02      1.000e+01      0.000e+00      1.000e-03   
      37             38          5.760e+00      2.669e-01      6.886e-02      1.779e-01      8.785e-02      1.000e+01      0.000e+00      1.000e-03   
      38             39          5.516e+00      2.440e-01      6.362e-02      1.674e-01      8.671e-02      1.000e+01      0.000e+00      1.000e-03   
      39             40          5.293e+00      2.231e-01      5.814e-02      1.569e-01      8.622e-02      1.000e+01      0.000e+00      1.000e-03   
  [mem] RSS 3.63 GB  peak 3.63 GB
      40             41          5.090e+00      2.028e-01      5.265e-02      1.468e-01      8.547e-02      1.000e+01      0.000e+00      1.000e-03   
      41             42          4.906e+00      1.837e-01      4.780e-02      1.362e-01      8.672e-02      1.000e+01      0.000e+00      1.000e-03   
      42             43          4.739e+00      1.666e-01      4.290e-02      1.259e-01      9.584e-02      1.000e+01      0.000e+00      1.000e-03   
      43             44          4.589e+00      1.506e-01      3.833e-02      1.159e-01      1.019e-01      1.000e+01      0.000e+00      1.000e-03   
      44             45          4.453e+00      1.360e-01      3.419e-02      1.065e-01      1.056e-01      1.000e+01      0.000e+00      1.000e-03   
  [mem] RSS 3.63 GB  peak 3.63 GB
      45             46          4.330e+00      1.225e-01      3.052e-02      9.748e-02      1.073e-01      1.000e+01      0.000e+00      1.000e-03   
      46             47          4.230e+00      1.004e-01      2.485e-02      2.177e-01      1.080e-01      1.000e+01      0.000e+00      1.000e-03   
      47             48          4.136e+00      9.399e-02      2.446e-02      8.163e-02      1.074e-01      1.000e+01      0.000e+00      1.000e-03   
      48             49          4.048e+00      8.826e-02      2.283e-02      7.340e-02      1.062e-01      1.000e+01      0.000e+00      1.000e-03   
  [mem] RSS 3.63 GB  peak 3.63 GB
      49             50          3.971e+00      7.684e-02      2.110e-02      6.572e-02      1.046e-01      1.000e+01      0.000e+00      1.000e-03   
  [it   50] bn 2.0323e-02  L 1.014  kappa 0.674  kMS 1.054  d_cc 2.086  d_pc 3.493  -> FAILS L,kMS
      50             51          3.903e+00      6.765e-02      1.977e-02      5.813e-02      1.025e-01      1.000e+01      0.000e+00      1.000e-03   
      51             52          3.845e+00      5.844e-02      1.884e-02      5.055e-02      1.002e-01      1.000e+01      0.000e+00      1.000e-03   
      52             53          3.795e+00      4.951e-02      1.829e-02      4.304e-02      9.754e-02      1.000e+01      0.000e+00      1.000e-03   
  [mem] RSS 3.63 GB  peak 3.63 GB
      53             54          3.754e+00      4.097e-02      1.798e-02      3.569e-02      9.470e-02      1.000e+01      0.000e+00      1.000e-03   
      54             55          3.721e+00      3.295e-02      1.777e-02      2.863e-02      9.166e-02      1.000e+01      0.000e+00      1.000e-03   
second_order: compiling constraint Hessian for blocks CoilLength, CoilMeanSquaredCurvature
      55             56          3.695e+00      2.611e-02      1.789e-02      2.255e-02      8.885e-02      1.000e+01      0.000e+00      1.000e-03   
      56             57          3.677e+00      1.797e-02      1.753e-02      1.687e-02      8.499e-02      1.000e+01      0.000e+00      1.000e-03   
  [mem] RSS 3.71 GB  peak 3.71 GB
      57             58          3.664e+00      1.314e-02      1.654e-02      1.345e-02      8.120e-02      1.000e+01      0.000e+00      1.000e-03   
      58             59          3.655e+00      8.822e-03      1.528e-02      1.120e-02      7.737e-02      1.000e+01      0.000e+00      1.000e-03   
      59             60          3.649e+00      5.843e-03      1.424e-02      9.520e-03      7.747e-02      1.000e+01      0.000e+00      1.000e-03   
      60             61          3.646e+00      3.837e-03      1.397e-02      8.183e-03      7.779e-02      1.000e+01      0.000e+00      1.000e-03   
  [mem] RSS 3.71 GB  peak 3.71 GB
      61             62          3.643e+00      2.443e-03      1.434e-02      6.826e-03      7.766e-02      1.000e+01      0.000e+00      1.000e-03   
      62             63          3.644e+00     -6.990e-04      1.582e-02      1.704e-02      7.724e-02      1.000e+01      0.000e+00      1.000e-03   
      63             64          3.642e+00      2.270e-03      5.435e-03      4.516e-03      7.699e-02      1.000e+01      0.000e+00      1.000e-03   
      64             66          3.641e+00      2.604e-04      3.804e-03      2.822e-03      7.679e-02      1.000e+01      0.000e+00      1.000e-03   
      65             68          3.641e+00      5.147e-04      3.583e-03      2.443e-03      7.653e-02      1.000e+01      0.000e+00      1.000e-03   
  [mem] RSS 3.71 GB  peak 3.71 GB
      66             70          3.641e+00      2.932e-04      3.364e-03      2.017e-03      7.625e-02      1.000e+01      0.000e+00      1.000e-03   
      67             72          3.640e+00      2.790e-04      3.488e-03      1.767e-03      7.597e-02      1.000e+01      0.000e+00      1.000e-03   
      68             74          3.640e+00      8.776e-05      3.656e-03      3.251e-03      7.574e-02      1.000e+01      0.000e+00      1.000e-03   
      69             76          3.640e+00      8.983e-05      4.172e-03      4.098e-03      7.556e-02      1.000e+01      0.000e+00      1.000e-03   
  [mem] RSS 3.71 GB  peak 3.71 GB
      70             77          3.640e+00      4.659e-05      1.202e-03      1.045e-03      7.551e-02      1.000e+01      0.000e+00      1.000e-03   
      71             78          3.640e+00      1.767e-04      3.818e-03      3.222e-03      7.535e-02      1.000e+01      0.000e+00      1.000e-03   
      72             80          3.640e+00      7.644e-05      1.185e-03      8.628e-01      7.526e-02      1.057e+01      1.288e-03      8.628e-02   
      73             81          3.703e+00     -6.272e-02      2.335e-03      6.291e-01      6.206e-02      1.057e+01      1.288e-03      8.628e-02   
      74             82          3.898e+00     -1.958e-01      1.326e-02      5.696e-01      1.630e-02      1.487e+01      2.671e-01      5.696e-02   
  [mem] RSS 3.71 GB  peak 3.71 GB
      75             83          3.947e+00     -4.834e-02      2.738e-02      8.134e-02      1.586e-03      1.487e+01      1.586e+00      8.134e-03   
      76             84          3.949e+00     -1.952e-03      1.401e-02      9.380e-03      1.904e-05      1.487e+01      1.586e+00      8.134e-03   
      77             85          3.948e+00      8.512e-04      1.167e-02      9.201e-03      2.632e-07      1.487e+01      1.586e+00      8.134e-03   
      78             87          3.948e+00      1.449e-04      3.305e-03      1.630e-02      0.000e+00      1.487e+01      1.045e+00      1.630e-03   
  [mem] RSS 3.71 GB  peak 3.71 GB
      79             88          3.947e+00      1.148e-03      7.573e-03      2.510e-03      0.000e+00      1.487e+01      1.045e+00      1.630e-03   
      80             90          3.946e+00      2.053e-05      2.336e-03      1.692e-03      7.078e-06      1.487e+01      1.045e+00      1.630e-03   
      81             92          3.946e+00      3.403e-05      2.265e-03      1.138e-02      1.087e-05      1.487e+01      1.005e+00      1.138e-03   
      82             93          3.946e+00      9.847e-05      1.378e-02      1.568e-03      2.376e-06      1.487e+01      1.005e+00      1.138e-03   
      83             95          3.946e+00      8.659e-06      2.585e-03      1.936e-03      4.356e-06      1.487e+01      1.005e+00      1.138e-03   
  [mem] RSS 3.71 GB  peak 3.71 GB
      84             96          3.946e+00      3.178e-05      9.400e-04      1.100e-03      1.253e-06      1.487e+01      1.006e+00      1.100e-04   
      85             97          3.946e+00      1.463e-05      1.528e-03      2.670e-04      3.897e-06      1.487e+01      1.006e+00      1.100e-04   
      86             98          3.946e+00      2.424e-05      1.608e-03      1.334e-03      8.609e-06      1.487e+01      1.006e+00      1.100e-04   
      87             101         3.946e+00      1.219e-05      8.599e-04      4.341e-04      5.280e-06      1.487e+01      1.006e+00      1.100e-04   
  [mem] RSS 3.71 GB  peak 3.71 GB
      88             102         3.946e+00      5.255e-06      5.811e-04      4.769e-04      4.818e-06      1.487e+01      1.006e+00      1.100e-04   
      89             103         3.946e+00      2.801e-05      1.580e-03      3.901e-04      7.261e-06      1.487e+01      1.006e+00      1.100e-04   
      90             105         3.946e+00     -5.764e-06      1.928e-03      2.020e-03      8.249e-06      1.487e+01      1.006e+00      1.100e-04   
      91             106         3.946e+00      2.931e-05      9.659e-04      6.309e-04      8.554e-06      1.487e+01      1.006e+00      1.100e-04   
  [mem] RSS 3.71 GB  peak 3.71 GB
      92             107         3.946e+00      2.451e-06      5.747e-04      2.028e-04      4.957e-06      1.487e+01      1.003e+00      2.028e-05   
      93             109         3.946e+00      1.625e-05      9.661e-04      3.008e-04      6.895e-07      1.487e+01      1.003e+00      2.028e-05   
      94             111         3.946e+00      8.706e-06      8.897e-04      8.298e-04      9.403e-07      1.487e+01      1.003e+00      2.028e-05   
      95             112         3.946e+00      8.270e-06      1.101e-03      6.898e-04      1.998e-06      1.487e+01      1.003e+00      2.028e-05   
      96             113         3.946e+00      4.350e-06      3.878e-04      2.637e-04      3.297e-07      1.487e+01      1.003e+00      2.028e-05   
  [mem] RSS 3.71 GB  peak 3.71 GB
      97             114         3.946e+00      3.514e-06      3.076e-04      9.841e-05      3.559e-07      1.487e+01      1.003e+00      9.841e-06   
      98             116         3.946e+00      1.297e-05      7.752e-04      4.942e-04      8.506e-07      1.487e+01      1.003e+00      9.841e-06   
      99             118         3.946e+00      1.226e-05      8.366e-04      2.181e-04      9.759e-07      1.487e+01      1.003e+00      9.841e-06   
  [it  100] bn 2.0866e-02  L 1.000  kappa 0.763  kMS 1.000  d_cc 1.955  d_pc 3.436  -> FAILS L,kMS
      100            120         3.946e+00      7.276e-06      8.522e-04      7.572e-04      9.699e-07      1.487e+01      1.003e+00      9.841e-06   
  [mem] RSS 3.71 GB  peak 3.71 GB
      101            122         3.946e+00      8.097e-06      1.021e-03      5.851e-04      2.078e-06      1.487e+01      1.003e+00      9.841e-06   
      102            123         3.946e+00      4.912e-06      1.045e-03      1.042e-03      2.263e-06      1.487e+01      1.003e+00      9.841e-06   
      103            124         3.946e+00      8.272e-06      4.404e-04      2.279e-04      2.530e-06      1.487e+01      1.003e+00      9.841e-06   
      104            125         3.946e+00      9.875e-07      2.982e-04      1.132e-04      4.916e-07      1.487e+01      1.003e+00      1.132e-05   
      105            127         3.946e+00      1.234e-05      7.452e-04      2.676e-04      6.612e-07      1.487e+01      1.003e+00      1.132e-05   
  [mem] RSS 3.71 GB  peak 3.71 GB
      106            129         3.946e+00      1.104e-05      7.672e-04      2.975e-04      9.187e-07      1.487e+01      1.003e+00      1.132e-05   
      107            131         3.946e+00      1.054e-05      7.535e-04      2.547e-04      8.666e-07      1.487e+01      1.003e+00      1.132e-05   
      108            133         3.946e+00      9.341e-06      7.674e-04      4.493e-04      8.806e-07      1.487e+01      1.003e+00      1.132e-05   
      109            135         3.946e+00      9.566e-06      8.117e-04      2.610e-04      9.597e-07      1.487e+01      1.003e+00      1.132e-05   
  [mem] RSS 3.71 GB  peak 3.71 GB
      110            137         3.946e+00      4.866e-06      8.864e-04      8.474e-04      1.131e-06      1.487e+01      1.003e+00      1.132e-05   
      111            138         3.946e+00      5.214e-06      1.076e-03      7.476e-04      2.570e-06      1.487e+01      1.003e+00      1.132e-05   
      112            139         3.946e+00      5.106e-06      3.990e-04      2.428e-04      9.647e-07      1.487e+01      1.003e+00      1.132e-05   
      113            140         3.946e+00      2.967e-06      3.118e-04      1.373e-04      9.107e-07      1.487e+01      1.003e+00      1.373e-05   
      114            142         3.946e+00      8.231e-06      7.532e-04      5.632e-04      5.705e-07      1.487e+01      1.003e+00      1.373e-05   
  [mem] RSS 3.71 GB  peak 3.71 GB
      115            144         3.946e+00      8.818e-06      8.417e-04      3.057e-04      9.832e-07      1.487e+01      1.003e+00      1.373e-05   
      116            146         3.946e+00      3.269e-06      9.274e-04      9.548e-04      1.471e-06      1.487e+01      1.001e+00      9.548e-05   
      117            148         3.946e+00      4.660e-06      1.104e-03      8.324e-04      1.554e-06      1.487e+01      1.001e+00      9.548e-05   
      118            149         3.946e+00      5.682e-06      4.003e-04      2.359e-04      2.954e-06      1.487e+01      1.001e+00      9.548e-05   
  [mem] RSS 3.71 GB  peak 3.71 GB
      119            150         3.946e+00      2.820e-06      3.104e-04      1.387e-04      2.584e-06      1.487e+01      1.003e+00      1.387e-05   
      120            152         3.946e+00      8.098e-06      7.513e-04      5.699e-04      6.114e-07      1.487e+01      1.003e+00      1.387e-05   
      121            154         3.946e+00      8.138e-06      8.308e-04      3.211e-04      9.875e-07      1.487e+01      1.003e+00      1.387e-05   
      122            156         3.946e+00      2.746e-06      9.316e-04      9.670e-04      1.537e-06      1.487e+01      1.000e+00      9.670e-05   
      123            158         3.946e+00      4.245e-06      1.108e-03      8.536e-04      1.579e-06      1.487e+01      1.000e+00      9.670e-05   
  [mem] RSS 3.71 GB  peak 3.71 GB
      124            159         3.946e+00      5.918e-06      4.007e-04      2.311e-04      3.125e-06      1.487e+01      1.000e+00      9.670e-05   
      125            160         3.946e+00      2.699e-06      3.128e-04      1.429e-04      2.726e-06      1.487e+01      1.003e+00      1.429e-05   
      126            162         3.946e+00      7.384e-06      7.477e-04      5.770e-04      5.753e-07      1.487e+01      1.003e+00      1.429e-05   
      127            164         3.946e+00      7.306e-06      8.330e-04      3.653e-04      1.038e-06      1.487e+01      1.003e+00      1.429e-05   
  [mem] RSS 3.71 GB  peak 3.71 GB
      128            166         3.946e+00      2.323e-06      9.433e-04      9.926e-04      1.635e-06      1.487e+01      1.000e+00      9.926e-05   
      129            168         3.946e+00      3.904e-06      1.117e-03      8.806e-04      1.602e-06      1.487e+01      1.000e+00      9.926e-05   
      130            169         3.946e+00      6.198e-06      4.052e-04      2.268e-04      3.325e-06      1.487e+01      1.000e+00      9.926e-05   
      131            170         3.946e+00      2.563e-06      3.142e-04      1.463e-04      2.876e-06      1.487e+01      1.003e+00      1.463e-05   
  [mem] RSS 3.71 GB  peak 3.71 GB
      132            172         3.946e+00      6.846e-06      7.434e-04      5.807e-04      5.738e-07      1.487e+01      1.003e+00      1.463e-05   
      133            174         3.946e+00      6.572e-06      8.340e-04      4.021e-04      1.079e-06      1.487e+01      1.003e+00      1.463e-05   
      134            175         3.946e+00      2.020e-06      9.533e-04      1.012e-03      1.716e-06      1.487e+01      1.000e+00      1.012e-04   
      135            177         3.946e+00      3.586e-06      1.127e-03      9.029e-04      1.614e-06      1.487e+01      1.000e+00      1.012e-04   
      136            178         3.946e+00      6.395e-06      4.031e-04      2.236e-04      3.445e-06      1.487e+01      1.000e+00      1.012e-04   
  [mem] RSS 3.71 GB  peak 3.71 GB
      137            179         3.946e+00      2.471e-06      3.202e-04      1.489e-04      2.980e-06      1.487e+01      1.003e+00      1.489e-05   
      138            181         3.946e+00      6.391e-06      7.404e-04      5.829e-04      5.589e-07      1.487e+01      1.003e+00      1.489e-05   
      139            183         3.946e+00      5.914e-06      8.339e-04      4.340e-04      1.112e-06      1.487e+01      1.003e+00      1.489e-05   
      140            184         3.946e+00      1.790e-06      9.621e-04      1.023e-03      1.784e-06      1.487e+01      1.000e+00      1.023e-04   
  [mem] RSS 3.71 GB  peak 3.71 GB
      141            186         3.946e+00      3.309e-06      1.136e-03      9.214e-04      1.621e-06      1.487e+01      1.000e+00      1.023e-04   
      142            187         3.946e+00      6.555e-06      4.016e-04      2.209e-04      3.542e-06      1.487e+01      1.000e+00      1.023e-04   
      143            188         3.946e+00      2.390e-06      3.262e-04      1.546e-04      3.064e-06      1.487e+01      1.003e+00      1.546e-05   
      144            190         3.946e+00      6.004e-06      7.383e-04      5.845e-04      5.505e-07      1.487e+01      1.003e+00      1.546e-05   
      145            192         3.946e+00      5.282e-06      8.365e-04      4.668e-04      1.153e-06      1.487e+01      1.003e+00      1.546e-05   
  [mem] RSS 3.71 GB  peak 3.71 GB
      146            193         3.946e+00      1.612e-06      9.719e-04      1.011e-03      1.849e-06      1.487e+01      1.003e+00      1.546e-05   
      147            194         3.946e+00      7.975e-06      4.506e-04      2.236e-04      2.075e-06      1.487e+01      1.003e+00      1.546e-05   
      148            195         3.946e+00      1.692e-07      2.873e-04      1.129e-04      5.533e-08      1.487e+01      1.003e+00      1.129e-05   
      149            197         3.946e+00      9.113e-06      6.754e-04      2.160e-04      4.776e-07      1.487e+01      1.003e+00      1.129e-05   
  [mem] RSS 3.71 GB  peak 3.71 GB
  [it  150] bn 2.0866e-02  L 1.000  kappa 0.764  kMS 1.000  d_cc 1.955  d_pc 3.435  -> FAILS L,kMS
      150            199         3.946e+00      6.733e-06      7.218e-04      4.736e-04      5.745e-07      1.487e+01      1.003e+00      1.129e-05   
      151            201         3.946e+00      3.988e-06      8.389e-04      4.959e-04      1.187e-06      1.487e+01      1.003e+00      1.129e-05   
      152            202         3.946e+00      1.402e-06      9.816e-04      1.027e-03      1.845e-06      1.487e+01      1.003e+00      1.129e-05   
      153            203         3.946e+00      7.970e-06      4.392e-04      2.172e-04      2.474e-06      1.487e+01      1.003e+00      1.129e-05   
      154            204         3.946e+00      1.691e-07      2.837e-04      1.043e-04      2.193e-07      1.487e+01      1.003e+00      1.043e-05   
  [mem] RSS 3.72 GB  peak 3.72 GB
      155            206         3.946e+00      8.262e-06      6.645e-04      2.149e-04      4.408e-07      1.487e+01      1.003e+00      1.043e-05   
      156            208         3.946e+00      5.884e-06      7.304e-04      5.406e-04      5.709e-07      1.487e+01      1.003e+00      1.043e-05   
      157            210         3.946e+00      2.300e-06      8.958e-04      6.423e-04      1.537e-06      1.487e+01      1.001e+00      6.423e-05   
      158            212         3.946e+00      1.106e-06      1.004e-03      1.067e-03      8.270e-07      1.487e+01      1.001e+00      6.423e-05   
  [mem] RSS 3.72 GB  peak 3.72 GB
      159            213         3.946e+00      8.447e-06      4.340e-04      2.188e-04      2.906e-06      1.487e+01      1.001e+00      6.423e-05   
      160            214         3.946e+00     -7.666e-08      2.815e-04      1.038e-04      1.540e-06      1.487e+01      1.001e+00      6.423e-05   
      161            215         3.946e+00      8.120e-06      6.580e-04      2.092e-04      1.567e-06      1.487e+01      1.001e+00      6.423e-05   
      162            217         3.946e+00      6.119e-06      7.121e-04      4.813e-04      1.124e-06      1.487e+01      1.001e+00      6.423e-05   
      163            219         3.946e+00      2.462e-06      8.613e-04      5.963e-04      1.757e-07      1.487e+01      1.001e+00      5.963e-05   
  [mem] RSS 3.72 GB  peak 3.72 GB
      164            221         3.946e+00      1.239e-06      1.001e-03      1.053e-03      9.515e-07      1.487e+01      1.001e+00      5.963e-05   
      165            222         3.946e+00      8.255e-06      4.395e-04      2.147e-04      2.849e-06      1.487e+01      1.001e+00      5.963e-05   
      166            223         3.946e+00     -6.301e-08      2.813e-04      1.017e-04      1.372e-06      1.487e+01      1.001e+00      5.963e-05   
      167            224         3.946e+00      7.889e-06      6.566e-04      2.053e-04      1.402e-06      1.487e+01      1.001e+00      5.963e-05   
  [mem] RSS 3.72 GB  peak 3.72 GB
      168            226         3.946e+00      5.207e-06      7.276e-04      5.558e-04      1.007e-06      1.487e+01      1.001e+00      5.963e-05   
      169            228         3.946e+00      1.190e-06      9.148e-04      7.114e-04      3.318e-07      1.487e+01      1.001e+00      5.963e-05   
      170            229         3.946e+00      4.755e-06      3.845e-04      2.356e-04      1.901e-06      1.487e+01      1.001e+00      5.963e-05   
      171            230         3.946e+00      2.241e-06      2.955e-04      9.884e-05      1.692e-06      1.487e+01      1.003e+00      9.884e-06   
      172            232         3.946e+00      4.242e-06      7.542e-04      6.631e-04      3.781e-07      1.487e+01      1.003e+00      9.884e-06   
  [mem] RSS 3.72 GB  peak 3.72 GB
      173            234         3.946e+00      1.159e-06      9.549e-04      7.796e-04      1.811e-06      1.487e+01      1.003e+00      9.884e-06   
      174            235         3.946e+00      5.105e-06      3.837e-04      2.373e-04      2.747e-07      1.487e+01      1.003e+00      9.884e-06   
      175            236         3.946e+00      2.222e-06      2.934e-04      1.091e-04      1.398e-07      1.487e+01      1.003e+00      1.091e-05   
      176            238         3.946e+00      4.146e-06      7.488e-04      6.721e-04      3.967e-07      1.487e+01      1.003e+00      1.091e-05   
  [mem] RSS 3.72 GB  peak 3.72 GB
      177            240         3.946e+00      1.047e-06      9.506e-04      7.779e-04      1.778e-06      1.487e+01      1.003e+00      1.091e-05   
      178            241         3.946e+00      5.087e-06      3.814e-04      2.381e-04      2.657e-07      1.487e+01      1.003e+00      1.091e-05   
      179            242         3.946e+00      2.209e-06      2.921e-04      1.077e-04      1.281e-07      1.487e+01      1.003e+00      1.077e-05   
      180            244         3.946e+00      3.963e-06      7.514e-04      6.825e-04      4.051e-07      1.487e+01      1.003e+00      1.077e-05   
  [mem] RSS 3.72 GB  peak 3.72 GB
      181            245         3.946e+00      8.456e-07      9.543e-04      7.886e-04      1.799e-06      1.487e+01      1.003e+00      1.077e-05   
      182            246         3.946e+00      5.206e-06      3.817e-04      2.379e-04      2.787e-07      1.487e+01      1.003e+00      1.077e-05   
      183            247         3.946e+00      2.172e-06      2.920e-04      1.066e-04      1.188e-07      1.487e+01      1.003e+00      1.066e-05   
      184            249         3.946e+00      3.857e-06      7.515e-04      6.870e-04      4.058e-07      1.487e+01      1.002e+00      6.870e-05   
      185            251         3.946e+00      1.416e-06      9.208e-04      7.806e-04      1.347e-06      1.487e+01      1.002e+00      6.870e-05   
  [mem] RSS 3.72 GB  peak 3.72 GB
      186            252         3.946e+00      5.066e-06      3.815e-04      2.393e-04      1.664e-06      1.487e+01      1.002e+00      6.870e-05   
      187            253         3.946e+00      2.163e-06      2.791e-04      9.469e-05      1.411e-06      1.487e+01      1.003e+00      9.469e-06   
      188            255         3.946e+00      3.249e-06      7.545e-04      6.988e-04      4.065e-07      1.487e+01      1.002e+00      6.988e-05   
      189            257         3.946e+00      1.182e-06      9.208e-04      7.956e-04      1.389e-06      1.487e+01      1.002e+00      6.988e-05   
  [mem] RSS 3.72 GB  peak 3.72 GB
      190            258         3.946e+00      5.252e-06      3.833e-04      2.384e-04      1.711e-06      1.487e+01      1.002e+00      6.988e-05   
      191            259         3.946e+00      2.116e-06      2.836e-04      9.714e-05      1.434e-06      1.487e+01      1.003e+00      9.714e-06   
      192            261         3.946e+00      3.135e-06      7.502e-04      6.980e-04      4.039e-07      1.487e+01      1.002e+00      6.980e-05   
      193            263         3.946e+00      1.152e-06      9.114e-04      7.941e-04      1.374e-06      1.487e+01      1.002e+00      6.980e-05   
      194            264         3.946e+00      5.210e-06      3.819e-04      2.387e-04      1.700e-06      1.487e+01      1.002e+00      6.980e-05   
  [mem] RSS 3.72 GB  peak 3.72 GB
      195            265         3.946e+00      2.100e-06      2.782e-04      9.386e-05      1.431e-06      1.487e+01      1.003e+00      9.386e-06   
      196            267         3.946e+00      2.981e-06      7.513e-04      7.047e-04      4.084e-07      1.487e+01      1.002e+00      7.047e-05   
      197            269         3.946e+00      9.597e-07      9.207e-04      8.086e-04      1.411e-06      1.487e+01      1.002e+00      7.047e-05   
      198            270         3.946e+00      5.373e-06      3.831e-04      2.377e-04      1.750e-06      1.487e+01      1.002e+00      7.047e-05   
  [mem] RSS 3.72 GB  peak 3.72 GB
      199            271         3.946e+00      2.052e-06      2.814e-04      9.816e-05      1.454e-06      1.487e+01      1.003e+00      9.816e-06   
  [it  200] bn 2.0866e-02  L 1.000  kappa 0.763  kMS 1.000  d_cc 1.955  d_pc 3.435  -> FAILS L,kMS
      200            273         3.946e+00      2.882e-06      7.487e-04      7.033e-04      4.038e-07      1.487e+01      1.002e+00      7.033e-05   
Warning: Maximum number of iterations has been exceeded.
         Current function value: 3.946e+00
         Constraint violation: 4.038e-07
         Total delta_x: 4.324e-01
         Iterations: 200
         Function evaluations: 273
         Jacobian evaluations: 200
Timer: Solution time = 23.2 min
Timer: Avg time per step = 6.95 sec
==============================================================================================================
                                                                 Start  -->   End
Total (sum of squares):                                      1.522e+02  -->   3.946e+00, 
Maximum absolute Boundary normal field error:                1.983e-01  -->   3.690e-02 (T m^2)
Minimum absolute Boundary normal field error:                7.037e-06  -->   1.046e-06 (T m^2)
Average absolute Boundary normal field error:                5.920e-02  -->   9.316e-03 (T m^2)
Maximum absolute Boundary normal field error:                1.245e+00  -->   2.317e-01 (normalized)
Minimum absolute Boundary normal field error:                4.419e-05  -->   6.565e-06 (normalized)
Average absolute Boundary normal field error:                3.717e-01  -->   5.850e-02 (normalized)
Maximum Coil length:                                         2.653e+00  -->   3.200e+00 (m)
Minimum Coil length:                                         2.653e+00  -->   3.200e+00 (m)
Average Coil length:                                         2.653e+00  -->   3.200e+00 (m)
Maximum Coil length:                                         6.283e+00  -->   7.578e+00 (normalized)
Minimum Coil length:                                         6.283e+00  -->   7.578e+00 (normalized)
Average Coil length:                                         6.283e+00  -->   7.578e+00 (normalized)
Maximum Coil curvature:                                      2.368e+00  -->   6.100e+00 (m^-1)
Minimum Coil curvature:                                      2.368e+00  -->   1.856e-01 (m^-1)
Average Coil curvature:                                      2.368e+00  -->   2.597e+00 (m^-1)
Maximum Coil curvature:                                      1.000e+00  -->   2.576e+00 (normalized)
Minimum Coil curvature:                                      1.000e+00  -->   7.837e-02 (normalized)
Average Coil curvature:                                      1.000e+00  -->   1.096e+00 (normalized)
Maximum Coil mean squared curvature:                         5.609e+00  -->   8.000e+00 (m^-2)
Minimum Coil mean squared curvature:                         5.609e+00  -->   8.000e+00 (m^-2)
Average Coil mean squared curvature:                         5.609e+00  -->   8.000e+00 (m^-2)
Maximum Coil mean squared curvature:                         1.000e+00  -->   1.426e+00 (normalized)
Minimum Coil mean squared curvature:                         1.000e+00  -->   1.426e+00 (normalized)
Average Coil mean squared curvature:                         1.000e+00  -->   1.426e+00 (normalized)
Maximum Coil-coil distance penalty:                          0.000e+00  -->   0.000e+00 (dimensionless)
Minimum Coil-coil distance penalty:                          0.000e+00  -->   0.000e+00 (dimensionless)
Average Coil-coil distance penalty:                          0.000e+00  -->   0.000e+00 (dimensionless)
Maximum Plasma-coil distance penalty:                        0.000e+00  -->   0.000e+00 (dimensionless)
Minimum Plasma-coil distance penalty:                        0.000e+00  -->   0.000e+00 (dimensionless)
Average Plasma-coil distance penalty:                        0.000e+00  -->   0.000e+00 (dimensionless)
Summed coil current error:                                   0.000e+00  -->   0.000e+00 (A)
==============================================================================================================


SOLVER {'wall_s': 1413.733402967453, 'message': 'Maximum number of iterations has been exceeded.', 'nit': 200, 'n_outer': 37, 'constr_violation': 4.0379308252624924e-07, 'y_absmax_final': 1.001791825187448}
START  bn 1.3127e-01  L 0.829  kappa 0.296  kMS 0.701  d_cc 1.799  d_pc 1.661  -> FEASIBLE
RESULT bn 2.0866e-02  L 1.000  kappa 0.763  kMS 1.000  d_cc 1.955  d_pc 3.435  linked 0  -> FAILS L,kMS  active ['L', 'kMS']
wrote 922_stage1opt_results/runs/coilval/leg2_xyz/result.h5, result.json, result.png
