Running as unit: run-p1411780-i1413913.scope; invocation ID: 4d204984cd604a9494fc70a73905a1e5
E0923 20:15:22.073636 1411867 cuda_executor.cc:1743] Could not get kernel mode driver version: ( INVALID_ARGUMENT: Version does not match the format X.Y.Z )
E0923 20:15:22.085988 1411780 cuda_executor.cc:1743] Could not get kernel mode driver version: ( INVALID_ARGUMENT: Version does not match the format X.Y.Z )
DEVICE requested=gpu obtained=gpu (1x NVIDIA GeForce RTX 5070 Laptop GPU)
  [mem] RSS 0.83 GB  peak 0.83 GB
/home/singh/Documents/DESC2/coil_sandbox/vendor/desc/utils.py:590: UserWarning: Unequal number of field periods for grid 1 and basis 2.
  warnings.warn(msg, err)
/home/singh/Documents/DESC2/coil_sandbox/vendor/desc/utils.py:590: UserWarning: Unequal number of field periods for grid 1 and basis 2.
  warnings.warn(msg, err)
eq 922_stage1opt_results/runs/worst3/eq_lo.h5 (h5) NFP 2 sym True; start 922_stage1opt_results/runs/coilval/start_planar_worst3.h5: 4 unique coils, arc=False, expect 16 coils; source grid uniform (801 nodes/coil), length grid uniform (801), constraint grid 301, curvature grid 301; mode stage2; VACUUM (plasma field ignored)
SETTINGS {'eq': '922_stage1opt_results/runs/worst3/eq_lo.h5', 'start': '922_stage1opt_results/runs/coilval/start_planar_worst3.h5', 'out': '922_stage1opt_results/runs/coilval/worst3_planar', 'mode': 'stage2', 'length_mult': 1.0, 'margin': 0.0, 'fix_hinges': False, 'anchor_weight': 0.001, 'margin_skip': '', 'a': None, 'bounds': 'bounds/precise_qa_planar.json', 'device': 'gpu', 'vacuum': True, 'maxiter': 200, 'check_every': 50, 'ckpt_every': 50, 'diag_log': None, 'dcc_backoff': 0.025, 'dpc_backoff': 0.02, 'no_arc_backoffs': False, 'convex_form': 'signed', 'convex_kmin': 0.0, 'convex_backoff': 0.5, 'demount_margin': None, 'demount_backoff': 0.02, 'demount_arcs': False, 'demount_delta': 0.5, 'demount_eps': 0.25, 'level_hinges': False, 'fix_hinge_z': None, 'corner_max': None, 'planarity': 'auto', 'planarity_tol': 0.0, 'speed_floor': 0.0, 'arclength_weight': 0.0, 'torsion_weight': 0.0, 'coil_grid_n': 150, 'kappa_grid_n': None, 'eval_m': 25, 'eval_n': 25, 'plasma_m': 64, 'plasma_n': 64, 'src_gl': 24, 'src_n': 400, 'vc_m': None, 'vc_n': None, 'vc_chunk': 64, 'dcc_k': 20000, 'dpc_k': 20000, 'no_signed': False, 'dcc_neighbors': None, 'dcc_chunk': 4, 'dpc_chunk': 1, 'qf_chunk': 5, 'coil_jac_chunk': None, 'no_second_order': False, 'so_chunk': 16, 'so_rtol': 0.05, 'max_tr': 0.5, 'max_inner_iter': 100, 'ctol': 0.0001}
BOUNDS (judged, absolute, a=0.17189) L 3.2  Ltot -  kappa 8  kms 8  convex -  planar -  dcc 0.1  dpc 0.05
ENFORCED L 3.2  Ltot -  kappa 8  kms 8  convex -  planar -  dcc 0.1025  dpc 0.051
START  bn 1.1782e-01  L 0.844  kappa 0.291  kMS 0.677  d_cc 1.783  d_pc 1.482  linked 0  coils 16  -> FEASIBLE
Building objective: Quadratic flux
Precomputing transforms
Timer: Precomputing transforms = 1.77 sec
ObjectiveFunction deriv_mode : blocked
Quadratic flux jac_chunk_size: 5
Timer: Objective build = 2.34 sec
Building objective: summed coil current
Building objective: fixed shift
Building objective: fixed rotation
ObjectiveFunction deriv_mode : blocked
summed coil current jac_chunk_size: None
fixed shift jac_chunk_size: None
fixed rotation jac_chunk_size: None
Timer: Objective build = 380 ms
Building objective: coil length
Precomputing transforms
Timer: Precomputing transforms = 200 ms
Building objective: coil curvature
Precomputing transforms
Timer: Precomputing transforms = 3.13 ms
Building objective: coil mean squared curvature
Precomputing transforms
Timer: Precomputing transforms = 3.25 ms
Building objective: coil-coil distance penalty
Building objective: plasma-coil distance penalty
ObjectiveFunction deriv_mode : blocked
coil length jac_chunk_size: None
coil curvature jac_chunk_size: None
coil mean squared curvature jac_chunk_size: None
coil-coil distance penalty jac_chunk_size: 4
plasma-coil distance penalty jac_chunk_size: 1
Timer: Objective build = 5.58 sec
  [mem] RSS 3.00 GB  peak 3.00 GB
Timer: LinearConstraintProjection build = 2.32 sec
Timer: LinearConstraintProjection build = 119 ms
Number of parameters: 87
Number of objectives: 1326
Number of equality constraints: 0
Number of inequality constraints: 1256
Timer: Initializing the optimization = 11.5 sec

Starting optimization
Using method: lsq-auglag
E0923 20:16:17.777225 1411896 cuda_timer.cc:87] Delay kernel timed out: measured time has sub-optimal accuracy. There may be a missing warmup execution, please investigate in Nsight Systems.
E0923 20:16:17.915245 1411874 cuda_timer.cc:87] Delay kernel timed out: measured time has sub-optimal accuracy. There may be a missing warmup execution, please investigate in Nsight Systems.
  [mem] RSS 3.66 GB  peak 3.66 GB
Solver options:
------------------------------------------------------------
Maximum Function Evaluations       : 1001
Maximum Allowed Total Δx Norm      : inf
Scaled Termination                 : True
Trust Region Method                : svd
Initial Trust Radius               : 2.850e-01
Maximum Trust Radius               : 5.000e-01
Minimum Trust Radius               : 2.220e-16
Trust Radius Increase Ratio        : 4.000e+00
Trust Radius Decrease Ratio        : 2.500e-01
Trust Radius Increase Threshold    : 7.500e-01
Trust Radius Decrease Threshold    : 5.000e-01
Alpha Omega                        : 1.000e+00
Beta Omega                         : 1.000e+00
Alpha Eta                          : 1.000e-01
Beta Eta                           : 9.000e-01
Omega                              : 1.000e-02
Eta                                : 1.000e-02
Tau                                : 1.000e+01
------------------------------------------------------------ 

   Iteration     Total nfev        Cost      Cost reduction    Step norm     Optimality    Constr viol.   Penalty param  max(|mltplr|)      gtolk     
       0              1          1.645e+02                                    7.512e+00      0.000e+00      1.000e+01      0.000e+00      1.000e-03   
second_order: compiling constraint Hessian for blocks CoilLength, CoilCurvature, CoilMeanSquaredCurvature
  [mem] RSS 4.30 GB  peak 4.30 GB
       1              2          1.577e+02      6.802e+00      9.608e-03      7.078e+00      0.000e+00      1.000e+01      0.000e+00      1.000e-03   
       2              3          1.466e+02      1.107e+01      1.675e-02      6.340e+00      0.000e+00      1.000e+01      0.000e+00      1.000e-03   
       3              4          1.365e+02      1.006e+01      1.682e-02      5.959e+00      0.000e+00      1.000e+01      0.000e+00      1.000e-03   
       4              5          1.274e+02      9.133e+00      1.721e-02      5.687e+00      0.000e+00      1.000e+01      0.000e+00      1.000e-03   
       5              6          1.191e+02      8.284e+00      1.809e-02      5.336e+00      0.000e+00      1.000e+01      0.000e+00      1.000e-03   
       6              7          1.116e+02      7.492e+00      1.958e-02      4.965e+00      0.000e+00      1.000e+01      0.000e+00      1.000e-03   
       7              8          1.049e+02      6.761e+00      2.187e-02      4.584e+00      0.000e+00      1.000e+01      0.000e+00      1.000e-03   
  [mem] RSS 4.32 GB  peak 4.32 GB
       8              9          9.876e+01      6.090e+00      2.502e-02      4.198e+00      0.000e+00      1.000e+01      0.000e+00      1.000e-03   
       9             10          9.329e+01      5.474e+00      2.904e-02      3.816e+00      0.000e+00      1.000e+01      0.000e+00      1.000e-03   
      10             11          8.838e+01      4.910e+00      3.382e-02      3.543e+00      0.000e+00      1.000e+01      0.000e+00      1.000e-03   
      11             12          8.398e+01      4.403e+00      3.913e-02      3.323e+00      0.000e+00      1.000e+01      0.000e+00      1.000e-03   
      12             13          8.003e+01      3.947e+00      4.472e-02      3.116e+00      0.000e+00      1.000e+01      0.000e+00      1.000e-03   
      13             14          7.648e+01      3.552e+00      5.017e-02      2.921e+00      0.000e+00      1.000e+01      0.000e+00      1.000e-03   
      14             15          7.326e+01      3.221e+00      5.514e-02      2.738e+00      0.000e+00      1.000e+01      0.000e+00      1.000e-03   
      15             16          7.032e+01      2.934e+00      5.963e-02      2.565e+00      0.000e+00      1.000e+01      0.000e+00      1.000e-03   
      16             17          6.763e+01      2.689e+00      6.357e-02      2.402e+00      0.000e+00      1.000e+01      0.000e+00      1.000e-03   
  [mem] RSS 4.32 GB  peak 4.32 GB
      17             18          6.515e+01      2.480e+00      6.677e-02      2.249e+00      0.000e+00      1.000e+01      0.000e+00      1.000e-03   
      18             19          6.285e+01      2.302e+00      6.923e-02      2.107e+00      0.000e+00      1.000e+01      0.000e+00      1.000e-03   
      19             20          6.071e+01      2.141e+00      7.145e-02      1.972e+00      0.000e+00      1.000e+01      0.000e+00      1.000e-03   
      20             21          5.872e+01      1.996e+00      7.361e-02      1.847e+00      0.000e+00      1.000e+01      0.000e+00      1.000e-03   
      21             22          5.685e+01      1.861e+00      7.560e-02      1.727e+00      0.000e+00      1.000e+01      0.000e+00      1.000e-03   
      22             23          5.512e+01      1.737e+00      7.688e-02      1.615e+00      0.000e+00      1.000e+01      0.000e+00      1.000e-03   
      23             24          5.350e+01      1.619e+00      7.848e-02      1.508e+00      0.000e+00      1.000e+01      0.000e+00      1.000e-03   
      24             25          5.199e+01      1.505e+00      8.042e-02      1.406e+00      0.000e+00      1.000e+01      0.000e+00      1.000e-03   
      25             26          5.060e+01      1.398e+00      8.194e-02      1.310e+00      0.000e+00      1.000e+01      0.000e+00      1.000e-03   
  [mem] RSS 4.32 GB  peak 4.32 GB
      26             27          4.930e+01      1.298e+00      8.310e-02      1.218e+00      0.000e+00      1.000e+01      0.000e+00      1.000e-03   
      27             28          4.809e+01      1.207e+00      8.391e-02      1.127e+00      0.000e+00      1.000e+01      0.000e+00      1.000e-03   
      28             29          4.697e+01      1.125e+00      8.427e-02      1.046e+00      0.000e+00      1.000e+01      0.000e+00      1.000e-03   
      29             30          4.592e+01      1.049e+00      8.422e-02      9.755e-01      0.000e+00      1.000e+01      0.000e+00      1.000e-03   
      30             31          4.494e+01      9.787e-01      8.397e-02      9.092e-01      0.000e+00      1.000e+01      0.000e+00      1.000e-03   
      31             32          4.402e+01      9.152e-01      8.360e-02      8.426e-01      0.000e+00      1.000e+01      0.000e+00      1.000e-03   
      32             33          4.317e+01      8.587e-01      8.302e-02      7.810e-01      0.000e+00      1.000e+01      0.000e+00      1.000e-03   
      33             34          4.236e+01      8.048e-01      8.194e-02      7.164e-01      0.000e+00      1.000e+01      0.000e+00      1.000e-03   
      34             35          4.160e+01      7.556e-01      8.052e-02      6.591e-01      0.000e+00      1.000e+01      0.000e+00      1.000e-03   
  [mem] RSS 4.32 GB  peak 4.32 GB
      35             36          4.090e+01      7.088e-01      7.842e-02      5.998e-01      0.000e+00      1.000e+01      0.000e+00      1.000e-03   
      36             37          4.023e+01      6.694e-01      7.555e-02      5.450e-01      7.763e-03      1.000e+01      0.000e+00      1.000e-03   
      37             38          3.960e+01      6.281e-01      7.196e-02      4.904e-01      4.820e-02      1.000e+01      0.000e+00      1.000e-03   
      38             39          3.901e+01      5.878e-01      6.841e-02      4.408e-01      8.691e-02      1.000e+01      0.000e+00      1.000e-03   
      39             40          3.846e+01      5.469e-01      6.429e-02      3.887e-01      1.235e-01      1.000e+01      0.000e+00      1.000e-03   
      40             41          3.796e+01      5.083e-01      5.966e-02      3.384e-01      1.578e-01      1.000e+01      0.000e+00      1.000e-03   
      41             42          3.749e+01      4.680e-01      5.421e-02      2.913e-01      1.890e-01      1.000e+01      0.000e+00      1.000e-03   
second_order: compiling constraint Hessian for blocks CoilLength, CoilCurvature
  [mem] RSS 4.33 GB  peak 4.33 GB
      42             43          3.706e+01      4.257e-01      4.811e-02      2.418e-01      2.168e-01      1.000e+01      0.000e+00      1.000e-03   
      43             44          3.668e+01      3.793e-01      4.160e-02      1.947e-01      2.405e-01      1.000e+01      0.000e+00      1.000e-03   
      44             45          3.636e+01      3.254e-01      3.522e-02      1.473e-01      2.596e-01      1.000e+01      0.000e+00      1.000e-03   
second_order: compiling constraint Hessian for blocks CoilLength
      45             46          3.609e+01      2.654e-01      3.000e-02      1.086e-01      2.739e-01      1.000e+01      0.000e+00      1.000e-03   
  [mem] RSS 4.36 GB  peak 4.36 GB
      46             47          3.589e+01      2.031e-01      2.742e-02      8.739e-02      2.836e-01      1.000e+01      0.000e+00      1.000e-03   
      47             48          3.574e+01      1.490e-01      2.751e-02      7.766e-02      2.894e-01      1.000e+01      0.000e+00      1.000e-03   
      48             49          3.563e+01      1.090e-01      2.896e-02      6.893e-02      2.927e-01      1.000e+01      0.000e+00      1.000e-03   
      49             50          3.555e+01      8.301e-02      3.138e-02      6.189e-02      2.945e-01      1.000e+01      0.000e+00      1.000e-03   
  [it   50] bn 5.4178e-02  L 1.040  kappa 0.833  kMS 0.912  d_cc 2.163  d_pc 3.035  -> FAILS L
      50             51          3.548e+01      6.782e-02      3.238e-02      5.611e-02      2.954e-01      1.000e+01      0.000e+00      1.000e-03   
      51             52          3.542e+01      5.866e-02      3.269e-02      5.161e-02      2.958e-01      1.000e+01      0.000e+00      1.000e-03   
      52             53          3.537e+01      5.287e-02      3.239e-02      4.801e-02      2.956e-01      1.000e+01      0.000e+00      1.000e-03   
      53             54          3.532e+01      4.819e-02      3.213e-02      4.505e-02      2.952e-01      1.000e+01      0.000e+00      1.000e-03   
  [mem] RSS 4.36 GB  peak 4.36 GB
      54             55          3.528e+01      4.290e-02      3.145e-02      4.280e-02      2.944e-01      1.000e+01      0.000e+00      1.000e-03   
      55             56          3.524e+01      3.858e-02      2.951e-02      4.093e-02      2.933e-01      1.000e+01      0.000e+00      1.000e-03   
      56             57          3.520e+01      3.509e-02      2.800e-02      3.920e-02      2.920e-01      1.000e+01      0.000e+00      1.000e-03   
      57             58          3.517e+01      3.158e-02      2.508e-02      3.790e-02      2.904e-01      1.000e+01      0.000e+00      1.000e-03   
      58             59          3.514e+01      2.886e-02      2.329e-02      3.638e-02      2.887e-01      1.000e+01      0.000e+00      1.000e-03   
      59             60          3.512e+01      2.617e-02      2.058e-02      3.512e-02      2.869e-01      1.000e+01      0.000e+00      1.000e-03   
      60             61          3.509e+01      2.381e-02      1.858e-02      3.375e-02      2.850e-01      1.000e+01      0.000e+00      1.000e-03   
      61             62          3.507e+01      2.181e-02      1.678e-02      3.255e-02      2.853e-01      1.000e+01      0.000e+00      1.000e-03   
      62             63          3.505e+01      2.015e-02      1.605e-02      3.117e-02      2.865e-01      1.000e+01      0.000e+00      1.000e-03   
  [mem] RSS 4.36 GB  peak 4.36 GB
      63             64          3.503e+01      1.851e-02      1.476e-02      3.009e-02      2.876e-01      1.000e+01      0.000e+00      1.000e-03   
      64             65          3.502e+01      1.729e-02      1.372e-02      2.868e-02      2.885e-01      1.000e+01      0.000e+00      1.000e-03   
      65             66          3.500e+01      1.583e-02      1.304e-02      2.772e-02      2.891e-01      1.000e+01      0.000e+00      1.000e-03   
      66             67          3.498e+01      1.521e-02      1.302e-02      2.624e-02      2.897e-01      1.000e+01      0.000e+00      1.000e-03   
      67             68          3.497e+01      1.363e-02      1.264e-02      2.551e-02      2.901e-01      1.000e+01      0.000e+00      1.000e-03   
      68             69          3.496e+01      1.367e-02      1.307e-02      2.379e-02      2.904e-01      1.000e+01      0.000e+00      1.000e-03   
      69             70          3.495e+01      1.146e-02      1.277e-02      2.367e-02      2.905e-01      1.000e+01      0.000e+00      1.000e-03   
      70             71          3.493e+01      1.259e-02      1.415e-02      2.112e-02      2.908e-01      1.000e+01      0.000e+00      1.000e-03   
      71             72          3.492e+01      8.039e-03      1.380e-02      2.235e-02      2.906e-01      1.000e+01      0.000e+00      1.000e-03   
      72             73          3.491e+01      1.144e-02      1.576e-02      2.869e-02      2.909e-01      1.000e+01      0.000e+00      1.000e-03   
  [mem] RSS 4.36 GB  peak 4.36 GB
      73             74          3.491e+01      1.260e-03      1.490e-02      3.563e-02      2.904e-01      1.000e+01      0.000e+00      1.000e-03   
      74             75          3.490e+01      1.496e-02      5.509e-03      1.720e-02      2.907e-01      1.000e+01      0.000e+00      1.000e-03   
      75             76          3.489e+01      4.211e-03      1.445e-02      1.674e-02      2.909e-01      1.000e+01      0.000e+00      1.000e-03   
      76             77          3.489e+01      4.500e-03      1.518e-02      2.139e-02      2.903e-01      1.000e+01      0.000e+00      1.000e-03   
      77             78          3.488e+01      8.818e-03      1.648e-02      3.510e-02      2.907e-01      1.000e+01      0.000e+00      1.000e-03   
      78             79          3.488e+01     -1.139e-03      3.685e-03      1.419e-02      2.907e-01      1.000e+01      0.000e+00      1.000e-03   
      79             80          3.487e+01      9.979e-03      1.483e-02      1.644e-02      2.901e-01      1.000e+01      0.000e+00      1.000e-03   
      80             81          3.486e+01      7.252e-03      1.786e-02      2.187e-02      2.902e-01      1.000e+01      0.000e+00      1.000e-03   
      81             82          3.486e+01      3.855e-04      1.562e-02      3.180e-02      2.896e-01      1.000e+01      0.000e+00      1.000e-03   
  [mem] RSS 4.36 GB  peak 4.36 GB
      82             83          3.485e+01      1.290e-02      5.163e-03      1.294e-02      2.898e-01      1.000e+01      0.000e+00      1.000e-03   
      83             84          3.485e+01     -1.175e-03      4.256e-03      1.128e-02      2.898e-01      1.000e+01      0.000e+00      1.000e-03   
      84             85          3.485e+01      4.953e-03      1.342e-02      1.253e-02      2.898e-01      1.000e+01      0.000e+00      1.000e-03   
      85             86          3.484e+01      6.268e-03      1.759e-02      1.201e-02      2.894e-01      1.000e+01      0.000e+00      1.000e-03   
      86             87          3.483e+01      5.787e-03      1.503e-02      1.224e-02      2.894e-01      1.000e+01      0.000e+00      1.000e-03   
      87             88          3.483e+01      6.059e-03      1.744e-02      1.132e-02      2.891e-01      1.000e+01      0.000e+00      1.000e-03   
      88             89          3.482e+01      5.359e-03      1.530e-02      1.154e-02      2.891e-01      1.000e+01      0.000e+00      1.000e-03   
      89             90          3.482e+01      5.855e-03      1.749e-02      1.016e-02      2.889e-01      1.000e+01      0.000e+00      1.000e-03   
      90             91          3.481e+01      4.289e-03      1.500e-02      1.105e-02      2.888e-01      1.000e+01      0.000e+00      1.000e-03   
  [mem] RSS 4.36 GB  peak 4.36 GB
      91             92          3.481e+01      4.698e-03      1.777e-02      2.249e-02      2.888e-01      1.000e+01      0.000e+00      1.000e-03   
      92             94          3.481e+01     -2.014e-03      4.026e-03      8.404e-03      2.887e-01      1.000e+01      0.000e+00      1.000e-03   
      93             95          3.480e+01      5.445e-03      4.666e-03      7.434e-03      2.887e-01      1.000e+01      0.000e+00      1.000e-03   
      94             96          3.480e+01      4.527e-03      1.596e-02      9.030e-03      2.886e-01      1.000e+01      0.000e+00      1.000e-03   
      95             97          3.480e+01      4.058e-03      1.716e-02      1.894e-02      2.885e-01      1.000e+01      0.000e+00      1.000e-03   
      96             99          3.480e+01     -1.944e-03      4.114e-03      8.657e-03      2.883e-01      1.000e+01      0.000e+00      1.000e-03   
      97             100         3.479e+01      5.036e-03      4.300e-03      6.639e-03      2.884e-01      1.000e+01      0.000e+00      1.000e-03   
      98             101         3.479e+01      3.092e-03      1.573e-02      1.038e-02      2.882e-01      1.000e+01      0.000e+00      1.000e-03   
      99             102         3.479e+01      2.596e-03      1.784e-02      2.715e-02      2.882e-01      1.000e+01      0.000e+00      1.000e-03   
  [mem] RSS 4.36 GB  peak 4.36 GB
  [it  100] bn 5.3443e-02  L 1.039  kappa 1.048  kMS 1.000  d_cc 2.031  d_pc 3.172  -> FAILS L,kappa
      100            103         3.479e+01     -2.705e-03      3.926e-03      2.434e+00      2.881e-01      1.029e+01      3.077e-02      2.434e-01   
      101            104         3.505e+01     -2.638e-01      4.830e-03      2.192e+00      2.611e-01      1.029e+01      3.077e-02      2.434e-01   
      102            105         3.553e+01     -4.806e-01      1.796e-02      1.758e+00      2.138e-01      1.029e+01      3.077e-02      2.434e-01   
      103            106         3.603e+01     -4.938e-01      2.446e-02      1.320e+00      1.669e-01      1.029e+01      3.077e-02      2.434e-01   
      104            107         3.652e+01     -4.924e-01      2.815e-02      8.797e-01      1.206e-01      1.029e+01      3.077e-02      2.434e-01   
      105            108         3.698e+01     -4.574e-01      2.519e-02      4.512e-01      7.636e-02      1.029e+01      3.077e-02      2.434e-01   
      106            109         3.726e+01     -2.794e-01      2.005e-02      1.313e+00      4.482e-02      1.315e+01      7.793e-02      1.313e-01   
      107            110         3.752e+01     -2.623e-01      7.054e-03      6.812e-01      2.459e-02      1.315e+01      7.793e-02      1.313e-01   
  [mem] RSS 4.36 GB  peak 4.36 GB
      108            111         3.770e+01     -1.756e-01      3.532e-02      1.524e-01      7.845e-03      1.315e+01      7.793e-02      1.313e-01   
      109            112         3.768e+01      1.437e-02      4.198e-02      1.891e-01      4.532e-03      1.315e+01      4.532e+00      1.891e-02   
      110            113         3.771e+01     -2.519e-02      2.902e-02      3.752e-02      0.000e+00      1.315e+01      4.532e+00      1.891e-02   
      111            114         3.768e+01      2.509e-02      2.461e-02      2.713e-02      0.000e+00      1.315e+01      4.532e+00      1.891e-02   
      112            115         3.766e+01      1.884e-02      2.063e-02      2.114e-02      0.000e+00      1.315e+01      4.532e+00      2.114e-03   
      113            116         3.764e+01      1.796e-02      1.982e-02      1.566e-02      0.000e+00      1.315e+01      4.532e+00      2.114e-03   
      114            117         3.763e+01      1.055e-02      1.768e-02      1.615e-02      3.740e-05      1.315e+01      4.532e+00      2.114e-03   
      115            118         3.763e+01      7.712e-03      1.622e-02      1.597e-02      2.517e-04      1.315e+01      4.532e+00      2.114e-03   
      116            119         3.762e+01      5.548e-03      1.463e-02      1.424e-02      4.273e-04      1.315e+01      4.532e+00      2.114e-03   
  [mem] RSS 4.36 GB  peak 4.36 GB
      117            120         3.762e+01      4.051e-03      1.266e-02      1.219e-02      5.712e-04      1.315e+01      4.532e+00      2.114e-03   
      118            121         3.761e+01      3.138e-03      1.191e-02      8.958e-03      6.803e-04      1.315e+01      4.532e+00      2.114e-03   
      119            122         3.761e+01      2.718e-03      1.055e-02      8.009e-03      7.366e-04      1.315e+01      4.532e+00      2.114e-03   
      120            123         3.761e+01      2.499e-03      1.098e-02      6.361e-03      7.595e-04      1.315e+01      4.532e+00      2.114e-03   
      121            124         3.761e+01      1.911e-03      1.115e-02      1.311e-02      7.768e-04      1.315e+01      4.532e+00      2.114e-03   
      122            125         3.761e+01      4.189e-04      1.534e-02      2.452e-02      6.940e-04      1.315e+01      4.532e+00      2.114e-03   
      123            126         3.760e+01      1.445e-03      3.930e-03      9.184e-03      6.935e-04      1.315e+01      4.532e+00      2.114e-03   
      124            127         3.760e+01      6.258e-04      4.205e-03      4.156e-03      6.589e-04      1.315e+01      4.532e+00      2.114e-03   
      125            128         3.760e+01      2.033e-03      1.076e-02      1.185e-02      6.240e-04      1.315e+01      4.532e+00      2.114e-03   
  [mem] RSS 4.36 GB  peak 4.36 GB
      126            129         3.760e+01      5.699e-04      1.350e-02      2.149e-02      6.229e-04      1.315e+01      4.532e+00      2.114e-03   
      127            130         3.760e+01      9.883e-04      3.760e-03      9.193e-03      7.037e-04      1.315e+01      4.532e+00      2.114e-03   
      128            131         3.760e+01      5.110e-04      3.630e-03      5.168e-03      6.522e-04      1.315e+01      4.532e+00      2.114e-03   
      129            132         3.760e+01      1.517e-03      1.005e-02      1.447e-02      6.155e-04      1.315e+01      4.532e+00      2.114e-03   
      130            134         3.760e+01      3.092e-04      3.833e-03      1.115e-02      6.251e-04      1.315e+01      4.532e+00      2.114e-03   
      131            135         3.760e+01      2.391e-04      9.855e-04      2.945e-03      6.424e-04      1.315e+01      4.532e+00      2.114e-03   
      132            136         3.760e+01      5.617e-04      3.634e-03      2.647e-03      6.479e-04      1.315e+01      4.532e+00      2.114e-03   
      133            137         3.760e+01      1.873e-03      1.028e-02      4.401e-03      6.073e-04      1.315e+01      4.532e+00      2.114e-03   
      134            138         3.759e+01      1.181e-03      8.219e-03      4.993e-03      6.086e-04      1.315e+01      4.532e+00      2.114e-03   
  [mem] RSS 4.36 GB  peak 4.36 GB
      135            139         3.759e+01      1.104e-03      1.127e-02      1.019e-02      5.375e-04      1.315e+01      4.532e+00      2.114e-03   
      136            140         3.759e+01      3.439e-04      1.096e-02      1.751e-02      4.572e-04      1.315e+01      4.532e+00      2.114e-03   
      137            141         3.759e+01      4.622e-04      2.847e-03      8.292e-03      4.003e-04      1.315e+01      4.532e+00      2.114e-03   
      138            142         3.759e+01      4.816e-04      3.916e-03      4.135e-03      4.550e-04      1.315e+01      4.532e+00      2.114e-03   
      139            143         3.759e+01      1.092e-03      1.022e-02      8.135e-03      3.486e-04      1.315e+01      4.532e+00      2.114e-03   
      140            144         3.759e+01      6.492e-04      8.989e-03      1.194e-02      3.639e-04      1.315e+01      4.532e+00      2.114e-03   
      141            145         3.759e+01      1.596e-04      2.698e-03      7.520e-03      3.531e-04      1.315e+01      4.532e+00      2.114e-03   
      142            146         3.759e+01      3.228e-04      2.637e-03      5.129e-03      3.996e-04      1.315e+01      4.532e+00      2.114e-03   
      143            147         3.759e+01      7.631e-04      8.233e-03      9.624e-03      2.938e-04      1.315e+01      4.532e+00      2.114e-03   
  [mem] RSS 4.36 GB  peak 4.36 GB
      144            149         3.759e+01      3.198e-04      2.685e-03      6.989e-03      3.817e-04      1.315e+01      4.532e+00      2.114e-03   
      145            150         3.759e+01      1.811e-05      7.343e-04      4.695e-03      3.650e-04      1.315e+01      4.532e+00      2.114e-03   
      146            151         3.759e+01      3.098e-04      3.343e-03      4.597e-02      3.578e-04      1.315e+01      3.224e+00      4.597e-03   
      147            152         3.758e+01      1.217e-02      5.046e-03      4.237e-02      6.210e-04      1.315e+01      3.224e+00      4.597e-03   
      148            153         3.758e+01     -3.585e-04      5.611e-03      3.681e-02      5.314e-04      1.315e+01      3.224e+00      4.597e-03   
      149            154         3.758e+01     -7.773e-03      4.776e-03      6.657e-02      0.000e+00      1.315e+01      3.224e+00      4.597e-03   
  [it  150] bn 5.5505e-02  L 1.000  kappa 0.860  kMS 0.999  d_cc 2.241  d_pc 3.180  -> FEASIBLE
      150            155         3.758e+01      5.368e-03      3.849e-02      5.197e-03      0.000e+00      1.315e+01      3.224e+00      4.597e-03   
      151            156         3.758e+01      8.316e-04      1.130e-02      7.211e-03      3.777e-06      1.315e+01      3.215e+00      7.211e-04   
  [mem] RSS 4.36 GB  peak 4.36 GB
      152            157         3.758e+01      1.031e-03      1.575e-02      3.802e-03      9.946e-05      1.315e+01      3.215e+00      7.211e-04   
      153            158         3.758e+01      1.024e-03      9.782e-03      3.424e-03      4.866e-04      1.315e+01      3.215e+00      7.211e-04   
      154            159         3.758e+01      5.224e-05      5.409e-04      3.389e-03      4.907e-04      1.315e+01      3.215e+00      7.211e-04   
      155            160         3.758e+01      4.431e-05      5.256e-04      3.353e-03      4.939e-04      1.315e+01      3.215e+00      7.211e-04   
      156            161         3.758e+01      4.102e-05      4.819e-04      3.327e-03      4.964e-04      1.315e+01      3.215e+00      7.211e-04   
      157            162         3.758e+01      6.456e-05      6.945e-04      3.279e-03      5.000e-04      1.315e+01      3.215e+00      7.211e-04   
      158            163         3.758e+01      1.843e-04      2.046e-03      3.204e-03      5.121e-04      1.315e+01      3.215e+00      7.211e-04   
      159            164         3.757e+01      2.085e-04      2.556e-03      3.157e-03      5.234e-04      1.315e+01      3.215e+00      7.211e-04   
      160            165         3.757e+01      9.792e-04      9.757e-03      3.373e-03      5.674e-04      1.315e+01      3.215e+00      7.211e-04   
      161            166         3.757e+01      8.278e-04      1.012e-02      3.271e-03      5.351e-04      1.315e+01      3.215e+00      7.211e-04   
  [mem] RSS 4.36 GB  peak 4.36 GB
      162            167         3.757e+01      9.940e-04      1.506e-02      3.304e-03      4.789e-04      1.315e+01      3.215e+00      7.211e-04   
      163            168         3.757e+01      8.910e-04      1.639e-02      3.135e-03      4.071e-04      1.315e+01      3.215e+00      7.211e-04   
      164            169         3.757e+01      4.555e-04      8.620e-03      2.887e-03      3.527e-04      1.315e+01      3.215e+00      7.211e-04   
      165            170         3.757e+01      6.663e-04      1.284e-02      2.782e-03      2.922e-04      1.315e+01      3.215e+00      7.211e-04   
      166            171         3.757e+01      6.159e-04      1.217e-02      2.666e-03      2.346e-04      1.315e+01      3.215e+00      7.211e-04   
      167            172         3.757e+01      2.654e-04      5.998e-03      2.538e-03      1.967e-04      1.315e+01      3.215e+00      7.211e-04   
      168            173         3.757e+01      6.683e-04      1.330e-02      2.484e-03      1.434e-04      1.315e+01      3.215e+00      7.211e-04   
      169            174         3.757e+01      4.265e-04      1.062e-02      4.960e-03      8.611e-05      1.315e+01      3.215e+00      7.211e-04   
      170            175         3.757e+01      2.012e-04      1.136e-02      1.296e-02      6.147e-05      1.315e+01      3.215e+00      7.211e-04   
  [mem] RSS 4.36 GB  peak 4.36 GB
      171            176         3.757e+01      3.566e-04      3.683e-03      8.890e-03      5.217e-05      1.315e+01      3.215e+00      7.211e-04   
      172            177         3.757e+01      5.673e-06      9.601e-04      4.385e-03      1.989e-05      1.315e+01      3.219e+00      4.385e-04   
      173            178         3.757e+01      5.827e-04      1.358e-02      3.574e-03      2.650e-05      1.315e+01      3.219e+00      4.385e-04   
      174            179         3.757e+01      4.901e-04      1.405e-02      7.945e-03      5.101e-05      1.315e+01      3.219e+00      4.385e-04   
      175            180         3.757e+01      2.165e-04      7.576e-03      9.494e-03      4.964e-05      1.315e+01      3.219e+00      4.385e-04   
      176            181         3.757e+01      4.355e-05      2.226e-03      6.315e-03      8.685e-06      1.315e+01      3.219e+00      4.385e-04   
      177            182         3.757e+01      8.184e-05      7.029e-04      9.136e-04      1.211e-05      1.315e+01      3.219e+00      4.385e-04   
      178            183         3.757e+01      1.335e-04      2.290e-03      1.123e-03      8.261e-06      1.315e+01      3.219e+00      4.385e-04   
      179            184         3.757e+01      5.520e-04      5.095e-03      1.838e-03      2.873e-05      1.315e+01      3.219e+00      4.385e-04   
  [mem] RSS 4.36 GB  peak 4.36 GB
      180            185         3.756e+01      5.394e-04      1.726e-02      3.390e-03      4.580e-05      1.315e+01      3.219e+00      4.385e-04   
      181            186         3.756e+01      2.123e-04      1.266e-02      5.362e-03      3.333e-05      1.315e+01      3.219e+00      4.385e-04   
      182            188         3.756e+01     -3.539e-05      3.293e-03      7.373e-03      1.475e-05      1.315e+01      3.219e+00      4.385e-04   
      183            189         3.756e+01      1.250e-04      7.742e-04      1.713e-03      1.803e-05      1.315e+01      3.219e+00      4.385e-04   
      184            190         3.756e+01      3.133e-05      7.607e-04      1.728e-03      8.256e-06      1.315e+01      3.220e+00      1.728e-04   
      185            191         3.756e+01      4.996e-04      5.413e-03      1.651e-03      2.548e-05      1.315e+01      3.220e+00      1.728e-04   
      186            192         3.756e+01      4.642e-04      2.447e-02      1.655e-03      3.677e-05      1.315e+01      3.220e+00      1.728e-04   
      187            193         3.756e+01      1.893e-04      1.231e-02      2.561e-03      2.518e-05      1.315e+01      3.220e+00      1.728e-04   
      188            194         3.756e+01      1.764e-04      3.670e-03      2.885e-03      1.862e-05      1.315e+01      3.220e+00      1.728e-04   
  [mem] RSS 4.36 GB  peak 4.36 GB
      189            195         3.756e+01      1.828e-04      1.937e-02      7.729e-03      2.395e-05      1.315e+01      3.220e+00      1.728e-04   
      190            196         3.756e+01     -4.447e-06      3.498e-03      8.790e-03      9.955e-06      1.315e+01      3.220e+00      1.728e-04   
      191            197         3.756e+01      1.563e-04      7.804e-04      1.662e-03      1.213e-05      1.315e+01      3.220e+00      1.728e-04   
      192            198         3.756e+01      2.217e-05      8.241e-04      6.446e-04      1.647e-06      1.315e+01      3.220e+00      6.446e-05   
      193            199         3.756e+01      4.290e-04      5.101e-03      1.528e-03      2.437e-05      1.315e+01      3.220e+00      6.446e-05   
      194            200         3.756e+01      2.142e-04      1.621e-02      2.920e-03      2.099e-05      1.315e+01      3.220e+00      6.446e-05   
      195            201         3.756e+01      1.310e-04      1.251e-02      3.688e-03      1.547e-05      1.315e+01      3.220e+00      6.446e-05   
      196            203         3.756e+01      9.984e-06      3.088e-03      6.412e-03      1.027e-05      1.315e+01      3.220e+00      6.446e-05   
      197            204         3.756e+01      2.194e-05      6.880e-04      1.682e-03      5.796e-06      1.315e+01      3.218e+00      1.682e-04   
  [mem] RSS 4.36 GB  peak 4.36 GB
      198            205         3.756e+01      2.701e-04      3.396e-03      1.825e-03      9.329e-06      1.315e+01      3.218e+00      1.682e-04   
      199            206         3.756e+01      1.896e-04      1.447e-02      3.430e-03      1.356e-05      1.315e+01      3.218e+00      1.682e-04   
  [it  200] bn 5.5463e-02  L 1.000  kappa 0.801  kMS 1.000  d_cc 2.235  d_pc 3.179  -> FAILS L
      200            207         3.756e+01      1.231e-04      9.941e-03      3.775e-03      1.662e-05      1.315e+01      3.218e+00      1.682e-04   
Warning: Maximum number of iterations has been exceeded.
         Current function value: 3.756e+01
         Constraint violation: 1.662e-05
         Total delta_x: 6.007e-01
         Iterations: 200
         Function evaluations: 207
         Jacobian evaluations: 200
Timer: Solution time = 12.6 min
Timer: Avg time per step = 3.78 sec
==============================================================================================================
                                                                 Start  -->   End
Total (sum of squares):                                      1.645e+02  -->   3.756e+01, 
Maximum absolute Boundary normal field error:                2.020e-01  -->   9.514e-02 (T m^2)
Minimum absolute Boundary normal field error:                1.489e-04  -->   1.647e-05 (T m^2)
Average absolute Boundary normal field error:                5.544e-02  -->   2.659e-02 (T m^2)
Maximum absolute Boundary normal field error:                1.362e+00  -->   6.418e-01 (normalized)
Minimum absolute Boundary normal field error:                1.005e-03  -->   1.111e-04 (normalized)
Average absolute Boundary normal field error:                3.740e-01  -->   1.794e-01 (normalized)
Maximum Coil length:                                         2.700e+00  -->   3.200e+00 (m)
Minimum Coil length:                                         2.700e+00  -->   3.200e+00 (m)
Average Coil length:                                         2.700e+00  -->   3.200e+00 (m)
Maximum Coil length:                                         6.283e+00  -->   7.447e+00 (normalized)
Minimum Coil length:                                         6.283e+00  -->   7.447e+00 (normalized)
Average Coil length:                                         6.283e+00  -->   7.447e+00 (normalized)
Maximum Coil curvature:                                      2.327e+00  -->   6.399e+00 (m^-1)
Minimum Coil curvature:                                      2.327e+00  -->   5.543e-03 (m^-1)
Average Coil curvature:                                      2.327e+00  -->   2.170e+00 (m^-1)
Maximum Coil curvature:                                      1.000e+00  -->   2.750e+00 (normalized)
Minimum Coil curvature:                                      1.000e+00  -->   2.382e-03 (normalized)
Average Coil curvature:                                      1.000e+00  -->   9.325e-01 (normalized)
Maximum Coil mean squared curvature:                         5.415e+00  -->   8.000e+00 (m^-2)
Minimum Coil mean squared curvature:                         5.415e+00  -->   7.173e+00 (m^-2)
Average Coil mean squared curvature:                         5.415e+00  -->   7.514e+00 (m^-2)
Maximum Coil mean squared curvature:                         1.000e+00  -->   1.477e+00 (normalized)
Minimum Coil mean squared curvature:                         1.000e+00  -->   1.325e+00 (normalized)
Average Coil mean squared curvature:                         1.000e+00  -->   1.388e+00 (normalized)
Maximum Coil-coil distance penalty:                          0.000e+00  -->   0.000e+00 (dimensionless)
Minimum Coil-coil distance penalty:                          0.000e+00  -->   0.000e+00 (dimensionless)
Average Coil-coil distance penalty:                          0.000e+00  -->   0.000e+00 (dimensionless)
Maximum Plasma-coil distance penalty:                        0.000e+00  -->   0.000e+00 (dimensionless)
Minimum Plasma-coil distance penalty:                        0.000e+00  -->   0.000e+00 (dimensionless)
Average Plasma-coil distance penalty:                        0.000e+00  -->   0.000e+00 (dimensionless)
Summed coil current error:                                   0.000e+00  -->   0.000e+00 (A)
==============================================================================================================


SOLVER {'wall_s': 780.8026404380798, 'message': 'Maximum number of iterations has been exceeded.', 'nit': 200, 'n_outer': 10, 'constr_violation': 1.6623931831993843e-05, 'y_absmax_final': 3.218223250248897}
START  bn 1.1782e-01  L 0.844  kappa 0.291  kMS 0.677  d_cc 1.783  d_pc 1.482  -> FEASIBLE
RESULT bn 5.5463e-02  L 1.000  kappa 0.801  kMS 1.000  d_cc 2.235  d_pc 3.179  linked 0  -> FAILS L  active ['L', 'kMS']
wrote 922_stage1opt_results/runs/coilval/worst3_planar/result.h5, result.json, result.png
