Running as unit: run-p555229-i556392.scope; invocation ID: e28b8590f84248b192b0fca3b69a8719
E0918 11:03:11.591870  555316 cuda_executor.cc:1743] Could not get kernel mode driver version: ( INVALID_ARGUMENT: Version does not match the format X.Y.Z )
E0918 11:03:11.605539  555229 cuda_executor.cc:1743] Could not get kernel mode driver version: ( INVALID_ARGUMENT: Version does not match the format X.Y.Z )
DEVICE requested=gpu obtained=gpu (1x NVIDIA GeForce RTX 5070 Laptop GPU)
  [mem] RSS 0.82 GB  peak 0.82 GB
/home/singh/Documents/DESC2/coil_sandbox/vendor/desc/utils.py:590: UserWarning: Unequal number of field periods for grid 1 and basis 2.
  warnings.warn(msg, err)
/home/singh/Documents/DESC2/coil_sandbox/vendor/desc/utils.py:590: UserWarning: Unequal number of field periods for grid 1 and basis 2.
  warnings.warn(msg, err)
eq sample_equilibria/helios_repro.h5 (h5) NFP 2 sym True; start work/helios/planar16/start_ra2.5.h5: 4 unique coils, arc=False, expect 16 coils; source grid uniform (801 nodes/coil), length grid uniform (801), constraint grid 301, curvature grid 301; mode feasibility; plasma field included (virtual casing)
SETTINGS {'eq': 'sample_equilibria/helios_repro.h5', 'start': 'work/helios/planar16/start_ra2.5.h5', 'out': 'work/helios/planar16/feas', 'mode': 'feasibility', 'length_mult': 1.0, 'margin': 0.25, 'fix_hinges': False, 'anchor_weight': 0.001, 'margin_skip': 'L', 'a': None, 'bounds': 'bounds/helios_kruger2026.json', 'device': 'gpu', 'vacuum': False, 'maxiter': 300, 'check_every': 25, 'ckpt_every': 50, 'diag_log': None, 'dcc_backoff': 0.025, 'dpc_backoff': 0.02, 'no_arc_backoffs': False, 'convex_form': 'signed', 'convex_kmin': 0.0, 'convex_backoff': 0.5, 'planarity': 'auto', 'planarity_tol': 0.0, 'speed_floor': 0.0, 'arclength_weight': 0.0, 'torsion_weight': 0.0, 'coil_grid_n': 150, 'kappa_grid_n': None, 'eval_m': 25, 'eval_n': 25, 'plasma_m': 64, 'plasma_n': 64, 'src_gl': 24, 'src_n': 400, 'vc_m': None, 'vc_n': None, 'vc_chunk': 64, 'dcc_k': 20000, 'dpc_k': 20000, 'no_signed': False, 'dcc_neighbors': None, 'dcc_chunk': 4, 'dpc_chunk': 1, 'qf_chunk': 25, 'coil_jac_chunk': None, 'no_second_order': False, 'so_chunk': 16, 'so_rtol': 0.05, 'max_tr': 0.5, 'max_inner_iter': 100, 'ctol': 0.0001}
BOUNDS (judged, absolute, a=1.77186) L 36  Ltot -  kappa 1.5  kms -  convex 0.001  planar -  dcc 1.2  dpc 1.2
TARGET (margin 0.25) L 36  Ltot -  kappa 1.125  kms -  convex 0.001  planar -  dcc 1.5  dpc 1.5
ENFORCED L 36  Ltot -  kappa 1.125  kms -  convex 0.0005  planar -  dcc 1.537  dpc 1.53  (convexity: signed, kappa_s >= 0.0)
  [mem] RSS 2.81 GB  peak 2.81 GB
START  bn 7.7194e-02  L 0.773  kappa 0.151  convex 0.000  d_cc 0.944  d_pc 0.902  linked 0  coils 16  -> FAILS d_cc,d_pc
Building objective: fixed parameters
Timer: Objective build = 343 ms
Building objective: fixed coil current
Building objective: fixed shift
Building objective: fixed rotation
Timer: Objective build = 82.6 ms
Building objective: coil length
Precomputing transforms
Timer: Precomputing transforms = 215 ms
Building objective: coil curvature
Precomputing transforms
Timer: Precomputing transforms = 3.20 ms
Building objective: coil signed curvature
Precomputing transforms
Timer: Precomputing transforms = 2.90 ms
Building objective: coil-coil distance penalty
Building objective: plasma-coil distance penalty
Timer: Objective build = 6.18 sec
Timer: LinearConstraintProjection build = 1.65 sec
Timer: LinearConstraintProjection build = 113 ms
Number of parameters: 84
Number of objectives: 136
Number of equality constraints: 0
Number of inequality constraints: 2456
Timer: Initializing the optimization = 9.08 sec

Starting optimization
Using method: lsq-auglag
E0918 11:04:06.651149  555329 cuda_timer.cc:87] Delay kernel timed out: measured time has sub-optimal accuracy. There may be a missing warmup execution, please investigate in Nsight Systems.
  [mem] RSS 3.90 GB  peak 3.90 GB
second_order: compiling constraint Hessian for blocks CoilSetDistancePenalty, PlasmaCoilSetDistancePenalty
E0918 11:04:24.430973  555339 cuda_timer.cc:87] Delay kernel timed out: measured time has sub-optimal accuracy. There may be a missing warmup execution, please investigate in Nsight Systems.
Solver options:
------------------------------------------------------------
Maximum Function Evaluations       : 1501
Maximum Allowed Total Δx Norm      : inf
Scaled Termination                 : True
Trust Region Method                : svd
Initial Trust Radius               : 1.095e-01
Maximum Trust Radius               : 5.000e-01
Minimum Trust Radius               : 2.220e-16
Trust Radius Increase Ratio        : 4.000e+00
Trust Radius Decrease Ratio        : 2.500e-01
Trust Radius Increase Threshold    : 7.500e-01
Trust Radius Decrease Threshold    : 5.000e-01
Alpha Omega                        : 1.000e+00
Beta Omega                         : 1.000e+00
Alpha Eta                          : 1.000e-01
Beta Eta                           : 9.000e-01
Omega                              : 1.000e-02
Eta                                : 1.000e-02
Tau                                : 1.000e+01
------------------------------------------------------------ 

   Iteration     Total nfev        Cost      Cost reduction    Step norm     Optimality    Constr viol.   Penalty param  max(|mltplr|)      gtolk     
       0              1          0.000e+00                                    1.379e+02      3.731e+01      1.000e+01      0.000e+00      1.000e-03   
       1              2          4.493e-14     -4.493e-14      2.998e-04      1.374e+02      3.721e+01      1.000e+01      0.000e+00      1.000e-03   
       2              3          1.124e-12     -1.079e-12      1.200e-03      1.353e+02      3.683e+01      1.000e+01      0.000e+00      1.000e-03   
       3              4          4.118e-12     -2.994e-12      1.370e-03      1.329e+02      3.639e+01      1.000e+01      0.000e+00      1.000e-03   
  [mem] RSS 4.43 GB  peak 4.43 GB
       4              5          8.996e-12     -4.877e-12      1.372e-03      1.306e+02      3.596e+01      1.000e+01      0.000e+00      1.000e-03   
       5              6          1.576e-11     -6.769e-12      1.374e-03      1.283e+02      3.553e+01      1.000e+01      0.000e+00      1.000e-03   
       6              7          2.443e-11     -8.669e-12      1.376e-03      1.260e+02      3.510e+01      1.000e+01      0.000e+00      1.000e-03   
       7              8          3.501e-11     -1.058e-11      1.378e-03      1.238e+02      3.469e+01      1.000e+01      0.000e+00      1.000e-03   
       8              9          4.751e-11     -1.250e-11      1.381e-03      1.216e+02      3.427e+01      1.000e+01      0.000e+00      1.000e-03   
       9             10          6.194e-11     -1.443e-11      1.383e-03      1.195e+02      3.386e+01      1.000e+01      0.000e+00      1.000e-03   
      10             11          7.832e-11     -1.638e-11      1.386e-03      1.173e+02      3.346e+01      1.000e+01      0.000e+00      1.000e-03   
      11             12          9.666e-11     -1.834e-11      1.389e-03      1.153e+02      3.305e+01      1.000e+01      0.000e+00      1.000e-03   
      12             13          1.170e-10     -2.032e-11      1.393e-03      1.132e+02      3.266e+01      1.000e+01      0.000e+00      1.000e-03   
      13             14          1.393e-10     -2.231e-11      1.396e-03      1.112e+02      3.227e+01      1.000e+01      0.000e+00      1.000e-03   
      14             15          1.636e-10     -2.431e-11      1.400e-03      1.092e+02      3.188e+01      1.000e+01      0.000e+00      1.000e-03   
      15             16          1.899e-10     -2.634e-11      1.404e-03      1.073e+02      3.149e+01      1.000e+01      0.000e+00      1.000e-03   
      16             17          2.183e-10     -2.839e-11      1.408e-03      1.053e+02      3.111e+01      1.000e+01      0.000e+00      1.000e-03   
      17             18          2.488e-10     -3.045e-11      1.413e-03      1.035e+02      3.074e+01      1.000e+01      0.000e+00      1.000e-03   
      18             19          2.813e-10     -3.254e-11      1.417e-03      1.016e+02      3.037e+01      1.000e+01      0.000e+00      1.000e-03   
      19             20          3.160e-10     -3.464e-11      1.422e-03      9.978e+01      3.000e+01      1.000e+01      0.000e+00      1.000e-03   
      20             21          3.527e-10     -3.677e-11      1.427e-03      9.799e+01      2.964e+01      1.000e+01      0.000e+00      1.000e-03   
      21             22          3.916e-10     -3.892e-11      1.432e-03      9.622e+01      2.928e+01      1.000e+01      0.000e+00      1.000e-03   
      22             23          4.327e-10     -4.109e-11      1.437e-03      9.449e+01      2.892e+01      1.000e+01      0.000e+00      1.000e-03   
      23             24          4.760e-10     -4.328e-11      1.442e-03      9.278e+01      2.857e+01      1.000e+01      0.000e+00      1.000e-03   
      24             25          5.215e-10     -4.550e-11      1.447e-03      9.111e+01      2.823e+01      1.000e+01      0.000e+00      1.000e-03   
  [it   25] bn 7.6985e-02  L 0.774  kappa 0.182  convex 0.000  d_cc 0.962  d_pc 0.938  -> FAILS d_cc,d_pc  target FAILS d_cc,d_pc
      25             26          5.693e-10     -4.774e-11      1.453e-03      8.946e+01      2.788e+01      1.000e+01      0.000e+00      1.000e-03   
      26             27          6.193e-10     -5.001e-11      1.459e-03      8.784e+01      2.754e+01      1.000e+01      0.000e+00      1.000e-03   
      27             28          6.716e-10     -5.230e-11      1.464e-03      8.624e+01      2.721e+01      1.000e+01      0.000e+00      1.000e-03   
      28             29          7.262e-10     -5.462e-11      1.470e-03      8.468e+01      2.688e+01      1.000e+01      0.000e+00      1.000e-03   
      29             30          7.832e-10     -5.697e-11      1.476e-03      8.314e+01      2.655e+01      1.000e+01      0.000e+00      1.000e-03   
      30             31          8.425e-10     -5.934e-11      1.482e-03      8.163e+01      2.623e+01      1.000e+01      0.000e+00      1.000e-03   
      31             32          9.042e-10     -6.174e-11      1.489e-03      8.014e+01      2.591e+01      1.000e+01      0.000e+00      1.000e-03   
      32             33          9.684e-10     -6.417e-11      1.495e-03      7.868e+01      2.559e+01      1.000e+01      0.000e+00      1.000e-03   
      33             34          1.035e-09     -6.663e-11      1.501e-03      7.724e+01      2.528e+01      1.000e+01      0.000e+00      1.000e-03   
      34             35          1.104e-09     -6.911e-11      1.508e-03      7.583e+01      2.497e+01      1.000e+01      0.000e+00      1.000e-03   
  [mem] RSS 4.43 GB  peak 4.43 GB
      35             36          1.176e-09     -7.162e-11      1.515e-03      7.462e+01      2.467e+01      1.000e+01      0.000e+00      1.000e-03   
      36             37          1.250e-09     -7.416e-11      1.521e-03      7.346e+01      2.436e+01      1.000e+01      0.000e+00      1.000e-03   
      37             38          1.327e-09     -7.672e-11      1.528e-03      7.231e+01      2.407e+01      1.000e+01      0.000e+00      1.000e-03   
      38             39          1.406e-09     -7.931e-11      1.535e-03      7.118e+01      2.377e+01      1.000e+01      0.000e+00      1.000e-03   
      39             40          1.488e-09     -8.192e-11      1.542e-03      7.006e+01      2.348e+01      1.000e+01      0.000e+00      1.000e-03   
      40             41          1.572e-09     -8.456e-11      1.549e-03      6.895e+01      2.319e+01      1.000e+01      0.000e+00      1.000e-03   
      41             42          1.660e-09     -8.722e-11      1.555e-03      6.786e+01      2.291e+01      1.000e+01      0.000e+00      1.000e-03   
      42             43          1.750e-09     -8.992e-11      1.562e-03      6.679e+01      2.263e+01      1.000e+01      0.000e+00      1.000e-03   
      43             44          1.842e-09     -9.264e-11      1.570e-03      6.572e+01      2.235e+01      1.000e+01      0.000e+00      1.000e-03   
      44             45          1.938e-09     -9.539e-11      1.577e-03      6.467e+01      2.208e+01      1.000e+01      0.000e+00      1.000e-03   
      45             46          2.036e-09     -9.816e-11      1.584e-03      6.364e+01      2.181e+01      1.000e+01      0.000e+00      1.000e-03   
      46             47          2.137e-09     -1.010e-10      1.591e-03      6.262e+01      2.154e+01      1.000e+01      0.000e+00      1.000e-03   
      47             48          2.240e-09     -1.038e-10      1.598e-03      6.161e+01      2.127e+01      1.000e+01      0.000e+00      1.000e-03   
      48             49          2.347e-09     -1.066e-10      1.605e-03      6.061e+01      2.101e+01      1.000e+01      0.000e+00      1.000e-03   
      49             50          2.457e-09     -1.095e-10      1.612e-03      5.963e+01      2.075e+01      1.000e+01      0.000e+00      1.000e-03   
  [it   50] bn 7.6765e-02  L 0.774  kappa 0.218  convex 0.000  d_cc 0.984  d_pc 0.972  -> FAILS d_cc,d_pc  target FAILS d_cc,d_pc
      50             51          2.569e-09     -1.123e-10      1.619e-03      5.866e+01      2.050e+01      1.000e+01      0.000e+00      1.000e-03   
      51             52          2.684e-09     -1.152e-10      1.626e-03      5.771e+01      2.025e+01      1.000e+01      0.000e+00      1.000e-03   
      52             53          2.802e-09     -1.182e-10      1.633e-03      5.676e+01      2.000e+01      1.000e+01      0.000e+00      1.000e-03   
      53             54          2.923e-09     -1.211e-10      1.641e-03      5.583e+01      1.975e+01      1.000e+01      0.000e+00      1.000e-03   
      54             55          3.047e-09     -1.241e-10      1.648e-03      5.492e+01      1.951e+01      1.000e+01      0.000e+00      1.000e-03   
      55             56          3.174e-09     -1.270e-10      1.655e-03      5.401e+01      1.927e+01      1.000e+01      0.000e+00      1.000e-03   
      56             57          3.304e-09     -1.300e-10      1.662e-03      5.312e+01      1.903e+01      1.000e+01      0.000e+00      1.000e-03   
      57             58          3.437e-09     -1.330e-10      1.669e-03      5.223e+01      1.880e+01      1.000e+01      0.000e+00      1.000e-03   
      58             59          3.573e-09     -1.360e-10      1.677e-03      5.136e+01      1.860e+01      1.000e+01      0.000e+00      1.000e-03   
      59             60          3.712e-09     -1.391e-10      1.684e-03      5.051e+01      1.846e+01      1.000e+01      0.000e+00      1.000e-03   
      60             61          3.855e-09     -1.421e-10      1.691e-03      4.966e+01      1.831e+01      1.000e+01      0.000e+00      1.000e-03   
      61             62          4.000e-09     -1.451e-10      1.698e-03      4.883e+01      1.817e+01      1.000e+01      0.000e+00      1.000e-03   
      62             63          4.148e-09     -1.482e-10      1.705e-03      4.800e+01      1.802e+01      1.000e+01      0.000e+00      1.000e-03   
      63             64          4.299e-09     -1.513e-10      1.712e-03      4.719e+01      1.788e+01      1.000e+01      0.000e+00      1.000e-03   
      64             65          4.453e-09     -1.543e-10      1.720e-03      4.639e+01      1.773e+01      1.000e+01      0.000e+00      1.000e-03   
      65             66          4.611e-09     -1.574e-10      1.727e-03      4.560e+01      1.759e+01      1.000e+01      0.000e+00      1.000e-03   
  [mem] RSS 4.43 GB  peak 4.43 GB
      66             67          4.771e-09     -1.605e-10      1.735e-03      4.482e+01      1.744e+01      1.000e+01      0.000e+00      1.000e-03   
      67             68          4.935e-09     -1.636e-10      1.742e-03      4.405e+01      1.730e+01      1.000e+01      0.000e+00      1.000e-03   
      68             69          5.102e-09     -1.667e-10      1.750e-03      4.329e+01      1.715e+01      1.000e+01      0.000e+00      1.000e-03   
      69             70          5.272e-09     -1.698e-10      1.757e-03      4.255e+01      1.701e+01      1.000e+01      0.000e+00      1.000e-03   
      70             71          5.444e-09     -1.729e-10      1.765e-03      4.181e+01      1.686e+01      1.000e+01      0.000e+00      1.000e-03   
      71             72          5.620e-09     -1.760e-10      1.772e-03      4.108e+01      1.672e+01      1.000e+01      0.000e+00      1.000e-03   
      72             73          5.799e-09     -1.791e-10      1.780e-03      4.037e+01      1.657e+01      1.000e+01      0.000e+00      1.000e-03   
      73             74          5.982e-09     -1.821e-10      1.788e-03      3.966e+01      1.643e+01      1.000e+01      0.000e+00      1.000e-03   
      74             75          6.167e-09     -1.852e-10      1.796e-03      3.896e+01      1.628e+01      1.000e+01      0.000e+00      1.000e-03   
  [it   75] bn 7.6541e-02  L 0.775  kappa 0.258  convex 0.000  d_cc 1.010  d_pc 1.003  -> FEASIBLE  target FAILS d_cc,d_pc
      75             76          6.355e-09     -1.883e-10      1.804e-03      3.828e+01      1.614e+01      1.000e+01      0.000e+00      1.000e-03   
      76             77          6.546e-09     -1.913e-10      1.812e-03      3.760e+01      1.599e+01      1.000e+01      0.000e+00      1.000e-03   
      77             78          6.741e-09     -1.944e-10      1.820e-03      3.693e+01      1.585e+01      1.000e+01      0.000e+00      1.000e-03   
      78             79          6.938e-09     -1.974e-10      1.828e-03      3.628e+01      1.570e+01      1.000e+01      0.000e+00      1.000e-03   
      79             80          7.139e-09     -2.004e-10      1.837e-03      3.563e+01      1.556e+01      1.000e+01      0.000e+00      1.000e-03   
      80             81          7.342e-09     -2.034e-10      1.846e-03      3.499e+01      1.542e+01      1.000e+01      0.000e+00      1.000e-03   
      81             82          7.548e-09     -2.064e-10      1.854e-03      3.436e+01      1.527e+01      1.000e+01      0.000e+00      1.000e-03   
      82             83          7.758e-09     -2.094e-10      1.863e-03      3.374e+01      1.513e+01      1.000e+01      0.000e+00      1.000e-03   
      83             84          7.970e-09     -2.124e-10      1.873e-03      3.313e+01      1.499e+01      1.000e+01      0.000e+00      1.000e-03   
      84             85          8.185e-09     -2.149e-10      1.879e-03      3.252e+01      1.485e+01      1.000e+01      0.000e+00      1.000e-03   
      85             86          8.403e-09     -2.174e-10      1.886e-03      3.193e+01      1.470e+01      1.000e+01      0.000e+00      1.000e-03   
      86             87          8.623e-09     -2.199e-10      1.893e-03      3.134e+01      1.456e+01      1.000e+01      0.000e+00      1.000e-03   
      87             88          8.845e-09     -2.224e-10      1.901e-03      3.077e+01      1.442e+01      1.000e+01      0.000e+00      1.000e-03   
      88             89          9.070e-09     -2.248e-10      1.909e-03      3.020e+01      1.428e+01      1.000e+01      0.000e+00      1.000e-03   
      89             90          9.297e-09     -2.274e-10      1.918e-03      2.964e+01      1.414e+01      1.000e+01      0.000e+00      1.000e-03   
      90             91          9.527e-09     -2.299e-10      1.927e-03      2.908e+01      1.400e+01      1.000e+01      0.000e+00      1.000e-03   
      91             92          9.759e-09     -2.324e-10      1.937e-03      2.854e+01      1.386e+01      1.000e+01      0.000e+00      1.000e-03   
      92             93          9.994e-09     -2.348e-10      1.947e-03      2.800e+01      1.372e+01      1.000e+01      0.000e+00      1.000e-03   
      93             94          1.023e-08     -2.372e-10      1.957e-03      2.747e+01      1.358e+01      1.000e+01      0.000e+00      1.000e-03   
      94             95          1.047e-08     -2.397e-10      1.969e-03      2.695e+01      1.344e+01      1.000e+01      0.000e+00      1.000e-03   
      95             96          1.071e-08     -2.422e-10      1.980e-03      2.644e+01      1.330e+01      1.000e+01      0.000e+00      1.000e-03   
      96             97          1.096e-08     -2.446e-10      1.992e-03      2.593e+01      1.317e+01      1.000e+01      0.000e+00      1.000e-03   
  [mem] RSS 4.43 GB  peak 4.44 GB
      97             98          1.120e-08     -2.470e-10      2.005e-03      2.546e+01      1.303e+01      1.000e+01      0.000e+00      1.000e-03   
      98             99          1.145e-08     -2.494e-10      2.018e-03      2.503e+01      1.289e+01      1.000e+01      0.000e+00      1.000e-03   
      99             100         1.171e-08     -2.518e-10      2.032e-03      2.460e+01      1.276e+01      1.000e+01      0.000e+00      1.000e-03   
  [it  100] bn 7.6310e-02  L 0.776  kappa 0.296  convex 71.188  d_cc 1.038  d_pc 1.031  -> FAILS convex  target FAILS convex,d_cc,d_pc
      100            101         1.196e-08     -2.542e-10      2.046e-03      1.468e+02      1.262e+01      1.018e+01      7.927e-02      1.468e+01   
      101            102         1.199e-08     -2.489e-11      1.924e-04      1.464e+02      1.261e+01      1.018e+01      7.927e-02      1.468e+01   
      102            103         1.209e-08     -9.999e-11      7.710e-04      1.448e+02      1.255e+01      1.018e+01      7.927e-02      1.468e+01   
      103            104         1.220e-08     -1.149e-10      8.815e-04      1.431e+02      1.248e+01      1.018e+01      7.927e-02      1.468e+01   
      104            105         1.232e-08     -1.157e-10      8.831e-04      1.413e+02      1.241e+01      1.018e+01      7.927e-02      1.468e+01   
      105            106         1.243e-08     -1.166e-10      8.848e-04      1.396e+02      1.234e+01      1.018e+01      7.927e-02      1.468e+01   
      106            107         1.255e-08     -1.174e-10      8.865e-04      1.379e+02      1.227e+01      1.018e+01      7.927e-02      1.468e+01   
      107            108         1.267e-08     -1.182e-10      8.881e-04      1.362e+02      1.221e+01      1.018e+01      7.927e-02      1.468e+01   
      108            109         1.279e-08     -1.191e-10      8.898e-04      1.346e+02      1.214e+01      1.018e+01      7.927e-02      1.468e+01   
      109            110         1.291e-08     -1.199e-10      8.915e-04      1.329e+02      1.207e+01      1.018e+01      7.927e-02      1.468e+01   
      110            111         1.303e-08     -1.207e-10      8.932e-04      1.313e+02      1.200e+01      1.018e+01      7.927e-02      1.468e+01   
      111            112         1.315e-08     -1.215e-10      8.949e-04      1.297e+02      1.193e+01      1.018e+01      7.927e-02      1.468e+01   
      112            113         1.327e-08     -1.223e-10      8.966e-04      1.281e+02      1.186e+01      1.018e+01      7.927e-02      1.468e+01   
      113            114         1.339e-08     -1.231e-10      8.984e-04      1.265e+02      1.180e+01      1.018e+01      7.927e-02      1.468e+01   
      114            115         1.352e-08     -1.239e-10      9.002e-04      1.249e+02      1.173e+01      1.018e+01      7.927e-02      1.468e+01   
      115            116         1.364e-08     -1.247e-10      9.020e-04      1.234e+02      1.166e+01      1.018e+01      7.927e-02      1.468e+01   
      116            117         1.377e-08     -1.255e-10      9.038e-04      1.219e+02      1.159e+01      1.018e+01      7.927e-02      1.468e+01   
      117            118         1.389e-08     -1.263e-10      9.057e-04      1.203e+02      1.152e+01      1.018e+01      7.927e-02      1.468e+01   
      118            119         1.402e-08     -1.271e-10      9.076e-04      1.188e+02      1.145e+01      1.018e+01      7.927e-02      1.468e+01   
      119            120         1.415e-08     -1.279e-10      9.095e-04      1.174e+02      1.138e+01      1.018e+01      7.927e-02      1.468e+01   
      120            121         1.428e-08     -1.286e-10      9.115e-04      1.159e+02      1.132e+01      1.018e+01      7.927e-02      1.468e+01   
      121            122         1.441e-08     -1.294e-10      9.134e-04      1.144e+02      1.125e+01      1.018e+01      7.927e-02      1.468e+01   
      122            123         1.454e-08     -1.302e-10      9.155e-04      1.130e+02      1.118e+01      1.018e+01      7.927e-02      1.468e+01   
      123            124         1.467e-08     -1.310e-10      9.175e-04      1.116e+02      1.111e+01      1.018e+01      7.927e-02      1.468e+01   
      124            125         1.480e-08     -1.317e-10      9.196e-04      1.102e+02      1.104e+01      1.018e+01      7.927e-02      1.468e+01   
  [mem] RSS 4.44 GB  peak 4.44 GB
  [it  125] bn 7.6169e-02  L 0.777  kappa 0.311  convex 144.395  d_cc 1.053  d_pc 1.050  -> FAILS convex  target FAILS convex,d_cc,d_pc
      125            126         1.493e-08     -1.325e-10      9.217e-04      1.088e+02      1.097e+01      1.018e+01      7.927e-02      1.468e+01   
      126            127         1.507e-08     -1.332e-10      9.239e-04      1.074e+02      1.090e+01      1.018e+01      7.927e-02      1.468e+01   
      127            128         1.520e-08     -1.340e-10      9.262e-04      1.060e+02      1.083e+01      1.018e+01      7.927e-02      1.468e+01   
      128            129         1.534e-08     -1.347e-10      9.285e-04      1.047e+02      1.076e+01      1.018e+01      7.927e-02      1.468e+01   
      129            130         1.547e-08     -1.355e-10      9.308e-04      1.033e+02      1.070e+01      1.018e+01      7.927e-02      1.468e+01   
      130            131         1.561e-08     -1.362e-10      9.331e-04      1.020e+02      1.063e+01      1.018e+01      7.927e-02      1.468e+01   
      131            132         1.574e-08     -1.370e-10      9.356e-04      1.007e+02      1.056e+01      1.018e+01      7.927e-02      1.468e+01   
      132            133         1.588e-08     -1.377e-10      9.380e-04      9.939e+01      1.049e+01      1.018e+01      7.927e-02      1.468e+01   
      133            134         1.602e-08     -1.384e-10      9.406e-04      9.810e+01      1.042e+01      1.018e+01      7.927e-02      1.468e+01   
      134            135         1.616e-08     -1.392e-10      9.432e-04      9.683e+01      1.035e+01      1.018e+01      7.927e-02      1.468e+01   
      135            136         1.630e-08     -1.399e-10      9.458e-04      9.558e+01      1.028e+01      1.018e+01      7.927e-02      1.468e+01   
      136            137         1.644e-08     -1.406e-10      9.485e-04      9.433e+01      1.022e+01      1.018e+01      7.927e-02      1.468e+01   
      137            138         1.658e-08     -1.413e-10      9.513e-04      9.310e+01      1.015e+01      1.018e+01      7.927e-02      1.468e+01   
      138            139         1.672e-08     -1.421e-10      9.542e-04      9.188e+01      1.008e+01      1.018e+01      7.927e-02      1.468e+01   
      139            140         1.687e-08     -1.427e-10      9.567e-04      9.068e+01      1.001e+01      1.018e+01      7.927e-02      1.468e+01   
      140            141         1.701e-08     -1.434e-10      9.597e-04      8.949e+01      9.942e+00      1.018e+01      7.927e-02      1.468e+01   
      141            142         1.715e-08     -1.441e-10      9.627e-04      8.831e+01      9.874e+00      1.018e+01      7.927e-02      1.468e+01   
      142            143         1.730e-08     -1.448e-10      9.657e-04      8.714e+01      9.806e+00      1.018e+01      7.927e-02      1.468e+01   
      143            144         1.744e-08     -1.455e-10      9.687e-04      8.599e+01      9.738e+00      1.018e+01      7.927e-02      1.468e+01   
      144            145         1.759e-08     -1.461e-10      9.720e-04      8.484e+01      9.671e+00      1.018e+01      7.927e-02      1.468e+01   
      145            146         1.774e-08     -1.468e-10      9.754e-04      8.371e+01      9.603e+00      1.018e+01      7.927e-02      1.468e+01   
      146            147         1.788e-08     -1.475e-10      9.788e-04      8.259e+01      9.535e+00      1.018e+01      7.927e-02      1.468e+01   
      147            148         1.803e-08     -1.482e-10      9.823e-04      8.149e+01      9.468e+00      1.018e+01      7.927e-02      1.468e+01   
      148            149         1.818e-08     -1.489e-10      9.859e-04      8.039e+01      9.401e+00      1.018e+01      7.927e-02      1.468e+01   
      149            150         1.833e-08     -1.495e-10      9.892e-04      7.931e+01      9.333e+00      1.018e+01      7.927e-02      1.468e+01   
  [it  150] bn 7.6019e-02  L 0.778  kappa 0.327  convex 252.754  d_cc 1.070  d_pc 1.068  -> FAILS convex  target FAILS convex,d_cc,d_pc
      150            151         1.848e-08     -1.501e-10      9.931e-04      7.824e+01      9.266e+00      1.018e+01      7.927e-02      1.468e+01   
      151            152         1.863e-08     -1.508e-10      9.969e-04      7.719e+01      9.199e+00      1.018e+01      7.927e-02      1.468e+01   
      152            153         1.878e-08     -1.515e-10      1.001e-03      7.614e+01      9.133e+00      1.018e+01      7.927e-02      1.468e+01   
      153            154         1.894e-08     -1.521e-10      1.005e-03      7.510e+01      9.066e+00      1.018e+01      7.927e-02      1.468e+01   
      154            155         1.909e-08     -1.528e-10      1.009e-03      7.408e+01      8.999e+00      1.018e+01      7.927e-02      1.468e+01   
      155            156         1.924e-08     -1.534e-10      1.013e-03      7.307e+01      8.933e+00      1.018e+01      7.927e-02      1.468e+01   
  [mem] RSS 4.44 GB  peak 4.44 GB
      156            157         1.940e-08     -1.541e-10      1.018e-03      7.207e+01      8.867e+00      1.018e+01      7.927e-02      1.468e+01   
      157            158         1.955e-08     -1.547e-10      1.022e-03      7.108e+01      8.801e+00      1.018e+01      7.927e-02      1.468e+01   
      158            159         1.971e-08     -1.553e-10      1.027e-03      7.011e+01      8.735e+00      1.018e+01      7.927e-02      1.468e+01   
      159            160         1.986e-08     -1.559e-10      1.031e-03      6.914e+01      8.669e+00      1.018e+01      7.927e-02      1.468e+01   
      160            161         2.002e-08     -1.566e-10      1.036e-03      6.818e+01      8.603e+00      1.018e+01      7.927e-02      1.468e+01   
      161            162         2.017e-08     -1.572e-10      1.041e-03      6.723e+01      8.538e+00      1.018e+01      7.927e-02      1.468e+01   
      162            163         2.033e-08     -1.578e-10      1.046e-03      6.630e+01      8.472e+00      1.018e+01      7.927e-02      1.468e+01   
      163            164         2.049e-08     -1.584e-10      1.051e-03      6.537e+01      8.407e+00      1.018e+01      7.927e-02      1.468e+01   
      164            165         2.065e-08     -1.590e-10      1.056e-03      6.446e+01      8.342e+00      1.018e+01      7.927e-02      1.468e+01   
      165            166         2.081e-08     -1.596e-10      1.062e-03      6.355e+01      8.277e+00      1.018e+01      7.927e-02      1.468e+01   
      166            167         2.097e-08     -1.602e-10      1.067e-03      6.266e+01      8.213e+00      1.018e+01      7.927e-02      1.468e+01   
      167            168         2.113e-08     -1.608e-10      1.073e-03      6.177e+01      8.148e+00      1.018e+01      7.927e-02      1.468e+01   
      168            169         2.129e-08     -1.614e-10      1.079e-03      6.090e+01      8.084e+00      1.018e+01      7.927e-02      1.468e+01   
      169            170         2.145e-08     -1.620e-10      1.084e-03      6.003e+01      8.020e+00      1.018e+01      7.927e-02      1.468e+01   
      170            171         2.162e-08     -1.626e-10      1.090e-03      5.918e+01      7.956e+00      1.018e+01      7.927e-02      1.468e+01   
      171            172         2.178e-08     -1.632e-10      1.096e-03      5.834e+01      7.892e+00      1.018e+01      7.927e-02      1.468e+01   
      172            173         2.194e-08     -1.638e-10      1.103e-03      5.750e+01      7.829e+00      1.018e+01      7.927e-02      1.468e+01   
      173            174         2.211e-08     -1.643e-10      1.109e-03      5.668e+01      7.766e+00      1.018e+01      7.927e-02      1.468e+01   
      174            175         2.227e-08     -1.649e-10      1.116e-03      5.586e+01      7.703e+00      1.018e+01      7.927e-02      1.468e+01   
  [it  175] bn 7.5867e-02  L 0.779  kappa 0.341  convex 366.380  d_cc 1.088  d_pc 1.084  -> FAILS convex  target FAILS convex,d_cc,d_pc
      175            176         2.244e-08     -1.655e-10      1.122e-03      5.506e+01      7.640e+00      1.018e+01      7.927e-02      1.468e+01   
      176            177         2.260e-08     -1.661e-10      1.129e-03      5.426e+01      7.577e+00      1.018e+01      7.927e-02      1.468e+01   
      177            178         2.277e-08     -1.666e-10      1.136e-03      5.347e+01      7.515e+00      1.018e+01      7.927e-02      1.468e+01   
      178            179         2.294e-08     -1.672e-10      1.143e-03      5.269e+01      7.452e+00      1.018e+01      7.927e-02      1.468e+01   
      179            180         2.311e-08     -1.678e-10      1.150e-03      5.192e+01      7.390e+00      1.018e+01      7.927e-02      1.468e+01   
      180            181         2.327e-08     -1.683e-10      1.158e-03      5.116e+01      7.329e+00      1.018e+01      7.927e-02      1.468e+01   
      181            182         2.344e-08     -1.689e-10      1.165e-03      5.041e+01      7.267e+00      1.018e+01      7.927e-02      1.468e+01   
      182            183         2.361e-08     -1.694e-10      1.173e-03      4.967e+01      7.206e+00      1.018e+01      7.927e-02      1.468e+01   
      183            184         2.378e-08     -1.700e-10      1.181e-03      4.893e+01      7.144e+00      1.018e+01      7.927e-02      1.468e+01   
      184            185         2.395e-08     -1.706e-10      1.189e-03      4.821e+01      7.083e+00      1.018e+01      7.927e-02      1.468e+01   
      185            186         2.412e-08     -1.711e-10      1.197e-03      4.749e+01      7.023e+00      1.018e+01      7.927e-02      1.468e+01   
  [mem] RSS 4.44 GB  peak 4.44 GB
      186            187         2.430e-08     -1.717e-10      1.205e-03      4.678e+01      6.962e+00      1.018e+01      7.927e-02      1.468e+01   
      187            188         2.447e-08     -1.722e-10      1.214e-03      4.608e+01      6.902e+00      1.018e+01      7.927e-02      1.468e+01   
      188            189         2.464e-08     -1.727e-10      1.222e-03      4.539e+01      6.842e+00      1.018e+01      7.927e-02      1.468e+01   
      189            190         2.481e-08     -1.733e-10      1.231e-03      4.470e+01      6.782e+00      1.018e+01      7.927e-02      1.468e+01   
      190            191         2.499e-08     -1.738e-10      1.240e-03      4.403e+01      6.723e+00      1.018e+01      7.927e-02      1.468e+01   
      191            192         2.516e-08     -1.744e-10      1.249e-03      4.336e+01      6.663e+00      1.018e+01      7.927e-02      1.468e+01   
      192            193         2.534e-08     -1.749e-10      1.259e-03      4.270e+01      6.604e+00      1.018e+01      7.927e-02      1.468e+01   
      193            194         2.551e-08     -1.754e-10      1.268e-03      4.204e+01      6.546e+00      1.018e+01      7.927e-02      1.468e+01   
      194            195         2.569e-08     -1.760e-10      1.278e-03      4.143e+01      6.487e+00      1.018e+01      7.927e-02      1.468e+01   
      195            196         2.587e-08     -1.765e-10      1.288e-03      4.083e+01      6.429e+00      1.018e+01      7.927e-02      1.468e+01   
      196            197         2.604e-08     -1.770e-10      1.298e-03      4.024e+01      6.371e+00      1.018e+01      7.927e-02      1.468e+01   
      197            198         2.622e-08     -1.776e-10      1.308e-03      3.965e+01      6.313e+00      1.018e+01      7.927e-02      1.468e+01   
      198            199         2.640e-08     -1.781e-10      1.318e-03      3.907e+01      6.255e+00      1.018e+01      7.927e-02      1.468e+01   
      199            200         2.658e-08     -1.786e-10      1.329e-03      3.850e+01      6.198e+00      1.018e+01      7.927e-02      1.468e+01   
  [it  200] bn 7.5715e-02  L 0.780  kappa 0.352  convex 468.708  d_cc 1.106  d_pc 1.099  -> FAILS convex  target FAILS convex,d_cc,d_pc
      200            201         2.676e-08     -1.791e-10      1.340e-03      2.086e+02      6.141e+00      1.260e+01      1.540e-01      2.086e+01   
      201            202         2.678e-08     -1.991e-11      1.088e-04      2.082e+02      6.134e+00      1.260e+01      1.540e-01      2.086e+01   
      202            203         2.686e-08     -7.974e-11      4.360e-04      2.066e+02      6.109e+00      1.260e+01      1.540e-01      2.086e+01   
      203            204         2.695e-08     -9.118e-11      4.986e-04      2.048e+02      6.080e+00      1.260e+01      1.540e-01      2.086e+01   
      204            205         2.704e-08     -9.138e-11      4.997e-04      2.030e+02      6.051e+00      1.260e+01      1.540e-01      2.086e+01   
      205            206         2.713e-08     -9.159e-11      5.007e-04      2.013e+02      6.023e+00      1.260e+01      1.540e-01      2.086e+01   
      206            207         2.722e-08     -9.179e-11      5.019e-04      1.995e+02      5.994e+00      1.260e+01      1.540e-01      2.086e+01   
      207            208         2.731e-08     -9.199e-11      5.030e-04      1.977e+02      5.965e+00      1.260e+01      1.540e-01      2.086e+01   
      208            209         2.741e-08     -9.219e-11      5.041e-04      1.960e+02      5.936e+00      1.260e+01      1.540e-01      2.086e+01   
      209            210         2.750e-08     -9.239e-11      5.053e-04      1.942e+02      5.908e+00      1.260e+01      1.540e-01      2.086e+01   
      210            211         2.759e-08     -9.259e-11      5.065e-04      1.925e+02      5.879e+00      1.260e+01      1.540e-01      2.086e+01   
      211            212         2.768e-08     -9.279e-11      5.077e-04      1.908e+02      5.851e+00      1.260e+01      1.540e-01      2.086e+01   
      212            213         2.778e-08     -9.299e-11      5.089e-04      1.891e+02      5.822e+00      1.260e+01      1.540e-01      2.086e+01   
      213            214         2.787e-08     -9.319e-11      5.102e-04      1.874e+02      5.794e+00      1.260e+01      1.540e-01      2.086e+01   
      214            215         2.796e-08     -9.339e-11      5.115e-04      1.858e+02      5.765e+00      1.260e+01      1.540e-01      2.086e+01   
      215            216         2.806e-08     -9.359e-11      5.128e-04      1.841e+02      5.737e+00      1.260e+01      1.540e-01      2.086e+01   
  [mem] RSS 4.44 GB  peak 4.44 GB
      216            217         2.815e-08     -9.379e-11      5.141e-04      1.824e+02      5.709e+00      1.260e+01      1.540e-01      2.086e+01   
      217            218         2.824e-08     -9.399e-11      5.154e-04      1.808e+02      5.680e+00      1.260e+01      1.540e-01      2.086e+01   
      218            219         2.834e-08     -9.419e-11      5.168e-04      1.792e+02      5.652e+00      1.260e+01      1.540e-01      2.086e+01   
      219            220         2.843e-08     -9.438e-11      5.182e-04      1.776e+02      5.624e+00      1.260e+01      1.540e-01      2.086e+01   
      220            221         2.853e-08     -9.458e-11      5.196e-04      1.760e+02      5.596e+00      1.260e+01      1.540e-01      2.086e+01   
      221            222         2.862e-08     -9.477e-11      5.210e-04      1.744e+02      5.568e+00      1.260e+01      1.540e-01      2.086e+01   
      222            223         2.872e-08     -9.496e-11      5.225e-04      1.728e+02      5.540e+00      1.260e+01      1.540e-01      2.086e+01   
      223            224         2.881e-08     -9.516e-11      5.239e-04      1.712e+02      5.512e+00      1.260e+01      1.540e-01      2.086e+01   
      224            225         2.891e-08     -9.535e-11      5.254e-04      1.697e+02      5.484e+00      1.260e+01      1.540e-01      2.086e+01   
  [it  225] bn 7.5640e-02  L 0.781  kappa 0.356  convex 501.886  d_cc 1.115  d_pc 1.108  -> FAILS convex  target FAILS convex,d_cc,d_pc
      225            226         2.900e-08     -9.554e-11      5.270e-04      1.681e+02      5.456e+00      1.260e+01      1.540e-01      2.086e+01   
      226            227         2.910e-08     -9.574e-11      5.285e-04      1.666e+02      5.428e+00      1.260e+01      1.540e-01      2.086e+01   
      227            228         2.920e-08     -9.593e-11      5.301e-04      1.651e+02      5.400e+00      1.260e+01      1.540e-01      2.086e+01   
      228            229         2.929e-08     -9.612e-11      5.317e-04      1.635e+02      5.373e+00      1.260e+01      1.540e-01      2.086e+01   
      229            230         2.939e-08     -9.632e-11      5.334e-04      1.620e+02      5.345e+00      1.260e+01      1.540e-01      2.086e+01   
      230            231         2.948e-08     -9.651e-11      5.350e-04      1.605e+02      5.317e+00      1.260e+01      1.540e-01      2.086e+01   
      231            232         2.958e-08     -9.670e-11      5.367e-04      1.591e+02      5.290e+00      1.260e+01      1.540e-01      2.086e+01   
      232            233         2.968e-08     -9.689e-11      5.385e-04      1.576e+02      5.262e+00      1.260e+01      1.540e-01      2.086e+01   
      233            234         2.977e-08     -9.708e-11      5.402e-04      1.561e+02      5.235e+00      1.260e+01      1.540e-01      2.086e+01   
      234            235         2.987e-08     -9.727e-11      5.420e-04      1.547e+02      5.208e+00      1.260e+01      1.540e-01      2.086e+01   
      235            236         2.997e-08     -9.746e-11      5.438e-04      1.532e+02      5.180e+00      1.260e+01      1.540e-01      2.086e+01   
      236            237         3.007e-08     -9.765e-11      5.457e-04      1.518e+02      5.153e+00      1.260e+01      1.540e-01      2.086e+01   
      237            238         3.017e-08     -9.784e-11      5.475e-04      1.504e+02      5.126e+00      1.260e+01      1.540e-01      2.086e+01   
      238            239         3.026e-08     -9.803e-11      5.494e-04      1.490e+02      5.098e+00      1.260e+01      1.540e-01      2.086e+01   
      239            240         3.036e-08     -9.822e-11      5.514e-04      1.476e+02      5.071e+00      1.260e+01      1.540e-01      2.086e+01   
      240            241         3.046e-08     -9.841e-11      5.533e-04      1.462e+02      5.044e+00      1.260e+01      1.540e-01      2.086e+01   
      241            242         3.056e-08     -9.860e-11      5.553e-04      1.448e+02      5.017e+00      1.260e+01      1.540e-01      2.086e+01   
      242            243         3.066e-08     -9.878e-11      5.574e-04      1.434e+02      4.990e+00      1.260e+01      1.540e-01      2.086e+01   
      243            244         3.076e-08     -9.897e-11      5.594e-04      1.421e+02      4.963e+00      1.260e+01      1.540e-01      2.086e+01   
      244            245         3.086e-08     -9.916e-11      5.615e-04      1.407e+02      4.937e+00      1.260e+01      1.540e-01      2.086e+01   
      245            246         3.095e-08     -9.935e-11      5.637e-04      1.394e+02      4.910e+00      1.260e+01      1.540e-01      2.086e+01   
      246            247         3.105e-08     -9.953e-11      5.658e-04      1.381e+02      4.883e+00      1.260e+01      1.540e-01      2.086e+01   
  [mem] RSS 4.45 GB  peak 4.45 GB
      247            248         3.115e-08     -9.972e-11      5.680e-04      1.368e+02      4.857e+00      1.260e+01      1.540e-01      2.086e+01   
      248            249         3.125e-08     -9.990e-11      5.703e-04      1.355e+02      4.830e+00      1.260e+01      1.540e-01      2.086e+01   
      249            250         3.135e-08     -1.001e-10      5.725e-04      1.342e+02      4.803e+00      1.260e+01      1.540e-01      2.086e+01   
  [it  250] bn 7.5561e-02  L 0.782  kappa 0.360  convex 535.452  d_cc 1.125  d_pc 1.117  -> FAILS convex  target FAILS convex,d_cc,d_pc
      250            251         3.145e-08     -1.003e-10      5.748e-04      1.329e+02      4.777e+00      1.260e+01      1.540e-01      2.086e+01   
      251            252         3.155e-08     -1.004e-10      5.772e-04      1.316e+02      4.751e+00      1.260e+01      1.540e-01      2.086e+01   
      252            253         3.166e-08     -1.006e-10      5.795e-04      1.303e+02      4.724e+00      1.260e+01      1.540e-01      2.086e+01   
      253            254         3.176e-08     -1.008e-10      5.819e-04      1.291e+02      4.698e+00      1.260e+01      1.540e-01      2.086e+01   
      254            255         3.186e-08     -1.010e-10      5.844e-04      1.278e+02      4.672e+00      1.260e+01      1.540e-01      2.086e+01   
      255            256         3.196e-08     -1.012e-10      5.868e-04      1.266e+02      4.646e+00      1.260e+01      1.540e-01      2.086e+01   
      256            257         3.206e-08     -1.013e-10      5.894e-04      1.254e+02      4.620e+00      1.260e+01      1.540e-01      2.086e+01   
      257            258         3.216e-08     -1.015e-10      5.919e-04      1.242e+02      4.594e+00      1.260e+01      1.540e-01      2.086e+01   
      258            259         3.226e-08     -1.017e-10      5.945e-04      1.230e+02      4.568e+00      1.260e+01      1.540e-01      2.086e+01   
      259            260         3.236e-08     -1.019e-10      5.971e-04      1.218e+02      4.542e+00      1.260e+01      1.540e-01      2.086e+01   
      260            261         3.247e-08     -1.021e-10      5.998e-04      1.206e+02      4.516e+00      1.260e+01      1.540e-01      2.086e+01   
      261            262         3.257e-08     -1.022e-10      6.025e-04      1.194e+02      4.490e+00      1.260e+01      1.540e-01      2.086e+01   
      262            263         3.267e-08     -1.024e-10      6.053e-04      1.182e+02      4.464e+00      1.260e+01      1.540e-01      2.086e+01   
      263            264         3.277e-08     -1.026e-10      6.081e-04      1.171e+02      4.439e+00      1.260e+01      1.540e-01      2.086e+01   
      264            265         3.288e-08     -1.028e-10      6.109e-04      1.159e+02      4.413e+00      1.260e+01      1.540e-01      2.086e+01   
      265            266         3.298e-08     -1.030e-10      6.138e-04      1.148e+02      4.388e+00      1.260e+01      1.540e-01      2.086e+01   
      266            267         3.308e-08     -1.031e-10      6.167e-04      1.136e+02      4.362e+00      1.260e+01      1.540e-01      2.086e+01   
      267            268         3.319e-08     -1.033e-10      6.197e-04      1.125e+02      4.337e+00      1.260e+01      1.540e-01      2.086e+01   
      268            269         3.329e-08     -1.035e-10      6.227e-04      1.114e+02      4.312e+00      1.260e+01      1.540e-01      2.086e+01   
      269            270         3.339e-08     -1.037e-10      6.257e-04      1.103e+02      4.286e+00      1.260e+01      1.540e-01      2.086e+01   
      270            271         3.350e-08     -1.038e-10      6.288e-04      1.092e+02      4.261e+00      1.260e+01      1.540e-01      2.086e+01   
      271            272         3.360e-08     -1.040e-10      6.320e-04      1.081e+02      4.236e+00      1.260e+01      1.540e-01      2.086e+01   
      272            273         3.371e-08     -1.042e-10      6.351e-04      1.070e+02      4.211e+00      1.260e+01      1.540e-01      2.086e+01   
      273            274         3.381e-08     -1.044e-10      6.384e-04      1.059e+02      4.186e+00      1.260e+01      1.540e-01      2.086e+01   
      274            275         3.391e-08     -1.045e-10      6.417e-04      1.048e+02      4.161e+00      1.260e+01      1.540e-01      2.086e+01   
  [it  275] bn 7.5482e-02  L 0.782  kappa 0.364  convex 571.069  d_cc 1.135  d_pc 1.125  -> FAILS convex  target FAILS convex,d_cc,d_pc
      275            276         3.402e-08     -1.047e-10      6.450e-04      1.038e+02      4.136e+00      1.260e+01      1.540e-01      2.086e+01   
  [mem] RSS 4.45 GB  peak 4.45 GB
      276            277         3.412e-08     -1.049e-10      6.484e-04      1.027e+02      4.111e+00      1.260e+01      1.540e-01      2.086e+01   
      277            278         3.423e-08     -1.051e-10      6.518e-04      1.017e+02      4.087e+00      1.260e+01      1.540e-01      2.086e+01   
      278            279         3.433e-08     -1.052e-10      6.553e-04      1.007e+02      4.062e+00      1.260e+01      1.540e-01      2.086e+01   
      279            280         3.444e-08     -1.054e-10      6.588e-04      9.963e+01      4.038e+00      1.260e+01      1.540e-01      2.086e+01   
      280            281         3.455e-08     -1.056e-10      6.624e-04      9.861e+01      4.013e+00      1.260e+01      1.540e-01      2.086e+01   
      281            282         3.465e-08     -1.058e-10      6.660e-04      9.760e+01      3.989e+00      1.260e+01      1.540e-01      2.086e+01   
      282            283         3.476e-08     -1.059e-10      6.697e-04      9.659e+01      3.964e+00      1.260e+01      1.540e-01      2.086e+01   
      283            284         3.486e-08     -1.061e-10      6.734e-04      9.560e+01      3.940e+00      1.260e+01      1.540e-01      2.086e+01   
      284            285         3.497e-08     -1.063e-10      6.772e-04      9.461e+01      3.916e+00      1.260e+01      1.540e-01      2.086e+01   
      285            286         3.508e-08     -1.065e-10      6.811e-04      9.363e+01      3.892e+00      1.260e+01      1.540e-01      2.086e+01   
      286            287         3.518e-08     -1.067e-10      6.849e-04      9.265e+01      3.868e+00      1.260e+01      1.540e-01      2.086e+01   
      287            288         3.529e-08     -1.068e-10      6.889e-04      9.169e+01      3.844e+00      1.260e+01      1.540e-01      2.086e+01   
      288            289         3.540e-08     -1.070e-10      6.929e-04      9.073e+01      3.820e+00      1.260e+01      1.540e-01      2.086e+01   
      289            290         3.550e-08     -1.072e-10      6.969e-04      8.978e+01      3.796e+00      1.260e+01      1.540e-01      2.086e+01   
      290            291         3.561e-08     -1.074e-10      7.010e-04      8.884e+01      3.772e+00      1.260e+01      1.540e-01      2.086e+01   
      291            292         3.572e-08     -1.075e-10      7.052e-04      8.791e+01      3.749e+00      1.260e+01      1.540e-01      2.086e+01   
      292            293         3.583e-08     -1.077e-10      7.094e-04      8.698e+01      3.725e+00      1.260e+01      1.540e-01      2.086e+01   
      293            294         3.593e-08     -1.079e-10      7.136e-04      8.606e+01      3.701e+00      1.260e+01      1.540e-01      2.086e+01   
      294            295         3.604e-08     -1.081e-10      7.180e-04      8.515e+01      3.678e+00      1.260e+01      1.540e-01      2.086e+01   
      295            296         3.615e-08     -1.082e-10      7.223e-04      8.425e+01      3.655e+00      1.260e+01      1.540e-01      2.086e+01   
      296            297         3.626e-08     -1.084e-10      7.268e-04      8.335e+01      3.631e+00      1.260e+01      1.540e-01      2.086e+01   
      297            298         3.637e-08     -1.086e-10      7.313e-04      8.246e+01      3.608e+00      1.260e+01      1.540e-01      2.086e+01   
      298            299         3.648e-08     -1.088e-10      7.358e-04      8.158e+01      3.585e+00      1.260e+01      1.540e-01      2.086e+01   
      299            300         3.658e-08     -1.089e-10      7.404e-04      8.070e+01      3.562e+00      1.260e+01      1.540e-01      2.086e+01   
  [it  300] bn 7.5402e-02  L 0.783  kappa 0.374  convex 708.877  d_cc 1.145  d_pc 1.133  -> FAILS convex  target FAILS convex,d_cc,d_pc
      300            301         3.669e-08     -1.091e-10      7.450e-04      3.731e+02      3.539e+00      3.748e+01      2.195e-01      3.731e+01   
Warning: Maximum number of iterations has been exceeded.
         Current function value: 3.669e-08
         Constraint violation: 3.539e+00
         Total delta_x: 2.709e-01
         Iterations: 300
         Function evaluations: 301
         Jacobian evaluations: 300
Timer: Solution time = 5.78 min
Timer: Avg time per step = 1.15 sec
==============================================================================================================
                                                                 Start  -->   End
Total (sum of squares):                                      0.000e+00  -->   3.669e-08, 
Fixed parameters error:                                      0.000e+00  -->   2.709e-01 (~)
Maximum Coil length:                                         2.783e+01  -->   2.819e+01 (m)
Minimum Coil length:                                         2.783e+01  -->   2.783e+01 (m)
Average Coil length:                                         2.783e+01  -->   2.796e+01 (m)
Maximum Coil length:                                         6.283e+00  -->   6.364e+00 (normalized)
Minimum Coil length:                                         6.283e+00  -->   6.283e+00 (normalized)
Average Coil length:                                         6.283e+00  -->   6.313e+00 (normalized)
Maximum Coil curvature:                                      2.258e-01  -->   5.613e-01 (m^-1)
Minimum Coil curvature:                                      2.258e-01  -->   8.308e-05 (m^-1)
Average Coil curvature:                                      2.258e-01  -->   2.349e-01 (m^-1)
Maximum Coil curvature:                                      1.000e+00  -->   2.487e+00 (normalized)
Minimum Coil curvature:                                      1.000e+00  -->   3.680e-04 (normalized)
Average Coil curvature:                                      1.000e+00  -->   1.041e+00 (normalized)
  [mem] RSS 4.46 GB  peak 4.46 GB
Maximum Signed in-plane curvature:                           2.258e-01  -->   5.613e-01 (m^-1)
Minimum Signed in-plane curvature:                           2.258e-01  -->  -2.794e-01 (m^-1)
Average Signed in-plane curvature:                           2.258e-01  -->   2.226e-01 (m^-1)
Maximum Signed in-plane curvature:                           1.000e+00  -->   2.487e+00 (normalized)
Minimum Signed in-plane curvature:                           1.000e+00  -->  -1.238e+00 (normalized)
Average Signed in-plane curvature:                           1.000e+00  -->   9.859e-01 (normalized)
Maximum Coil-coil distance penalty:                          2.593e+01  -->   3.539e+00 (dimensionless)
Minimum Coil-coil distance penalty:                          0.000e+00  -->   0.000e+00 (dimensionless)
Average Coil-coil distance penalty:                          8.880e-01  -->   1.154e-01 (dimensionless)
Maximum Plasma-coil distance penalty:                        3.731e+01  -->   2.213e+00 (dimensionless)
Minimum Plasma-coil distance penalty:                        0.000e+00  -->   0.000e+00 (dimensionless)
Average Plasma-coil distance penalty:                        6.927e+00  -->   4.264e-01 (dimensionless)
Fixed coil current error:                                    0.000e+00  -->   0.000e+00 (A)
==============================================================================================================


SOLVER {'wall_s': 365.75908374786377, 'message': 'Maximum number of iterations has been exceeded.', 'nit': 300, 'n_outer': 3, 'constr_violation': 3.538623000508101, 'y_absmax_final': 0.2194626660028497}
START  bn 7.7194e-02  L 0.773  kappa 0.151  convex 0.000  d_cc 0.944  d_pc 0.902  -> FAILS d_cc,d_pc
RESULT bn 7.5402e-02  L 0.783  kappa 0.374  convex 708.877  d_cc 1.145  d_pc 1.133  linked 0  -> FAILS convex  active []  target FAILS convex,d_cc,d_pc
wrote work/helios/planar16/feas/result.h5, result.json, result.png
