Running as unit: run-p430726-i431697.scope; invocation ID: 1d090808d454489d86211f2a6f274794
E0917 14:48:04.404744  430820 cuda_executor.cc:1743] Could not get kernel mode driver version: ( INVALID_ARGUMENT: Version does not match the format X.Y.Z )
E0917 14:48:04.416474  430726 cuda_executor.cc:1743] Could not get kernel mode driver version: ( INVALID_ARGUMENT: Version does not match the format X.Y.Z )
DEVICE requested=gpu obtained=gpu (1x NVIDIA GeForce RTX 5070 Laptop GPU)
  [mem] RSS 0.83 GB  peak 0.83 GB
/home/singh/Documents/DESC2/coil_sandbox/vendor/desc/utils.py:590: UserWarning: Unequal number of field periods for grid 1 and basis 2.
  warnings.warn(msg, err)
/home/singh/Documents/DESC2/coil_sandbox/vendor/desc/utils.py:590: UserWarning: Unequal number of field periods for grid 1 and basis 2.
  warnings.warn(msg, err)
eq sample_equilibria/helios_repro.h5 (h5) NFP 2 sym True; start work/helios/scan_polar/cut30/legB/result.h5: 3 unique coils, arc=True, expect 12 coils; source grid gl (48 nodes/coil); mode stage2; plasma field included (virtual casing)
SETTINGS {'eq': 'sample_equilibria/helios_repro.h5', 'start': 'work/helios/scan_polar/cut30/legB/result.h5', 'out': 'work/helios/clearance/len37', 'mode': 'stage2', 'length_mult': 1.0, 'margin': 0.0, 'fix_hinges': False, 'anchor_weight': 0.001, 'margin_skip': '', 'a': None, 'bounds': 'bounds/helios_L37.json', 'device': None, 'vacuum': False, 'maxiter': 250, 'check_every': 25, 'ckpt_every': 25, 'diag_log': 'diag.jsonl', 'dcc_backoff': 0.025, 'dpc_backoff': 0.02, 'no_arc_backoffs': False, 'convex_form': 'signed', 'convex_kmin': 0.0, 'convex_backoff': 0.5, 'coil_grid_n': 150, 'eval_m': 25, 'eval_n': 25, 'plasma_m': 64, 'plasma_n': 64, 'src_gl': 24, 'src_n': 400, 'vc_m': None, 'vc_n': None, 'vc_chunk': 64, 'dcc_k': 20000, 'dpc_k': 20000, 'no_signed': False, 'dcc_neighbors': None, 'dcc_chunk': 4, 'dpc_chunk': 1, 'qf_chunk': 25, 'no_second_order': False, 'so_chunk': 16, 'so_rtol': 0.05, 'max_tr': 0.5, 'max_inner_iter': 100, 'ctol': 0.0001}
BOUNDS (judged, absolute, a=1.77186) L 37  kappa 1.5  kms -  convex 0.001  dcc 1.2  dpc 1.2
ENFORCED L 37  kappa 1.492  kms -  convex 0.0005  dcc 1.246  dpc 1.224  (convexity: signed, kappa_s >= 0.0)
  [mem] RSS 2.89 GB  peak 2.89 GB
START  bn 1.0450e-02  L 0.973  kappa 0.353  convex 0.032  d_cc 1.348  d_pc 1.328  linked 0  coils 12  -> FEASIBLE
Building objective: Quadratic flux
Precomputing transforms
/home/singh/Documents/DESC2/coil_sandbox/vendor/desc/utils.py:590: UserWarning: Could not build fft interpolator, switching to dft which is slow.
Reason: Got False for eval_grid.can_fft2.
  warnings.warn(msg, err)
  [mem] RSS 7.42 GB  peak 7.42 GB
  [mem] RSS 7.59 GB  peak 7.59 GB
  [mem] RSS 7.73 GB  peak 7.73 GB
Timer: Precomputing transforms = 1.44 min
Timer: Objective build = 1.46 min
Building objective: summed coil current
Building objective: fixed shift
Building objective: fixed rotation
Building objective: fixed arc reference
Timer: Objective build = 613 ms
Timer: Objective build = 2.39 ms
Timer: LinearConstraintProjection build = 2.46 sec
Timer: LinearConstraintProjection build = 114 ms
Number of parameters: 56
Number of objectives: 1326
Number of equality constraints: 0
Number of inequality constraints: 1845
Timer: Initializing the optimization = 1.52 min

Starting optimization
Using method: lsq-auglag
  [mem] RSS 4.89 GB  peak 7.75 GB
E0917 14:50:37.919380  430848 cuda_timer.cc:87] Delay kernel timed out: measured time has sub-optimal accuracy. There may be a missing warmup execution, please investigate in Nsight Systems.
  [mem] RSS 5.43 GB  peak 7.75 GB
second_order: compiling constraint Hessian for blocks CoilSignedCurvature
E0917 14:51:20.055470  430834 cuda_timer.cc:87] Delay kernel timed out: measured time has sub-optimal accuracy. There may be a missing warmup execution, please investigate in Nsight Systems.
Solver options:
------------------------------------------------------------
Maximum Function Evaluations       : 1251
Maximum Allowed Total Δx Norm      : inf
Scaled Termination                 : True
Trust Region Method                : svd
Initial Trust Radius               : 1.307e-01
Maximum Trust Radius               : 5.000e-01
Minimum Trust Radius               : 2.220e-16
Trust Radius Increase Ratio        : 4.000e+00
Trust Radius Decrease Ratio        : 2.500e-01
Trust Radius Increase Threshold    : 7.500e-01
Trust Radius Decrease Threshold    : 5.000e-01
Alpha Omega                        : 1.000e+00
Beta Omega                         : 1.000e+00
Alpha Eta                          : 1.000e-01
Beta Eta                           : 9.000e-01
Omega                              : 4.978e-04
Eta                                : 1.000e-02
Tau                                : 1.000e+01
------------------------------------------------------------ 

   Iteration     Total nfev        Cost      Cost reduction    Step norm     Optimality    Constr viol.   Penalty param  max(|mltplr|)      gtolk     
       0              1          7.238e-03                                    4.978e-04      8.271e-06      1.000e+01      0.000e+00      4.978e-05   
  [mem] RSS 5.89 GB  peak 7.75 GB
second_order: compiling constraint Hessian for blocks CoilLength, CoilSignedCurvature
  [mem] RSS 6.40 GB  peak 7.75 GB
       1              2          7.237e-03      1.446e-06      9.351e-04      4.914e-04      1.415e-05      1.000e+01      0.000e+00      4.978e-05   
second_order: compiling constraint Hessian for blocks CoilLength, CoilCurvature, CoilSignedCurvature
  [mem] RSS 6.89 GB  peak 7.75 GB
       2              3          7.165e-03      7.170e-05      4.831e-02      2.165e-04      5.914e-05      1.000e+01      0.000e+00      4.978e-05   
  [mem] RSS 7.00 GB  peak 7.75 GB
       3              4          6.931e-03      2.343e-04      1.799e-01      1.948e-04      1.208e-04      1.000e+01      0.000e+00      4.978e-05   
       4              5          6.763e-03      1.682e-04      1.584e-01      3.556e-04      1.875e-04      1.000e+01      0.000e+00      4.978e-05   
       5              6          6.689e-03      7.376e-05      1.023e-01      7.364e-04      2.480e-04      1.000e+01      0.000e+00      4.978e-05   
       6              7          6.669e-03      2.025e-05      3.844e-02      4.326e-04      2.775e-04      1.000e+01      0.000e+00      4.978e-05   
       7              8          6.653e-03      1.597e-05      2.847e-02      2.960e-04      2.949e-04      1.000e+01      0.000e+00      4.978e-05   
       8              9          6.626e-03      2.667e-05      4.871e-02      1.881e-04      3.172e-04      1.000e+01      0.000e+00      4.978e-05   
       9             10          6.610e-03      1.622e-05      3.348e-02      1.230e-04      3.263e-04      1.000e+01      0.000e+00      4.978e-05   
      10             11          6.596e-03      1.429e-05      4.805e-02      1.911e-04      3.303e-04      1.000e+01      0.000e+00      4.978e-05   
      11             12          6.590e-03      5.406e-06      2.401e-02      5.363e-05      3.327e-04      1.000e+01      0.000e+00      4.978e-05   
      12             13          6.588e-03      2.508e-06      2.144e-02      4.298e-04      3.334e-04      1.000e+01      3.334e-03      4.298e-05   
      13             14          6.590e-03     -2.607e-06      1.106e-02      1.046e-04      1.549e-04      1.000e+01      3.334e-03      4.298e-05   
      14             15          6.590e-03     -1.540e-07      3.495e-03      7.884e-05      1.407e-04      1.000e+01      3.334e-03      4.298e-05   
      15             16          6.591e-03     -1.601e-07      4.707e-03      5.228e-05      1.249e-04      1.000e+01      3.334e-03      4.298e-05   
  [mem] RSS 7.00 GB  peak 7.75 GB
      16             17          6.591e-03     -1.978e-07      9.359e-03      5.539e-05      1.022e-04      1.000e+01      4.357e-03      5.539e-06   
      17             18          6.591e-03     -5.087e-08      9.887e-03      3.020e-05      9.571e-05      1.000e+01      4.357e-03      5.539e-06   
      18             19          6.591e-03     -1.634e-08      3.785e-03      1.608e-05      9.564e-05      1.000e+01      5.313e-03      1.608e-06   
      19             20          6.591e-03      4.332e-08      3.333e-03      2.892e-06      9.738e-05      1.000e+01      5.313e-03      1.608e-06   
      20             21          6.591e-03      8.040e-09      1.983e-03      7.590e-05      9.798e-05      1.000e+01      6.293e-03      7.590e-06   
      21             22          6.591e-03     -2.327e-08      4.728e-04      1.641e-04      9.422e-05      1.000e+01      7.235e-03      1.641e-05   
      22             23          6.591e-03     -2.447e-07      7.687e-04      5.349e-05      5.964e-05      1.000e+01      7.235e-03      1.641e-05   
      23             24          6.591e-03     -2.887e-07      1.505e-03      2.445e-06      3.216e-05      1.000e+01      7.421e-03      2.445e-07   
      24             25          6.591e-03     -7.120e-08      4.384e-03      3.665e-06      3.102e-05      1.000e+01      7.421e-03      2.445e-07   
  [it   25] bn 9.8552e-03  L 1.000  kappa 0.357  convex 0.054  d_cc 1.302  d_pc 1.324  -> FAILS L
      25             26          6.591e-03     -6.335e-08      4.401e-03      1.995e-05      2.914e-05      1.000e+01      7.421e-03      2.445e-07   
      26             27          6.592e-03     -1.807e-07      2.886e-03      5.414e-06      2.894e-05      1.000e+01      7.421e-03      2.445e-07   
      27             28          6.592e-03     -5.606e-08      2.170e-03      2.224e-06      2.921e-05      1.000e+01      7.421e-03      2.445e-07   
  [mem] RSS 7.04 GB  peak 7.75 GB
      28             29          6.592e-03     -1.641e-08      2.229e-03      2.346e-06      2.878e-05      1.000e+01      7.421e-03      2.445e-07   
      29             30          6.592e-03     -5.514e-09      9.434e-04      1.208e-06      2.882e-05      1.000e+01      7.421e-03      2.445e-07   
      30             31          6.592e-03      8.716e-10      3.327e-04      5.620e-05      2.887e-05      1.000e+01      7.041e-03      5.620e-06   
      31             32          6.592e-03      1.338e-08      3.931e-05      2.057e-05      2.887e-05      1.000e+01      7.041e-03      5.620e-06   
      32             33          6.592e-03      2.761e-08      1.722e-04      1.793e-05      2.853e-05      1.000e+01      7.041e-03      5.620e-06   
      33             34          6.592e-03      1.069e-07      6.515e-04      7.800e-06      2.725e-05      1.000e+01      7.041e-03      5.620e-06   
      34             35          6.592e-03      6.628e-08      4.038e-04      3.953e-06      2.656e-05      1.000e+01      6.984e-03      3.953e-07   
      35             36          6.591e-03      8.661e-09      2.078e-04      3.381e-06      2.629e-05      1.000e+01      6.984e-03      3.953e-07   
      36             37          6.591e-03      1.048e-08      2.468e-04      2.693e-06      2.597e-05      1.000e+01      6.984e-03      3.953e-07   
      37             38          6.591e-03      6.538e-10      1.533e-05      1.163e-05      2.595e-05      1.000e+01      6.960e-03      1.163e-06   
      38             39          6.591e-03     -9.895e-10      4.245e-06      8.332e-05      2.596e-05      1.000e+01      6.935e-03      8.332e-06   
      39             40          6.591e-03      4.687e-09      2.853e-05      7.532e-05      2.584e-05      1.000e+01      6.911e-03      7.532e-06   
      40             41          6.592e-03     -3.929e-08      4.521e-04      6.055e-05      1.504e-05      1.000e+01      6.911e-03      7.532e-06   
      41             42          6.592e-03     -5.559e-08      6.588e-04      3.932e-05      4.126e-06      1.000e+01      6.911e-03      7.532e-06   
  [mem] RSS 7.04 GB  peak 7.75 GB
      42             43          6.592e-03     -1.459e-08      1.833e-04      3.388e-05      5.142e-06      1.000e+01      6.911e-03      7.532e-06   
      43             44          6.592e-03     -4.519e-09      1.975e-05      3.133e-05      9.194e-06      1.000e+01      6.962e-03      3.133e-06   
      44             45          6.592e-03     -8.137e-08      1.066e-03      3.943e-06      6.463e-06      1.000e+01      6.962e-03      3.133e-06   
      45             46          6.592e-03     -1.055e-08      4.952e-04      3.985e-06      6.748e-06      1.000e+01      7.029e-03      3.985e-07   
      46             47          6.592e-03      5.117e-09      3.626e-05      7.397e-06      6.277e-06      1.000e+01      7.092e-03      7.397e-07   
      47             48          6.592e-03     -1.198e-09      4.565e-06      8.304e-06      6.258e-06      1.000e+01      7.154e-03      8.304e-07   
      48             49          6.592e-03      5.500e-10      5.054e-06      1.366e-05      6.196e-06      1.000e+01      7.216e-03      1.366e-06   
      49             50          6.592e-03      3.694e-08      3.990e-04      1.066e-05      1.631e-06      1.000e+01      7.216e-03      1.366e-06   
  [it   50] bn 9.8548e-03  L 1.000  kappa 0.357  convex 0.018  d_cc 1.303  d_pc 1.324  -> FAILS L
      50             51          6.592e-03      3.501e-09      6.438e-06      1.227e-05      3.225e-06      1.000e+01      7.233e-03      1.227e-06   
      51             52          6.592e-03      4.247e-08      4.571e-04      8.806e-06      3.568e-06      1.000e+01      7.233e-03      1.227e-06   
      52             53          6.592e-03      1.600e-08      2.236e-04      7.249e-06      1.088e-05      1.000e+01      7.233e-03      1.227e-06   
      53             54          6.592e-03      7.606e-08      1.068e-03      1.235e-06      4.453e-05      1.000e+01      7.233e-03      1.227e-06   
      54             55          6.592e-03      9.712e-10      4.191e-05      7.554e-06      4.471e-05      1.000e+01      7.037e-03      7.554e-07   
  [mem] RSS 7.05 GB  peak 7.75 GB
      55             56          6.592e-03      5.003e-11      1.061e-05      2.331e-05      4.398e-05      1.000e+01      6.843e-03      2.331e-06   
      56             57          6.592e-03      1.239e-09      2.235e-04      3.011e-05      3.948e-05      1.000e+01      6.684e-03      3.011e-06   
      57             58          6.592e-03     -8.416e-09      1.650e-05      3.095e-05      3.947e-05      1.000e+01      6.526e-03      3.095e-06   
      58             59          6.592e-03     -3.700e-10      2.311e-04      2.921e-05      3.494e-05      1.000e+01      6.526e-03      3.095e-06   
      59             60          6.592e-03     -1.955e-09      4.282e-04      2.586e-05      2.598e-05      1.000e+01      6.526e-03      3.095e-06   
      60             61          6.592e-03      7.120e-09      1.498e-05      2.682e-05      2.571e-05      1.000e+01      6.462e-03      2.682e-06   
      61             62          6.592e-03     -3.915e-08      3.600e-04      2.364e-05      9.572e-06      1.000e+01      6.462e-03      2.682e-06   
      62             63          6.592e-03     -2.783e-09      2.806e-05      2.339e-05      8.344e-06      1.000e+01      6.462e-03      2.682e-06   
      63             64          6.592e-03     -2.128e-08      2.197e-04      2.140e-05      4.941e-06      1.000e+01      6.462e-03      2.682e-06   
      64             65          6.592e-03     -5.728e-08      5.377e-04      1.685e-05      1.460e-05      1.000e+01      6.462e-03      2.682e-06   
      65             66          6.592e-03     -3.319e-08      3.417e-04      1.412e-05      2.059e-05      1.000e+01      6.462e-03      2.682e-06   
      66             67          6.592e-03     -1.130e-07      1.265e-03      4.557e-06      4.206e-05      1.000e+01      6.462e-03      2.682e-06   
      67             68          6.592e-03     -4.583e-09      1.374e-04      4.021e-06      4.354e-05      1.000e+01      6.462e-03      2.682e-06   
      68             69          6.592e-03     -7.854e-10      2.557e-05      3.926e-06      4.380e-05      1.000e+01      6.462e-03      2.682e-06   
      69             70          6.592e-03     -7.761e-09      2.566e-04      2.985e-06      4.645e-05      1.000e+01      6.462e-03      2.682e-06   
      70             71          6.592e-03     -1.924e-08      7.701e-04      2.371e-05      5.371e-05      1.000e+01      7.000e-03      2.371e-06   
      71             72          6.592e-03      3.481e-09      1.695e-05      4.416e-05      5.372e-05      1.000e+01      7.537e-03      4.416e-06   
  [mem] RSS 7.07 GB  peak 7.75 GB
      72             73          6.592e-03     -3.503e-09      6.989e-05      4.310e-05      5.138e-05      1.000e+01      7.537e-03      4.416e-06   
      73             74          6.592e-03     -4.572e-09      9.239e-05      4.170e-05      4.829e-05      1.000e+01      7.537e-03      4.416e-06   
      74             75          6.592e-03     -6.460e-08      1.328e-03      2.170e-05      4.035e-06      1.000e+01      7.537e-03      4.416e-06   
  [it   75] bn 9.8550e-03  L 1.000  kappa 0.357  convex 0.018  d_cc 1.303  d_pc 1.324  -> FAILS L
      75             76          6.592e-03      6.985e-10      9.639e-05      2.305e-05      1.906e-06      1.000e+01      7.556e-03      2.305e-06   
      76             77          6.592e-03      5.498e-08      3.667e-04      1.923e-05      7.145e-07      1.000e+01      7.556e-03      2.305e-06   
      77             78          6.592e-03     -6.395e-09      1.093e-05      3.832e-05      1.478e-06      1.000e+01      7.523e-03      3.832e-06   
      78             79          6.592e-03      1.339e-07      8.090e-04      2.587e-05      1.040e-06      1.000e+01      7.523e-03      3.832e-06   
      79             80          6.592e-03      6.437e-08      7.576e-04      1.701e-05      2.860e-05      1.000e+01      7.523e-03      3.832e-06   
      80             81          6.592e-03      4.739e-08      7.203e-04      1.000e-05      4.961e-05      1.000e+01      7.523e-03      3.832e-06   
      81             82          6.592e-03      1.438e-09      2.893e-05      1.078e-05      5.026e-05      1.000e+01      7.180e-03      1.078e-06   
      82             83          6.592e-03      4.220e-09      5.587e-06      1.727e-05      5.022e-05      1.000e+01      6.837e-03      1.727e-06   
      83             84          6.592e-03      8.480e-09      1.099e-04      1.632e-05      4.815e-05      1.000e+01      6.837e-03      1.727e-06   
      84             85          6.592e-03      8.502e-09      1.095e-04      1.536e-05      4.603e-05      1.000e+01      6.837e-03      1.727e-06   
      85             86          6.592e-03     -6.751e-09      8.928e-06      1.848e-05      4.597e-05      1.000e+01      6.550e-03      1.848e-06   
  [mem] RSS 7.10 GB  peak 7.75 GB
      86             87          6.592e-03      8.850e-09      1.316e-05      3.319e-05      4.559e-05      1.000e+01      6.264e-03      3.319e-06   
      87             88          6.592e-03      5.062e-08      8.204e-04      2.702e-05      3.151e-05      1.000e+01      6.264e-03      3.319e-06   
      88             89          6.592e-03     -1.085e-09      2.143e-05      2.683e-05      3.061e-05      1.000e+01      6.264e-03      3.319e-06   
      89             90          6.592e-03     -2.505e-08      4.974e-04      2.250e-05      9.710e-06      1.000e+01      6.264e-03      3.319e-06   
      90             91          6.592e-03     -1.007e-09      2.804e-05      2.226e-05      8.589e-06      1.000e+01      6.264e-03      3.319e-06   
      91             92          6.592e-03     -8.753e-09      2.635e-04      1.995e-05      9.505e-06      1.000e+01      6.264e-03      3.319e-06   
      92             93          6.592e-03     -9.740e-08      2.009e-03      4.740e-06      5.692e-05      1.000e+01      6.264e-03      3.319e-06   
      93             94          6.592e-03      4.675e-09      6.775e-04      1.824e-05      6.390e-05      1.000e+01      6.903e-03      1.824e-06   
      94             95          6.592e-03      2.465e-08      4.474e-04      1.333e-05      5.163e-05      1.000e+01      6.903e-03      1.824e-06   
      95             96          6.592e-03      6.063e-08      1.202e-03      5.033e-06      1.760e-05      1.000e+01      7.079e-03      5.033e-07   
      96             97          6.592e-03     -2.016e-08      6.806e-04      1.497e-06      6.928e-06      1.000e+01      7.079e-03      5.033e-07   
      97             98          6.592e-03     -8.709e-09      2.809e-04      7.311e-07      3.888e-06      1.000e+01      7.079e-03      5.033e-07   
      98             99          6.592e-03     -5.752e-09      1.731e-04      6.945e-07      2.369e-06      1.000e+01      7.079e-03      5.033e-07   
      99             100         6.592e-03     -3.713e-09      1.741e-04      6.068e-07      1.403e-06      1.000e+01      7.090e-03      6.068e-08   
  [it  100] bn 9.8547e-03  L 1.000  kappa 0.357  convex 0.022  d_cc 1.303  d_pc 1.324  -> FEASIBLE
      100            101         6.592e-03     -3.891e-09      7.769e-05      3.968e-07      1.208e-06      1.000e+01      7.090e-03      6.068e-08   
  [mem] RSS 7.12 GB  peak 7.75 GB
      101            102         6.592e-03     -1.035e-10      2.382e-06      4.789e-07      1.203e-06      1.000e+01      7.096e-03      4.789e-08   
      102            103         6.592e-03     -1.898e-10      2.729e-06      6.968e-07      1.180e-06      1.000e+01      7.102e-03      6.968e-08   
      103            104         6.592e-03     -5.322e-09      5.898e-05      4.853e-07      4.695e-07      1.000e+01      7.102e-03      6.968e-08   
      104            105         6.592e-03     -1.819e-10      2.171e-06      5.058e-07      4.636e-07      1.000e+01      7.107e-03      5.058e-08   
      105            106         6.592e-03      4.274e-10      4.720e-07      1.171e-06      4.612e-07      1.000e+01      7.112e-03      1.171e-07   
      106            107         6.592e-03     -8.114e-10      7.605e-07      6.593e-07      4.632e-07      1.000e+01      7.116e-03      6.593e-08   
      107            108         6.592e-03     -1.871e-09      2.197e-05      5.696e-07      4.524e-07      1.000e+01      7.116e-03      6.593e-08   
      108            109         6.592e-03     -4.055e-09      5.441e-05      3.474e-07      4.204e-07      1.000e+01      7.116e-03      6.593e-08   
      109            110         6.592e-03     -3.692e-11      4.964e-07      5.983e-07      4.201e-07      1.000e+01      7.120e-03      5.983e-08   
      110            111         6.592e-03      3.963e-10      3.764e-07      7.806e-07      4.198e-07      1.000e+01      7.125e-03      7.806e-08   
      111            112         6.592e-03     -2.334e-09      1.114e-04      7.622e-07      4.764e-07      1.000e+01      7.126e-03      7.622e-08   
      112            113         6.592e-03      3.120e-10      3.681e-07      1.109e-06      4.669e-07      1.000e+01      7.127e-03      1.109e-07   
      113            114         6.592e-03     -5.508e-10      5.492e-07      1.231e-06      4.668e-07      1.000e+01      7.129e-03      1.231e-07   
      114            115         6.592e-03      3.134e-09      1.298e-04      5.151e-06      5.666e-08      1.000e+01      7.128e-03      5.151e-07   
      115            116         6.592e-03     -2.165e-08      1.124e-04      3.157e-06      6.496e-07      1.000e+01      7.128e-03      5.151e-07   
      116            117         6.592e-03     -1.591e-08      9.609e-05      1.689e-06      1.103e-06      1.000e+01      7.128e-03      5.151e-07   
  [mem] RSS 7.15 GB  peak 7.75 GB
      117            118         6.592e-03     -1.584e-08      1.334e-04      1.535e-05      1.615e-06      1.000e+01      7.039e-03      1.535e-06   
      118            119         6.592e-03      3.507e-08      1.336e-04      4.371e-06      6.013e-07      1.000e+01      7.039e-03      1.535e-06   
      119            120         6.592e-03      1.250e-10      2.971e-06      2.758e-06      5.807e-07      1.000e+01      7.009e-03      2.758e-07   
      120            121         6.592e-03      1.898e-09      2.371e-06      3.557e-06      7.555e-07      1.000e+01      6.979e-03      3.557e-07   
      121            122         6.592e-03      2.111e-09      1.343e-05      5.631e-06      7.061e-07      1.000e+01      6.952e-03      5.631e-07   
      122            123         6.592e-03      9.815e-09      5.651e-05      4.709e-06      4.155e-07      1.000e+01      6.952e-03      5.631e-07   
      123            124         6.592e-03     -3.109e-09      3.368e-06      4.377e-06      2.413e-07      1.000e+01      6.942e-03      4.377e-07   
      124            125         6.592e-03      2.772e-09      3.072e-06      2.553e-06      3.273e-07      1.000e+01      6.931e-03      2.553e-07   
  [it  125] bn 9.8547e-03  L 1.000  kappa 0.357  convex 0.021  d_cc 1.303  d_pc 1.324  -> FAILS L
      125            126         6.592e-03      7.993e-09      3.919e-05      3.127e-06      2.719e-07      1.000e+01      6.931e-03      2.553e-07   
      126            127         6.592e-03      3.122e-10      1.549e-06      3.538e-06      2.977e-07      1.000e+01      6.934e-03      3.538e-07   
      127            128         6.592e-03      1.517e-08      7.312e-05      2.590e-06      2.695e-06      1.000e+01      6.934e-03      3.538e-07   
      128            129         6.592e-03      3.732e-08      2.286e-04      1.268e-06      9.313e-06      1.000e+01      7.027e-03      1.268e-07   
      129            130         6.592e-03     -3.446e-09      1.680e-05      1.167e-06      8.710e-06      1.000e+01      7.027e-03      1.268e-07   
  [mem] RSS 7.18 GB  peak 7.75 GB
      130            131         6.592e-03     -1.273e-09      5.987e-06      1.131e-06      8.487e-06      1.000e+01      7.027e-03      1.268e-07   
      131            132         6.592e-03     -4.216e-10      1.959e-06      1.118e-06      8.413e-06      1.000e+01      7.027e-03      1.268e-07   
      132            133         6.592e-03     -1.227e-08      5.681e-05      7.652e-07      6.269e-06      1.000e+01      7.027e-03      1.268e-07   
      133            134         6.592e-03      9.014e-10      8.637e-07      1.446e-06      6.273e-06      1.000e+01      7.090e-03      1.446e-07   
      134            135         6.592e-03     -1.221e-08      5.710e-05      1.096e-06      4.175e-06      1.000e+01      7.090e-03      1.446e-07   
      135            136         6.592e-03     -1.251e-08      5.988e-05      7.334e-07      2.017e-06      1.000e+01      7.090e-03      1.446e-07   
      136            137         6.592e-03     -6.346e-10      3.371e-06      7.117e-07      1.907e-06      1.000e+01      7.090e-03      1.446e-07   
      137            138         6.592e-03     -9.600e-10      5.136e-06      6.833e-07      1.741e-06      1.000e+01      7.090e-03      1.446e-07   
      138            139         6.592e-03     -9.929e-10      5.374e-06      6.539e-07      1.569e-06      1.000e+01      7.090e-03      1.446e-07   
      139            140         6.592e-03     -9.932e-09      5.444e-05      1.775e-06      5.544e-07      1.000e+01      7.090e-03      1.446e-07   
      140            141         6.592e-03     -2.074e-09      9.950e-06      1.650e-06      5.941e-07      1.000e+01      7.090e-03      1.446e-07   
      141            142         6.592e-03     -2.743e-08      1.347e-04      1.609e-06      1.114e-06      1.000e+01      7.090e-03      1.446e-07   
      142            143         6.592e-03     -3.133e-09      4.087e-05      8.777e-07      1.117e-06      1.000e+01      7.090e-03      1.446e-07   
      143            144         6.592e-03     -3.388e-09      5.452e-05      2.980e-06      1.119e-06      1.000e+01      7.034e-03      2.980e-07   
      144            145         6.592e-03      4.731e-09      1.922e-05      4.971e-06      9.674e-07      1.000e+01      6.985e-03      4.971e-07   
      145            146         6.592e-03      1.757e-09      7.380e-06      7.088e-06      9.152e-07      1.000e+01      6.939e-03      7.088e-07   
      146            147         6.592e-03      4.017e-08      1.706e-04      5.997e-06      1.886e-06      1.000e+01      6.939e-03      7.088e-07   
      147            148         6.592e-03      5.544e-09      3.237e-05      5.548e-06      2.834e-06      1.000e+01      6.967e-03      5.548e-07   
  [mem] RSS 7.21 GB  peak 7.75 GB
      148            149         6.592e-03      1.206e-08      1.615e-04      2.248e-06      4.817e-06      1.000e+01      6.967e-03      5.548e-07   
      149            150         6.592e-03      9.196e-09      1.158e-04      2.665e-06      6.223e-06      1.000e+01      7.029e-03      2.665e-07   
  [it  150] bn 9.8547e-03  L 1.000  kappa 0.357  convex 0.020  d_cc 1.303  d_pc 1.324  -> FEASIBLE
      150            151         6.592e-03     -1.216e-09      1.388e-06      4.510e-06      6.239e-06      1.000e+01      7.092e-03      4.510e-07   
      151            152         6.592e-03     -5.997e-09      5.366e-05      3.833e-06      5.158e-06      1.000e+01      7.092e-03      4.510e-07   
      152            153         6.592e-03     -4.031e-10      3.256e-06      3.788e-06      5.086e-06      1.000e+01      7.092e-03      4.510e-07   
      153            154         6.592e-03     -3.707e-09      2.976e-05      3.380e-06      4.425e-06      1.000e+01      7.092e-03      4.510e-07   
      154            155         6.592e-03      1.723e-09      1.780e-06      4.047e-06      4.421e-06      1.000e+01      7.136e-03      4.047e-07   
      155            156         6.592e-03     -5.810e-10      4.714e-06      3.990e-06      4.326e-06      1.000e+01      7.136e-03      4.047e-07   
      156            157         6.592e-03     -2.186e-09      2.209e-06      4.215e-06      4.328e-06      1.000e+01      7.179e-03      4.215e-07   
      157            158         6.592e-03      1.881e-09      2.001e-06      3.926e-06      4.319e-06      1.000e+01      7.222e-03      3.926e-07   
      158            159         6.592e-03     -4.864e-09      4.831e-05      3.558e-06      3.514e-06      1.000e+01      7.222e-03      3.926e-07   
      159            160         6.592e-03     -1.482e-08      1.385e-04      5.097e-06      1.123e-06      1.000e+01      7.222e-03      3.926e-07   
      160            161         6.592e-03     -1.906e-09      1.985e-06      5.509e-06      1.117e-06      1.000e+01      7.234e-03      5.509e-07   
      161            162         6.592e-03     -1.237e-08      1.946e-04      8.361e-06      2.717e-06      1.000e+01      7.234e-03      5.509e-07   
  [mem] RSS 7.23 GB  peak 7.75 GB
      162            163         6.592e-03     -7.236e-08      3.315e-04      2.468e-06      3.094e-06      1.000e+01      7.234e-03      5.509e-07   
      163            164         6.592e-03     -1.617e-08      1.457e-04      1.273e-06      3.171e-06      1.000e+01      7.234e-03      5.509e-07   
      164            165         6.592e-03     -8.103e-10      6.109e-06      1.239e-06      3.173e-06      1.000e+01      7.234e-03      5.509e-07   
      165            166         6.592e-03     -1.539e-09      1.170e-05      1.175e-06      3.177e-06      1.000e+01      7.234e-03      5.509e-07   
      166            167         6.592e-03     -1.161e-09      9.004e-06      1.127e-06      3.180e-06      1.000e+01      7.234e-03      5.509e-07   
      167            168         6.592e-03     -2.616e-08      2.064e-04      2.507e-05      3.246e-06      1.000e+01      7.039e-03      2.507e-06   
      168            169         6.592e-03     -5.167e-09      1.520e-05      3.283e-05      3.277e-06      1.000e+01      6.849e-03      3.283e-06   
      169            170         6.592e-03      1.293e-07      5.038e-04      1.467e-05      5.549e-07      1.000e+01      6.849e-03      3.283e-06   
      170            171         6.592e-03      8.003e-09      4.228e-05      1.361e-05      1.502e-06      1.000e+01      6.849e-03      3.283e-06   
      171            172         6.592e-03      5.228e-09      2.792e-05      9.415e-06      2.289e-06      1.000e+01      6.872e-03      9.415e-07   
      172            173         6.592e-03      4.815e-09      5.085e-06      1.513e-05      4.421e-06      1.000e+01      6.894e-03      1.513e-06   
      173            174         6.592e-03     -7.237e-09      7.301e-06      2.546e-06      2.270e-06      1.000e+01      6.917e-03      2.546e-07   
      174            175         6.592e-03      1.010e-09      1.350e-06      2.986e-06      2.288e-06      1.000e+01      6.940e-03      2.986e-07   
  [it  175] bn 9.8547e-03  L 1.000  kappa 0.357  convex 0.020  d_cc 1.303  d_pc 1.324  -> FAILS L
      175            176         6.592e-03      2.582e-08      2.240e-04      1.274e-06      5.962e-06      1.000e+01      6.940e-03      2.986e-07   
      176            177         6.592e-03      1.851e-08      1.868e-04      5.275e-06      8.577e-06      1.000e+01      6.940e-03      2.986e-07   
  [mem] RSS 7.26 GB  peak 7.75 GB
      177            178         6.592e-03      4.500e-10      4.945e-05      4.602e-06      8.590e-06      1.000e+01      7.026e-03      4.602e-07   
      178            179         6.592e-03      1.202e-09      2.632e-06      6.054e-06      8.557e-06      1.000e+01      7.112e-03      6.054e-07   
      179            180         6.592e-03     -1.946e-09      3.349e-06      6.032e-06      8.539e-06      1.000e+01      7.197e-03      6.032e-07   
      180            181         6.592e-03      1.916e-09      3.654e-06      6.527e-06      8.513e-06      1.000e+01      7.282e-03      6.527e-07   
      181            182         6.592e-03     -8.219e-08      8.087e-04      4.136e-06      3.127e-06      1.000e+01      7.282e-03      6.527e-07   
      182            183         6.592e-03     -6.089e-08      7.342e-04      1.772e-05      5.134e-06      1.000e+01      7.282e-03      6.527e-07   
      183            184         6.592e-03     -8.848e-10      1.013e-05      7.217e-06      5.138e-06      1.000e+01      7.142e-03      7.217e-07   
      184            185         6.592e-03      3.842e-09      3.799e-06      1.343e-05      5.154e-06      1.000e+01      7.002e-03      1.343e-06   
      185            186         6.592e-03      1.010e-08      2.414e-04      1.163e-05      3.876e-06      1.000e+01      7.002e-03      1.343e-06   
      186            187         6.592e-03      8.665e-09      1.910e-04      1.013e-05      2.839e-06      1.000e+01      7.002e-03      1.343e-06   
      187            188         6.592e-03      4.032e-09      8.289e-05      1.328e-05      2.380e-06      1.000e+01      6.909e-03      1.328e-06   
      188            189         6.592e-03      1.773e-08      2.635e-04      1.092e-05      1.018e-06      1.000e+01      6.909e-03      1.328e-06   
      189            190         6.592e-03      8.747e-09      1.208e-04      9.866e-06      3.873e-07      1.000e+01      6.909e-03      1.328e-06   
      190            191         6.592e-03     -5.301e-09      5.245e-06      1.690e-05      3.994e-07      1.000e+01      6.866e-03      1.690e-06   
      191            192         6.592e-03      2.312e-08      2.493e-04      1.362e-05      0.000e+00      1.000e+01      6.866e-03      1.690e-06   
      192            193         6.592e-03      2.492e-08      2.545e-04      1.139e-05      3.277e-06      1.000e+01      6.866e-03      1.690e-06   
  [mem] RSS 7.29 GB  peak 7.75 GB
      193            194         6.592e-03      6.445e-08      6.323e-04      1.957e-06      1.340e-05      1.000e+01      6.866e-03      1.690e-06   
      194            195         6.592e-03      1.664e-08      2.808e-04      5.211e-06      1.588e-05      1.000e+01      7.025e-03      5.211e-07   
      195            196         6.592e-03     -1.345e-09      7.006e-06      5.114e-06      1.565e-05      1.000e+01      7.025e-03      5.211e-07   
      196            197         6.592e-03     -2.081e-09      1.089e-05      4.965e-06      1.529e-05      1.000e+01      7.025e-03      5.211e-07   
      197            198         6.592e-03     -1.006e-09      5.303e-06      4.893e-06      1.512e-05      1.000e+01      7.025e-03      5.211e-07   
      198            199         6.592e-03     -3.086e-09      2.921e-06      7.338e-06      1.513e-05      1.000e+01      7.176e-03      7.338e-07   
      199            200         6.592e-03     -5.500e-08      2.728e-04      3.883e-06      5.379e-06      1.000e+01      7.176e-03      7.338e-07   
  [it  200] bn 9.8547e-03  L 1.000  kappa 0.357  convex 0.022  d_cc 1.303  d_pc 1.324  -> FAILS L
      200            201         6.592e-03     -5.038e-08      3.043e-04      2.503e-06      3.123e-06      1.000e+01      7.176e-03      7.338e-07   
      201            202         6.592e-03     -4.917e-09      3.927e-05      2.191e-06      3.321e-06      1.000e+01      7.176e-03      7.338e-07   
      202            203         6.592e-03     -2.630e-08      1.800e-04      1.051e-06      4.053e-06      1.000e+01      7.176e-03      7.338e-07   
      203            204         6.592e-03     -1.244e-09      1.380e-05      9.938e-07      4.095e-06      1.000e+01      7.176e-03      7.338e-07   
      204            205         6.592e-03     -3.895e-09      4.452e-05      8.137e-07      4.228e-06      1.000e+01      7.176e-03      7.338e-07   
      205            206         6.592e-03     -1.486e-10      1.896e-06      7.223e-06      4.234e-06      1.000e+01      7.068e-03      7.223e-07   
      206            207         6.592e-03      3.749e-08      5.025e-04      8.790e-07      1.236e-06      1.000e+01      7.029e-03      8.790e-08   
      207            208         6.592e-03      3.592e-09      3.949e-05      1.489e-06      1.143e-06      1.000e+01      6.996e-03      1.489e-07   
  [mem] RSS 7.31 GB  peak 7.75 GB
      208            209         6.592e-03      1.180e-08      8.998e-05      9.886e-07      7.570e-07      1.000e+01      6.996e-03      1.489e-07   
      209            210         6.592e-03      1.972e-09      1.731e-05      1.084e-06      6.859e-07      1.000e+01      6.989e-03      1.084e-07   
      210            211         6.592e-03     -1.687e-10      1.018e-06      1.371e-06      6.924e-07      1.000e+01      6.982e-03      1.371e-07   
      211            212         6.592e-03      4.072e-09      4.627e-05      1.570e-06      4.628e-07      1.000e+01      6.982e-03      1.570e-07   
      212            213         6.592e-03      9.050e-09      1.333e-04      1.552e-06      1.857e-06      1.000e+01      6.982e-03      1.570e-07   
      213            214         6.592e-03      9.284e-10      1.056e-06      3.060e-06      1.851e-06      1.000e+01      7.001e-03      3.060e-07   
      214            215         6.592e-03     -1.840e-09      2.230e-06      4.364e-06      1.859e-06      1.000e+01      7.019e-03      4.364e-07   
      215            216         6.592e-03      1.802e-09      2.217e-06      4.843e-06      1.852e-06      1.000e+01      7.038e-03      4.843e-07   
      216            217         6.592e-03     -5.766e-09      2.944e-04      2.366e-06      1.708e-06      1.000e+01      7.038e-03      4.843e-07   
      217            218         6.592e-03     -2.575e-09      1.517e-04      1.392e-06      2.443e-06      1.000e+01      7.038e-03      4.843e-07   
      218            219         6.592e-03     -6.080e-10      7.335e-07      3.096e-06      2.443e-06      1.000e+01      7.037e-03      3.096e-07   
      219            220         6.592e-03      1.599e-09      1.848e-06      6.858e-06      2.443e-06      1.000e+01      7.036e-03      6.858e-07   
      220            221         6.592e-03     -1.045e-08      6.263e-04      1.950e-06      0.000e+00      1.000e+01      7.036e-03      6.858e-07   
      221            222         6.592e-03     -1.122e-09      2.176e-04      7.874e-07      0.000e+00      1.000e+01      7.027e-03      7.874e-08   
      222            223         6.592e-03      6.771e-09      1.598e-04      1.054e-07      0.000e+00      1.000e+01      7.027e-03      7.874e-08   
  [mem] RSS 7.36 GB  peak 7.75 GB
      223            224         6.592e-03      1.460e-10      4.504e-05      2.854e-07      0.000e+00      1.000e+01      7.026e-03      2.854e-08   
      224            225         6.592e-03      1.498e-10      1.623e-07      3.200e-07      3.442e-08      1.000e+01      7.025e-03      3.200e-08   
  [it  225] bn 9.8547e-03  L 1.000  kappa 0.357  convex 0.021  d_cc 1.303  d_pc 1.324  -> FAILS L
      225            226         6.592e-03      6.522e-11      2.816e-06      4.234e-07      3.236e-08      1.000e+01      7.024e-03      4.234e-08   
      226            227         6.592e-03      8.164e-10      2.580e-05      3.282e-07      1.906e-08      1.000e+01      7.024e-03      3.282e-08   
      227            228         6.592e-03      3.398e-09      3.730e-05      1.266e-06      4.819e-07      1.000e+01      7.029e-03      1.266e-07   
      228            229         6.592e-03     -6.030e-10      1.770e-05      3.119e-07      2.950e-07      1.000e+01      7.029e-03      1.266e-07   
      229            230         6.592e-03      6.305e-10      4.262e-05      6.994e-07      3.890e-07      1.000e+01      7.031e-03      6.994e-08   
      230            231         6.592e-03     -1.770e-11      3.976e-07      6.447e-07      3.657e-07      1.000e+01      7.034e-03      6.447e-08   
      231            232         6.592e-03     -1.761e-09      5.516e-05      3.320e-07      1.560e-07      1.000e+01      7.034e-03      6.447e-08   
      232            233         6.592e-03     -1.476e-10      2.208e-07      4.602e-07      1.562e-07      1.000e+01      7.035e-03      4.602e-08   
      233            234         6.592e-03     -4.880e-10      1.240e-05      3.328e-07      1.206e-07      1.000e+01      7.035e-03      4.602e-08   
      234            235         6.592e-03     -9.633e-10      2.209e-05      1.054e-07      4.688e-08      1.000e+01      7.035e-03      4.602e-08   
      235            236         6.592e-03     -3.850e-10      8.706e-06      1.787e-07      3.637e-08      1.000e+01      7.036e-03      1.787e-08   
      236            237         6.592e-03      2.590e-10      8.954e-06      1.950e-07      2.479e-08      1.000e+01      7.036e-03      1.950e-08   
  [mem] RSS 7.44 GB  peak 7.75 GB
      237            238         6.592e-03      1.619e-10      4.409e-06      7.933e-07      1.594e-08      1.000e+01      7.036e-03      7.933e-08   
      238            239         6.592e-03      2.374e-11      1.984e-06      7.340e-07      1.838e-08      1.000e+01      7.036e-03      7.340e-08   
      239            240         6.592e-03      1.458e-09      1.102e-04      3.980e-07      8.677e-07      1.000e+01      7.036e-03      3.980e-08   
      240            241         6.592e-03     -7.613e-11      2.681e-07      1.263e-06      8.592e-07      1.000e+01      7.036e-03      1.263e-07   
      241            242         6.592e-03     -2.075e-10      1.139e-04      6.064e-07      3.079e-07      1.000e+01      7.036e-03      1.263e-07   
      242            243         6.592e-03     -2.209e-10      3.573e-05      1.385e-07      8.676e-08      1.000e+01      7.036e-03      1.263e-07   
      243            244         6.592e-03     -2.929e-11      6.985e-06      1.600e-07      7.887e-08      1.000e+01      7.036e-03      1.600e-08   
      244            245         6.592e-03     -7.225e-11      1.343e-06      1.385e-07      6.924e-08      1.000e+01      7.036e-03      1.600e-08   
      245            246         6.592e-03     -3.928e-10      7.418e-06      1.512e-07      2.394e-08      1.000e+01      7.036e-03      1.600e-08   
      246            247         6.592e-03     -1.167e-10      3.500e-06      2.554e-07      1.161e-08      1.000e+01      7.036e-03      1.600e-08   
      247            248         6.592e-03     -4.038e-10      1.711e-06      1.917e-07      1.105e-08      1.000e+01      7.035e-03      1.917e-08   
      248            249         6.592e-03     -1.736e-09      1.264e-05      5.149e-08      1.136e-08      1.000e+01      7.035e-03      1.917e-08   
      249            250         6.592e-03     -6.792e-12      8.034e-08      3.717e-07      1.149e-08      1.000e+01      7.032e-03      3.717e-08   
  [it  250] bn 9.8547e-03  L 1.000  kappa 0.357  convex 0.021  d_cc 1.303  d_pc 1.324  -> FEASIBLE
      250            251         6.592e-03     -5.388e-11      2.507e-07      3.359e-07      1.045e-08      1.000e+01      7.029e-03      3.359e-08   
Warning: Maximum number of iterations has been exceeded.
         Current function value: 6.592e-03
         Constraint violation: 1.045e-08
         Total delta_x: 5.464e-01
         Iterations: 250
         Function evaluations: 251
         Jacobian evaluations: 250
  [mem] RSS 7.51 GB  peak 7.75 GB
Timer: Solution time = 11.2 min
Timer: Avg time per step = 2.69 sec
==============================================================================================================
                                                                 Start  -->   End
Total (sum of squares):                                      7.238e-03  -->   6.592e-03, 
Maximum absolute Boundary normal field error:                1.286e+00  -->   1.260e+00 (T m^2)
Minimum absolute Boundary normal field error:                2.271e-04  -->   4.839e-05 (T m^2)
Average absolute Boundary normal field error:                2.695e-01  -->   2.538e-01 (T m^2)
Maximum absolute Boundary normal field error:                1.140e-02  -->   1.116e-02 (normalized)
Minimum absolute Boundary normal field error:                2.013e-06  -->   4.288e-07 (normalized)
Average absolute Boundary normal field error:                2.388e-03  -->   2.249e-03 (normalized)
Maximum Coil length:                                         3.600e+01  -->   3.700e+01 (m)
Minimum Coil length:                                         3.600e+01  -->   3.700e+01 (m)
Average Coil length:                                         3.600e+01  -->   3.700e+01 (m)
Maximum Coil length:                                         6.296e+00  -->   6.471e+00 (normalized)
Minimum Coil length:                                         6.296e+00  -->   6.471e+00 (normalized)
Average Coil length:                                         6.296e+00  -->   6.471e+00 (normalized)
Maximum Coil curvature:                                      5.292e-01  -->   5.355e-01 (m^-1)
Minimum Coil curvature:                                      1.524e-06  -->   1.549e-10 (m^-1)
Average Coil curvature:                                      2.051e-01  -->   2.042e-01 (m^-1)
Maximum Coil curvature:                                      3.026e+00  -->   3.062e+00 (normalized)
Minimum Coil curvature:                                      8.714e-06  -->   8.860e-10 (normalized)
Average Coil curvature:                                      1.173e+00  -->   1.168e+00 (normalized)
Maximum Signed in-plane curvature:                           5.292e-01  -->   5.355e-01 (m^-1)
Minimum Signed in-plane curvature:                          -6.929e-05  -->  -8.752e-08 (m^-1)
Average Signed in-plane curvature:                           2.051e-01  -->   2.042e-01 (m^-1)
Maximum Signed in-plane curvature:                           3.026e+00  -->   3.062e+00 (normalized)
Minimum Signed in-plane curvature:                          -3.962e-04  -->  -5.004e-07 (normalized)
Average Signed in-plane curvature:                           1.173e+00  -->   1.168e+00 (normalized)
Maximum Coil-coil distance penalty:                          0.000e+00  -->   0.000e+00 (dimensionless)
Minimum Coil-coil distance penalty:                          0.000e+00  -->   0.000e+00 (dimensionless)
Average Coil-coil distance penalty:                          0.000e+00  -->   0.000e+00 (dimensionless)
Maximum Plasma-coil distance penalty:                        0.000e+00  -->   0.000e+00 (dimensionless)
Minimum Plasma-coil distance penalty:                        0.000e+00  -->   0.000e+00 (dimensionless)
Average Plasma-coil distance penalty:                        0.000e+00  -->   0.000e+00 (dimensionless)
Summed coil current error:                                   0.000e+00  -->   0.000e+00 (A)
==============================================================================================================


SOLVER {'wall_s': 779.0504419803619, 'message': 'Maximum number of iterations has been exceeded.', 'nit': 250, 'n_outer': 109, 'constr_violation': 1.0446497677721566e-08, 'y_absmax_final': 0.0070293701894041955}
START  bn 1.0450e-02  L 0.973  kappa 0.353  convex 0.032  d_cc 1.348  d_pc 1.328  -> FEASIBLE
RESULT bn 9.8547e-03  L 1.000  kappa 0.357  convex 0.021  d_cc 1.303  d_pc 1.324  linked 0  -> FEASIBLE  active ['L']
wrote work/helios/clearance/len37/result.h5, result.json, result.png
