Running as unit: run-p418760-i419726.scope; invocation ID: 219d97826256414b81bc049ad32620ba
E0917 14:29:58.507748  418855 cuda_executor.cc:1743] Could not get kernel mode driver version: ( INVALID_ARGUMENT: Version does not match the format X.Y.Z )
E0917 14:29:58.520033  418760 cuda_executor.cc:1743] Could not get kernel mode driver version: ( INVALID_ARGUMENT: Version does not match the format X.Y.Z )
DEVICE requested=gpu obtained=gpu (1x NVIDIA GeForce RTX 5070 Laptop GPU)
  [mem] RSS 0.82 GB  peak 0.82 GB
/home/singh/Documents/DESC2/coil_sandbox/vendor/desc/utils.py:590: UserWarning: Unequal number of field periods for grid 1 and basis 2.
  warnings.warn(msg, err)
/home/singh/Documents/DESC2/coil_sandbox/vendor/desc/utils.py:590: UserWarning: Unequal number of field periods for grid 1 and basis 2.
  warnings.warn(msg, err)
eq sample_equilibria/helios_repro.h5 (h5) NFP 2 sym True; start work/helios/scan_polar/cut90/legB/result.h5: 3 unique coils, arc=True, expect 12 coils; source grid gl (48 nodes/coil); mode stage2; plasma field included (virtual casing)
SETTINGS {'eq': 'sample_equilibria/helios_repro.h5', 'start': 'work/helios/scan_polar/cut90/legB/result.h5', 'out': 'work/helios/clearance/relax90', 'mode': 'stage2', 'length_mult': 1.0, 'margin': 0.0, 'fix_hinges': False, 'anchor_weight': 0.001, 'margin_skip': '', 'a': None, 'bounds': 'bounds/helios_dcc1.0.json', 'device': None, 'vacuum': False, 'maxiter': 250, 'check_every': 25, 'ckpt_every': 25, 'diag_log': 'diag.jsonl', 'dcc_backoff': 0.025, 'dpc_backoff': 0.02, 'no_arc_backoffs': False, 'convex_form': 'signed', 'convex_kmin': 0.0, 'convex_backoff': 0.5, 'coil_grid_n': 150, 'eval_m': 25, 'eval_n': 25, 'plasma_m': 64, 'plasma_n': 64, 'src_gl': 24, 'src_n': 400, 'vc_m': None, 'vc_n': None, 'vc_chunk': 64, 'dcc_k': 20000, 'dpc_k': 20000, 'no_signed': False, 'dcc_neighbors': None, 'dcc_chunk': 4, 'dpc_chunk': 1, 'qf_chunk': 25, 'no_second_order': False, 'so_chunk': 16, 'so_rtol': 0.05, 'max_tr': 0.5, 'max_inner_iter': 100, 'ctol': 0.0001}
BOUNDS (judged, absolute, a=1.77186) L 36  kappa 1.5  kms -  convex 0.001  dcc 1  dpc 1.2
ENFORCED L 36  kappa 1.492  kms -  convex 0.0005  dcc 1.04  dpc 1.224  (convexity: signed, kappa_s >= 0.0)
  [mem] RSS 2.92 GB  peak 2.92 GB
START  bn 1.2502e-02  L 1.000  kappa 0.296  convex 1.786  d_cc 1.235  d_pc 1.288  linked 0  coils 12  -> FAILS L,convex
Building objective: Quadratic flux
Precomputing transforms
/home/singh/Documents/DESC2/coil_sandbox/vendor/desc/utils.py:590: UserWarning: Could not build fft interpolator, switching to dft which is slow.
Reason: Got False for eval_grid.can_fft2.
  warnings.warn(msg, err)
  [mem] RSS 7.45 GB  peak 7.45 GB
  [mem] RSS 7.60 GB  peak 7.60 GB
Timer: Precomputing transforms = 1.29 min
Timer: Objective build = 1.31 min
Building objective: summed coil current
Building objective: fixed shift
  [mem] RSS 4.45 GB  peak 7.72 GB
Building objective: fixed rotation
Building objective: fixed arc reference
Timer: Objective build = 563 ms
Timer: Objective build = 2.26 ms
Timer: LinearConstraintProjection build = 2.36 sec
Timer: LinearConstraintProjection build = 111 ms
Number of parameters: 56
Number of objectives: 1326
Number of equality constraints: 0
Number of inequality constraints: 1845
Timer: Initializing the optimization = 1.37 min

Starting optimization
Using method: lsq-auglag
E0917 14:32:19.231215  418865 cuda_timer.cc:87] Delay kernel timed out: measured time has sub-optimal accuracy. There may be a missing warmup execution, please investigate in Nsight Systems.
  [mem] RSS 5.20 GB  peak 7.72 GB
second_order: compiling constraint Hessian for blocks CoilLength, CoilSignedCurvature
  [mem] RSS 5.87 GB  peak 7.72 GB
Solver options:
------------------------------------------------------------
Maximum Function Evaluations       : 1251
Maximum Allowed Total Δx Norm      : inf
Scaled Termination                 : True
Trust Region Method                : svd
Initial Trust Radius               : 1.291e-01
Maximum Trust Radius               : 5.000e-01
Minimum Trust Radius               : 2.220e-16
Trust Radius Increase Ratio        : 4.000e+00
Trust Radius Decrease Ratio        : 2.500e-01
Trust Radius Increase Threshold    : 7.500e-01
Trust Radius Decrease Threshold    : 5.000e-01
Alpha Omega                        : 1.000e+00
Beta Omega                         : 1.000e+00
Alpha Eta                          : 1.000e-01
Beta Eta                           : 9.000e-01
Omega                              : 5.651e-04
Eta                                : 3.225e-04
Tau                                : 1.000e+01
------------------------------------------------------------ 

   Iteration     Total nfev        Cost      Cost reduction    Step norm     Optimality    Constr viol.   Penalty param  max(|mltplr|)      gtolk     
       0              1          9.863e-03                                    5.651e-04      3.225e-04      1.000e+01      0.000e+00      5.651e-05   
       1              2          9.862e-03      6.669e-07      3.512e-04      1.366e-04      3.225e-04      1.000e+01      0.000e+00      5.651e-05   
second_order: compiling constraint Hessian for blocks CoilLength, CoilCurvature, CoilSignedCurvature
  [mem] RSS 6.15 GB  peak 7.72 GB
  [mem] RSS 6.79 GB  peak 7.72 GB
       2              3          9.854e-03      8.405e-06      1.175e-01      1.324e-03      5.535e-04      1.000e+01      0.000e+00      5.651e-05   
       3              4          9.850e-03      3.978e-06      7.333e-02      1.034e-03      4.638e-04      1.000e+01      0.000e+00      5.651e-05   
       4              5          9.847e-03      2.796e-06      6.125e-02      8.531e-04      4.081e-04      1.000e+01      0.000e+00      5.651e-05   
       5              6          9.844e-03      2.772e-06      7.170e-02      7.863e-04      3.881e-04      1.000e+01      0.000e+00      5.651e-05   
       6              7          9.843e-03      1.654e-06      5.260e-02      6.058e-04      3.329e-04      1.000e+01      0.000e+00      5.651e-05   
       7              8          9.841e-03      1.568e-06      5.931e-02      5.528e-04      3.167e-04      1.000e+01      0.000e+00      5.651e-05   
       8              9          9.840e-03      9.510e-07      5.087e-02      3.908e-04      2.892e-04      1.000e+01      0.000e+00      5.651e-05   
       9             10          9.840e-03      5.983e-07      4.310e-02      2.767e-04      2.826e-04      1.000e+01      0.000e+00      5.651e-05   
  [mem] RSS 6.80 GB  peak 7.72 GB
      10             11          9.839e-03      2.861e-07      3.171e-02      1.581e-04      2.843e-04      1.000e+01      0.000e+00      5.651e-05   
      11             12          9.839e-03      1.469e-07      2.398e-02      9.372e-05      2.858e-04      1.000e+01      0.000e+00      5.651e-05   
      12             13          9.839e-03      3.835e-08      1.425e-02      1.892e-03      2.867e-04      1.015e+01      2.517e-03      1.892e-04   
      13             14          9.840e-03     -1.173e-06      3.409e-03      1.417e-03      2.236e-04      1.015e+01      2.517e-03      1.892e-04   
      14             15          9.841e-03     -1.089e-06      3.175e-03      1.001e-03      1.743e-04      1.015e+01      2.517e-03      1.892e-04   
      15             16          9.842e-03     -6.144e-07      2.046e-03      7.679e-04      1.464e-04      1.015e+01      2.517e-03      1.892e-04   
      16             17          9.842e-03     -2.491e-07      1.156e-03      6.753e-04      1.344e-04      1.015e+01      2.517e-03      1.892e-04   
      17             18          9.843e-03     -7.395e-07      3.879e-04      3.171e-04      1.343e-04      1.015e+01      2.517e-03      1.892e-04   
      18             19          9.843e-03     -4.459e-07      6.046e-03      5.736e-04      1.020e-04      1.015e+01      9.213e-03      5.736e-05   
      19             20          9.845e-03     -1.054e-06      6.910e-03      2.415e-04      5.442e-05      1.015e+01      9.213e-03      5.736e-05   
      20             21          9.845e-03     -3.793e-07      3.136e-03      1.538e-04      4.327e-05      1.015e+01      9.213e-03      5.736e-05   
      21             22          9.845e-03     -4.087e-07      3.886e-03      1.876e-04      3.207e-05      1.015e+01      4.785e-03      1.876e-05   
      22             23          9.846e-03     -2.010e-07      1.419e-04      1.393e-04      2.430e-05      1.015e+01      4.785e-03      1.876e-05   
      23             24          9.845e-03      9.247e-08      3.298e-04      1.193e-04      2.107e-05      1.015e+01      4.785e-03      1.876e-05   
      24             25          9.845e-03      1.471e-07      5.287e-04      8.768e-05      2.410e-05      1.015e+01      4.785e-03      1.876e-05   
  [mem] RSS 6.84 GB  peak 7.72 GB
  [it   25] bn 1.2504e-02  L 1.000  kappa 0.301  convex 0.058  d_cc 1.199  d_pc 1.298  -> FEASIBLE
      25             26          9.845e-03      1.883e-07      7.215e-04      4.759e-05      3.570e-05      1.015e+01      4.785e-03      1.876e-05   
      26             27          9.845e-03      1.625e-07      8.298e-04      1.267e-04      4.585e-05      1.015e+01      4.128e-03      1.267e-05   
      27             28          9.845e-03     -2.918e-08      7.906e-04      5.394e-05      2.301e-05      1.015e+01      4.128e-03      1.267e-05   
      28             29          9.845e-03     -4.840e-09      1.568e-04      4.255e-05      1.932e-05      1.015e+01      4.128e-03      1.267e-05   
      29             30          9.845e-03     -1.564e-08      5.864e-04      3.382e-05      6.936e-06      1.015e+01      4.492e-03      3.382e-06   
      30             31          9.845e-03     -6.195e-08      5.306e-04      5.602e-06      1.283e-06      1.015e+01      4.492e-03      3.382e-06   
      31             32          9.845e-03     -3.348e-09      1.037e-04      3.937e-06      1.093e-06      1.015e+01      4.492e-03      3.382e-06   
      32             33          9.845e-03     -9.270e-09      2.972e-04      1.671e-06      6.072e-07      1.015e+01      4.532e-03      1.671e-07   
      33             34          9.845e-03      4.379e-10      1.932e-04      1.318e-07      8.123e-08      1.015e+01      4.533e-03      1.318e-08   
      34             35          9.845e-03      3.328e-10      8.009e-05      7.505e-07      6.733e-08      1.015e+01      4.533e-03      7.505e-08   
      35             36          9.845e-03     -5.159e-10      7.920e-05      6.385e-07      4.696e-08      1.015e+01      4.533e-03      6.385e-08   
      36             37          9.845e-03      4.942e-10      3.824e-05      1.678e-07      4.342e-08      1.015e+01      4.533e-03      1.678e-08   
  [mem] RSS 6.84 GB  peak 7.72 GB
      37             38          9.845e-03      1.508e-10      3.022e-05      7.246e-08      3.421e-08      1.015e+01      4.533e-03      1.000e-08   
      38             39          9.845e-03     -3.362e-11      1.316e-05      3.862e-08      2.015e-08      1.015e+01      4.533e-03      1.000e-08   
      39             40          9.845e-03     -1.508e-11      5.714e-06      1.397e-07      1.320e-08      1.015e+01      4.533e-03      1.000e-08   
      40             41          9.845e-03     -1.937e-10      8.023e-06      1.328e-08      6.093e-09      1.015e+01      4.533e-03      1.000e-08   
      41             42          9.845e-03     -7.137e-13      1.480e-07      1.140e-07      6.039e-09      1.015e+01      4.529e-03      1.140e-08   
      42             43          9.845e-03      8.198e-11      2.405e-06      1.174e-07      2.778e-09      1.015e+01      4.527e-03      1.174e-08   
      43             44          9.845e-03      1.293e-10      2.684e-06      4.868e-07      9.411e-09      1.015e+01      4.528e-03      4.868e-08   
      44             45          9.845e-03      1.383e-10      2.103e-05      4.703e-07      1.869e-07      1.015e+01      4.532e-03      4.703e-08   
      45             46          9.845e-03      1.620e-10      4.382e-07      4.349e-07      1.801e-07      1.015e+01      4.535e-03      4.349e-08   
  [mem] RSS 6.84 GB  peak 7.72 GB
      46             47          9.845e-03     -8.700e-11      9.391e-06      2.150e-07      6.670e-08      1.015e+01      4.535e-03      2.150e-08   
      47             48          9.845e-03     -1.171e-10      1.527e-07      4.223e-07      6.052e-08      1.015e+01      4.535e-03      4.223e-08   
      48             49          9.845e-03     -3.592e-11      1.951e-06      5.873e-07      5.786e-08      1.015e+01      4.534e-03      5.873e-08   
      49             50          9.845e-03     -2.555e-10      1.595e-05      3.225e-07      3.495e-08      1.015e+01      4.534e-03      5.873e-08   
  [it   50] bn 1.2504e-02  L 1.000  kappa 0.301  convex 0.037  d_cc 1.199  d_pc 1.299  -> FAILS L
      50             51          9.845e-03      9.796e-11      3.051e-05      6.242e-07      1.199e-07      1.015e+01      4.530e-03      6.242e-08   
      51             52          9.845e-03     -1.281e-10      5.669e-06      4.157e-07      8.091e-08      1.015e+01      4.530e-03      6.242e-08   
      52             53          9.845e-03     -1.726e-10      8.043e-06      1.219e-07      3.713e-08      1.015e+01      4.530e-03      6.242e-08   
      53             54          9.845e-03     -2.870e-11      2.959e-06      2.011e-07      2.897e-08      1.015e+01      4.530e-03      2.011e-08   
      54             55          9.845e-03      2.172e-10      1.052e-05      1.752e-07      2.142e-08      1.015e+01      4.530e-03      1.752e-08   
  [mem] RSS 6.85 GB  peak 7.72 GB
      55             56          9.845e-03      1.617e-11      1.011e-06      2.649e-07      2.080e-08      1.015e+01      4.530e-03      2.649e-08   
      56             57          9.845e-03      9.387e-11      1.869e-07      1.709e-07      3.278e-08      1.015e+01      4.531e-03      1.709e-08   
      57             58          9.845e-03      1.162e-11      8.326e-08      1.640e-07      3.079e-08      1.015e+01      4.531e-03      1.640e-08   
      58             59          9.845e-03     -8.189e-11      9.057e-08      1.404e-07      2.716e-08      1.015e+01      4.531e-03      1.404e-08   
      59             60          9.845e-03      1.137e-11      1.282e-06      2.378e-07      2.556e-08      1.015e+01      4.531e-03      2.378e-08   
      60             61          9.845e-03      1.876e-11      2.107e-06      3.229e-07      2.290e-08      1.015e+01      4.532e-03      3.229e-08   
      61             62          9.845e-03      3.331e-11      3.779e-06      3.817e-07      1.807e-08      1.015e+01      4.532e-03      3.817e-08   
      62             63          9.845e-03      1.912e-11      2.240e-06      4.347e-07      1.515e-08      1.015e+01      4.532e-03      4.347e-08   
  [mem] RSS 6.85 GB  peak 7.72 GB
      63             64          9.845e-03      1.226e-10      1.928e-07      4.106e-07      1.234e-07      1.015e+01      4.532e-03      4.106e-08   
      64             65          9.845e-03     -1.444e-10      1.762e-07      3.686e-08      1.218e-08      1.015e+01      4.532e-03      1.000e-08   
      65             66          9.845e-03      2.526e-11      3.119e-08      7.912e-08      1.287e-08      1.015e+01      4.532e-03      1.000e-08   
      66             67          9.845e-03      6.604e-13      9.311e-08      1.212e-07      1.285e-08      1.015e+01      4.532e-03      1.212e-08   
      67             68          9.845e-03     -4.526e-11      7.437e-08      1.584e-07      1.401e-08      1.015e+01      4.532e-03      1.584e-08   
      68             69          9.845e-03      1.116e-11      1.415e-06      2.703e-07      1.221e-08      1.015e+01      4.532e-03      2.703e-08   
      69             70          9.845e-03      1.211e-10      1.250e-07      1.915e-07      5.432e-08      1.015e+01      4.532e-03      1.915e-08   
  [mem] RSS 6.86 GB  peak 7.72 GB
      70             71          9.845e-03     -7.055e-11      9.000e-08      8.947e-08      1.410e-08      1.015e+01      4.532e-03      1.000e-08   
      71             72          9.845e-03      3.413e-11      4.650e-08      1.147e-07      2.091e-08      1.015e+01      4.532e-03      1.147e-08   
      72             73          9.845e-03      3.646e-11      6.419e-06      1.674e-07      1.902e-08      1.015e+01      4.532e-03      1.674e-08   
      73             74          9.845e-03      6.711e-11      1.342e-05      1.850e-07      4.053e-08      1.015e+01      4.532e-03      1.850e-08   
      74             75          9.845e-03      1.386e-10      4.942e-05      2.645e-07      1.488e-07      1.015e+01      4.531e-03      2.645e-08   
  [it   75] bn 1.2504e-02  L 1.000  kappa 0.301  convex 0.036  d_cc 1.199  d_pc 1.299  -> FAILS L
      75             76          9.845e-03      9.350e-11      7.707e-06      1.849e-07      1.500e-07      1.015e+01      4.531e-03      1.849e-08   
      76             77          9.845e-03      1.344e-11      2.410e-05      3.119e-07      2.196e-07      1.015e+01      4.531e-03      3.119e-08   
  [mem] RSS 6.87 GB  peak 7.72 GB
      77             78          9.845e-03     -2.514e-11      2.185e-06      6.319e-07      2.066e-07      1.015e+01      4.531e-03      6.319e-08   
      78             79          9.845e-03     -2.929e-10      2.327e-05      3.155e-07      3.916e-08      1.015e+01      4.531e-03      6.319e-08   
      79             80          9.845e-03      6.374e-11      2.586e-07      3.987e-07      6.928e-08      1.015e+01      4.531e-03      3.987e-08   
      80             81          9.845e-03     -2.437e-10      2.174e-05      2.540e-07      4.513e-09      1.015e+01      4.531e-03      3.987e-08   
      81             82          9.845e-03     -9.635e-11      1.277e-05      1.391e-07      1.845e-08      1.015e+01      4.531e-03      3.987e-08   
      82             83          9.845e-03     -6.638e-11      1.218e-05      5.809e-08      3.184e-08      1.015e+01      4.531e-03      3.987e-08   
      83             84          9.845e-03     -8.149e-12      2.539e-06      1.139e-07      3.423e-08      1.015e+01      4.531e-03      1.139e-08   
      84             85          9.845e-03      8.650e-11      3.696e-06      1.744e-07      3.215e-08      1.015e+01      4.531e-03      1.744e-08   
      85             86          9.845e-03      2.596e-10      1.170e-05      1.280e-07      2.230e-08      1.015e+01      4.531e-03      1.280e-08   
  [mem] RSS 6.89 GB  peak 7.72 GB
      86             87          9.845e-03      1.989e-11      1.244e-06      1.634e-07      1.857e-08      1.015e+01      4.531e-03      1.634e-08   
      87             88          9.845e-03     -3.650e-11      9.386e-08      1.512e-07      1.675e-08      1.015e+01      4.531e-03      1.512e-08   
      88             89          9.845e-03      2.881e-11      8.255e-08      7.710e-08      1.942e-08      1.015e+01      4.531e-03      1.000e-08   
      89             90          9.845e-03      1.807e-11      2.417e-06      1.044e-07      2.859e-08      1.015e+01      4.531e-03      1.044e-08   
      90             91          9.845e-03     -2.181e-11      5.114e-08      6.463e-08      2.852e-08      1.015e+01      4.531e-03      1.000e-08   
      91             92          9.845e-03      1.274e-11      3.582e-08      4.874e-08      2.802e-08      1.015e+01      4.531e-03      1.000e-08   
      92             93          9.845e-03     -1.035e-11      3.416e-08      6.023e-08      2.665e-08      1.015e+01      4.531e-03      1.000e-08   
      93             94          9.845e-03      1.021e-11      3.112e-08      3.379e-08      2.634e-08      1.015e+01      4.530e-03      1.000e-08   
  [mem] RSS 6.90 GB  peak 7.72 GB
      94             95          9.845e-03     -3.090e-12      8.145e-07      5.947e-08      2.438e-08      1.015e+01      4.530e-03      1.000e-08   
      95             96          9.845e-03     -1.218e-11      3.106e-08      2.711e-08      2.430e-08      1.015e+01      4.530e-03      1.000e-08   
Augmented Lagrangian subproblems stalled at a feasible point: `ctol` is satisfied and no further progress is available at this precision, but `gtol` was not reached.
         Current function value: 9.845e-03
         Constraint violation: 2.430e-08
         Total delta_x: 6.088e-01
         Iterations: 95
         Function evaluations: 96
         Jacobian evaluations: 95
Timer: Solution time = 7.05 min
Timer: Avg time per step = 4.40 sec
==============================================================================================================
                                                                 Start  -->   End
Total (sum of squares):                                      9.863e-03  -->   9.845e-03, 
Maximum absolute Boundary normal field error:                1.200e+00  -->   1.230e+00 (T m^2)
Minimum absolute Boundary normal field error:                3.258e-05  -->   9.117e-04 (T m^2)
Average absolute Boundary normal field error:                3.169e-01  -->   3.166e-01 (T m^2)
Maximum absolute Boundary normal field error:                1.063e-02  -->   1.090e-02 (normalized)
Minimum absolute Boundary normal field error:                2.887e-07  -->   8.080e-06 (normalized)
Average absolute Boundary normal field error:                2.808e-03  -->   2.806e-03 (normalized)
Maximum Coil length:                                         3.600e+01  -->   3.600e+01 (m)
Minimum Coil length:                                         3.600e+01  -->   3.600e+01 (m)
Average Coil length:                                         3.600e+01  -->   3.600e+01 (m)
Maximum Coil length:                                         6.284e+00  -->   6.284e+00 (normalized)
Minimum Coil length:                                         6.284e+00  -->   6.284e+00 (normalized)
Average Coil length:                                         6.284e+00  -->   6.284e+00 (normalized)
Maximum Coil curvature:                                      4.437e-01  -->   4.514e-01 (m^-1)
Minimum Coil curvature:                                      4.911e-05  -->   1.582e-09 (m^-1)
Average Coil curvature:                                      1.940e-01  -->   1.919e-01 (m^-1)
Maximum Coil curvature:                                      2.542e+00  -->   2.586e+00 (normalized)
Minimum Coil curvature:                                      2.814e-04  -->   9.063e-09 (normalized)
Average Coil curvature:                                      1.112e+00  -->   1.099e+00 (normalized)
Maximum Signed in-plane curvature:                           4.437e-01  -->   4.514e-01 (m^-1)
Minimum Signed in-plane curvature:                          -2.697e-03  -->  -2.032e-07 (m^-1)
Average Signed in-plane curvature:                           1.940e-01  -->   1.919e-01 (m^-1)
Maximum Signed in-plane curvature:                           2.542e+00  -->   2.586e+00 (normalized)
Minimum Signed in-plane curvature:                          -1.545e-02  -->  -1.164e-06 (normalized)
Average Signed in-plane curvature:                           1.112e+00  -->   1.099e+00 (normalized)
Maximum Coil-coil distance penalty:                          0.000e+00  -->   0.000e+00 (dimensionless)
Minimum Coil-coil distance penalty:                          0.000e+00  -->   0.000e+00 (dimensionless)
Average Coil-coil distance penalty:                          0.000e+00  -->   0.000e+00 (dimensionless)
Maximum Plasma-coil distance penalty:                        0.000e+00  -->   0.000e+00 (dimensionless)
Minimum Plasma-coil distance penalty:                        0.000e+00  -->   0.000e+00 (dimensionless)
Average Plasma-coil distance penalty:                        0.000e+00  -->   0.000e+00 (dimensionless)
Summed coil current error:                                   0.000e+00  -->   7.451e-09 (A)
==============================================================================================================


SOLVER {'wall_s': 517.3352477550507, 'message': 'Augmented Lagrangian subproblems stalled at a feasible point: `ctol` is satisfied and no further progress is available at this precision, but `gtol` was not reached.', 'nit': 95, 'n_outer': 58, 'constr_violation': 2.4302996000165858e-08, 'y_absmax_final': 0.004530494767923313}
START  bn 1.2502e-02  L 1.000  kappa 0.296  convex 1.786  d_cc 1.235  d_pc 1.288  -> FAILS L,convex
RESULT bn 1.2504e-02  L 1.000  kappa 0.301  convex 0.036  d_cc 1.199  d_pc 1.299  linked 0  -> FAILS L  active ['L']
wrote work/helios/clearance/relax90/result.h5, result.json, result.png
