Running as unit: run-p618882-i620090.scope; invocation ID: 28a3ecff99324a7f830fd6198e0f62c2
E0918 13:49:10.612775  618969 cuda_executor.cc:1743] Could not get kernel mode driver version: ( INVALID_ARGUMENT: Version does not match the format X.Y.Z )
E0918 13:49:10.625101  618882 cuda_executor.cc:1743] Could not get kernel mode driver version: ( INVALID_ARGUMENT: Version does not match the format X.Y.Z )
DEVICE requested=gpu obtained=gpu (1x NVIDIA GeForce RTX 5070 Laptop GPU)
  [mem] RSS 0.83 GB  peak 0.83 GB
/home/singh/Documents/DESC2/coil_sandbox/vendor/desc/utils.py:590: UserWarning: Unequal number of field periods for grid 1 and basis 2.
  warnings.warn(msg, err)
/home/singh/Documents/DESC2/coil_sandbox/vendor/desc/utils.py:590: UserWarning: Unequal number of field periods for grid 1 and basis 2.
  warnings.warn(msg, err)
eq sample_equilibria/helios_repro.h5 (h5) NFP 2 sym True; start work/helios/arc16/cut0_0_120_30/fit.h5: 4 unique coils, arc=True, expect 16 coils; source grid gl (48 nodes/coil), length grid gl (48), constraint grid 301, curvature grid 301; mode feasibility; plasma field included (virtual casing)
SETTINGS {'eq': 'sample_equilibria/helios_repro.h5', 'start': 'work/helios/arc16/cut0_0_120_30/fit.h5', 'out': 'work/helios/arc16/cut0_0_120_30/repair', 'mode': 'feasibility', 'length_mult': 1.0, 'margin': 0.25, 'fix_hinges': False, 'anchor_weight': 1.0, 'margin_skip': 'L', 'a': None, 'bounds': 'bounds/helios_kruger2026.json', 'device': None, 'vacuum': False, 'maxiter': 120, 'check_every': 10, 'ckpt_every': 50, 'diag_log': None, 'dcc_backoff': 0.025, 'dpc_backoff': 0.02, 'no_arc_backoffs': False, 'convex_form': 'signed', 'convex_kmin': 0.0, 'convex_backoff': 0.5, 'planarity': 'auto', 'planarity_tol': 0.0, 'speed_floor': 0.0, 'arclength_weight': 0.0, 'torsion_weight': 0.0, 'coil_grid_n': 150, 'kappa_grid_n': None, 'eval_m': 25, 'eval_n': 25, 'plasma_m': 64, 'plasma_n': 64, 'src_gl': 24, 'src_n': 400, 'vc_m': None, 'vc_n': None, 'vc_chunk': 64, 'dcc_k': 20000, 'dpc_k': 20000, 'no_signed': False, 'dcc_neighbors': None, 'dcc_chunk': 4, 'dpc_chunk': 1, 'qf_chunk': 25, 'coil_jac_chunk': None, 'no_second_order': False, 'so_chunk': 16, 'so_rtol': 0.05, 'max_tr': 0.5, 'max_inner_iter': 100, 'ctol': 0.0001}
BOUNDS (judged, absolute, a=1.77186) L 36  Ltot -  kappa 1.5  kms -  convex 0.001  planar -  dcc 1.2  dpc 1.2
TARGET (margin 0.25) L 36  Ltot -  kappa 1.125  kms -  convex 0.001  planar -  dcc 1.5  dpc 1.5
ENFORCED L 36  Ltot -  kappa 1.119  kms -  convex 0.0005  planar -  dcc 1.553  dpc 1.53  (convexity: signed, kappa_s >= 0.0)
  [mem] RSS 2.89 GB  peak 2.89 GB
START  bn 3.3864e-02  L 1.001  kappa 0.631  convex 2554.062  d_cc 1.036  d_pc 1.099  linked 0  coils 16  -> FAILS L,convex
Building objective: fixed parameters
Timer: Objective build = 625 ms
Building objective: fixed coil current
Building objective: fixed shift
Building objective: fixed rotation
Building objective: fixed arc reference
Timer: Objective build = 107 ms
Building objective: coil length
Precomputing transforms
Timer: Precomputing transforms = 112 us
Building objective: coil curvature
Precomputing transforms
Timer: Precomputing transforms = 63.9 us
Building objective: coil signed curvature
Precomputing transforms
Timer: Precomputing transforms = 65.5 us
Building objective: coil-coil distance penalty
Building objective: plasma-coil distance penalty
Timer: Objective build = 5.64 sec
Timer: LinearConstraintProjection build = 2.22 sec
Timer: LinearConstraintProjection build = 126 ms
Number of parameters: 72
Number of objectives: 148
Number of equality constraints: 0
Number of inequality constraints: 2474
Timer: Initializing the optimization = 9.53 sec

Starting optimization
Using method: lsq-auglag
E0918 13:50:01.658132  618991 cuda_timer.cc:87] Delay kernel timed out: measured time has sub-optimal accuracy. There may be a missing warmup execution, please investigate in Nsight Systems.
  [mem] RSS 3.93 GB  peak 3.93 GB
second_order: compiling constraint Hessian for blocks CoilSetDistancePenalty, PlasmaCoilSetDistancePenalty
  [mem] RSS 4.51 GB  peak 4.51 GB
  [mem] RSS 5.22 GB  peak 5.22 GB
Solver options:
------------------------------------------------------------
Maximum Function Evaluations       : 601
Maximum Allowed Total Δx Norm      : inf
Scaled Termination                 : True
Trust Region Method                : svd
Initial Trust Radius               : 8.764e-02
Maximum Trust Radius               : 5.000e-01
Minimum Trust Radius               : 2.220e-16
Trust Radius Increase Ratio        : 4.000e+00
Trust Radius Decrease Ratio        : 2.500e-01
Trust Radius Increase Threshold    : 7.500e-01
Trust Radius Decrease Threshold    : 5.000e-01
Alpha Omega                        : 1.000e+00
Beta Omega                         : 1.000e+00
Alpha Eta                          : 1.000e-01
Beta Eta                           : 9.000e-01
Omega                              : 1.000e-02
Eta                                : 1.000e-02
Tau                                : 1.000e+01
------------------------------------------------------------ 

   Iteration     Total nfev        Cost      Cost reduction    Step norm     Optimality    Constr viol.   Penalty param  max(|mltplr|)      gtolk     
       0              1          1.735e-18                                    4.208e+01      1.331e+01      1.000e+01      0.000e+00      1.000e-03   
       1              2          2.760e-06     -2.760e-06      2.350e-03      4.169e+01      1.322e+01      1.000e+01      0.000e+00      1.000e-03   
       2              3          4.154e-05     -3.878e-05      7.029e-03      4.016e+01      1.289e+01      1.000e+01      0.000e+00      1.000e-03   
       3              4          1.746e-04     -1.331e-04      9.890e-03      3.807e+01      1.243e+01      1.000e+01      0.000e+00      1.000e-03   
       4              5          4.062e-04     -2.316e-04      9.983e-03      3.607e+01      1.198e+01      1.000e+01      0.000e+00      1.000e-03   
       5              6          7.405e-04     -3.343e-04      1.009e-02      3.416e+01      1.155e+01      1.000e+01      0.000e+00      1.000e-03   
       6              7          1.181e-03     -4.408e-04      1.021e-02      3.234e+01      1.113e+01      1.000e+01      0.000e+00      1.000e-03   
       7              8          1.732e-03     -5.502e-04      1.031e-02      3.061e+01      1.073e+01      1.000e+01      0.000e+00      1.000e-03   
       8              9          2.393e-03     -6.620e-04      1.042e-02      2.896e+01      1.034e+01      1.000e+01      0.000e+00      1.000e-03   
       9             10          3.171e-03     -7.774e-04      1.054e-02      2.739e+01      9.960e+00      1.000e+01      0.000e+00      1.000e-03   
  [it   10] bn 3.3989e-02  L 1.001  kappa 0.670  convex 2528.867  d_cc 1.059  d_pc 1.114  -> FAILS L,convex  target FAILS L,convex,d_cc,d_pc
      10             11          4.068e-03     -8.973e-04      1.066e-02      2.589e+01      9.593e+00      1.000e+01      0.000e+00      1.000e-03   
      11             12          5.088e-03     -1.020e-03      1.078e-02      2.446e+01      9.237e+00      1.000e+01      0.000e+00      1.000e-03   
  [mem] RSS 5.32 GB  peak 5.32 GB
      12             13          6.234e-03     -1.147e-03      1.091e-02      2.309e+01      8.893e+00      1.000e+01      0.000e+00      1.000e-03   
      13             14          7.508e-03     -1.273e-03      1.100e-02      2.180e+01      8.560e+00      1.000e+01      0.000e+00      1.000e-03   
      14             15          8.909e-03     -1.401e-03      1.109e-02      2.056e+01      8.236e+00      1.000e+01      0.000e+00      1.000e-03   
      15             16          1.044e-02     -1.532e-03      1.117e-02      1.939e+01      7.923e+00      1.000e+01      0.000e+00      1.000e-03   
      16             17          1.210e-02     -1.663e-03      1.124e-02      1.827e+01      7.619e+00      1.000e+01      0.000e+00      1.000e-03   
      17             18          1.390e-02     -1.793e-03      1.130e-02      1.721e+01      7.324e+00      1.000e+01      0.000e+00      1.000e-03   
      18             19          1.582e-02     -1.928e-03      1.137e-02      1.619e+01      7.038e+00      1.000e+01      0.000e+00      1.000e-03   
      19             20          1.789e-02     -2.061e-03      1.142e-02      1.523e+01      6.761e+00      1.000e+01      0.000e+00      1.000e-03   
  [it   20] bn 3.4129e-02  L 1.001  kappa 0.718  convex 2489.657  d_cc 1.089  d_pc 1.126  -> FAILS L,convex  target FAILS L,convex,d_cc,d_pc
      20             21          2.009e-02     -2.200e-03      1.149e-02      1.431e+01      6.492e+00      1.000e+01      0.000e+00      1.000e-03   
      21             22          2.242e-02     -2.338e-03      1.155e-02      1.344e+01      6.231e+00      1.000e+01      0.000e+00      1.000e-03   
      22             23          2.489e-02     -2.471e-03      1.158e-02      1.261e+01      5.978e+00      1.000e+01      0.000e+00      1.000e-03   
      23             24          2.749e-02     -2.595e-03      1.156e-02      1.182e+01      5.733e+00      1.000e+01      0.000e+00      1.000e-03   
      24             25          3.020e-02     -2.715e-03      1.153e-02      1.107e+01      5.496e+00      1.000e+01      0.000e+00      1.000e-03   
      25             26          3.304e-02     -2.832e-03      1.150e-02      1.035e+01      5.266e+00      1.000e+01      0.000e+00      1.000e-03   
      26             27          3.598e-02     -2.945e-03      1.145e-02      9.676e+00      5.043e+00      1.000e+01      0.000e+00      1.000e-03   
      27             28          3.903e-02     -3.049e-03      1.139e-02      9.035e+00      4.827e+00      1.000e+01      0.000e+00      1.000e-03   
      28             29          4.218e-02     -3.152e-03      1.133e-02      8.427e+00      4.618e+00      1.000e+01      0.000e+00      1.000e-03   
      29             30          4.542e-02     -3.236e-03      1.122e-02      7.852e+00      4.416e+00      1.000e+01      0.000e+00      1.000e-03   
  [it   30] bn 3.4273e-02  L 1.002  kappa 0.757  convex 2436.378  d_cc 1.118  d_pc 1.138  -> FAILS L,convex  target FAILS L,kappa,convex,d_cc,d_pc
      30             31          4.874e-02     -3.317e-03      1.111e-02      7.309e+00      4.220e+00      1.000e+01      0.000e+00      1.000e-03   
      31             32          5.213e-02     -3.390e-03      1.100e-02      6.795e+00      4.031e+00      1.000e+01      0.000e+00      1.000e-03   
      32             33          5.557e-02     -3.445e-03      1.085e-02      6.310e+00      3.848e+00      1.000e+01      0.000e+00      1.000e-03   
      33             34          5.906e-02     -3.491e-03      1.070e-02      5.853e+00      3.671e+00      1.000e+01      0.000e+00      1.000e-03   
      34             35          6.258e-02     -3.523e-03      1.055e-02      5.423e+00      3.499e+00      1.000e+01      0.000e+00      1.000e-03   
      35             36          6.612e-02     -3.541e-03      1.038e-02      5.020e+00      3.334e+00      1.000e+01      0.000e+00      1.000e-03   
      36             37          6.969e-02     -3.563e-03      1.027e-02      4.640e+00      3.174e+00      1.000e+01      0.000e+00      1.000e-03   
  [mem] RSS 5.33 GB  peak 5.33 GB
      37             38          7.325e-02     -3.560e-03      1.012e-02      4.285e+00      3.019e+00      1.000e+01      0.000e+00      1.000e-03   
      38             39          7.680e-02     -3.547e-03      9.979e-03      3.952e+00      2.870e+00      1.000e+01      0.000e+00      1.000e-03   
      39             40          8.033e-02     -3.538e-03      9.894e-03      3.641e+00      2.726e+00      1.000e+01      0.000e+00      1.000e-03   
second_order: compiling constraint Hessian for blocks CoilSignedCurvature, CoilSetDistancePenalty, PlasmaCoilSetDistancePenalty
  [mem] RSS 6.26 GB  peak 6.26 GB
E0918 13:52:46.502122  618988 cuda_timer.cc:87] Delay kernel timed out: measured time has sub-optimal accuracy. There may be a missing warmup execution, please investigate in Nsight Systems.
  [mem] RSS 6.44 GB  peak 6.44 GB
  [it   40] bn 3.4418e-02  L 1.002  kappa 0.755  convex 2366.586  d_cc 1.147  d_pc 1.153  -> FAILS L,convex  target FAILS L,kappa,convex,d_cc,d_pc
      40             41          8.383e-02     -3.500e-03      9.769e-03      3.350e+00      2.588e+00      1.000e+01      0.000e+00      1.000e-03   
      41             42          8.729e-02     -3.460e-03      9.687e-03      3.078e+00      2.454e+00      1.000e+01      0.000e+00      1.000e-03   
      42             43          9.070e-02     -3.402e-03      9.625e-03      2.825e+00      2.325e+00      1.000e+01      0.000e+00      1.000e-03   
      43             44          9.404e-02     -3.346e-03      9.613e-03      2.588e+00      2.200e+00      1.000e+01      0.000e+00      1.000e-03   
      44             45          9.732e-02     -3.275e-03      9.616e-03      2.368e+00      2.080e+00      1.000e+01      0.000e+00      1.000e-03   
      45             46          1.005e-01     -3.193e-03      9.653e-03      2.162e+00      1.965e+00      1.000e+01      0.000e+00      1.000e-03   
      46             47          1.036e-01     -3.134e-03      9.761e-03      1.970e+00      1.854e+00      1.000e+01      0.000e+00      1.000e-03   
      47             48          1.067e-01     -3.053e-03      9.865e-03      1.792e+00      1.748e+00      1.000e+01      0.000e+00      1.000e-03   
      48             49          1.097e-01     -2.995e-03      1.004e-02      1.626e+00      1.646e+00      1.000e+01      0.000e+00      1.000e-03   
      49             50          1.126e-01     -2.916e-03      1.021e-02      1.473e+00      1.548e+00      1.000e+01      0.000e+00      1.000e-03   
  [it   50] bn 3.4558e-02  L 1.002  kappa 0.676  convex 2283.201  d_cc 1.178  d_pc 1.170  -> FAILS L,convex  target FAILS L,convex,d_cc,d_pc
  [mem] RSS 6.51 GB  peak 6.51 GB
      50             51          1.155e-01     -2.861e-03      1.045e-02      1.332e+00      1.454e+00      1.000e+01      0.000e+00      1.000e-03   
      51             52          1.183e-01     -2.808e-03      1.066e-02      1.201e+00      1.364e+00      1.000e+01      0.000e+00      1.000e-03   
      52             53          1.210e-01     -2.733e-03      1.086e-02      1.081e+00      1.278e+00      1.000e+01      0.000e+00      1.000e-03   
      53             54          1.237e-01     -2.680e-03      1.111e-02      9.711e-01      1.197e+00      1.000e+01      0.000e+00      1.000e-03   
      54             55          1.263e-01     -2.616e-03      1.133e-02      8.701e-01      1.118e+00      1.000e+01      0.000e+00      1.000e-03   
      55             56          1.289e-01     -2.549e-03      1.156e-02      7.778e-01      1.044e+00      1.000e+01      0.000e+00      1.000e-03   
      56             57          1.314e-01     -2.499e-03      1.183e-02      6.936e-01      9.732e-01      1.000e+01      0.000e+00      1.000e-03   
      57             58          1.338e-01     -2.483e-03      1.218e-02      6.170e-01      9.059e-01      1.000e+01      0.000e+00      1.000e-03   
      58             59          1.363e-01     -2.440e-03      1.262e-02      5.475e-01      8.420e-01      1.000e+01      0.000e+00      1.000e-03   
      59             60          1.387e-01     -2.393e-03      1.305e-02      4.846e-01      7.815e-01      1.000e+01      0.000e+00      1.000e-03   
  [it   60] bn 3.4708e-02  L 1.001  kappa 0.523  convex 2191.064  d_cc 1.206  d_pc 1.188  -> FAILS L,convex  target FAILS L,convex,d_cc,d_pc
      60             61          1.410e-01     -2.341e-03      1.354e-02      4.278e-01      7.242e-01      1.000e+01      0.000e+00      1.000e-03   
      61             62          1.433e-01     -2.278e-03      1.410e-02      3.766e-01      6.700e-01      1.000e+01      0.000e+00      1.000e-03   
      62             63          1.454e-01     -2.155e-03      1.474e-02      3.307e-01      6.189e-01      1.000e+01      0.000e+00      1.000e-03   
      63             64          1.475e-01     -2.086e-03      1.548e-02      2.896e-01      5.707e-01      1.000e+01      0.000e+00      1.000e-03   
      64             65          1.495e-01     -1.982e-03      1.626e-02      2.530e-01      5.254e-01      1.000e+01      0.000e+00      1.000e-03   
      65             66          1.514e-01     -1.854e-03      1.708e-02      2.205e-01      4.827e-01      1.000e+01      0.000e+00      1.000e-03   
      66             67          1.531e-01     -1.684e-03      1.805e-02      1.917e-01      4.428e-01      1.000e+01      0.000e+00      1.000e-03   
      67             68          1.546e-01     -1.538e-03      1.883e-02      1.662e-01      4.053e-01      1.000e+01      0.000e+00      1.000e-03   
      68             69          1.559e-01     -1.337e-03      1.962e-02      1.437e-01      3.703e-01      1.000e+01      0.000e+00      1.000e-03   
      69             70          1.570e-01     -1.116e-03      2.050e-02      1.238e-01      3.377e-01      1.000e+01      0.000e+00      1.000e-03   
  [it   70] bn 3.4869e-02  L 1.001  kappa 0.356  convex 2068.470  d_cc 1.229  d_pc 1.206  -> FAILS L,convex  target FAILS L,convex,d_cc,d_pc
      70             71          1.579e-01     -8.534e-04      2.148e-02      1.063e-01      3.074e-01      1.000e+01      0.000e+00      1.000e-03   
      71             72          1.585e-01     -5.930e-04      2.257e-02      9.108e-02      2.795e-01      1.000e+01      0.000e+00      1.000e-03   
      72             73          1.588e-01     -2.668e-04      2.367e-02      7.803e-02      2.537e-01      1.000e+01      0.000e+00      1.000e-03   
      73             74          1.588e-01     -1.756e-05      2.472e-02      6.664e-02      2.300e-01      1.000e+01      0.000e+00      1.000e-03   
second_order: compiling constraint Hessian for blocks CoilCurvature, CoilSignedCurvature, CoilSetDistancePenalty, PlasmaCoilSetDistancePenalty
  [mem] RSS 6.52 GB  peak 6.52 GB
  [mem] RSS 6.81 GB  peak 6.81 GB
  [mem] RSS 7.37 GB  peak 7.37 GB
  [mem] RSS 7.44 GB  peak 7.44 GB
      74             75          1.585e-01      2.518e-04      2.591e-02      5.689e-02      2.083e-01      1.000e+01      0.000e+00      1.000e-03   
      75             76          1.581e-01      4.289e-04      2.685e-02      4.851e-02      1.885e-01      1.000e+01      0.000e+00      1.000e-03   
      76             77          1.575e-01      5.930e-04      2.771e-02      4.129e-02      1.703e-01      1.000e+01      0.000e+00      1.000e-03   
second_order: compiling constraint Hessian for blocks CoilLength, CoilCurvature, CoilSignedCurvature, CoilSetDistancePenalty, PlasmaCoilSetDistancePenalty
  [mem] RSS 7.47 GB  peak 7.47 GB
  [mem] RSS 8.17 GB  peak 8.21 GB
  [mem] RSS 8.19 GB  peak 8.21 GB
      77             78          1.568e-01      7.212e-04      2.857e-02      3.546e-02      1.538e-01      1.000e+01      0.000e+00      1.000e-03   
      78             79          1.560e-01      8.172e-04      2.914e-02      3.106e-02      1.388e-01      1.000e+01      0.000e+00      1.000e-03   
      79             80          1.552e-01      7.913e-04      2.957e-02      2.773e-02      1.252e-01      1.000e+01      0.000e+00      1.000e-03   
  [it   80] bn 3.4973e-02  L 1.001  kappa 0.340  convex 1884.448  d_cc 1.243  d_pc 1.224  -> FAILS L,convex  target FAILS L,convex,d_cc,d_pc
      80             81          1.544e-01      7.839e-04      2.996e-02      2.481e-02      1.129e-01      1.000e+01      0.000e+00      1.000e-03   
      81             82          1.537e-01      7.057e-04      3.000e-02      2.112e-02      1.018e-01      1.000e+01      0.000e+00      1.000e-03   
      82             83          1.531e-01      5.442e-04      2.961e-02      1.894e-02      9.170e-02      1.000e+01      0.000e+00      1.000e-03   
      83             84          1.526e-01      5.249e-04      2.920e-02      1.707e-02      8.258e-02      1.000e+01      0.000e+00      1.000e-03   
      84             85          1.522e-01      4.257e-04      2.885e-02      4.652e-02      7.439e-02      1.000e+01      0.000e+00      1.000e-03   
      85             86          1.519e-01      2.820e-04      2.794e-02      1.415e-02      6.702e-02      1.000e+01      0.000e+00      1.000e-03   
      86             87          1.516e-01      2.771e-04      2.640e-02      1.306e-02      6.036e-02      1.000e+01      0.000e+00      1.000e-03   
  [mem] RSS 8.27 GB  peak 8.27 GB
      87             88          1.514e-01      2.057e-04      2.547e-02      3.581e-02      5.606e-02      1.000e+01      0.000e+00      1.000e-03   
      88             89          1.511e-01      2.751e-04      2.420e-02      1.125e-02      5.580e-02      1.000e+01      0.000e+00      1.000e-03   
      89             90          1.508e-01      3.483e-04      2.241e-02      3.004e-02      5.554e-02      1.000e+01      0.000e+00      1.000e-03   
  [it   90] bn 3.4861e-02  L 1.001  kappa 0.341  convex 1674.006  d_cc 1.247  d_pc 1.239  -> FAILS L,convex  target FAILS L,convex,d_cc,d_pc
      90             91          1.505e-01      2.845e-04      2.135e-02      9.927e-03      5.526e-02      1.000e+01      0.000e+00      1.000e-03   
      91             92          1.501e-01      4.425e-04      1.949e-02      2.503e-02      5.497e-02      1.000e+01      0.000e+00      1.000e-03   
second_order: compiling constraint Hessian for blocks CoilLength, CoilSignedCurvature, CoilSetDistancePenalty, PlasmaCoilSetDistancePenalty
  [mem] RSS 8.28 GB  peak 8.28 GB
  [mem] RSS 8.38 GB  peak 8.44 GB
  [mem] RSS 8.48 GB  peak 8.48 GB
      92             93          1.495e-01      5.415e-04      1.807e-02      8.970e-03      5.467e-02      1.000e+01      0.000e+00      1.000e-03   
      93             94          1.490e-01      5.626e-04      1.668e-02      2.157e-02      5.436e-02      1.000e+01      0.000e+00      1.000e-03   
      94             95          1.483e-01      6.755e-04      1.585e-02      8.277e-03      5.405e-02      1.000e+01      0.000e+00      1.000e-03   
      95             96          1.474e-01      8.573e-04      1.458e-02      1.661e-02      5.373e-02      1.000e+01      0.000e+00      1.000e-03   
      96             97          1.465e-01      9.118e-04      1.448e-02      7.750e-03      5.340e-02      1.000e+01      0.000e+00      1.000e-03   
      97             98          1.456e-01      9.553e-04      1.315e-02      1.341e-02      5.307e-02      1.000e+01      0.000e+00      1.000e-03   
      98             99          1.445e-01      1.035e-03      1.253e-02      7.324e-03      5.274e-02      1.000e+01      0.000e+00      1.000e-03   
      99             100         1.435e-01      1.052e-03      1.162e-02      1.097e-02      5.240e-02      1.000e+01      0.000e+00      1.000e-03   
  [it  100] bn 3.4765e-02  L 1.001  kappa 0.346  convex 1510.365  d_cc 1.250  d_pc 1.245  -> FAILS L,convex  target FAILS L,convex,d_cc,d_pc
      100            101         1.425e-01      1.024e-03      1.099e-02      1.359e-01      5.206e-02      1.382e+01      7.878e-02      1.359e-02   
      101            102         1.461e-01     -3.611e-03      1.671e-02      1.163e-01      5.203e-02      1.382e+01      7.878e-02      1.359e-02   
      102            103         1.559e-01     -9.785e-03      3.431e-02      7.176e-02      5.182e-02      1.382e+01      7.878e-02      1.359e-02   
      103            104         1.636e-01     -7.730e-03      2.377e-02      7.036e-02      5.145e-02      1.382e+01      7.878e-02      1.359e-02   
      104            105         1.685e-01     -4.926e-03      1.686e-02      6.895e-02      5.105e-02      1.382e+01      7.878e-02      1.359e-02   
      105            106         1.721e-01     -3.574e-03      1.458e-02      6.756e-02      5.064e-02      1.382e+01      7.878e-02      1.359e-02   
      106            107         1.750e-01     -2.907e-03      1.340e-02      6.619e-02      5.022e-02      1.382e+01      7.878e-02      1.359e-02   
      107            108         1.775e-01     -2.470e-03      1.257e-02      6.484e-02      4.980e-02      1.382e+01      7.878e-02      1.359e-02   
      108            109         1.797e-01     -2.241e-03      1.192e-02      6.350e-02      4.937e-02      1.382e+01      7.878e-02      1.359e-02   
      109            110         1.817e-01     -1.961e-03      1.123e-02      6.217e-02      4.894e-02      1.382e+01      7.878e-02      1.359e-02   
  [mem] RSS 8.54 GB  peak 8.54 GB
  [it  110] bn 3.4785e-02  L 1.000  kappa 0.343  convex 1346.520  d_cc 1.269  d_pc 1.252  -> FAILS L,convex  target FAILS L,convex
      110            111         1.835e-01     -1.836e-03      1.068e-02      6.096e-02      4.852e-02      1.382e+01      7.878e-02      1.359e-02   
      111            112         1.853e-01     -1.816e-03      1.012e-02      5.966e-02      4.818e-02      1.382e+01      7.878e-02      1.359e-02   
      112            113         1.870e-01     -1.655e-03      9.603e-03      5.838e-02      4.783e-02      1.382e+01      7.878e-02      1.359e-02   
      113            114         1.885e-01     -1.506e-03      9.298e-03      5.712e-02      4.748e-02      1.382e+01      7.878e-02      1.359e-02   
      114            115         1.899e-01     -1.443e-03      8.795e-03      5.589e-02      4.713e-02      1.382e+01      7.878e-02      1.359e-02   
      115            116         1.913e-01     -1.367e-03      8.429e-03      5.466e-02      4.677e-02      1.382e+01      7.878e-02      1.359e-02   
      116            117         1.926e-01     -1.320e-03      8.122e-03      5.345e-02      4.641e-02      1.382e+01      7.878e-02      1.359e-02   
      117            118         1.937e-01     -1.056e-03      6.469e-03      5.246e-02      4.611e-02      1.382e+01      7.878e-02      1.359e-02   
      118            119         1.942e-01     -5.577e-04      3.614e-03      5.190e-02      4.594e-02      1.382e+01      7.878e-02      1.359e-02   
      119            120         1.947e-01     -4.390e-04      2.624e-03      5.156e-02      4.583e-02      1.382e+01      7.878e-02      1.359e-02   
  [it  120] bn 3.4680e-02  L 1.000  kappa 0.344  convex 1225.286  d_cc 1.270  d_pc 1.255  -> FAILS L,convex  target FAILS L,convex
      120            121         1.950e-01     -3.828e-04      3.007e-03      5.121e-02      4.572e-02      1.382e+01      7.878e-02      1.359e-02   
Warning: Maximum number of iterations has been exceeded.
         Current function value: 1.950e-01
         Constraint violation: 4.572e-02
         Total delta_x: 6.246e-01
         Iterations: 120
         Function evaluations: 121
         Jacobian evaluations: 120
Timer: Solution time = 10.0 min
Timer: Avg time per step = 4.99 sec
==============================================================================================================
                                                                 Start  -->   End
Total (sum of squares):                                      1.735e-18  -->   1.950e-01, 
Fixed parameters error:                                      1.863e-09  -->   6.246e-01 (~)
Maximum Coil length:                                         3.602e+01  -->   3.601e+01 (m)
Minimum Coil length:                                         3.588e+01  -->   3.562e+01 (m)
Average Coil length:                                         3.598e+01  -->   3.585e+01 (m)
Maximum Coil length:                                         6.287e+00  -->   6.285e+00 (normalized)
Minimum Coil length:                                         6.264e+00  -->   6.218e+00 (normalized)
Average Coil length:                                         6.280e+00  -->   6.258e+00 (normalized)
Maximum Coil curvature:                                      9.460e-01  -->   5.159e-01 (m^-1)
Minimum Coil curvature:                                      1.035e-03  -->   5.415e-05 (m^-1)
Average Coil curvature:                                      2.222e-01  -->   1.737e-01 (m^-1)
Maximum Coil curvature:                                      5.419e+00  -->   2.956e+00 (normalized)
Minimum Coil curvature:                                      5.930e-03  -->   3.102e-04 (normalized)
Average Coil curvature:                                      1.273e+00  -->   9.948e-01 (normalized)
Maximum Signed in-plane curvature:                           7.424e-01  -->   5.159e-01 (m^-1)
Minimum Signed in-plane curvature:                          -9.460e-01  -->  -3.824e-01 (m^-1)
Average Signed in-plane curvature:                           1.394e-01  -->   1.472e-01 (m^-1)
Maximum Signed in-plane curvature:                           4.253e+00  -->   2.956e+00 (normalized)
Minimum Signed in-plane curvature:                          -5.419e+00  -->  -2.190e+00 (normalized)
Average Signed in-plane curvature:                           7.983e-01  -->   8.432e-01 (normalized)
  [mem] RSS 8.54 GB  peak 8.54 GB
Maximum Coil-coil distance penalty:                          2.517e+00  -->   5.110e-03 (dimensionless)
Minimum Coil-coil distance penalty:                          0.000e+00  -->   0.000e+00 (dimensionless)
Average Coil-coil distance penalty:                          8.738e-02  -->   1.773e-04 (dimensionless)
Maximum Plasma-coil distance penalty:                        1.331e+01  -->   1.297e-02 (dimensionless)
Minimum Plasma-coil distance penalty:                        0.000e+00  -->   0.000e+00 (dimensionless)
Average Plasma-coil distance penalty:                        3.276e+00  -->   2.029e-03 (dimensionless)
Fixed coil current error:                                    0.000e+00  -->   1.863e-09 (A)
==============================================================================================================


SOLVER {'wall_s': 628.4180123806, 'message': 'Maximum number of iterations has been exceeded.', 'nit': 120, 'n_outer': 1, 'constr_violation': 0.04572332742424459, 'y_absmax_final': 0.07877716062566745}
START  bn 3.3864e-02  L 1.001  kappa 0.631  convex 2554.062  d_cc 1.036  d_pc 1.099  -> FAILS L,convex
RESULT bn 3.4680e-02  L 1.000  kappa 0.344  convex 1225.286  d_cc 1.270  d_pc 1.255  linked 0  -> FAILS L,convex  active ['L']  target FAILS L,convex
wrote work/helios/arc16/cut0_0_120_30/repair/result.h5, result.json, result.png
