Running as unit: run-p811879-i813238.scope; invocation ID: 293f7b8a04424217a117b4eeee55166f
E0921 13:08:08.700499  811966 cuda_executor.cc:1743] Could not get kernel mode driver version: ( INVALID_ARGUMENT: Version does not match the format X.Y.Z )
E0921 13:08:08.714797  811879 cuda_executor.cc:1743] Could not get kernel mode driver version: ( INVALID_ARGUMENT: Version does not match the format X.Y.Z )
DEVICE requested=gpu obtained=gpu (1x NVIDIA GeForce RTX 5070 Laptop GPU)
  [mem] RSS 0.83 GB  peak 0.83 GB
/home/singh/Documents/DESC2/coil_sandbox/vendor/desc/utils.py:590: UserWarning: Unequal number of field periods for grid 1 and basis 2.
  warnings.warn(msg, err)
/home/singh/Documents/DESC2/coil_sandbox/vendor/desc/utils.py:590: UserWarning: Unequal number of field periods for grid 1 and basis 2.
  warnings.warn(msg, err)
eq sample_equilibria/helios_repro.h5 (h5) NFP 2 sym True; start work/helios/arc16/M10_start.h5: 4 unique coils, arc=True, expect 16 coils; source grid gl (48 nodes/coil), length grid gl (48), constraint grid 301, curvature grid 301; mode stage2; plasma field included (virtual casing)
SETTINGS {'eq': 'sample_equilibria/helios_repro.h5', 'start': 'work/helios/arc16/M10_start.h5', 'out': 'work/helios/arc16/M10_L36', 'mode': 'stage2', 'length_mult': 1.0, 'margin': 0.0, 'fix_hinges': False, 'anchor_weight': 0.001, 'margin_skip': '', 'a': None, 'bounds': 'bounds/helios_L36_ladder.json', 'device': None, 'vacuum': False, 'maxiter': 400, 'check_every': 25, 'ckpt_every': 50, 'diag_log': 'diag.jsonl', 'dcc_backoff': 0.025, 'dpc_backoff': 0.02, 'no_arc_backoffs': False, 'convex_form': 'signed', 'convex_kmin': 0.0, 'convex_backoff': 0.5, 'planarity': 'auto', 'planarity_tol': 0.0, 'speed_floor': 0.0, 'arclength_weight': 0.0, 'torsion_weight': 0.0, 'coil_grid_n': 150, 'kappa_grid_n': None, 'eval_m': 25, 'eval_n': 25, 'plasma_m': 64, 'plasma_n': 64, 'src_gl': 24, 'src_n': 400, 'vc_m': None, 'vc_n': None, 'vc_chunk': 64, 'dcc_k': 20000, 'dpc_k': 20000, 'no_signed': False, 'dcc_neighbors': None, 'dcc_chunk': 4, 'dpc_chunk': 1, 'qf_chunk': 25, 'coil_jac_chunk': None, 'no_second_order': False, 'so_chunk': 16, 'so_rtol': 0.05, 'max_tr': 0.5, 'max_inner_iter': 100, 'ctol': 0.0001}
BOUNDS (judged, absolute, a=1.77186) L 36  Ltot -  kappa 1.5  kms -  convex 0.001  planar -  dcc 1.2  dpc 1.2
ENFORCED L 36  Ltot -  kappa 1.492  kms -  convex 0.0005  planar -  dcc 1.245  dpc 1.224  (convexity: signed, kappa_s >= 0.0)
  [mem] RSS 2.90 GB  peak 2.90 GB
START  bn 7.7549e-03  L 1.000  kappa 0.452  convex 0.144  d_cc 1.036  d_pc 1.073  linked 0  coils 16  -> FAILS L
Building objective: Quadratic flux
Precomputing transforms
/home/singh/Documents/DESC2/coil_sandbox/vendor/desc/utils.py:590: UserWarning: Could not build fft interpolator, switching to dft which is slow.
Reason: Got False for eval_grid.can_fft2.
  warnings.warn(msg, err)
  [mem] RSS 7.41 GB  peak 7.41 GB
  [mem] RSS 7.59 GB  peak 7.59 GB
  [mem] RSS 7.72 GB  peak 7.72 GB
Timer: Precomputing transforms = 1.52 min
Timer: Objective build = 1.54 min
Building objective: summed coil current
Building objective: fixed shift
Building objective: fixed rotation
Building objective: fixed arc reference
Timer: Objective build = 640 ms
Timer: Objective build = 3.36 ms
Timer: LinearConstraintProjection build = 2.66 sec
Timer: LinearConstraintProjection build = 140 ms
Number of parameters: 115
Number of objectives: 1326
Number of equality constraints: 0
Number of inequality constraints: 2474
Timer: Initializing the optimization = 1.61 min

Starting optimization
Using method: lsq-auglag
  [mem] RSS 4.91 GB  peak 7.73 GB
  [mem] RSS 5.39 GB  peak 7.73 GB
second_order: compiling constraint Hessian for blocks CoilLength, CoilSignedCurvature, CoilSetDistancePenalty
  [mem] RSS 5.90 GB  peak 7.73 GB
E0921 13:12:05.005466  811977 cuda_timer.cc:87] Delay kernel timed out: measured time has sub-optimal accuracy. There may be a missing warmup execution, please investigate in Nsight Systems.
  [mem] RSS 7.04 GB  peak 7.73 GB
  [mem] RSS 7.05 GB  peak 7.73 GB
Solver options:
------------------------------------------------------------
Maximum Function Evaluations       : 2001
Maximum Allowed Total Δx Norm      : inf
Scaled Termination                 : True
Trust Region Method                : svd
Initial Trust Radius               : 9.056e-01
Maximum Trust Radius               : 5.000e-01
Minimum Trust Radius               : 2.220e-16
Trust Radius Increase Ratio        : 4.000e+00
Trust Radius Decrease Ratio        : 2.500e-01
Trust Radius Increase Threshold    : 7.500e-01
Trust Radius Decrease Threshold    : 5.000e-01
Alpha Omega                        : 1.000e+00
Beta Omega                         : 1.000e+00
Alpha Eta                          : 1.000e-01
Beta Eta                           : 9.000e-01
Omega                              : 8.022e-04
Eta                                : 1.000e-02
Tau                                : 1.000e+01
------------------------------------------------------------ 

   Iteration     Total nfev        Cost      Cost reduction    Step norm     Optimality    Constr viol.   Penalty param  max(|mltplr|)      gtolk     
       0              1          4.564e-03                                    8.022e-04      5.275e-05      1.000e+01      0.000e+00      8.022e-05   
second_order: compiling constraint Hessian for blocks CoilLength, CoilCurvature, CoilSignedCurvature, CoilSetDistancePenalty
  [mem] RSS 7.22 GB  peak 7.73 GB
  [mem] RSS 8.09 GB  peak 8.09 GB
  [mem] RSS 8.12 GB  peak 8.12 GB
       1              2          4.562e-03      1.959e-06      2.452e-03      1.424e-03      1.101e-04      1.000e+01      0.000e+00      8.022e-05   
       2              3          4.562e-03      2.033e-07      6.458e-04      3.239e-03      1.080e-04      1.000e+01      0.000e+00      8.022e-05   
  [mem] RSS 8.18 GB  peak 8.18 GB
       3              4          4.561e-03      7.221e-07      1.170e-03      7.579e-04      1.115e-04      1.000e+01      0.000e+00      8.022e-05   
       4              5          4.524e-03      3.695e-05      5.887e-02      9.386e-04      3.857e-04      1.000e+01      0.000e+00      8.022e-05   
       5              6          4.492e-03      3.206e-05      4.894e-02      6.534e-04      4.036e-04      1.000e+01      0.000e+00      8.022e-05   
       6              7          4.472e-03      1.970e-05      3.400e-02      5.876e-04      4.062e-04      1.000e+01      0.000e+00      8.022e-05   
       7              8          4.397e-03      7.532e-05      1.378e-01      1.970e-03      5.812e-04      1.000e+01      0.000e+00      8.022e-05   
       8              9          4.342e-03      5.518e-05      1.323e-01      1.243e-03      4.396e-04      1.000e+01      0.000e+00      8.022e-05   
       9             10          4.280e-03      6.136e-05      1.352e-01      1.692e-03      4.960e-04      1.000e+01      0.000e+00      8.022e-05   
      10             11          4.228e-03      5.238e-05      1.636e-01      1.630e-03      4.411e-04      1.000e+01      0.000e+00      8.022e-05   
      11             12          4.208e-03      2.021e-05      5.190e-02      1.219e-03      3.803e-04      1.000e+01      0.000e+00      8.022e-05   
      12             13          4.208e-03      1.115e-07      1.017e-03      2.767e-03      4.428e-04      1.000e+01      0.000e+00      8.022e-05   
      13             14          4.208e-03      5.566e-08      2.164e-04      3.212e-04      4.516e-04      1.000e+01      0.000e+00      8.022e-05   
  [mem] RSS 8.18 GB  peak 8.18 GB
      14             15          4.155e-03      5.228e-05      1.783e-01      2.252e-03      6.702e-04      1.000e+01      0.000e+00      8.022e-05   
      15             16          4.155e-03      1.268e-07      1.615e-03      6.390e-03      4.452e-04      1.000e+01      0.000e+00      8.022e-05   
      16             17          4.155e-03      7.751e-08      3.409e-04      1.047e-03      4.500e-04      1.000e+01      0.000e+00      8.022e-05   
      17             18          4.154e-03      1.376e-06      4.860e-03      1.017e-03      4.515e-04      1.000e+01      0.000e+00      8.022e-05   
      18             19          4.154e-03      1.237e-07      7.098e-04      1.199e-02      4.936e-04      1.000e+01      0.000e+00      8.022e-05   
      19             20          4.154e-03      1.924e-08      2.315e-04      4.873e-04      4.912e-04      1.000e+01      0.000e+00      8.022e-05   
      20             21          4.154e-03      4.427e-08      6.356e-04      1.335e-02      4.956e-04      1.000e+01      0.000e+00      8.022e-05   
      21             22          4.154e-03     -1.217e-09      1.949e-04      1.592e-04      4.951e-04      1.000e+01      0.000e+00      8.022e-05   
      22             23          4.153e-03      9.150e-07      3.645e-03      1.567e-04      4.953e-04      1.000e+01      0.000e+00      8.022e-05   
      23             24          4.105e-03      4.769e-05      1.977e-01      2.492e-03      4.427e-04      1.000e+01      0.000e+00      8.022e-05   
      24             25          4.098e-03      7.394e-06      3.583e-02      2.371e-03      3.750e-04      1.000e+01      0.000e+00      8.022e-05   
  [mem] RSS 8.18 GB  peak 8.18 GB
  [it   25] bn 7.3754e-03  L 1.000  kappa 0.594  convex 0.179  d_cc 1.030  d_pc 1.043  -> FAILS L
      25             26          4.098e-03      1.062e-07      1.964e-03      1.232e-02      4.476e-04      1.000e+01      0.000e+00      8.022e-05   
      26             27          4.098e-03      6.398e-08      3.531e-04      8.585e-04      4.517e-04      1.000e+01      0.000e+00      8.022e-05   
      27             28          4.097e-03      1.224e-07      1.076e-03      1.643e-02      4.995e-04      1.000e+01      0.000e+00      8.022e-05   
      28             29          4.097e-03      1.813e-08      2.709e-04      5.108e-04      4.977e-04      1.000e+01      0.000e+00      8.022e-05   
      29             30          4.096e-03      1.185e-06      5.177e-03      4.976e-04      4.975e-04      1.000e+01      0.000e+00      8.022e-05   
      30             31          4.096e-03     -1.341e-08      6.658e-04      1.109e-02      4.938e-04      1.000e+01      0.000e+00      8.022e-05   
      31             32          4.096e-03      6.741e-07      2.788e-03      2.024e-03      4.939e-04      1.000e+01      0.000e+00      8.022e-05   
      32             33          4.095e-03      9.457e-07      3.677e-03      3.834e-04      4.939e-04      1.000e+01      0.000e+00      8.022e-05   
      33             34          4.088e-03      6.452e-06      2.461e-02      3.401e-04      4.922e-04      1.000e+01      0.000e+00      8.022e-05   
      34             35          4.052e-03      3.651e-05      1.398e-01      1.437e-03      4.178e-04      1.000e+01      0.000e+00      8.022e-05   
  [mem] RSS 8.19 GB  peak 8.19 GB
      35             36          4.024e-03      2.714e-05      9.671e-02      2.763e-03      4.355e-04      1.000e+01      0.000e+00      8.022e-05   
      36             37          4.016e-03      8.258e-06      8.116e-02      2.021e-03      4.377e-04      1.000e+01      0.000e+00      8.022e-05   
      37             38          4.016e-03     -4.982e-08      1.423e-03      1.090e-02      4.688e-04      1.000e+01      0.000e+00      8.022e-05   
      38             39          4.016e-03      1.941e-08      2.579e-04      8.658e-04      4.684e-04      1.000e+01      0.000e+00      8.022e-05   
      39             40          4.016e-03      1.478e-09      8.150e-04      8.405e-03      4.853e-04      1.000e+01      0.000e+00      8.022e-05   
      40             41          4.016e-03      1.680e-07      6.883e-04      2.581e-03      4.853e-04      1.000e+01      0.000e+00      8.022e-05   
      41             42          4.016e-03      4.541e-07      1.870e-03      3.847e-04      4.853e-04      1.000e+01      0.000e+00      8.022e-05   
      42             43          4.013e-03      3.099e-06      1.274e-02      3.593e-04      4.843e-04      1.000e+01      0.000e+00      8.022e-05   
      43             44          4.011e-03      1.381e-06      5.661e-03      3.481e-04      4.840e-04      1.000e+01      0.000e+00      8.022e-05   
      44             45          4.010e-03      1.284e-06      5.278e-03      3.380e-04      4.837e-04      1.000e+01      0.000e+00      8.022e-05   
      45             46          4.009e-03      1.089e-06      4.484e-03      3.296e-04      4.836e-04      1.000e+01      0.000e+00      8.022e-05   
  [mem] RSS 8.19 GB  peak 8.19 GB
      46             47          4.008e-03      1.032e-06      4.252e-03      3.219e-04      4.834e-04      1.000e+01      0.000e+00      8.022e-05   
      47             48          3.968e-03      3.950e-05      1.658e-01      2.213e-03      5.835e-04      1.000e+01      0.000e+00      8.022e-05   
      48             49          3.961e-03      7.347e-06      2.829e-02      1.757e-03      4.464e-04      1.000e+01      0.000e+00      8.022e-05   
      49             50          3.961e-03      2.618e-08      1.138e-03      4.546e-03      4.479e-04      1.000e+01      0.000e+00      8.022e-05   
  [it   50] bn 7.2466e-03  L 1.000  kappa 0.666  convex 0.241  d_cc 1.029  d_pc 1.048  -> FAILS L
      50             51          3.961e-03      4.405e-08      2.309e-04      6.831e-04      4.492e-04      1.000e+01      0.000e+00      8.022e-05   
      51             52          3.959e-03      2.122e-06      1.038e-02      6.423e-04      4.505e-04      1.000e+01      0.000e+00      8.022e-05   
      52             53          3.944e-03      1.454e-05      7.111e-02      5.331e-04      4.376e-04      1.000e+01      0.000e+00      8.022e-05   
      53             54          3.918e-03      2.593e-05      1.094e-01      7.990e-04      4.241e-04      1.000e+01      0.000e+00      8.022e-05   
      54             55          3.913e-03      5.385e-06      2.193e-02      6.971e-04      4.309e-04      1.000e+01      0.000e+00      8.022e-05   
      55             56          3.894e-03      1.858e-05      8.001e-02      6.776e-04      4.360e-04      1.000e+01      0.000e+00      8.022e-05   
  [mem] RSS 8.19 GB  peak 8.19 GB
      56             57          3.894e-03      6.479e-09      5.214e-04      1.864e-03      4.543e-04      1.000e+01      0.000e+00      8.022e-05   
      57             58          3.894e-03      2.673e-08      1.315e-04      2.310e-04      4.560e-04      1.000e+01      0.000e+00      8.022e-05   
      58             59          3.894e-03      3.098e-07      1.721e-03      2.290e-04      4.561e-04      1.000e+01      0.000e+00      8.022e-05   
      59             60          3.894e-03      3.279e-08      2.340e-04      3.565e-03      4.637e-04      1.000e+01      0.000e+00      8.022e-05   
      60             61          3.894e-03      8.373e-08      4.862e-04      3.122e-03      4.637e-04      1.000e+01      0.000e+00      8.022e-05   
      61             62          3.893e-03      4.421e-07      2.591e-03      4.135e-04      4.638e-04      1.000e+01      0.000e+00      8.022e-05   
      62             63          3.893e-03      7.656e-09      2.279e-04      1.747e-03      4.667e-04      1.000e+01      0.000e+00      8.022e-05   
      63             64          3.893e-03      1.453e-07      8.659e-04      1.738e-03      4.667e-04      1.000e+01      0.000e+00      8.022e-05   
      64             65          3.893e-03      6.853e-08      4.084e-04      1.748e-04      4.667e-04      1.000e+01      0.000e+00      8.022e-05   
      65             66          3.893e-03      1.485e-07      8.599e-04      1.741e-04      4.667e-04      1.000e+01      0.000e+00      8.022e-05   
      66             67          3.893e-03      1.472e-07      8.524e-04      1.734e-04      4.667e-04      1.000e+01      0.000e+00      8.022e-05   
      67             68          3.893e-03      1.462e-07      8.462e-04      1.726e-04      4.668e-04      1.000e+01      0.000e+00      8.022e-05   
      68             69          3.893e-03      1.451e-07      8.408e-04      1.719e-04      4.668e-04      1.000e+01      0.000e+00      8.022e-05   
  [mem] RSS 8.20 GB  peak 8.20 GB
      69             70          3.892e-03      1.445e-07      8.381e-04      1.712e-04      4.668e-04      1.000e+01      0.000e+00      8.022e-05   
      70             71          3.892e-03      1.434e-07      8.314e-04      1.705e-04      4.668e-04      1.000e+01      0.000e+00      8.022e-05   
      71             72          3.892e-03      1.423e-07      8.252e-04      1.698e-04      4.668e-04      1.000e+01      0.000e+00      8.022e-05   
      72             73          3.892e-03      1.415e-07      8.220e-04      1.691e-04      4.669e-04      1.000e+01      0.000e+00      8.022e-05   
      73             74          3.892e-03      1.405e-07      8.156e-04      1.684e-04      4.669e-04      1.000e+01      0.000e+00      8.022e-05   
      74             75          3.892e-03      1.396e-07      8.119e-04      1.678e-04      4.669e-04      1.000e+01      0.000e+00      8.022e-05   
  [it   75] bn 7.1428e-03  L 1.000  kappa 0.732  convex 0.569  d_cc 1.030  d_pc 1.039  -> FAILS L
      75             76          3.860e-03      3.208e-05      1.906e-01      2.620e-03      7.219e-04      1.000e+01      0.000e+00      8.022e-05   
      76             78          3.857e-03      2.173e-06      9.826e-03      8.660e-04      4.731e-04      1.000e+01      4.731e-03      8.660e-05   
      77             79          3.853e-03      3.973e-06      3.573e-02      3.063e-04      3.336e-04      1.000e+01      4.731e-03      8.660e-05   
      78             80          3.835e-03      1.817e-05      1.170e-01      8.463e-04      2.330e-04      1.000e+01      4.731e-03      8.660e-05   
  [mem] RSS 8.20 GB  peak 8.20 GB
      79             81          3.832e-03      3.151e-06      1.870e-02      8.126e-04      2.338e-04      1.000e+01      4.731e-03      8.660e-05   
      80             82          3.824e-03      8.166e-06      4.632e-02      6.599e-04      2.320e-04      1.000e+01      4.731e-03      8.660e-05   
      81             83          3.822e-03      1.683e-06      1.015e-02      6.214e-04      2.320e-04      1.000e+01      4.731e-03      8.660e-05   
second_order: compiling constraint Hessian for blocks CoilLength, CoilCurvature, CoilSignedCurvature, CoilSetDistancePenalty, PlasmaCoilSetDistancePenalty
  [mem] RSS 8.30 GB  peak 8.30 GB
E0921 13:19:08.254432  811994 cuda_timer.cc:87] Delay kernel timed out: measured time has sub-optimal accuracy. There may be a missing warmup execution, please investigate in Nsight Systems.
  [mem] RSS 9.33 GB  peak 9.37 GB
  [mem] RSS 9.35 GB  peak 9.37 GB
  [mem] RSS 9.43 GB  peak 9.43 GB
      82             84          3.801e-03      2.107e-05      1.305e-01      1.037e-03      2.585e-04      1.000e+01      4.731e-03      8.660e-05   
      83             85          3.801e-03     -5.379e-08      7.413e-04      2.982e-03      2.161e-04      1.000e+01      4.731e-03      8.660e-05   
      84             86          3.801e-03      2.200e-08      1.465e-04      2.545e-04      2.166e-04      1.000e+01      4.731e-03      8.660e-05   
      85             87          3.793e-03      8.304e-06      6.484e-02      5.185e-04      2.146e-04      1.000e+01      4.731e-03      8.660e-05   
      86             88          3.780e-03      1.263e-05      1.056e-01      6.228e-04      2.007e-04      1.000e+01      4.731e-03      8.660e-05   
      87             89          3.770e-03      9.908e-06      7.717e-02      5.539e-04      2.121e-04      1.000e+01      4.731e-03      8.660e-05   
      88             90          3.759e-03      1.115e-05      9.804e-02      5.939e-04      2.376e-04      1.000e+01      4.731e-03      8.660e-05   
      89             91          3.753e-03      6.750e-06      6.186e-02      5.049e-04      2.468e-04      1.000e+01      4.731e-03      8.660e-05   
      90             92          3.748e-03      4.743e-06      4.613e-02      4.411e-04      2.504e-04      1.000e+01      4.731e-03      8.660e-05   
      91             93          3.737e-03      1.052e-05      1.069e-01      5.710e-04      2.556e-04      1.000e+01      4.731e-03      8.660e-05   
  [mem] RSS 9.43 GB  peak 9.43 GB
      92             94          3.730e-03      6.901e-06      7.384e-02      4.825e-04      2.525e-04      1.000e+01      4.731e-03      8.660e-05   
      93             95          3.725e-03      5.440e-06      6.370e-02      4.152e-04      2.495e-04      1.000e+01      4.731e-03      8.660e-05   
      94             96          3.720e-03      5.270e-06      6.443e-02      3.892e-04      2.466e-04      1.000e+01      4.731e-03      8.660e-05   
      95             97          3.714e-03      5.639e-06      7.273e-02      3.981e-04      2.444e-04      1.000e+01      4.731e-03      8.660e-05   
second_order: compiling constraint Hessian for blocks CoilLength, CoilSignedCurvature, CoilSetDistancePenalty, PlasmaCoilSetDistancePenalty
  [mem] RSS 9.44 GB  peak 9.44 GB
  [mem] RSS 9.53 GB  peak 9.59 GB
  [mem] RSS 9.61 GB  peak 9.61 GB
      96             98          3.710e-03      4.010e-06      5.421e-02      3.738e-04      2.440e-04      1.000e+01      4.731e-03      8.660e-05   
      97             99          3.705e-03      5.076e-06      7.206e-02      4.139e-04      2.489e-04      1.000e+01      4.731e-03      8.660e-05   
      98             100         3.702e-03      3.369e-06      5.005e-02      3.693e-04      2.510e-04      1.000e+01      4.731e-03      8.660e-05   
      99             101         3.699e-03      2.974e-06      4.584e-02      3.478e-04      2.529e-04      1.000e+01      4.731e-03      8.660e-05   
second_order: compiling constraint Hessian for blocks CoilSignedCurvature, CoilSetDistancePenalty, PlasmaCoilSetDistancePenalty
  [mem] RSS 9.69 GB  peak 9.69 GB
  [mem] RSS 9.77 GB  peak 9.77 GB
  [mem] RSS 9.79 GB  peak 9.79 GB
  [it  100] bn 6.9453e-03  L 1.000  kappa 0.885  convex 1.161  d_cc 1.033  d_pc 1.008  -> FAILS L,convex
      100            102         3.699e-03     -3.519e-08      3.242e-04      1.843e-03      2.533e-04      1.000e+01      4.731e-03      8.660e-05   
      101            103         3.699e-03      4.379e-08      7.506e-04      1.465e-04      2.533e-04      1.000e+01      4.731e-03      8.660e-05   
      102            104         3.691e-03      8.050e-06      1.469e-01      9.737e-04      3.087e-04      1.000e+01      4.731e-03      8.660e-05   
      103            105         3.691e-03     -1.164e-07      7.902e-04      4.310e-03      2.562e-04      1.000e+01      4.731e-03      8.660e-05   
  [mem] RSS 9.86 GB  peak 9.86 GB
      104            106         3.691e-03      9.799e-09      1.184e-04      2.550e-04      2.561e-04      1.000e+01      4.731e-03      8.660e-05   
      105            107         3.690e-03      1.116e-06      1.918e-02      2.300e-04      2.580e-04      1.000e+01      4.731e-03      8.660e-05   
      106            108         3.686e-03      3.517e-06      6.155e-02      2.214e-04      2.653e-04      1.000e+01      4.731e-03      8.660e-05   
      107            109         3.682e-03      4.227e-06      7.422e-02      3.395e-04      2.739e-04      1.000e+01      4.731e-03      8.660e-05   
      108            110         3.681e-03      1.089e-06      1.946e-02      3.167e-04      2.759e-04      1.000e+01      4.731e-03      8.660e-05   
      109            111         3.681e-03     -3.144e-08      2.734e-04      2.144e-03      2.762e-04      1.000e+01      4.731e-03      8.660e-05   
      110            112         3.681e-03      2.140e-08      4.305e-04      2.140e-03      2.762e-04      1.000e+01      4.731e-03      8.660e-05   
      111            113         3.681e-03      4.702e-09      5.349e-05      1.192e-04      2.762e-04      1.000e+01      4.731e-03      8.660e-05   
      112            114         3.681e-03      1.608e-07      3.349e-03      1.175e-04      2.764e-04      1.000e+01      4.731e-03      8.660e-05   
      113            115         3.678e-03      2.430e-06      5.090e-02      1.585e-04      2.796e-04      1.000e+01      4.731e-03      8.660e-05   
  [mem] RSS 9.86 GB  peak 9.86 GB
      114            116         3.678e-03     -3.953e-09      1.535e-04      2.570e-03      2.797e-04      1.000e+01      4.731e-03      8.660e-05   
      115            117         3.678e-03      1.359e-08      2.683e-04      9.670e-05      2.797e-04      1.000e+01      4.731e-03      8.660e-05   
      116            118         3.678e-03      1.197e-07      2.464e-03      9.566e-05      2.798e-04      1.000e+01      4.731e-03      8.660e-05   
      117            119         3.677e-03      1.172e-06      2.419e-02      9.461e-05      2.815e-04      1.000e+01      4.731e-03      8.660e-05   
      118            120         3.670e-03      6.688e-06      1.396e-01      7.416e-04      2.920e-04      1.000e+01      4.731e-03      8.660e-05   
      119            121         3.670e-03      5.543e-07      9.126e-03      6.936e-04      2.941e-04      1.000e+01      4.731e-03      8.660e-05   
      120            122         3.668e-03      1.220e-06      2.074e-02      6.053e-04      2.984e-04      1.000e+01      4.731e-03      8.660e-05   
      121            123         3.668e-03     -6.253e-08      5.025e-04      3.490e-03      2.988e-04      1.000e+01      4.731e-03      8.660e-05   
      122            124         3.668e-03      5.006e-09      8.179e-05      2.282e-04      2.987e-04      1.000e+01      4.731e-03      8.660e-05   
      123            125         3.664e-03      4.078e-06      9.574e-02      4.334e-04      3.059e-04      1.000e+01      4.731e-03      8.660e-05   
  [mem] RSS 9.86 GB  peak 9.86 GB
      124            126         3.664e-03     -4.480e-08      3.519e-04      2.152e-03      3.062e-04      1.000e+01      4.731e-03      8.660e-05   
  [it  125] bn 6.9068e-03  L 1.000  kappa 0.900  convex 1.538  d_cc 1.033  d_pc 1.008  -> FAILS L,convex
      125            127         3.664e-03      8.263e-09      6.288e-05      1.313e-04      3.061e-04      1.000e+01      4.731e-03      8.660e-05   
      126            128         3.660e-03      4.825e-06      1.107e-01      4.967e-04      3.161e-04      1.000e+01      4.731e-03      8.660e-05   
      127            129         3.659e-03      6.445e-07      1.211e-02      4.626e-04      3.185e-04      1.000e+01      4.731e-03      8.660e-05   
      128            130         3.659e-03     -4.594e-08      3.828e-04      2.754e-03      3.187e-04      1.000e+01      4.731e-03      8.660e-05   
      129            131         3.659e-03      5.693e-09      6.726e-05      1.737e-04      3.186e-04      1.000e+01      4.731e-03      8.660e-05   
      130            132         3.654e-03      5.292e-06      1.280e-01      7.036e-04      3.299e-04      1.000e+01      4.731e-03      8.660e-05   
      131            133         3.654e-03     -7.565e-08      5.315e-04      2.275e-03      3.303e-04      1.000e+01      4.731e-03      8.660e-05   
  [mem] RSS 9.87 GB  peak 9.87 GB
      132            134         3.654e-03      9.120e-09      7.668e-05      1.538e-04      3.302e-04      1.000e+01      4.731e-03      8.660e-05   
      133            135         3.650e-03      3.248e-06      7.708e-02      2.644e-04      3.378e-04      1.000e+01      4.731e-03      8.660e-05   
      134            136         3.648e-03      2.129e-06      5.031e-02      2.812e-04      3.310e-04      1.000e+01      4.731e-03      8.660e-05   
      135            137         3.647e-03      1.254e-06      3.069e-02      2.698e-04      3.279e-04      1.000e+01      4.731e-03      8.660e-05   
      136            138         3.645e-03      1.933e-06      4.816e-02      2.886e-04      3.238e-04      1.000e+01      4.731e-03      8.660e-05   
      137            139         3.643e-03      1.893e-06      4.732e-02      2.979e-04      3.206e-04      1.000e+01      4.731e-03      8.660e-05   
      138            140         3.641e-03      1.773e-06      4.479e-02      3.022e-04      3.181e-04      1.000e+01      4.731e-03      8.660e-05   
      139            141         3.637e-03      4.013e-06      1.044e-01      5.414e-04      3.130e-04      1.000e+01      4.731e-03      8.660e-05   
      140            142         3.636e-03      1.408e-06      3.309e-02      4.591e-04      3.120e-04      1.000e+01      4.731e-03      8.660e-05   
  [mem] RSS 9.89 GB  peak 9.89 GB
      141            143         3.634e-03      2.035e-06      5.225e-02      4.135e-04      3.105e-04      1.000e+01      4.731e-03      8.660e-05   
      142            144         3.632e-03      1.775e-06      4.967e-02      3.921e-04      3.095e-04      1.000e+01      4.731e-03      8.660e-05   
      143            145         3.630e-03      1.944e-06      5.557e-02      3.889e-04      3.086e-04      1.000e+01      4.731e-03      8.660e-05   
      144            146         3.628e-03      2.632e-06      7.640e-02      4.445e-04      3.075e-04      1.000e+01      4.731e-03      8.660e-05   
      145            147         3.628e-03     -4.887e-08      3.507e-04      1.442e-03      3.079e-04      1.000e+01      4.731e-03      8.660e-05   
      146            148         3.628e-03      1.668e-08      4.897e-04      9.748e-05      3.079e-04      1.000e+01      4.731e-03      8.660e-05   
      147            149         3.626e-03      2.021e-06      6.890e-02      2.554e-04      3.068e-04      1.000e+01      4.731e-03      8.660e-05   
      148            150         3.625e-03      1.899e-07      5.917e-03      2.482e-04      3.067e-04      1.000e+01      4.731e-03      8.660e-05   
      149            151         3.624e-03      1.502e-06      4.855e-02      2.707e-04      3.058e-04      1.000e+01      4.731e-03      8.660e-05   
  [mem] RSS 9.90 GB  peak 9.90 GB
  [it  150] bn 6.8712e-03  L 1.000  kappa 0.899  convex 1.747  d_cc 1.034  d_pc 1.007  -> FAILS L,convex
      150            152         3.622e-03      1.481e-06      4.733e-02      2.842e-04      3.052e-04      1.000e+01      4.731e-03      8.660e-05   
      151            153         3.621e-03      1.510e-06      4.887e-02      2.979e-04      3.046e-04      1.000e+01      4.731e-03      8.660e-05   
      152            154         3.620e-03      7.311e-07      2.435e-02      2.787e-04      3.042e-04      1.000e+01      4.731e-03      8.660e-05   
      153            155         3.618e-03      2.105e-06      7.170e-02      3.722e-04      3.028e-04      1.000e+01      4.731e-03      8.660e-05   
      154            156         3.617e-03      7.791e-07      2.693e-02      3.349e-04      3.024e-04      1.000e+01      4.731e-03      8.660e-05   
      155            157         3.617e-03      5.293e-07      1.938e-02      3.089e-04      3.019e-04      1.000e+01      4.731e-03      8.660e-05   
      156            158         3.616e-03      6.945e-07      2.625e-02      2.873e-04      3.012e-04      1.000e+01      4.731e-03      8.660e-05   
      157            159         3.616e-03      4.942e-07      1.907e-02      2.692e-04      3.004e-04      1.000e+01      4.731e-03      8.660e-05   
      158            160         3.616e-03     -3.222e-08      2.130e-04      7.764e-04      3.007e-04      1.000e+01      4.731e-03      8.660e-05   
      159            161         3.616e-03      1.691e-09      2.964e-05      3.370e-04      3.006e-04      1.000e+01      5.501e-03      3.370e-05   
  [mem] RSS 9.94 GB  peak 9.94 GB
      160            162         3.616e-03     -1.161e-07      2.140e-02      2.949e-04      2.627e-04      1.000e+01      5.501e-03      3.370e-05   
      161            163         3.616e-03     -8.949e-10      2.548e-02      2.559e-04      2.276e-04      1.000e+01      5.501e-03      3.370e-05   
      162            164         3.616e-03      9.810e-08      3.997e-02      2.006e-04      1.806e-04      1.000e+01      5.501e-03      3.370e-05   
      163            165         3.616e-03     -5.506e-08      2.546e-04      2.905e-03      1.792e-04      1.000e+01      5.501e-03      3.370e-05   
      164            166         3.616e-03      3.736e-09      6.755e-05      1.298e-04      1.790e-04      1.000e+01      5.501e-03      3.370e-05   
      165            167         3.616e-03      2.213e-08      3.075e-03      1.278e-04      1.782e-04      1.000e+01      5.501e-03      3.370e-05   
      166            168         3.616e-03     -1.304e-08      2.143e-04      2.514e-03      1.751e-04      1.000e+01      5.501e-03      3.370e-05   
      167            169         3.616e-03     -8.753e-09      5.683e-05      9.916e-05      1.750e-04      1.000e+01      5.501e-03      3.370e-05   
      168            170         3.616e-03      1.296e-07      1.759e-02      9.455e-05      1.700e-04      1.000e+01      5.501e-03      3.370e-05   
      169            171         3.615e-03      1.272e-07      1.571e-02      9.049e-05      1.660e-04      1.000e+01      5.501e-03      3.370e-05   
  [mem] RSS 9.95 GB  peak 9.95 GB
      170            172         3.615e-03      2.116e-08      2.452e-03      8.937e-05      1.654e-04      1.000e+01      5.501e-03      3.370e-05   
      171            173         3.615e-03      9.012e-08      1.034e-02      8.597e-05      1.630e-04      1.000e+01      5.501e-03      3.370e-05   
      172            174         3.615e-03      7.086e-08      7.684e-03      8.326e-05      1.613e-04      1.000e+01      5.501e-03      3.370e-05   
      173            175         3.615e-03      5.766e-07      5.982e-02      2.271e-04      1.489e-04      1.000e+01      5.501e-03      3.370e-05   
      174            176         3.614e-03      8.409e-07      6.476e-02      2.977e-04      1.368e-04      1.000e+01      5.501e-03      3.370e-05   
  [it  175] bn 6.8716e-03  L 1.000  kappa 0.895  convex 0.513  d_cc 1.035  d_pc 1.009  -> FAILS L
      175            177         3.614e-03      3.651e-07      2.512e-02      2.618e-04      1.336e-04      1.000e+01      5.501e-03      3.370e-05   
      176            178         3.614e-03     -3.797e-08      2.099e-04      6.496e-04      1.344e-04      1.000e+01      5.501e-03      3.370e-05   
      177            179         3.614e-03      1.189e-09      3.159e-05      6.464e-05      1.343e-04      1.000e+01      5.501e-03      3.370e-05   
  [mem] RSS 9.97 GB  peak 9.97 GB
      178            180         3.614e-03     -1.233e-09      7.769e-05      1.459e-03      1.340e-04      1.000e+01      5.501e-03      3.370e-05   
      179            181         3.614e-03      6.470e-09      2.147e-04      1.458e-03      1.340e-04      1.000e+01      5.501e-03      3.370e-05   
      180            182         3.614e-03     -2.198e-10      2.505e-05      4.334e-05      1.340e-04      1.000e+01      5.501e-03      3.370e-05   
      181            183         3.614e-03     -1.339e-08      1.598e-04      7.776e-04      1.334e-04      1.000e+01      5.501e-03      3.370e-05   
      182            184         3.614e-03      1.652e-09      4.769e-05      4.410e-05      1.334e-04      1.000e+01      5.501e-03      3.370e-05   
      183            185         3.613e-03      2.674e-07      1.658e-02      3.425e-05      1.324e-04      1.000e+01      5.501e-03      3.370e-05   
      184            186         3.613e-03      5.141e-07      3.189e-02      7.132e-05      1.304e-04      1.000e+01      5.501e-03      3.370e-05   
      185            187         3.612e-03      5.421e-07      3.385e-02      1.128e-04      1.285e-04      1.000e+01      5.501e-03      3.370e-05   
      186            188         3.612e-03      5.697e-07      3.332e-02      1.389e-04      1.269e-04      1.000e+01      5.501e-03      3.370e-05   
      187            189         3.612e-03     -1.859e-08      1.134e-04      3.768e-04      1.271e-04      1.000e+01      5.501e-03      3.370e-05   
  [mem] RSS 9.98 GB  peak 9.98 GB
      188            190         3.612e-03      1.778e-09      1.998e-05      4.097e-05      1.271e-04      1.000e+01      5.501e-03      3.370e-05   
      189            191         3.612e-03      5.611e-10      4.758e-05      8.473e-04      1.270e-04      1.000e+01      5.501e-03      3.370e-05   
      190            192         3.612e-03      1.535e-09      4.187e-05      7.234e-04      1.270e-04      1.004e+01      6.103e-03      7.234e-05   
      191            193         3.612e-03     -3.167e-08      2.901e-04      2.189e-04      1.212e-04      1.004e+01      6.103e-03      7.234e-05   
      192            194         3.612e-03     -2.095e-08      2.348e-04      1.954e-03      1.187e-04      1.004e+01      6.103e-03      7.234e-05   
      193            195         3.612e-03     -5.747e-09      6.840e-05      2.403e-04      1.178e-04      1.004e+01      6.103e-03      7.234e-05   
      194            196         3.612e-03     -9.412e-08      6.713e-04      4.388e-03      1.051e-04      1.004e+01      6.103e-03      7.234e-05   
      195            197         3.612e-03     -5.323e-10      6.897e-05      1.403e-04      1.051e-04      1.004e+01      6.103e-03      7.234e-05   
      196            198         3.612e-03      1.050e-07      8.914e-03      1.336e-04      1.029e-04      1.004e+01      6.103e-03      7.234e-05   
      197            199         3.612e-03      2.077e-07      1.817e-02      1.210e-04      9.844e-05      1.004e+01      6.103e-03      7.234e-05   
  [mem] RSS 9.99 GB  peak 9.99 GB
      198            200         3.611e-03      2.773e-07      2.485e-02      1.053e-04      9.247e-05      1.004e+01      6.103e-03      7.234e-05   
      199            201         3.611e-03      2.932e-07      2.593e-02      9.149e-05      8.685e-05      1.004e+01      6.103e-03      7.234e-05   
  [it  200] bn 6.8730e-03  L 1.000  kappa 0.893  convex 0.523  d_cc 1.035  d_pc 1.010  -> FAILS L
      200            202         3.611e-03      2.164e-07      1.624e-02      8.649e-05      8.306e-05      1.004e+01      6.103e-03      7.234e-05   
      201            203         3.610e-03      3.233e-07      2.325e-02      9.942e-05      7.815e-05      1.004e+01      6.103e-03      7.234e-05   
      202            204         3.610e-03      4.486e-07      3.216e-02      1.307e-04      7.144e-05      1.004e+01      6.103e-03      7.234e-05   
      203            205         3.610e-03      1.899e-07      1.222e-02      1.230e-04      6.918e-05      1.004e+01      6.103e-03      7.234e-05   
      204            206         3.610e-03     -2.107e-08      1.073e-04      2.085e-04      6.915e-05      1.004e+01      6.103e-03      7.234e-05   
      205            207         3.610e-03      5.918e-09      1.865e-04      2.084e-04      6.914e-05      1.004e+01      6.103e-03      7.234e-05   
  [mem] RSS 10.01 GB  peak 10.01 GB
      206            208         3.610e-03      5.774e-10      3.146e-05      1.527e-04      6.882e-05      1.004e+01      9.009e-03      1.527e-05   
      207            209         3.610e-03     -2.309e-08      1.664e-04      1.948e-03      6.716e-05      1.004e+01      9.009e-03      1.527e-05   
      208            210         3.610e-03     -2.196e-09      3.904e-05      2.129e-04      6.697e-05      1.004e+01      1.571e-02      2.129e-05   
      209            211         3.610e-03     -1.363e-07      8.347e-04      3.007e-04      6.288e-05      1.004e+01      1.571e-02      2.129e-05   
      210            212         3.610e-03     -1.018e-08      1.238e-04      1.495e-04      6.365e-05      1.004e+01      1.571e-02      2.129e-05   
      211            213         3.610e-03      3.156e-08      3.160e-03      1.463e-04      6.183e-05      1.004e+01      1.571e-02      2.129e-05   
      212            214         3.610e-03      2.187e-07      2.274e-02      1.218e-04      5.248e-05      1.004e+01      1.571e-02      2.129e-05   
      213            215         3.610e-03      1.351e-07      1.457e-02      1.053e-04      4.970e-05      1.004e+01      1.571e-02      2.129e-05   
      214            216         3.610e-03     -1.953e-08      1.289e-04      7.390e-04      4.902e-05      1.004e+01      1.571e-02      2.129e-05   
  [mem] RSS 10.03 GB  peak 10.03 GB
      215            217         3.610e-03      2.112e-09      3.528e-05      2.450e-04      4.878e-05      1.004e+01      2.058e-02      2.450e-05   
      216            218         3.609e-03      9.622e-08      9.124e-03      2.332e-04      4.773e-05      1.004e+01      2.058e-02      2.450e-05   
      217            219         3.609e-03      1.034e-07      1.094e-02      2.128e-04      4.591e-05      1.004e+01      2.058e-02      2.450e-05   
      218            220         3.609e-03      3.399e-07      4.136e-02      1.348e-04      3.946e-05      1.004e+01      2.058e-02      2.450e-05   
      219            221         3.609e-03      1.286e-07      1.587e-02      1.113e-04      3.894e-05      1.004e+01      2.058e-02      2.450e-05   
      220            222         3.609e-03     -2.251e-08      1.195e-04      7.434e-04      3.790e-05      1.004e+01      2.058e-02      2.450e-05   
      221            223         3.609e-03      1.061e-10      2.866e-05      1.035e-04      3.799e-05      1.004e+01      2.368e-02      1.035e-05   
      222            224         3.609e-03     -2.170e-08      1.584e-04      2.367e-03      3.733e-05      1.004e+01      2.368e-02      1.035e-05   
      223            225         3.609e-03      3.730e-09      1.018e-04      1.346e-04      3.733e-05      1.004e+01      2.368e-02      1.035e-05   
      224            226         3.609e-03      1.110e-08      1.234e-03      1.330e-04      3.729e-05      1.004e+01      2.368e-02      1.035e-05   
  [mem] RSS 10.04 GB  peak 10.04 GB
  [it  225] bn 6.8749e-03  L 1.000  kappa 0.888  convex 0.547  d_cc 1.035  d_pc 1.012  -> FAILS L
      225            227         3.609e-03     -2.786e-08      1.506e-04      7.702e-04      3.546e-05      1.004e+01      2.368e-02      1.035e-05   
      226            228         3.609e-03      1.437e-09      4.054e-05      9.594e-05      3.585e-05      1.004e+01      2.657e-02      9.594e-06   
      227            229         3.609e-03     -2.920e-08      1.299e-04      3.413e-04      3.461e-05      1.004e+01      2.657e-02      9.594e-06   
      228            230         3.609e-03      1.965e-09      6.995e-05      1.663e-04      3.467e-05      1.004e+01      2.937e-02      1.663e-05   
      229            231         3.609e-03      1.356e-08      1.162e-03      1.651e-04      3.464e-05      1.004e+01      2.937e-02      1.663e-05   
      230            232         3.609e-03      9.898e-09      8.769e-04      1.639e-04      3.460e-05      1.004e+01      2.937e-02      1.663e-05   
      231            233         3.609e-03      7.697e-08      7.045e-03      1.541e-04      3.433e-05      1.004e+01      2.937e-02      1.663e-05   
  [mem] RSS 10.06 GB  peak 10.06 GB
      232            234         3.609e-03     -3.091e-08      1.563e-04      8.062e-04      3.221e-05      1.004e+01      2.937e-02      1.663e-05   
      233            235         3.609e-03      6.720e-09      9.852e-05      9.371e-05      3.221e-05      1.004e+01      2.937e-02      1.663e-05   
      234            236         3.609e-03      8.287e-09      7.435e-04      9.311e-05      3.219e-05      1.004e+01      2.937e-02      1.663e-05   
      235            237         3.609e-03      1.908e-08      1.712e-03      9.176e-05      3.230e-05      1.004e+01      2.937e-02      1.663e-05   
      236            238         3.609e-03      7.864e-08      7.324e-03      8.621e-05      3.282e-05      1.004e+01      2.937e-02      1.663e-05   
      237            239         3.609e-03      3.299e-08      3.086e-03      8.395e-05      3.304e-05      1.004e+01      2.937e-02      1.663e-05   
      238            240         3.609e-03      1.864e-07      1.761e-02      7.220e-05      3.426e-05      1.004e+01      2.937e-02      1.663e-05   
      239            241         3.608e-03      2.332e-07      2.464e-02      5.971e-05      3.602e-05      1.004e+01      2.937e-02      1.663e-05   
      240            242         3.608e-03      1.800e-07      1.937e-02      6.552e-05      3.732e-05      1.004e+01      2.937e-02      1.663e-05   
      241            243         3.608e-03     -1.444e-08      6.932e-05      2.511e-04      3.731e-05      1.004e+01      2.937e-02      1.663e-05   
  [mem] RSS 10.08 GB  peak 10.08 GB
      242            244         3.608e-03     -2.409e-10      2.490e-05      1.475e-04      3.724e-05      1.004e+01      3.061e-02      1.475e-05   
      243            245         3.608e-03     -3.603e-09      8.896e-05      1.049e-03      3.703e-05      1.004e+01      3.061e-02      1.475e-05   
      244            246         3.608e-03     -2.134e-09      2.385e-05      2.131e-04      3.702e-05      1.004e+01      3.182e-02      2.131e-05   
      245            247         3.608e-03      7.389e-08      4.325e-03      2.054e-04      3.548e-05      1.004e+01      3.182e-02      2.131e-05   
      246            248         3.608e-03      4.880e-08      3.390e-03      1.966e-04      3.369e-05      1.004e+01      3.182e-02      2.131e-05   
      247            249         3.608e-03      5.112e-08      3.659e-03      1.875e-04      3.174e-05      1.004e+01      3.182e-02      2.131e-05   
      248            250         3.608e-03      3.617e-08      2.665e-03      1.812e-04      3.032e-05      1.004e+01      3.182e-02      2.131e-05   
      249            251         3.608e-03     -3.531e-08      1.279e-04      1.220e-03      3.012e-05      1.004e+01      3.182e-02      2.131e-05   
  [mem] RSS 10.09 GB  peak 10.09 GB
  [it  250] bn 6.8754e-03  L 1.000  kappa 0.887  convex 0.531  d_cc 1.036  d_pc 1.014  -> FEASIBLE
      250            252         3.608e-03      2.901e-09      3.386e-05      1.986e-04      3.004e-05      1.004e+01      3.286e-02      1.986e-05   
      251            253         3.608e-03      4.272e-10      4.786e-05      1.371e-04      2.978e-05      1.004e+01      3.387e-02      1.371e-05   
      252            254         3.608e-03     -1.138e-08      8.740e-05      2.532e-04      3.008e-05      1.004e+01      3.387e-02      1.371e-05   
      253            255         3.608e-03     -3.870e-09      4.610e-05      1.661e-04      3.006e-05      1.004e+01      3.487e-02      1.661e-05   
      254            256         3.608e-03     -5.451e-08      1.669e-04      1.105e-04      2.817e-05      1.004e+01      3.487e-02      1.661e-05   
      255            257         3.608e-03      1.309e-07      9.603e-03      9.922e-05      2.538e-05      1.004e+01      3.487e-02      1.661e-05   
      256            258         3.608e-03      1.995e-07      1.519e-02      7.656e-05      2.390e-05      1.004e+01      3.487e-02      1.661e-05   
      257            259         3.608e-03      7.620e-08      5.608e-03      7.026e-05      2.381e-05      1.004e+01      3.487e-02      1.661e-05   
      258            260         3.608e-03     -7.087e-09      6.635e-05      5.265e-05      2.393e-05      1.004e+01      3.487e-02      1.661e-05   
  [mem] RSS 10.11 GB  peak 10.11 GB
      259            261         3.608e-03      2.670e-09      2.203e-04      4.184e-04      2.392e-05      1.004e+01      3.558e-02      4.184e-05   
      260            262         3.608e-03      2.770e-09      3.284e-05      8.983e-05      2.399e-05      1.004e+01      3.629e-02      8.983e-06   
      261            263         3.608e-03     -1.001e-08      7.534e-05      1.014e-03      2.345e-05      1.004e+01      3.629e-02      8.983e-06   
      262            264         3.608e-03      2.279e-09      6.135e-05      4.586e-04      2.345e-05      1.004e+01      3.699e-02      4.586e-05   
      263            265         3.608e-03     -2.772e-09      3.689e-05      1.326e-04      2.345e-05      1.004e+01      3.768e-02      1.326e-05   
      264            266         3.608e-03     -1.121e-08      9.506e-05      9.535e-04      2.292e-05      1.004e+01      3.768e-02      1.326e-05   
      265            267         3.608e-03     -1.788e-09      2.980e-05      8.223e-05      2.284e-05      1.004e+01      3.837e-02      8.223e-06   
      266            268         3.608e-03     -9.082e-08      3.025e-04      1.498e-04      1.885e-05      1.004e+01      3.837e-02      8.223e-06   
      267            269         3.608e-03      1.254e-08      2.660e-03      1.450e-04      1.892e-05      1.004e+01      3.837e-02      8.223e-06   
  [mem] RSS 10.12 GB  peak 10.12 GB
      268            270         3.608e-03      1.515e-08      3.147e-03      1.406e-04      1.899e-05      1.004e+01      3.837e-02      8.223e-06   
      269            271         3.608e-03      1.351e-08      2.376e-03      1.365e-04      1.905e-05      1.004e+01      3.837e-02      8.223e-06   
      270            272         3.608e-03      8.066e-08      1.383e-02      1.147e-04      1.937e-05      1.004e+01      3.837e-02      8.223e-06   
      271            273         3.608e-03      5.433e-08      1.289e-02      9.819e-05      2.132e-05      1.004e+01      3.837e-02      8.223e-06   
      272            274         3.608e-03      6.601e-08      1.311e-02      8.571e-05      3.164e-05      1.004e+01      3.837e-02      8.223e-06   
      273            275         3.607e-03      7.297e-08      1.216e-02      7.716e-05      4.117e-05      1.004e+01      3.837e-02      8.223e-06   
      274            276         3.607e-03      7.345e-08      8.232e-03      7.087e-05      4.784e-05      1.004e+01      3.837e-02      8.223e-06   
  [it  275] bn 6.8758e-03  L 1.000  kappa 0.889  convex 0.558  d_cc 1.036  d_pc 1.015  -> FEASIBLE
      275            277         3.607e-03     -4.753e-09      4.871e-05      1.761e-03      4.809e-05      1.004e+01      3.871e-02      1.761e-04   
  [mem] RSS 10.14 GB  peak 10.14 GB
      276            278         3.607e-03      1.177e-09      3.639e-05      2.806e-04      4.803e-05      1.004e+01      3.906e-02      2.806e-05   
      277            279         3.607e-03      8.920e-10      2.251e-04      5.813e-03      4.852e-05      1.004e+01      3.940e-02      5.813e-04   
      278            280         3.607e-03     -1.528e-09      1.014e-04      2.402e-04      4.822e-05      1.004e+01      3.974e-02      2.402e-05   
      279            281         3.607e-03     -6.219e-08      3.065e-04      3.994e-03      4.629e-05      1.004e+01      3.974e-02      2.402e-05   
      280            282         3.607e-03      7.581e-09      9.311e-05      1.017e-04      4.611e-05      1.004e+01      3.974e-02      2.402e-05   
      281            283         3.607e-03      1.802e-08      1.644e-04      1.738e-04      4.496e-05      1.004e+01      3.974e-02      2.402e-05   
      282            284         3.607e-03      1.614e-07      7.340e-03      1.625e-04      3.801e-05      1.004e+01      3.974e-02      2.402e-05   
      283            285         3.607e-03     -2.707e-08      1.214e-04      6.137e-05      3.770e-05      1.004e+01      3.974e-02      2.402e-05   
      284            286         3.607e-03      2.126e-08      9.097e-04      6.074e-05      3.681e-05      1.004e+01      3.974e-02      2.402e-05   
  [mem] RSS 10.15 GB  peak 10.15 GB
      285            287         3.607e-03      2.203e-07      9.201e-03      5.609e-05      2.752e-05      1.004e+01      3.974e-02      2.402e-05   
      286            288         3.607e-03      2.532e-07      8.867e-03      9.498e-05      5.909e-05      1.004e+01      3.974e-02      2.402e-05   
      287            289         3.607e-03      5.290e-08      2.345e-03      9.037e-05      6.230e-05      1.004e+01      3.974e-02      2.402e-05   
      288            290         3.607e-03      2.351e-07      1.087e-02      7.042e-05      7.685e-05      1.004e+01      3.974e-02      2.402e-05   
      289            291         3.606e-03      1.068e-07      4.744e-03      6.200e-05      8.362e-05      1.004e+01      3.974e-02      2.402e-05   
      290            292         3.606e-03      1.292e-07      6.353e-03      5.521e-05      9.191e-05      1.004e+01      3.974e-02      2.402e-05   
      291            293         3.606e-03      5.602e-08      3.508e-03      5.316e-05      9.460e-05      1.004e+01      3.974e-02      2.402e-05   
      292            294         3.606e-03      5.801e-08      3.604e-03      5.159e-05      9.730e-05      1.004e+01      3.974e-02      2.402e-05   
      293            295         3.606e-03      9.624e-08      6.775e-03      5.311e-05      1.022e-04      1.004e+01      3.974e-02      2.402e-05   
      294            296         3.606e-03      2.744e-07      2.025e-02      1.018e-04      1.164e-04      1.004e+01      3.974e-02      2.402e-05   
  [mem] RSS 10.17 GB  peak 10.17 GB
      295            297         3.606e-03      8.002e-08      1.005e-02      8.182e-05      1.223e-04      1.004e+01      3.974e-02      2.402e-05   
      296            298         3.606e-03      9.141e-08      1.320e-02      7.188e-05      1.263e-04      1.004e+01      3.974e-02      2.402e-05   
      297            299         3.605e-03      2.023e-07      1.686e-02      5.732e-05      1.393e-04      1.004e+01      3.974e-02      2.402e-05   
      298            300         3.605e-03      1.324e-07      1.843e-02      9.136e-05      1.396e-04      1.004e+01      3.974e-02      2.402e-05   
      299            301         3.605e-03      1.832e-08      2.387e-03      8.637e-05      1.401e-04      1.004e+01      3.974e-02      2.402e-05   
  [it  300] bn 6.8750e-03  L 1.000  kappa 0.889  convex 0.575  d_cc 1.036  d_pc 1.015  -> FAILS L
      300            302         3.605e-03      2.299e-08      2.937e-03      8.066e-05      1.408e-04      1.004e+01      3.974e-02      2.402e-05   
      301            303         3.605e-03      2.110e-08      2.589e-03      7.575e-05      1.414e-04      1.004e+01      3.974e-02      2.402e-05   
      302            304         3.605e-03      7.310e-08      8.916e-03      6.693e-05      1.434e-04      1.004e+01      3.974e-02      2.402e-05   
      303            305         3.605e-03      1.532e-07      2.236e-02      1.020e-04      1.468e-04      1.004e+01      3.974e-02      2.402e-05   
  [mem] RSS 10.19 GB  peak 10.19 GB
      304            306         3.605e-03      5.685e-08      1.169e-02      7.805e-05      1.466e-04      1.004e+01      3.974e-02      2.402e-05   
      305            307         3.605e-03     -9.391e-09      6.557e-05      1.717e-04      1.468e-04      1.004e+01      3.974e-02      2.402e-05   
      306            308         3.605e-03      1.668e-09      4.311e-05      3.014e-05      1.468e-04      1.004e+01      3.974e-02      2.402e-05   
      307            309         3.605e-03      2.547e-09      4.613e-05      1.695e-03      1.463e-04      1.004e+01      3.997e-02      1.695e-04   
      308            310         3.605e-03      4.524e-09      6.238e-05      1.953e-04      1.473e-04      1.004e+01      3.997e-02      1.695e-04   
      309            311         3.605e-03      5.542e-09      1.479e-04      3.089e-03      1.503e-04      1.004e+01      3.997e-02      1.695e-04   
      310            312         3.605e-03      9.518e-10      5.135e-05      3.779e-04      1.503e-04      1.007e+01      4.021e-02      3.779e-05   
      311            313         3.605e-03     -5.306e-08      3.102e-04      3.651e-03      1.067e-04      1.007e+01      4.021e-02      3.779e-05   
      312            314         3.605e-03     -1.022e-09      9.656e-05      1.857e-04      1.079e-04      1.007e+01      4.021e-02      3.779e-05   
  [mem] RSS 10.20 GB  peak 10.20 GB
      313            315         3.605e-03     -5.715e-08      2.342e-03      1.657e-04      9.835e-05      1.007e+01      4.021e-02      3.779e-05   
      314            316         3.605e-03     -8.307e-09      1.916e-04      3.827e-03      1.038e-04      1.007e+01      4.021e-02      3.779e-05   
      315            317         3.605e-03      1.646e-09      6.810e-05      9.117e-05      1.035e-04      1.007e+01      4.021e-02      3.779e-05   
      316            318         3.605e-03     -1.256e-08      3.290e-04      5.698e-03      9.639e-05      1.007e+01      4.021e-02      3.779e-05   
      317            319         3.605e-03     -6.377e-09      1.164e-04      2.269e-04      9.474e-05      1.007e+01      4.021e-02      3.779e-05   
      318            320         3.605e-03     -1.252e-08      6.090e-04      2.209e-04      9.261e-05      1.007e+01      4.021e-02      3.779e-05   
      319            321         3.605e-03     -3.023e-08      2.005e-04      1.097e-03      8.689e-05      1.007e+01      4.021e-02      3.779e-05   
      320            322         3.605e-03      1.270e-09      4.748e-05      2.722e-04      8.570e-05      1.007e+01      4.046e-02      2.722e-05   
second_order: compiling constraint Hessian for blocks CoilCurvature, CoilSignedCurvature, CoilSetDistancePenalty, PlasmaCoilSetDistancePenalty
  [mem] RSS 10.22 GB  peak 10.22 GB
  [mem] RSS 11.31 GB  peak 11.31 GB
  [mem] RSS 11.74 GB  peak 11.74 GB
  [mem] RSS 11.74 GB  peak 11.74 GB
      321            323         3.605e-03     -8.284e-08      2.982e-04      3.439e-03      6.847e-05      1.007e+01      4.046e-02      2.722e-05   
      322            324         3.605e-03      1.818e-09      9.422e-05      3.118e-04      6.832e-05      1.007e+01      4.073e-02      3.118e-05   
      323            325         3.605e-03     -1.074e-07      4.602e-02      6.332e-04      5.454e-05      1.007e+01      4.073e-02      3.118e-05   
      324            326         3.606e-03     -7.728e-07      3.619e-03      1.822e-04      2.588e-05      1.007e+01      4.073e-02      3.118e-05   
  [mem] RSS 11.81 GB  peak 11.81 GB
  [it  325] bn 6.8767e-03  L 1.000  kappa 0.887  convex 0.484  d_cc 1.036  d_pc 1.015  -> FEASIBLE
      325            327         3.606e-03     -4.290e-08      2.540e-03      1.549e-04      2.852e-05      1.007e+01      4.073e-02      3.118e-05   
      326            328         3.606e-03     -3.616e-08      2.238e-03      1.651e-04      2.961e-05      1.007e+01      4.073e-02      3.118e-05   
      327            329         3.606e-03     -5.225e-08      8.536e-04      1.647e-04      3.244e-05      1.007e+01      4.073e-02      3.118e-05   
      328            330         3.606e-03     -1.351e-07      2.331e-03      1.404e-04      3.439e-05      1.007e+01      4.073e-02      3.118e-05   
      329            331         3.607e-03     -1.237e-07      2.563e-03      1.184e-04      3.663e-05      1.007e+01      4.073e-02      3.118e-05   
      330            332         3.607e-03     -1.764e-07      3.129e-03      9.605e-05      4.983e-05      1.007e+01      4.073e-02      3.118e-05   
      331            333         3.607e-03     -2.852e-07      6.701e-03      5.796e-05      7.326e-05      1.007e+01      4.073e-02      3.118e-05   
      332            334         3.607e-03     -2.211e-08      2.047e-03      5.333e-05      7.751e-05      1.007e+01      4.073e-02      3.118e-05   
      333            335         3.607e-03     -6.689e-09      7.719e-04      5.174e-05      7.903e-05      1.007e+01      4.073e-02      3.118e-05   
      334            336         3.607e-03     -6.476e-08      8.249e-03      3.549e-05      9.497e-05      1.007e+01      4.073e-02      3.118e-05   
  [mem] RSS 11.81 GB  peak 11.81 GB
      335            337         3.607e-03      8.054e-09      1.105e-02      5.653e-05      1.108e-04      1.007e+01      4.073e-02      3.118e-05   
      336            338         3.607e-03      1.830e-08      2.439e-03      5.353e-05      1.130e-04      1.007e+01      4.073e-02      3.118e-05   
      337            339         3.607e-03      1.062e-08      1.528e-03      5.173e-05      1.143e-04      1.007e+01      4.073e-02      3.118e-05   
      338            340         3.607e-03      6.411e-08      1.241e-02      4.468e-05      1.253e-04      1.007e+01      4.073e-02      3.118e-05   
      339            341         3.607e-03      7.314e-08      1.625e-02      7.303e-05      1.374e-04      1.007e+01      4.073e-02      3.118e-05   
      340            342         3.607e-03      3.956e-08      7.562e-03      5.876e-05      1.434e-04      1.007e+01      4.073e-02      3.118e-05   
      341            343         3.607e-03      1.517e-08      2.509e-03      5.663e-05      1.442e-04      1.007e+01      4.073e-02      3.118e-05   
      342            344         3.607e-03      9.776e-08      1.560e-02      7.829e-05      1.489e-04      1.007e+01      4.073e-02      3.118e-05   
      343            345         3.607e-03      6.964e-09      1.749e-03      7.615e-05      1.493e-04      1.007e+01      4.073e-02      3.118e-05   
      344            346         3.607e-03     -8.081e-09      5.956e-05      2.104e-04      1.494e-04      1.007e+01      4.073e-02      3.118e-05   
  [mem] RSS 11.81 GB  peak 11.81 GB
      345            347         3.607e-03      4.032e-09      1.042e-04      3.982e-05      1.494e-04      1.007e+01      4.073e-02      3.118e-05   
      346            348         3.607e-03      8.144e-09      2.267e-03      3.871e-05      1.499e-04      1.007e+01      4.073e-02      3.118e-05   
      347            349         3.607e-03      6.102e-09      1.517e-03      3.791e-05      1.503e-04      1.007e+01      4.073e-02      3.118e-05   
      348            350         3.607e-03      5.535e-09      1.291e-03      3.710e-05      1.506e-04      1.007e+01      4.073e-02      3.118e-05   
      349            351         3.607e-03      8.016e-10      3.145e-05      5.786e-04      1.508e-04      1.011e+01      4.095e-02      5.786e-05   
  [it  350] bn 6.8804e-03  L 1.000  kappa 0.887  convex 0.506  d_cc 1.036  d_pc 1.015  -> FAILS L
      350            352         3.607e-03     -4.688e-08      3.297e-04      5.074e-04      1.331e-04      1.011e+01      4.095e-02      5.786e-05   
      351            353         3.607e-03     -2.447e-08      3.244e-04      1.649e-03      1.310e-04      1.011e+01      4.095e-02      5.786e-05   
      352            354         3.607e-03     -1.260e-09      8.815e-05      1.823e-04      1.289e-04      1.011e+01      4.095e-02      5.786e-05   
      353            355         3.607e-03     -1.813e-08      2.279e-04      5.114e-03      1.223e-04      1.011e+01      4.095e-02      5.786e-05   
  [mem] RSS 11.82 GB  peak 11.82 GB
      354            356         3.607e-03     -2.325e-10      8.677e-05      1.189e-04      1.217e-04      1.011e+01      4.095e-02      5.786e-05   
      355            357         3.607e-03     -7.713e-08      4.178e-04      1.555e-04      9.406e-05      1.011e+01      4.095e-02      5.786e-05   
      356            358         3.607e-03      9.432e-09      1.232e-04      1.691e-03      9.174e-05      1.011e+01      4.095e-02      5.786e-05   
      357            359         3.607e-03      1.448e-08      3.755e-04      1.689e-03      9.166e-05      1.011e+01      4.095e-02      5.786e-05   
      358            360         3.607e-03     -8.260e-10      3.974e-05      1.400e-03      9.137e-05      1.011e+01      4.117e-02      1.400e-04   
      359            361         3.607e-03      7.096e-08      4.062e-04      9.106e-03      1.024e-04      1.011e+01      4.117e-02      1.400e-04   
      360            362         3.607e-03      5.231e-10      1.497e-04      3.035e-04      1.011e-04      1.011e+01      4.117e-02      1.400e-04   
      361            363         3.607e-03     -4.473e-08      3.531e-04      3.474e-03      1.126e-04      1.011e+01      4.117e-02      1.400e-04   
      362            364         3.607e-03     -2.270e-09      1.520e-04      2.249e-04      8.657e-05      1.011e+01      4.117e-02      1.400e-04   
  [mem] RSS 11.82 GB  peak 11.82 GB
      363            365         3.607e-03      7.294e-08      6.074e-03      2.217e-04      8.693e-05      1.011e+01      4.117e-02      1.400e-04   
      364            366         3.607e-03     -4.954e-08      2.224e-04      4.583e-04      8.676e-05      1.011e+01      4.117e-02      1.400e-04   
      365            367         3.607e-03      1.955e-08      1.158e-04      3.182e-04      8.594e-05      1.011e+01      4.139e-02      3.182e-05   
      366            368         3.607e-03     -1.086e-07      4.403e-04      5.948e-03      8.067e-05      1.011e+01      4.139e-02      3.182e-05   
      367            369         3.607e-03      1.509e-08      1.284e-04      2.256e-04      8.024e-05      1.011e+01      4.139e-02      3.182e-05   
      368            370         3.607e-03     -2.345e-08      3.744e-04      5.491e-03      7.636e-05      1.011e+01      4.139e-02      3.182e-05   
      369            371         3.607e-03     -1.041e-08      1.484e-04      3.097e-04      6.995e-05      1.011e+01      4.139e-02      3.182e-05   
      370            372         3.607e-03      1.436e-07      8.371e-03      3.033e-04      7.039e-05      1.011e+01      4.139e-02      3.182e-05   
      371            373         3.607e-03     -4.061e-08      1.868e-04      3.225e-04      6.943e-05      1.011e+01      4.139e-02      3.182e-05   
  [mem] RSS 11.82 GB  peak 11.82 GB
      372            374         3.607e-03      1.977e-09      1.430e-04      9.531e-04      6.707e-05      1.011e+01      4.161e-02      9.531e-05   
      373            375         3.607e-03     -1.807e-08      1.963e-04      1.732e-04      6.722e-05      1.011e+01      4.161e-02      9.531e-05   
      374            376         3.607e-03      1.339e-07      8.791e-03      1.650e-04      6.795e-05      1.011e+01      4.161e-02      9.531e-05   
  [it  375] bn 6.8796e-03  L 1.000  kappa 0.888  convex 0.430  d_cc 1.036  d_pc 1.015  -> FEASIBLE
      375            377         3.607e-03      7.684e-08      4.109e-03      1.606e-04      6.804e-05      1.011e+01      4.161e-02      9.531e-05   
      376            378         3.607e-03      5.458e-08      2.144e-03      2.317e-04      6.812e-05      1.011e+01      4.161e-02      9.531e-05   
      377            379         3.607e-03     -1.190e-07      4.021e-04      6.963e-03      6.394e-05      1.011e+01      4.161e-02      9.531e-05   
      378            380         3.607e-03      4.696e-08      6.085e-04      1.820e-04      6.400e-05      1.011e+01      4.161e-02      9.531e-05   
      379            381         3.607e-03      8.516e-08      3.961e-03      1.796e-04      6.449e-05      1.011e+01      4.161e-02      9.531e-05   
      380            382         3.606e-03      7.390e-08      1.444e-03      1.748e-04      6.492e-05      1.011e+01      4.161e-02      9.531e-05   
  [mem] RSS 11.82 GB  peak 11.82 GB
      381            383         3.607e-03     -4.623e-08      2.822e-04      2.643e-03      6.479e-05      1.011e+01      4.161e-02      9.531e-05   
      382            384         3.607e-03      1.202e-08      8.132e-05      1.293e-04      6.460e-05      1.011e+01      4.161e-02      9.531e-05   
      383            385         3.606e-03      1.135e-07      2.616e-03      1.359e-04      6.521e-05      1.011e+01      4.161e-02      9.531e-05   
      384            386         3.606e-03      2.269e-07      5.462e-03      1.253e-04      6.645e-05      1.011e+01      4.161e-02      9.531e-05   
      385            387         3.606e-03     -4.639e-09      2.426e-04      9.868e-04      6.483e-05      1.011e+01      4.161e-02      9.531e-05   
      386            388         3.606e-03     -1.150e-08      1.401e-04      1.154e-04      6.457e-05      1.011e+01      4.161e-02      9.531e-05   
      387            389         3.606e-03      7.907e-08      1.643e-03      1.114e-04      6.510e-05      1.011e+01      4.161e-02      9.531e-05   
      388            390         3.606e-03      2.358e-07      4.788e-03      1.007e-04      6.663e-05      1.011e+01      4.161e-02      9.531e-05   
      389            391         3.606e-03      1.764e-07      2.997e-03      1.653e-03      6.729e-05      1.011e+01      4.183e-02      1.653e-04   
      390            392         3.606e-03      2.030e-08      4.756e-04      1.650e-03      6.729e-05      1.011e+01      4.183e-02      1.653e-04   
  [mem] RSS 11.83 GB  peak 11.83 GB
      391            393         3.606e-03     -1.459e-09      6.694e-05      9.206e-04      6.726e-05      1.011e+01      4.204e-02      9.206e-05   
      392            394         3.606e-03      4.209e-08      3.148e-04      5.508e-03      7.036e-05      1.011e+01      4.204e-02      9.206e-05   
      393            395         3.606e-03      4.928e-09      9.827e-05      3.403e-04      6.995e-05      1.011e+01      4.204e-02      9.206e-05   
      394            396         3.605e-03      4.069e-07      1.827e-02      2.788e-04      6.671e-05      1.011e+01      4.204e-02      9.206e-05   
      395            397         3.605e-03      3.179e-07      5.821e-03      2.395e-04      6.436e-05      1.011e+01      4.204e-02      9.206e-05   
      396            398         3.605e-03      2.257e-07      4.196e-03      2.066e-04      6.539e-05      1.011e+01      4.204e-02      9.206e-05   
      397            399         3.604e-03      4.899e-07      8.753e-03      1.362e-04      9.074e-05      1.011e+01      4.204e-02      9.206e-05   
      398            400         3.604e-03      2.617e-07      4.834e-03      1.011e-04      1.034e-04      1.011e+01      4.204e-02      9.206e-05   
      399            401         3.604e-03     -7.288e-09      6.459e-05      2.256e-03      1.037e-04      1.011e+01      4.226e-02      2.256e-04   
  [mem] RSS 11.83 GB  peak 11.83 GB
  [it  400] bn 6.8770e-03  L 1.000  kappa 0.889  convex 0.659  d_cc 1.036  d_pc 1.015  -> FAILS L
      400            402         3.604e-03      3.809e-09      6.048e-05      2.902e-04      1.034e-04      1.015e+01      4.247e-02      2.902e-05   
Warning: Maximum number of iterations has been exceeded.
         Current function value: 3.604e-03
         Constraint violation: 1.034e-04
         Total delta_x: 5.272e+00
         Iterations: 400
         Function evaluations: 402
         Jacobian evaluations: 400
Timer: Solution time = 31.8 min
Timer: Avg time per step = 4.76 sec
==============================================================================================================
                                                                 Start  -->   End
Total (sum of squares):                                      4.564e-03  -->   3.604e-03, 
Maximum absolute Boundary normal field error:                1.186e+00  -->   1.151e+00 (T m^2)
Minimum absolute Boundary normal field error:                3.908e-04  -->   1.387e-04 (T m^2)
Average absolute Boundary normal field error:                1.990e-01  -->   1.774e-01 (T m^2)
Maximum absolute Boundary normal field error:                1.051e-02  -->   1.020e-02 (normalized)
Minimum absolute Boundary normal field error:                3.463e-06  -->   1.229e-06 (normalized)
Average absolute Boundary normal field error:                1.764e-03  -->   1.572e-03 (normalized)
Maximum Coil length:                                         3.600e+01  -->   3.600e+01 (m)
Minimum Coil length:                                         3.600e+01  -->   3.600e+01 (m)
Average Coil length:                                         3.600e+01  -->   3.600e+01 (m)
Maximum Coil length:                                         6.278e+00  -->   6.278e+00 (normalized)
Minimum Coil length:                                         6.278e+00  -->   6.278e+00 (normalized)
Average Coil length:                                         6.278e+00  -->   6.278e+00 (normalized)
Maximum Coil curvature:                                      6.771e-01  -->   1.329e+00 (m^-1)
Minimum Coil curvature:                                      7.755e-06  -->   6.687e-06 (m^-1)
Average Coil curvature:                                      2.163e-01  -->   2.351e-01 (m^-1)
Maximum Coil curvature:                                      3.883e+00  -->   7.623e+00 (normalized)
Minimum Coil curvature:                                      4.447e-05  -->   3.835e-05 (normalized)
Average Coil curvature:                                      1.241e+00  -->   1.348e+00 (normalized)
Maximum Signed in-plane curvature:                           6.771e-01  -->   1.329e+00 (m^-1)
Minimum Signed in-plane curvature:                          -4.407e-04  -->  -8.635e-04 (m^-1)
Average Signed in-plane curvature:                           2.163e-01  -->   2.351e-01 (m^-1)
Maximum Signed in-plane curvature:                           3.883e+00  -->   7.623e+00 (normalized)
Minimum Signed in-plane curvature:                          -2.527e-03  -->  -4.952e-03 (normalized)
Average Signed in-plane curvature:                           1.241e+00  -->   1.348e+00 (normalized)
Maximum Coil-coil distance penalty:                          9.944e-06  -->   1.363e-05 (dimensionless)
Minimum Coil-coil distance penalty:                          0.000e+00  -->   0.000e+00 (dimensionless)
Average Coil-coil distance penalty:                          2.622e-07  -->   2.704e-07 (dimensionless)
Maximum Plasma-coil distance penalty:                        0.000e+00  -->   5.653e-06 (dimensionless)
Minimum Plasma-coil distance penalty:                        0.000e+00  -->   0.000e+00 (dimensionless)
Average Plasma-coil distance penalty:                        0.000e+00  -->   9.759e-07 (dimensionless)
Summed coil current error:                                   0.000e+00  -->   7.451e-09 (A)
==============================================================================================================

  [mem] RSS 11.83 GB  peak 11.83 GB

SOLVER {'wall_s': 2027.7855942249298, 'message': 'Maximum number of iterations has been exceeded.', 'nit': 400, 'n_outer': 35, 'constr_violation': 0.00010336589233368044, 'y_absmax_final': 0.04247377798929883}
START  bn 7.7549e-03  L 1.000  kappa 0.452  convex 0.144  d_cc 1.036  d_pc 1.073  -> FAILS L
RESULT bn 6.8770e-03  L 1.000  kappa 0.889  convex 0.659  d_cc 1.036  d_pc 1.015  linked 0  -> FAILS L  active ['L']
wrote work/helios/arc16/M10_L36/result.h5, result.json, result.png
