Running as unit: run-p782596-i783942.scope; invocation ID: 6e84933d3f954250b567d3b1119793fe
E0921 12:03:01.728252  782684 cuda_executor.cc:1743] Could not get kernel mode driver version: ( INVALID_ARGUMENT: Version does not match the format X.Y.Z )
E0921 12:03:01.743499  782596 cuda_executor.cc:1743] Could not get kernel mode driver version: ( INVALID_ARGUMENT: Version does not match the format X.Y.Z )
DEVICE requested=gpu obtained=gpu (1x NVIDIA GeForce RTX 5070 Laptop GPU)
  [mem] RSS 0.83 GB  peak 0.83 GB
/home/singh/Documents/DESC2/coil_sandbox/vendor/desc/utils.py:590: UserWarning: Unequal number of field periods for grid 1 and basis 2.
  warnings.warn(msg, err)
/home/singh/Documents/DESC2/coil_sandbox/vendor/desc/utils.py:590: UserWarning: Unequal number of field periods for grid 1 and basis 2.
  warnings.warn(msg, err)
eq sample_equilibria/helios_repro.h5 (h5) NFP 2 sym True; start work/helios/arc16/warm_L36_paper/result.h5: 4 unique coils, arc=True, expect 16 coils; source grid gl (48 nodes/coil), length grid gl (48), constraint grid 301, curvature grid 301; mode stage2; plasma field included (virtual casing)
SETTINGS {'eq': 'sample_equilibria/helios_repro.h5', 'start': 'work/helios/arc16/warm_L36_paper/result.h5', 'out': 'work/helios/arc16/noconvex_L36', 'mode': 'stage2', 'length_mult': 1.0, 'margin': 0.0, 'fix_hinges': False, 'anchor_weight': 0.001, 'margin_skip': '', 'a': None, 'bounds': 'bounds/helios_kruger2026_noconvex.json', 'device': None, 'vacuum': False, 'maxiter': 400, 'check_every': 25, 'ckpt_every': 50, 'diag_log': 'diag.jsonl', 'dcc_backoff': 0.025, 'dpc_backoff': 0.02, 'no_arc_backoffs': False, 'convex_form': 'signed', 'convex_kmin': 0.0, 'convex_backoff': 0.5, 'planarity': 'auto', 'planarity_tol': 0.0, 'speed_floor': 0.0, 'arclength_weight': 0.0, 'torsion_weight': 0.0, 'coil_grid_n': 150, 'kappa_grid_n': None, 'eval_m': 25, 'eval_n': 25, 'plasma_m': 64, 'plasma_n': 64, 'src_gl': 24, 'src_n': 400, 'vc_m': None, 'vc_n': None, 'vc_chunk': 64, 'dcc_k': 20000, 'dpc_k': 20000, 'no_signed': False, 'dcc_neighbors': None, 'dcc_chunk': 4, 'dpc_chunk': 1, 'qf_chunk': 25, 'coil_jac_chunk': None, 'no_second_order': False, 'so_chunk': 16, 'so_rtol': 0.05, 'max_tr': 0.5, 'max_inner_iter': 100, 'ctol': 0.0001}
BOUNDS (judged, absolute, a=1.77186) L 36  Ltot -  kappa 1.5  kms -  convex -  planar -  dcc 1.2  dpc 1.2
ENFORCED L 36  Ltot -  kappa 1.492  kms -  convex -  planar -  dcc 1.245  dpc 1.224
  [mem] RSS 2.74 GB  peak 2.74 GB
START  bn 7.7549e-03  L 1.000  kappa 0.452  d_cc 1.036  d_pc 1.073  linked 0  coils 16  -> FAILS L
Building objective: Quadratic flux
Precomputing transforms
/home/singh/Documents/DESC2/coil_sandbox/vendor/desc/utils.py:590: UserWarning: Could not build fft interpolator, switching to dft which is slow.
Reason: Got False for eval_grid.can_fft2.
  warnings.warn(msg, err)
  [mem] RSS 7.37 GB  peak 7.38 GB
  [mem] RSS 7.55 GB  peak 7.55 GB
  [mem] RSS 7.68 GB  peak 7.68 GB
  [mem] RSS 6.01 GB  peak 7.79 GB
Timer: Precomputing transforms = 1.70 min
Timer: Objective build = 1.72 min
Building objective: summed coil current
Building objective: fixed shift
Building objective: fixed rotation
Building objective: fixed arc reference
Timer: Objective build = 627 ms
Timer: Objective build = 3.29 ms
Timer: LinearConstraintProjection build = 2.78 sec
Timer: LinearConstraintProjection build = 134 ms
Number of parameters: 75
Number of objectives: 1326
Number of equality constraints: 0
Number of inequality constraints: 1270
Timer: Initializing the optimization = 1.80 min

Starting optimization
Using method: lsq-auglag
E0921 12:05:44.208912  782708 cuda_timer.cc:87] Delay kernel timed out: measured time has sub-optimal accuracy. There may be a missing warmup execution, please investigate in Nsight Systems.
  [mem] RSS 5.04 GB  peak 7.79 GB
second_order: compiling constraint Hessian for blocks CoilLength, CoilSetDistancePenalty
  [mem] RSS 5.53 GB  peak 7.79 GB
  [mem] RSS 6.30 GB  peak 7.79 GB
Solver options:
------------------------------------------------------------
Maximum Function Evaluations       : 2001
Maximum Allowed Total Δx Norm      : inf
Scaled Termination                 : True
Trust Region Method                : svd
Initial Trust Radius               : 8.624e-01
Maximum Trust Radius               : 5.000e-01
Minimum Trust Radius               : 2.220e-16
Trust Radius Increase Ratio        : 4.000e+00
Trust Radius Decrease Ratio        : 2.500e-01
Trust Radius Increase Threshold    : 7.500e-01
Trust Radius Decrease Threshold    : 5.000e-01
Alpha Omega                        : 1.000e+00
Beta Omega                         : 1.000e+00
Alpha Eta                          : 1.000e-01
Beta Eta                           : 9.000e-01
Omega                              : 8.762e-04
Eta                                : 1.000e-02
Tau                                : 1.000e+01
------------------------------------------------------------ 

   Iteration     Total nfev        Cost      Cost reduction    Step norm     Optimality    Constr viol.   Penalty param  max(|mltplr|)      gtolk     
       0              1          4.564e-03                                    8.762e-04      9.944e-06      1.000e+01      0.000e+00      8.762e-05   
second_order: compiling constraint Hessian for blocks CoilLength, CoilCurvature, CoilSetDistancePenalty
  [mem] RSS 6.43 GB  peak 7.79 GB
  [mem] RSS 7.22 GB  peak 7.79 GB
  [mem] RSS 7.24 GB  peak 7.79 GB
       1              2          4.561e-03      2.575e-06      2.541e-03      6.740e-04      1.126e-04      1.000e+01      0.000e+00      8.762e-05   
       2              3          4.561e-03      1.750e-07      7.863e-04      6.716e-03      1.096e-04      1.000e+01      0.000e+00      8.762e-05   
       3              4          4.561e-03      3.014e-08      1.588e-04      4.554e-04      1.135e-04      1.000e+01      0.000e+00      8.762e-05   
       4              5          4.555e-03      6.407e-06      2.531e-02      3.705e-04      1.854e-04      1.000e+01      0.000e+00      8.762e-05   
       5              6          4.547e-03      7.630e-06      2.872e-02      2.706e-04      2.368e-04      1.000e+01      0.000e+00      8.762e-05   
       6              7          4.538e-03      9.402e-06      3.585e-02      2.411e-04      2.792e-04      1.000e+01      0.000e+00      8.762e-05   
       7              8          4.526e-03      1.127e-05      4.095e-02      2.897e-04      3.120e-04      1.000e+01      0.000e+00      8.762e-05   
       8              9          4.514e-03      1.272e-05      4.696e-02      3.544e-04      3.420e-04      1.000e+01      0.000e+00      8.762e-05   
       9             10          4.498e-03      1.542e-05      4.703e-02      3.912e-04      3.650e-04      1.000e+01      0.000e+00      8.762e-05   
      10             11          4.481e-03      1.713e-05      6.935e-02      5.446e-04      3.750e-04      1.000e+01      0.000e+00      8.762e-05   
      11             12          4.461e-03      2.005e-05      6.175e-02      5.939e-04      3.991e-04      1.000e+01      0.000e+00      8.762e-05   
      12             13          4.437e-03      2.401e-05      6.144e-02      5.438e-04      4.087e-04      1.000e+01      0.000e+00      8.762e-05   
      13             14          4.412e-03      2.551e-05      8.567e-02      7.278e-04      4.343e-04      1.000e+01      0.000e+00      8.762e-05   
      14             15          4.386e-03      2.549e-05      5.767e-02      7.298e-04      4.469e-04      1.000e+01      0.000e+00      8.762e-05   
  [mem] RSS 7.24 GB  peak 7.79 GB
      15             16          4.360e-03      2.609e-05      5.568e-02      9.352e-04      4.471e-04      1.000e+01      0.000e+00      8.762e-05   
      16             17          4.331e-03      2.928e-05      7.880e-02      1.184e-03      4.190e-04      1.000e+01      0.000e+00      8.762e-05   
      17             18          4.292e-03      3.895e-05      1.181e-01      1.424e-03      4.318e-04      1.000e+01      0.000e+00      8.762e-05   
      18             19          4.252e-03      3.946e-05      1.231e-01      1.775e-03      4.858e-04      1.000e+01      0.000e+00      8.762e-05   
      19             20          4.214e-03      3.821e-05      1.406e-01      1.814e-03      5.185e-04      1.000e+01      0.000e+00      8.762e-05   
      20             21          4.185e-03      2.897e-05      7.728e-02      1.694e-03      4.815e-04      1.000e+01      0.000e+00      8.762e-05   
      21             22          4.160e-03      2.544e-05      8.556e-02      1.489e-03      4.530e-04      1.000e+01      0.000e+00      8.762e-05   
      22             23          4.134e-03      2.541e-05      8.207e-02      1.426e-03      4.569e-04      1.000e+01      0.000e+00      8.762e-05   
      23             24          4.118e-03      1.582e-05      5.078e-02      1.240e-03      4.590e-04      1.000e+01      0.000e+00      8.762e-05   
      24             25          4.084e-03      3.410e-05      1.154e-01      1.584e-03      4.545e-04      1.000e+01      0.000e+00      8.762e-05   
  [mem] RSS 7.25 GB  peak 7.79 GB
  [it   25] bn 7.2995e-03  L 1.000  kappa 0.589  d_cc 1.029  d_pc 1.067  -> FAILS L
      25             26          4.071e-03      1.385e-05      5.507e-02      1.315e-03      4.563e-04      1.000e+01      0.000e+00      8.762e-05   
      26             27          4.060e-03      1.089e-05      4.289e-02      1.160e-03      4.565e-04      1.000e+01      0.000e+00      8.762e-05   
      27             28          4.035e-03      2.455e-05      1.067e-01      1.280e-03      4.418e-04      1.000e+01      0.000e+00      8.762e-05   
      28             29          4.013e-03      2.161e-05      7.483e-02      1.068e-03      4.330e-04      1.000e+01      0.000e+00      8.762e-05   
      29             30          4.010e-03      3.372e-06      1.178e-02      1.004e-03      4.366e-04      1.000e+01      0.000e+00      8.762e-05   
      30             31          3.998e-03      1.199e-05      4.462e-02      9.107e-04      4.398e-04      1.000e+01      0.000e+00      8.762e-05   
      31             32          3.985e-03      1.329e-05      5.619e-02      8.923e-04      4.386e-04      1.000e+01      0.000e+00      8.762e-05   
      32             33          3.968e-03      1.647e-05      6.654e-02      8.822e-04      4.518e-04      1.000e+01      0.000e+00      8.762e-05   
      33             34          3.946e-03      2.228e-05      9.124e-02      8.892e-04      4.477e-04      1.000e+01      0.000e+00      8.762e-05   
      34             35          3.939e-03      7.188e-06      2.966e-02      7.788e-04      4.514e-04      1.000e+01      0.000e+00      8.762e-05   
      35             36          3.935e-03      3.486e-06      1.466e-02      7.220e-04      4.510e-04      1.000e+01      0.000e+00      8.762e-05   
      36             37          3.926e-03      9.018e-06      3.914e-02      6.661e-04      4.470e-04      1.000e+01      0.000e+00      8.762e-05   
      37             38          3.923e-03      3.314e-06      1.333e-02      6.238e-04      4.475e-04      1.000e+01      0.000e+00      8.762e-05   
      38             39          3.898e-03      2.497e-05      1.020e-01      1.035e-03      4.059e-04      1.000e+01      0.000e+00      8.762e-05   
      39             40          3.889e-03      9.375e-06      5.188e-02      8.328e-04      4.132e-04      1.000e+01      0.000e+00      8.762e-05   
  [mem] RSS 7.25 GB  peak 7.79 GB
      40             41          3.878e-03      1.113e-05      5.515e-02      6.966e-04      4.060e-04      1.000e+01      0.000e+00      8.762e-05   
      41             42          3.873e-03      4.523e-06      1.968e-02      6.424e-04      4.070e-04      1.000e+01      0.000e+00      8.762e-05   
      42             43          3.862e-03      1.111e-05      5.215e-02      6.527e-04      4.058e-04      1.000e+01      0.000e+00      8.762e-05   
second_order: compiling constraint Hessian for blocks CoilLength, CoilCurvature, CoilSetDistancePenalty, PlasmaCoilSetDistancePenalty
  [mem] RSS 7.43 GB  peak 7.79 GB
  [mem] RSS 8.04 GB  peak 8.10 GB
  [mem] RSS 8.15 GB  peak 8.15 GB
      43             44          3.857e-03      4.464e-06      2.314e-02      5.885e-04      4.046e-04      1.000e+01      0.000e+00      8.762e-05   
      44             45          3.848e-03      9.683e-06      4.810e-02      5.584e-04      4.013e-04      1.000e+01      0.000e+00      8.762e-05   
      45             46          3.840e-03      7.394e-06      3.986e-02      5.670e-04      4.046e-04      1.000e+01      0.000e+00      8.762e-05   
      46             47          3.820e-03      2.011e-05      1.000e-01      1.474e-03      4.730e-04      1.000e+01      0.000e+00      8.762e-05   
      47             48          3.811e-03      9.295e-06      5.269e-02      9.887e-04      3.920e-04      1.000e+01      0.000e+00      8.762e-05   
      48             49          3.804e-03      6.954e-06      4.004e-02      8.112e-04      3.793e-04      1.000e+01      0.000e+00      8.762e-05   
      49             50          3.801e-03      2.835e-06      1.575e-02      7.495e-04      3.782e-04      1.000e+01      0.000e+00      8.762e-05   
  [it   50] bn 7.0066e-03  L 1.000  kappa 0.675  d_cc 1.030  d_pc 1.008  -> FAILS L
      50             51          3.797e-03      4.059e-06      2.368e-02      6.907e-04      3.764e-04      1.000e+01      0.000e+00      8.762e-05   
      51             52          3.788e-03      9.118e-06      5.255e-02      6.733e-04      3.711e-04      1.000e+01      0.000e+00      8.762e-05   
      52             53          3.778e-03      9.735e-06      5.021e-02      6.916e-04      3.556e-04      1.000e+01      0.000e+00      8.762e-05   
  [mem] RSS 8.17 GB  peak 8.17 GB
      53             54          3.765e-03      1.339e-05      6.888e-02      7.641e-04      3.217e-04      1.000e+01      0.000e+00      8.762e-05   
      54             55          3.750e-03      1.501e-05      8.365e-02      8.614e-04      2.872e-04      1.000e+01      0.000e+00      8.762e-05   
      55             56          3.741e-03      9.349e-06      5.741e-02      8.513e-04      2.900e-04      1.000e+01      0.000e+00      8.762e-05   
      56             57          3.738e-03      2.933e-06      1.814e-02      7.927e-04      2.901e-04      1.000e+01      0.000e+00      8.762e-05   
      57             58          3.735e-03      2.539e-06      1.638e-02      7.464e-04      2.902e-04      1.000e+01      0.000e+00      8.762e-05   
      58             59          3.722e-03      1.357e-05      9.275e-02      9.417e-04      3.019e-04      1.000e+01      0.000e+00      8.762e-05   
      59             60          3.704e-03      1.744e-05      7.688e-02      9.893e-04      3.173e-04      1.000e+01      0.000e+00      8.762e-05   
      60             61          3.692e-03      1.253e-05      7.947e-02      1.003e-03      3.201e-04      1.000e+01      0.000e+00      8.762e-05   
      61             62          3.669e-03      2.263e-05      1.046e-01      1.158e-03      3.673e-04      1.000e+01      0.000e+00      8.762e-05   
      62             63          3.660e-03      8.834e-06      5.659e-02      1.024e-03      3.267e-04      1.000e+01      0.000e+00      8.762e-05   
      63             64          3.646e-03      1.447e-05      7.807e-02      1.039e-03      3.309e-04      1.000e+01      0.000e+00      8.762e-05   
      64             65          3.633e-03      1.263e-05      6.928e-02      1.051e-03      3.349e-04      1.000e+01      0.000e+00      8.762e-05   
  [mem] RSS 8.17 GB  peak 8.17 GB
      65             66          3.622e-03      1.119e-05      6.053e-02      1.021e-03      3.252e-04      1.000e+01      0.000e+00      8.762e-05   
      66             67          3.615e-03      7.060e-06      3.927e-02      9.359e-04      3.008e-04      1.000e+01      0.000e+00      8.762e-05   
      67             68          3.593e-03      2.219e-05      1.278e-01      1.601e-03      4.916e-04      1.000e+01      0.000e+00      8.762e-05   
      68             69          3.568e-03      2.473e-05      1.262e-01      1.222e-03      3.852e-04      1.000e+01      0.000e+00      8.762e-05   
      69             70          3.537e-03      3.066e-05      1.898e-01      2.617e-03      7.835e-04      1.000e+01      0.000e+00      8.762e-05   
      70             71          3.524e-03      1.310e-05      7.391e-02      1.877e-03      5.708e-04      1.000e+01      0.000e+00      8.762e-05   
      71             72          3.513e-03      1.128e-05      5.971e-02      1.554e-03      4.783e-04      1.000e+01      0.000e+00      8.762e-05   
      72             73          3.494e-03      1.909e-05      9.739e-02      1.436e-03      4.430e-04      1.000e+01      0.000e+00      8.762e-05   
      73             74          3.467e-03      2.627e-05      1.313e-01      1.607e-03      4.889e-04      1.000e+01      0.000e+00      8.762e-05   
      74             75          3.437e-03      3.012e-05      1.430e-01      1.652e-03      5.071e-04      1.000e+01      0.000e+00      8.762e-05   
  [it   75] bn 6.7447e-03  L 1.000  kappa 0.724  d_cc 1.033  d_pc 1.007  -> FAILS L
      75             76          3.410e-03      2.724e-05      1.327e-01      1.621e-03      5.004e-04      1.000e+01      0.000e+00      8.762e-05   
  [mem] RSS 8.18 GB  peak 8.18 GB
      76             77          3.370e-03      3.976e-05      1.938e-01      1.916e-03      6.040e-04      1.000e+01      0.000e+00      8.762e-05   
      77             78          3.320e-03      5.005e-05      2.252e-01      3.154e-03      9.031e-04      1.000e+01      0.000e+00      8.762e-05   
      78             79          3.308e-03      1.240e-05      5.609e-02      2.374e-03      6.958e-04      1.000e+01      0.000e+00      8.762e-05   
      79             80          3.279e-03      2.897e-05      1.282e-01      1.548e-03      4.852e-04      1.000e+01      0.000e+00      8.762e-05   
      80             81          3.262e-03      1.712e-05      7.765e-02      1.446e-03      4.611e-04      1.000e+01      0.000e+00      8.762e-05   
      81             82          3.252e-03      9.887e-06      4.372e-02      1.314e-03      4.247e-04      1.000e+01      0.000e+00      8.762e-05   
      82             83          3.244e-03      8.133e-06      3.356e-02      1.204e-03      3.942e-04      1.000e+01      0.000e+00      8.762e-05   
      83             84          3.221e-03      2.255e-05      9.519e-02      1.381e-03      4.486e-04      1.000e+01      0.000e+00      8.762e-05   
      84             85          3.195e-03      2.599e-05      1.124e-01      1.393e-03      4.599e-04      1.000e+01      0.000e+00      8.762e-05   
      85             86          3.192e-03      3.541e-06      1.654e-02      1.302e-03      4.335e-04      1.000e+01      0.000e+00      8.762e-05   
      86             87          3.167e-03      2.443e-05      1.229e-01      1.249e-03      4.179e-04      1.000e+01      0.000e+00      8.762e-05   
      87             88          3.148e-03      1.962e-05      9.875e-02      1.347e-03      4.531e-04      1.000e+01      0.000e+00      8.762e-05   
      88             89          3.136e-03      1.199e-05      5.785e-02      1.135e-03      3.909e-04      1.000e+01      0.000e+00      8.762e-05   
  [mem] RSS 8.18 GB  peak 8.18 GB
      89             90          3.122e-03      1.386e-05      6.879e-02      1.034e-03      3.623e-04      1.000e+01      0.000e+00      8.762e-05   
      90             91          3.111e-03      1.063e-05      5.547e-02      9.365e-04      3.325e-04      1.000e+01      0.000e+00      8.762e-05   
      91             92          3.101e-03      1.019e-05      5.352e-02      8.729e-04      3.304e-04      1.000e+01      0.000e+00      8.762e-05   
      92             93          3.084e-03      1.661e-05      9.249e-02      8.206e-04      3.342e-04      1.000e+01      0.000e+00      8.762e-05   
      93             94          3.083e-03      1.432e-06      8.405e-03      6.912e-04      3.344e-04      1.000e+01      0.000e+00      8.762e-05   
      94             95          3.068e-03      1.465e-05      1.049e-01      1.418e-03      4.568e-04      1.000e+01      0.000e+00      8.762e-05   
second_order: compiling constraint Hessian for blocks CoilCurvature, CoilSetDistancePenalty, PlasmaCoilSetDistancePenalty
  [mem] RSS 8.19 GB  peak 8.19 GB
  [mem] RSS 8.50 GB  peak 8.50 GB
  [mem] RSS 8.52 GB  peak 8.52 GB
      95             96          3.068e-03     -1.957e-07      7.332e-04      3.312e-04      3.433e-04      1.000e+01      0.000e+00      8.762e-05   
      96             97          3.060e-03      8.735e-06      7.702e-02      4.489e-04      3.466e-04      1.000e+01      0.000e+00      8.762e-05   
      97             98          3.058e-03      1.804e-06      1.546e-02      4.235e-04      3.474e-04      1.000e+01      0.000e+00      8.762e-05   
      98             99          3.056e-03      2.015e-06      1.689e-02      3.934e-04      3.481e-04      1.000e+01      0.000e+00      8.762e-05   
      99             100         3.047e-03      8.823e-06      8.429e-02      4.529e-04      3.509e-04      1.000e+01      0.000e+00      8.762e-05   
  [it  100] bn 6.4903e-03  L 1.000  kappa 0.996  d_cc 1.031  d_pc 1.006  -> FAILS L
      100            101         3.041e-03      5.673e-06      4.920e-02      1.121e-03      3.550e-04      1.000e+01      3.550e-03      1.121e-04   
      101            102         3.037e-03      4.377e-06      4.759e-02      7.339e-04      2.983e-04      1.000e+01      3.550e-03      1.121e-04   
      102            103         3.036e-03      5.884e-07      6.774e-03      7.008e-04      2.936e-04      1.000e+01      3.550e-03      1.121e-04   
  [mem] RSS 8.53 GB  peak 8.53 GB
      103            104         3.033e-03      3.931e-06      4.592e-02      5.751e-04      2.639e-04      1.000e+01      3.550e-03      1.121e-04   
      104            105         3.028e-03      4.237e-06      5.012e-02      5.470e-04      2.433e-04      1.000e+01      3.550e-03      1.121e-04   
      105            106         3.025e-03      3.460e-06      3.473e-02      4.838e-04      2.325e-04      1.000e+01      3.550e-03      1.121e-04   
      106            107         3.022e-03      2.636e-06      3.005e-02      4.448e-04      2.267e-04      1.000e+01      3.550e-03      1.121e-04   
      107            108         3.019e-03      3.247e-06      4.116e-02      4.461e-04      2.216e-04      1.000e+01      3.550e-03      1.121e-04   
      108            109         3.017e-03      1.735e-06      2.219e-02      4.055e-04      2.192e-04      1.000e+01      3.550e-03      1.121e-04   
      109            110         3.015e-03      2.464e-06      4.169e-02      4.061e-04      2.159e-04      1.000e+01      3.550e-03      1.121e-04   
      110            111         3.012e-03      2.284e-06      3.105e-02      3.820e-04      2.146e-04      1.000e+01      3.550e-03      1.121e-04   
      111            112         3.012e-03      4.801e-07      6.369e-03      3.686e-04      2.145e-04      1.000e+01      3.550e-03      1.121e-04   
      112            113         3.008e-03      3.718e-06      4.883e-02      3.497e-04      2.147e-04      1.000e+01      3.550e-03      1.121e-04   
      113            114         3.008e-03      7.083e-07      9.877e-03      3.279e-04      2.149e-04      1.000e+01      3.550e-03      1.121e-04   
      114            115         3.005e-03      2.133e-06      3.607e-02      3.180e-04      2.162e-04      1.000e+01      3.550e-03      1.121e-04   
  [mem] RSS 8.53 GB  peak 8.53 GB
      115            116         3.003e-03      2.092e-06      4.261e-02      3.316e-04      2.179e-04      1.000e+01      3.550e-03      1.121e-04   
      116            117         3.002e-03      1.628e-06      3.011e-02      2.982e-04      2.194e-04      1.000e+01      3.550e-03      1.121e-04   
      117            118         3.000e-03      1.306e-06      2.950e-02      2.737e-04      2.207e-04      1.000e+01      3.550e-03      1.121e-04   
      118            119         3.000e-03      2.231e-07      4.923e-03      2.639e-04      2.209e-04      1.000e+01      3.550e-03      1.121e-04   
      119            120         2.999e-03      1.554e-06      3.743e-02      2.480e-04      2.227e-04      1.000e+01      3.550e-03      1.121e-04   
      120            121         2.997e-03      1.152e-06      3.402e-02      2.227e-04      2.246e-04      1.000e+01      3.550e-03      1.121e-04   
      121            122         2.997e-03      1.851e-07      5.603e-03      2.122e-04      2.249e-04      1.000e+01      3.550e-03      1.121e-04   
      122            123         2.996e-03      1.106e-06      3.500e-02      1.909e-04      2.264e-04      1.000e+01      3.550e-03      1.121e-04   
      123            124         2.995e-03      1.059e-06      3.167e-02      1.918e-04      2.284e-04      1.000e+01      3.550e-03      1.121e-04   
      124            125         2.994e-03      6.416e-07      2.096e-02      1.739e-04      2.288e-04      1.000e+01      3.550e-03      1.121e-04   
  [it  125] bn 6.4399e-03  L 1.000  kappa 1.004  d_cc 1.032  d_pc 1.006  -> FAILS L,kappa
      125            126         2.992e-03      1.990e-06      4.548e-02      3.970e-04      2.322e-04      1.000e+01      3.550e-03      1.121e-04   
      126            127         2.993e-03     -3.750e-08      2.133e-04      1.848e-04      2.322e-04      1.000e+01      3.550e-03      1.121e-04   
  [mem] RSS 8.54 GB  peak 8.54 GB
      127            128         2.992e-03      1.172e-07      5.409e-03      1.772e-04      2.321e-04      1.000e+01      3.550e-03      1.121e-04   
      128            129         2.992e-03      3.586e-07      1.681e-02      1.553e-04      2.320e-04      1.000e+01      3.550e-03      1.121e-04   
      129            130         2.992e-03      4.518e-08      2.044e-03      1.524e-04      2.320e-04      1.000e+01      3.550e-03      1.121e-04   
      130            131         2.992e-03      7.155e-08      3.246e-03      1.475e-04      2.320e-04      1.000e+01      3.550e-03      1.121e-04   
      131            132         2.991e-03      1.117e-06      5.957e-02      1.775e-04      2.323e-04      1.000e+01      3.550e-03      1.121e-04   
      132            133         2.990e-03      5.895e-07      1.573e-02      1.388e-04      2.330e-04      1.000e+01      3.550e-03      1.121e-04   
      133            134         2.990e-03      1.059e-07      4.333e-03      1.296e-04      2.331e-04      1.000e+01      3.550e-03      1.121e-04   
      134            135         2.989e-03      7.704e-07      2.626e-02      1.292e-04      2.343e-04      1.000e+01      3.550e-03      1.121e-04   
      135            136         2.989e-03      6.832e-07      2.194e-02      5.091e-03      2.355e-04      1.000e+01      5.905e-03      5.091e-04   
      136            137         2.989e-03     -3.674e-08      1.611e-04      1.881e-03      2.263e-04      1.007e+01      5.905e-03      1.881e-04   
      137            138         2.989e-03     -7.314e-07      8.034e-04      5.473e-03      1.244e-04      1.007e+01      5.905e-03      1.881e-04   
      138            139         2.990e-03     -1.328e-07      2.350e-04      5.085e-04      1.156e-04      1.007e+01      5.905e-03      1.881e-04   
      139            140         2.990e-03      4.150e-08      9.404e-03      4.561e-04      1.091e-04      1.007e+01      5.905e-03      1.881e-04   
  [mem] RSS 8.57 GB  peak 8.57 GB
      140            141         2.989e-03      1.720e-08      2.124e-02      3.177e-04      9.686e-05      1.007e+01      5.905e-03      1.881e-04   
      141            142         2.989e-03      3.161e-07      5.279e-02      3.814e-04      8.310e-05      1.007e+01      5.905e-03      1.881e-04   
      142            143         2.989e-03      5.294e-07      5.397e-03      3.627e-04      8.285e-05      1.007e+01      5.905e-03      1.881e-04   
      143            144         2.989e-03     -9.077e-08      2.641e-04      7.634e-04      7.877e-05      1.007e+01      5.905e-03      1.881e-04   
      144            145         2.989e-03      1.787e-08      1.969e-04      7.629e-04      7.876e-05      1.007e+01      5.905e-03      1.881e-04   
second_order: compiling constraint Hessian for blocks CoilSetDistancePenalty, PlasmaCoilSetDistancePenalty
E0921 12:17:30.503273  782694 cuda_timer.cc:87] Delay kernel timed out: measured time has sub-optimal accuracy. There may be a missing warmup execution, please investigate in Nsight Systems.
  [mem] RSS 8.71 GB  peak 8.71 GB
      145            146         2.989e-03     -1.453e-08      5.267e-05      3.549e-04      7.751e-05      1.007e+01      1.366e-02      3.549e-05   
      146            147         2.989e-03     -2.889e-07      3.174e-04      8.701e-04      7.544e-05      1.007e+01      1.366e-02      3.549e-05   
      147            148         2.989e-03     -1.103e-08      9.862e-05      1.357e-04      7.580e-05      1.007e+01      1.366e-02      3.549e-05   
  [mem] RSS 8.75 GB  peak 8.75 GB
      148            149         2.989e-03      8.968e-08      1.385e-03      1.341e-04      7.548e-05      1.007e+01      1.366e-02      3.549e-05   
      149            150         2.987e-03      1.731e-06      2.797e-02      2.166e-04      6.932e-05      1.007e+01      1.366e-02      3.549e-05   
  [it  150] bn 6.4355e-03  L 1.000  kappa 1.003  d_cc 1.035  d_pc 1.007  -> FAILS kappa
      150            151         2.987e-03      5.696e-07      1.476e-02      2.039e-04      6.697e-05      1.007e+01      1.366e-02      3.549e-05   
      151            152         2.986e-03      4.699e-07      1.378e-02      1.886e-04      6.492e-05      1.007e+01      1.366e-02      3.549e-05   
      152            153         2.985e-03      1.070e-06      3.111e-02      1.707e-04      6.017e-05      1.007e+01      1.366e-02      3.549e-05   
      153            154         2.984e-03      1.161e-06      4.053e-02      2.228e-04      5.696e-05      1.007e+01      1.366e-02      3.549e-05   
      154            155         2.982e-03      1.556e-06      4.052e-02      2.666e-04      5.263e-05      1.007e+01      1.366e-02      3.549e-05   
second_order: compiling constraint Hessian for blocks CoilLength, CoilSetDistancePenalty, PlasmaCoilSetDistancePenalty
  [mem] RSS 8.77 GB  peak 8.77 GB
  [mem] RSS 9.30 GB  peak 9.30 GB
      155            156         2.982e-03      5.916e-07      2.621e-02      2.829e-04      5.173e-05      1.007e+01      1.366e-02      3.549e-05   
      156            157         2.982e-03      1.199e-07      2.821e-03      2.668e-04      5.142e-05      1.007e+01      1.366e-02      3.549e-05   
      157            158         2.981e-03      6.767e-07      2.316e-02      2.347e-04      5.002e-05      1.007e+01      1.366e-02      3.549e-05   
      158            159         2.981e-03      1.465e-07      7.651e-03      2.143e-04      4.973e-05      1.007e+01      1.366e-02      3.549e-05   
      159            160         2.981e-03      4.712e-08      2.832e-03      2.081e-04      4.966e-05      1.007e+01      1.366e-02      3.549e-05   
  [mem] RSS 9.35 GB  peak 9.35 GB
      160            161         2.980e-03      8.954e-07      4.499e-02      7.318e-04      2.307e-04      1.007e+01      1.366e-02      3.549e-05   
      161            162         2.979e-03      4.404e-07      9.268e-03      1.733e-04      5.103e-05      1.007e+01      1.366e-02      3.549e-05   
      162            163         2.979e-03      1.973e-07      3.509e-03      1.578e-04      4.785e-05      1.007e+01      1.366e-02      3.549e-05   
      163            164         2.977e-03      2.124e-06      3.991e-02      2.114e-04      4.765e-05      1.007e+01      1.366e-02      3.549e-05   
      164            165         2.977e-03      5.988e-07      5.083e-02      6.168e-04      1.873e-04      1.007e+01      1.366e-02      3.549e-05   
      165            166         2.976e-03      6.996e-08      5.262e-03      4.142e-04      1.249e-04      1.007e+01      1.366e-02      3.549e-05   
      166            167         2.976e-03      6.264e-07      1.323e-02      5.125e-04      4.898e-05      1.007e+01      1.784e-02      5.125e-05   
      167            168         2.976e-03     -9.055e-08      1.444e-04      1.600e-04      4.875e-05      1.007e+01      1.784e-02      5.125e-05   
      168            169         2.976e-03      9.941e-08      5.324e-03      1.519e-04      4.846e-05      1.007e+01      1.784e-02      5.125e-05   
      169            170         2.975e-03      7.768e-07      4.828e-02      1.147e-04      4.562e-05      1.007e+01      1.784e-02      5.125e-05   
      170            171         2.975e-03      2.649e-07      3.636e-02      1.564e-04      4.522e-05      1.007e+01      1.784e-02      5.125e-05   
      171            172         2.974e-03      6.732e-07      3.722e-02      3.247e-04      9.382e-05      1.007e+01      1.784e-02      5.125e-05   
      172            173         2.974e-03      3.576e-07      1.027e-02      2.511e-04      6.915e-05      1.007e+01      1.784e-02      5.125e-05   
  [mem] RSS 9.35 GB  peak 9.35 GB
      173            174         2.974e-03      1.671e-07      1.270e-02      2.390e-04      6.501e-05      1.007e+01      1.784e-02      5.125e-05   
      174            175         2.973e-03      6.608e-07      3.886e-02      2.505e-04      6.929e-05      1.007e+01      1.784e-02      5.125e-05   
  [it  175] bn 6.4244e-03  L 1.000  kappa 1.004  d_cc 1.035  d_pc 1.008  -> FAILS L,kappa
      175            176         2.971e-03      1.514e-06      5.013e-02      5.837e-04      1.844e-04      1.007e+01      1.784e-02      5.125e-05   
      176            177         2.971e-03      2.211e-07      1.717e-02      2.650e-04      8.358e-05      1.007e+01      1.784e-02      5.125e-05   
      177            178         2.971e-03     -1.807e-08      1.333e-04      1.097e-04      4.465e-05      1.007e+01      1.784e-02      5.125e-05   
      178            179         2.969e-03      1.924e-06      4.531e-02      1.745e-04      4.449e-05      1.007e+01      1.784e-02      5.125e-05   
      179            180         2.969e-03      4.060e-09      1.615e-04      5.985e-04      4.430e-05      1.007e+01      1.784e-02      5.125e-05   
      180            181         2.969e-03     -7.180e-09      4.221e-05      1.753e-04      4.431e-05      1.007e+01      2.100e-02      1.753e-05   
      181            182         2.970e-03     -2.530e-07      4.015e-04      4.653e-04      4.372e-05      1.007e+01      2.100e-02      1.753e-05   
      182            183         2.970e-03      1.546e-08      8.300e-05      8.161e-05      4.357e-05      1.007e+01      2.100e-02      1.753e-05   
  [mem] RSS 9.35 GB  peak 9.35 GB
      183            184         2.969e-03      6.688e-08      1.292e-04      9.252e-04      4.350e-05      1.007e+01      2.100e-02      1.753e-05   
      184            185         2.969e-03      8.575e-09      9.482e-05      9.250e-04      4.350e-05      1.007e+01      2.100e-02      1.753e-05   
      185            186         2.969e-03     -4.834e-09      3.252e-05      1.287e-04      4.346e-05      1.007e+01      2.344e-02      1.287e-05   
      186            187         2.969e-03      1.154e-07      9.366e-03      1.121e-04      4.244e-05      1.007e+01      2.344e-02      1.287e-05   
      187            188         2.969e-03      1.096e-07      8.578e-03      9.878e-05      4.164e-05      1.007e+01      2.344e-02      1.287e-05   
      188            189         2.969e-03      4.751e-07      3.613e-02      6.897e-05      3.878e-05      1.007e+01      2.344e-02      1.287e-05   
      189            190         2.968e-03      5.900e-07      2.406e-02      8.238e-05      3.705e-05      1.007e+01      2.344e-02      1.287e-05   
      190            191         2.968e-03      9.353e-09      5.536e-04      8.154e-05      3.704e-05      1.007e+01      2.344e-02      1.287e-05   
      191            192         2.968e-03      2.680e-07      1.583e-02      7.570e-05      3.660e-05      1.007e+01      2.344e-02      1.287e-05   
      192            193         2.968e-03      1.537e-08      9.119e-04      7.435e-05      3.658e-05      1.007e+01      2.344e-02      1.287e-05   
      193            194         2.967e-03      4.034e-07      2.592e-02      9.173e-05      3.606e-05      1.007e+01      2.344e-02      1.287e-05   
      194            195         2.967e-03      1.604e-07      1.986e-02      9.269e-05      3.610e-05      1.007e+01      2.344e-02      1.287e-05   
      195            196         2.966e-03      1.362e-06      4.000e-02      1.780e-04      5.540e-05      1.007e+01      2.344e-02      1.287e-05   
  [mem] RSS 9.36 GB  peak 9.36 GB
      196            197         2.966e-03      2.421e-07      1.835e-02      1.656e-04      5.152e-05      1.007e+01      2.344e-02      1.287e-05   
      197            198         2.965e-03      5.565e-07      4.445e-02      2.273e-04      7.027e-05      1.007e+01      2.344e-02      1.287e-05   
      198            199         2.965e-03      3.748e-08      3.030e-03      2.062e-04      6.371e-05      1.007e+01      2.344e-02      1.287e-05   
      199            200         2.965e-03     -2.442e-09      1.312e-04      5.881e-05      3.737e-05      1.007e+01      2.344e-02      1.287e-05   
  [it  200] bn 6.4197e-03  L 1.000  kappa 1.004  d_cc 1.035  d_pc 1.008  -> FAILS L,kappa
      200            201         2.965e-03     -1.265e-08      5.440e-05      3.965e-05      3.719e-05      1.007e+01      2.344e-02      1.287e-05   
      201            202         2.965e-03      5.786e-09      4.911e-04      3.903e-05      3.720e-05      1.007e+01      2.344e-02      1.287e-05   
      202            203         2.965e-03      1.394e-07      1.703e-02      4.306e-05      3.739e-05      1.007e+01      2.344e-02      1.287e-05   
      203            204         2.965e-03      7.972e-08      1.430e-02      4.909e-05      3.753e-05      1.007e+01      2.344e-02      1.287e-05   
      204            205         2.965e-03      3.227e-07      1.273e-02      5.476e-05      3.766e-05      1.007e+01      2.344e-02      1.287e-05   
      205            206         2.964e-03      8.087e-07      3.669e-02      1.183e-04      3.800e-05      1.007e+01      2.344e-02      1.287e-05   
      206            207         2.964e-03      1.835e-07      1.234e-02      1.106e-04      3.813e-05      1.007e+01      2.344e-02      1.287e-05   
  [mem] RSS 9.36 GB  peak 9.36 GB
      207            208         2.963e-03      3.796e-07      2.466e-02      1.048e-04      3.840e-05      1.007e+01      2.344e-02      1.287e-05   
      208            209         2.963e-03      3.748e-08      3.459e-03      1.035e-04      3.843e-05      1.007e+01      2.344e-02      1.287e-05   
      209            210         2.963e-03      2.243e-08      2.018e-03      1.022e-04      3.845e-05      1.007e+01      2.344e-02      1.287e-05   
      210            211         2.963e-03     -6.058e-09      6.622e-05      3.579e-05      3.850e-05      1.007e+01      2.344e-02      1.287e-05   
      211            212         2.963e-03      5.016e-07      3.620e-02      2.005e-04      6.438e-05      1.007e+01      2.344e-02      1.287e-05   
      212            213         2.963e-03      1.627e-07      1.902e-02      1.987e-04      6.363e-05      1.007e+01      2.344e-02      1.287e-05   
      213            214         2.962e-03      1.259e-07      1.094e-02      1.843e-04      5.898e-05      1.007e+01      2.344e-02      1.287e-05   
      214            215         2.962e-03      1.895e-08      1.316e-03      1.799e-04      5.755e-05      1.007e+01      2.344e-02      1.287e-05   
      215            216         2.962e-03      2.976e-07      2.436e-02      1.446e-04      4.608e-05      1.007e+01      2.344e-02      1.287e-05   
      216            217         2.961e-03      8.820e-07      4.434e-02      2.223e-04      7.078e-05      1.007e+01      2.344e-02      1.287e-05   
      217            218         2.961e-03      6.766e-07      4.359e-02      2.765e-04      8.764e-05      1.007e+01      2.344e-02      1.287e-05   
      218            219         2.960e-03      2.408e-07      1.748e-02      2.616e-04      8.287e-05      1.007e+01      2.344e-02      1.287e-05   
      219            220         2.960e-03      2.320e-07      1.670e-02      2.443e-04      7.732e-05      1.007e+01      2.344e-02      1.287e-05   
      220            221         2.960e-03      1.199e-07      8.501e-03      2.296e-04      7.264e-05      1.007e+01      2.344e-02      1.287e-05   
  [mem] RSS 9.36 GB  peak 9.36 GB
      221            222         2.959e-03      4.448e-07      3.164e-02      2.210e-04      6.989e-05      1.007e+01      2.344e-02      1.287e-05   
      222            223         2.959e-03      1.393e-07      1.092e-02      1.959e-04      6.191e-05      1.007e+01      2.344e-02      1.287e-05   
      223            224         2.959e-03      2.517e-07      2.168e-02      1.645e-04      5.203e-05      1.007e+01      2.344e-02      1.287e-05   
      224            225         2.959e-03      3.587e-07      3.598e-02      3.264e-04      1.042e-04      1.007e+01      2.344e-02      1.287e-05   
  [it  225] bn 6.4154e-03  L 1.000  kappa 1.004  d_cc 1.035  d_pc 1.008  -> FAILS L,kappa
      225            226         2.959e-03      2.134e-07      2.101e-02      2.161e-04      6.872e-05      1.007e+01      2.344e-02      1.287e-05   
      226            227         2.958e-03      2.468e-07      3.372e-02      1.856e-04      5.882e-05      1.007e+01      2.344e-02      1.287e-05   
      227            228         2.958e-03     -7.384e-09      1.121e-04      7.259e-05      4.179e-05      1.007e+01      2.344e-02      1.287e-05   
      228            229         2.958e-03      1.115e-08      1.739e-03      7.218e-05      4.180e-05      1.007e+01      2.344e-02      1.287e-05   
      229            230         2.958e-03      3.971e-07      6.381e-02      3.311e-04      1.053e-04      1.007e+01      2.344e-02      1.287e-05   
      230            231         2.958e-03      1.873e-07      1.393e-02      3.202e-04      1.017e-04      1.007e+01      2.344e-02      1.287e-05   
      231            232         2.957e-03      5.564e-07      4.166e-02      3.585e-04      1.137e-04      1.007e+01      2.344e-02      1.287e-05   
  [mem] RSS 9.38 GB  peak 9.38 GB
      232            233         2.957e-03      3.021e-07      1.265e-02      2.961e-04      9.389e-05      1.007e+01      2.344e-02      1.287e-05   
      233            234         2.956e-03      3.955e-07      3.636e-02      3.127e-04      9.915e-05      1.007e+01      2.344e-02      1.287e-05   
      234            235         2.956e-03      2.153e-07      2.379e-02      3.095e-04      9.806e-05      1.007e+01      2.344e-02      1.287e-05   
      235            236         2.956e-03      3.239e-07      3.456e-02      3.236e-04      1.025e-04      1.007e+01      2.344e-02      1.287e-05   
      236            237         2.956e-03      1.977e-07      2.121e-02      2.985e-04      9.449e-05      1.007e+01      2.344e-02      1.287e-05   
      237            238         2.955e-03      8.947e-07      1.128e-01      8.377e-04      2.666e-04      1.007e+01      2.344e-02      1.287e-05   
      238            239         2.954e-03      3.152e-07      2.508e-02      2.559e-04      8.124e-05      1.007e+01      2.344e-02      1.287e-05   
      239            240         2.954e-03      3.068e-08      6.042e-03      2.488e-04      7.895e-05      1.007e+01      2.344e-02      1.287e-05   
      240            241         2.954e-03      1.092e-07      2.218e-02      2.402e-04      7.611e-05      1.007e+01      2.344e-02      1.287e-05   
      241            242         2.954e-03      1.473e-07      3.056e-02      2.382e-04      7.536e-05      1.007e+01      2.344e-02      1.287e-05   
      242            243         2.954e-03     -1.252e-08      1.402e-04      9.275e-05      4.566e-05      1.007e+01      2.344e-02      1.287e-05   
      243            244         2.954e-03     -1.760e-08      6.204e-05      5.846e-05      4.557e-05      1.007e+01      2.344e-02      1.287e-05   
      244            245         2.954e-03      2.456e-08      4.340e-03      5.786e-05      4.560e-05      1.007e+01      2.344e-02      1.287e-05   
      245            246         2.954e-03      5.635e-08      1.109e-02      6.128e-05      4.568e-05      1.007e+01      2.344e-02      1.287e-05   
  [mem] RSS 9.40 GB  peak 9.40 GB
      246            247         2.954e-03      1.590e-07      2.357e-02      8.116e-05      4.594e-05      1.007e+01      2.344e-02      1.287e-05   
      247            248         2.954e-03      1.588e-07      2.450e-02      9.165e-05      4.620e-05      1.007e+01      2.344e-02      1.287e-05   
      248            249         2.954e-03      2.850e-07      6.264e-02      2.740e-04      8.665e-05      1.007e+01      2.344e-02      1.287e-05   
      249            250         2.953e-03      1.037e-07      1.585e-02      2.242e-04      7.084e-05      1.007e+01      2.344e-02      1.287e-05   
  [it  250] bn 6.4146e-03  L 1.000  kappa 0.998  d_cc 1.035  d_pc 1.007  -> FAILS L
      250            251         2.953e-03      2.369e-07      3.976e-02      1.835e-04      5.793e-05      1.007e+01      2.344e-02      1.287e-05   
      251            252         2.953e-03      1.498e-07      2.218e-02      1.470e-04      4.708e-05      1.007e+01      2.344e-02      1.287e-05   
      252            253         2.953e-03      8.995e-08      2.091e-02      1.421e-04      4.722e-05      1.007e+01      2.344e-02      1.287e-05   
      253            254         2.953e-03      3.769e-07      8.269e-02      3.690e-04      1.168e-04      1.007e+01      2.344e-02      1.287e-05   
      254            255         2.952e-03      9.613e-08      1.178e-02      2.215e-04      7.024e-05      1.007e+01      2.344e-02      1.287e-05   
      255            256         2.952e-03      1.555e-07      3.400e-02      1.627e-04      5.158e-05      1.007e+01      2.344e-02      1.287e-05   
      256            257         2.952e-03      7.028e-08      1.681e-02      1.394e-04      4.818e-05      1.007e+01      2.344e-02      1.287e-05   
  [mem] RSS 9.42 GB  peak 9.42 GB
      257            258         2.952e-03      2.173e-08      5.262e-03      1.309e-04      4.821e-05      1.007e+01      2.344e-02      1.287e-05   
      258            259         2.952e-03      1.969e-07      4.726e-02      1.572e-04      4.990e-05      1.007e+01      2.344e-02      1.287e-05   
      259            260         2.952e-03      6.896e-08      1.071e-02      1.320e-04      4.853e-05      1.007e+01      2.344e-02      1.287e-05   
      260            261         2.952e-03      3.886e-08      8.414e-03      1.129e-04      4.859e-05      1.007e+01      2.344e-02      1.287e-05   
      261            262         2.952e-03      1.705e-08      3.946e-03      1.048e-04      4.861e-05      1.007e+01      2.344e-02      1.287e-05   
      262            263         2.952e-03      1.266e-07      2.988e-02      8.789e-05      4.875e-05      1.007e+01      2.344e-02      1.287e-05   
      263            264         2.952e-03      1.960e-07      5.969e-02      2.457e-04      6.941e-05      1.007e+01      2.344e-02      1.287e-05   
      264            265         2.951e-03      1.251e-07      3.307e-02      1.566e-04      4.916e-05      1.007e+01      2.344e-02      1.287e-05   
      265            266         2.951e-03      1.045e-07      4.760e-02      1.559e-04      5.017e-05      1.007e+01      2.344e-02      1.287e-05   
      266            267         2.951e-03      6.003e-08      1.940e-02      1.130e-04      4.957e-05      1.007e+01      2.344e-02      1.287e-05   
      267            268         2.951e-03      5.130e-08      3.299e-03      1.097e-04      4.961e-05      1.007e+01      2.344e-02      1.287e-05   
      268            269         2.951e-03      5.038e-08      3.252e-03      1.065e-04      4.965e-05      1.007e+01      2.344e-02      1.287e-05   
      269            270         2.951e-03     -1.516e-08      6.681e-05      4.663e-05      4.972e-05      1.007e+01      2.344e-02      1.287e-05   
  [mem] RSS 9.44 GB  peak 9.44 GB
      270            271         2.951e-03     -2.726e-09      2.955e-05      8.295e-05      4.967e-05      1.007e+01      2.538e-02      8.295e-06   
      271            272         2.951e-03      4.814e-08      8.436e-03      7.525e-05      4.939e-05      1.007e+01      2.538e-02      8.295e-06   
      272            273         2.951e-03     -7.732e-08      1.213e-04      1.969e-04      4.944e-05      1.007e+01      2.538e-02      8.295e-06   
      273            274         2.951e-03      2.543e-08      6.818e-05      3.729e-05      4.923e-05      1.007e+01      2.538e-02      8.295e-06   
      274            275         2.951e-03     -3.402e-08      6.060e-05      9.957e-04      4.918e-05      1.007e+01      2.538e-02      8.295e-06   
  [it  275] bn 6.4211e-03  L 1.000  kappa 0.996  d_cc 1.035  d_pc 1.007  -> FEASIBLE
      275            276         2.951e-03      2.873e-09      2.593e-05      8.324e-05      4.918e-05      1.007e+01      2.709e-02      8.324e-06   
      276            277         2.951e-03      1.919e-08      9.193e-05      7.148e-05      4.885e-05      1.007e+01      2.709e-02      8.324e-06   
      277            278         2.951e-03      1.793e-08      4.891e-03      6.936e-05      4.866e-05      1.007e+01      2.709e-02      8.324e-06   
  [mem] RSS 9.46 GB  peak 9.46 GB
      278            279         2.951e-03     -4.912e-08      7.442e-05      1.243e-04      4.871e-05      1.007e+01      2.709e-02      8.324e-06   
      279            280         2.951e-03      2.000e-08      5.587e-05      5.717e-05      4.851e-05      1.007e+01      2.709e-02      8.324e-06   
      280            281         2.951e-03      2.206e-08      6.882e-03      5.542e-05      4.831e-05      1.007e+01      2.709e-02      8.324e-06   
      281            282         2.951e-03     -3.517e-08      5.673e-05      3.957e-04      4.828e-05      1.007e+01      2.709e-02      8.324e-06   
      282            283         2.951e-03      1.021e-08      2.720e-05      7.079e-05      4.821e-05      1.007e+01      2.867e-02      7.079e-06   
      283            284         2.951e-03     -4.486e-08      6.429e-05      4.923e-04      4.805e-05      1.007e+01      2.867e-02      7.079e-06   
      284            285         2.951e-03      5.751e-09      5.945e-05      5.261e-05      4.805e-05      1.007e+01      2.867e-02      7.079e-06   
      285            286         2.951e-03      1.181e-08      8.109e-05      9.696e-05      4.770e-05      1.007e+01      2.867e-02      7.079e-06   
      286            287         2.951e-03      5.176e-08      1.859e-02      8.855e-05      4.688e-05      1.007e+01      2.867e-02      7.079e-06   
      287            288         2.951e-03      2.779e-08      6.345e-03      8.389e-05      4.649e-05      1.007e+01      2.867e-02      7.079e-06   
      288            289         2.951e-03      5.812e-08      1.344e-02      7.495e-05      4.571e-05      1.007e+01      2.867e-02      7.079e-06   
  [mem] RSS 9.48 GB  peak 9.48 GB
      289            290         2.951e-03      7.859e-08      1.817e-02      6.439e-05      4.479e-05      1.007e+01      2.867e-02      7.079e-06   
      290            291         2.951e-03      5.214e-08      1.125e-02      5.801e-05      4.431e-05      1.007e+01      2.867e-02      7.079e-06   
      291            292         2.951e-03      3.135e-08      7.212e-03      5.484e-05      4.408e-05      1.007e+01      2.867e-02      7.079e-06   
      292            293         2.951e-03     -1.865e-08      3.286e-05      1.693e-04      4.408e-05      1.007e+01      3.013e-02      1.693e-05   
      293            294         2.951e-03     -3.517e-09      2.089e-05      5.333e-05      4.402e-05      1.007e+01      3.156e-02      5.333e-06   
      294            295         2.951e-03      5.231e-08      1.904e-03      5.215e-05      4.382e-05      1.007e+01      3.156e-02      5.333e-06   
      295            296         2.951e-03      1.347e-07      4.964e-03      4.916e-05      4.331e-05      1.007e+01      3.156e-02      5.333e-06   
      296            297         2.951e-03      3.358e-08      1.290e-03      4.839e-05      4.319e-05      1.007e+01      3.156e-02      5.333e-06   
      297            298         2.951e-03      1.841e-07      7.169e-03      4.435e-05      4.251e-05      1.007e+01      3.156e-02      5.333e-06   
      298            299         2.951e-03      4.650e-09      1.961e-04      4.424e-05      4.250e-05      1.007e+01      3.156e-02      5.333e-06   
      299            300         2.951e-03      1.156e-08      4.884e-04      4.396e-05      4.245e-05      1.007e+01      3.156e-02      5.333e-06   
  [mem] RSS 9.50 GB  peak 9.50 GB
  [it  300] bn 6.4216e-03  L 1.000  kappa 0.996  d_cc 1.036  d_pc 1.008  -> FAILS L
      300            301         2.951e-03      3.076e-08      1.306e-03      4.324e-05      4.234e-05      1.007e+01      3.156e-02      5.333e-06   
      301            302         2.951e-03      1.289e-08      5.551e-04      4.293e-05      4.230e-05      1.007e+01      3.156e-02      5.333e-06   
      302            303         2.951e-03      1.280e-08      5.540e-04      4.263e-05      4.225e-05      1.007e+01      3.156e-02      5.333e-06   
      303            304         2.951e-03      1.231e-08      5.361e-04      4.234e-05      4.221e-05      1.007e+01      3.156e-02      5.333e-06   
      304            305         2.950e-03      7.139e-09      3.125e-04      4.217e-05      4.218e-05      1.007e+01      3.156e-02      5.333e-06   
      305            306         2.951e-03     -4.824e-08      6.194e-05      5.184e-05      4.209e-05      1.007e+01      3.156e-02      5.333e-06   
      306            307         2.951e-03      6.662e-09      3.168e-05      4.626e-05      4.189e-05      1.007e+01      3.286e-02      4.626e-06   
      307            308         2.951e-03     -4.242e-08      5.663e-05      1.506e-04      4.176e-05      1.007e+01      3.286e-02      4.626e-06   
      308            309         2.951e-03      6.846e-09      2.653e-05      3.235e-05      4.162e-05      1.007e+01      3.408e-02      3.235e-06   
  [mem] RSS 9.51 GB  peak 9.51 GB
      309            310         2.951e-03     -7.660e-08      1.625e-04      8.307e-04      4.046e-05      1.007e+01      3.408e-02      3.235e-06   
      310            311         2.951e-03      3.641e-09      3.308e-05      6.474e-05      4.046e-05      1.007e+01      3.408e-02      3.235e-06   
      311            312         2.951e-03      7.855e-09      4.531e-05      5.899e-05      4.069e-05      1.007e+01      3.517e-02      5.899e-06   
      312            313         2.951e-03      1.188e-07      5.782e-03      4.899e-05      3.945e-05      1.007e+01      3.517e-02      5.899e-06   
      313            314         2.951e-03      9.017e-09      4.741e-04      4.849e-05      3.938e-05      1.007e+01      3.517e-02      5.899e-06   
      314            315         2.950e-03      4.022e-08      2.123e-03      4.615e-05      3.906e-05      1.007e+01      3.517e-02      5.899e-06   
      315            316         2.950e-03      4.197e-09      2.259e-04      4.594e-05      3.903e-05      1.007e+01      3.517e-02      5.899e-06   
      316            317         2.950e-03      4.001e-09      2.157e-04      4.574e-05      3.900e-05      1.007e+01      3.517e-02      5.899e-06   
      317            318         2.950e-03      3.658e-07      1.967e-02      2.017e-05      3.646e-05      1.007e+01      3.517e-02      5.899e-06   
      318            319         2.950e-03      5.558e-08      3.633e-03      1.966e-05      3.627e-05      1.007e+01      3.517e-02      5.899e-06   
      319            320         2.950e-03      3.068e-09      2.015e-04      1.960e-05      3.626e-05      1.007e+01      3.517e-02      5.899e-06   
      320            321         2.950e-03      1.805e-08      1.185e-03      1.929e-05      3.621e-05      1.007e+01      3.517e-02      5.899e-06   
  [mem] RSS 9.53 GB  peak 9.53 GB
      321            322         2.950e-03      5.273e-09      3.457e-04      1.919e-05      3.619e-05      1.007e+01      3.517e-02      5.899e-06   
      322            323         2.950e-03      6.136e-08      4.016e-03      1.880e-05      3.602e-05      1.007e+01      3.517e-02      5.899e-06   
      323            324         2.950e-03      6.795e-08      4.424e-03      1.855e-05      3.583e-05      1.007e+01      3.517e-02      5.899e-06   
      324            325         2.950e-03     -7.199e-09      2.653e-05      3.751e-04      3.575e-05      1.007e+01      3.633e-02      3.751e-05   
  [it  325] bn 6.4219e-03  L 1.000  kappa 0.996  d_cc 1.036  d_pc 1.008  -> FAILS L
      325            326         2.950e-03     -2.371e-09      1.644e-05      3.700e-05      3.574e-05      1.007e+01      3.748e-02      3.700e-06   
      326            327         2.950e-03     -5.550e-08      6.747e-05      4.486e-05      3.567e-05      1.007e+01      3.748e-02      3.700e-06   
      327            328         2.950e-03      1.275e-08      4.151e-05      3.544e-05      3.546e-05      1.007e+01      3.855e-02      3.544e-06   
      328            329         2.950e-03     -4.381e-08      5.841e-05      1.519e-04      3.541e-05      1.007e+01      3.855e-02      3.544e-06   
      329            330         2.950e-03      1.248e-08      3.258e-05      3.706e-05      3.524e-05      1.007e+01      3.956e-02      3.706e-06   
  [mem] RSS 9.55 GB  peak 9.55 GB
      330            331         2.950e-03     -1.769e-08      5.847e-05      6.008e-05      3.491e-05      1.007e+01      3.956e-02      3.706e-06   
      331            332         2.950e-03     -3.481e-09      3.893e-05      4.018e-05      3.492e-05      1.007e+01      4.054e-02      4.018e-06   
      332            333         2.950e-03     -2.032e-08      4.715e-05      5.307e-05      3.465e-05      1.007e+01      4.054e-02      4.018e-06   
      333            334         2.950e-03      3.525e-08      4.923e-03      5.026e-05      3.424e-05      1.007e+01      4.054e-02      4.018e-06   
      334            335         2.950e-03      5.470e-09      7.591e-04      4.988e-05      3.417e-05      1.007e+01      4.054e-02      4.018e-06   
      335            336         2.950e-03      4.114e-09      5.692e-04      4.961e-05      3.413e-05      1.007e+01      4.054e-02      4.018e-06   
      336            337         2.950e-03     -1.254e-09      3.597e-05      3.915e-05      3.409e-05      1.007e+01      4.148e-02      3.915e-06   
      337            338         2.950e-03      1.995e-09      3.290e-04      4.763e-05      3.407e-05      1.007e+01      4.243e-02      4.763e-06   
      338            339         2.950e-03      9.956e-09      1.767e-03      4.705e-05      3.392e-05      1.007e+01      4.243e-02      4.763e-06   
  [mem] RSS 9.57 GB  peak 9.57 GB
      339            340         2.950e-03     -2.412e-08      4.087e-05      6.218e-04      3.370e-05      1.007e+01      4.331e-02      6.218e-05   
      340            341         2.950e-03     -1.928e-09      2.154e-05      4.389e-05      3.369e-05      1.007e+01      4.420e-02      4.389e-06   
      341            342         2.950e-03     -3.701e-08      6.197e-05      8.731e-05      3.360e-05      1.007e+01      4.505e-02      8.731e-06   
      342            343         2.950e-03      1.304e-09      6.338e-05      6.037e-05      3.323e-05      1.007e+01      4.587e-02      6.037e-06   
      343            344         2.950e-03     -2.852e-08      5.359e-05      8.062e-05      3.325e-05      1.007e+01      4.667e-02      8.062e-06   
      344            345         2.950e-03     -1.503e-09      6.025e-05      7.620e-05      3.283e-05      1.007e+01      4.745e-02      7.620e-06   
      345            346         2.950e-03     -3.096e-08      5.723e-05      5.749e-05      3.290e-05      1.007e+01      4.745e-02      7.620e-06   
  [mem] RSS 9.58 GB  peak 9.58 GB
      346            347         2.950e-03     -1.239e-08      9.520e-05      6.608e-05      3.218e-05      1.007e+01      4.745e-02      7.620e-06   
      347            348         2.950e-03      8.004e-09      9.304e-04      6.503e-05      3.197e-05      1.007e+01      4.745e-02      7.620e-06   
      348            349         2.950e-03     -1.891e-08      4.252e-05      9.053e-05      3.204e-05      1.007e+01      4.817e-02      9.053e-06   
      349            350         2.950e-03      5.516e-09      5.123e-05      6.467e-05      3.165e-05      1.007e+01      4.888e-02      6.467e-06   
  [it  350] bn 6.4224e-03  L 1.000  kappa 0.996  d_cc 1.036  d_pc 1.008  -> FEASIBLE
      350            351         2.950e-03     -2.452e-08      4.412e-05      9.284e-05      3.168e-05      1.007e+01      4.957e-02      9.284e-06   
      351            352         2.950e-03      1.903e-08      1.956e-03      8.959e-05      3.121e-05      1.007e+01      4.957e-02      9.284e-06   
      352            353         2.950e-03      1.527e-08      1.546e-03      8.716e-05      3.085e-05      1.007e+01      4.957e-02      9.284e-06   
      353            354         2.950e-03      2.392e-09      4.868e-05      6.804e-05      3.048e-05      1.007e+01      5.025e-02      6.804e-06   
  [mem] RSS 9.60 GB  peak 9.60 GB
      354            355         2.950e-03     -2.408e-08      4.249e-05      8.894e-05      3.051e-05      1.007e+01      5.091e-02      8.894e-06   
      355            356         2.950e-03      2.968e-08      2.791e-03      8.514e-05      2.997e-05      1.007e+01      5.091e-02      8.894e-06   
      356            357         2.950e-03      3.261e-09      3.041e-04      8.476e-05      2.991e-05      1.007e+01      5.091e-02      8.894e-06   
      357            358         2.950e-03      1.600e-09      4.635e-05      6.393e-05      2.954e-05      1.007e+01      5.156e-02      6.393e-06   
      358            359         2.950e-03      1.080e-07      9.749e-03      5.872e-05      2.795e-05      1.007e+01      5.156e-02      6.393e-06   
      359            360         2.950e-03      1.178e-08      1.068e-03      5.790e-05      2.780e-05      1.007e+01      5.156e-02      6.393e-06   
      360            361         2.950e-03     -1.937e-08      3.464e-05      8.132e-05      2.781e-05      1.007e+01      5.219e-02      8.132e-06   
      361            362         2.950e-03      2.903e-09      2.340e-04      1.116e-04      2.778e-05      1.007e+01      5.281e-02      1.116e-05   
      362            363         2.950e-03      5.274e-09      4.140e-04      1.111e-04      2.773e-05      1.007e+01      5.281e-02      1.116e-05   
  [mem] RSS 9.61 GB  peak 9.61 GB
      363            364         2.950e-03      4.601e-09      5.330e-05      7.841e-05      2.734e-05      1.007e+01      5.343e-02      7.841e-06   
      364            365         2.950e-03     -2.423e-08      4.545e-05      8.233e-05      2.741e-05      1.007e+01      5.403e-02      8.233e-06   
      365            366         2.950e-03     -1.365e-09      5.606e-05      8.900e-05      2.697e-05      1.007e+01      5.462e-02      8.900e-06   
      366            367         2.950e-03     -2.412e-08      4.951e-05      1.093e-04      2.707e-05      1.007e+01      5.520e-02      1.093e-05   
      367            368         2.950e-03      5.781e-08      3.363e-03      1.053e-04      2.668e-05      1.007e+01      5.520e-02      1.093e-05   
      368            369         2.950e-03      6.291e-09      5.587e-05      8.004e-05      2.626e-05      1.007e+01      5.577e-02      8.004e-06   
      369            370         2.950e-03     -2.402e-08      4.746e-05      1.126e-04      2.633e-05      1.007e+01      5.632e-02      1.126e-05   
      370            371         2.950e-03      7.208e-09      5.569e-05      8.081e-05      2.591e-05      1.007e+01      5.687e-02      8.081e-06   
      371            372         2.950e-03      5.188e-09      3.063e-04      8.055e-05      2.587e-05      1.007e+01      5.687e-02      8.081e-06   
  [mem] RSS 9.63 GB  peak 9.63 GB
      372            373         2.950e-03     -2.295e-08      4.479e-05      1.058e-04      2.594e-05      1.007e+01      5.741e-02      1.058e-05   
      373            374         2.950e-03      5.502e-09      3.270e-04      1.054e-04      2.590e-05      1.007e+01      5.741e-02      1.058e-05   
      374            375         2.950e-03      1.094e-07      6.488e-03      9.691e-05      2.512e-05      1.007e+01      5.741e-02      1.058e-05   
  [it  375] bn 6.4219e-03  L 1.000  kappa 0.996  d_cc 1.036  d_pc 1.008  -> FAILS L
      375            376         2.950e-03      8.604e-08      1.193e-02      9.077e-05      2.449e-05      1.007e+01      5.741e-02      1.058e-05   
      376            377         2.950e-03      1.722e-07      2.824e-02      7.603e-05      2.314e-05      1.007e+01      5.741e-02      1.058e-05   
      377            378         2.949e-03      2.019e-07      1.421e-02      6.155e-05      2.819e-05      1.007e+01      5.741e-02      1.058e-05   
      378            379         2.949e-03      3.823e-09      4.021e-04      6.120e-05      2.846e-05      1.007e+01      5.741e-02      1.058e-05   
      379            380         2.949e-03      1.029e-07      1.069e-02      6.343e-05      3.545e-05      1.007e+01      5.741e-02      1.058e-05   
      380            381         2.949e-03      1.864e-08      1.974e-03      6.173e-05      3.668e-05      1.007e+01      5.741e-02      1.058e-05   
      381            382         2.949e-03     -2.860e-09      5.233e-05      7.079e-05      3.676e-05      1.007e+01      5.786e-02      7.079e-06   
  [mem] RSS 9.65 GB  peak 9.65 GB
      382            383         2.949e-03      5.979e-08      9.546e-03      5.983e-05      3.636e-05      1.007e+01      5.786e-02      7.079e-06   
      383            384         2.949e-03     -1.602e-08      4.283e-05      9.053e-05      3.667e-05      1.007e+01      5.829e-02      9.053e-06   
      384            385         2.949e-03      4.734e-09      6.599e-05      5.994e-05      3.601e-05      1.007e+01      5.873e-02      5.994e-06   
      385            386         2.949e-03     -1.766e-08      5.476e-05      4.313e-05      3.600e-05      1.007e+01      5.873e-02      5.994e-06   
      386            387         2.949e-03      6.307e-09      2.417e-03      4.106e-05      3.254e-05      1.007e+01      5.873e-02      5.994e-06   
      387            388         2.949e-03      4.624e-09      5.570e-05      4.459e-05      3.039e-05      1.007e+01      5.873e-02      5.994e-06   
      388            389         2.949e-03     -1.324e-08      4.262e-05      6.864e-05      2.993e-05      1.007e+01      5.914e-02      6.864e-06   
      389            390         2.949e-03      5.426e-09      5.031e-05      6.684e-05      2.771e-05      1.007e+01      5.957e-02      6.684e-06   
      390            391         2.949e-03     -1.761e-08      5.335e-05      8.657e-05      2.652e-05      1.007e+01      5.997e-02      8.657e-06   
  [mem] RSS 9.67 GB  peak 9.67 GB
      391            392         2.949e-03     -2.486e-09      2.512e-03      8.248e-05      1.959e-05      1.007e+01      5.997e-02      8.657e-06   
      392            393         2.949e-03      7.060e-09      5.960e-05      4.009e-05      1.659e-05      1.007e+01      5.997e-02      8.657e-06   
      393            394         2.949e-03     -2.601e-08      5.622e-05      7.869e-05      1.630e-05      1.007e+01      5.997e-02      8.657e-06   
      394            395         2.949e-03      1.077e-08      5.433e-05      8.666e-05      1.606e-05      1.007e+01      6.038e-02      8.666e-06   
      395            396         2.949e-03     -2.158e-09      1.744e-03      8.377e-05      1.585e-05      1.007e+01      6.038e-02      8.666e-06   
      396            397         2.949e-03     -1.906e-09      1.809e-03      8.087e-05      1.564e-05      1.007e+01      6.038e-02      8.666e-06   
      397            398         2.949e-03     -1.464e-09      1.684e-03      7.828e-05      1.545e-05      1.007e+01      6.038e-02      8.666e-06   
      398            399         2.949e-03     -2.536e-09      3.636e-03      7.287e-05      1.507e-05      1.007e+01      6.038e-02      8.666e-06   
      399            400         2.949e-03     -4.110e-10      1.144e-03      7.129e-05      1.496e-05      1.007e+01      6.038e-02      8.666e-06   
  [it  400] bn 6.4227e-03  L 1.000  kappa 0.996  d_cc 1.036  d_pc 1.009  -> FAILS L
      400            401         2.949e-03     -1.529e-08      4.476e-05      8.398e-05      1.510e-05      1.007e+01      6.078e-02      8.398e-06   
Warning: Maximum number of iterations has been exceeded.
         Current function value: 2.949e-03
         Constraint violation: 1.510e-05
         Total delta_x: 6.259e+00
         Iterations: 400
         Function evaluations: 401
         Jacobian evaluations: 400
  [mem] RSS 9.72 GB  peak 9.72 GB
Timer: Solution time = 25.3 min
Timer: Avg time per step = 3.79 sec
==============================================================================================================
                                                                 Start  -->   End
Total (sum of squares):                                      4.564e-03  -->   2.949e-03, 
Maximum absolute Boundary normal field error:                1.186e+00  -->   9.231e-01 (T m^2)
Minimum absolute Boundary normal field error:                3.908e-04  -->   1.189e-04 (T m^2)
Average absolute Boundary normal field error:                1.990e-01  -->   1.657e-01 (T m^2)
Maximum absolute Boundary normal field error:                1.051e-02  -->   8.181e-03 (normalized)
Minimum absolute Boundary normal field error:                3.463e-06  -->   1.053e-06 (normalized)
Average absolute Boundary normal field error:                1.764e-03  -->   1.468e-03 (normalized)
Maximum Coil length:                                         3.600e+01  -->   3.600e+01 (m)
Minimum Coil length:                                         3.600e+01  -->   3.600e+01 (m)
Average Coil length:                                         3.600e+01  -->   3.600e+01 (m)
Maximum Coil length:                                         6.275e+00  -->   6.275e+00 (normalized)
Minimum Coil length:                                         6.275e+00  -->   6.275e+00 (normalized)
Average Coil length:                                         6.275e+00  -->   6.275e+00 (normalized)
Maximum Coil curvature:                                      6.771e-01  -->   1.492e+00 (m^-1)
Minimum Coil curvature:                                      7.755e-06  -->   7.769e-05 (m^-1)
Average Coil curvature:                                      2.163e-01  -->   3.140e-01 (m^-1)
Maximum Coil curvature:                                      3.885e+00  -->   8.562e+00 (normalized)
Minimum Coil curvature:                                      4.449e-05  -->   4.457e-04 (normalized)
Average Coil curvature:                                      1.241e+00  -->   1.802e+00 (normalized)
Maximum Coil-coil distance penalty:                          9.944e-06  -->   6.980e-06 (dimensionless)
Minimum Coil-coil distance penalty:                          0.000e+00  -->   0.000e+00 (dimensionless)
Average Coil-coil distance penalty:                          2.622e-07  -->   2.025e-07 (dimensionless)
Maximum Plasma-coil distance penalty:                        0.000e+00  -->   1.510e-05 (dimensionless)
Minimum Plasma-coil distance penalty:                        0.000e+00  -->   0.000e+00 (dimensionless)
Average Plasma-coil distance penalty:                        0.000e+00  -->   1.887e-06 (dimensionless)
Summed coil current error:                                   0.000e+00  -->   1.490e-08 (A)
==============================================================================================================


SOLVER {'wall_s': 1646.5386366844177, 'message': 'Maximum number of iterations has been exceeded.', 'nit': 400, 'n_outer': 52, 'constr_violation': 1.5096354498068554e-05, 'y_absmax_final': 0.0607771279448176}
START  bn 7.7549e-03  L 1.000  kappa 0.452  d_cc 1.036  d_pc 1.073  -> FAILS L
RESULT bn 6.4227e-03  L 1.000  kappa 0.996  d_cc 1.036  d_pc 1.009  linked 0  -> FAILS L  active ['L', 'kappa', 'd_pc']
wrote work/helios/arc16/noconvex_L36/result.h5, result.json, result.png
