Running as unit: run-p796570-i797921.scope; invocation ID: 7f04566657ba4831827d675fdd2e0241
E0921 12:32:31.594448  796658 cuda_executor.cc:1743] Could not get kernel mode driver version: ( INVALID_ARGUMENT: Version does not match the format X.Y.Z )
E0921 12:32:31.606704  796570 cuda_executor.cc:1743] Could not get kernel mode driver version: ( INVALID_ARGUMENT: Version does not match the format X.Y.Z )
DEVICE requested=gpu obtained=gpu (1x NVIDIA GeForce RTX 5070 Laptop GPU)
  [mem] RSS 0.83 GB  peak 0.83 GB
/home/singh/Documents/DESC2/coil_sandbox/vendor/desc/utils.py:590: UserWarning: Unequal number of field periods for grid 1 and basis 2.
  warnings.warn(msg, err)
/home/singh/Documents/DESC2/coil_sandbox/vendor/desc/utils.py:590: UserWarning: Unequal number of field periods for grid 1 and basis 2.
  warnings.warn(msg, err)
eq sample_equilibria/helios_repro.h5 (h5) NFP 2 sym True; start work/helios/arc16/noconvex_L36/result.h5: 4 unique coils, arc=True, expect 16 coils; source grid gl (48 nodes/coil), length grid gl (48), constraint grid 301, curvature grid 301; mode stage2; plasma field included (virtual casing)
SETTINGS {'eq': 'sample_equilibria/helios_repro.h5', 'start': 'work/helios/arc16/noconvex_L36/result.h5', 'out': 'work/helios/arc16/reconvex_L36', 'mode': 'stage2', 'length_mult': 1.0, 'margin': 0.0, 'fix_hinges': False, 'anchor_weight': 0.001, 'margin_skip': '', 'a': None, 'bounds': 'bounds/helios_L36_ladder.json', 'device': None, 'vacuum': False, 'maxiter': 400, 'check_every': 25, 'ckpt_every': 50, 'diag_log': 'diag.jsonl', 'dcc_backoff': 0.025, 'dpc_backoff': 0.02, 'no_arc_backoffs': False, 'convex_form': 'signed', 'convex_kmin': 0.0, 'convex_backoff': 0.5, 'planarity': 'auto', 'planarity_tol': 0.0, 'speed_floor': 0.0, 'arclength_weight': 0.0, 'torsion_weight': 0.0, 'coil_grid_n': 150, 'kappa_grid_n': None, 'eval_m': 25, 'eval_n': 25, 'plasma_m': 64, 'plasma_n': 64, 'src_gl': 24, 'src_n': 400, 'vc_m': None, 'vc_n': None, 'vc_chunk': 64, 'dcc_k': 20000, 'dpc_k': 20000, 'no_signed': False, 'dcc_neighbors': None, 'dcc_chunk': 4, 'dpc_chunk': 1, 'qf_chunk': 25, 'coil_jac_chunk': None, 'no_second_order': False, 'so_chunk': 16, 'so_rtol': 0.05, 'max_tr': 0.5, 'max_inner_iter': 100, 'ctol': 0.0001}
BOUNDS (judged, absolute, a=1.77186) L 36  Ltot -  kappa 1.5  kms -  convex 0.001  planar -  dcc 1.2  dpc 1.2
ENFORCED L 36  Ltot -  kappa 1.492  kms -  convex 0.0005  planar -  dcc 1.245  dpc 1.224  (convexity: signed, kappa_s >= 0.0)
  [mem] RSS 2.89 GB  peak 2.89 GB
START  bn 6.4227e-03  L 1.000  kappa 0.996  convex 3193.664  d_cc 1.036  d_pc 1.009  linked 0  coils 16  -> FAILS L,convex
Building objective: Quadratic flux
Precomputing transforms
/home/singh/Documents/DESC2/coil_sandbox/vendor/desc/utils.py:590: UserWarning: Could not build fft interpolator, switching to dft which is slow.
Reason: Got False for eval_grid.can_fft2.
  warnings.warn(msg, err)
  [mem] RSS 7.43 GB  peak 7.43 GB
  [mem] RSS 7.62 GB  peak 7.62 GB
  [mem] RSS 7.67 GB  peak 7.67 GB
Timer: Precomputing transforms = 1.48 min
Timer: Objective build = 1.49 min
Building objective: summed coil current
Building objective: fixed shift
Building objective: fixed rotation
Building objective: fixed arc reference
Timer: Objective build = 648 ms
Timer: Objective build = 3.16 ms
Timer: LinearConstraintProjection build = 2.71 sec
Timer: LinearConstraintProjection build = 165 ms
Number of parameters: 75
Number of objectives: 1326
Number of equality constraints: 0
Number of inequality constraints: 2474
Timer: Initializing the optimization = 1.56 min

Starting optimization
Using method: lsq-auglag
  [mem] RSS 4.86 GB  peak 7.70 GB
  [mem] RSS 5.48 GB  peak 7.70 GB
second_order: compiling constraint Hessian for blocks CoilSignedCurvature
  [mem] RSS 6.02 GB  peak 7.70 GB
Solver options:
------------------------------------------------------------
Maximum Function Evaluations       : 2001
Maximum Allowed Total Δx Norm      : inf
Scaled Termination                 : True
Trust Region Method                : svd
Initial Trust Radius               : 2.271e-01
Maximum Trust Radius               : 5.000e-01
Minimum Trust Radius               : 2.220e-16
Trust Radius Increase Ratio        : 4.000e+00
Trust Radius Decrease Ratio        : 2.500e-01
Trust Radius Increase Threshold    : 7.500e-01
Trust Radius Decrease Threshold    : 5.000e-01
Alpha Omega                        : 1.000e+00
Beta Omega                         : 1.000e+00
Alpha Eta                          : 1.000e-01
Beta Eta                           : 9.000e-01
Omega                              : 1.000e-02
Eta                                : 1.000e-02
Tau                                : 1.000e+01
------------------------------------------------------------ 

   Iteration     Total nfev        Cost      Cost reduction    Step norm     Optimality    Constr viol.   Penalty param  max(|mltplr|)      gtolk     
       0              1          2.949e-03                                    7.321e-01      1.791e-01      1.000e+01      0.000e+00      1.000e-03   
second_order: compiling constraint Hessian for blocks CoilLength, CoilCurvature, CoilSignedCurvature
  [mem] RSS 6.42 GB  peak 7.70 GB
E0921 12:36:48.459908  796679 cuda_timer.cc:87] Delay kernel timed out: measured time has sub-optimal accuracy. There may be a missing warmup execution, please investigate in Nsight Systems.
  [mem] RSS 7.15 GB  peak 7.70 GB
       1              2          4.116e-03     -1.167e-03      2.173e-01      5.764e-01      1.577e-01      1.000e+01      0.000e+00      1.000e-03   
       2              3          4.565e-03     -4.490e-04      2.009e-01      3.394e-01      1.254e-01      1.000e+01      0.000e+00      1.000e-03   
       3              4          4.910e-03     -3.446e-04      1.660e-01      2.121e-01      1.023e-01      1.000e+01      0.000e+00      1.000e-03   
       4              5          5.341e-03     -4.315e-04      1.423e-01      1.495e-01      8.973e-02      1.000e+01      0.000e+00      1.000e-03   
       5              6          5.754e-03     -4.123e-04      1.292e-01      1.145e-01      7.967e-02      1.000e+01      0.000e+00      1.000e-03   
       6              7          6.141e-03     -3.875e-04      1.201e-01      8.865e-02      7.128e-02      1.000e+01      0.000e+00      1.000e-03   
  [mem] RSS 7.19 GB  peak 7.70 GB
second_order: compiling constraint Hessian for blocks CoilLength, CoilCurvature, CoilSignedCurvature, CoilSetDistancePenalty
  [mem] RSS 7.32 GB  peak 7.70 GB
  [mem] RSS 8.18 GB  peak 8.20 GB
  [mem] RSS 8.18 GB  peak 8.20 GB
       7              8          6.510e-03     -3.692e-04      1.138e-01      7.161e-02      6.402e-02      1.000e+01      0.000e+00      1.000e-03   
       8              9          6.912e-03     -4.018e-04      1.100e-01      5.936e-02      5.754e-02      1.000e+01      0.000e+00      1.000e-03   
       9             10          7.313e-03     -4.012e-04      1.057e-01      4.959e-02      5.167e-02      1.000e+01      0.000e+00      1.000e-03   
      10             11          7.731e-03     -4.173e-04      1.044e-01      4.607e-02      4.632e-02      1.000e+01      0.000e+00      1.000e-03   
      11             12          8.110e-03     -3.796e-04      1.045e-01      3.967e-02      4.140e-02      1.000e+01      0.000e+00      1.000e-03   
      12             13          8.468e-03     -3.574e-04      1.031e-01      3.612e-02      3.677e-02      1.000e+01      0.000e+00      1.000e-03   
second_order: compiling constraint Hessian for blocks CoilCurvature, CoilSignedCurvature, CoilSetDistancePenalty
  [mem] RSS 8.25 GB  peak 8.25 GB
  [mem] RSS 8.35 GB  peak 8.44 GB
  [mem] RSS 8.44 GB  peak 8.45 GB
      13             14          8.785e-03     -3.177e-04      1.031e-01      2.663e-02      3.254e-02      1.000e+01      0.000e+00      1.000e-03   
      14             15          9.045e-03     -2.598e-04      1.031e-01      2.991e-02      2.859e-02      1.000e+01      0.000e+00      1.000e-03   
      15             16          9.281e-03     -2.363e-04      1.062e-01      1.989e-02      2.484e-02      1.000e+01      0.000e+00      1.000e-03   
      16             17          9.425e-03     -1.435e-04      1.073e-01      1.681e-02      2.168e-02      1.000e+01      0.000e+00      1.000e-03   
  [mem] RSS 8.52 GB  peak 8.52 GB
      17             18          9.538e-03     -1.137e-04      1.101e-01      1.253e-02      1.854e-02      1.000e+01      0.000e+00      1.000e-03   
      18             19          9.612e-03     -7.362e-05      1.138e-01      1.129e-02      1.555e-02      1.000e+01      0.000e+00      1.000e-03   
      19             20          9.617e-03     -4.444e-06      1.122e-01      1.012e-02      1.292e-02      1.000e+01      0.000e+00      1.000e-03   
      20             21          9.594e-03      2.281e-05      1.196e-01      6.249e-03      1.053e-02      1.000e+01      0.000e+00      1.000e-03   
      21             22          9.498e-03      9.535e-05      1.185e-01      5.040e-03      8.348e-03      1.000e+01      0.000e+00      1.000e-03   
      22             23          9.323e-03      1.751e-04      1.278e-01      3.765e-03      6.424e-03      1.000e+01      0.000e+00      1.000e-03   
      23             24          8.994e-03      3.290e-04      1.516e-01      2.892e-03      4.769e-03      1.000e+01      0.000e+00      1.000e-03   
      24             25          8.521e-03      4.730e-04      1.900e-01      2.897e-03      3.481e-03      1.000e+01      0.000e+00      1.000e-03   
  [it   25] bn 9.8663e-03  L 1.000  kappa 0.490  convex 52.398  d_cc 1.027  d_pc 1.113  -> FAILS L,convex
      25             26          7.986e-03      5.357e-04      2.291e-01      2.064e-03      2.499e-03      1.000e+01      0.000e+00      1.000e-03   
      26             28          7.869e-03      1.164e-04      5.454e-02      1.973e-03      2.240e-03      1.000e+01      0.000e+00      1.000e-03   
  [mem] RSS 8.52 GB  peak 8.52 GB
      27             29          7.288e-03      5.810e-04      2.535e-01      2.556e-03      1.893e-03      1.000e+01      0.000e+00      1.000e-03   
      28             30          6.756e-03      5.324e-04      2.694e-01      8.123e-03      2.951e-03      1.000e+01      0.000e+00      1.000e-03   
      29             31          6.587e-03      1.690e-04      1.782e-01      3.072e-03      1.577e-03      1.000e+01      0.000e+00      1.000e-03   
      30             34          6.544e-03      4.289e-05      3.221e-02      1.478e-03      1.463e-03      1.000e+01      0.000e+00      1.000e-03   
      31             35          6.431e-03      1.127e-04      8.352e-02      1.649e-03      1.336e-03      1.000e+01      1.336e-02      1.649e-04   
      32             37          6.375e-03      5.580e-05      6.492e-02      9.640e-03      2.876e-03      1.000e+01      1.336e-02      1.649e-04   
      33             39          6.335e-03      4.042e-05      8.471e-02      2.216e-03      6.372e-04      1.000e+01      1.336e-02      1.649e-04   
      34             40          6.249e-03      8.570e-05      7.163e-02      4.623e-04      5.665e-04      1.000e+01      1.336e-02      1.649e-04   
      35             41          5.939e-03      3.102e-04      2.860e-01      2.450e-03      5.916e-04      1.000e+01      1.336e-02      1.649e-04   
  [mem] RSS 8.53 GB  peak 8.53 GB
      36             45          5.936e-03      2.970e-06      6.095e-03      4.123e-04      3.927e-04      1.000e+01      1.336e-02      1.649e-04   
      37             46          5.926e-03      1.052e-05      1.888e-02      4.116e-04      3.430e-04      1.000e+01      1.336e-02      1.649e-04   
      38             47          5.865e-03      6.107e-05      7.695e-02      5.448e-04      2.634e-04      1.000e+01      1.336e-02      1.649e-04   
      39             48          5.643e-03      2.219e-04      3.032e-01      2.595e-03      4.931e-04      1.000e+01      1.336e-02      1.649e-04   
      40             49          5.492e-03      1.509e-04      2.720e-01      1.575e-03      3.139e-04      1.000e+01      1.336e-02      1.649e-04   
      41             50          5.382e-03      1.102e-04      2.613e-01      1.797e-03      3.331e-04      1.000e+01      1.336e-02      1.649e-04   
      42             51          5.299e-03      8.252e-05      2.332e-01      1.573e-03      2.536e-04      1.000e+01      1.336e-02      1.649e-04   
      43             52          5.230e-03      6.896e-05      2.251e-01      1.599e-03      4.253e-04      1.000e+01      1.336e-02      1.649e-04   
      44             53          5.173e-03      5.757e-05      2.297e-01      1.885e-03      3.272e-04      1.000e+01      1.336e-02      1.649e-04   
      45             54          5.120e-03      5.286e-05      2.131e-01      1.886e-03      5.591e-04      1.000e+01      1.336e-02      1.649e-04   
      46             55          5.085e-03      3.459e-05      1.555e-01      1.207e-03      2.381e-04      1.000e+01      1.336e-02      1.649e-04   
  [mem] RSS 8.53 GB  peak 8.53 GB
      47             56          5.037e-03      4.778e-05      2.153e-01      1.325e-03      3.189e-04      1.000e+01      1.336e-02      1.649e-04   
      48             57          4.988e-03      4.920e-05      2.252e-01      1.580e-03      4.499e-04      1.000e+01      1.336e-02      1.649e-04   
      49             59          4.975e-03      1.347e-05      6.469e-02      2.439e-04      1.625e-04      1.000e+01      1.336e-02      1.649e-04   
  [it   50] bn 7.9806e-03  L 1.000  kappa 0.444  convex 0.000  d_cc 1.032  d_pc 1.092  -> FAILS L
      50             60          4.931e-03      4.330e-05      1.886e-01      2.725e-03      8.036e-04      1.000e+01      1.336e-02      1.649e-04   
      51             61          4.895e-03      3.682e-05      2.015e-01      1.187e-03      3.182e-04      1.000e+01      1.336e-02      1.649e-04   
      52             62          4.861e-03      3.401e-05      1.580e-01      1.866e-03      5.104e-04      1.000e+01      1.336e-02      1.649e-04   
      53             63          4.838e-03      2.235e-05      1.238e-01      1.277e-03      3.335e-04      1.000e+01      1.336e-02      1.649e-04   
      54             64          4.814e-03      2.372e-05      1.305e-01      1.358e-03      3.544e-04      1.000e+01      1.336e-02      1.649e-04   
      55             65          4.791e-03      2.331e-05      1.452e-01      1.318e-03      3.399e-04      1.000e+01      1.336e-02      1.649e-04   
      56             66          4.776e-03      1.516e-05      1.077e-01      1.103e-03      2.752e-04      1.000e+01      1.336e-02      1.649e-04   
  [mem] RSS 8.54 GB  peak 8.54 GB
      57             67          4.770e-03      6.109e-06      4.551e-02      9.447e-04      2.280e-04      1.000e+01      1.336e-02      1.649e-04   
      58             68          4.764e-03      5.523e-06      4.270e-02      8.401e-04      1.970e-04      1.000e+01      1.336e-02      1.649e-04   
      59             69          4.758e-03      6.380e-06      5.258e-02      7.847e-04      1.825e-04      1.000e+01      1.336e-02      1.649e-04   
      60             70          4.758e-03     -2.583e-08      3.707e-04      2.251e-03      1.066e-04      1.000e+01      1.336e-02      1.649e-04   
      61             71          4.750e-03      7.809e-06      8.241e-02      4.596e-04      9.329e-05      1.000e+01      1.336e-02      1.649e-04   
      62             72          4.740e-03      1.056e-05      1.027e-01      9.583e-04      1.164e-04      1.000e+01      1.336e-02      1.649e-04   
      63             73          4.732e-03      7.921e-06      8.859e-02      8.193e-04      1.391e-04      1.000e+01      1.336e-02      1.649e-04   
      64             74          4.729e-03      2.198e-06      2.671e-02      7.201e-04      1.501e-04      1.000e+01      1.336e-02      1.649e-04   
      65             75          4.729e-03      6.674e-07      8.264e-03      6.871e-04      1.530e-04      1.000e+01      1.336e-02      1.649e-04   
      66             76          4.727e-03      2.302e-06      2.902e-02      6.292e-04      1.627e-04      1.000e+01      1.336e-02      1.649e-04   
      67             77          4.725e-03      1.781e-06      2.357e-02      5.850e-04      1.692e-04      1.000e+01      1.336e-02      1.649e-04   
      68             78          4.723e-03      1.401e-06      1.889e-02      5.517e-04      1.735e-04      1.000e+01      1.336e-02      1.649e-04   
  [mem] RSS 8.55 GB  peak 8.55 GB
      69             79          4.719e-03      4.087e-06      5.608e-02      6.340e-04      1.846e-04      1.000e+01      1.336e-02      1.649e-04   
      70             80          4.716e-03      2.948e-06      4.206e-02      5.993e-04      1.893e-04      1.000e+01      1.336e-02      1.649e-04   
      71             81          4.716e-03      4.755e-07      7.083e-03      5.757e-04      1.899e-04      1.000e+01      1.336e-02      1.649e-04   
      72             82          4.714e-03      1.864e-06      2.914e-02      5.524e-04      1.924e-04      1.000e+01      1.336e-02      1.649e-04   
      73             83          4.713e-03      9.860e-07      1.319e-02      5.218e-04      1.931e-04      1.000e+01      1.336e-02      1.649e-04   
      74             84          4.711e-03      1.627e-06      2.263e-02      4.918e-04      1.941e-04      1.000e+01      1.336e-02      1.649e-04   
  [it   75] bn 7.9056e-03  L 1.000  kappa 0.406  convex 0.814  d_cc 1.034  d_pc 1.143  -> FEASIBLE
      75             85          4.709e-03      2.604e-06      3.915e-02      5.019e-04      1.955e-04      1.000e+01      1.336e-02      1.649e-04   
      76             86          4.708e-03      7.664e-07      1.221e-02      4.754e-04      1.959e-04      1.000e+01      1.336e-02      1.649e-04   
      77             87          4.705e-03      3.012e-06      4.887e-02      5.439e-04      2.406e-04      1.000e+01      1.336e-02      1.649e-04   
      78             88          4.702e-03      2.537e-06      4.710e-02      5.489e-04      2.767e-04      1.000e+01      1.336e-02      1.649e-04   
  [mem] RSS 8.57 GB  peak 8.57 GB
      79             89          4.700e-03      2.714e-06      5.198e-02      5.650e-04      3.090e-04      1.000e+01      1.336e-02      1.649e-04   
      80             90          4.698e-03      1.553e-06      3.048e-02      5.133e-04      3.242e-04      1.000e+01      1.336e-02      1.649e-04   
      81             91          4.697e-03      7.596e-07      1.528e-02      4.780e-04      3.302e-04      1.000e+01      1.336e-02      1.649e-04   
      82             92          4.697e-03      7.243e-10      2.437e-04      9.398e-04      3.310e-04      1.000e+01      1.336e-02      1.649e-04   
      83             93          4.697e-03      5.180e-07      1.180e-02      7.644e-04      3.323e-04      1.000e+01      1.336e-02      1.649e-04   
      84             94          4.696e-03      1.105e-06      2.551e-02      8.779e-03      3.350e-04      1.000e+01      1.336e-02      8.779e-04   
      85             95          4.695e-03      2.932e-07      1.702e-03      3.021e-03      3.371e-04      1.000e+01      1.336e-02      8.779e-04   
      86             96          4.696e-03     -4.656e-07      2.764e-03      2.215e-02      3.403e-04      1.000e+01      1.336e-02      8.779e-04   
      87             97          4.696e-03      5.081e-08      5.758e-04      1.331e-03      3.398e-04      1.000e+01      1.336e-02      8.779e-04   
      88             98          4.696e-03     -1.121e-07      1.572e-03      2.444e-02      3.405e-04      1.000e+01      1.336e-02      8.779e-04   
      89             99          4.696e-03      2.651e-08      5.070e-04      3.595e-03      3.398e-04      1.000e+01      7.036e-03      3.595e-04   
      90             100         4.696e-03      2.479e-07      2.631e-03      7.279e-03      3.457e-04      1.000e+01      7.036e-03      3.595e-04   
  [mem] RSS 8.60 GB  peak 8.60 GB
      91             101         4.690e-03      5.687e-06      5.137e-02      9.727e-04      2.618e-04      1.000e+01      7.036e-03      3.595e-04   
      92             102         4.689e-03      1.295e-06      9.226e-03      9.041e-04      2.446e-04      1.000e+01      7.036e-03      3.595e-04   
      93             103         4.687e-03      1.675e-06      1.693e-02      8.032e-04      2.183e-04      1.000e+01      7.036e-03      3.595e-04   
      94             104         4.686e-03      1.015e-06      1.557e-02      7.258e-04      1.978e-04      1.000e+01      7.036e-03      3.595e-04   
      95             105         4.685e-03      9.587e-07      1.542e-02      6.578e-04      1.796e-04      1.000e+01      7.036e-03      3.595e-04   
      96             106         4.682e-03      3.202e-06      5.659e-02      4.307e-04      1.882e-04      1.000e+01      7.036e-03      3.595e-04   
      97             107         4.680e-03      2.376e-06      4.653e-02      4.089e-04      2.396e-04      1.000e+01      7.036e-03      3.595e-04   
      98             108         4.677e-03      2.326e-06      5.301e-02      4.448e-04      2.502e-04      1.000e+01      7.036e-03      3.595e-04   
      99             109         4.676e-03      1.652e-06      4.050e-02      4.123e-04      2.557e-04      1.000e+01      7.036e-03      3.595e-04   
  [it  100] bn 7.9038e-03  L 1.000  kappa 0.408  convex 0.923  d_cc 1.035  d_pc 1.133  -> FEASIBLE
      100            110         4.675e-03      9.459e-07      2.408e-02      3.694e-04      2.577e-04      1.000e+01      7.036e-03      3.595e-04   
  [mem] RSS 8.62 GB  peak 8.62 GB
      101            111         4.674e-03      1.436e-07      3.630e-03      9.029e-04      2.579e-04      1.000e+01      7.036e-03      9.029e-05   
      102            112         4.674e-03      5.694e-09      5.537e-04      7.386e-03      2.595e-04      1.000e+01      7.036e-03      9.029e-05   
      103            113         4.673e-03      1.657e-06      7.074e-02      1.522e-03      2.323e-04      1.000e+01      7.036e-03      9.029e-05   
      104            114         4.672e-03      3.790e-07      2.036e-02      1.365e-03      2.266e-04      1.000e+01      7.036e-03      9.029e-05   
      105            115         4.672e-03      1.664e-08      1.613e-04      3.913e-04      2.269e-04      1.000e+01      7.036e-03      9.029e-05   
      106            116         4.672e-03      4.709e-09      2.539e-04      3.293e-03      2.271e-04      1.000e+01      7.036e-03      9.029e-05   
      107            117         4.671e-03      9.957e-07      3.253e-02      1.298e-03      2.097e-04      1.000e+01      7.036e-03      9.029e-05   
      108            118         4.670e-03      1.134e-06      5.055e-02      1.700e-04      1.871e-04      1.000e+01      7.036e-03      9.029e-05   
      109            119         4.669e-03      1.413e-06      4.987e-02      2.784e-04      1.587e-04      1.000e+01      7.036e-03      9.029e-05   
      110            120         4.668e-03      9.899e-07      3.987e-02      2.659e-04      1.381e-04      1.000e+01      7.036e-03      9.029e-05   
second_order: compiling constraint Hessian for blocks CoilLength, CoilSignedCurvature, CoilSetDistancePenalty
  [mem] RSS 8.66 GB  peak 8.66 GB
  [mem] RSS 9.41 GB  peak 9.41 GB
  [mem] RSS 9.44 GB  peak 9.44 GB
      111            121         4.666e-03      1.473e-06      5.369e-02      3.391e-04      1.186e-04      1.000e+01      7.036e-03      9.029e-05   
      112            122         4.666e-03      8.090e-07      2.736e-02      2.994e-04      1.097e-04      1.000e+01      7.036e-03      9.029e-05   
      113            123         4.665e-03      5.372e-07      1.817e-02      2.721e-04      1.098e-04      1.000e+01      7.036e-03      9.029e-05   
      114            124         4.665e-03      7.210e-08      2.403e-03      2.666e-04      1.098e-04      1.000e+01      7.036e-03      9.029e-05   
      115            125         4.664e-03      1.391e-06      4.606e-02      3.161e-04      1.105e-04      1.000e+01      7.036e-03      9.029e-05   
      116            126         4.662e-03      1.861e-06      5.788e-02      3.565e-04      1.279e-04      1.000e+01      7.036e-03      9.029e-05   
  [mem] RSS 9.50 GB  peak 9.50 GB
      117            127         4.660e-03      1.550e-06      4.479e-02      3.219e-04      1.440e-04      1.000e+01      7.036e-03      9.029e-05   
      118            128         4.659e-03      7.309e-07      2.324e-02      2.824e-04      1.526e-04      1.000e+01      7.036e-03      9.029e-05   
      119            129         4.659e-03      8.777e-07      2.836e-02      2.613e-04      1.643e-04      1.000e+01      7.036e-03      9.029e-05   
second_order: compiling constraint Hessian for blocks CoilSignedCurvature, CoilSetDistancePenalty
  [mem] RSS 9.57 GB  peak 9.57 GB
  [mem] RSS 9.59 GB  peak 9.59 GB
      120            130         4.659e-03     -1.010e-09      1.616e-04      1.434e-03      1.647e-04      1.000e+01      7.036e-03      9.029e-05   
      121            131         4.659e-03      1.176e-08      4.711e-04      1.430e-03      1.649e-04      1.000e+01      7.036e-03      9.029e-05   
      122            132         4.659e-03      2.847e-08      1.106e-03      1.420e-03      1.650e-04      1.000e+01      7.036e-03      9.029e-05   
      123            133         4.658e-03      1.179e-07      4.714e-03      1.358e-03      1.645e-04      1.000e+01      7.036e-03      9.029e-05   
      124            134         4.657e-03      1.392e-06      5.420e-02      1.921e-04      1.561e-04      1.000e+01      7.036e-03      9.029e-05   
  [it  125] bn 7.9157e-03  L 1.000  kappa 0.413  convex 0.757  d_cc 1.033  d_pc 1.118  -> FEASIBLE
      125            135         4.655e-03      1.663e-06      5.140e-02      2.607e-04      1.587e-04      1.000e+01      7.036e-03      9.029e-05   
      126            136         4.655e-03      6.904e-07      2.085e-02      2.316e-04      1.596e-04      1.000e+01      7.036e-03      9.029e-05   
      127            137         4.655e-03     -1.700e-09      1.545e-04      1.861e-03      1.601e-04      1.000e+01      7.036e-03      9.029e-05   
  [mem] RSS 9.62 GB  peak 9.62 GB
      128            138         4.655e-03     -1.941e-10      3.810e-05      1.515e-04      1.603e-04      1.000e+01      7.036e-03      9.029e-05   
      129            139         4.655e-03      3.755e-08      1.347e-03      1.503e-04      1.603e-04      1.000e+01      7.036e-03      9.029e-05   
      130            140         4.655e-03      6.370e-08      2.316e-03      1.484e-04      1.603e-04      1.000e+01      7.036e-03      9.029e-05   
      131            141         4.654e-03      2.828e-07      1.025e-02      1.422e-04      1.604e-04      1.000e+01      7.036e-03      9.029e-05   
      132            142         4.654e-03      4.880e-07      1.677e-02      1.362e-04      1.605e-04      1.000e+01      7.036e-03      9.029e-05   
      133            143         4.653e-03      8.842e-07      2.832e-02      1.393e-04      1.605e-04      1.000e+01      7.036e-03      9.029e-05   
      134            144         4.652e-03      8.253e-07      2.657e-02      1.390e-04      1.629e-04      1.000e+01      7.036e-03      9.029e-05   
      135            145         4.652e-03     -1.568e-09      1.023e-04      1.924e-03      1.631e-04      1.000e+01      7.036e-03      9.029e-05   
      136            146         4.652e-03     -4.507e-11      3.409e-05      1.145e-04      1.631e-04      1.000e+01      7.036e-03      9.029e-05   
      137            147         4.652e-03      4.169e-10      1.057e-04      3.151e-03      1.632e-04      1.000e+01      7.036e-03      9.029e-05   
      138            148         4.651e-03      6.069e-07      1.789e-02      2.343e-03      1.677e-04      1.000e+01      7.036e-03      9.029e-05   
      139            149         4.649e-03      2.088e-06      6.447e-02      2.645e-04      1.868e-04      1.000e+01      7.036e-03      9.029e-05   
      140            150         4.649e-03      6.422e-07      2.154e-02      2.245e-04      2.007e-04      1.000e+01      7.036e-03      9.029e-05   
  [mem] RSS 9.63 GB  peak 9.63 GB
      141            151         4.649e-03     -1.996e-09      1.587e-04      2.525e-03      2.010e-04      1.000e+01      7.036e-03      9.029e-05   
      142            152         4.649e-03     -3.738e-10      4.554e-05      1.647e-04      2.010e-04      1.000e+01      7.036e-03      9.029e-05   
      143            153         4.649e-03     -2.951e-09      1.460e-04      4.736e-03      2.011e-04      1.000e+01      7.036e-03      9.029e-05   
      144            154         4.649e-03     -4.561e-10      6.696e-05      9.878e-05      2.011e-04      1.000e+01      7.036e-03      9.029e-05   
      145            155         4.649e-03      7.076e-08      2.291e-03      9.788e-05      2.012e-04      1.000e+01      7.036e-03      9.029e-05   
      146            156         4.649e-03     -1.052e-08      1.457e-04      3.896e-03      2.012e-04      1.000e+01      7.036e-03      9.029e-05   
      147            157         4.649e-03      1.391e-07      3.793e-03      3.796e-03      2.013e-04      1.000e+01      7.036e-03      9.029e-05   
      148            158         4.647e-03      1.287e-06      3.523e-02      4.851e-04      2.040e-04      1.000e+01      7.036e-03      9.029e-05   
      149            159         4.646e-03      1.018e-06      3.840e-02      1.090e-04      2.079e-04      1.000e+01      7.036e-03      9.029e-05   
  [it  150] bn 7.9246e-03  L 1.000  kappa 0.417  convex 1.128  d_cc 1.034  d_pc 1.112  -> FAILS convex
      150            160         4.645e-03      1.262e-06      3.948e-02      1.281e-04      2.139e-04      1.000e+01      7.036e-03      9.029e-05   
      151            161         4.644e-03      1.042e-06      2.854e-02      1.396e-04      2.197e-04      1.000e+01      7.036e-03      9.029e-05   
  [mem] RSS 9.65 GB  peak 9.65 GB
      152            162         4.643e-03      9.887e-07      2.944e-02      1.563e-04      2.257e-04      1.000e+01      7.036e-03      9.029e-05   
      153            163         4.642e-03      1.410e-06      4.198e-02      1.974e-04      2.342e-04      1.000e+01      7.036e-03      9.029e-05   
      154            164         4.640e-03      1.081e-06      3.393e-02      1.949e-04      2.344e-04      1.000e+01      7.036e-03      9.029e-05   
      155            165         4.640e-03     -3.844e-09      1.349e-04      1.825e-03      2.346e-04      1.000e+01      7.036e-03      9.029e-05   
      156            166         4.640e-03     -1.478e-10      3.545e-05      1.179e-04      2.346e-04      1.000e+01      7.036e-03      9.029e-05   
      157            167         4.640e-03     -2.066e-09      1.094e-04      3.602e-03      2.345e-04      1.000e+01      7.036e-03      9.029e-05   
      158            168         4.640e-03      3.660e-07      1.279e-02      3.195e-03      2.347e-04      1.000e+01      7.036e-03      9.029e-05   
      159            169         4.640e-03      3.495e-07      1.214e-02      2.858e-03      2.349e-04      1.000e+01      7.036e-03      9.029e-05   
      160            170         4.639e-03      3.880e-07      1.331e-02      2.501e-03      2.351e-04      1.000e+01      7.036e-03      9.029e-05   
      161            171         4.639e-03     -3.485e-10      3.704e-05      6.471e-03      2.351e-04      1.018e+01      7.036e-03      6.471e-04   
      162            172         4.639e-03     -2.612e-08      1.927e-04      7.650e-04      2.329e-04      1.018e+01      7.036e-03      6.471e-04   
      163            173         4.640e-03     -2.582e-07      6.721e-04      1.423e-02      2.149e-04      1.018e+01      7.036e-03      6.471e-04   
  [mem] RSS 9.67 GB  peak 9.67 GB
      164            174         4.640e-03     -1.517e-08      2.218e-04      1.310e-03      2.140e-04      1.018e+01      2.146e-02      1.310e-04   
      165            175         4.640e-03     -7.536e-07      1.498e-03      1.681e-02      1.716e-04      1.018e+01      2.146e-02      1.310e-04   
      166            176         4.640e-03      9.173e-09      3.750e-04      6.724e-04      1.706e-04      1.018e+01      2.146e-02      1.310e-04   
      167            177         4.641e-03     -3.914e-07      9.120e-04      1.245e-02      1.477e-04      1.018e+01      2.146e-02      1.310e-04   
      168            178         4.641e-03     -2.165e-08      2.727e-04      6.853e-04      1.464e-04      1.018e+01      2.146e-02      1.310e-04   
      169            179         4.641e-03      1.778e-07      1.105e-02      6.468e-04      1.305e-04      1.018e+01      2.146e-02      1.310e-04   
      170            180         4.641e-03     -1.764e-07      5.304e-04      6.928e-03      1.221e-04      1.018e+01      2.146e-02      1.310e-04   
      171            181         4.641e-03     -9.170e-09      1.877e-04      3.709e-04      1.211e-04      1.018e+01      2.146e-02      1.310e-04   
      172            182         4.641e-03     -3.898e-07      1.013e-03      1.684e-02      1.079e-04      1.018e+01      2.146e-02      1.310e-04   
      173            183         4.641e-03      4.445e-09      8.331e-03      1.572e-02      1.056e-04      1.018e+01      2.146e-02      1.310e-04   
      174            184         4.642e-03     -4.351e-07      3.968e-02      3.572e-04      9.383e-05      1.018e+01      2.146e-02      1.310e-04   
  [mem] RSS 9.69 GB  peak 9.69 GB
  [it  175] bn 7.9380e-03  L 1.000  kappa 0.421  convex 0.193  d_cc 1.034  d_pc 1.107  -> FEASIBLE
      175            185         4.641e-03      5.670e-07      2.246e-02      2.712e-04      8.610e-05      1.018e+01      2.146e-02      1.310e-04   
      176            186         4.641e-03     -1.139e-07      3.370e-04      4.224e-03      8.411e-05      1.018e+01      2.146e-02      1.310e-04   
      177            187         4.641e-03      6.713e-08      3.105e-04      4.221e-03      8.405e-05      1.018e+01      2.146e-02      1.310e-04   
      178            188         4.641e-03     -5.527e-09      1.058e-04      2.265e-04      8.388e-05      1.018e+01      2.146e-02      1.310e-04   
      179            189         4.641e-03     -1.493e-07      4.643e-04      9.782e-03      8.129e-05      1.018e+01      2.146e-02      1.310e-04   
      180            190         4.641e-03     -1.336e-08      1.793e-04      1.882e-04      8.141e-05      1.018e+01      2.146e-02      1.310e-04   
      181            191         4.641e-03      7.340e-08      2.863e-03      1.851e-04      8.056e-05      1.018e+01      2.146e-02      1.310e-04   
      182            192         4.641e-03     -1.477e-07      3.100e-04      4.523e-03      8.184e-05      1.018e+01      2.146e-02      1.310e-04   
      183            193         4.641e-03      1.883e-09      1.055e-04      2.568e-03      8.190e-05      1.018e+01      2.296e-02      2.568e-04   
      184            194         4.641e-03      8.691e-09      1.248e-04      9.739e-04      8.234e-05      1.018e+01      2.296e-02      2.568e-04   
      185            195         4.641e-03     -5.063e-08      3.972e-04      3.060e-03      8.466e-05      1.018e+01      2.296e-02      2.568e-04   
      186            196         4.641e-03     -3.311e-09      2.079e-04      2.614e-04      8.426e-05      1.018e+01      2.296e-02      2.568e-04   
  [mem] RSS 9.71 GB  peak 9.71 GB
      187            197         4.641e-03      7.837e-07      5.459e-02      5.456e-04      3.798e-05      1.018e+01      2.296e-02      2.568e-04   
      188            198         4.640e-03      4.171e-07      2.382e-02      4.754e-04      3.008e-05      1.018e+01      2.296e-02      2.568e-04   
      189            199         4.640e-03      1.189e-07      6.732e-03      4.567e-04      2.802e-05      1.018e+01      2.296e-02      2.568e-04   
      190            200         4.639e-03      6.184e-07      4.065e-02      3.560e-04      4.913e-05      1.018e+01      2.296e-02      2.568e-04   
      191            201         4.639e-03      8.764e-07      4.909e-02      2.618e-04      7.772e-05      1.018e+01      2.296e-02      2.568e-04   
      192            202         4.638e-03      3.138e-07      1.397e-02      8.453e-04      8.560e-05      1.018e+01      2.296e-02      8.453e-05   
      193            203         4.638e-03     -5.030e-08      4.879e-04      8.243e-03      9.191e-05      1.018e+01      2.296e-02      8.453e-05   
      194            204         4.638e-03      1.084e-09      1.453e-04      2.559e-03      9.161e-05      1.018e+01      7.635e-03      2.559e-04   
      195            205         4.638e-03      5.780e-08      3.633e-04      8.436e-04      8.874e-05      1.018e+01      7.635e-03      2.559e-04   
      196            206         4.638e-03     -7.676e-08      7.361e-04      7.942e-03      9.111e-05      1.018e+01      7.635e-03      2.559e-04   
      197            207         4.638e-03      1.028e-08      1.828e-04      5.207e-04      8.992e-05      1.018e+01      7.635e-03      2.559e-04   
      198            208         4.638e-03      1.018e-08      4.450e-04      7.440e-03      7.467e-05      1.018e+01      7.635e-03      2.559e-04   
  [mem] RSS 9.73 GB  peak 9.73 GB
      199            209         4.638e-03      1.901e-07      2.711e-03      7.259e-03      7.344e-05      1.018e+01      7.635e-03      2.559e-04   
  [it  200] bn 7.9509e-03  L 1.000  kappa 0.427  convex 0.066  d_cc 1.034  d_pc 1.102  -> FEASIBLE
      200            210         4.636e-03      2.506e-06      3.607e-02      3.825e-03      5.482e-05      1.018e+01      7.635e-03      2.559e-04   
      201            211         4.635e-03      7.079e-07      1.831e-02      3.210e-03      5.016e-05      1.018e+01      7.635e-03      2.559e-04   
      202            212         4.635e-03     -4.623e-09      5.538e-05      5.399e-04      5.026e-05      1.018e+01      7.036e-03      5.399e-05   
      203            213         4.635e-03     -5.317e-08      1.984e-04      2.680e-03      5.230e-05      1.018e+01      7.036e-03      5.399e-05   
      204            214         4.635e-03      5.634e-08      2.133e-04      8.104e-04      5.226e-05      1.018e+01      7.036e-03      5.399e-05   
      205            215         4.635e-03     -7.924e-09      9.221e-05      5.870e-04      5.144e-05      1.018e+01      7.036e-03      5.399e-05   
      206            216         4.635e-03     -7.946e-09      9.507e-05      5.259e-04      5.076e-05      1.018e+01      7.036e-03      5.399e-05   
      207            217         4.635e-03     -6.890e-09      9.342e-05      6.551e-04      5.020e-05      1.018e+01      7.036e-03      5.399e-05   
      208            218         4.635e-03      1.392e-08      3.199e-04      1.502e-04      5.010e-05      1.018e+01      7.036e-03      5.399e-05   
  [mem] RSS 9.74 GB  peak 9.74 GB
      209            219         4.633e-03      1.536e-06      3.068e-02      1.061e-04      3.750e-05      1.018e+01      7.036e-03      5.399e-05   
      210            220         4.631e-03      2.254e-06      6.457e-02      3.513e-04      1.239e-04      1.018e+01      7.036e-03      5.399e-05   
      211            221         4.630e-03      7.724e-07      2.911e-02      2.791e-04      1.207e-04      1.018e+01      7.036e-03      5.399e-05   
      212            222         4.629e-03      1.666e-06      6.362e-02      2.173e-04      1.196e-04      1.018e+01      7.036e-03      5.399e-05   
      213            223         4.628e-03      1.145e-06      4.274e-02      1.905e-04      1.239e-04      1.018e+01      7.036e-03      5.399e-05   
      214            224         4.626e-03      1.215e-06      4.680e-02      1.885e-04      1.330e-04      1.018e+01      7.036e-03      5.399e-05   
      215            225         4.625e-03      1.685e-06      6.707e-02      2.215e-04      1.468e-04      1.018e+01      7.036e-03      5.399e-05   
      216            226         4.624e-03      3.597e-07      1.389e-02      2.014e-04      1.493e-04      1.018e+01      7.036e-03      5.399e-05   
      217            227         4.624e-03      3.522e-07      1.363e-02      1.863e-04      1.519e-04      1.018e+01      7.036e-03      5.399e-05   
      218            228         4.623e-03      6.725e-07      2.634e-02      1.722e-04      1.582e-04      1.018e+01      7.036e-03      5.399e-05   
      219            229         4.623e-03      1.627e-07      6.726e-03      1.645e-04      1.598e-04      1.018e+01      7.036e-03      5.399e-05   
      220            230         4.623e-03      2.055e-07      8.683e-03      1.556e-04      1.619e-04      1.018e+01      7.036e-03      5.399e-05   
      221            231         4.622e-03      5.338e-07      2.319e-02      1.447e-04      1.672e-04      1.018e+01      7.036e-03      5.399e-05   
  [mem] RSS 9.76 GB  peak 9.76 GB
      222            232         4.621e-03      1.021e-06      4.643e-02      1.621e-04      1.763e-04      1.018e+01      7.036e-03      5.399e-05   
      223            233         4.620e-03      1.052e-06      4.882e-02      1.652e-04      1.825e-04      1.018e+01      7.036e-03      5.399e-05   
      224            234         4.619e-03      8.305e-07      4.161e-02      1.611e-04      1.833e-04      1.018e+01      7.036e-03      5.399e-05   
  [it  225] bn 7.9966e-03  L 1.000  kappa 0.439  convex 1.107  d_cc 1.034  d_pc 1.092  -> FAILS L,convex
      225            235         4.619e-03      4.266e-07      2.366e-02      1.436e-04      1.922e-04      1.018e+01      7.036e-03      5.399e-05   
      226            236         4.619e-03      4.413e-08      2.523e-03      1.401e-04      1.931e-04      1.018e+01      7.036e-03      5.399e-05   
      227            237         4.619e-03      1.457e-07      8.746e-03      1.306e-04      1.962e-04      1.018e+01      7.036e-03      5.399e-05   
      228            238         4.618e-03      6.405e-07      4.057e-02      1.415e-04      2.097e-04      1.018e+01      7.036e-03      5.399e-05   
      229            239         4.618e-03      4.635e-07      2.955e-02      1.304e-04      2.195e-04      1.018e+01      7.036e-03      5.399e-05   
      230            240         4.618e-03      6.356e-08      4.147e-03      1.250e-04      2.208e-04      1.018e+01      7.036e-03      5.399e-05   
      231            241         4.618e-03      5.611e-08      4.077e-03      1.199e-04      2.213e-04      1.018e+01      7.036e-03      5.399e-05   
  [mem] RSS 9.79 GB  peak 9.79 GB
      232            242         4.617e-03      3.242e-07      2.382e-02      1.101e-04      2.234e-04      1.018e+01      7.036e-03      5.399e-05   
      233            243         4.617e-03      1.433e-07      1.118e-02      1.015e-04      2.236e-04      1.018e+01      7.036e-03      5.399e-05   
      234            244         4.617e-03      1.277e-07      9.733e-03      9.432e-05      2.242e-04      1.018e+01      7.036e-03      5.399e-05   
      235            245         4.617e-03      3.960e-08      3.066e-03      9.170e-05      2.244e-04      1.018e+01      7.036e-03      5.399e-05   
      236            246         4.617e-03      2.554e-08      2.004e-03      8.995e-05      2.245e-04      1.018e+01      7.036e-03      5.399e-05   
      237            247         4.617e-03      3.167e-07      2.490e-02      8.741e-05      2.258e-04      1.018e+01      7.036e-03      5.399e-05   
      238            248         4.617e-03      1.482e-07      1.178e-02      8.129e-05      2.263e-04      1.018e+01      7.036e-03      5.399e-05   
      239            249         4.616e-03      4.324e-08      3.499e-03      7.882e-05      2.267e-04      1.018e+01      7.036e-03      5.399e-05   
      240            250         4.616e-03      9.711e-09      7.885e-04      7.822e-05      2.268e-04      1.018e+01      7.036e-03      5.399e-05   
      241            251         4.616e-03      6.298e-07      5.084e-02      1.389e-04      2.327e-04      1.018e+01      7.036e-03      5.399e-05   
      242            252         4.616e-03      3.732e-08      2.815e-03      1.348e-04      2.334e-04      1.018e+01      7.036e-03      5.399e-05   
      243            253         4.616e-03      2.258e-07      1.755e-02      1.168e-04      2.372e-04      1.018e+01      7.036e-03      5.399e-05   
      244            254         4.616e-03     -7.506e-09      8.392e-05      9.006e-04      2.375e-04      1.033e+01      7.541e-03      9.006e-05   
  [mem] RSS 9.80 GB  peak 9.80 GB
      245            255         4.616e-03     -2.406e-07      6.468e-04      4.914e-04      2.101e-04      1.033e+01      7.541e-03      9.006e-05   
      246            256         4.616e-03     -2.568e-07      8.715e-03      4.210e-04      1.881e-04      1.033e+01      7.541e-03      9.006e-05   
      247            257         4.617e-03     -9.927e-07      4.117e-02      1.992e-04      1.006e-04      1.033e+01      7.541e-03      9.006e-05   
      248            258         4.617e-03     -3.331e-09      6.302e-03      1.843e-04      9.584e-05      1.033e+01      7.541e-03      9.006e-05   
      249            259         4.617e-03      1.277e-08      2.359e-02      1.344e-04      7.986e-05      1.033e+01      7.541e-03      9.006e-05   
  [it  250] bn 8.0249e-03  L 1.000  kappa 0.433  convex 0.200  d_cc 1.036  d_pc 1.086  -> FAILS L
      250            260         4.617e-03      1.910e-07      5.007e-02      1.571e-04      6.006e-05      1.033e+01      7.541e-03      9.006e-05   
      251            261         4.617e-03      3.534e-07      4.382e-02      1.486e-04      6.524e-05      1.033e+01      7.541e-03      9.006e-05   
      252            262         4.616e-03      7.681e-07      7.757e-02      2.418e-04      7.712e-05      1.033e+01      7.541e-03      9.006e-05   
      253            263         4.615e-03      4.158e-07      3.453e-02      1.756e-04      8.465e-05      1.033e+01      7.541e-03      9.006e-05   
      254            264         4.615e-03      3.945e-07      3.507e-02      1.490e-04      8.873e-05      1.033e+01      7.541e-03      9.006e-05   
      255            265         4.615e-03      1.248e-07      1.037e-02      1.377e-04      9.024e-05      1.033e+01      7.541e-03      9.006e-05   
  [mem] RSS 9.83 GB  peak 9.83 GB
      256            266         4.615e-03      6.873e-08      5.734e-03      1.314e-04      9.104e-05      1.033e+01      7.541e-03      9.006e-05   
      257            267         4.615e-03      4.411e-08      3.688e-03      1.274e-04      9.154e-05      1.033e+01      7.541e-03      9.006e-05   
      258            268         4.614e-03      2.221e-07      1.849e-02      1.175e-04      9.397e-05      1.033e+01      7.541e-03      9.006e-05   
      259            269         4.614e-03      4.150e-07      3.429e-02      1.206e-04      9.820e-05      1.033e+01      7.541e-03      9.006e-05   
      260            270         4.614e-03      1.242e-07      9.958e-03      1.131e-04      9.955e-05      1.033e+01      7.541e-03      9.006e-05   
      261            271         4.614e-03      1.014e-07      8.101e-03      1.070e-04      1.006e-04      1.033e+01      7.541e-03      9.006e-05   
      262            272         4.614e-03      7.015e-08      5.601e-03      1.027e-04      1.014e-04      1.033e+01      7.541e-03      9.006e-05   
      263            273         4.614e-03      1.651e-07      1.314e-02      9.684e-05      1.023e-04      1.033e+01      7.541e-03      9.006e-05   
      264            274         4.614e-03      6.704e-08      5.420e-03      9.341e-05      1.021e-04      1.033e+01      7.541e-03      9.006e-05   
      265            275         4.614e-03      3.517e-08      2.844e-03      9.151e-05      1.019e-04      1.033e+01      7.541e-03      9.006e-05   
      266            276         4.613e-03      8.983e-08      7.252e-03      1.366e-03      1.016e-04      1.033e+01      8.525e-03      1.366e-04   
      267            277         4.613e-03     -7.236e-08      6.083e-04      8.997e-03      1.031e-04      1.033e+01      8.525e-03      1.366e-04   
      268            278         4.613e-03      6.970e-09      1.735e-04      4.005e-04      1.031e-04      1.033e+01      8.525e-03      1.366e-04   
  [mem] RSS 9.85 GB  peak 9.85 GB
      269            279         4.613e-03      1.475e-07      2.151e-02      3.607e-04      9.842e-05      1.033e+01      8.525e-03      1.366e-04   
      270            280         4.613e-03     -3.492e-08      2.064e-04      6.284e-04      9.908e-05      1.033e+01      9.522e-03      6.284e-05   
      271            281         4.613e-03     -3.089e-08      1.142e-04      1.526e-04      9.860e-05      1.033e+01      9.522e-03      6.284e-05   
      272            282         4.613e-03      4.000e-07      7.825e-02      2.739e-04      4.619e-05      1.033e+01      9.522e-03      6.284e-05   
      273            283         4.613e-03      2.683e-07      3.024e-02      2.008e-04      2.658e-05      1.033e+01      9.522e-03      6.284e-05   
      274            284         4.613e-03      6.723e-08      6.622e-03      1.886e-04      2.670e-05      1.033e+01      9.522e-03      6.284e-05   
  [it  275] bn 8.0497e-03  L 1.000  kappa 0.424  convex 0.090  d_cc 1.036  d_pc 1.080  -> FEASIBLE
      275            285         4.613e-03      3.551e-08      3.477e-03      1.825e-04      2.683e-05      1.033e+01      9.522e-03      6.284e-05   
      276            286         4.612e-03      5.109e-07      4.874e-02      1.696e-04      2.894e-05      1.033e+01      9.522e-03      6.284e-05   
      277            287         4.611e-03      1.124e-06      9.058e-02      3.334e-04      4.071e-05      1.033e+01      9.522e-03      6.284e-05   
      278            288         4.610e-03      5.379e-07      3.519e-02      2.597e-04      4.573e-05      1.033e+01      9.522e-03      6.284e-05   
      279            289         4.610e-03      2.460e-07      1.589e-02      2.339e-04      4.823e-05      1.033e+01      9.522e-03      6.284e-05   
  [mem] RSS 9.87 GB  peak 9.87 GB
      280            290         4.609e-03      7.869e-07      5.021e-02      2.394e-04      5.585e-05      1.033e+01      9.522e-03      6.284e-05   
      281            291         4.609e-03      3.287e-07      2.043e-02      2.183e-04      5.884e-05      1.033e+01      9.522e-03      6.284e-05   
      282            292         4.609e-03      2.160e-07      1.335e-02      2.043e-04      6.064e-05      1.033e+01      9.522e-03      6.284e-05   
      283            293         4.609e-03      2.832e-08      1.769e-03      2.018e-04      6.086e-05      1.033e+01      9.522e-03      6.284e-05   
      284            294         4.609e-03      1.712e-07      1.072e-02      1.914e-04      6.222e-05      1.033e+01      9.522e-03      6.284e-05   
      285            295         4.609e-03     -1.393e-08      1.228e-04      1.098e-03      6.215e-05      1.033e+01      9.682e-03      1.098e-04   
      286            296         4.609e-03      9.947e-09      5.389e-05      2.394e-04      6.243e-05      1.033e+01      9.682e-03      1.098e-04   
      287            297         4.609e-03      2.176e-08      1.240e-04      5.222e-04      6.388e-05      1.033e+01      9.682e-03      1.098e-04   
      288            298         4.609e-03      1.229e-08      1.614e-04      2.732e-04      6.391e-05      1.033e+01      9.827e-03      2.732e-05   
      289            299         4.609e-03     -2.649e-08      1.249e-04      1.917e-04      6.430e-05      1.033e+01      9.827e-03      2.732e-05   
      290            300         4.609e-03      1.635e-08      1.023e-04      1.238e-04      6.434e-05      1.033e+01      9.827e-03      2.732e-05   
      291            301         4.608e-03      2.337e-07      1.166e-02      1.173e-04      6.901e-05      1.033e+01      9.827e-03      2.732e-05   
  [mem] RSS 9.89 GB  peak 9.89 GB
      292            302         4.608e-03      1.114e-07      6.628e-03      1.139e-04      7.148e-05      1.033e+01      9.827e-03      2.732e-05   
      293            303         4.608e-03     -1.855e-08      7.314e-05      7.897e-05      7.126e-05      1.033e+01      9.827e-03      2.732e-05   
      294            304         4.608e-03      2.268e-07      1.309e-02      7.454e-05      7.600e-05      1.033e+01      9.827e-03      2.732e-05   
      295            305         4.608e-03      1.033e-08      5.962e-04      7.435e-05      7.621e-05      1.033e+01      9.827e-03      2.732e-05   
      296            306         4.608e-03      5.173e-08      2.987e-03      7.337e-05      7.725e-05      1.033e+01      9.827e-03      2.732e-05   
      297            307         4.608e-03      1.926e-07      1.114e-02      6.987e-05      8.108e-05      1.033e+01      9.827e-03      2.732e-05   
      298            308         4.608e-03      2.647e-07      1.694e-02      6.559e-05      8.023e-05      1.033e+01      9.827e-03      2.732e-05   
      299            309         4.608e-03     -1.417e-09      6.623e-05      5.775e-05      7.945e-05      1.033e+01      9.827e-03      2.732e-05   
  [it  300] bn 8.0674e-03  L 1.000  kappa 0.421  convex 0.189  d_cc 1.036  d_pc 1.076  -> FEASIBLE
      300            310         4.607e-03      1.958e-07      1.243e-02      5.042e-05      7.879e-05      1.033e+01      9.827e-03      2.732e-05   
      301            311         4.607e-03      1.146e-07      7.233e-03      4.784e-05      7.837e-05      1.033e+01      9.827e-03      2.732e-05   
      302            312         4.607e-03      7.291e-07      4.541e-02      1.210e-04      7.563e-05      1.033e+01      9.827e-03      2.732e-05   
  [mem] RSS 9.91 GB  peak 9.91 GB
      303            313         4.606e-03      4.284e-07      2.175e-02      1.226e-04      7.542e-05      1.033e+01      9.827e-03      2.732e-05   
      304            314         4.606e-03     -1.057e-08      8.254e-05      5.259e-05      7.515e-05      1.033e+01      9.827e-03      2.732e-05   
      305            315         4.606e-03      1.526e-10      9.821e-05      1.358e-04      7.448e-05      1.033e+01      9.828e-03      1.358e-05   
      306            316         4.606e-03      4.463e-08      1.987e-03      1.338e-04      7.404e-05      1.033e+01      9.828e-03      1.358e-05   
      307            317         4.606e-03     -4.841e-10      9.313e-05      3.801e-05      7.376e-05      1.033e+01      9.828e-03      1.358e-05   
      308            318         4.606e-03      2.138e-08      9.982e-04      3.786e-05      7.355e-05      1.033e+01      9.828e-03      1.358e-05   
      309            319         4.606e-03      1.550e-08      7.253e-04      3.776e-05      7.339e-05      1.033e+01      9.828e-03      1.358e-05   
      310            320         4.606e-03      1.505e-08      7.044e-04      3.766e-05      7.324e-05      1.033e+01      9.828e-03      1.358e-05   
      311            321         4.606e-03      1.463e-08      6.846e-04      3.757e-05      7.309e-05      1.033e+01      9.828e-03      1.358e-05   
      312            322         4.606e-03      1.424e-08      6.666e-04      3.748e-05      7.295e-05      1.033e+01      9.828e-03      1.358e-05   
      313            323         4.606e-03      2.228e-07      1.044e-02      3.184e-05      7.075e-05      1.033e+01      9.828e-03      1.358e-05   
      314            324         4.604e-03      1.330e-06      6.230e-02      2.093e-04      5.855e-05      1.033e+01      9.828e-03      1.358e-05   
      315            325         4.604e-03      3.743e-07      1.920e-02      2.016e-04      5.756e-05      1.033e+01      9.828e-03      1.358e-05   
  [mem] RSS 9.93 GB  peak 9.93 GB
      316            326         4.603e-03      6.173e-07      3.262e-02      2.100e-04      5.684e-05      1.033e+01      9.828e-03      1.358e-05   
      317            327         4.602e-03      1.068e-06      5.321e-02      2.647e-04      6.564e-05      1.033e+01      9.828e-03      1.358e-05   
      318            328         4.601e-03      1.285e-06      5.867e-02      3.161e-04      9.716e-05      1.033e+01      9.828e-03      1.358e-05   
      319            329         4.600e-03      1.370e-06      5.850e-02      3.501e-04      1.273e-04      1.033e+01      9.828e-03      1.358e-05   
      320            330         4.600e-03      1.681e-07      6.998e-03      3.392e-04      1.308e-04      1.033e+01      9.828e-03      1.358e-05   
      321            331         4.600e-03     -1.964e-08      2.098e-04      1.921e-04      1.309e-04      1.033e+01      9.828e-03      1.358e-05   
      322            332         4.600e-03      3.347e-11      3.694e-05      5.589e-05      1.308e-04      1.033e+01      9.828e-03      1.358e-05   
      323            333         4.599e-03      2.923e-07      1.291e-02      5.535e-05      1.320e-04      1.033e+01      9.828e-03      1.358e-05   
      324            334         4.597e-03      2.315e-06      9.948e-02      6.579e-04      1.869e-04      1.033e+01      9.828e-03      1.358e-05   
  [it  325] bn 8.0777e-03  L 1.000  kappa 0.422  convex 0.254  d_cc 1.036  d_pc 1.075  -> FEASIBLE
      325            335         4.597e-03     -3.298e-08      4.002e-04      3.249e-04      1.402e-04      1.033e+01      9.828e-03      1.358e-05   
  [mem] RSS 9.95 GB  peak 9.95 GB
      326            336         4.597e-03      6.862e-10      5.093e-05      9.125e-05      1.399e-04      1.033e+01      9.828e-03      1.358e-05   
      327            337         4.597e-03      8.526e-08      3.505e-03      9.018e-05      1.402e-04      1.033e+01      9.828e-03      1.358e-05   
      328            338         4.597e-03      2.041e-08      8.363e-04      8.991e-05      1.403e-04      1.033e+01      9.828e-03      1.358e-05   
      329            339         4.597e-03      2.044e-08      8.257e-04      8.964e-05      1.404e-04      1.033e+01      9.828e-03      1.358e-05   
      330            340         4.597e-03      2.030e-08      8.194e-04      8.938e-05      1.404e-04      1.033e+01      9.828e-03      1.358e-05   
      331            341         4.597e-03      2.034e-08      8.158e-04      8.912e-05      1.405e-04      1.033e+01      9.828e-03      1.358e-05   
      332            342         4.597e-03      2.021e-08      8.097e-04      8.886e-05      1.406e-04      1.033e+01      9.828e-03      1.358e-05   
      333            343         4.597e-03      2.585e-07      1.048e-02      8.660e-05      1.414e-04      1.033e+01      9.828e-03      1.358e-05   
      334            344         4.596e-03      1.007e-06      4.081e-02      1.347e-04      1.449e-04      1.033e+01      9.828e-03      1.358e-05   
      335            345         4.594e-03      1.735e-06      6.623e-02      2.969e-04      1.503e-04      1.033e+01      9.828e-03      1.358e-05   
      336            346         4.592e-03      1.856e-06      6.621e-02      3.942e-04      1.561e-04      1.033e+01      9.828e-03      1.358e-05   
      337            347         4.592e-03      3.900e-07      1.322e-02      3.796e-04      1.572e-04      1.033e+01      9.828e-03      1.358e-05   
      338            348         4.590e-03      1.219e-06      4.072e-02      3.820e-04      1.606e-04      1.033e+01      9.828e-03      1.358e-05   
  [mem] RSS 9.97 GB  peak 9.97 GB
      339            349         4.590e-03      2.062e-07      6.766e-03      3.734e-04      1.611e-04      1.033e+01      9.828e-03      1.358e-05   
      340            350         4.590e-03      5.051e-07      1.643e-02      3.598e-04      1.623e-04      1.033e+01      9.828e-03      1.358e-05   
      341            351         4.586e-03      3.260e-06      1.022e-01      6.533e-04      1.811e-04      1.033e+01      9.828e-03      1.358e-05   
      342            352         4.586e-03      3.053e-07      9.188e-03      6.297e-04      1.738e-04      1.033e+01      9.828e-03      1.358e-05   
      343            353         4.586e-03     -3.488e-08      3.707e-04      2.318e-04      1.706e-04      1.033e+01      9.828e-03      1.358e-05   
      344            354         4.586e-03      1.055e-09      8.360e-05      1.168e-04      1.702e-04      1.033e+01      9.828e-03      1.358e-05   
      345            355         4.586e-03      1.693e-07      5.198e-03      1.149e-04      1.704e-04      1.033e+01      9.828e-03      1.358e-05   
      346            356         4.585e-03      1.119e-06      3.410e-02      1.308e-04      1.721e-04      1.033e+01      9.828e-03      1.358e-05   
      347            357         4.584e-03      6.936e-07      2.052e-02      1.465e-04      1.732e-04      1.033e+01      9.828e-03      1.358e-05   
      348            358         4.584e-03      4.052e-08      1.183e-03      1.460e-04      1.733e-04      1.033e+01      9.828e-03      1.358e-05   
      349            359         4.584e-03      4.002e-08      1.167e-03      1.454e-04      1.733e-04      1.033e+01      9.828e-03      1.358e-05   
  [it  350] bn 8.0853e-03  L 1.000  kappa 0.419  convex 0.367  d_cc 1.037  d_pc 1.075  -> FAILS L
      350            360         4.584e-03      3.960e-08      1.154e-03      1.449e-04      1.734e-04      1.033e+01      9.828e-03      1.358e-05   
  [mem] RSS 9.99 GB  peak 9.99 GB
      351            361         4.584e-03      3.935e-08      1.145e-03      1.444e-04      1.734e-04      1.033e+01      9.828e-03      1.358e-05   
      352            362         4.584e-03      3.880e-08      1.128e-03      1.439e-04      1.735e-04      1.033e+01      9.828e-03      1.358e-05   
      353            363         4.584e-03      3.842e-08      1.116e-03      1.434e-04      1.736e-04      1.033e+01      9.828e-03      1.358e-05   
      354            364         4.584e-03      1.958e-07      5.765e-03      1.425e-04      1.738e-04      1.033e+01      9.828e-03      1.358e-05   
      355            365         4.583e-03      8.920e-07      2.610e-02      1.684e-04      1.752e-04      1.033e+01      9.828e-03      1.358e-05   
      356            366         4.578e-03      4.532e-06      1.257e-01      9.606e-04      2.757e-04      1.033e+01      9.828e-03      1.358e-05   
      357            367         4.578e-03      7.261e-07      1.909e-02      8.893e-04      2.537e-04      1.033e+01      9.828e-03      1.358e-05   
      358            368         4.578e-03     -4.227e-08      5.063e-04      1.197e-04      1.830e-04      1.033e+01      9.828e-03      1.358e-05   
      359            369         4.578e-03      4.816e-09      1.500e-04      1.476e-04      1.823e-04      1.033e+01      9.828e-03      1.358e-05   
      360            370         4.577e-03      2.317e-07      6.099e-03      1.446e-04      1.826e-04      1.033e+01      9.828e-03      1.358e-05   
      361            371         4.576e-03      1.430e-06      3.745e-02      1.669e-04      1.842e-04      1.033e+01      9.828e-03      1.358e-05   
      362            372         4.572e-03      4.198e-06      1.054e-01      7.164e-04      1.975e-04      1.033e+01      9.828e-03      1.358e-05   
      363            373         4.569e-03      2.687e-06      6.344e-02      6.678e-04      1.932e-04      1.033e+01      9.828e-03      1.358e-05   
  [mem] RSS 10.01 GB  peak 10.01 GB
      364            374         4.569e-03     -3.387e-08      3.734e-04      7.607e-05      1.934e-04      1.033e+01      9.828e-03      1.358e-05   
      365            375         4.569e-03      1.590e-07      3.807e-03      7.509e-05      1.936e-04      1.033e+01      9.828e-03      1.358e-05   
      366            376         4.569e-03      8.731e-08      2.087e-03      7.455e-05      1.936e-04      1.033e+01      9.828e-03      1.358e-05   
      367            377         4.569e-03      9.946e-08      2.490e-03      7.393e-05      1.938e-04      1.033e+01      9.828e-03      1.358e-05   
      368            378         4.569e-03      9.748e-08      2.438e-03      7.333e-05      1.939e-04      1.033e+01      9.828e-03      1.358e-05   
      369            379         4.569e-03      9.597e-08      2.400e-03      7.274e-05      1.940e-04      1.033e+01      9.828e-03      1.358e-05   
      370            380         4.567e-03      1.065e-06      2.675e-02      8.458e-05      1.951e-04      1.033e+01      9.828e-03      1.358e-05   
      371            381         4.564e-03      3.113e-06      7.608e-02      4.410e-04      1.986e-04      1.033e+01      9.828e-03      1.358e-05   
      372            382         4.562e-03      2.543e-06      6.103e-02      4.619e-04      2.037e-04      1.033e+01      9.828e-03      1.358e-05   
      373            383         4.560e-03      1.700e-06      4.198e-02      4.428e-04      2.072e-04      1.033e+01      9.828e-03      1.358e-05   
      374            384         4.556e-03      4.162e-06      1.031e-01      6.138e-04      2.153e-04      1.033e+01      9.828e-03      1.358e-05   
  [mem] RSS 10.04 GB  peak 10.04 GB
  [it  375] bn 8.0937e-03  L 1.000  kappa 0.415  convex 0.605  d_cc 1.037  d_pc 1.070  -> FAILS L
      375            385         4.552e-03      3.862e-06      9.597e-02      6.890e-04      2.243e-04      1.033e+01      9.828e-03      1.358e-05   
      376            386         4.552e-03     -5.073e-08      3.807e-04      8.969e-05      2.245e-04      1.033e+01      9.828e-03      1.358e-05   
      377            387         4.552e-03      1.439e-07      3.547e-03      8.838e-05      2.246e-04      1.033e+01      9.828e-03      1.358e-05   
      378            388         4.552e-03      5.293e-08      1.304e-03      8.811e-05      2.247e-04      1.033e+01      9.828e-03      1.358e-05   
      379            389         4.552e-03      5.227e-08      1.287e-03      8.784e-05      2.247e-04      1.033e+01      9.828e-03      1.358e-05   
      380            390         4.552e-03      5.165e-08      1.272e-03      8.757e-05      2.248e-04      1.033e+01      9.828e-03      1.358e-05   
      381            391         4.552e-03      5.103e-08      1.256e-03      8.732e-05      2.248e-04      1.033e+01      9.828e-03      1.358e-05   
      382            392         4.552e-03      5.045e-08      1.242e-03      8.707e-05      2.249e-04      1.033e+01      9.828e-03      1.358e-05   
      383            393         4.552e-03      4.987e-08      1.227e-03      8.682e-05      2.249e-04      1.033e+01      9.828e-03      1.358e-05   
      384            394         4.552e-03      4.931e-08      1.213e-03      8.658e-05      2.250e-04      1.033e+01      9.828e-03      1.358e-05   
      385            395         4.552e-03      4.887e-08      1.201e-03      8.634e-05      2.250e-04      1.033e+01      9.828e-03      1.358e-05   
      386            396         4.552e-03      4.835e-08      1.188e-03      8.611e-05      2.251e-04      1.033e+01      9.828e-03      1.358e-05   
      387            397         4.551e-03      7.488e-07      1.854e-02      7.191e-05      2.258e-04      1.033e+01      9.828e-03      1.358e-05   
      388            398         4.546e-03      4.424e-06      1.093e-01      7.867e-04      2.302e-04      1.033e+01      9.828e-03      1.358e-05   
  [mem] RSS 10.10 GB  peak 10.10 GB
      389            399         4.545e-03      9.507e-07      2.367e-02      7.310e-04      2.321e-04      1.033e+01      9.828e-03      1.358e-05   
      390            400         4.545e-03      3.292e-07      8.139e-03      7.103e-04      2.327e-04      1.033e+01      9.828e-03      1.358e-05   
      391            401         4.542e-03      2.862e-06      7.044e-02      6.633e-04      2.377e-04      1.033e+01      9.828e-03      1.358e-05   
      392            402         4.542e-03     -4.026e-08      3.503e-04      8.711e-05      2.377e-04      1.033e+01      9.828e-03      1.358e-05   
      393            403         4.537e-03      5.051e-06      1.262e-01      1.459e-03      3.253e-04      1.033e+01      9.828e-03      1.358e-05   
      394            404         4.537e-03     -1.191e-07      8.160e-04      6.003e-03      2.425e-04      1.033e+01      9.828e-03      1.358e-05   
      395            405         4.537e-03     -6.648e-09      1.551e-04      6.721e-04      2.424e-04      1.033e+01      9.828e-03      1.358e-05   
      396            406         4.536e-03      1.023e-06      1.974e-02      3.617e-04      2.442e-04      1.033e+01      9.828e-03      1.358e-05   
      397            407         4.536e-03     -7.242e-08      4.027e-04      4.252e-03      2.440e-04      1.033e+01      9.828e-03      1.358e-05   
      398            408         4.536e-03      1.350e-09      6.780e-05      1.252e-04      2.440e-04      1.033e+01      9.828e-03      1.358e-05   
      399            409         4.536e-03      1.825e-07      4.275e-03      1.183e-04      2.444e-04      1.033e+01      9.828e-03      1.358e-05   
  [mem] RSS 10.16 GB  peak 10.16 GB
  [it  400] bn 8.1019e-03  L 1.000  kappa 0.413  convex 0.728  d_cc 1.035  d_pc 1.065  -> FAILS L
      400            410         4.535e-03      1.395e-06      3.395e-02      7.654e-05      2.472e-04      1.033e+01      9.828e-03      1.358e-05   
Warning: Maximum number of iterations has been exceeded.
         Current function value: 4.535e-03
         Constraint violation: 2.472e-04
         Total delta_x: 6.171e+00
         Iterations: 400
         Function evaluations: 410
         Jacobian evaluations: 400
Timer: Solution time = 25.3 min
Timer: Avg time per step = 3.79 sec
==============================================================================================================
                                                                 Start  -->   End
Total (sum of squares):                                      2.949e-03  -->   4.535e-03, 
Maximum absolute Boundary normal field error:                9.231e-01  -->   1.073e+00 (T m^2)
Minimum absolute Boundary normal field error:                1.189e-04  -->   1.457e-05 (T m^2)
Average absolute Boundary normal field error:                1.657e-01  -->   2.061e-01 (T m^2)
Maximum absolute Boundary normal field error:                8.181e-03  -->   9.507e-03 (normalized)
Minimum absolute Boundary normal field error:                1.053e-06  -->   1.291e-07 (normalized)
Average absolute Boundary normal field error:                1.468e-03  -->   1.827e-03 (normalized)
Maximum Coil length:                                         3.600e+01  -->   3.600e+01 (m)
Minimum Coil length:                                         3.600e+01  -->   3.600e+01 (m)
Average Coil length:                                         3.600e+01  -->   3.600e+01 (m)
Maximum Coil length:                                         6.262e+00  -->   6.262e+00 (normalized)
Minimum Coil length:                                         6.262e+00  -->   6.262e+00 (normalized)
Average Coil length:                                         6.262e+00  -->   6.262e+00 (normalized)
Maximum Coil curvature:                                      1.492e+00  -->   6.192e-01 (m^-1)
Minimum Coil curvature:                                      7.769e-05  -->   1.760e-05 (m^-1)
Average Coil curvature:                                      3.140e-01  -->   2.189e-01 (m^-1)
Maximum Coil curvature:                                      8.579e+00  -->   3.560e+00 (normalized)
Minimum Coil curvature:                                      4.466e-04  -->   1.012e-04 (normalized)
Average Coil curvature:                                      1.805e+00  -->   1.259e+00 (normalized)
Maximum Signed in-plane curvature:                           1.095e+00  -->   6.192e-01 (m^-1)
Minimum Signed in-plane curvature:                          -1.492e+00  -->  -2.060e-03 (m^-1)
Average Signed in-plane curvature:                           1.954e-01  -->   2.189e-01 (m^-1)
Maximum Signed in-plane curvature:                           6.296e+00  -->   3.560e+00 (normalized)
Minimum Signed in-plane curvature:                          -8.579e+00  -->  -1.184e-02 (normalized)
Average Signed in-plane curvature:                           1.123e+00  -->   1.259e+00 (normalized)
Maximum Coil-coil distance penalty:                          6.980e-06  -->   3.328e-05 (dimensionless)
Minimum Coil-coil distance penalty:                          0.000e+00  -->   0.000e+00 (dimensionless)
Average Coil-coil distance penalty:                          2.025e-07  -->   1.091e-06 (dimensionless)
Maximum Plasma-coil distance penalty:                        1.510e-05  -->   0.000e+00 (dimensionless)
Minimum Plasma-coil distance penalty:                        0.000e+00  -->   0.000e+00 (dimensionless)
Average Plasma-coil distance penalty:                        1.887e-06  -->   0.000e+00 (dimensionless)
Summed coil current error:                                   0.000e+00  -->   1.490e-08 (A)
==============================================================================================================


SOLVER {'wall_s': 1633.5816197395325, 'message': 'Maximum number of iterations has been exceeded.', 'nit': 400, 'n_outer': 16, 'constr_violation': 0.00024722288953166324, 'y_absmax_final': 0.00982777967399685}
START  bn 6.4227e-03  L 1.000  kappa 0.996  convex 3193.664  d_cc 1.036  d_pc 1.009  -> FAILS L,convex
RESULT bn 8.1019e-03  L 1.000  kappa 0.413  convex 0.728  d_cc 1.035  d_pc 1.065  linked 0  -> FAILS L  active ['L']
wrote work/helios/arc16/reconvex_L36/result.h5, result.json, result.png
  [mem] RSS 10.17 GB  peak 10.17 GB
