Running as unit: run-p768456-i769790.scope; invocation ID: 3275d6a683824a039c2da6367ce2696d
E0921 11:34:59.618232  768544 cuda_executor.cc:1743] Could not get kernel mode driver version: ( INVALID_ARGUMENT: Version does not match the format X.Y.Z )
E0921 11:34:59.628724  768456 cuda_executor.cc:1743] Could not get kernel mode driver version: ( INVALID_ARGUMENT: Version does not match the format X.Y.Z )
DEVICE requested=gpu obtained=gpu (1x NVIDIA GeForce RTX 5070 Laptop GPU)
  [mem] RSS 0.83 GB  peak 0.83 GB
/home/singh/Documents/DESC2/coil_sandbox/vendor/desc/utils.py:590: UserWarning: Unequal number of field periods for grid 1 and basis 2.
  warnings.warn(msg, err)
/home/singh/Documents/DESC2/coil_sandbox/vendor/desc/utils.py:590: UserWarning: Unequal number of field periods for grid 1 and basis 2.
  warnings.warn(msg, err)
eq sample_equilibria/helios_repro.h5 (h5) NFP 2 sym True; start work/helios/arc16/warm_L34_paper/result.h5: 4 unique coils, arc=True, expect 16 coils; source grid gl (48 nodes/coil), length grid gl (48), constraint grid 301, curvature grid 301; mode stage2; plasma field included (virtual casing)
SETTINGS {'eq': 'sample_equilibria/helios_repro.h5', 'start': 'work/helios/arc16/warm_L34_paper/result.h5', 'out': 'work/helios/arc16/warm_L36_paper', 'mode': 'stage2', 'length_mult': 1.0, 'margin': 0.0, 'fix_hinges': False, 'anchor_weight': 0.001, 'margin_skip': '', 'a': None, 'bounds': 'bounds/helios_L36_ladder.json', 'device': None, 'vacuum': False, 'maxiter': 400, 'check_every': 25, 'ckpt_every': 50, 'diag_log': 'diag.jsonl', 'dcc_backoff': 0.025, 'dpc_backoff': 0.02, 'no_arc_backoffs': False, 'convex_form': 'signed', 'convex_kmin': 0.0, 'convex_backoff': 0.5, 'planarity': 'auto', 'planarity_tol': 0.0, 'speed_floor': 0.0, 'arclength_weight': 0.0, 'torsion_weight': 0.0, 'coil_grid_n': 150, 'kappa_grid_n': None, 'eval_m': 25, 'eval_n': 25, 'plasma_m': 64, 'plasma_n': 64, 'src_gl': 24, 'src_n': 400, 'vc_m': None, 'vc_n': None, 'vc_chunk': 64, 'dcc_k': 20000, 'dpc_k': 20000, 'no_signed': False, 'dcc_neighbors': None, 'dcc_chunk': 4, 'dpc_chunk': 1, 'qf_chunk': 25, 'coil_jac_chunk': None, 'no_second_order': False, 'so_chunk': 16, 'so_rtol': 0.05, 'max_tr': 0.5, 'max_inner_iter': 100, 'ctol': 0.0001}
BOUNDS (judged, absolute, a=1.77186) L 36  Ltot -  kappa 1.5  kms -  convex 0.001  planar -  dcc 1.2  dpc 1.2
ENFORCED L 36  Ltot -  kappa 1.492  kms -  convex 0.0005  planar -  dcc 1.245  dpc 1.224  (convexity: signed, kappa_s >= 0.0)
  [mem] RSS 2.63 GB  peak 2.63 GB
START  bn 7.9766e-03  L 0.944  kappa 0.438  convex 0.097  d_cc 1.035  d_pc 1.080  linked 0  coils 16  -> FEASIBLE
Building objective: Quadratic flux
Precomputing transforms
  [mem] RSS 3.64 GB  peak 3.64 GB
/home/singh/Documents/DESC2/coil_sandbox/vendor/desc/utils.py:590: UserWarning: Could not build fft interpolator, switching to dft which is slow.
Reason: Got False for eval_grid.can_fft2.
  warnings.warn(msg, err)
  [mem] RSS 7.49 GB  peak 7.49 GB
  [mem] RSS 7.64 GB  peak 7.64 GB
  [mem] RSS 7.73 GB  peak 7.73 GB
Timer: Precomputing transforms = 1.80 min
Timer: Objective build = 1.82 min
Building objective: summed coil current
Building objective: fixed shift
Building objective: fixed rotation
Building objective: fixed arc reference
Timer: Objective build = 638 ms
Timer: Objective build = 3.24 ms
Timer: LinearConstraintProjection build = 2.86 sec
Timer: LinearConstraintProjection build = 137 ms
Number of parameters: 75
Number of objectives: 1326
Number of equality constraints: 0
Number of inequality constraints: 2474
Timer: Initializing the optimization = 1.90 min

Starting optimization
Using method: lsq-auglag
E0921 11:37:54.870867  768561 cuda_timer.cc:87] Delay kernel timed out: measured time has sub-optimal accuracy. There may be a missing warmup execution, please investigate in Nsight Systems.
  [mem] RSS 4.92 GB  peak 7.75 GB
  [mem] RSS 5.53 GB  peak 7.75 GB
second_order: compiling constraint Hessian for blocks CoilSignedCurvature, CoilSetDistancePenalty
  [mem] RSS 5.90 GB  peak 7.75 GB
E0921 11:39:12.709915  768574 cuda_timer.cc:87] Delay kernel timed out: measured time has sub-optimal accuracy. There may be a missing warmup execution, please investigate in Nsight Systems.
  [mem] RSS 6.66 GB  peak 7.75 GB
Solver options:
------------------------------------------------------------
Maximum Function Evaluations       : 2001
Maximum Allowed Total Δx Norm      : inf
Scaled Termination                 : True
Trust Region Method                : svd
Initial Trust Radius               : 8.269e-01
Maximum Trust Radius               : 5.000e-01
Minimum Trust Radius               : 2.220e-16
Trust Radius Increase Ratio        : 4.000e+00
Trust Radius Decrease Ratio        : 2.500e-01
Trust Radius Increase Threshold    : 7.500e-01
Trust Radius Decrease Threshold    : 5.000e-01
Alpha Omega                        : 1.000e+00
Beta Omega                         : 1.000e+00
Alpha Eta                          : 1.000e-01
Beta Eta                           : 9.000e-01
Omega                              : 7.544e-04
Eta                                : 1.000e-02
Tau                                : 1.000e+01
------------------------------------------------------------ 

   Iteration     Total nfev        Cost      Cost reduction    Step norm     Optimality    Constr viol.   Penalty param  max(|mltplr|)      gtolk     
       0              1          4.796e-03                                    7.544e-04      5.956e-05      1.000e+01      0.000e+00      7.544e-05   
second_order: compiling constraint Hessian for blocks CoilLength, CoilCurvature, CoilSignedCurvature, CoilSetDistancePenalty
  [mem] RSS 6.83 GB  peak 7.75 GB
  [mem] RSS 7.80 GB  peak 7.80 GB
  [mem] RSS 7.96 GB  peak 7.98 GB
       1              2          4.794e-03      1.945e-06      2.185e-03      5.670e-04      2.196e-04      1.000e+01      0.000e+00      7.544e-05   
       2              3          4.780e-03      1.384e-05      4.146e-02      4.581e-04      2.605e-04      1.000e+01      0.000e+00      7.544e-05   
  [mem] RSS 8.01 GB  peak 8.01 GB
       3              4          4.755e-03      2.522e-05      8.382e-02      3.229e-04      3.147e-04      1.000e+01      0.000e+00      7.544e-05   
       4              5          4.727e-03      2.766e-05      1.048e-01      2.361e-04      3.565e-04      1.000e+01      0.000e+00      7.544e-05   
       5              6          4.695e-03      3.195e-05      1.436e-01      4.249e-04      3.822e-04      1.000e+01      0.000e+00      7.544e-05   
       6              7          4.675e-03      2.038e-05      1.144e-01      5.773e-04      3.968e-04      1.000e+01      0.000e+00      7.544e-05   
       7              8          4.662e-03      1.204e-05      7.699e-02      5.164e-04      4.048e-04      1.000e+01      0.000e+00      7.544e-05   
second_order: compiling constraint Hessian for blocks CoilLength, CoilSignedCurvature, CoilSetDistancePenalty
  [mem] RSS 8.02 GB  peak 8.02 GB
  [mem] RSS 8.19 GB  peak 8.19 GB
  [mem] RSS 8.24 GB  peak 8.24 GB
       8              9          4.653e-03      9.143e-06      6.144e-02      4.712e-04      4.047e-04      1.000e+01      0.000e+00      7.544e-05   
       9             10          4.645e-03      8.619e-06      6.369e-02      4.691e-04      4.005e-04      1.000e+01      0.000e+00      7.544e-05   
      10             11          4.635e-03      9.419e-06      7.076e-02      4.472e-04      4.093e-04      1.000e+01      0.000e+00      7.544e-05   
      11             12          4.629e-03      6.465e-06      5.228e-02      3.998e-04      4.163e-04      1.000e+01      0.000e+00      7.544e-05   
      12             13          4.622e-03      6.425e-06      5.619e-02      3.819e-04      4.199e-04      1.000e+01      0.000e+00      7.544e-05   
      13             14          4.614e-03      8.630e-06      7.987e-02      4.265e-04      4.254e-04      1.000e+01      0.000e+00      7.544e-05   
      14             15          4.610e-03      3.342e-06      3.175e-02      3.614e-04      4.238e-04      1.000e+01      0.000e+00      7.544e-05   
      15             16          4.610e-03     -1.868e-08      2.472e-04      6.995e-04      4.210e-04      1.000e+01      0.000e+00      7.544e-05   
      16             17          4.591e-03      1.934e-05      2.174e-01      9.479e-04      4.187e-04      1.000e+01      0.000e+00      7.544e-05   
      17             18          4.591e-03     -2.063e-08      5.792e-04      6.526e-04      4.172e-04      1.000e+01      0.000e+00      7.544e-05   
      18             19          4.589e-03      1.825e-06      2.656e-02      4.780e-04      4.165e-04      1.000e+01      0.000e+00      7.544e-05   
  [mem] RSS 8.26 GB  peak 8.26 GB
      19             20          4.589e-03      1.200e-07      1.836e-03      4.746e-04      4.165e-04      1.000e+01      0.000e+00      7.544e-05   
      20             21          4.589e-03      1.163e-07      1.783e-03      4.713e-04      4.165e-04      1.000e+01      0.000e+00      7.544e-05   
      21             22          4.589e-03      1.137e-07      1.747e-03      4.681e-04      4.165e-04      1.000e+01      0.000e+00      7.544e-05   
      22             23          4.589e-03      1.116e-07      1.718e-03      4.650e-04      4.164e-04      1.000e+01      0.000e+00      7.544e-05   
      23             24          4.589e-03      1.092e-07      1.685e-03      4.620e-04      4.164e-04      1.000e+01      0.000e+00      7.544e-05   
      24             25          4.589e-03      1.065e-07      1.645e-03      4.590e-04      4.164e-04      1.000e+01      0.000e+00      7.544e-05   
  [it   25] bn 7.7789e-03  L 0.996  kappa 0.439  convex 2.901  d_cc 1.029  d_pc 1.101  -> FAILS convex
      25             26          4.589e-03      1.048e-07      1.622e-03      4.562e-04      4.164e-04      1.000e+01      0.000e+00      7.544e-05   
      26             27          4.588e-03      1.027e-07      1.593e-03      4.534e-04      4.164e-04      1.000e+01      0.000e+00      7.544e-05   
      27             28          4.588e-03      1.007e-07      1.564e-03      4.506e-04      4.164e-04      1.000e+01      0.000e+00      7.544e-05   
      28             29          4.588e-03      9.879e-08      1.537e-03      4.480e-04      4.164e-04      1.000e+01      0.000e+00      7.544e-05   
      29             30          4.588e-03      9.695e-08      1.511e-03      4.454e-04      4.163e-04      1.000e+01      0.000e+00      7.544e-05   
      30             31          4.588e-03      9.518e-08      1.486e-03      4.428e-04      4.163e-04      1.000e+01      0.000e+00      7.544e-05   
      31             32          4.588e-03      9.349e-08      1.462e-03      4.404e-04      4.163e-04      1.000e+01      0.000e+00      7.544e-05   
  [mem] RSS 8.26 GB  peak 8.26 GB
      32             33          4.588e-03      9.167e-08      1.436e-03      4.380e-04      4.163e-04      1.000e+01      0.000e+00      7.544e-05   
      33             34          4.586e-03      1.747e-06      2.767e-02      2.701e-04      4.161e-04      1.000e+01      0.000e+00      7.544e-05   
      34             35          4.586e-03      1.325e-09      2.479e-04      2.141e-03      4.164e-04      1.000e+01      0.000e+00      7.544e-05   
      35             36          4.586e-03      5.391e-07      8.921e-03      2.076e-03      4.167e-04      1.000e+01      0.000e+00      7.544e-05   
      36             37          4.585e-03      2.615e-07      4.347e-03      2.049e-03      4.168e-04      1.000e+01      0.000e+00      7.544e-05   
      37             38          4.575e-03      1.055e-05      1.875e-01      3.125e-04      4.001e-04      1.000e+01      0.000e+00      7.544e-05   
      38             39          4.574e-03      7.656e-07      1.963e-02      2.933e-04      3.990e-04      1.000e+01      0.000e+00      7.544e-05   
      39             40          4.574e-03      2.550e-09      2.523e-04      9.175e-04      3.992e-04      1.000e+01      0.000e+00      7.544e-05   
      40             41          4.565e-03      8.504e-06      1.643e-01      6.189e-04      4.072e-04      1.000e+01      0.000e+00      7.544e-05   
      41             42          4.565e-03     -8.630e-09      5.038e-04      1.575e-03      4.080e-04      1.000e+01      0.000e+00      7.544e-05   
      42             43          4.565e-03      6.233e-09      7.101e-05      1.833e-04      4.078e-04      1.000e+01      0.000e+00      7.544e-05   
      43             44          4.565e-03      4.228e-07      1.127e-02      1.749e-04      4.077e-04      1.000e+01      0.000e+00      7.544e-05   
  [mem] RSS 8.27 GB  peak 8.27 GB
      44             45          4.565e-03      9.587e-09      2.006e-04      2.977e-03      4.075e-04      1.000e+01      0.000e+00      7.544e-05   
      45             46          4.565e-03      4.363e-08      8.737e-04      1.896e-03      4.075e-04      1.000e+01      0.000e+00      7.544e-05   
      46             47          4.558e-03      6.953e-06      1.517e-01      2.094e-04      4.027e-04      1.000e+01      0.000e+00      7.544e-05   
      47             48          4.558e-03      8.462e-08      3.500e-03      2.067e-04      4.026e-04      1.000e+01      0.000e+00      7.544e-05   
      48             49          4.558e-03      7.629e-09      2.069e-04      6.561e-04      4.026e-04      1.000e+01      0.000e+00      7.544e-05   
      49             50          4.558e-03      9.011e-09      4.705e-05      7.888e-05      4.025e-04      1.000e+01      0.000e+00      7.544e-05   
  [it   50] bn 7.7417e-03  L 1.000  kappa 0.441  convex 3.116  d_cc 1.030  d_pc 1.085  -> FAILS convex
      50             51          4.558e-03      1.766e-08      1.207e-04      1.695e-03      4.023e-04      1.000e+01      0.000e+00      7.544e-05   
      51             52          4.558e-03      3.290e-09      3.130e-05      6.396e-04      4.023e-04      1.000e+01      4.023e-03      6.396e-05   
      52             53          4.560e-03     -1.828e-06      1.281e-01      6.847e-04      3.234e-04      1.000e+01      4.023e-03      6.396e-05   
      53             54          4.560e-03     -3.918e-07      4.935e-02      5.908e-04      2.813e-04      1.000e+01      4.023e-03      6.396e-05   
      54             55          4.561e-03     -4.872e-07      1.708e-02      5.132e-04      2.574e-04      1.000e+01      4.023e-03      6.396e-05   
  [mem] RSS 8.27 GB  peak 8.27 GB
      55             56          4.561e-03     -1.158e-07      5.696e-03      4.904e-04      2.509e-04      1.000e+01      4.023e-03      6.396e-05   
      56             57          4.561e-03     -3.555e-07      1.810e-02      4.238e-04      2.323e-04      1.000e+01      4.023e-03      6.396e-05   
      57             58          4.562e-03     -7.636e-07      4.603e-02      3.373e-04      2.198e-04      1.000e+01      4.023e-03      6.396e-05   
      58             59          4.562e-03     -2.950e-07      3.985e-02      2.645e-04      2.126e-04      1.000e+01      4.023e-03      6.396e-05   
      59             60          4.562e-03      9.941e-08      2.627e-02      2.274e-04      2.106e-04      1.000e+01      4.023e-03      6.396e-05   
      60             61          4.562e-03     -2.915e-08      1.686e-04      8.361e-04      2.121e-04      1.000e+01      4.023e-03      6.396e-05   
      61             62          4.562e-03     -6.194e-09      3.390e-05      9.183e-05      2.122e-04      1.000e+01      4.023e-03      6.396e-05   
      62             63          4.562e-03     -3.717e-08      9.607e-05      1.349e-03      2.124e-04      1.000e+01      4.023e-03      6.396e-05   
      63             64          4.562e-03     -1.942e-09      2.197e-05      3.720e-04      2.122e-04      1.000e+01      5.984e-03      3.720e-05   
      64             65          4.563e-03     -5.038e-07      6.113e-04      2.079e-03      1.559e-04      1.000e+01      5.984e-03      3.720e-05   
      65             66          4.562e-03      6.838e-07      1.261e-01      4.530e-04      1.482e-04      1.000e+01      5.984e-03      3.720e-05   
      66             67          4.562e-03     -2.834e-07      2.341e-02      3.315e-04      1.447e-04      1.000e+01      5.984e-03      3.720e-05   
  [mem] RSS 8.28 GB  peak 8.28 GB
      67             68          4.562e-03     -5.055e-08      5.797e-03      3.070e-04      1.443e-04      1.000e+01      5.984e-03      3.720e-05   
      68             69          4.562e-03     -2.403e-08      3.850e-03      2.921e-04      1.441e-04      1.000e+01      5.984e-03      3.720e-05   
      69             70          4.562e-03     -1.597e-07      2.754e-02      2.202e-04      1.426e-04      1.000e+01      5.984e-03      3.720e-05   
      70             71          4.562e-03      1.267e-08      1.046e-02      2.029e-04      1.424e-04      1.000e+01      5.984e-03      3.720e-05   
      71             72          4.562e-03     -9.233e-09      1.364e-04      3.758e-04      1.433e-04      1.000e+01      5.984e-03      3.720e-05   
      72             73          4.562e-03      3.582e-09      1.692e-04      3.756e-04      1.433e-04      1.000e+01      5.984e-03      3.720e-05   
      73             74          4.562e-03      1.764e-09      3.166e-05      5.000e-05      1.437e-04      1.000e+01      5.984e-03      3.720e-05   
      74             75          4.562e-03      7.033e-09      1.477e-03      4.977e-05      1.437e-04      1.000e+01      5.984e-03      3.720e-05   
  [it   75] bn 7.7545e-03  L 1.000  kappa 0.445  convex 0.413  d_cc 1.032  d_pc 1.075  -> FAILS L
      75             76          4.562e-03      4.071e-09      8.468e-04      4.962e-05      1.437e-04      1.000e+01      5.984e-03      3.720e-05   
      76             77          4.562e-03      4.047e-09      8.389e-04      4.946e-05      1.437e-04      1.000e+01      5.984e-03      3.720e-05   
      77             78          4.562e-03      1.663e-07      3.940e-02      9.819e-05      1.433e-04      1.000e+01      5.984e-03      3.720e-05   
  [mem] RSS 8.30 GB  peak 8.30 GB
      78             79          4.562e-03      2.647e-07      4.717e-02      2.081e-04      1.418e-04      1.000e+01      5.984e-03      3.720e-05   
      79             80          4.562e-03     -1.375e-08      1.267e-04      3.707e-04      1.422e-04      1.000e+01      5.984e-03      3.720e-05   
      80             81          4.561e-03      8.395e-07      6.862e-02      7.221e-05      1.413e-04      1.000e+01      5.984e-03      3.720e-05   
      81             82          4.561e-03      2.910e-08      4.675e-02      1.232e-04      1.401e-04      1.000e+01      5.984e-03      3.720e-05   
      82             83          4.561e-03      1.647e-07      4.411e-02      1.459e-04      1.421e-04      1.000e+01      5.984e-03      3.720e-05   
      83             84          4.561e-03      1.280e-07      2.370e-02      1.156e-04      1.427e-04      1.000e+01      5.984e-03      3.720e-05   
      84             85          4.561e-03      6.074e-08      1.513e-02      9.972e-05      1.439e-04      1.000e+01      5.984e-03      3.720e-05   
      85             86          4.561e-03     -7.077e-09      7.678e-05      1.666e-04      1.436e-04      1.000e+01      5.984e-03      3.720e-05   
      86             87          4.560e-03      9.207e-07      6.531e-02      5.640e-05      1.438e-04      1.000e+01      5.984e-03      3.720e-05   
      87             89          4.560e-03     -5.804e-08      2.539e-02      1.049e-03      1.415e-04      1.011e+01      6.062e-03      1.049e-04   
      88             90          4.560e-03     -5.254e-07      6.590e-04      1.107e-03      1.191e-04      1.011e+01      6.062e-03      1.049e-04   
      89             91          4.561e-03     -9.067e-08      2.579e-04      4.158e-04      1.185e-04      1.011e+01      6.062e-03      1.049e-04   
  [mem] RSS 8.32 GB  peak 8.32 GB
      90             92          4.561e-03     -4.176e-07      1.662e-02      3.178e-04      1.077e-04      1.011e+01      6.062e-03      1.049e-04   
      91             93          4.562e-03     -7.765e-07      7.442e-02      8.464e-04      1.896e-04      1.011e+01      6.062e-03      1.049e-04   
      92             94          4.563e-03     -9.144e-07      2.171e-02      1.153e-03      8.063e-05      1.011e+01      1.246e-02      1.153e-04   
      93             95          4.563e-03     -3.483e-07      6.507e-04      2.269e-03      8.772e-05      1.011e+01      1.246e-02      1.153e-04   
      94             96          4.563e-03      2.003e-08      1.705e-04      2.912e-04      8.675e-05      1.011e+01      1.246e-02      1.153e-04   
      95             97          4.563e-03      2.630e-07      1.891e-02      1.962e-04      8.463e-05      1.011e+01      1.246e-02      1.153e-04   
      96             98          4.562e-03      2.856e-07      2.615e-02      1.362e-04      8.003e-05      1.011e+01      1.246e-02      1.153e-04   
      97             99          4.562e-03      2.726e-07      3.042e-02      2.472e-04      8.270e-05      1.011e+01      1.647e-02      2.472e-05   
      98             100         4.562e-03     -1.421e-08      2.580e-02      2.127e-04      8.649e-05      1.011e+01      1.647e-02      2.472e-05   
      99             101         4.562e-03      6.037e-08      1.455e-02      2.022e-04      8.829e-05      1.011e+01      1.647e-02      2.472e-05   
  [mem] RSS 8.34 GB  peak 8.34 GB
  [it  100] bn 7.7592e-03  L 1.000  kappa 0.450  convex 0.187  d_cc 1.035  d_pc 1.068  -> FAILS L
      100            102         4.562e-03     -1.388e-07      5.697e-02      3.151e-04      9.415e-05      1.011e+01      1.647e-02      2.472e-05   
      101            103         4.563e-03     -2.782e-07      1.108e-02      1.048e-04      1.031e-04      1.011e+01      1.647e-02      2.472e-05   
      102            104         4.562e-03      1.008e-07      6.049e-03      8.158e-05      1.044e-04      1.011e+01      1.647e-02      2.472e-05   
      103            105         4.562e-03      3.570e-07      2.424e-02      4.687e-05      1.090e-04      1.011e+01      1.647e-02      2.472e-05   
      104            106         4.562e-03      6.157e-08      4.956e-02      1.730e-04      9.226e-05      1.011e+01      1.647e-02      2.472e-05   
      105            108         4.562e-03      1.506e-07      1.553e-02      5.028e-05      8.728e-05      1.011e+01      1.647e-02      2.472e-05   
      106            109         4.562e-03      2.770e-07      5.078e-02      1.612e-04      7.007e-05      1.011e+01      1.647e-02      2.472e-05   
      107            110         4.562e-03     -4.897e-09      1.125e-04      3.526e-04      7.014e-05      1.011e+01      1.647e-02      2.472e-05   
      108            111         4.562e-03      9.115e-10      8.059e-05      1.561e-03      7.013e-05      1.011e+01      1.934e-02      1.561e-04   
      109            112         4.562e-03     -4.405e-09      4.569e-05      3.564e-04      7.012e-05      1.011e+01      2.217e-02      3.564e-05   
      110            114         4.562e-03     -7.935e-07      1.571e-02      7.404e-05      6.394e-05      1.011e+01      2.217e-02      3.564e-05   
  [mem] RSS 8.36 GB  peak 8.36 GB
      111            115         4.563e-03     -3.964e-07      2.740e-02      3.069e-04      6.926e-05      1.011e+01      2.425e-02      3.069e-05   
      112            117         4.563e-03     -3.770e-07      3.929e-02      5.014e-05      6.192e-05      1.011e+01      2.425e-02      3.069e-05   
      113            118         4.563e-03     -2.449e-08      1.926e-02      6.078e-05      6.279e-05      1.011e+01      2.425e-02      3.069e-05   
      114            120         4.563e-03     -7.653e-08      1.018e-02      2.364e-04      6.661e-05      1.011e+01      2.598e-02      2.364e-05   
      115            121         4.563e-03     -6.773e-09      1.574e-05      6.255e-05      6.650e-05      1.011e+01      2.768e-02      6.255e-06   
      116            123         4.563e-03      2.753e-08      1.229e-02      5.615e-05      5.787e-05      1.011e+01      2.768e-02      6.255e-06   
      117            124         4.563e-03     -4.123e-09      6.636e-04      5.507e-05      5.742e-05      1.011e+01      2.768e-02      6.255e-06   
      118            125         4.563e-03     -4.298e-09      6.510e-04      5.401e-05      5.697e-05      1.011e+01      2.768e-02      6.255e-06   
      119            126         4.563e-03     -1.821e-08      3.317e-05      1.537e-03      5.675e-05      1.011e+01      2.916e-02      1.537e-04   
      120            127         4.563e-03     -2.156e-09      2.392e-05      2.167e-04      5.675e-05      1.011e+01      3.063e-02      2.167e-05   
  [mem] RSS 8.39 GB  peak 8.39 GB
      121            129         4.563e-03     -1.609e-07      4.146e-03      6.300e-05      4.775e-05      1.011e+01      3.063e-02      2.167e-05   
      122            130         4.564e-03     -1.489e-07      9.691e-03      2.681e-05      3.466e-05      1.011e+01      3.063e-02      2.167e-05   
      123            131         4.564e-03     -5.506e-08      1.283e-02      2.247e-05      3.170e-05      1.011e+01      3.063e-02      2.167e-05   
      124            132         4.564e-03     -1.717e-07      2.010e-02      4.677e-05      3.397e-05      1.011e+01      3.063e-02      2.167e-05   
  [it  125] bn 7.7534e-03  L 1.000  kappa 0.454  convex 0.098  d_cc 1.035  d_pc 1.075  -> FAILS L
      125            133         4.564e-03     -2.127e-08      2.867e-02      5.921e-05      3.515e-05      1.011e+01      3.063e-02      2.167e-05   
      126            134         4.564e-03     -1.914e-07      5.087e-02      1.540e-04      4.600e-05      1.011e+01      3.063e-02      2.167e-05   
      127            135         4.564e-03      9.894e-08      2.042e-02      5.469e-05      3.504e-05      1.011e+01      3.179e-02      5.469e-06   
      128            136         4.564e-03     -7.945e-08      3.190e-02      5.803e-05      3.307e-05      1.011e+01      3.179e-02      5.469e-06   
      129            137         4.564e-03     -1.581e-08      1.300e-02      5.512e-05      3.154e-05      1.011e+01      3.179e-02      5.469e-06   
  [mem] RSS 8.41 GB  peak 8.41 GB
      130            138         4.564e-03      1.088e-08      2.915e-02      7.473e-05      3.219e-05      1.011e+01      3.179e-02      5.469e-06   
      131            139         4.564e-03     -6.981e-09      4.922e-03      7.246e-05      3.257e-05      1.011e+01      3.179e-02      5.469e-06   
      132            140         4.564e-03     -1.581e-08      1.292e-02      6.649e-05      3.794e-05      1.011e+01      3.179e-02      5.469e-06   
      133            141         4.564e-03      2.304e-08      4.026e-02      1.259e-04      4.659e-05      1.011e+01      3.179e-02      5.469e-06   
      134            142         4.564e-03      1.592e-09      2.573e-02      2.117e-04      4.666e-05      1.011e+01      3.285e-02      2.117e-05   
      135            143         4.564e-03     -4.836e-09      1.418e-04      1.738e-04      4.666e-05      1.011e+01      3.285e-02      2.117e-05   
      136            144         4.564e-03      5.261e-09      3.189e-05      1.168e-03      4.663e-05      1.011e+01      3.393e-02      1.168e-04   
      137            145         4.564e-03     -7.267e-10      4.760e-05      2.333e-04      4.662e-05      1.011e+01      3.501e-02      2.333e-05   
      138            146         4.564e-03     -2.440e-08      1.291e-04      8.388e-04      4.655e-05      1.011e+01      3.501e-02      2.333e-05   
      139            147         4.564e-03     -9.881e-09      6.131e-05      6.221e-04      4.655e-05      1.011e+01      3.602e-02      6.221e-05   
      140            148         4.564e-03     -6.262e-08      2.055e-04      3.240e-03      4.654e-05      1.011e+01      3.602e-02      6.221e-05   
      141            149         4.564e-03      2.252e-09      6.087e-05      1.326e-03      4.652e-05      1.011e+01      3.698e-02      1.326e-04   
  [mem] RSS 8.43 GB  peak 8.43 GB
      142            150         4.564e-03     -5.008e-09      5.847e-05      4.170e-04      4.649e-05      1.011e+01      3.793e-02      4.170e-05   
      143            151         4.564e-03     -6.721e-08      2.243e-04      3.300e-03      4.629e-05      1.011e+01      3.793e-02      4.170e-05   
      144            152         4.564e-03      1.188e-08      2.616e-04      2.285e-04      4.624e-05      1.011e+01      3.793e-02      4.170e-05   
      145            153         4.564e-03     -2.455e-08      1.067e-02      2.129e-04      4.070e-05      1.011e+01      3.793e-02      4.170e-05   
      146            154         4.564e-03     -2.167e-08      1.275e-04      9.065e-04      4.036e-05      1.011e+01      3.793e-02      4.170e-05   
      147            155         4.564e-03     -5.123e-09      3.517e-05      9.450e-05      4.029e-05      1.011e+01      3.883e-02      9.450e-06   
      148            156         4.564e-03      1.023e-08      4.838e-03      9.224e-05      3.770e-05      1.011e+01      3.883e-02      9.450e-06   
      149            157         4.564e-03     -9.342e-10      1.090e-03      9.129e-05      3.673e-05      1.011e+01      3.883e-02      9.450e-06   
  [it  150] bn 7.7595e-03  L 1.000  kappa 0.453  convex 0.091  d_cc 1.036  d_pc 1.072  -> FEASIBLE
      150            158         4.564e-03     -7.589e-10      1.161e-03      9.029e-05      3.570e-05      1.011e+01      3.883e-02      9.450e-06   
      151            159         4.564e-03     -5.025e-10      1.122e-03      8.933e-05      3.471e-05      1.011e+01      3.883e-02      9.450e-06   
      152            160         4.564e-03     -2.445e-10      1.110e-03      8.838e-05      3.375e-05      1.011e+01      3.883e-02      9.450e-06   
  [mem] RSS 8.45 GB  peak 8.45 GB
      153            161         4.564e-03     -7.224e-08      7.310e-03      8.454e-05      3.243e-05      1.011e+01      3.883e-02      9.450e-06   
      154            162         4.564e-03     -1.056e-07      1.165e-02      7.913e-05      4.494e-05      1.011e+01      3.883e-02      9.450e-06   
      155            163         4.564e-03     -1.982e-08      3.762e-03      7.804e-05      4.778e-05      1.011e+01      3.883e-02      9.450e-06   
      156            164         4.564e-03     -3.913e-09      8.223e-03      7.910e-05      5.293e-05      1.011e+01      3.883e-02      9.450e-06   
      157            165         4.564e-03     -6.578e-09      2.641e-03      7.826e-05      5.490e-05      1.011e+01      3.883e-02      9.450e-06   
      158            166         4.564e-03     -6.814e-09      2.156e-03      7.734e-05      5.667e-05      1.011e+01      3.883e-02      9.450e-06   
      159            167         4.564e-03     -2.901e-08      7.366e-03      7.893e-05      6.289e-05      1.011e+01      3.883e-02      9.450e-06   
      160            168         4.565e-03     -7.215e-08      1.305e-02      9.062e-05      7.358e-05      1.011e+01      3.883e-02      9.450e-06   
      161            169         4.565e-03     -3.954e-08      7.263e-03      9.030e-05      7.745e-05      1.011e+01      3.883e-02      9.450e-06   
      162            170         4.565e-03     -1.782e-08      2.985e-03      8.897e-05      7.942e-05      1.011e+01      3.883e-02      9.450e-06   
      163            171         4.565e-03     -1.130e-07      1.983e-02      1.070e-04      9.118e-05      1.011e+01      3.883e-02      9.450e-06   
  [mem] RSS 8.47 GB  peak 8.47 GB
      164            172         4.565e-03     -5.888e-08      7.347e-03      1.015e-04      9.737e-05      1.011e+01      3.883e-02      9.450e-06   
      165            173         4.565e-03     -5.589e-08      5.161e-03      9.631e-05      1.027e-04      1.011e+01      3.883e-02      9.450e-06   
      166            174         4.565e-03     -1.024e-08      6.069e-05      4.011e-05      1.026e-04      1.011e+01      3.883e-02      9.450e-06   
      167            175         4.565e-03      1.322e-09      1.249e-04      4.009e-05      1.027e-04      1.011e+01      3.883e-02      9.450e-06   
      168            176         4.565e-03     -6.931e-09      4.163e-05      4.135e-05      1.023e-04      1.011e+01      3.883e-02      9.450e-06   
      169            177         4.565e-03     -1.703e-09      1.972e-04      4.130e-05      1.025e-04      1.011e+01      3.883e-02      9.450e-06   
      170            178         4.565e-03     -7.408e-09      2.772e-05      1.610e-04      1.024e-04      1.011e+01      3.883e-02      9.450e-06   
      171            179         4.565e-03     -1.960e-09      1.133e-05      3.125e-05      1.023e-04      1.011e+01      3.883e-02      9.450e-06   
      172            180         4.565e-03     -1.757e-08      4.566e-05      7.190e-04      1.020e-04      1.011e+01      3.883e-02      9.450e-06   
      173            181         4.565e-03      2.952e-10      2.467e-05      2.827e-05      1.020e-04      1.011e+01      3.883e-02      9.450e-06   
      174            182         4.565e-03     -3.104e-08      1.081e-04      2.189e-04      1.015e-04      1.011e+01      3.883e-02      9.450e-06   
  [mem] RSS 8.48 GB  peak 8.48 GB
  [it  175] bn 7.7588e-03  L 1.000  kappa 0.458  convex 0.167  d_cc 1.036  d_pc 1.072  -> FEASIBLE
      175            183         4.565e-03     -2.800e-09      2.301e-05      2.461e-05      1.015e-04      1.011e+01      3.883e-02      9.450e-06   
      176            184         4.565e-03     -4.432e-09      6.823e-04      2.459e-05      1.019e-04      1.011e+01      3.883e-02      9.450e-06   
      177            185         4.565e-03     -5.082e-09      2.130e-05      5.808e-05      1.018e-04      1.011e+01      3.883e-02      9.450e-06   
      178            186         4.565e-03      5.674e-10      2.371e-05      5.808e-05      1.018e-04      1.011e+01      3.883e-02      9.450e-06   
      179            187         4.565e-03     -2.444e-09      1.085e-05      2.295e-05      1.018e-04      1.011e+01      3.883e-02      9.450e-06   
      180            188         4.565e-03     -1.318e-08      3.273e-05      3.681e-04      1.016e-04      1.011e+01      3.883e-02      9.450e-06   
      181            189         4.565e-03     -4.827e-10      8.413e-06      2.167e-05      1.016e-04      1.011e+01      3.883e-02      9.450e-06   
      182            190         4.565e-03     -2.859e-08      7.192e-05      5.209e-05      1.009e-04      1.011e+01      3.883e-02      9.450e-06   
      183            191         4.565e-03     -3.097e-09      5.304e-04      5.197e-05      1.012e-04      1.011e+01      3.883e-02      9.450e-06   
      184            192         4.565e-03     -3.472e-09      3.244e-05      2.013e-05      1.012e-04      1.011e+01      3.883e-02      9.450e-06   
      185            193         4.565e-03     -2.067e-08      5.385e-05      3.849e-05      1.009e-04      1.011e+01      3.883e-02      9.450e-06   
  [mem] RSS 8.51 GB  peak 8.51 GB
      186            194         4.565e-03     -1.731e-09      3.355e-04      3.841e-05      1.011e-04      1.011e+01      3.883e-02      9.450e-06   
      187            195         4.565e-03     -1.433e-08      3.275e-03      3.784e-05      1.012e-04      1.011e+01      3.883e-02      9.450e-06   
      188            196         4.565e-03     -5.430e-08      1.196e-02      3.693e-05      1.005e-04      1.011e+01      3.883e-02      9.450e-06   
      189            197         4.565e-03     -3.584e-09      2.585e-05      1.435e-05      1.005e-04      1.011e+01      3.883e-02      9.450e-06   
      190            198         4.565e-03     -1.137e-08      1.978e-03      1.517e-05      1.003e-04      1.011e+01      3.883e-02      9.450e-06   
      191            199         4.565e-03     -1.509e-08      1.718e-03      1.443e-05      9.996e-05      1.011e+01      3.883e-02      9.450e-06   
      192            200         4.565e-03     -1.240e-07      1.234e-02      1.374e-05      9.804e-05      1.011e+01      3.883e-02      9.450e-06   
      193            201         4.565e-03     -4.084e-08      8.406e-03      1.348e-05      9.782e-05      1.011e+01      3.883e-02      9.450e-06   
      194            203         4.566e-03     -4.899e-07      7.741e-03      4.665e-05      1.081e-04      1.011e+01      3.883e-02      9.450e-06   
      195            204         4.566e-03     -2.251e-09      2.332e-03      4.423e-05      1.111e-04      1.011e+01      3.883e-02      9.450e-06   
      196            205         4.566e-03      1.844e-09      3.104e-05      5.892e-04      1.114e-04      1.011e+01      3.883e-02      9.450e-06   
  [mem] RSS 8.53 GB  peak 8.53 GB
      197            206         4.566e-03      2.600e-10      1.040e-05      2.061e-05      1.114e-04      1.011e+01      3.883e-02      9.450e-06   
      198            207         4.566e-03     -1.142e-09      8.773e-03      1.578e-05      1.237e-04      1.011e+01      3.883e-02      9.450e-06   
      199            208         4.566e-03     -2.807e-08      1.736e-02      1.601e-05      1.399e-04      1.011e+01      3.883e-02      9.450e-06   
  [it  200] bn 7.7569e-03  L 1.000  kappa 0.459  convex 0.455  d_cc 1.036  d_pc 1.073  -> FEASIBLE
      200            209         4.566e-03      5.004e-08      1.797e-02      2.174e-05      1.490e-04      1.011e+01      3.883e-02      9.450e-06   
      201            210         4.566e-03     -9.571e-10      6.525e-04      2.159e-05      1.491e-04      1.011e+01      3.883e-02      9.450e-06   
      202            211         4.566e-03     -9.862e-10      6.574e-04      2.144e-05      1.493e-04      1.011e+01      3.883e-02      9.450e-06   
      203            212         4.566e-03     -1.018e-09      6.628e-04      2.128e-05      1.494e-04      1.011e+01      3.883e-02      9.450e-06   
      204            213         4.566e-03     -1.052e-09      6.697e-04      2.113e-05      1.496e-04      1.011e+01      3.883e-02      9.450e-06   
      205            214         4.566e-03     -1.086e-09      6.764e-04      2.098e-05      1.497e-04      1.011e+01      3.883e-02      9.450e-06   
      206            215         4.566e-03     -1.127e-09      6.843e-04      2.082e-05      1.498e-04      1.011e+01      3.883e-02      9.450e-06   
      207            216         4.566e-03     -1.163e-09      6.926e-04      2.056e-05      1.500e-04      1.011e+01      3.883e-02      9.450e-06   
  [mem] RSS 8.55 GB  peak 8.55 GB
      208            217         4.566e-03     -1.513e-08      7.715e-03      2.106e-05      1.516e-04      1.011e+01      3.883e-02      9.450e-06   
      209            218         4.566e-03     -2.648e-08      1.048e-02      2.329e-05      1.538e-04      1.011e+01      3.883e-02      9.450e-06   
      210            219         4.566e-03      3.703e-10      1.856e-05      7.737e-04      1.539e-04      1.018e+01      3.962e-02      7.737e-05   
      211            220         4.566e-03     -8.547e-08      1.590e-04      2.768e-04      1.415e-04      1.018e+01      3.962e-02      7.737e-05   
      212            221         4.566e-03     -4.188e-08      1.803e-04      1.657e-03      1.388e-04      1.018e+01      3.962e-02      7.737e-05   
      213            222         4.566e-03     -5.387e-09      4.620e-05      2.308e-04      1.379e-04      1.018e+01      3.962e-02      7.737e-05   
      214            223         4.566e-03     -7.382e-08      1.661e-04      4.707e-03      1.314e-04      1.018e+01      3.962e-02      7.737e-05   
      215            224         4.566e-03     -1.782e-10      6.592e-05      1.701e-04      1.312e-04      1.018e+01      3.962e-02      7.737e-05   
      216            225         4.566e-03     -1.663e-07      3.450e-04      3.823e-03      1.210e-04      1.018e+01      3.962e-02      7.737e-05   
      217            226         4.566e-03     -5.959e-10      6.627e-05      1.972e-04      1.206e-04      1.018e+01      3.962e-02      7.737e-05   
      218            227         4.566e-03      4.158e-08      3.241e-03      1.896e-04      1.204e-04      1.018e+01      3.962e-02      7.737e-05   
  [mem] RSS 8.56 GB  peak 8.56 GB
      219            228         4.566e-03      4.595e-08      3.420e-03      1.813e-04      1.202e-04      1.018e+01      3.962e-02      7.737e-05   
      220            229         4.566e-03      1.042e-07      6.175e-03      2.995e-04      1.198e-04      1.018e+01      3.962e-02      7.737e-05   
      221            230         4.566e-03     -1.206e-07      2.580e-02      2.304e-04      1.078e-04      1.018e+01      3.962e-02      7.737e-05   
      222            231         4.566e-03     -1.630e-07      2.334e-02      1.803e-04      9.960e-05      1.018e+01      3.962e-02      7.737e-05   
      223            232         4.566e-03     -5.504e-08      2.988e-02      1.346e-04      9.179e-05      1.018e+01      3.962e-02      7.737e-05   
      224            233         4.566e-03     -1.177e-07      2.533e-02      1.038e-04      8.690e-05      1.018e+01      3.962e-02      7.737e-05   
  [it  225] bn 7.7581e-03  L 1.000  kappa 0.458  convex 0.236  d_cc 1.036  d_pc 1.072  -> FAILS L
      225            234         4.566e-03      1.001e-08      1.245e-02      9.417e-05      8.508e-05      1.018e+01      3.962e-02      7.737e-05   
      226            235         4.566e-03     -1.807e-08      4.116e-02      1.061e-04      7.939e-05      1.018e+01      3.962e-02      7.737e-05   
      227            236         4.567e-03     -1.398e-07      1.034e-02      1.260e-04      6.861e-05      1.018e+01      3.962e-02      7.737e-05   
      228            237         4.567e-03      4.276e-12      3.793e-05      2.007e-04      6.839e-05      1.018e+01      4.041e-02      2.007e-05   
  [mem] RSS 8.59 GB  peak 8.59 GB
      229            238         4.567e-03     -2.077e-09      7.302e-05      9.136e-05      6.362e-05      1.018e+01      4.041e-02      2.007e-05   
      230            239         4.567e-03      4.161e-08      7.517e-03      8.920e-05      6.112e-05      1.018e+01      4.041e-02      2.007e-05   
      231            240         4.566e-03      5.033e-08      5.907e-03      8.791e-05      5.984e-05      1.018e+01      4.041e-02      2.007e-05   
      232            241         4.566e-03     -2.061e-09      6.391e-05      4.022e-04      5.920e-05      1.018e+01      4.041e-02      2.007e-05   
      233            242         4.566e-03      3.883e-09      2.401e-04      7.393e-04      5.915e-05      1.018e+01      4.116e-02      7.393e-05   
      234            243         4.566e-03      1.441e-08      9.404e-05      2.672e-04      5.793e-05      1.018e+01      4.116e-02      7.393e-05   
      235            244         4.566e-03     -1.677e-08      1.670e-04      1.684e-03      5.692e-05      1.018e+01      4.116e-02      7.393e-05   
      236            245         4.566e-03      1.849e-09      4.158e-05      5.522e-04      5.654e-05      1.018e+01      4.189e-02      5.522e-05   
      237            246         4.567e-03     -8.518e-08      2.805e-04      7.688e-03      5.388e-05      1.018e+01      4.189e-02      5.522e-05   
      238            247         4.567e-03      2.265e-09      1.067e-04      3.885e-04      5.353e-05      1.018e+01      4.260e-02      3.885e-05   
      239            248         4.567e-03     -1.205e-07      4.058e-04      1.381e-03      8.270e-05      1.018e+01      4.260e-02      3.885e-05   
  [mem] RSS 8.61 GB  peak 8.61 GB
      240            249         4.567e-03     -2.000e-08      1.524e-04      1.519e-04      4.642e-05      1.018e+01      4.260e-02      3.885e-05   
      241            250         4.566e-03      2.189e-07      7.784e-03      1.481e-04      5.210e-05      1.018e+01      4.260e-02      3.885e-05   
      242            251         4.566e-03      2.563e-07      9.256e-03      1.440e-04      5.736e-05      1.018e+01      4.260e-02      3.885e-05   
      243            252         4.566e-03      1.897e-07      6.221e-03      1.406e-04      6.114e-05      1.018e+01      4.260e-02      3.885e-05   
      244            253         4.566e-03      4.371e-07      1.305e-02      3.672e-04      6.973e-05      1.018e+01      4.260e-02      3.885e-05   
      245            254         4.565e-03      2.117e-07      1.889e-02      4.076e-04      7.655e-05      1.018e+01      4.260e-02      3.885e-05   
      246            255         4.565e-03     -1.133e-07      2.589e-04      3.174e-03      7.662e-05      1.018e+01      4.260e-02      3.885e-05   
      247            256         4.565e-03     -4.783e-10      7.510e-05      1.973e-04      7.655e-05      1.018e+01      4.260e-02      3.885e-05   
      248            257         4.565e-03      1.446e-07      1.302e-02      1.888e-04      8.091e-05      1.018e+01      4.260e-02      3.885e-05   
      249            258         4.565e-03     -6.531e-08      2.497e-04      2.324e-03      8.096e-05      1.018e+01      4.260e-02      3.885e-05   
  [mem] RSS 8.62 GB  peak 8.62 GB
  [it  250] bn 7.7598e-03  L 1.000  kappa 0.457  convex 0.162  d_cc 1.036  d_pc 1.071  -> FAILS L
      250            259         4.565e-03     -7.891e-09      8.887e-05      1.962e-04      8.092e-05      1.018e+01      4.260e-02      3.885e-05   
      251            260         4.565e-03      4.535e-08      3.762e-03      1.942e-04      8.221e-05      1.018e+01      4.260e-02      3.885e-05   
      252            261         4.565e-03      6.122e-07      5.329e-02      2.281e-04      1.005e-04      1.018e+01      4.260e-02      3.885e-05   
      253            262         4.565e-03      6.690e-08      2.957e-03      2.227e-04      1.027e-04      1.018e+01      4.260e-02      3.885e-05   
      254            263         4.565e-03      7.402e-08      2.658e-03      2.168e-04      1.051e-04      1.018e+01      4.260e-02      3.885e-05   
      255            264         4.565e-03     -1.939e-08      1.711e-04      8.073e-04      1.052e-04      1.018e+01      4.260e-02      3.885e-05   
      256            265         4.565e-03      8.312e-09      2.815e-04      8.067e-04      1.052e-04      1.018e+01      4.260e-02      3.885e-05   
      257            266         4.565e-03     -2.941e-09      4.557e-05      1.415e-04      1.052e-04      1.018e+01      4.260e-02      3.885e-05   
      258            267         4.565e-03      8.237e-08      2.596e-03      1.373e-04      1.078e-04      1.018e+01      4.260e-02      3.885e-05   
      259            268         4.564e-03      6.740e-08      2.002e-03      1.336e-04      1.093e-04      1.018e+01      4.260e-02      3.885e-05   
      260            269         4.565e-03     -3.481e-08      1.164e-04      2.527e-03      1.094e-04      1.018e+01      4.260e-02      3.885e-05   
      261            270         4.565e-03     -1.182e-09      4.056e-05      1.243e-04      1.094e-04      1.018e+01      4.260e-02      3.885e-05   
      262            271         4.564e-03      3.593e-07      1.120e-02      1.037e-04      1.171e-04      1.018e+01      4.260e-02      3.885e-05   
  [mem] RSS 8.65 GB  peak 8.65 GB
      263            272         4.564e-03      3.761e-07      1.821e-02      9.292e-05      1.237e-04      1.018e+01      4.260e-02      3.885e-05   
      264            273         4.563e-03      5.767e-07      2.747e-02      2.730e-04      1.298e-04      1.018e+01      4.260e-02      3.885e-05   
      265            274         4.563e-03      1.685e-07      1.766e-02      2.560e-04      1.333e-04      1.018e+01      4.260e-02      3.885e-05   
      266            275         4.563e-03      1.362e-07      7.439e-03      2.388e-04      1.363e-04      1.018e+01      4.260e-02      3.885e-05   
      267            276         4.563e-03      5.017e-08      2.807e-03      2.326e-04      1.373e-04      1.018e+01      4.260e-02      3.885e-05   
      268            277         4.563e-03      2.505e-08      1.552e-03      2.296e-04      1.379e-04      1.018e+01      4.260e-02      3.885e-05   
      269            278         4.562e-03      3.749e-07      2.118e-02      1.863e-04      1.455e-04      1.018e+01      4.260e-02      3.885e-05   
      270            279         4.562e-03      2.720e-07      6.544e-03      1.515e-04      1.523e-04      1.018e+01      4.260e-02      3.885e-05   
      271            280         4.562e-03      3.638e-08      2.659e-03      1.478e-04      1.541e-04      1.018e+01      4.260e-02      3.885e-05   
      272            281         4.562e-03      2.627e-08      7.941e-04      1.449e-04      1.554e-04      1.018e+01      4.260e-02      3.885e-05   
      273            282         4.562e-03     -2.071e-08      6.199e-05      4.865e-04      1.557e-04      1.018e+01      4.260e-02      3.885e-05   
      274            283         4.562e-03     -1.046e-09      2.305e-05      7.756e-05      1.556e-04      1.018e+01      4.260e-02      3.885e-05   
  [mem] RSS 8.67 GB  peak 8.67 GB
  [it  275] bn 7.7603e-03  L 1.000  kappa 0.453  convex 0.379  d_cc 1.036  d_pc 1.070  -> FEASIBLE
      275            284         4.562e-03      1.365e-08      4.626e-04      7.678e-05      1.563e-04      1.018e+01      4.260e-02      3.885e-05   
      276            285         4.562e-03      1.193e-08      4.072e-04      7.610e-05      1.569e-04      1.018e+01      4.260e-02      3.885e-05   
      277            286         4.562e-03      3.784e-08      1.300e-03      7.397e-05      1.588e-04      1.018e+01      4.260e-02      3.885e-05   
      278            287         4.562e-03      7.280e-08      2.546e-03      8.591e-05      1.623e-04      1.018e+01      4.260e-02      3.885e-05   
      279            288         4.562e-03      6.608e-08      2.241e-03      8.184e-05      1.650e-04      1.018e+01      4.260e-02      3.885e-05   
      280            289         4.562e-03      3.014e-07      1.032e-02      6.353e-05      1.818e-04      1.018e+01      4.260e-02      3.885e-05   
      281            290         4.562e-03      6.951e-08      2.294e-03      5.934e-05      1.878e-04      1.018e+01      4.260e-02      3.885e-05   
      282            291         4.562e-03      6.336e-08      2.237e-03      5.551e-05      1.932e-04      1.018e+01      4.260e-02      3.885e-05   
      283            292         4.561e-03      1.946e-08      6.682e-04      5.432e-05      1.948e-04      1.018e+01      4.260e-02      3.885e-05   
      284            293         4.561e-03      3.698e-07      1.427e-02      1.720e-03      2.261e-04      1.018e+01      4.329e-02      1.720e-04   
      285            294         4.561e-03      4.177e-08      3.005e-04      3.177e-03      2.269e-04      1.018e+01      4.329e-02      1.720e-04   
  [mem] RSS 8.69 GB  peak 8.69 GB
      286            295         4.561e-03     -1.050e-08      9.271e-05      4.351e-04      2.264e-04      1.018e+01      4.329e-02      1.720e-04   
      287            296         4.561e-03     -2.497e-07      5.417e-03      3.853e-04      2.119e-04      1.018e+01      4.329e-02      1.720e-04   
      288            297         4.562e-03     -2.202e-07      4.704e-03      3.415e-04      1.993e-04      1.018e+01      4.329e-02      1.720e-04   
      289            298         4.562e-03     -1.435e-07      2.059e-03      3.119e-04      1.907e-04      1.018e+01      4.329e-02      1.720e-04   
      290            299         4.562e-03     -1.034e-07      1.800e-03      2.893e-04      1.847e-04      1.018e+01      4.329e-02      1.720e-04   
      291            300         4.562e-03     -1.181e-07      2.298e-03      2.629e-04      1.778e-04      1.018e+01      4.329e-02      1.720e-04   
      292            301         4.562e-03     -6.421e-08      1.278e-03      2.482e-04      1.739e-04      1.018e+01      4.329e-02      1.720e-04   
      293            302         4.562e-03     -1.396e-07      3.080e-03      2.157e-04      1.652e-04      1.018e+01      4.329e-02      1.720e-04   
      294            303         4.562e-03     -5.012e-08      8.512e-05      1.208e-03      1.645e-04      1.018e+01      4.329e-02      1.720e-04   
      295            304         4.562e-03     -1.015e-09      2.694e-05      5.103e-04      1.644e-04      1.025e+01      4.395e-02      5.103e-05   
      296            305         4.563e-03     -3.837e-07      5.417e-04      2.317e-04      1.395e-04      1.025e+01      4.395e-02      5.103e-05   
      297            306         4.563e-03     -1.652e-07      1.642e-02      2.113e-04      1.249e-04      1.025e+01      4.395e-02      5.103e-05   
      298            307         4.563e-03     -3.722e-07      1.302e-02      1.748e-04      1.074e-04      1.025e+01      4.395e-02      5.103e-05   
  [mem] RSS 8.71 GB  peak 8.71 GB
      299            308         4.563e-03     -6.748e-08      1.602e-03      1.669e-04      1.037e-04      1.025e+01      4.395e-02      5.103e-05   
  [it  300] bn 7.7598e-03  L 1.000  kappa 0.449  convex 0.182  d_cc 1.036  d_pc 1.069  -> FAILS L
      300            309         4.563e-03     -1.188e-07      2.471e-03      1.531e-04      9.710e-05      1.025e+01      4.395e-02      5.103e-05   
      301            310         4.563e-03     -1.932e-08      1.488e-04      1.669e-03      9.788e-05      1.025e+01      4.395e-02      5.103e-05   
      302            311         4.563e-03     -8.533e-10      4.234e-05      1.862e-04      9.781e-05      1.025e+01      4.459e-02      1.862e-05   
      303            312         4.564e-03     -2.369e-07      3.369e-02      1.885e-04      7.529e-05      1.025e+01      4.459e-02      1.862e-05   
      304            313         4.564e-03     -1.268e-07      1.804e-02      1.830e-04      6.721e-05      1.025e+01      4.459e-02      1.862e-05   
      305            314         4.564e-03     -8.700e-08      4.772e-03      1.757e-04      6.220e-05      1.025e+01      4.459e-02      1.862e-05   
      306            315         4.564e-03     -1.348e-07      4.040e-03      1.643e-04      5.436e-05      1.025e+01      4.459e-02      1.862e-05   
      307            316         4.564e-03     -4.077e-08      2.840e-03      1.611e-04      5.206e-05      1.025e+01      4.459e-02      1.862e-05   
      308            317         4.564e-03     -2.681e-08      1.755e-04      3.672e-03      5.162e-05      1.025e+01      4.459e-02      1.862e-05   
      309            318         4.564e-03     -2.243e-09      6.424e-05      2.042e-04      5.130e-05      1.025e+01      4.521e-02      2.042e-05   
  [mem] RSS 8.73 GB  peak 8.73 GB
      310            319         4.564e-03     -2.669e-07      5.279e-04      1.354e-02      4.036e-05      1.025e+01      4.521e-02      2.042e-05   
      311            320         4.564e-03     -4.377e-09      1.789e-04      1.429e-04      4.039e-05      1.025e+01      4.521e-02      2.042e-05   
      312            321         4.564e-03     -1.318e-07      1.361e-02      1.347e-04      3.637e-05      1.025e+01      4.521e-02      2.042e-05   
      313            322         4.564e-03     -1.091e-07      2.497e-04      4.202e-03      3.679e-05      1.025e+01      4.521e-02      2.042e-05   
      314            323         4.564e-03      6.826e-10      8.970e-05      4.596e-04      3.660e-05      1.025e+01      4.586e-02      4.596e-05   
      315            324         4.564e-03     -2.340e-08      1.031e-04      2.073e-04      3.546e-05      1.025e+01      4.586e-02      4.596e-05   
      316            325         4.565e-03     -4.385e-08      1.656e-04      2.101e-03      3.528e-05      1.025e+01      4.586e-02      4.596e-05   
second_order: compiling constraint Hessian for blocks CoilCurvature, CoilSignedCurvature, CoilSetDistancePenalty
  [mem] RSS 9.47 GB  peak 9.47 GB
  [mem] RSS 10.34 GB  peak 10.37 GB
  [mem] RSS 10.35 GB  peak 10.37 GB
      317            326         4.565e-03     -3.625e-09      4.979e-05      5.862e-04      3.509e-05      1.025e+01      4.644e-02      5.862e-05   
      318            327         4.565e-03     -9.011e-08      1.739e-04      2.836e-03      3.464e-05      1.025e+01      4.644e-02      5.862e-05   
      319            328         4.565e-03     -3.781e-09      9.253e-05      1.838e-04      3.464e-05      1.025e+01      4.644e-02      5.862e-05   
      320            329         4.565e-03     -4.425e-08      1.479e-04      3.903e-03      3.457e-05      1.025e+01      4.644e-02      5.862e-05   
      321            330         4.565e-03     -3.608e-09      6.441e-05      3.435e-04      3.454e-05      1.025e+01      4.701e-02      3.435e-05   
      322            331         4.565e-03     -2.250e-08      1.099e-04      2.197e-03      3.468e-05      1.025e+01      4.701e-02      3.435e-05   
      323            332         4.565e-03     -1.291e-08      7.470e-05      2.337e-04      3.464e-05      1.025e+01      4.701e-02      3.435e-05   
  [mem] RSS 10.41 GB  peak 10.41 GB
      324            333         4.565e-03     -2.094e-07      1.950e-02      3.335e-04      2.792e-05      1.025e+01      4.701e-02      3.435e-05   
  [it  325] bn 7.7627e-03  L 1.000  kappa 0.451  convex 0.074  d_cc 1.036  d_pc 1.070  -> FEASIBLE
      325            334         4.565e-03     -1.307e-07      2.610e-04      6.845e-03      2.780e-05      1.025e+01      4.701e-02      3.435e-05   
      326            335         4.565e-03     -4.674e-09      1.029e-04      1.863e-04      2.777e-05      1.025e+01      4.701e-02      3.435e-05   
      327            336         4.565e-03     -1.111e-07      8.505e-03      1.783e-04      2.519e-05      1.025e+01      4.701e-02      3.435e-05   
      328            337         4.565e-03     -6.926e-08      1.100e-02      1.704e-04      2.316e-05      1.025e+01      4.701e-02      3.435e-05   
      329            338         4.565e-03     -1.063e-07      2.247e-04      6.355e-03      2.117e-05      1.025e+01      4.701e-02      3.435e-05   
      330            339         4.565e-03     -6.502e-09      1.033e-04      1.949e-04      2.116e-05      1.025e+01      4.701e-02      3.435e-05   
      331            340         4.565e-03     -5.060e-08      5.079e-03      1.896e-04      1.952e-05      1.025e+01      4.701e-02      3.435e-05   
      332            341         4.565e-03     -4.321e-08      1.389e-04      2.016e-03      1.942e-05      1.025e+01      4.701e-02      3.435e-05   
      333            342         4.565e-03      3.817e-08      1.927e-04      2.015e-03      1.938e-05      1.025e+01      4.701e-02      3.435e-05   
  [mem] RSS 10.42 GB  peak 10.42 GB
      334            343         4.565e-03     -4.330e-09      5.489e-05      1.397e-04      1.933e-05      1.025e+01      4.758e-02      1.397e-05   
      335            344         4.565e-03     -1.898e-08      1.570e-04      4.254e-03      1.954e-05      1.025e+01      4.758e-02      1.397e-05   
      336            345         4.565e-03     -2.773e-09      6.667e-05      3.701e-04      1.963e-05      1.025e+01      4.811e-02      3.701e-05   
      337            346         4.565e-03     -7.929e-09      4.640e-05      1.667e-04      1.986e-05      1.025e+01      4.864e-02      1.667e-05   
      338            347         4.565e-03     -2.331e-08      7.851e-05      8.645e-05      1.998e-05      1.025e+01      4.864e-02      1.667e-05   
      339            348         4.565e-03     -2.466e-08      8.300e-05      1.051e-03      2.026e-05      1.025e+01      4.864e-02      1.667e-05   
      340            349         4.565e-03      3.147e-08      1.437e-03      1.046e-03      2.010e-05      1.025e+01      4.864e-02      1.667e-05   
      341            350         4.565e-03     -5.838e-09      3.614e-05      2.771e-04      2.009e-05      1.025e+01      4.916e-02      2.771e-05   
      342            351         4.565e-03      1.745e-07      3.016e-02      2.509e-04      1.872e-05      1.025e+01      4.916e-02      2.771e-05   
      343            352         4.565e-03      7.767e-09      2.571e-03      2.484e-04      1.840e-05      1.025e+01      4.916e-02      2.771e-05   
      344            353         4.565e-03      7.740e-08      2.869e-02      2.207e-04      1.491e-05      1.025e+01      4.916e-02      2.771e-05   
      345            354         4.565e-03      4.977e-08      3.939e-03      2.116e-04      1.431e-05      1.025e+01      4.916e-02      2.771e-05   
  [mem] RSS 10.42 GB  peak 10.42 GB
      346            355         4.565e-03      5.174e-08      9.020e-03      2.008e-04      1.402e-05      1.025e+01      4.916e-02      2.771e-05   
      347            356         4.565e-03      1.208e-07      1.129e-02      1.785e-04      2.591e-05      1.025e+01      4.916e-02      2.771e-05   
      348            357         4.565e-03      2.911e-08      3.944e-03      1.741e-04      2.865e-05      1.025e+01      4.916e-02      2.771e-05   
      349            358         4.565e-03      1.089e-07      1.103e-02      1.600e-04      3.752e-05      1.025e+01      4.916e-02      2.771e-05   
  [it  350] bn 7.7583e-03  L 1.000  kappa 0.455  convex 0.090  d_cc 1.036  d_pc 1.071  -> FEASIBLE
      350            359         4.565e-03      3.113e-08      3.370e-03      1.557e-04      4.059e-05      1.025e+01      4.916e-02      2.771e-05   
      351            360         4.565e-03      6.646e-08      5.917e-03      1.474e-04      4.673e-05      1.025e+01      4.916e-02      2.771e-05   
      352            361         4.565e-03      4.785e-08      3.881e-03      1.420e-04      5.095e-05      1.025e+01      4.916e-02      2.771e-05   
      353            362         4.565e-03      7.898e-09      6.877e-04      1.411e-04      5.166e-05      1.025e+01      4.916e-02      2.771e-05   
      354            363         4.565e-03      4.311e-10      7.471e-05      1.308e-03      5.208e-05      1.025e+01      4.967e-02      1.308e-04   
      355            364         4.565e-03      7.608e-09      4.860e-05      5.026e-04      5.229e-05      1.025e+01      5.018e-02      5.026e-05   
      356            365         4.565e-03      2.022e-08      2.072e-04      3.156e-03      5.442e-05      1.025e+01      5.018e-02      5.026e-05   
  [mem] RSS 10.42 GB  peak 10.42 GB
      357            366         4.565e-03      3.568e-09      7.155e-05      4.041e-04      5.441e-05      1.025e+01      5.067e-02      4.041e-05   
      358            367         4.565e-03     -2.098e-08      1.579e-04      2.416e-03      5.396e-05      1.025e+01      5.067e-02      4.041e-05   
      359            368         4.565e-03      2.157e-09      5.496e-05      5.175e-04      5.388e-05      1.025e+01      5.117e-02      5.175e-05   
      360            369         4.565e-03     -1.276e-08      1.139e-04      2.845e-04      5.253e-05      1.025e+01      5.117e-02      5.175e-05   
      361            370         4.565e-03     -2.501e-08      1.393e-04      1.119e-03      5.174e-05      1.025e+01      5.117e-02      5.175e-05   
      362            371         4.565e-03     -4.154e-10      4.704e-05      1.796e-04      5.140e-05      1.025e+01      5.165e-02      1.796e-05   
      363            372         4.565e-03     -2.591e-08      1.280e-04      1.763e-03      5.022e-05      1.025e+01      5.165e-02      1.796e-05   
      364            373         4.565e-03      1.663e-08      7.090e-04      1.760e-03      5.039e-05      1.025e+01      5.165e-02      1.796e-05   
      365            374         4.565e-03     -1.586e-10      3.867e-05      2.942e-04      5.012e-05      1.025e+01      5.211e-02      2.942e-05   
      366            375         4.565e-03     -4.867e-08      1.669e-04      2.505e-04      4.598e-05      1.025e+01      5.211e-02      2.942e-05   
      367            376         4.565e-03     -7.521e-09      1.411e-04      4.498e-04      4.606e-05      1.025e+01      5.211e-02      2.942e-05   
      368            377         4.565e-03      8.675e-09      2.844e-04      4.494e-04      4.612e-05      1.025e+01      5.211e-02      2.942e-05   
  [mem] RSS 10.42 GB  peak 10.42 GB
      369            378         4.565e-03     -6.206e-09      3.805e-05      4.791e-04      4.574e-05      1.025e+01      5.257e-02      4.791e-05   
      370            379         4.565e-03     -4.318e-09      7.265e-05      5.953e-05      4.594e-05      1.025e+01      5.257e-02      4.791e-05   
      371            380         4.565e-03      1.610e-08      6.232e-04      5.927e-05      4.604e-05      1.025e+01      5.257e-02      4.791e-05   
      372            381         4.565e-03     -1.726e-08      6.216e-05      1.215e-03      4.596e-05      1.025e+01      5.257e-02      4.791e-05   
      373            382         4.565e-03      4.817e-12      2.213e-05      1.557e-03      4.592e-05      1.025e+01      5.302e-02      1.557e-04   
      374            383         4.565e-03     -1.241e-09      2.855e-05      1.810e-04      4.592e-05      1.025e+01      5.348e-02      1.810e-05   
  [it  375] bn 7.7575e-03  L 1.000  kappa 0.455  convex 0.089  d_cc 1.036  d_pc 1.072  -> FEASIBLE
      375            384         4.565e-03      3.379e-08      1.602e-03      1.783e-04      4.527e-05      1.025e+01      5.348e-02      1.810e-05   
      376            385         4.565e-03     -1.273e-08      1.198e-04      3.754e-03      4.609e-05      1.025e+01      5.348e-02      1.810e-05   
      377            386         4.565e-03     -4.019e-10      5.365e-05      2.168e-04      4.595e-05      1.025e+01      5.392e-02      2.168e-05   
  [mem] RSS 10.43 GB  peak 10.43 GB
      378            387         4.565e-03     -3.541e-08      1.251e-04      7.110e-04      4.306e-05      1.025e+01      5.392e-02      2.168e-05   
      379            388         4.565e-03     -1.901e-08      1.033e-04      1.015e-04      4.277e-05      1.025e+01      5.392e-02      2.168e-05   
      380            389         4.564e-03      4.799e-07      2.540e-02      8.151e-05      3.625e-05      1.025e+01      5.392e-02      2.168e-05   
      381            390         4.564e-03      2.231e-07      4.523e-02      1.318e-04      4.407e-05      1.025e+01      5.392e-02      2.168e-05   
      382            391         4.564e-03     -5.526e-09      7.937e-05      5.111e-05      4.405e-05      1.025e+01      5.392e-02      2.168e-05   
      383            392         4.564e-03      6.123e-09      2.354e-04      5.105e-05      4.405e-05      1.025e+01      5.392e-02      2.168e-05   
      384            393         4.564e-03      6.416e-09      6.093e-05      4.879e-05      4.389e-05      1.025e+01      5.392e-02      2.168e-05   
      385            394         4.564e-03      6.313e-08      1.499e-02      4.862e-05      4.458e-05      1.025e+01      5.392e-02      2.168e-05   
      386            395         4.564e-03      1.915e-07      4.380e-02      1.271e-04      4.846e-05      1.025e+01      5.392e-02      2.168e-05   
      387            396         4.564e-03      6.368e-08      3.322e-02      1.781e-04      5.284e-05      1.025e+01      5.392e-02      2.168e-05   
      388            397         4.564e-03     -4.511e-09      7.179e-05      2.446e-05      5.287e-05      1.025e+01      5.392e-02      2.168e-05   
  [mem] RSS 10.43 GB  peak 10.43 GB
      389            398         4.564e-03      7.789e-08      1.840e-02      9.244e-05      5.984e-05      1.025e+01      5.436e-02      9.244e-06   
      390            399         4.564e-03      3.464e-08      1.998e-04      2.142e-03      6.135e-05      1.025e+01      5.436e-02      9.244e-06   
      391            400         4.564e-03     -1.510e-10      5.082e-05      1.945e-04      6.121e-05      1.025e+01      5.479e-02      1.945e-05   
      392            401         4.564e-03     -8.387e-09      1.486e-04      1.717e-03      6.144e-05      1.025e+01      5.479e-02      1.945e-05   
      393            402         4.564e-03     -4.229e-09      5.328e-05      2.801e-04      6.145e-05      1.025e+01      5.522e-02      2.801e-05   
      394            403         4.564e-03     -6.349e-08      9.421e-03      2.620e-04      5.834e-05      1.025e+01      5.522e-02      2.801e-05   
      395            404         4.564e-03     -5.454e-08      5.051e-03      2.406e-04      5.432e-05      1.025e+01      5.522e-02      2.801e-05   
      396            405         4.564e-03     -3.437e-08      3.632e-03      2.268e-04      5.178e-05      1.025e+01      5.522e-02      2.801e-05   
      397            406         4.564e-03     -1.651e-08      5.814e-03      2.186e-04      5.009e-05      1.025e+01      5.522e-02      2.801e-05   
      398            407         4.564e-03     -2.662e-08      1.270e-04      1.278e-03      4.991e-05      1.025e+01      5.522e-02      2.801e-05   
      399            408         4.564e-03     -1.036e-09      4.669e-05      1.530e-04      4.992e-05      1.025e+01      5.568e-02      1.530e-05   
  [mem] RSS 10.43 GB  peak 10.43 GB
  [it  400] bn 7.7549e-03  L 1.000  kappa 0.452  convex 0.144  d_cc 1.036  d_pc 1.073  -> FAILS L
      400            409         4.564e-03     -2.102e-08      1.117e-04      1.481e-04      4.977e-05      1.025e+01      5.568e-02      1.530e-05   
Warning: Maximum number of iterations has been exceeded.
         Current function value: 4.564e-03
         Constraint violation: 4.977e-05
         Total delta_x: 1.777e+00
         Iterations: 400
         Function evaluations: 409
         Jacobian evaluations: 400
Timer: Solution time = 24.3 min
Timer: Avg time per step = 3.64 sec
==============================================================================================================
                                                                 Start  -->   End
Total (sum of squares):                                      4.796e-03  -->   4.564e-03, 
Maximum absolute Boundary normal field error:                1.212e+00  -->   1.186e+00 (T m^2)
Minimum absolute Boundary normal field error:                2.850e-04  -->   3.908e-04 (T m^2)
Average absolute Boundary normal field error:                2.048e-01  -->   1.990e-01 (T m^2)
Maximum absolute Boundary normal field error:                1.074e-02  -->   1.051e-02 (normalized)
Minimum absolute Boundary normal field error:                2.526e-06  -->   3.463e-06 (normalized)
Average absolute Boundary normal field error:                1.815e-03  -->   1.764e-03 (normalized)
Maximum Coil length:                                         3.400e+01  -->   3.600e+01 (m)
Minimum Coil length:                                         3.400e+01  -->   3.600e+01 (m)
Average Coil length:                                         3.400e+01  -->   3.600e+01 (m)
Maximum Coil length:                                         6.284e+00  -->   6.653e+00 (normalized)
Minimum Coil length:                                         6.284e+00  -->   6.653e+00 (normalized)
Average Coil length:                                         6.284e+00  -->   6.653e+00 (normalized)
Maximum Coil curvature:                                      6.571e-01  -->   6.771e-01 (m^-1)
Minimum Coil curvature:                                      7.501e-06  -->   7.755e-06 (m^-1)
Average Coil curvature:                                      2.211e-01  -->   2.163e-01 (m^-1)
Maximum Coil curvature:                                      3.555e+00  -->   3.664e+00 (normalized)
Minimum Coil curvature:                                      4.059e-05  -->   4.196e-05 (normalized)
Average Coil curvature:                                      1.196e+00  -->   1.171e+00 (normalized)
Maximum Signed in-plane curvature:                           6.571e-01  -->   6.771e-01 (m^-1)
Minimum Signed in-plane curvature:                          -3.125e-04  -->  -4.407e-04 (m^-1)
Average Signed in-plane curvature:                           2.211e-01  -->   2.163e-01 (m^-1)
Maximum Signed in-plane curvature:                           3.555e+00  -->   3.664e+00 (normalized)
Minimum Signed in-plane curvature:                          -1.691e-03  -->  -2.384e-03 (normalized)
Average Signed in-plane curvature:                           1.196e+00  -->   1.171e+00 (normalized)
Maximum Coil-coil distance penalty:                          5.956e-05  -->   9.944e-06 (dimensionless)
Minimum Coil-coil distance penalty:                          0.000e+00  -->   0.000e+00 (dimensionless)
Average Coil-coil distance penalty:                          1.579e-06  -->   2.622e-07 (dimensionless)
Maximum Plasma-coil distance penalty:                        0.000e+00  -->   0.000e+00 (dimensionless)
Minimum Plasma-coil distance penalty:                        0.000e+00  -->   0.000e+00 (dimensionless)
Average Plasma-coil distance penalty:                        0.000e+00  -->   0.000e+00 (dimensionless)
Summed coil current error:                                   0.000e+00  -->   1.490e-08 (A)
==============================================================================================================

  [mem] RSS 10.45 GB  peak 10.45 GB

SOLVER {'wall_s': 1591.8540608882904, 'message': 'Maximum number of iterations has been exceeded.', 'nit': 400, 'n_outer': 50, 'constr_violation': 4.977414402523487e-05, 'y_absmax_final': 0.055679265129894025}
START  bn 7.9766e-03  L 0.944  kappa 0.438  convex 0.097  d_cc 1.035  d_pc 1.080  -> FEASIBLE
RESULT bn 7.7549e-03  L 1.000  kappa 0.452  convex 0.144  d_cc 1.036  d_pc 1.073  linked 0  -> FAILS L  active ['L']
wrote work/helios/arc16/warm_L36_paper/result.h5, result.json, result.png
