Running as unit: run-p2380349-i2384012.scope; invocation ID: ebee1929c7e845df9ebb6e5d018641c9
E1008 12:41:40.332850 2380512 cuda_executor.cc:1743] Could not get kernel mode driver version: ( INVALID_ARGUMENT: Version does not match the format X.Y.Z )
E1008 12:41:40.345284 2380349 cuda_executor.cc:1743] Could not get kernel mode driver version: ( INVALID_ARGUMENT: Version does not match the format X.Y.Z )
DESC /home/singh/Documents/DESC2/desc
DEVICE requested=gpu obtained=gpu (1x NVIDIA GeForce RTX 5070 Laptop GPU)
  [mem] RSS 0.82 GB  peak 0.82 GB
eq precise_QH NFP 4 sym True; start work/ss_qh/joint/starts/z0_start_packed.h5: 4 unique coils (PiecewisePlanarArcCoil), 4 top-level; VACUUM
BOUNDS L 2.926  Ltot -  kappa 13.67  kms 18.69  convex -  planar -  dcc 0.05851  dpc 0.1097
  built coil length in 2.0 s
  built coil curvature in 0.1 s
  built coil mean squared curvature in 0.1 s
  built coil-coil distance rows in 8.2 s
E1008 12:42:01.128959 2380541 xtile_compiler.cc:399] Fusion: input_reduce_fusion = f64[66177]{0} fusion(a.1, b.1), kind=kCustom, calls=fused_reduce.clone, backend_config={"operation_queue_id":"0","wait_on_operation_queues":[],"fusion_backend_config":{"kind":"__triton","block_level_fusion_config":{"num_warps":"8","output_tiles":[{"sizes":["64"]}],"num_ctas":1,"num_stages":1,"is_tma_allowed":true,"is_warp_specialization_allowed":false}},"force_earliest_schedule":false,"reification_cost":[],"device_type":"DEVICE_TYPE_INVALID"}
E1008 12:42:01.129009 2380541 xtile_compiler.cc:401] Computation: fused_reduce.clone {
  param_0.2 = f64[66177,144]{1,0} parameter(0)
  param_1.2 = f64[144]{0} parameter(1)
  broadcast.2 = f64[66177,144]{1,0} broadcast(param_1.2), dimensions={1}
  multiply.2 = f64[66177,144]{1,0} multiply(param_0.2, broadcast.2)
  constant_2 = f64[] constant(0)
  ROOT reduce.2 = f64[66177]{0} reduce(multiply.2, constant_2), dimensions={1}, to_apply=scalar_add_computation
}
E1008 12:42:04.780441 2380543 xtile_compiler.cc:399] Fusion: input_reduce_fusion = f64[65536]{0} fusion(a.1, b.1), kind=kCustom, calls=fused_reduce.clone, backend_config={"operation_queue_id":"0","wait_on_operation_queues":[],"fusion_backend_config":{"kind":"__triton","block_level_fusion_config":{"num_warps":"8","output_tiles":[{"sizes":["64"]}],"num_ctas":1,"num_stages":1,"is_tma_allowed":true,"is_warp_specialization_allowed":false}},"force_earliest_schedule":false,"reification_cost":[],"device_type":"DEVICE_TYPE_INVALID"}
E1008 12:42:04.780488 2380543 xtile_compiler.cc:401] Computation: fused_reduce.clone {
  param_0.2 = f64[65536,144]{1,0} parameter(0)
  param_1.2 = f64[144]{0} parameter(1)
  broadcast.2 = f64[65536,144]{1,0} broadcast(param_1.2), dimensions={1}
  multiply.2 = f64[65536,144]{1,0} multiply(param_0.2, broadcast.2)
  constant_2 = f64[] constant(0)
  ROOT reduce.2 = f64[65536]{0} reduce(multiply.2, constant_2), dimensions={1}, to_apply=scalar_add_computation
}
  [mem] RSS 2.79 GB  peak 3.64 GB
E1008 12:42:34.019601 2380534 xtile_compiler.cc:399] Fusion: input_reduce_fusion = f64[50000]{0} fusion(a.1, b.1), kind=kCustom, calls=fused_reduce.clone, backend_config={"operation_queue_id":"0","wait_on_operation_queues":[],"fusion_backend_config":{"kind":"__triton","block_level_fusion_config":{"num_warps":"8","output_tiles":[{"sizes":["64"]}],"num_ctas":1,"num_stages":1,"is_tma_allowed":true,"is_warp_specialization_allowed":false}},"force_earliest_schedule":false,"reification_cost":[],"device_type":"DEVICE_TYPE_INVALID"}
E1008 12:42:34.019644 2380534 xtile_compiler.cc:401] Computation: fused_reduce.clone {
  param_0.2 = f64[50000,144]{1,0} parameter(0)
  param_1.2 = f64[144]{0} parameter(1)
  broadcast.2 = f64[50000,144]{1,0} broadcast(param_1.2), dimensions={1}
  multiply.2 = f64[50000,144]{1,0} multiply(param_0.2, broadcast.2)
  constant_2 = f64[] constant(0)
  ROOT reduce.2 = f64[50000]{0} reduce(multiply.2, constant_2), dimensions={1}, to_apply=scalar_add_computation
}
  [mem] RSS 3.89 GB  peak 4.00 GB
  [mem] RSS 4.04 GB  peak 4.16 GB
  [mem] RSS 3.46 GB  peak 4.27 GB
  [mem] RSS 3.56 GB  peak 4.40 GB
E1008 12:44:20.923697 2380537 xtile_compiler.cc:399] Fusion: input_reduce_fusion = f64[49572]{0} fusion(a.1, b.1), kind=kCustom, calls=fused_reduce.clone, backend_config={"operation_queue_id":"0","wait_on_operation_queues":[],"fusion_backend_config":{"kind":"__triton","block_level_fusion_config":{"num_warps":"8","output_tiles":[{"sizes":["64"]}],"num_ctas":1,"num_stages":1,"is_tma_allowed":true,"is_warp_specialization_allowed":false}},"force_earliest_schedule":false,"reification_cost":[],"device_type":"DEVICE_TYPE_INVALID"}
E1008 12:44:20.923756 2380537 xtile_compiler.cc:401] Computation: fused_reduce.clone {
  param_0.2 = f64[49572,144]{1,0} parameter(0)
  param_1.2 = f64[144]{0} parameter(1)
  broadcast.2 = f64[49572,144]{1,0} broadcast(param_1.2), dimensions={1}
  multiply.2 = f64[49572,144]{1,0} multiply(param_0.2, broadcast.2)
  constant_2 = f64[] constant(0)
  ROOT reduce.2 = f64[49572]{0} reduce(multiply.2, constant_2), dimensions={1}, to_apply=scalar_add_computation
}
  built plasma-coil distance field in 157.5 s
  [mem] RSS 4.68 GB  peak 4.90 GB
BUILD 170.8 s; cc gap 1.060 mm on 1014 nodes/coil, pc node margin 1.060 mm on 514 nodes/coil; cc active rows at start 1313 of 80000; field {'max_error': 1.6603063479891933e-06, 'concave_radius': np.float64(0.23221138478099812), 'node_margin': 0.001059805187214754}
INFO {'kind': 'PiecewisePlanarArcCoil', 'gauge': 'none', 'field_grid': 'gl (48 nodes)', 'n_nodes': 514, 'speed_ratio': 2.0, 'cc_gap_mode': 'coils', 'cc_gap': 'from the coils at build (see BUILD line)', 'pc_node_margin': 'from the coils at build (see field_info)'}
  coil length                      rows 4
  coil curvature                   rows 2404
  coil mean squared curvature      rows 4
  coil-coil distance rows          rows 74030184
  plasma-coil distance field       rows 4112
/home/singh/Documents/DESC2/desc/utils.py:590: UserWarning: Unequal number of field periods for grid 1 and basis 4.
  warnings.warn(msg, err)
/home/singh/Documents/DESC2/desc/utils.py:590: UserWarning: Unequal number of field periods for grid 1 and basis 4.
  warnings.warn(msg, err)
E1008 12:44:59.385013 2380540 xtile_compiler.cc:399] Fusion: input_reduce_fusion = f64[13824,3]{1,0} fusion(loop_divide_fusion, get-tuple-element.341), kind=kCustom, calls=fused_reduce.clone, backend_config={"operation_queue_id":"0","wait_on_operation_queues":[],"fusion_backend_config":{"kind":"__triton","block_level_fusion_config":{"num_warps":"8","output_tiles":[{"sizes":["256","1"]}],"num_ctas":1,"num_stages":1,"is_tma_allowed":true,"is_warp_specialization_allowed":false}},"force_earliest_schedule":false,"reification_cost":[],"device_type":"DEVICE_TYPE_INVALID"}
E1008 12:44:59.385064 2380540 xtile_compiler.cc:401] Computation: fused_reduce.clone {
  param_0.375 = f64[13824,48]{1,0} parameter(0)
  broadcast.120.4 = f64[13824,3,48]{2,1,0} broadcast(param_0.375), dimensions={0,2}
  param_1.429 = f64[3,48]{1,0} parameter(1)
  broadcast.128.1 = f64[13824,3,48]{2,1,0} broadcast(param_1.429), dimensions={1,2}
  multiply.56.3 = f64[13824,3,48]{2,1,0} multiply(broadcast.120.4, broadcast.128.1)
  constant_162_7 = f64[] constant(0)
  ROOT reduce_sum.78.1 = f64[13824,3]{1,0} reduce(multiply.56.3, constant_162_7), dimensions={2}, to_apply=region_2.4.clone.9
}
START  bn 2.6416e-01  L 0.994  kappa 1.361  kMS 0.582  d_cc 1.503  d_pc 1.008  linked 0  -> FAILS kappa
  [mem] RSS 5.68 GB  peak 5.84 GB
START  true: cc 0.08793 pc 0.11054 max L 2.9031 max |k| 18.601 linked [] gap {'used': 0.0010599364671386008, 'needed': 0.0011647447349340469}
LINK GUARD: initial mu 1.0e+08 on the 72 signed per-pair rows (ids 74032524..74032595); every other row starts at the solver default
Building objective: summed coil current
Building objective: fixed shift
Building objective: fixed rotation
Building objective: fixed arc reference
Number of parameters: 75
Number of objectives: 1326
Number of equality constraints: 0
Number of inequality constraints: 86596

Starting optimization
Using method: lsq-auglag-composite
  [mem] RSS 6.09 GB  peak 6.09 GB
Outer Inner its  Optimality     gtolk  Violation     ctolk   mu mean   max |y|
  [mem] RSS 6.15 GB  peak 6.15 GB
    1        25   3.943e-04  1.00e-03  4.168e-01  7.94e-03  8.32e+04  0.00e+00
[outer 1] 25 inner its, opt 3.94e-04 (gtolk 1.0e-03, met), violation 4.17e-01 (ctolk 7.9e-03), 68 s
   coil length                    rows      4 mu 1.0e+01/1.0e+01/1.0e+01 max|y| 0.00e+00 (nonzero 0) max viol 4.17e-01
   coil curvature                 rows   2404 mu 1.0e+01/1.0e+01/1.0e+01 max|y| 0.00e+00 (nonzero 0) max viol 4.88e-02
   coil mean squared curvature    rows      4 mu 1.0e+01/1.0e+01/1.0e+01 max|y| 0.00e+00 (nonzero 0) max viol 1.82e-02
   coil-coil distance rows        rows  34724 mu 1.0e+01/1.0e+01/1.0e+08 max|y| 0.00e+00 (nonzero 0) max viol 2.42e-02
   plasma-coil distance field     rows   4112 mu 1.0e+01/1.0e+01/1.0e+01 max|y| 0.00e+00 (nonzero 0) max viol 3.43e-03
   true: cc 0.04957 m, pc 0.10937 m, max L 3.0866, max |k| 14.838, linked [], gap {'used': 0.0010599364671386008, 'needed': 0.0016384257011638765}
  [mem] RSS 6.23 GB  peak 6.55 GB
    2        14   2.754e-04  3.16e-04  5.552e-02  7.08e-03  8.32e+04  7.92e-02
[outer 2] 14 inner its, opt 2.75e-04 (gtolk 3.2e-04, met), violation 5.55e-02 (ctolk 7.1e-03), 93 s
   coil length                    rows      4 mu 2.2e+01/1.0e+02/1.0e+02 max|y| 0.00e+00 (nonzero 0) max viol 5.55e-02
   coil curvature                 rows   2404 mu 2.2e+01/2.2e+01/1.0e+02 max|y| 6.26e-02 (nonzero 6) max viol 1.06e-02
   coil mean squared curvature    rows      4 mu 2.2e+01/2.2e+01/1.0e+02 max|y| 0.00e+00 (nonzero 0) max viol 7.65e-04
   coil-coil distance rows        rows  45641 mu 2.2e+01/2.2e+01/1.0e+08 max|y| 7.92e-02 (nonzero 1304) max viol 5.79e-03
   plasma-coil distance field     rows   4112 mu 2.2e+01/2.2e+01/2.2e+01 max|y| 3.43e-02 (nonzero 18) max viol 5.80e-04
   true: cc 0.05711 m, pc 0.10979 m, max L 2.9396, max |k| 13.907, linked [], gap {'used': 0.0010599364671386008, 'needed': 0.0013912929472780138}
  [mem] RSS 6.32 GB  peak 6.59 GB
  [mem] RSS 6.32 GB  peak 6.59 GB
  [mem] RSS 6.32 GB  peak 6.59 GB
  [mem] RSS 6.32 GB  peak 6.59 GB
    3       101   5.998e-05  1.98e-04  1.348e-02  6.76e-03  8.32e+04  5.86e-01
[outer 3] 101 inner its, opt 6.00e-05 (gtolk 2.0e-04, met), violation 1.35e-02 (ctolk 6.8e-03), 229 s
   coil length                    rows      4 mu 3.7e+01/5.5e+02/1.0e+03 max|y| 7.30e-02 (nonzero 1) max viol 2.82e-03
   coil curvature                 rows   2404 mu 3.7e+01/3.7e+01/1.0e+03 max|y| 5.86e-01 (nonzero 12) max viol 1.00e-02
   coil mean squared curvature    rows      4 mu 3.7e+01/3.7e+01/1.0e+02 max|y| 7.65e-02 (nonzero 1) max viol 0.00e+00
   coil-coil distance rows        rows  41495 mu 3.7e+01/3.7e+01/1.0e+08 max|y| 5.79e-01 (nonzero 905) max viol 1.35e-02
   plasma-coil distance field     rows   4112 mu 3.7e+01/3.7e+01/3.7e+01 max|y| 3.00e-02 (nonzero 12) max viol 1.18e-02
   true: cc 0.05404 m, pc 0.10896 m, max L 2.9254, max |k| 13.891, linked [], gap {'used': 0.0010599364671386008, 'needed': 0.0018666837767882922}
  [mem] RSS 6.49 GB  peak 6.72 GB
  [mem] RSS 6.49 GB  peak 6.72 GB
    4        30   6.847e-05  8.07e-05  7.629e-03  6.18e-03  8.32e+04  1.82e+00
[outer 4] 30 inner its, opt 6.85e-05 (gtolk 8.1e-05, met), violation 7.63e-03 (ctolk 6.2e-03), 278 s
   coil length                    rows      4 mu 8.4e+01/5.5e+02/1.0e+03 max|y| 1.30e+00 (nonzero 4) max viol 3.90e-04
   coil curvature                 rows   2404 mu 8.4e+01/8.4e+01/1.0e+03 max|y| 1.82e+00 (nonzero 10) max viol 7.63e-03
   coil mean squared curvature    rows      4 mu 8.4e+01/8.4e+01/1.0e+02 max|y| 4.28e-02 (nonzero 1) max viol 4.40e-04
   coil-coil distance rows        rows  43375 mu 8.4e+01/8.4e+01/1.0e+08 max|y| 6.56e-01 (nonzero 381) max viol 4.60e-03
   plasma-coil distance field     rows   4112 mu 8.4e+01/8.4e+01/3.7e+02 max|y| 1.46e-01 (nonzero 4) max viol 6.85e-03
   true: cc 0.05767 m, pc 0.10967 m, max L 2.9246, max |k| 13.844, linked [], gap {'used': 0.0010599364671386008, 'needed': 0.0019110417902042653}
  [mem] RSS 6.51 GB  peak 6.84 GB
  [mem] RSS 6.51 GB  peak 6.84 GB
  [mem] RSS 6.51 GB  peak 6.84 GB
    5        77   4.116e-05  5.93e-05  2.274e-03  5.99e-03  8.33e+04  1.32e+00
[outer 5] 77 inner its, opt 4.12e-05 (gtolk 5.9e-05, met), violation 2.27e-03 (ctolk 6.0e-03), 385 s
   coil length                    rows      4 mu 1.3e+02/5.6e+02/1.0e+03 max|y| 1.32e+00 (nonzero 4) max viol 8.48e-04
   coil curvature                 rows   2404 mu 1.3e+02/1.3e+02/1.0e+03 max|y| 5.13e-01 (nonzero 11) max viol 1.71e-03
   coil mean squared curvature    rows      4 mu 1.3e+02/1.3e+02/1.3e+02 max|y| 7.99e-02 (nonzero 2) max viol 0.00e+00
   coil-coil distance rows        rows  46658 mu 1.3e+02/1.3e+02/1.0e+08 max|y| 1.26e+00 (nonzero 244) max viol 2.27e-03
   plasma-coil distance field     rows   4112 mu 1.3e+02/1.3e+02/8.4e+02 max|y| 4.24e-01 (nonzero 8) max viol 3.95e-04
   true: cc 0.05861 m, pc 0.11064 m, max L 2.9226, max |k| 13.720, linked [], gap {'used': 0.0010599364671386008, 'needed': 0.001887540189523559}
  [mem] RSS 6.44 GB  peak 6.89 GB
  [mem] RSS 6.44 GB  peak 6.89 GB
  [mem] RSS 6.44 GB  peak 6.89 GB
  [mem] RSS 6.44 GB  peak 6.89 GB
  [mem] RSS 6.44 GB  peak 6.89 GB
  [mem] RSS 6.44 GB  peak 6.89 GB
  [mem] RSS 6.44 GB  peak 6.89 GB
  [mem] RSS 6.44 GB  peak 6.89 GB
  [mem] RSS 6.44 GB  peak 6.89 GB
  [mem] RSS 6.44 GB  peak 6.89 GB
  [mem] RSS 6.44 GB  peak 6.89 GB
  [mem] RSS 6.44 GB  peak 6.89 GB
  [mem] RSS 6.44 GB  peak 6.89 GB
  [mem] RSS 6.44 GB  peak 6.89 GB
  [mem] RSS 6.44 GB  peak 6.89 GB
  [mem] RSS 6.44 GB  peak 6.89 GB
  [mem] RSS 6.44 GB  peak 6.89 GB
  [mem] RSS 6.44 GB  peak 6.89 GB
  [mem] RSS 6.44 GB  peak 6.89 GB
    6       398   9.166e-07  1.00e-06  8.904e-04  6.47e-05  8.33e+04  6.78e-01
[outer 6] 398 inner its, opt 9.17e-07 (gtolk 1.0e-06, met), violation 8.90e-04 (ctolk 6.5e-05), 949 s
   coil length                    rows      4 mu 1.4e+02/5.7e+02/1.0e+03 max|y| 6.78e-01 (nonzero 4) max viol 0.00e+00
   coil curvature                 rows   2404 mu 1.4e+02/1.4e+02/1.0e+03 max|y| 2.21e-01 (nonzero 7) max viol 6.83e-04
   coil mean squared curvature    rows      4 mu 1.4e+02/1.4e+02/1.4e+02 max|y| 6.00e-02 (nonzero 1) max viol 0.00e+00
   coil-coil distance rows        rows  72119 mu 1.4e+02/1.4e+02/1.0e+08 max|y| 2.93e-01 (nonzero 123) max viol 8.90e-04
   plasma-coil distance field     rows   4112 mu 1.4e+02/1.4e+02/8.4e+02 max|y| 5.09e-02 (nonzero 8) max viol 0.00e+00
   true: cc 0.05894 m, pc 0.12219 m, max L 2.9206, max |k| 13.694, linked [], gap {'used': 0.0010599364671386008, 'needed': 0.001656122847596352}
  [mem] RSS 6.45 GB  peak 6.89 GB
    7        12   3.158e-07  7.32e-06  2.709e-04  4.86e-03  8.43e+04  3.03e-01
[outer 7] 12 inner its, opt 3.16e-07 (gtolk 7.3e-06, met), violation 2.71e-04 (ctolk 4.9e-03), 967 s
   coil length                    rows      4 mu 1.2e+03/1.2e+03/1.2e+03 max|y| 3.03e-01 (nonzero 3) max viol 1.18e-06
   coil curvature                 rows   2404 mu 1.2e+03/1.2e+03/1.4e+03 max|y| 1.71e-03 (nonzero 1) max viol 7.88e-05
   coil mean squared curvature    rows      4 mu 1.2e+03/1.2e+03/1.2e+03 max|y| 1.04e-03 (nonzero 1) max viol 0.00e+00
   coil-coil distance rows        rows  71747 mu 1.2e+03/1.2e+03/1.0e+08 max|y| 8.96e-03 (nonzero 38) max viol 2.71e-04
   plasma-coil distance field     rows   4112 mu 1.2e+03/1.2e+03/1.2e+03 max|y| 0.00e+00 (nonzero 0) max viol 0.00e+00
   true: cc 0.05907 m, pc 0.12194 m, max L 2.9217, max |k| 13.681, linked [], gap {'used': 0.0010599364671386008, 'needed': 0.0016579255567965635}
  [mem] RSS 6.50 GB  peak 6.89 GB
    8        33   9.449e-07  1.00e-06  1.360e-04  7.11e-06  8.45e+04  3.82e-01
[outer 8] 33 inner its, opt 9.45e-07 (gtolk 1.0e-06, met), violation 1.36e-04 (ctolk 7.1e-06), 1008 s
   coil length                    rows      4 mu 1.4e+03/1.4e+03/1.4e+03 max|y| 3.04e-01 (nonzero 3) max viol 3.70e-06
   coil curvature                 rows   2404 mu 1.4e+03/1.4e+03/1.4e+03 max|y| 1.11e-01 (nonzero 5) max viol 1.09e-05
   coil mean squared curvature    rows      4 mu 1.4e+03/1.4e+03/1.4e+03 max|y| 5.97e-04 (nonzero 1) max viol 0.00e+00
   coil-coil distance rows        rows  71439 mu 1.4e+03/1.4e+03/1.0e+08 max|y| 3.82e-01 (nonzero 69) max viol 1.36e-04
   plasma-coil distance field     rows   4112 mu 1.4e+03/1.4e+03/1.4e+03 max|y| 0.00e+00 (nonzero 0) max viol 0.00e+00
   true: cc 0.05908 m, pc 0.12180 m, max L 2.9218, max |k| 13.680, linked [], gap {'used': 0.0010599364671386008, 'needed': 0.0016485632380434313}
  [mem] RSS 6.45 GB  peak 6.89 GB
