Running as unit: run-p2143050-i2146500.scope; invocation ID: 307356b0bb1547cebfca35eb660633fe
E1008 02:24:15.756163 2143143 cuda_executor.cc:1743] Could not get kernel mode driver version: ( INVALID_ARGUMENT: Version does not match the format X.Y.Z )
E1008 02:24:15.769176 2143050 cuda_executor.cc:1743] Could not get kernel mode driver version: ( INVALID_ARGUMENT: Version does not match the format X.Y.Z )
DESC /home/singh/Documents/DESC2/desc
DEVICE requested=gpu obtained=gpu (1x NVIDIA GeForce RTX 5070 Laptop GPU)
--field-term bn is blind to the current scale: holding the coil current SUM fixed
  [mem] RSS 0.83 GB  peak 0.83 GB
eq work/ss_qh/matrix/ss/xyz/eq_k4.h5 (h5) NFP 4 sym True L,M,N 8,8,8 dim_x 1462; start work/ss_qh/matrix/ss/xyz/coils_k4.h5: 4 unique coils (FourierXYZCoil), 32 total
SETTINGS {'eq': 'work/ss_qh/matrix/ss/xyz/eq_k4.h5', 'start': 'work/ss_qh/matrix/ss/xyz/coils_k4.h5', 'out': 'work/ss_qh/matrix/ss/xyz_k4b', 'bounds': 'bounds/precise_qh_gil.json', 'a': None, 'device': None, 'length_mult': 1.0, 'fix_coils': False, 'dry': False, 'field_term': 'bn', 'fix_current_sum': True, 'helicity': '1,4', 'qs_rho': '0.2,0.4,0.6,0.8,1.0', 'A_min': 7.5, 'A_max': 8.5, 'vol_band': 0.02, 'V0': 0.30352, 'bn_norm': 0.42526, 'qs_form': 'scale-invariant', 'iota_min': 1.19, 'kmin': 4, 'kmax': 4, 'maxiter': 100, 'ftol': 1e-12, 'xtol': 1e-12, 'gtol': 1e-08, 'max_tr': None, 'perturb_order': 2, 'solve_tol': 1e-10, 'tau_bn': 0.005, 'tau_qs': 0.01695, 'tau_qs_rel': 2.0, 'tau_A': 0.01, 'tau_V': 0.005, 'tau_iota': 0.01, 'tau_L': 0.01, 'tau_kappa': 0.01, 'tau_kms': 0.01, 'tau_dpc': 0.01, 'tau_dcc': 1e-06, 'dcc_backoff': 0.025, 'dpc_backoff': 0.02, 'no_arc_backoffs': False, 'eval_m': 25, 'eval_n': 25, 'plasma_m': 32, 'plasma_n': 32, 'coil_grid_n': 150, 'src_gl': 24, 'src_n': 100, 'bs_chunk': 25, 'jac_chunk': 5, 'dcc_k': 20000}
BOUNDS (judged, absolute) L 2.926  Ltot -  kappa 13.67  kms 18.69  convex -  planar -  dcc 0.05851  dpc 0.1097
ENFORCED L 2.926  Ltot -  kappa 13.67  kms 18.69  convex -  planar -  dcc 0.05997  dpc 0.1119
/home/singh/Documents/DESC2/desc/utils.py:590: UserWarning: Unequal number of field periods for grid 1 and basis 4.
  warnings.warn(msg, err)
/home/singh/Documents/DESC2/desc/utils.py:590: UserWarning: Unequal number of field periods for grid 1 and basis 4.
  warnings.warn(msg, err)
START physics  A 8.109  R0 0.9970  a 0.1229  iota [1.2507, 1.2557]  QS(Boozer, |B_nonsym|/<B>) rho 0.25 1.57e-04  rho 0.5 1.46e-04  rho 0.75 4.00e-04  rho 1 1.51e-03
START coils    bn 6.8280e-04 (max 2.448e-03)  L 1.000  kappa 1.001  kMS 0.993  d_cc 1.018  d_pc 1.261  linked 0  -> FAILS L,kappa
QS two-term rms at the start 0.001292 -> tau_qs 0.01695
B.n normalization frozen at the start: 0.42526; volume band around V0 = 0.30352
quadrature scales s (expected; compare the s(qw) column): bn 6.283  qs 41.41  iota 1  kappa 0.3622  dcc 9.06e+04
/home/singh/Documents/DESC2/desc/utils.py:590: FutureWarning: constants is deprecated and will be removed in a future release. Users should not include constants in the arguments of their objective compute methods. Instead declare all the constants in the build method and use as self._constants.
  warnings.warn(msg, err)
/home/singh/Documents/DESC2/desc/utils.py:590: FutureWarning: constants is deprecated and will be removed in a future release. Users should not include constants in the arguments of their objective compute methods. Instead declare all the constants in the build method and use as self._constants.
  warnings.warn(msg, err)
/home/singh/Documents/DESC2/desc/utils.py:590: FutureWarning: constants is deprecated and will be removed in a future release. Users should not include constants in the arguments of their objective compute methods. Instead declare all the constants in the build method and use as self._constants.
  warnings.warn(msg, err)
/home/singh/Documents/DESC2/desc/utils.py:590: FutureWarning: constants is deprecated and will be removed in a future release. Users should not include constants in the arguments of their objective compute methods. Instead declare all the constants in the build method and use as self._constants.
  warnings.warn(msg, err)
/home/singh/Documents/DESC2/desc/utils.py:590: FutureWarning: constants is deprecated and will be removed in a future release. Users should not include constants in the arguments of their objective compute methods. Instead declare all the constants in the build method and use as self._constants.
  warnings.warn(msg, err)
/home/singh/Documents/DESC2/desc/utils.py:590: FutureWarning: constants is deprecated and will be removed in a future release. Users should not include constants in the arguments of their objective compute methods. Instead declare all the constants in the build method and use as self._constants.
  warnings.warn(msg, err)

TERMS AT THE START
term                             dim_f    weight     norm    s(qw)  target/bounds           raw min    raw max       cost  err/tol  share
Vacuum B.n error                  1326      31.8   0.4253    6.283  = 0                  -0.0007278  0.0007479    0.01155    0.152  79.8%
QS two-term (scale-invariant)     5445      1.42        -    41.41  = 0                    -0.01624    0.01624   0.002907   0.0763  20.1%
aspect ratio                         1      12.5        -        1  [7.5, 8.5]                8.109      8.109          0        0   0.0%
rotational transform                20        84        -        1  [1.19, inf]               1.251      1.256          0        0   0.0%
volume                               1       659        -        1  [0.2974, 0.3096]         0.2975     0.2975          0        0   0.0%
coil length                          4      34.2        -        2  [0, 2.926]                2.926      2.926  3.294e-07 0.000812   0.0%
coil curvature                    1204      20.2        -    5.013  [0, 13.67]               0.1859      13.67   3.69e-11 8.59e-06   0.0%
coil mean squared curvature          4      5.35        -        2  [0, 18.69]                11.74      18.56          0        0   0.0%
coil-coil distance penalty          72        11        -    8.485  [-inf, 0]                     0  0.0002995  1.271e-05  0.00504   0.1%
plasma-coil minimum distance         8       894        -    2.828  [0.1119, inf]            0.1385     0.1804          0        0   0.0%
total cost 0.5 sum f^2                                                                                                     0.01447

===== step k=4: 80 boundary modes free, maxiter 100 =====
Building objective: Vacuum B.n error
Precomputing transforms
Timer: Precomputing transforms = 20.8 ms
Building objective: QS two-term (scale-invariant)
Precomputing transforms
Timer: Precomputing transforms = 45.9 ms
Building objective: aspect ratio
Precomputing transforms
Timer: Precomputing transforms = 21.7 ms
Building objective: rotational transform
Precomputing transforms
Timer: Precomputing transforms = 26.4 ms
Building objective: volume
Precomputing transforms
Timer: Precomputing transforms = 23.6 ms
Building objective: coil length
Precomputing transforms
Timer: Precomputing transforms = 2.85 ms
Building objective: coil curvature
Precomputing transforms
Timer: Precomputing transforms = 3.59 ms
Building objective: coil mean squared curvature
Precomputing transforms
Timer: Precomputing transforms = 3.58 ms
Building objective: coil-coil distance penalty
Building objective: plasma-coil minimum distance
ObjectiveFunction deriv_mode : blocked
Vacuum B.n error jac_chunk_size: 5
QS two-term (scale-invariant) jac_chunk_size: 5
aspect ratio jac_chunk_size: None
rotational transform jac_chunk_size: None
volume jac_chunk_size: None
coil length jac_chunk_size: None
coil curvature jac_chunk_size: None
coil mean squared curvature jac_chunk_size: None
coil-coil distance penalty jac_chunk_size: None
plasma-coil minimum distance jac_chunk_size: None
Timer: Objective build = 280 ms
Building objective: force
Precomputing transforms
Timer: Precomputing transforms = 849 ms
ObjectiveFunction deriv_mode : batched
ObjectiveFunction jac_chunk_size: 4382
Timer: Objective build = 897 ms
ObjectiveFunction deriv_mode : blocked
lcfs R jac_chunk_size: None
lcfs Z jac_chunk_size: None
fixed Psi jac_chunk_size: None
fixed pressure jac_chunk_size: None
fixed current jac_chunk_size: None
fixed sheet current jac_chunk_size: None
self_consistency R jac_chunk_size: None
self_consistency Z jac_chunk_size: None
lambda gauge jac_chunk_size: None
axis R self consistency jac_chunk_size: None
axis Z self consistency jac_chunk_size: None
Timer: Objective build = 1.28 ms
Timer: Eq Update LinearConstraintProjection build = 3.40 sec
Timer: Proximal projection build = 15.2 sec
Building objective: lcfs R
Building objective: fixed Psi
Building objective: fixed pressure
Building objective: fixed current
Building objective: fixed sheet current
Building objective: lcfs Z
Building objective: summed coil current
Building objective: fixed shift
Building objective: fixed rotation
ObjectiveFunction deriv_mode : blocked
lcfs R jac_chunk_size: None
fixed Psi jac_chunk_size: None
fixed pressure jac_chunk_size: None
fixed current jac_chunk_size: None
fixed sheet current jac_chunk_size: None
lcfs Z jac_chunk_size: None
summed coil current jac_chunk_size: None
fixed shift jac_chunk_size: None
fixed rotation jac_chunk_size: None
Timer: Objective build = 1.25 sec
Timer: LinearConstraintProjection build = 3.23 sec
Number of parameters: 239
Number of objectives: 8085
Timer: Initializing the optimization = 19.8 sec

Starting optimization
Using method: proximal-lsq-exact
Solver options:
------------------------------------------------------------
Maximum Function Evaluations       : 501
Maximum Allowed Total Δx Norm      : inf
Scaled Termination                 : True
Trust Region Method                : qr
Initial Trust Radius               : 4.434e+01
Maximum Trust Radius               : inf
Minimum Trust Radius               : 2.220e-16
Trust Radius Increase Ratio        : 2.000e+00
Trust Radius Decrease Ratio        : 2.500e-01
Trust Radius Increase Threshold    : 7.500e-01
Trust Radius Decrease Threshold    : 2.500e-01
------------------------------------------------------------ 

   Iteration     Total nfev        Cost      Cost reduction    Step norm     Optimality   
       0              1          1.447e-02                                    4.633e-04   
  [mem] RSS 4.75 GB  peak 4.75 GB
       1             10          1.447e-02      6.511e-07      4.381e-06      4.853e-04   
       2             12          1.447e-02      2.149e-07      2.204e-06      2.895e-04   
       3             13          1.447e-02      2.610e-07      2.856e-06      2.888e-04   
       4             14          1.447e-02      4.956e-07      5.852e-06      2.878e-04   
       5             15          1.447e-02      9.651e-07      1.164e-05      2.867e-04   
       6             16          1.447e-02      1.949e-06      2.306e-05      2.850e-04   
       7             17          1.446e-02      3.883e-06      4.560e-05      2.824e-04   
       8             18          1.446e-02      7.664e-06      9.016e-05      2.787e-04   
       9             19          1.444e-02      1.522e-05      1.782e-04      2.749e-04   
      10             20          1.443e-02      9.460e-06      3.509e-04      6.406e-03   
      11             22          1.441e-02      2.388e-05      8.689e-05      2.849e-03   
      12             23          1.439e-02      1.856e-05      1.726e-04      2.501e-04   
  [mem] RSS 4.78 GB  peak 4.78 GB
      13             24          1.438e-02      7.285e-06      3.392e-04      6.570e-03   
      14             25          1.437e-02      8.595e-06      3.540e-04      8.974e-03   
      15             26          1.433e-02      4.330e-05      1.298e-04      1.458e-03   
      16             27          1.432e-02      1.133e-05      2.121e-04      1.610e-03   
      17             29          1.431e-02      5.288e-06      8.791e-05      1.250e-03   
      18             30          1.431e-02      4.681e-06      4.136e-05      2.288e-04   
      19             31          1.430e-02      6.912e-06      8.108e-05      2.259e-04   
      20             32          1.429e-02      1.367e-05      1.637e-04      2.216e-04   
      21             34          1.428e-02      4.415e-06      8.995e-05      1.632e-03   
      22             35          1.427e-02      8.336e-06      9.725e-05      3.504e-04   
      23             36          1.427e-02      8.179e-06      1.909e-04      2.134e-03   
      24             38          1.426e-02      6.516e-06      8.524e-05      6.148e-04   
      25             39          1.426e-02      3.767e-06      4.480e-05      2.118e-04   
      26             40          1.425e-02      6.708e-06      8.242e-05      2.101e-04   
      27             41          1.424e-02      1.324e-05      1.606e-04      2.615e-04   
      28             43          1.423e-02      4.319e-06      8.696e-05      1.797e-03   
      29             44          1.422e-02      7.923e-06      9.481e-05      6.803e-04   
  [mem] RSS 4.79 GB  peak 4.79 GB
      30             45          1.421e-02      1.022e-05      1.891e-04      1.043e-03   
      31             47          1.421e-02      3.317e-06      8.311e-05      1.373e-03   
      32             48          1.421e-02      4.383e-06      4.079e-05      6.975e-04   
      33             49          1.420e-02      6.374e-06      8.229e-05      4.382e-04   
      34             50          1.419e-02      1.137e-05      1.681e-04      5.058e-04   
      35             53          1.419e-02      1.816e-06      4.213e-05      7.703e-04   
      36             54          1.418e-02      1.960e-06      2.139e-05      1.981e-04   
      37             55          1.418e-02      3.197e-06      3.877e-05      1.972e-04   
      38             56          1.418e-02      6.306e-06      7.518e-05      1.966e-04   
      39             57          1.416e-02      1.248e-05      1.513e-04      1.930e-04   
      40             58          1.416e-02      6.796e-06      3.090e-04      5.783e-03   
      41             60          1.414e-02      1.411e-05      1.274e-04      3.399e-03   
      42             61          1.413e-02      1.174e-05      1.262e-04      8.343e-04   
      43             62          1.413e-02      3.456e-06      1.317e-04      1.659e-03   
      44             63          1.412e-02      5.941e-06      1.293e-04      9.164e-04   
      45             64          1.412e-02      3.596e-06      1.318e-04      1.628e-03   
      46             65          1.411e-02      5.801e-06      1.295e-04      9.299e-04   
  [mem] RSS 4.79 GB  peak 4.79 GB
      47             66          1.411e-02      3.513e-06      1.327e-04      1.648e-03   
      48             67          1.410e-02      5.772e-06      1.300e-04      9.568e-04   
      49             68          1.410e-02      3.564e-06      1.328e-04      1.629e-03   
      50             69          1.409e-02      5.668e-06      1.300e-04      9.739e-04   
      51             70          1.409e-02      3.597e-06      1.329e-04      1.613e-03   
      52             71          1.408e-02      5.583e-06      1.299e-04      9.837e-04   
      53             72          1.408e-02      3.603e-06      1.329e-04      1.604e-03   
      54             73          1.407e-02      5.514e-06      1.299e-04      9.944e-04   
      55             74          1.407e-02      3.595e-06      1.331e-04      1.600e-03   
      56             75          1.407e-02      5.453e-06      1.300e-04      1.006e-03   
      57             76          1.406e-02      3.589e-06      1.333e-04      1.596e-03   
      58             77          1.406e-02      5.384e-06      1.302e-04      1.018e-03   
      59             78          1.405e-02      3.861e-06      1.358e-04      1.399e-03   
      60             79          1.405e-02      5.126e-06      1.279e-04      8.351e-04   
      61             80          1.404e-02      3.445e-06      1.334e-04      1.415e-03   
      62             81          1.404e-02      5.169e-06      1.281e-04      8.456e-04   
      63             82          1.404e-02      3.461e-06      1.338e-04      1.416e-03   
      64             83          1.403e-02      5.047e-06      1.287e-04      8.618e-04   
      65             84          1.403e-02      2.148e-06      1.339e-04      1.805e-03   
  [mem] RSS 4.79 GB  peak 4.79 GB
      66             85          1.402e-02      6.258e-06      1.288e-04      8.831e-04   
      67             86          1.402e-02      3.433e-06      1.345e-04      1.418e-03   
      68             87          1.401e-02      4.887e-06      1.297e-04      9.043e-04   
      69             88          1.401e-02      2.231e-06      1.348e-04      1.744e-03   
      70             89          1.401e-02      5.993e-06      1.300e-04      9.273e-04   
      71             90          1.400e-02      3.415e-06      1.355e-04      1.425e-03   
      72             91          1.400e-02      4.729e-06      1.309e-04      9.478e-04   
      73             92          1.399e-02      2.264e-06      1.358e-04      1.709e-03   
      74             93          1.399e-02      5.797e-06      1.311e-04      9.652e-04   
      75             94          1.399e-02      3.380e-06      1.365e-04      1.433e-03   
      76             95          1.398e-02      4.613e-06      1.319e-04      9.778e-04   
      77             96          1.398e-02      2.237e-06      1.367e-04      1.695e-03   
      78             97          1.397e-02      5.682e-06      1.321e-04      9.882e-04   
      79             98          1.397e-02      3.319e-06      1.372e-04      1.444e-03   
      80             99          1.397e-02      4.544e-06      1.328e-04      9.927e-04   
      81             100         1.396e-02      2.166e-06      1.373e-04      1.695e-03   
      82             101         1.396e-02      4.076e-06      4.971e-05      1.698e-04   
      83             102         1.396e-02      2.657e-06      3.907e-05      1.545e-04   
  [mem] RSS 4.80 GB  peak 4.80 GB
      84             103         1.395e-02      5.164e-06      7.055e-05      1.504e-04   
      85             104         1.394e-02      1.020e-05      1.396e-04      1.462e-04   
      86             106         1.394e-02      7.222e-07      7.367e-05      2.895e-03   
      87             107         1.393e-02      5.519e-06      2.213e-05      1.701e-04   
      88             108         1.393e-02      2.563e-06      3.476e-05      1.479e-04   
      89             109         1.393e-02      5.034e-06      6.888e-05      1.459e-04   
      90             110         1.392e-02      9.744e-06      1.376e-04      8.181e-04   
      91             112         1.392e-02      1.753e-06      7.165e-05      2.674e-03   
      92             113         1.391e-02      8.139e-06      7.857e-05      3.654e-04   
      93             114         1.390e-02      8.442e-06      1.595e-04      5.949e-04   
      94             117         1.390e-02      1.731e-06      4.467e-05      6.912e-04   
      95             118         1.390e-02      1.504e-06      2.098e-05      1.546e-04   
      96             119         1.389e-02      2.523e-06      3.507e-05      1.452e-04   
      97             120         1.389e-02      4.934e-06      6.653e-05      1.405e-04   
      98             121         1.388e-02      9.814e-06      1.332e-04      1.788e-04   
      99             123         1.388e-02      9.002e-07      6.717e-05      2.857e-03   
      100            124         1.387e-02      5.164e-06      1.959e-05      1.587e-04   
Warning: Maximum number of iterations has been exceeded.
         Current function value: 1.387e-02
         Total delta_x: 7.338e-03
         Iterations: 100
         Function evaluations: 124
         Jacobian evaluations: 101
Timer: Solution time = 12.9 min
Timer: Avg time per step = 7.68 sec
==============================================================================================================
                                                                 Start  -->   End
Total (sum of squares):                                      1.447e-02  -->   1.387e-02, 
Maximum absolute Boundary normal field error:                7.479e-04  -->   7.813e-04 (T*m^2, T^2*m^2)
Minimum absolute Boundary normal field error:                1.598e-07  -->   1.320e-06 (T*m^2, T^2*m^2)
Average absolute Boundary normal field error:                2.759e-04  -->   2.690e-04 (T*m^2, T^2*m^2)
  [mem] RSS 4.81 GB  peak 4.81 GB
Maximum absolute Boundary normal field error:                1.759e-03  -->   1.837e-03 (normalized)
Minimum absolute Boundary normal field error:                3.758e-07  -->   3.105e-06 (normalized)
Average absolute Boundary normal field error:                6.489e-04  -->   6.324e-04 (normalized)
Maximum absolute Quasi-symmetry (1,4) two-term error:        1.624e-02  -->   1.585e-02 (dimensionless)
Minimum absolute Quasi-symmetry (1,4) two-term error:        7.204e-16  -->   7.189e-16 (dimensionless)
Average absolute Quasi-symmetry (1,4) two-term error:        9.273e-04  -->   9.101e-04 (dimensionless)
Aspect ratio:                                                8.109e+00  -->   8.110e+00 (dimensionless)
Maximum Rotational transform:                                1.256e+00  -->   1.255e+00 (dimensionless)
Minimum Rotational transform:                                1.251e+00  -->   1.250e+00 (dimensionless)
Average Rotational transform:                                1.253e+00  -->   1.253e+00 (dimensionless)
Plasma volume:                                               2.975e-01  -->   2.974e-01 (m^3)
Maximum Coil length:                                         2.926e+00  -->   2.926e+00 (m)
Minimum Coil length:                                         2.926e+00  -->   2.926e+00 (m)
Average Coil length:                                         2.926e+00  -->   2.926e+00 (m)
Maximum Coil curvature:                                      1.367e+01  -->   1.367e+01 (m^-1)
Minimum Coil curvature:                                      1.859e-01  -->   1.862e-01 (m^-1)
Average Coil curvature:                                      3.832e+00  -->   3.800e+00 (m^-1)
Maximum Coil mean squared curvature:                         1.856e+01  -->   1.854e+01 (m^-2)
Minimum Coil mean squared curvature:                         1.174e+01  -->   1.164e+01 (m^-2)
Average Coil mean squared curvature:                         1.660e+01  -->   1.640e+01 (m^-2)
Maximum Coil-coil distance penalty:                          2.995e-04  -->   3.137e-04 (dimensionless)
Minimum Coil-coil distance penalty:                          0.000e+00  -->   0.000e+00 (dimensionless)
Average Coil-coil distance penalty:                          1.176e-05  -->   1.085e-05 (dimensionless)
Maximum Minimum plasma-coil distance:                        1.804e-01  -->   1.817e-01 (m)
Minimum Minimum plasma-coil distance:                        1.385e-01  -->   1.390e-01 (m)
Average Minimum plasma-coil distance:                        1.556e-01  -->   1.568e-01 (m)
Maximum absolute Force error:                                6.119e+01  -->   5.939e+01 (N)
Minimum absolute Force error:                                5.616e-05  -->   7.193e-04 (N)
Average absolute Force error:                                1.489e+00  -->   1.451e+00 (N)
Maximum absolute Force error:                                9.647e-05  -->   9.363e-05 (normalized)
Minimum absolute Force error:                                8.855e-11  -->   1.134e-09 (normalized)
Average absolute Force error:                                2.348e-06  -->   2.288e-06 (normalized)
R boundary error:                                            9.778e-21  -->   1.654e-24 (m)
Fixed Psi error:                                             0.000e+00  -->   0.000e+00 (Wb)
Fixed pressure profile error:                                0.000e+00  -->   0.000e+00 (Pa)
Fixed current profile error:                                 0.000e+00  -->   0.000e+00 (A)
Fixed sheet current error:                                   0.000e+00  -->   0.000e+00 (~)
Z boundary error:                                            1.730e-20  -->   8.470e-22 (m)
Summed coil current error:                                   0.000e+00  -->   0.000e+00 (A)
==============================================================================================================

/home/singh/Documents/DESC2/desc/utils.py:590: UserWarning: Unequal number of field periods for grid 1 and basis 4.
  warnings.warn(msg, err)
/home/singh/Documents/DESC2/desc/utils.py:590: UserWarning: Unequal number of field periods for grid 1 and basis 4.
  warnings.warn(msg, err)
/home/singh/Documents/DESC2/desc/utils.py:590: FutureWarning: constants is deprecated and will be removed in a future release. Users should not include constants in the arguments of their objective compute methods. Instead declare all the constants in the build method and use as self._constants.
  warnings.warn(msg, err)
/home/singh/Documents/DESC2/desc/utils.py:590: FutureWarning: constants is deprecated and will be removed in a future release. Users should not include constants in the arguments of their objective compute methods. Instead declare all the constants in the build method and use as self._constants.
  warnings.warn(msg, err)
/home/singh/Documents/DESC2/desc/utils.py:590: FutureWarning: constants is deprecated and will be removed in a future release. Users should not include constants in the arguments of their objective compute methods. Instead declare all the constants in the build method and use as self._constants.
  warnings.warn(msg, err)
/home/singh/Documents/DESC2/desc/utils.py:590: FutureWarning: constants is deprecated and will be removed in a future release. Users should not include constants in the arguments of their objective compute methods. Instead declare all the constants in the build method and use as self._constants.
  warnings.warn(msg, err)
/home/singh/Documents/DESC2/desc/utils.py:590: FutureWarning: constants is deprecated and will be removed in a future release. Users should not include constants in the arguments of their objective compute methods. Instead declare all the constants in the build method and use as self._constants.
  warnings.warn(msg, err)
/home/singh/Documents/DESC2/desc/utils.py:590: FutureWarning: constants is deprecated and will be removed in a future release. Users should not include constants in the arguments of their objective compute methods. Instead declare all the constants in the build method and use as self._constants.
  warnings.warn(msg, err)

TERMS AFTER k=4
term                             dim_f    weight     norm    s(qw)  target/bounds           raw min    raw max       cost  err/tol  share
Vacuum B.n error                  1326      31.8   0.4253    6.283  = 0                  -0.0007228  0.0007813    0.01104    0.149  79.6%
QS two-term (scale-invariant)     5445      1.42        -    41.41  = 0                    -0.01585    0.01585   0.002823   0.0751  20.3%
aspect ratio                         1      12.5        -        1  [7.5, 8.5]                 8.11       8.11          0        0   0.0%
rotational transform                20        84        -        1  [1.19, inf]                1.25      1.255          0        0   0.0%
volume                               1       659        -        1  [0.2974, 0.3096]         0.2974     0.2974  2.208e-08  0.00021   0.0%
coil length                          4      34.2        -        2  [0, 2.926]                2.926      2.926  3.103e-07 0.000788   0.0%
coil curvature                    1204      20.2        -    5.013  [0, 13.67]               0.1862      13.67  3.182e-10 2.52e-05   0.0%
coil mean squared curvature          4      5.35        -        2  [0, 18.69]                11.64      18.54          0        0   0.0%
coil-coil distance penalty          72        11        -    8.485  [-inf, 0]                     0  0.0003137  1.093e-05  0.00468   0.1%
plasma-coil minimum distance         8       894        -    2.828  [0.1119, inf]             0.139     0.1817          0        0   0.0%
total cost 0.5 sum f^2                                                                                                     0.01387
k=4 physics  A 8.110  R0 0.9970  a 0.1229  iota [1.2503, 1.2551]  QS(Boozer, |B_nonsym|/<B>) rho 0.25 1.38e-04  rho 0.5 1.38e-04  rho 0.75 3.90e-04  rho 1 1.50e-03
k=4 coils    bn 6.6477e-04 (max 2.213e-03)  L 1.000  kappa 1.001  kMS 0.992  d_cc 1.018  d_pc 1.266  linked 0  -> FAILS L,kappa
k=4 solver   Maximum number of iterations has been exceeded.  nit 100  wall 13.5 min

wrote work/ss_qh/matrix/ss/xyz_k4b: eq_k*.h5, coils_k*.h5, result.json
