Running as unit: run-p379881-i380814.scope; invocation ID: 19f7dc617beb4802b245d134fd0a7be4
E0917 13:14:36.660197  379968 cuda_executor.cc:1743] Could not get kernel mode driver version: ( INVALID_ARGUMENT: Version does not match the format X.Y.Z )
E0917 13:14:36.672401  379881 cuda_executor.cc:1743] Could not get kernel mode driver version: ( INVALID_ARGUMENT: Version does not match the format X.Y.Z )
DEVICE requested=gpu obtained=gpu (1x NVIDIA GeForce RTX 5070 Laptop GPU)
  [mem] RSS 0.83 GB  peak 0.83 GB
/home/singh/Documents/DESC2/coil_sandbox/vendor/desc/utils.py:590: UserWarning: Unequal number of field periods for grid 1 and basis 2.
  warnings.warn(msg, err)
/home/singh/Documents/DESC2/coil_sandbox/vendor/desc/utils.py:590: UserWarning: Unequal number of field periods for grid 1 and basis 2.
  warnings.warn(msg, err)
eq sample_equilibria/helios_repro.h5 (h5) NFP 2 sym True; start work/helios/scan_polar/cutc0x0_c1x150_c2x120/legA/result.h5: 3 unique coils, arc=True, expect 12 coils; source grid gl (48 nodes/coil); mode stage2; plasma field included (virtual casing)
SETTINGS {'eq': 'sample_equilibria/helios_repro.h5', 'start': 'work/helios/scan_polar/cutc0x0_c1x150_c2x120/legA/result.h5', 'out': 'work/helios/scan_polar/cutc0x0_c1x150_c2x120/legB', 'mode': 'stage2', 'length_mult': 1.0, 'margin': 0.0, 'fix_hinges': False, 'anchor_weight': 0.001, 'margin_skip': '', 'a': None, 'bounds': 'bounds/helios_kruger2026.json', 'device': None, 'vacuum': False, 'maxiter': 250, 'check_every': 25, 'ckpt_every': 25, 'diag_log': 'diag.jsonl', 'dcc_backoff': 0.025, 'dpc_backoff': 0.02, 'no_arc_backoffs': False, 'convex_form': 'signed', 'convex_kmin': 0.0, 'convex_backoff': 0.5, 'coil_grid_n': 150, 'eval_m': 25, 'eval_n': 25, 'plasma_m': 64, 'plasma_n': 64, 'src_gl': 24, 'src_n': 400, 'vc_m': None, 'vc_n': None, 'vc_chunk': 64, 'dcc_k': 20000, 'dpc_k': 20000, 'no_signed': False, 'dcc_neighbors': None, 'dcc_chunk': 4, 'dpc_chunk': 1, 'qf_chunk': 25, 'no_second_order': False, 'so_chunk': 16, 'so_rtol': 0.05, 'max_tr': 0.5, 'max_inner_iter': 100, 'ctol': 0.0001}
BOUNDS (judged, absolute, a=1.77186) L 36  kappa 1.5  kms -  convex 0.001  dcc 1.2  dpc 1.2
ENFORCED L 36  kappa 1.492  kms -  convex 0.0005  dcc 1.245  dpc 1.224  (convexity: signed, kappa_s >= 0.0)
  [mem] RSS 2.93 GB  peak 2.93 GB
START  bn 3.7100e-02  L 1.000  kappa 0.272  convex 0.938  d_cc 1.035  d_pc 1.410  linked 0  coils 12  -> FEASIBLE
Building objective: Quadratic flux
Precomputing transforms
/home/singh/Documents/DESC2/coil_sandbox/vendor/desc/utils.py:590: UserWarning: Could not build fft interpolator, switching to dft which is slow.
Reason: Got False for eval_grid.can_fft2.
  warnings.warn(msg, err)
  [mem] RSS 7.45 GB  peak 7.45 GB
  [mem] RSS 7.61 GB  peak 7.61 GB
Timer: Precomputing transforms = 1.31 min
  [mem] RSS 4.35 GB  peak 7.70 GB
Timer: Objective build = 1.33 min
Building objective: summed coil current
Building objective: fixed shift
Building objective: fixed rotation
Building objective: fixed arc reference
Timer: Objective build = 566 ms
Timer: Objective build = 2.25 ms
Timer: LinearConstraintProjection build = 2.36 sec
Timer: LinearConstraintProjection build = 113 ms
Number of parameters: 56
Number of objectives: 1326
Number of equality constraints: 0
Number of inequality constraints: 1845
Timer: Initializing the optimization = 1.39 min

Starting optimization
Using method: lsq-auglag
E0917 13:16:45.788334  379986 cuda_timer.cc:87] Delay kernel timed out: measured time has sub-optimal accuracy. There may be a missing warmup execution, please investigate in Nsight Systems.
  [mem] RSS 5.17 GB  peak 7.70 GB
second_order: compiling constraint Hessian for blocks CoilSignedCurvature, CoilSetDistancePenalty
  [mem] RSS 5.71 GB  peak 7.70 GB
  [mem] RSS 6.28 GB  peak 7.70 GB
Solver options:
------------------------------------------------------------
Maximum Function Evaluations       : 1251
Maximum Allowed Total Δx Norm      : inf
Scaled Termination                 : True
Trust Region Method                : svd
Initial Trust Radius               : 1.974e+00
Maximum Trust Radius               : 5.000e-01
Minimum Trust Radius               : 2.220e-16
Trust Radius Increase Ratio        : 4.000e+00
Trust Radius Decrease Ratio        : 2.500e-01
Trust Radius Increase Threshold    : 7.500e-01
Trust Radius Decrease Threshold    : 5.000e-01
Alpha Omega                        : 1.000e+00
Beta Omega                         : 1.000e+00
Alpha Eta                          : 1.000e-01
Beta Eta                           : 9.000e-01
Omega                              : 1.000e-02
Eta                                : 2.156e-04
Tau                                : 1.000e+01
------------------------------------------------------------ 

   Iteration     Total nfev        Cost      Cost reduction    Step norm     Optimality    Constr viol.   Penalty param  max(|mltplr|)      gtolk     
       0              1          8.617e-02                                    5.515e-02      2.156e-04      1.000e+01      0.000e+00      1.000e-03   
second_order: compiling constraint Hessian for blocks CoilLength, CoilCurvature, CoilSignedCurvature
  [mem] RSS 6.81 GB  peak 7.70 GB
E0917 13:18:38.648802  379980 cuda_timer.cc:87] Delay kernel timed out: measured time has sub-optimal accuracy. There may be a missing warmup execution, please investigate in Nsight Systems.
E0917 13:18:38.787228  379993 cuda_timer.cc:87] Delay kernel timed out: measured time has sub-optimal accuracy. There may be a missing warmup execution, please investigate in Nsight Systems.
       1              2          7.769e-02      8.487e-03      3.751e-01      1.210e-01      1.211e-02      1.000e+01      0.000e+00      1.000e-03   
       2              3          7.710e-02      5.902e-04      3.133e-02      8.454e-02      1.278e-03      1.000e+01      0.000e+00      1.000e-03   
       3              4          7.623e-02      8.705e-04      3.457e-02      4.254e-02      2.961e-03      1.000e+01      0.000e+00      1.000e-03   
  [mem] RSS 6.85 GB  peak 7.70 GB
       4              5          7.356e-02      2.667e-03      1.169e-01      3.526e-02      2.095e-03      1.000e+01      0.000e+00      1.000e-03   
       5              6          7.303e-02      5.301e-04      3.053e-02      2.398e-01      1.082e-03      1.000e+01      0.000e+00      1.000e-03   
       6              7          7.238e-02      6.515e-04      2.952e-02      2.328e-01      1.093e-03      1.000e+01      0.000e+00      1.000e-03   
       7              8          7.218e-02      1.972e-04      9.723e-03      2.863e-02      1.084e-03      1.000e+01      0.000e+00      1.000e-03   
       8              9          7.043e-02      1.748e-03      8.846e-02      6.115e-01      1.048e-03      1.000e+01      0.000e+00      1.000e-03   
       9             10          6.844e-02      1.993e-03      1.010e-01      5.494e-01      1.056e-03      1.000e+01      0.000e+00      1.000e-03   
      10             11          6.833e-02      1.091e-04      1.010e-02      2.960e-02      1.011e-03      1.000e+01      0.000e+00      1.000e-03   
      11             12          6.058e-02      7.751e-03      5.274e-01      6.435e-01      1.321e-03      1.000e+01      0.000e+00      1.000e-03   
      12             13          6.044e-02      1.370e-04      1.607e-02      3.175e-02      1.344e-03      1.000e+01      0.000e+00      1.000e-03   
      13             14          5.939e-02      1.048e-03      6.891e-02      2.943e-02      1.367e-03      1.000e+01      0.000e+00      1.000e-03   
      14             15          5.917e-02      2.230e-04      2.966e-02      8.976e-02      1.429e-03      1.000e+01      0.000e+00      1.000e-03   
      15             16          5.879e-02      3.801e-04      2.571e-02      8.674e-02      1.436e-03      1.000e+01      0.000e+00      1.000e-03   
      16             17          5.860e-02      1.869e-04      1.273e-02      8.532e-02      1.440e-03      1.000e+01      0.000e+00      1.000e-03   
      17             18          5.843e-02      1.788e-04      1.225e-02      8.397e-02      1.443e-03      1.000e+01      0.000e+00      1.000e-03   
      18             19          5.834e-02      8.899e-05      6.123e-03      8.331e-02      1.445e-03      1.000e+01      0.000e+00      1.000e-03   
      19             20          5.825e-02      8.265e-05      5.697e-03      8.270e-02      1.446e-03      1.000e+01      0.000e+00      1.000e-03   
  [mem] RSS 6.85 GB  peak 7.70 GB
      20             21          5.816e-02      9.281e-05      8.018e-03      1.734e-02      1.422e-03      1.000e+01      0.000e+00      1.000e-03   
      21             22          5.765e-02      5.104e-04      4.781e-02      2.888e-01      1.411e-03      1.000e+01      0.000e+00      1.000e-03   
      22             23          4.912e-02      8.531e-03      7.579e-01      4.348e-02      7.653e-03      1.000e+01      0.000e+00      1.000e-03   
second_order: compiling constraint Hessian for blocks CoilLength, CoilCurvature, CoilSignedCurvature, CoilSetDistancePenalty
  [mem] RSS 7.32 GB  peak 7.70 GB
  [mem] RSS 7.72 GB  peak 7.72 GB
      23             25          4.736e-02      1.758e-03      2.282e-01      6.338e-03      2.031e-03      1.000e+01      0.000e+00      1.000e-03   
      24             26          4.286e-02      4.504e-03      5.808e-01      1.852e-02      1.856e-03      1.000e+01      0.000e+00      1.000e-03   
  [it   25] bn 2.5192e-02  L 1.000  kappa 0.268  convex 31.216  d_cc 1.024  d_pc 1.539  -> FAILS convex
      25             27          4.026e-02      2.602e-03      4.780e-01      7.638e-03      1.885e-03      1.000e+01      0.000e+00      1.000e-03   
      26             28          3.817e-02      2.088e-03      4.215e-01      9.470e-03      2.257e-03      1.000e+01      0.000e+00      1.000e-03   
      27             29          3.673e-02      1.434e-03      3.679e-01      8.208e-03      1.884e-03      1.000e+01      0.000e+00      1.000e-03   
      28             30          3.596e-02      7.705e-04      2.063e-01      6.701e-03      1.875e-03      1.000e+01      0.000e+00      1.000e-03   
  [mem] RSS 7.78 GB  peak 7.78 GB
      29             31          3.597e-02     -6.482e-06      3.022e-03      1.829e-02      1.873e-03      1.000e+01      0.000e+00      1.000e-03   
      30             32          3.595e-02      1.723e-05      4.529e-03      1.807e-02      1.872e-03      1.000e+01      0.000e+00      1.000e-03   
      31             33          3.595e-02      4.705e-06      1.223e-03      1.801e-02      1.872e-03      1.000e+01      0.000e+00      1.000e-03   
      32             34          3.594e-02      4.576e-06      1.188e-03      1.796e-02      1.872e-03      1.000e+01      0.000e+00      1.000e-03   
      33             35          3.594e-02      4.508e-06      1.169e-03      1.791e-02      1.872e-03      1.000e+01      0.000e+00      1.000e-03   
      34             36          3.594e-02      2.697e-06      6.997e-04      1.788e-02      1.872e-03      1.000e+01      0.000e+00      1.000e-03   
      35             37          3.593e-02      1.760e-06      4.558e-04      1.786e-02      1.871e-03      1.000e+01      0.000e+00      1.000e-03   
      36             38          3.593e-02      1.908e-06      6.933e-04      2.314e-03      1.870e-03      1.000e+01      0.000e+00      1.000e-03   
      37             39          3.593e-02      6.721e-06      1.900e-03      4.365e-02      1.863e-03      1.000e+01      0.000e+00      1.000e-03   
      38             40          3.452e-02      1.401e-03      3.774e-01      1.667e-02      1.821e-03      1.000e+01      0.000e+00      1.000e-03   
      39             41          3.340e-02      1.130e-03      3.613e-01      6.147e-03      1.799e-03      1.000e+01      0.000e+00      1.000e-03   
      40             42          3.218e-02      1.215e-03      3.649e-01      1.595e-02      1.717e-03      1.000e+01      0.000e+00      1.000e-03   
      41             45          3.203e-02      1.489e-04      3.019e-02      1.488e-02      5.475e-03      1.000e+01      0.000e+00      1.000e-03   
      42             46          3.195e-02      8.359e-05      3.025e-02      5.564e-03      2.888e-03      1.000e+01      0.000e+00      1.000e-03   
      43             47          3.157e-02      3.728e-04      1.035e-01      2.978e-03      1.653e-03      1.000e+01      0.000e+00      1.000e-03   
  [mem] RSS 7.78 GB  peak 7.78 GB
      44             48          3.013e-02      1.448e-03      3.845e-01      2.263e-02      1.623e-03      1.000e+01      0.000e+00      1.000e-03   
      45             51          3.000e-02      1.312e-04      2.614e-02      1.725e-03      1.625e-03      1.000e+01      0.000e+00      1.000e-03   
      46             52          2.960e-02      3.960e-04      1.068e-01      2.260e-03      1.601e-03      1.000e+01      0.000e+00      1.000e-03   
      47             53          2.806e-02      1.538e-03      3.808e-01      2.313e-02      1.535e-03      1.000e+01      0.000e+00      1.000e-03   
second_order: compiling constraint Hessian for blocks CoilLength, CoilSignedCurvature, CoilSetDistancePenalty
  [mem] RSS 7.87 GB  peak 7.87 GB
  [mem] RSS 8.01 GB  peak 8.01 GB
      48             54          2.678e-02      1.283e-03      3.966e-01      3.591e-02      1.143e-02      1.000e+01      0.000e+00      1.000e-03   
      49             56          2.661e-02      1.698e-04      1.005e-01      7.334e-03      4.104e-03      1.000e+01      0.000e+00      1.000e-03   
  [it   50] bn 1.9128e-02  L 1.000  kappa 0.243  convex 22.559  d_cc 1.034  d_pc 1.687  -> FAILS L,convex
      50             57          2.524e-02      1.367e-03      3.585e-01      2.091e-02      1.339e-03      1.000e+01      0.000e+00      1.000e-03   
      51             58          2.400e-02      1.240e-03      3.744e-01      1.085e-02      1.210e-03      1.000e+01      0.000e+00      1.000e-03   
      52             59          2.273e-02      1.273e-03      3.505e-01      1.713e-02      1.128e-03      1.000e+01      0.000e+00      1.000e-03   
      53             60          2.157e-02      1.160e-03      3.608e-01      1.217e-02      1.009e-03      1.000e+01      0.000e+00      1.000e-03   
      54             61          2.046e-02      1.105e-03      3.466e-01      1.358e-02      9.218e-04      1.000e+01      0.000e+00      1.000e-03   
      55             62          1.948e-02      9.835e-04      3.492e-01      1.114e-02      8.926e-04      1.000e+01      0.000e+00      1.000e-03   
      56             63          1.860e-02      8.792e-04      3.424e-01      1.032e-02      1.038e-03      1.000e+01      0.000e+00      1.000e-03   
      57             64          1.787e-02      7.321e-04      3.255e-01      9.748e-03      9.538e-04      1.000e+01      0.000e+00      1.000e-03   
  [mem] RSS 8.05 GB  peak 8.05 GB
      58             65          1.728e-02      5.912e-04      3.093e-01      7.960e-03      1.278e-03      1.000e+01      0.000e+00      1.000e-03   
      59             66          1.680e-02      4.808e-04      2.833e-01      7.359e-03      8.378e-04      1.000e+01      0.000e+00      1.000e-03   
      60             67          1.645e-02      3.482e-04      2.319e-01      5.517e-03      9.507e-04      1.000e+01      0.000e+00      1.000e-03   
      61             68          1.611e-02      3.372e-04      2.457e-01      5.476e-03      8.332e-04      1.000e+01      0.000e+00      1.000e-03   
      62             69          1.587e-02      2.426e-04      2.061e-01      3.834e-03      9.289e-04      1.000e+01      0.000e+00      1.000e-03   
      63             70          1.564e-02      2.277e-04      2.087e-01      3.526e-03      9.094e-04      1.000e+01      0.000e+00      1.000e-03   
      64             71          1.563e-02      1.413e-05      1.473e-02      3.290e-03      9.182e-04      1.000e+01      0.000e+00      1.000e-03   
      65             72          1.563e-02     -3.639e-06      1.684e-03      8.078e-03      9.215e-04      1.083e+01      1.704e-03      8.078e-04   
      66             74          1.563e-02     -2.299e-06      1.171e-02      5.789e-03      7.696e-04      1.083e+01      1.704e-03      8.078e-04   
      67             75          1.562e-02      1.479e-05      3.842e-02      1.908e-03      4.496e-04      1.083e+01      1.704e-03      8.078e-04   
      68             76          1.557e-02      4.734e-05      3.982e-02      1.322e-03      3.951e-04      1.083e+01      1.704e-03      8.078e-04   
      69             77          1.557e-02     -4.600e-06      1.384e-03      1.002e-03      2.607e-04      1.083e+01      1.704e-03      8.078e-04   
      70             78          1.539e-02      1.828e-04      1.489e-01      1.957e-03      4.021e-04      1.083e+01      1.704e-03      8.078e-04   
  [mem] RSS 8.06 GB  peak 8.06 GB
      71             79          1.537e-02      2.319e-05      3.452e-02      1.685e-03      3.512e-04      1.083e+01      1.704e-03      8.078e-04   
      72             80          1.534e-02      3.013e-05      4.430e-02      1.421e-03      2.994e-04      1.083e+01      1.704e-03      8.078e-04   
      73             81          1.533e-02      5.749e-06      8.377e-03      1.362e-03      2.889e-04      1.083e+01      1.704e-03      8.078e-04   
      74             82          1.533e-02      5.005e-06      7.294e-03      1.312e-03      2.800e-04      1.083e+01      1.704e-03      8.078e-04   
  [it   75] bn 1.4881e-02  L 1.000  kappa 0.225  convex 1.864  d_cc 1.028  d_pc 1.772  -> FAILS L,convex
      75             83          1.526e-02      6.320e-05      9.608e-02      1.212e-03      3.773e-04      1.083e+01      1.704e-03      8.078e-04   
      76             84          1.517e-02      9.583e-05      1.569e-01      1.784e-03      5.022e-04      1.083e+01      1.704e-03      8.078e-04   
      77             85          1.511e-02      6.228e-05      1.118e-01      1.623e-03      5.870e-04      1.083e+01      1.704e-03      8.078e-04   
      78             86          1.504e-02      6.887e-05      1.325e-01      1.845e-03      6.869e-04      1.083e+01      1.704e-03      8.078e-04   
      79             87          1.499e-02      4.849e-05      1.068e-01      1.739e-03      7.346e-04      1.083e+01      1.704e-03      8.078e-04   
      80             88          1.493e-02      5.787e-05      1.362e-01      2.111e-03      7.700e-04      1.083e+01      1.704e-03      8.078e-04   
      81             89          1.488e-02      4.769e-05      1.228e-01      2.102e-03      7.848e-04      1.083e+01      1.704e-03      8.078e-04   
      82             90          1.483e-02      5.728e-05      1.562e-01      2.663e-03      8.152e-04      1.083e+01      1.704e-03      8.078e-04   
  [mem] RSS 8.06 GB  peak 8.06 GB
      83             91          1.479e-02      3.354e-05      1.012e-01      2.263e-03      8.157e-04      1.083e+01      1.704e-03      8.078e-04   
      84             92          1.479e-02     -1.324e-06      1.044e-03      8.379e-03      8.149e-04      1.244e+01      1.512e-02      8.379e-04   
      85             93          1.482e-02     -2.829e-05      6.556e-02      6.504e-03      7.031e-04      1.244e+01      1.512e-02      8.379e-04   
second_order: compiling constraint Hessian for blocks CoilLength, CoilSignedCurvature
  [mem] RSS 8.15 GB  peak 8.18 GB
      86             94          1.487e-02     -4.725e-05      2.123e-01      3.242e-03      5.704e-04      1.244e+01      1.512e-02      8.379e-04   
      87             96          1.486e-02      1.390e-05      1.277e-02      8.926e-04      3.076e-04      1.244e+01      1.512e-02      8.379e-04   
      88             97          1.484e-02      1.484e-05      4.210e-02      6.776e-03      2.308e-04      1.439e+01      4.721e-02      6.776e-04   
      89             98          1.482e-02      1.971e-05      1.540e-01      1.390e-03      3.485e-04      1.439e+01      4.721e-02      6.776e-04   
      90             99          1.476e-02      5.763e-05      1.909e-01      2.892e-03      8.394e-04      1.439e+01      4.721e-02      6.776e-04   
      91             100         1.474e-02      1.937e-05      7.296e-02      2.348e-03      6.755e-04      1.439e+01      4.721e-02      6.776e-04   
      92             101         1.472e-02      2.076e-05      7.599e-02      2.061e-03      5.874e-04      1.439e+01      4.721e-02      6.776e-04   
      93             102         1.468e-02      3.914e-05      1.396e-01      2.405e-03      6.957e-04      1.439e+01      4.721e-02      6.776e-04   
      94             103         1.469e-02     -8.737e-07      9.836e-04      1.056e-03      1.055e-04      1.439e+01      9.435e-02      1.056e-04   
      95             104         1.460e-02      8.025e-05      3.302e-01      7.947e-03      2.410e-03      1.439e+01      9.435e-02      1.056e-04   
  [mem] RSS 8.18 GB  peak 8.18 GB
      96             105         1.460e-02      1.729e-07      3.043e-03      8.272e-04      1.489e-04      1.439e+01      9.435e-02      1.056e-04   
      97             106         1.450e-02      1.036e-04      3.157e-01      6.147e-03      1.885e-03      1.439e+01      9.435e-02      1.056e-04   
      98             107         1.448e-02      2.307e-05      6.530e-02      4.792e-03      1.464e-03      1.439e+01      9.435e-02      1.056e-04   
      99             108         1.441e-02      6.370e-05      1.556e-01      3.190e-03      9.653e-04      1.439e+01      9.435e-02      1.056e-04   
  [it  100] bn 1.4586e-02  L 1.000  kappa 0.250  convex 0.130  d_cc 1.032  d_pc 1.791  -> FAILS L
      100            109         1.431e-02      1.038e-04      2.469e-01      3.599e-03      1.118e-03      1.439e+01      9.435e-02      1.056e-04   
      101            110         1.418e-02      1.320e-04      2.974e-01      4.197e-03      1.312e-03      1.439e+01      9.435e-02      1.056e-04   
      102            111         1.404e-02      1.410e-04      2.963e-01      3.873e-03      1.205e-03      1.439e+01      9.435e-02      1.056e-04   
      103            113         1.400e-02      3.726e-05      7.564e-02      3.951e-04      2.095e-04      1.439e+01      9.435e-02      1.056e-04   
      104            116         1.399e-02      9.496e-06      1.953e-02      1.422e-04      2.055e-04      1.439e+01      9.435e-02      1.056e-04   
      105            118         1.398e-02      9.711e-06      1.961e-02      1.408e-04      2.056e-04      1.439e+01      9.435e-02      1.056e-04   
  [mem] RSS 8.21 GB  peak 8.21 GB
      106            120         1.397e-02      9.700e-06      1.955e-02      1.681e-04      2.057e-04      1.439e+01      9.435e-02      1.056e-04   
      107            121         1.393e-02      3.897e-05      7.688e-02      4.469e-04      2.090e-04      1.439e+01      9.435e-02      1.056e-04   
      108            122         1.378e-02      1.485e-04      3.029e-01      4.470e-03      1.499e-03      1.439e+01      9.435e-02      1.056e-04   
      109            125         1.378e-02      2.159e-07      5.731e-03      1.761e-03      6.767e-04      1.439e+01      9.435e-02      1.056e-04   
      110            126         1.377e-02      1.217e-05      2.356e-02      5.495e-04      3.588e-04      1.439e+01      9.435e-02      1.056e-04   
      111            127         1.372e-02      5.115e-05      9.868e-02      6.113e-04      2.231e-04      1.439e+01      9.435e-02      1.056e-04   
      112            128         1.358e-02      1.376e-04      2.779e-01      3.500e-03      1.200e-03      1.439e+01      9.435e-02      1.056e-04   
      113            132         1.358e-02      1.397e-07      4.179e-03      1.837e-03      7.232e-04      1.439e+01      9.435e-02      1.056e-04   
      114            133         1.357e-02      7.822e-06      1.582e-02      5.473e-04      3.956e-04      1.439e+01      9.435e-02      1.056e-04   
      115            134         1.354e-02      3.461e-05      6.682e-02      3.340e-04      2.278e-04      1.439e+01      9.435e-02      1.056e-04   
      116            135         1.341e-02      1.319e-04      2.660e-01      3.120e-03      1.087e-03      1.439e+01      9.435e-02      1.056e-04   
  [mem] RSS 8.24 GB  peak 8.24 GB
      117            139         1.341e-02      7.731e-07      4.383e-03      3.554e-03      1.238e-03      1.439e+01      9.435e-02      1.056e-04   
      118            140         1.341e-02     -7.942e-08      9.816e-04      1.120e-03      6.878e-04      1.439e+01      9.435e-02      1.056e-04   
      119            141         1.341e-02      1.372e-06      3.530e-03      3.477e-04      4.072e-04      1.439e+01      9.435e-02      1.056e-04   
      120            142         1.340e-02      7.941e-06      1.519e-02      1.544e-04      2.807e-04      1.439e+01      9.435e-02      1.056e-04   
      121            143         1.337e-02      3.208e-05      6.152e-02      2.477e-04      2.398e-04      1.439e+01      9.435e-02      1.056e-04   
      122            144         1.325e-02      1.206e-04      2.396e-01      2.485e-03      8.932e-04      1.439e+01      9.435e-02      1.056e-04   
      123            145         1.323e-02      1.677e-05      3.161e-02      2.185e-03      7.974e-04      1.439e+01      9.435e-02      1.056e-04   
      124            146         1.311e-02      1.163e-04      2.367e-01      2.263e-03      8.297e-04      1.439e+01      9.435e-02      1.056e-04   
  [it  125] bn 1.4101e-02  L 1.000  kappa 0.255  convex 1.065  d_cc 1.033  d_pc 1.784  -> FAILS L,convex
      125            147         1.310e-02      1.543e-05      2.772e-02      2.021e-03      7.521e-04      1.439e+01      9.435e-02      1.056e-04   
      126            148         1.298e-02      1.137e-04      2.347e-01      2.247e-03      8.263e-04      1.439e+01      9.435e-02      1.056e-04   
      127            149         1.293e-02      4.980e-05      9.393e-02      6.750e-03      2.327e-03      1.439e+01      9.435e-02      1.056e-04   
  [mem] RSS 8.27 GB  peak 8.27 GB
      128            150         1.292e-02      1.342e-05      2.991e-02      5.292e-03      2.008e-03      1.439e+01      9.435e-02      1.056e-04   
      129            151         1.285e-02      7.317e-05      1.898e-01      2.221e-03      4.000e-04      1.439e+01      9.435e-02      1.056e-04   
      130            152         1.285e-02     -9.055e-08      1.497e-03      2.141e-03      3.718e-04      1.439e+01      9.435e-02      1.056e-04   
      131            153         1.285e-02      4.562e-07      3.467e-04      8.477e-04      3.721e-04      1.439e+01      9.435e-02      1.056e-04   
      132            154         1.281e-02      3.489e-05      6.414e-02      5.789e-04      3.759e-04      1.439e+01      9.435e-02      1.056e-04   
      133            155         1.273e-02      7.910e-05      1.521e-01      1.525e-03      6.068e-04      1.439e+01      9.435e-02      1.056e-04   
      134            156         1.264e-02      9.004e-05      1.769e-01      1.288e-03      5.336e-04      1.439e+01      9.435e-02      1.056e-04   
      135            157         1.254e-02      9.926e-05      1.940e-01      1.468e-03      5.919e-04      1.439e+01      9.435e-02      1.056e-04   
      136            158         1.245e-02      9.784e-05      1.914e-01      1.249e-03      5.239e-04      1.439e+01      9.435e-02      1.056e-04   
      137            159         1.235e-02      9.866e-05      1.903e-01      1.199e-03      5.100e-04      1.439e+01      9.435e-02      1.056e-04   
      138            160         1.225e-02      9.559e-05      1.876e-01      1.047e-03      4.695e-04      1.439e+01      9.435e-02      1.056e-04   
      139            161         1.215e-02      9.924e-05      1.873e-01      2.029e-03      1.118e-03      1.439e+01      9.435e-02      1.056e-04   
      140            162         1.206e-02      8.775e-05      1.772e-01      9.041e-04      4.937e-04      1.439e+01      9.435e-02      1.056e-04   
  [mem] RSS 8.29 GB  peak 8.29 GB
      141            166         1.206e-02      4.793e-06      2.776e-03      2.021e-03      1.228e-03      1.439e+01      9.435e-02      1.056e-04   
      142            167         1.206e-02     -6.949e-07      1.018e-03      6.530e-04      7.558e-04      1.439e+01      9.435e-02      1.056e-04   
      143            168         1.206e-02      1.120e-06      3.163e-03      2.106e-04      5.011e-04      1.439e+01      9.435e-02      1.056e-04   
      144            169         1.205e-02      8.366e-06      1.430e-02      1.344e-04      4.805e-04      1.439e+01      9.435e-02      1.056e-04   
      145            170         1.202e-02      2.877e-05      4.919e-02      1.094e-04      4.652e-04      1.439e+01      9.435e-02      1.056e-04   
      146            171         1.192e-02      1.020e-04      1.848e-01      1.278e-03      5.376e-04      1.439e+01      9.435e-02      1.056e-04   
      147            172         1.182e-02      1.047e-04      1.813e-01      4.811e-03      1.889e-03      1.439e+01      9.435e-02      1.056e-04   
      148            173         1.173e-02      8.090e-05      1.531e-01      5.659e-04      5.340e-04      1.439e+01      9.435e-02      1.056e-04   
      149            174         1.172e-02      1.657e-05      2.586e-02      5.355e-04      5.420e-04      1.439e+01      9.435e-02      1.056e-04   
  [it  150] bn 1.3422e-02  L 1.000  kappa 0.280  convex 1.750  d_cc 1.035  d_pc 1.749  -> FAILS L,convex
      150            175         1.162e-02      9.894e-05      1.832e-01      9.469e-04      5.521e-04      1.439e+01      9.435e-02      1.056e-04   
      151            176         1.152e-02      9.952e-05      1.791e-01      6.932e-04      5.731e-04      1.439e+01      9.435e-02      1.056e-04   
      152            177         1.142e-02      9.553e-05      1.749e-01      6.892e-04      6.018e-04      1.439e+01      9.435e-02      1.056e-04   
      153            178         1.138e-02      4.395e-05      7.870e-02      4.977e-04      6.177e-04      1.439e+01      9.435e-02      1.056e-04   
      154            179         1.130e-02      7.620e-05      1.405e-01      4.949e-04      6.465e-04      1.439e+01      9.435e-02      1.056e-04   
  [mem] RSS 8.32 GB  peak 8.32 GB
      155            180         1.123e-02      7.277e-05      1.347e-01      4.653e-04      6.749e-04      1.439e+01      9.435e-02      1.056e-04   
      156            181         1.114e-02      8.899e-05      1.689e-01      5.605e-04      7.076e-04      1.439e+01      9.435e-02      1.056e-04   
      157            182         1.106e-02      8.688e-05      1.677e-01      5.429e-04      7.305e-04      1.439e+01      9.435e-02      1.056e-04   
      158            183         1.100e-02      5.962e-05      1.206e-01      4.434e-04      6.478e-04      1.439e+01      9.435e-02      1.056e-04   
      159            184         1.092e-02      7.872e-05      1.634e-01      5.098e-04      5.816e-04      1.439e+01      9.435e-02      1.056e-04   
      160            185         1.084e-02      7.464e-05      1.604e-01      4.898e-04      5.734e-04      1.439e+01      9.435e-02      1.056e-04   
      161            186         1.083e-02      1.415e-05      3.120e-02      4.066e-04      5.721e-04      1.439e+01      9.435e-02      1.056e-04   
      162            187         1.076e-02      6.999e-05      1.594e-01      4.866e-04      5.628e-04      1.439e+01      9.435e-02      1.056e-04   
      163            188         1.070e-02      5.713e-05      1.372e-01      4.319e-04      5.584e-04      1.439e+01      9.435e-02      1.056e-04   
      164            189         1.068e-02      2.429e-05      6.066e-02      3.420e-04      5.519e-04      1.439e+01      9.435e-02      1.056e-04   
      165            190         1.062e-02      5.876e-05      1.535e-01      5.003e-04      5.379e-04      1.439e+01      9.435e-02      1.056e-04   
      166            191         1.057e-02      4.656e-05      1.297e-01      4.517e-04      5.273e-04      1.439e+01      9.435e-02      1.056e-04   
      167            192         1.052e-02      4.991e-05      1.488e-01      5.453e-04      4.799e-04      1.439e+01      9.435e-02      1.056e-04   
      168            193         1.047e-02      4.765e-05      1.530e-01      5.196e-04      4.657e-04      1.439e+01      9.435e-02      1.056e-04   
  [mem] RSS 8.34 GB  peak 8.34 GB
      169            194         1.043e-02      4.228e-05      1.482e-01      6.386e-04      4.196e-04      1.439e+01      9.435e-02      1.056e-04   
      170            195         1.040e-02      3.616e-05      1.376e-01      6.282e-04      4.305e-04      1.439e+01      9.435e-02      1.056e-04   
      171            196         1.037e-02      2.530e-05      1.047e-01      4.697e-04      4.000e-04      1.439e+01      9.435e-02      1.056e-04   
      172            197         1.035e-02      2.437e-05      1.089e-01      4.622e-04      3.980e-04      1.439e+01      9.435e-02      1.056e-04   
      173            198         1.032e-02      2.453e-05      1.200e-01      4.896e-04      3.932e-04      1.439e+01      9.435e-02      1.056e-04   
      174            199         1.032e-02      4.114e-06      2.154e-02      4.312e-04      3.900e-04      1.439e+01      9.435e-02      1.056e-04   
  [it  175] bn 1.2888e-02  L 1.000  kappa 0.438  convex 0.797  d_cc 1.035  d_pc 1.664  -> FAILS L
      175            200         1.032e-02     -3.884e-07      2.001e-04      2.116e-04      3.898e-04      1.439e+01      9.435e-02      1.056e-04   
      176            201         1.030e-02      1.444e-05      7.909e-02      1.818e-04      3.833e-04      1.439e+01      9.435e-02      1.056e-04   
      177            202         1.029e-02      1.290e-05      7.715e-02      2.914e-04      3.711e-04      1.439e+01      9.435e-02      1.056e-04   
      178            203         1.028e-02      1.182e-05      7.634e-02      3.194e-04      3.602e-04      1.439e+01      9.435e-02      1.056e-04   
second_order: compiling constraint Hessian for blocks CoilSetDistancePenalty
  [mem] RSS 8.55 GB  peak 8.55 GB
      179            204         1.027e-02      1.261e-05      8.947e-02      4.834e-03      3.462e-04      1.439e+01      9.435e-02      1.056e-04   
      180            205         1.026e-02      2.853e-06      2.574e-02      1.460e-03      3.501e-04      1.439e+01      9.435e-02      1.056e-04   
      181            206         1.025e-02      7.723e-06      6.940e-02      6.886e-04      3.467e-04      1.439e+01      9.435e-02      1.056e-04   
      182            207         1.024e-02      1.019e-05      1.149e-01      6.997e-04      3.358e-04      1.439e+01      9.435e-02      1.056e-04   
      183            208         1.025e-02     -5.125e-07      2.760e-04      2.725e-04      3.336e-04      1.439e+01      9.435e-02      1.056e-04   
      184            209         1.024e-02      5.197e-06      6.800e-02      2.653e-04      3.346e-04      1.439e+01      9.435e-02      1.056e-04   
      185            210         1.024e-02      1.167e-06      1.924e-02      2.432e-04      3.339e-04      1.439e+01      9.435e-02      1.056e-04   
  [mem] RSS 8.65 GB  peak 8.65 GB
      186            211         1.024e-02      8.942e-08      1.599e-03      2.400e-04      3.338e-04      1.439e+01      9.435e-02      1.056e-04   
      187            212         1.024e-02      8.711e-08      1.570e-03      2.370e-04      3.337e-04      1.439e+01      9.435e-02      1.056e-04   
      188            213         1.024e-02      8.392e-08      1.526e-03      2.341e-04      3.337e-04      1.439e+01      9.435e-02      1.056e-04   
      189            214         1.024e-02      8.183e-08      1.498e-03      2.313e-04      3.336e-04      1.439e+01      9.435e-02      1.056e-04   
      190            215         1.024e-02      7.984e-08      1.471e-03      2.285e-04      3.336e-04      1.439e+01      9.435e-02      1.056e-04   
      191            216         1.024e-02      7.792e-08      1.445e-03      2.258e-04      3.335e-04      1.439e+01      9.435e-02      1.056e-04   
      192            217         1.024e-02      7.608e-08      1.419e-03      2.232e-04      3.334e-04      1.439e+01      9.435e-02      1.056e-04   
      193            218         1.024e-02      7.431e-08      1.395e-03      2.207e-04      3.334e-04      1.439e+01      9.435e-02      1.056e-04   
      194            219         1.024e-02      7.316e-08      1.385e-03      2.550e-03      3.333e-04      1.468e+01      9.514e-02      2.550e-04   
      195            220         1.024e-02     -8.850e-07      4.799e-04      1.399e-02      3.316e-04      1.468e+01      9.514e-02      2.550e-04   
      196            221         1.024e-02      2.084e-09      5.463e-05      8.022e-04      3.314e-04      1.468e+01      9.514e-02      2.550e-04   
      197            222         1.024e-02     -2.860e-07      2.035e-02      6.513e-04      2.815e-04      1.468e+01      9.514e-02      2.550e-04   
      198            223         1.024e-02      1.356e-07      2.248e-02      5.272e-04      2.361e-04      1.468e+01      9.514e-02      2.550e-04   
      199            224         1.024e-02      1.812e-07      3.529e-02      3.868e-04      1.810e-04      1.468e+01      9.514e-02      2.550e-04   
  [it  200] bn 1.2883e-02  L 1.000  kappa 0.494  convex 0.386  d_cc 1.034  d_pc 1.633  -> FAILS L
      200            225         1.024e-02      1.889e-07      1.436e-02      3.403e-04      1.621e-04      1.468e+01      9.514e-02      2.550e-04   
      201            226         1.024e-02      1.138e-07      6.343e-03      3.158e-04      1.518e-04      1.468e+01      9.514e-02      2.550e-04   
  [mem] RSS 8.66 GB  peak 8.66 GB
      202            227         1.024e-02      2.241e-07      1.269e-02      2.692e-04      1.320e-04      1.468e+01      9.514e-02      2.550e-04   
      203            228         1.024e-02      1.916e-07      1.093e-02      6.072e-04      1.184e-04      1.468e+01      9.588e-02      6.072e-05   
      204            229         1.024e-02     -5.414e-07      3.438e-02      3.561e-04      6.382e-05      1.468e+01      9.588e-02      6.072e-05   
      205            230         1.024e-02     -2.906e-08      1.461e-02      3.941e-04      5.709e-05      1.468e+01      9.588e-02      6.072e-05   
      206            231         1.024e-02     -8.213e-08      1.252e-02      2.806e-04      4.911e-05      1.468e+01      9.588e-02      6.072e-05   
      207            232         1.024e-02      1.199e-08      4.561e-02      2.508e-04      7.549e-05      1.468e+01      9.588e-02      6.072e-05   
      208            234         1.024e-02     -3.996e-07      9.439e-03      6.189e-05      7.329e-05      1.468e+01      9.588e-02      6.072e-05   
      209            235         1.024e-02      1.746e-07      1.318e-02      1.251e-03      9.596e-05      1.468e+01      9.683e-02      1.251e-04   
      210            236         1.024e-02      1.347e-07      2.377e-04      2.808e-04      9.833e-05      1.468e+01      9.683e-02      1.251e-04   
      211            237         1.024e-02      1.442e-07      6.854e-03      2.396e-04      1.049e-04      1.468e+01      9.683e-02      1.251e-04   
      212            238         1.024e-02      1.935e-07      1.131e-02      1.909e-04      1.159e-04      1.468e+01      9.683e-02      1.251e-04   
      213            239         1.024e-02      2.341e-07      2.332e-02      3.398e-04      1.325e-04      1.468e+01      9.683e-02      1.251e-04   
      214            240         1.024e-02      1.172e-07      4.825e-03      1.493e-04      1.388e-04      1.468e+01      9.778e-02      1.493e-05   
      215            241         1.024e-02      3.859e-08      1.325e-02      5.851e-05      9.199e-05      1.468e+01      9.778e-02      1.493e-05   
  [mem] RSS 8.69 GB  peak 8.69 GB
      216            242         1.024e-02      5.926e-08      5.220e-03      6.195e-05      7.253e-05      1.468e+01      9.778e-02      1.493e-05   
      217            243         1.024e-02      5.020e-08      2.625e-03      5.141e-05      6.191e-05      1.468e+01      9.778e-02      1.493e-05   
      218            244         1.024e-02      1.223e-07      5.080e-03      3.184e-05      4.157e-05      1.468e+01      9.778e-02      1.493e-05   
      219            245         1.024e-02     -1.131e-08      7.895e-06      5.680e-05      4.165e-05      1.468e+01      9.873e-02      5.680e-06   
      220            246         1.024e-02      2.151e-08      1.799e-05      6.578e-05      4.129e-05      1.468e+01      9.970e-02      6.578e-06   
      221            248         1.024e-02     -1.370e-07      4.537e-04      2.963e-05      1.523e-05      1.468e+01      9.970e-02      6.578e-06   
      222            249         1.024e-02     -1.022e-07      1.138e-03      2.004e-05      1.342e-05      1.468e+01      9.970e-02      6.578e-06   
      223            250         1.024e-02      3.035e-13      1.962e-05      2.352e-05      1.342e-05      1.468e+01      1.006e-01      2.352e-06   
      224            252         1.024e-02     -2.508e-08      6.532e-04      1.309e-05      1.274e-05      1.468e+01      1.006e-01      2.352e-06   
  [it  225] bn 1.2886e-02  L 1.000  kappa 0.504  convex 0.031  d_cc 1.034  d_pc 1.628  -> FEASIBLE
      225            253         1.024e-02     -1.964e-10      1.604e-04      1.219e-05      1.268e-05      1.468e+01      1.006e-01      2.352e-06   
      226            254         1.024e-02      1.755e-09      7.845e-06      2.904e-05      1.251e-05      1.468e+01      1.016e-01      2.904e-06   
      227            256         1.024e-02      1.004e-08      8.177e-04      3.629e-05      1.201e-05      1.468e+01      1.025e-01      3.629e-06   
  [mem] RSS 8.72 GB  peak 8.72 GB
      228            258         1.024e-02      4.187e-10      6.413e-04      1.386e-05      1.010e-05      1.468e+01      1.034e-01      1.386e-06   
      229            260         1.024e-02      8.075e-08      2.647e-03      8.334e-06      1.314e-05      1.468e+01      1.034e-01      1.386e-06   
      230            261         1.024e-02      8.072e-09      2.214e-02      6.502e-05      2.599e-05      1.468e+01      1.034e-01      1.386e-06   
      231            262         1.024e-02      1.055e-08      1.440e-03      4.935e-05      2.966e-05      1.468e+01      1.034e-01      1.386e-06   
      232            263         1.024e-02      3.784e-08      5.798e-03      4.899e-06      4.234e-05      1.468e+01      1.034e-01      1.386e-06   
      233            264         1.024e-02      5.723e-08      2.698e-02      9.982e-05      5.304e-05      1.468e+01      1.034e-01      1.386e-06   
      234            265         1.024e-02     -5.991e-09      9.269e-04      7.886e-05      5.369e-05      1.468e+01      1.034e-01      1.386e-06   
      235            266         1.024e-02     -3.937e-09      7.018e-04      6.583e-05      5.426e-05      1.468e+01      1.034e-01      1.386e-06   
      236            267         1.024e-02     -2.794e-09      6.176e-04      5.613e-05      5.478e-05      1.468e+01      1.034e-01      1.386e-06   
      237            268         1.024e-02     -3.179e-08      2.112e-05      4.500e-05      5.480e-05      1.468e+01      1.043e-01      4.500e-06   
      238            270         1.024e-02     -2.810e-09      1.194e-03      3.764e-05      5.463e-05      1.468e+01      1.043e-01      4.500e-06   
      239            271         1.024e-02     -9.312e-10      2.523e-05      5.439e-05      5.436e-05      1.468e+01      1.052e-01      5.439e-06   
  [mem] RSS 8.74 GB  peak 8.74 GB
      240            272         1.024e-02      5.722e-09      7.227e-03      7.583e-05      5.411e-05      1.468e+01      1.060e-01      7.583e-06   
      241            273         1.024e-02     -4.805e-08      3.881e-05      1.129e-04      5.442e-05      1.468e+01      1.069e-01      1.129e-05   
      242            274         1.024e-02      6.973e-08      5.065e-05      9.211e-05      5.409e-05      1.468e+01      1.078e-01      9.211e-06   
      243            275         1.024e-02     -8.234e-09      1.180e-03      8.768e-05      4.949e-05      1.468e+01      1.078e-01      9.211e-06   
      244            276         1.024e-02     -3.871e-09      3.085e-04      8.370e-05      4.757e-05      1.468e+01      1.078e-01      9.211e-06   
      245            277         1.024e-02     -9.880e-08      4.651e-05      8.188e-05      4.779e-05      1.468e+01      1.087e-01      8.188e-06   
      246            278         1.024e-02      8.788e-08      4.796e-05      1.536e-04      4.739e-05      1.468e+01      1.095e-01      1.536e-05   
      247            279         1.024e-02     -1.132e-07      6.003e-05      1.582e-04      4.761e-05      1.468e+01      1.104e-01      1.582e-05   
  [mem] RSS 8.76 GB  peak 8.76 GB
      248            280         1.024e-02      1.096e-07      7.549e-05      1.374e-04      4.712e-05      1.468e+01      1.113e-01      1.374e-05   
      249            281         1.024e-02     -1.057e-07      7.408e-05      1.021e-04      4.707e-05      1.468e+01      1.121e-01      1.021e-05   
  [it  250] bn 1.2886e-02  L 1.000  kappa 0.504  convex 0.051  d_cc 1.034  d_pc 1.628  -> FAILS L
      250            282         1.024e-02      6.488e-08      6.165e-05      8.179e-05      4.675e-05      1.468e+01      1.130e-01      8.179e-06   
Warning: Maximum number of iterations has been exceeded.
         Current function value: 1.024e-02
         Constraint violation: 4.675e-05
         Total delta_x: 1.520e+01
         Iterations: 250
         Function evaluations: 282
         Jacobian evaluations: 250
Timer: Solution time = 15.1 min
Timer: Avg time per step = 3.62 sec
==============================================================================================================
                                                                 Start  -->   End
Total (sum of squares):                                      8.617e-02  -->   1.024e-02, 
Maximum absolute Boundary normal field error:                3.639e+00  -->   1.324e+00 (T m^2)
Minimum absolute Boundary normal field error:                2.292e-04  -->   5.516e-04 (T m^2)
Average absolute Boundary normal field error:                9.437e-01  -->   3.259e-01 (T m^2)
Maximum absolute Boundary normal field error:                3.225e-02  -->   1.174e-02 (normalized)
Minimum absolute Boundary normal field error:                2.031e-06  -->   4.889e-06 (normalized)
Average absolute Boundary normal field error:                8.363e-03  -->   2.888e-03 (normalized)
Maximum Coil length:                                         3.600e+01  -->   3.600e+01 (m)
Minimum Coil length:                                         3.515e+01  -->   3.600e+01 (m)
Average Coil length:                                         3.572e+01  -->   3.600e+01 (m)
Maximum Coil length:                                         6.335e+00  -->   6.335e+00 (normalized)
Minimum Coil length:                                         6.185e+00  -->   6.335e+00 (normalized)
Average Coil length:                                         6.285e+00  -->   6.335e+00 (normalized)
Maximum Coil curvature:                                      4.073e-01  -->   7.561e-01 (m^-1)
Minimum Coil curvature:                                      4.460e-06  -->   1.736e-06 (m^-1)
Average Coil curvature:                                      1.560e-01  -->   1.916e-01 (m^-1)
Maximum Coil curvature:                                      2.315e+00  -->   4.297e+00 (normalized)
Minimum Coil curvature:                                      2.534e-05  -->   9.868e-06 (normalized)
Average Coil curvature:                                      8.866e-01  -->   1.089e+00 (normalized)
Maximum Signed in-plane curvature:                           4.073e-01  -->   7.561e-01 (m^-1)
Minimum Signed in-plane curvature:                          -1.817e-03  -->  -3.941e-04 (m^-1)
Average Signed in-plane curvature:                           1.560e-01  -->   1.916e-01 (m^-1)
Maximum Signed in-plane curvature:                           2.315e+00  -->   4.297e+00 (normalized)
Minimum Signed in-plane curvature:                          -1.033e-02  -->  -2.240e-03 (normalized)
Average Signed in-plane curvature:                           8.865e-01  -->   1.089e+00 (normalized)
Maximum Coil-coil distance penalty:                          2.543e-05  -->   7.344e-06 (dimensionless)
Minimum Coil-coil distance penalty:                          0.000e+00  -->   0.000e+00 (dimensionless)
Average Coil-coil distance penalty:                          8.478e-07  -->   2.732e-07 (dimensionless)
Maximum Plasma-coil distance penalty:                        0.000e+00  -->   0.000e+00 (dimensionless)
Minimum Plasma-coil distance penalty:                        0.000e+00  -->   0.000e+00 (dimensionless)
Average Plasma-coil distance penalty:                        0.000e+00  -->   0.000e+00 (dimensionless)
Summed coil current error:                                   0.000e+00  -->   7.451e-09 (A)
==============================================================================================================

  [mem] RSS 8.77 GB  peak 8.77 GB

SOLVER {'wall_s': 1007.4472150802612, 'message': 'Maximum number of iterations has been exceeded.', 'nit': 250, 'n_outer': 25, 'constr_violation': 4.675438839454776e-05, 'y_absmax_final': 0.11298373833009846}
START  bn 3.7100e-02  L 1.000  kappa 0.272  convex 0.938  d_cc 1.035  d_pc 1.410  -> FEASIBLE
RESULT bn 1.2886e-02  L 1.000  kappa 0.504  convex 0.051  d_cc 1.034  d_pc 1.628  linked 0  -> FAILS L  active ['L']
wrote work/helios/scan_polar/cutc0x0_c1x150_c2x120/legB/result.h5, result.json, result.png
