Running as unit: run-r1ff70a6f3d2846ba9406dbf9b8257ffd.scope; invocation ID: b2e62a42b64a4d3b89638242c0ae611c
/home/jay/Documents/desc_dev/DESC/desc/__init__.py:94: FutureWarning: The pynvml package is deprecated. Please install nvidia-ml-py instead. If you did not install pynvml directly, please report this to the maintainers of the package that installed pynvml for you.
  from pynvml import (
DESC /home/jay/Documents/desc_dev/DESC/desc
DEVICE requested=gpu obtained=gpu (1x NVIDIA GeForce RTX 5070 Ti)
--field-term bn is blind to the current scale: holding the coil current SUM fixed
  [mem] RSS 0.76 GB  peak 0.76 GB
JOINT PLANE: every hinge snapped to z = 0.0 m and its z held there (largest move 0.00e+00 m)
eq work/ss_qh/joint/stall/rescore12/k4b_start/eq12.h5 (h5) NFP 4 sym True L,M,N 12,12,12 dim_x 4074; start work/ss_qh/joint/ss_z0_k4b/coils_k4.h5: 4 unique coils (PiecewisePlanarArcCoil), 32 total
SETTINGS {'eq': 'work/ss_qh/joint/stall/rescore12/k4b_start/eq12.h5', 'start': 'work/ss_qh/joint/ss_z0_k4b/coils_k4.h5', 'out': 'work/ss_qh/joint/stall/k5_b12_comp', 'bounds': 'bounds/precise_qh_gil.json', 'a': None, 'device': None, 'length_mult': 1.0, 'fix_coils': False, 'fix_hinge_z': 0.0, 'horizontal_hinges': False, 'dry': False, 'field_term': 'bn', 'fix_current_sum': True, 'helicity': '1,4', 'qs_rho': '0.2,0.4,0.6,0.8,1.0', 'A_min': 7.5, 'A_max': 8.5, 'vol_band': 0.02, 'V0': 0.30352, 'bn_norm': 0.42526, 'qs_form': 'scale-invariant', 'iota_min': 1.19, 'kmin': 5, 'kmax': 5, 'maxiter': 60, 'ftol': 1e-12, 'xtol': 1e-12, 'gtol': 1e-08, 'max_tr': None, 'method': 'lsq-composite', 'hessian': 'secant', 'finish_steps': None, 'init_tr': None, 'track_steps': True, 'perturb_order': 2, 'solve_tol': 1e-06, 'lambda_pin': 0.0, 'force_chunk': 200, 'inner_sn': 0, 'solve_options': None, 'tau_bn': 0.005, 'tau_qs': 0.01695, 'tau_qs_rel': 2.0, 'tau_A': 0.01, 'tau_V': 0.005, 'tau_iota': 0.01, 'tau_L': 0.01, 'tau_kappa': 0.01, 'tau_kms': 0.01, 'tau_dpc': 0.01, 'tau_dcc': 1e-06, 'dcc_backoff': 0.025, 'dpc_backoff': 0.02, 'no_arc_backoffs': False, 'eval_m': 25, 'eval_n': 25, 'plasma_m': 32, 'plasma_n': 32, 'coil_grid_n': 150, 'src_gl': 24, 'src_n': 400, 'bs_chunk': None, 'jac_chunk': None, 'dcc_k': 20000}
BOUNDS (judged, absolute) L 2.926  Ltot -  kappa 13.67  kms 18.69  convex -  planar -  dcc 0.05851  dpc 0.1097
ENFORCED L 2.926  Ltot -  kappa 13.6  kms 18.51  convex -  planar -  dcc 0.06088  dpc 0.1119
/home/jay/Documents/desc_dev/DESC/desc/utils.py:590: UserWarning: Unequal number of field periods for grid 1 and basis 4.
  warnings.warn(msg, err)
/home/jay/Documents/desc_dev/DESC/desc/utils.py:590: UserWarning: Unequal number of field periods for grid 1 and basis 4.
  warnings.warn(msg, err)
START physics  A 8.090  R0 0.9954  a 0.1230  iota [1.1804, 1.2031]  QS(Boozer, |B_nonsym|/<B>) rho 0.25 2.08e-03  rho 0.5 3.65e-03  rho 0.75 4.92e-03  rho 1 7.87e-03
START coils    bn 6.8228e-03 (max 2.358e-02)  L 1.001  kappa 0.999  kMS 0.969  d_cc 1.001  d_pc 1.053  linked 0  -> FAILS L
QS two-term rms at the start 0.01428 -> tau_qs 0.01695
B.n normalization frozen at the start: 0.42526; volume band around V0 = 0.30352
quadrature scales s (expected; compare the s(qw) column): bn 6.283  qs 41.41  iota 1  kappa 0.3622  dcc 9.06e+04
/home/jay/Documents/desc_dev/DESC/desc/utils.py:590: FutureWarning: constants is deprecated and will be removed in a future release. Users should not include constants in the arguments of their objective compute methods. Instead declare all the constants in the build method and use as self._constants.
  warnings.warn(msg, err)
/home/jay/Documents/desc_dev/DESC/desc/utils.py:590: FutureWarning: constants is deprecated and will be removed in a future release. Users should not include constants in the arguments of their objective compute methods. Instead declare all the constants in the build method and use as self._constants.
  warnings.warn(msg, err)
/home/jay/Documents/desc_dev/DESC/desc/utils.py:590: FutureWarning: constants is deprecated and will be removed in a future release. Users should not include constants in the arguments of their objective compute methods. Instead declare all the constants in the build method and use as self._constants.
  warnings.warn(msg, err)
/home/jay/Documents/desc_dev/DESC/desc/utils.py:590: FutureWarning: constants is deprecated and will be removed in a future release. Users should not include constants in the arguments of their objective compute methods. Instead declare all the constants in the build method and use as self._constants.
  warnings.warn(msg, err)
/home/jay/Documents/desc_dev/DESC/desc/utils.py:590: FutureWarning: constants is deprecated and will be removed in a future release. Users should not include constants in the arguments of their objective compute methods. Instead declare all the constants in the build method and use as self._constants.
  warnings.warn(msg, err)
/home/jay/Documents/desc_dev/DESC/desc/utils.py:590: FutureWarning: constants is deprecated and will be removed in a future release. Users should not include constants in the arguments of their objective compute methods. Instead declare all the constants in the build method and use as self._constants.
  warnings.warn(msg, err)

TERMS AT THE START
term                             dim_f    weight     norm    s(qw)  target/bounds           raw min    raw max       cost  err/tol  share
Vacuum B.n error                  1326      31.8   0.4253    6.283  = 0                   -0.009722   0.008396      1.241     1.58  76.0%
QS two-term (scale-invariant)    12005      1.42        -    41.41  = 0                     -0.1069     0.1069      0.355    0.843  21.7%
aspect ratio                         1      12.5        -        1  [7.5, 8.5]                 8.09       8.09          0        0   0.0%
rotational transform                20        84        -        1  [1.19, inf]                1.18      1.203    0.02591    0.228   1.6%
volume                               1       659        -        1  [0.2974, 0.3096]         0.2974     0.2974  0.0001266   0.0159   0.0%
coil length                          4      34.2        -        2  [0, 2.926]                2.913      2.928   0.004168   0.0913   0.3%
coil curvature                    1204      20.3        -    5.013  [0, 13.6]                     0      13.61  2.247e-05   0.0067   0.0%
coil mean squared curvature          4       5.4        -        2  [0, 18.51]                8.936       18.2          0        0   0.0%
coil-coil distance penalty          72        11        -    8.485  [-inf, 0]                     0   0.005758   0.007718    0.124   0.5%
plasma-coil minimum distance         8       894        -    2.828  [0.1119, inf]            0.1158     0.1672          0        0   0.0%
total cost 0.5 sum f^2                                                                                                       1.634

===== step k=5: 120 boundary modes free, maxiter 60 =====
Building objective: Vacuum B.n error
Precomputing transforms
Timer: Precomputing transforms = 23.7 ms
Building objective: QS two-term (scale-invariant)
Precomputing transforms
Timer: Precomputing transforms = 48.5 ms
Building objective: aspect ratio
Precomputing transforms
Timer: Precomputing transforms = 31.9 ms
Building objective: rotational transform
Precomputing transforms
Timer: Precomputing transforms = 33.1 ms
Building objective: volume
Precomputing transforms
Timer: Precomputing transforms = 34.0 ms
Building objective: coil length
Precomputing transforms
Timer: Precomputing transforms = 101 us
Building objective: coil curvature
Precomputing transforms
Timer: Precomputing transforms = 73.8 us
Building objective: coil mean squared curvature
Precomputing transforms
Timer: Precomputing transforms = 74.5 us
Building objective: coil-coil distance penalty
Building objective: plasma-coil minimum distance
ObjectiveFunction deriv_mode : blocked
Vacuum B.n error jac_chunk_size: None
QS two-term (scale-invariant) jac_chunk_size: None
aspect ratio jac_chunk_size: None
rotational transform jac_chunk_size: None
volume jac_chunk_size: None
coil length jac_chunk_size: None
coil curvature jac_chunk_size: None
coil mean squared curvature jac_chunk_size: None
coil-coil distance penalty jac_chunk_size: None
plasma-coil minimum distance jac_chunk_size: None
Timer: Objective build = 334 ms
Building objective: force
Precomputing transforms
Timer: Precomputing transforms = 814 ms
ObjectiveFunction deriv_mode : blocked
force jac_chunk_size: 200
Timer: Objective build = 880 ms
ObjectiveFunction deriv_mode : blocked
lcfs R jac_chunk_size: None
lcfs Z jac_chunk_size: None
fixed Psi jac_chunk_size: None
fixed pressure jac_chunk_size: None
fixed current jac_chunk_size: None
fixed sheet current jac_chunk_size: None
self_consistency R jac_chunk_size: None
self_consistency Z jac_chunk_size: None
lambda gauge jac_chunk_size: None
axis R self consistency jac_chunk_size: None
axis Z self consistency jac_chunk_size: None
Timer: Objective build = 942 us
Timer: Eq Update LinearConstraintProjection build = 3.33 sec
Timer: Proximal projection build = 20.2 sec
Building objective: lcfs R
Building objective: fixed Psi
Building objective: fixed pressure
Building objective: fixed current
Building objective: fixed sheet current
Building objective: lcfs Z
Building objective: summed coil current
Building objective: hinge joint plane
Building objective: fixed shift
Building objective: fixed rotation
Building objective: fixed arc reference
ObjectiveFunction deriv_mode : blocked
lcfs R jac_chunk_size: None
fixed Psi jac_chunk_size: None
fixed pressure jac_chunk_size: None
fixed current jac_chunk_size: None
fixed sheet current jac_chunk_size: None
lcfs Z jac_chunk_size: None
summed coil current jac_chunk_size: None
hinge joint plane jac_chunk_size: None
fixed shift jac_chunk_size: None
fixed rotation jac_chunk_size: None
fixed arc reference jac_chunk_size: None
Timer: Objective build = 1.54 sec
Timer: LinearConstraintProjection build = 3.04 sec
Number of parameters: 187
Number of objectives: 14645
Timer: Initializing the optimization = 24.9 sec

Starting optimization
Using method: proximal-lsq-composite
   Iteration     Total nfev        Cost      Cost reduction    Step norm     Optimality   
       0              1          1.634e+00                                    7.876e-02   
  [mem] RSS 4.74 GB  peak 4.74 GB
       1              2          1.515e+00      1.193e-01      7.235e+00      2.513e-02   
       2              3          1.456e+00      5.905e-02      1.355e+01      4.627e-02   
  [mem] RSS 4.85 GB  peak 4.93 GB
       3              8          1.444e+00      1.148e-02      1.614e-01      1.743e-02   
       4              9          1.441e+00      3.141e-03      1.571e-01      9.303e-03   
  [mem] RSS 4.86 GB  peak 4.93 GB
       5             10          1.440e+00      1.375e-03      1.151e-01      2.904e-03   
       6             11          1.438e+00      1.682e-03      2.610e-01      1.279e-02   
       7             12          1.437e+00      1.591e-03      2.334e-01      1.335e-03   
       8             13          1.434e+00      3.108e-03      6.168e-01      1.400e-03   
       9             14          1.426e+00      7.811e-03      1.751e+00      8.810e-03   
  [mem] RSS 4.92 GB  peak 5.00 GB
      10             15          1.406e+00      2.006e-02      4.700e+00      7.450e-03   
      11             19          1.404e+00      1.270e-03      2.744e-01      7.469e-03   
  [mem] RSS 4.92 GB  peak 5.00 GB
      12             20          1.403e+00      1.421e-03      3.121e-01      1.372e-03   
      13             21          1.399e+00      3.899e-03      9.161e-01      1.212e-03   
      14             22          1.388e+00      1.088e-02      2.663e+00      4.968e-03   
      15             23          1.362e+00      2.639e-02      7.250e+00      2.094e-02   
      16             24          1.307e+00      5.475e-02      1.718e+01      2.586e-02   
  [mem] RSS 4.92 GB  peak 5.00 GB
      17             25          1.291e+00      1.559e-02      4.832e+00      3.640e-02   
      18             26          1.220e+00      7.107e-02      2.889e+01      6.784e-02   
  [mem] RSS 4.93 GB  peak 5.00 GB
      19             30          1.220e+00      6.342e-04      3.438e+00      4.576e-02   
      20             34          1.209e+00      1.031e-02      4.028e-01      1.331e-02   
      21             35          1.208e+00      1.549e-03      1.724e-01      5.016e-03   
  [mem] RSS 4.93 GB  peak 5.01 GB
      22             36          1.208e+00      2.314e-04      6.653e-02      2.172e-03   
      23             37          1.207e+00      2.958e-04      6.257e-02      1.659e-03   
      24             38          1.207e+00      3.146e-04      7.221e-02      1.657e-03   
      25             39          1.206e+00      5.484e-04      1.604e-01      1.182e-03   
      26             40          1.205e+00      1.084e-03      4.126e-01      1.514e-03   
  [mem] RSS 4.93 GB  peak 5.01 GB
      27             41          1.202e+00      2.922e-03      1.184e+00      1.063e-03   
      28             42          1.194e+00      8.311e-03      3.441e+00      2.590e-03   
      29             43          1.174e+00      1.982e-02      9.259e+00      1.432e-02   
  [mem] RSS 4.93 GB  peak 5.01 GB
      30             46          1.167e+00      6.981e-03      3.582e+00      7.289e-03   
      31             47          1.159e+00      8.295e-03      4.721e+00      6.134e-02   
      32             52          1.156e+00      2.831e-03      9.190e-02      4.878e-03   
  [mem] RSS 4.93 GB  peak 5.01 GB
      33             53          1.156e+00      3.530e-05      1.228e-02      2.197e-03   
      34             54          1.156e+00      8.052e-06      8.722e-03      1.301e-03   
      35             55          1.156e+00      9.498e-06      6.898e-03      8.224e-04   
      36             56          1.156e+00      1.219e-05      6.287e-03      7.446e-04   
      37             57          1.156e+00      1.268e-05      5.980e-03      8.046e-04   
      38             58          1.156e+00      1.402e-05      6.129e-03      8.465e-04   
      39             59          1.156e+00      1.845e-05      7.426e-03      8.811e-04   
  [mem] RSS 4.93 GB  peak 5.01 GB
      40             60          1.156e+00      4.197e-05      1.413e-02      9.111e-04   
      41             61          1.156e+00      1.208e-04      4.045e-02      9.516e-04   
      42             62          1.156e+00      2.633e-04      1.113e-01      9.333e-04   
      43             63          1.155e+00      7.095e-04      3.200e-01      9.343e-04   
      44             64          1.153e+00      1.880e-03      9.172e-01      9.542e-04   
  [mem] RSS 4.93 GB  peak 5.01 GB
      45             65          1.148e+00      5.538e-03      2.713e+00      1.685e-03   
      46             66          1.133e+00      1.505e-02      7.784e+00      7.078e-03   
  [mem] RSS 4.93 GB  peak 5.01 GB
      47             71          1.132e+00      2.513e-04      3.943e-02      1.462e-03   
      48             72          1.132e+00      2.195e-04      8.475e-02      1.021e-03   
      49             73          1.132e+00      4.275e-04      2.158e-01      9.239e-04   
      50             74          1.130e+00      1.178e-03      6.131e-01      8.607e-04   
  [mem] RSS 4.93 GB  peak 5.01 GB
      51             75          1.127e+00      3.485e-03      1.814e+00      9.952e-04   
      52             76          1.117e+00      9.698e-03      5.205e+00      1.526e-03   
  [mem] RSS 4.93 GB  peak 5.01 GB
      53             80          1.117e+00      4.895e-04      2.862e-01      4.657e-03   
      54             81          1.116e+00      6.130e-04      2.978e-01      9.652e-04   
      55             82          1.115e+00      1.631e-03      8.830e-01      8.515e-04   
      56             83          1.110e+00      4.810e-03      2.593e+00      1.056e-03   
      57             84          1.096e+00      1.357e-02      7.556e+00      6.779e-03   
  [mem] RSS 4.93 GB  peak 5.01 GB
      58             85          1.096e+00      3.601e-04      1.635e-01      1.672e-03   
      59             86          1.038e+00      5.777e-02      3.801e+01      3.364e-02   
      60             87          1.035e+00      3.066e-03      6.227e-01      4.673e-03   
Warning: Maximum number of iterations has been exceeded.
         Current function value: 1.035e+00
         Max scaled gradient: 4.673e-03
         Total delta_x: 3.135e-01
         Iterations: 60
         Function evaluations: 87
         Jacobian evaluations: 61
Timer: Solution time = 33.8 min
Timer: Avg time per step = 33.3 sec
==============================================================================================================
                                                                 Start  -->   End
Total (sum of squares):                                      1.634e+00  -->   1.035e+00, 
Maximum absolute Boundary normal field error:                9.722e-03  -->   9.203e-03 (T*m^2, T^2*m^2)
Minimum absolute Boundary normal field error:                8.326e-06  -->   2.920e-06 (T*m^2, T^2*m^2)
Average absolute Boundary normal field error:                2.688e-03  -->   2.085e-03 (T*m^2, T^2*m^2)
Maximum absolute Boundary normal field error:                2.286e-02  -->   2.164e-02 (normalized)
Minimum absolute Boundary normal field error:                1.958e-05  -->   6.867e-06 (normalized)
Average absolute Boundary normal field error:                6.320e-03  -->   4.903e-03 (normalized)
Maximum absolute Quasi-symmetry (1,4) two-term error:        1.069e-01  -->   1.037e-01 (dimensionless)
Minimum absolute Quasi-symmetry (1,4) two-term error:        5.955e-16  -->   4.724e-16 (dimensionless)
Average absolute Quasi-symmetry (1,4) two-term error:        1.143e-02  -->   8.596e-03 (dimensionless)
Aspect ratio:                                                8.090e+00  -->   8.161e+00 (dimensionless)
Maximum Rotational transform:                                1.203e+00  -->   1.200e+00 (dimensionless)
Minimum Rotational transform:                                1.180e+00  -->   1.185e+00 (dimensionless)
Average Rotational transform:                                1.195e+00  -->   1.195e+00 (dimensionless)
Plasma volume:                                               2.974e-01  -->   2.974e-01 (m^3)
Maximum Coil length:                                         2.928e+00  -->   2.927e+00 (m)
Minimum Coil length:                                         2.913e+00  -->   2.827e+00 (m)
Average Coil length:                                         2.923e+00  -->   2.878e+00 (m)
Maximum Coil curvature:                                      1.361e+01  -->   1.360e+01 (m^-1)
Minimum Coil curvature:                                      0.000e+00  -->   0.000e+00 (m^-1)
Average Coil curvature:                                      3.177e+00  -->   3.195e+00 (m^-1)
Maximum Coil mean squared curvature:                         1.820e+01  -->   1.696e+01 (m^-2)
Minimum Coil mean squared curvature:                         8.936e+00  -->   8.543e+00 (m^-2)
Average Coil mean squared curvature:                         1.372e+01  -->   1.365e+01 (m^-2)
Maximum Coil-coil distance penalty:                          5.758e-03  -->   4.201e-03 (dimensionless)
Minimum Coil-coil distance penalty:                          0.000e+00  -->   0.000e+00 (dimensionless)
Average Coil-coil distance penalty:                          3.679e-04  -->   2.354e-04 (dimensionless)
Maximum Minimum plasma-coil distance:                        1.672e-01  -->   1.649e-01 (m)
Minimum Minimum plasma-coil distance:                        1.158e-01  -->   1.216e-01 (m)
Average Minimum plasma-coil distance:                        1.392e-01  -->   1.484e-01 (m)
Maximum absolute Force error:                                8.723e+00  -->   8.422e+01 (N)
Minimum absolute Force error:                                2.080e-05  -->   5.997e-05 (N)
Average absolute Force error:                                7.301e-02  -->   6.886e-01 (N)
Maximum absolute Force error:                                1.825e-05  -->   1.762e-04 (normalized)
Minimum absolute Force error:                                4.352e-11  -->   1.255e-10 (normalized)
Average absolute Force error:                                1.528e-07  -->   1.441e-06 (normalized)
R boundary error:                                            0.000e+00  -->   0.000e+00 (m)
Fixed Psi error:                                             0.000e+00  -->   0.000e+00 (Wb)
Fixed pressure profile error:                                0.000e+00  -->   0.000e+00 (Pa)
Fixed current profile error:                                 0.000e+00  -->   0.000e+00 (A)
Fixed sheet current error:                                   0.000e+00  -->   0.000e+00 (~)
Z boundary error:                                            0.000e+00  -->   0.000e+00 (m)
Summed coil current error:                                   0.000e+00  -->   2.328e-10 (A)
Fixed parameters error:                                      0.000e+00  -->   0.000e+00 (~)
==============================================================================================================

/home/jay/Documents/desc_dev/DESC/desc/utils.py:590: UserWarning: Unequal number of field periods for grid 1 and basis 4.
  warnings.warn(msg, err)
/home/jay/Documents/desc_dev/DESC/desc/utils.py:590: UserWarning: Unequal number of field periods for grid 1 and basis 4.
  warnings.warn(msg, err)
/home/jay/Documents/desc_dev/DESC/desc/utils.py:590: FutureWarning: constants is deprecated and will be removed in a future release. Users should not include constants in the arguments of their objective compute methods. Instead declare all the constants in the build method and use as self._constants.
  warnings.warn(msg, err)
/home/jay/Documents/desc_dev/DESC/desc/utils.py:590: FutureWarning: constants is deprecated and will be removed in a future release. Users should not include constants in the arguments of their objective compute methods. Instead declare all the constants in the build method and use as self._constants.
  warnings.warn(msg, err)
/home/jay/Documents/desc_dev/DESC/desc/utils.py:590: FutureWarning: constants is deprecated and will be removed in a future release. Users should not include constants in the arguments of their objective compute methods. Instead declare all the constants in the build method and use as self._constants.
  warnings.warn(msg, err)
/home/jay/Documents/desc_dev/DESC/desc/utils.py:590: FutureWarning: constants is deprecated and will be removed in a future release. Users should not include constants in the arguments of their objective compute methods. Instead declare all the constants in the build method and use as self._constants.
  warnings.warn(msg, err)
/home/jay/Documents/desc_dev/DESC/desc/utils.py:590: FutureWarning: constants is deprecated and will be removed in a future release. Users should not include constants in the arguments of their objective compute methods. Instead declare all the constants in the build method and use as self._constants.
  warnings.warn(msg, err)
/home/jay/Documents/desc_dev/DESC/desc/utils.py:590: FutureWarning: constants is deprecated and will be removed in a future release. Users should not include constants in the arguments of their objective compute methods. Instead declare all the constants in the build method and use as self._constants.
  warnings.warn(msg, err)

TERMS AFTER k=5
term                             dim_f    weight     norm    s(qw)  target/bounds           raw min    raw max       cost  err/tol  share
Vacuum B.n error                  1326      31.8   0.4253    6.283  = 0                   -0.009203   0.008068     0.8085     1.27  78.1%
QS two-term (scale-invariant)    12005      1.42        -    41.41  = 0                     -0.1037     0.1037      0.214    0.654  20.7%
aspect ratio                         1      12.5        -        1  [7.5, 8.5]                8.161      8.161          0        0   0.0%
rotational transform                20        84        -        1  [1.19, inf]               1.185        1.2   0.006768    0.116   0.7%
volume                               1       659        -        1  [0.2974, 0.3096]         0.2974     0.2974   0.000158   0.0178   0.0%
coil length                          4      34.2        -        2  [0, 2.926]                2.827      2.927   0.002296   0.0678   0.2%
coil curvature                    1204      20.3        -    5.013  [0, 13.6]                     0       13.6  2.447e-06  0.00221   0.0%
coil mean squared curvature          4       5.4        -        2  [0, 18.51]                8.543      16.96          0        0   0.0%
coil-coil distance penalty          72        11        -    8.485  [-inf, 0]                     0   0.004201   0.003216   0.0802   0.3%
plasma-coil minimum distance         8       894        -    2.828  [0.1119, inf]            0.1216     0.1649          0        0   0.0%
total cost 0.5 sum f^2                                                                                                       1.035
k=5 physics  A 8.161  R0 1.0012  a 0.1227  iota [1.1845, 1.2000]  QS(Boozer, |B_nonsym|/<B>) rho 0.25 1.08e-03  rho 0.5 1.80e-03  rho 0.75 3.37e-03  rho 1 7.12e-03
k=5 coils    bn 5.5406e-03 (max 2.123e-02)  L 1.001  kappa 0.997  kMS 0.901  d_cc 1.007  d_pc 1.107  linked 0  -> FAILS L
k=5 solver   Maximum number of iterations has been exceeded.  nit 60  wall 34.5 min
k=5 joint    max |hinge z - 0.0| 0.0e+00 m

wrote work/ss_qh/joint/stall/k5_b12_comp: eq_k*.h5, coils_k*.h5, result.json
