reduced dim 1462, rows 5346, k 128
--- start 0 (GN-converged k5)
  it   0 cost 1.1537180761e-07 |g|inf 3.27e-07 step 1.00e-04 rho +0.833 radius 2.0e-04 shift 1.2e-06 | B_min +7.08e-06 lam_min 8.90e-06 lam_k 9.90e-01 S_sub_min -3.23e-02
  it   1 cost 1.1537175208e-07 |g|inf 1.65e-04 step 2.36e-05 rho +1.223 radius 2.0e-04 shift 0.0e+00 | B_min +9.32e-06 lam_min 8.91e-06 lam_k 9.90e-01 S_sub_min -3.22e-02
  it   2 cost 1.1537173163e-07 |g|inf 7.96e-06 step 7.95e-05 rho +0.892 radius 2.0e-04 shift 0.0e+00 | B_min +6.29e-06 lam_min 8.91e-06 lam_k 9.90e-01 S_sub_min -3.23e-02
  it   3 cost 1.1537169722e-07 |g|inf 1.25e-04 step 2.46e-05 rho +1.298 radius 2.0e-04 shift 0.0e+00 | B_min +7.60e-06 lam_min 8.92e-06 lam_k 9.90e-01 S_sub_min -3.22e-02
  it   4 cost 1.1537168038e-07 |g|inf 8.62e-06 step 3.36e-05 rho +1.217 radius 6.7e-05 shift 9.4e-06 | B_min +3.13e-06 lam_min 8.92e-06 lam_k 9.90e-01 S_sub_min -3.23e-02
  it   5 cost 1.1537164641e-07 |g|inf 2.10e-05 step 6.73e-05 rho +1.317 radius 1.3e-04 shift 3.8e-06 | B_min +2.70e-06 lam_min 8.93e-06 lam_k 9.91e-01 S_sub_min -3.23e-02
  it   6 cost 1.1537156229e-07 |g|inf 7.78e-05 step 1.35e-04 rho +1.368 radius 2.7e-04 shift 1.3e-06 | B_min +2.66e-06 lam_min 8.93e-06 lam_k 9.91e-01 S_sub_min -3.23e-02
  it   7 cost 1.1537122137e-07 |g|inf 2.86e-04 step 2.18e-04 rho +1.484 radius 2.7e-04 shift 0.0e+00 | B_min +5.17e-06 lam_min 8.95e-06 lam_k 9.91e-01 S_sub_min -3.22e-02
  it   8 cost 1.1536979426e-07 |g|inf 6.87e-04 step 2.69e-04 rho +1.439 radius 5.4e-04 shift 3.6e-07 | B_min +1.38e-05 lam_min 8.98e-06 lam_k 9.92e-01 S_sub_min -3.20e-02
  it   9 cost 1.1536695793e-07 |g|inf 1.15e-03 step 1.35e-04 rho +1.246 radius 2.7e-04 shift 5.0e-05 | B_min +1.12e-05 lam_min 9.02e-06 lam_k 9.92e-01 S_sub_min -3.18e-02
  it  10 cost 1.1536267290e-07 |g|inf 2.77e-04 step 2.69e-04 rho +0.902 radius 5.4e-04 shift 7.1e-05 | B_min -1.52e-05 lam_min 9.04e-06 lam_k 9.93e-01 S_sub_min -3.23e-02
  it  11 cost 1.1535979410e-07 |g|inf 1.20e-03 step 5.38e-04 rho +0.247 radius 1.3e-04 shift 2.8e-05 | B_min +9.26e-06 lam_min 9.09e-06 lam_k 9.93e-01 S_sub_min -3.19e-02
  it  12 cost 1.1533605622e-07 |g|inf 3.97e-03 step 1.35e-04 rho +1.083 radius 2.7e-04 shift 2.0e-04 | B_min +3.34e-05 lam_min 9.19e-06 lam_k 9.95e-01 S_sub_min -3.07e-02
  it  13 cost 1.1532086035e-07 |g|inf 4.57e-04 step 2.69e-04 rho +0.937 radius 5.4e-04 shift 2.3e-04 | B_min -2.64e-05 lam_min 9.21e-06 lam_k 9.95e-01 S_sub_min -3.26e-02
  it  14 cost 1.1530395852e-07 |g|inf 1.40e-03 step 5.38e-04 rho +0.558 radius 5.4e-04 shift 6.6e-05 | B_min +1.75e-05 lam_min 9.26e-06 lam_k 9.95e-01 S_sub_min -3.23e-02
  it  15 cost 1.1525989325e-07 |g|inf 4.71e-03 step 2.39e-04 rho +1.227 radius 5.4e-04 shift 0.0e+00 | B_min +3.36e-05 lam_min 9.37e-06 lam_k 9.97e-01 S_sub_min -3.12e-02
  it  16 cost 1.1524566625e-07 |g|inf 1.33e-03 step 1.35e-04 rho +1.083 radius 2.7e-04 shift 5.4e-04 | B_min +1.31e-05 lam_min 9.39e-06 lam_k 9.97e-01 S_sub_min -3.29e-02
  it  17 cost 1.1522608352e-07 |g|inf 5.33e-04 step 2.69e-04 rho +0.886 radius 5.4e-04 shift 2.6e-04 | B_min +1.01e-05 lam_min 9.41e-06 lam_k 9.97e-01 S_sub_min -3.34e-02
  it  18 cost 1.1521029084e-07 |g|inf 2.34e-03 step 5.38e-04 rho +0.683 radius 5.4e-04 shift 2.2e-05 | B_min +1.06e-05 lam_min 9.44e-06 lam_k 9.97e-01 S_sub_min -3.29e-02
  it  19 cost 1.1518984299e-07 |g|inf 6.79e-03 step 3.83e-04 rho +0.681 radius 5.4e-04 shift 0.0e+00 | B_min +2.23e-05 lam_min 9.44e-06 lam_k 9.97e-01 S_sub_min -3.17e-02
  it  20 cost 1.1517472898e-07 |g|inf 5.36e-03 step 5.38e-04 rho +0.395 radius 5.4e-04 shift 4.7e-05 | B_min -5.62e-06 lam_min 9.46e-06 lam_k 9.97e-01 S_sub_min -3.21e-02
  it  21 cost 1.1514218489e-07 |g|inf 1.02e-02 step 1.35e-04 rho +0.991 radius 2.7e-04 shift 3.9e-04 | B_min +6.08e-06 lam_min 9.42e-06 lam_k 9.97e-01 S_sub_min -3.14e-02
  it  22 cost 1.1512978811e-07 |g|inf 9.81e-04 step 2.69e-04 rho +0.948 radius 5.4e-04 shift 1.3e-04 | B_min +6.50e-06 lam_min 9.44e-06 lam_k 9.97e-01 S_sub_min -3.39e-02
  it  23 cost 1.1512384528e-07 |g|inf 1.79e-03 step 5.38e-04 rho +0.431 radius 5.4e-04 shift 7.5e-06 | B_min +1.89e-05 lam_min 9.43e-06 lam_k 9.97e-01 S_sub_min -3.37e-02
  it  24 cost 1.1509958951e-07 |g|inf 5.60e-03 step 2.84e-04 rho +1.095 radius 5.4e-04 shift 0.0e+00 | B_min +2.19e-05 lam_min 9.40e-06 lam_k 9.97e-01 S_sub_min -3.25e-02
  it  25 cost 1.1508883840e-07 |g|inf 2.46e-03 step 1.35e-04 rho +1.166 radius 2.7e-04 shift 1.6e-04 | B_min +6.85e-06 lam_min 9.39e-06 lam_k 9.97e-01 S_sub_min -3.36e-02
  it  26 cost 1.1508004056e-07 |g|inf 4.76e-04 step 2.69e-04 rho +0.804 radius 5.4e-04 shift 1.2e-04 | B_min +1.41e-05 lam_min 9.39e-06 lam_k 9.97e-01 S_sub_min -3.43e-02
  it  27 cost 1.1507043634e-07 |g|inf 2.41e-03 step 1.35e-04 rho +1.153 radius 2.7e-04 shift 1.5e-04 | B_min +1.60e-05 lam_min 9.39e-06 lam_k 9.97e-01 S_sub_min -3.35e-02
  it  28 cost 1.1506262759e-07 |g|inf 3.46e-04 step 2.69e-04 rho +0.753 radius 5.4e-04 shift 1.2e-04 | B_min +1.30e-05 lam_min 9.38e-06 lam_k 9.97e-01 S_sub_min -3.46e-02
  it  29 cost 1.1505358439e-07 |g|inf 2.36e-03 step 1.35e-04 rho +1.136 radius 2.7e-04 shift 1.5e-04 | B_min +1.67e-05 lam_min 9.38e-06 lam_k 9.97e-01 S_sub_min -3.35e-02
  it  30 cost 1.1504638601e-07 |g|inf 3.01e-04 step 2.69e-04 rho +0.739 radius 2.7e-04 shift 1.1e-04 | B_min +1.30e-05 lam_min 9.37e-06 lam_k 9.97e-01 S_sub_min -3.47e-02
  it  31 cost 1.1503549262e-07 |g|inf 2.26e-03 step 2.69e-04 rho +1.158 radius 5.4e-04 shift 3.8e-05 | B_min +1.71e-05 lam_min 9.36e-06 lam_k 9.97e-01 S_sub_min -3.35e-02
  it  32 cost 1.1502949596e-07 |g|inf 1.27e-03 step 1.35e-04 rho +1.050 radius 2.7e-04 shift 2.1e-04 | B_min +2.22e-05 lam_min 9.34e-06 lam_k 9.98e-01 S_sub_min -3.44e-02
  it  33 cost 1.1502179019e-07 |g|inf 7.55e-04 step 2.69e-04 rho +0.957 radius 5.4e-04 shift 7.9e-05 | B_min +9.48e-06 lam_min 9.34e-06 lam_k 9.97e-01 S_sub_min -3.44e-02
  it  34 cost 1.1501330721e-07 |g|inf 1.50e-03 step 3.70e-04 rho +1.154 radius 5.4e-04 shift 0.0e+00 | B_min +2.03e-05 lam_min 9.32e-06 lam_k 9.98e-01 S_sub_min -3.39e-02
  it  35 cost 1.1500439340e-07 |g|inf 2.70e-03 step 2.69e-04 rho +1.118 radius 5.4e-04 shift 0.0e+00 | B_min +2.28e-05 lam_min 9.29e-06 lam_k 9.98e-01 S_sub_min -3.37e-02
  it  36 cost 1.1499702828e-07 |g|inf 2.10e-03 step 1.35e-04 rho +1.150 radius 2.7e-04 shift 1.1e-04 | B_min +1.19e-05 lam_min 9.29e-06 lam_k 9.98e-01 S_sub_min -3.37e-02
  it  37 cost 1.1499165259e-07 |g|inf 4.34e-04 step 2.69e-04 rho +0.739 radius 2.7e-04 shift 7.4e-05 | B_min +1.35e-05 lam_min 9.28e-06 lam_k 9.98e-01 S_sub_min -3.46e-02
  it  38 cost 1.1498321062e-07 |g|inf 2.09e-03 step 2.69e-04 rho +1.159 radius 5.4e-04 shift 1.9e-05 | B_min +1.62e-05 lam_min 9.27e-06 lam_k 9.98e-01 S_sub_min -3.36e-02
  it  39 cost 1.1497804801e-07 |g|inf 1.49e-03 step 1.35e-04 rho +1.053 radius 2.7e-04 shift 1.6e-04 | B_min +1.84e-05 lam_min 9.25e-06 lam_k 9.98e-01 S_sub_min -3.42e-02
  it  40 cost 1.1497200677e-07 |g|inf 7.26e-04 step 2.69e-04 rho +0.962 radius 5.4e-04 shift 5.7e-05 | B_min +8.73e-06 lam_min 9.25e-06 lam_k 9.97e-01 S_sub_min -3.44e-02
  it  41 cost 1.1496440796e-07 |g|inf 1.32e-03 step 2.90e-04 rho +1.369 radius 5.4e-04 shift 0.0e+00 | B_min +1.77e-05 lam_min 9.23e-06 lam_k 9.97e-01 S_sub_min -3.38e-02
  it  42 cost 1.1495740412e-07 |g|inf 1.34e-03 step 2.82e-04 rho +1.286 radius 5.4e-04 shift 0.0e+00 | B_min +1.77e-05 lam_min 9.21e-06 lam_k 9.97e-01 S_sub_min -3.39e-02
  it  43 cost 1.1494946359e-07 |g|inf 1.43e-03 step 2.71e-04 rho +1.373 radius 5.4e-04 shift 0.0e+00 | B_min +1.52e-05 lam_min 9.20e-06 lam_k 9.97e-01 S_sub_min -3.34e-02
  it  44 cost 1.1494718124e-07 |g|inf 1.42e-03 step 3.95e-04 rho +0.341 radius 5.4e-04 shift 0.0e+00 | B_min +1.58e-05 lam_min 9.19e-06 lam_k 9.97e-01 S_sub_min -3.37e-02
  it  45 cost 1.1493429644e-07 |g|inf 3.19e-03 step 3.37e-04 rho +0.984 radius 5.4e-04 shift 0.0e+00 | B_min +1.15e-05 lam_min 9.18e-06 lam_k 9.97e-01 S_sub_min -3.23e-02
  it  46 cost 1.1492615457e-07 |g|inf 3.35e-03 step 1.35e-04 rho +1.039 radius 2.7e-04 shift 1.9e-04 | B_min +1.32e-05 lam_min 9.15e-06 lam_k 9.96e-01 S_sub_min -3.34e-02
  it  47 cost 1.1491859383e-07 |g|inf 6.24e-04 step 2.69e-04 rho +0.962 radius 5.4e-04 shift 8.4e-05 | B_min +8.12e-06 lam_min 9.16e-06 lam_k 9.96e-01 S_sub_min -3.41e-02
  it  48 cost 1.1490877862e-07 |g|inf 1.38e-03 step 4.94e-04 rho +1.073 radius 5.4e-04 shift 0.0e+00 | B_min +1.16e-05 lam_min 9.15e-06 lam_k 9.95e-01 S_sub_min -3.33e-02
  it  49 cost 1.1489539025e-07 |g|inf 2.26e-03 step 1.35e-04 rho +1.186 radius 2.7e-04 shift 1.1e-04 | B_min +3.94e-06 lam_min 9.14e-06 lam_k 9.95e-01 S_sub_min -3.21e-02
  it  50 cost 1.1488504042e-07 |g|inf 4.46e-04 step 2.69e-04 rho +0.922 radius 5.4e-04 shift 1.3e-04 | B_min +8.03e-06 lam_min 9.14e-06 lam_k 9.94e-01 S_sub_min -3.42e-02
  it  51 cost 1.1487040901e-07 |g|inf 1.44e-03 step 5.38e-04 rho +1.004 radius 1.1e-03 shift 8.6e-06 | B_min +9.71e-06 lam_min 9.14e-06 lam_k 9.94e-01 S_sub_min -3.28e-02
  it  52 cost 1.1485025177e-07 |g|inf 3.36e-03 step 4.01e-04 rho +1.078 radius 1.1e-03 shift 0.0e+00 | B_min +5.73e-06 lam_min 9.12e-06 lam_k 9.93e-01 S_sub_min -3.17e-02
  it  53 cost 1.1482795170e-07 |g|inf 3.90e-03 step 2.69e-04 rho +1.078 radius 5.4e-04 shift 1.4e-04 | B_min +9.27e-06 lam_min 9.10e-06 lam_k 9.92e-01 S_sub_min -3.22e-02
  it  54 cost 1.1480826309e-07 |g|inf 1.52e-03 step 5.38e-04 rho +0.803 radius 1.1e-03 shift 3.5e-05 | B_min +9.22e-06 lam_min 9.11e-06 lam_k 9.92e-01 S_sub_min -3.30e-02
  it  55 cost 1.1476984950e-07 |g|inf 4.08e-03 step 2.69e-04 rho +1.233 radius 5.4e-04 shift 6.2e-05 | B_min -3.96e-07 lam_min 9.12e-06 lam_k 9.91e-01 S_sub_min -3.06e-02
  it  56 cost 1.1475252776e-07 |g|inf 1.11e-03 step 5.38e-04 rho +0.426 radius 5.4e-04 shift 1.1e-04 | B_min +1.11e-05 lam_min 9.12e-06 lam_k 9.91e-01 S_sub_min -3.35e-02
  it  57 cost 1.1468698206e-07 |g|inf 5.64e-03 step 5.38e-04 rho +1.120 radius 1.1e-03 shift 3.6e-05 | B_min -9.50e-07 lam_min 9.15e-06 lam_k 9.91e-01 S_sub_min -2.99e-02
  it  58 cost 1.1465036769e-07 |g|inf 3.09e-03 step 2.69e-04 rho +0.972 radius 5.4e-04 shift 3.9e-04 | B_min +1.65e-05 lam_min 9.15e-06 lam_k 9.92e-01 S_sub_min -3.28e-02
  it  59 cost 1.1459513719e-07 |g|inf 2.12e-03 step 5.38e-04 rho +1.004 radius 1.1e-03 shift 1.3e-04 | B_min +8.29e-06 lam_min 9.18e-06 lam_k 9.92e-01 S_sub_min -3.22e-02
  it  60 cost 1.1453947350e-07 |g|inf 4.21e-03 step 1.08e-03 rho +0.807 radius 2.2e-03 shift 7.9e-06 | B_min +1.32e-05 lam_min 9.22e-06 lam_k 9.92e-01 S_sub_min -3.12e-02
  it  61 cost 1.1443056621e-07 |g|inf 8.75e-03 step 5.38e-04 rho +0.993 radius 1.1e-03 shift 1.1e-04 | B_min -8.64e-05 lam_min 9.23e-06 lam_k 9.95e-01 S_sub_min -2.94e-02
  it  62 cost 1.1436278578e-07 |g|inf 6.15e-03 step 2.69e-04 rho +1.118 radius 5.4e-04 shift 4.0e-04 | B_min -3.08e-06 lam_min 9.32e-06 lam_k 9.97e-01 S_sub_min -3.13e-02
  it  63 cost 1.1429133924e-07 |g|inf 1.94e-03 step 5.38e-04 rho +0.917 radius 1.1e-03 shift 2.0e-04 | B_min +9.09e-06 lam_min 9.35e-06 lam_k 9.98e-01 S_sub_min -3.21e-02
  it  64 cost 1.1421168901e-07 |g|inf 5.05e-03 step 1.08e-03 rho +0.810 radius 2.2e-03 shift 2.9e-05 | B_min +9.80e-06 lam_min 9.39e-06 lam_k 1.00e+00 S_sub_min -3.09e-02
  it  65 cost 1.1409961301e-07 |g|inf 1.10e-02 step 5.38e-04 rho +0.959 radius 1.1e-03 shift 9.7e-05 | B_min -7.51e-05 lam_min 9.41e-06 lam_k 1.00e+00 S_sub_min -2.94e-02
  it  66 cost 1.1402819923e-07 |g|inf 7.00e-03 step 2.69e-04 rho +1.088 radius 5.4e-04 shift 3.5e-04 | B_min -5.76e-06 lam_min 9.43e-06 lam_k 1.01e+00 S_sub_min -3.14e-02
  it  67 cost 1.1396493458e-07 |g|inf 1.63e-03 step 5.38e-04 rho +0.888 radius 1.1e-03 shift 1.9e-04 | B_min +9.87e-06 lam_min 9.45e-06 lam_k 1.01e+00 S_sub_min -3.14e-02
  it  68 cost 1.1389366145e-07 |g|inf 5.38e-03 step 1.08e-03 rho +0.768 radius 2.2e-03 shift 3.4e-05 | B_min +9.05e-06 lam_min 9.49e-06 lam_k 1.01e+00 S_sub_min -3.06e-02
  it  69 cost 1.1380102485e-07 |g|inf 9.10e-03 step 5.38e-04 rho +0.935 radius 1.1e-03 shift 8.2e-05 | B_min -3.70e-05 lam_min 9.51e-06 lam_k 1.02e+00 S_sub_min -2.90e-02
  it  70 cost 1.1374532358e-07 |g|inf 6.95e-03 step 2.69e-04 rho +1.008 radius 5.4e-04 shift 3.5e-04 | B_min +6.47e-06 lam_min 9.52e-06 lam_k 1.02e+00 S_sub_min -3.15e-02
  it  71 cost 1.1368943794e-07 |g|inf 2.59e-03 step 5.38e-04 rho +0.977 radius 1.1e-03 shift 1.5e-04 | B_min +7.18e-06 lam_min 9.53e-06 lam_k 1.02e+00 S_sub_min -3.06e-02
  it  72 cost 1.1363923432e-07 |g|inf 4.59e-03 step 1.08e-03 rho +0.665 radius 1.1e-03 shift 2.8e-05 | B_min +1.22e-05 lam_min 9.55e-06 lam_k 1.02e+00 S_sub_min -3.05e-02
  it  73 cost 1.1355925448e-07 |g|inf 9.71e-03 step 2.69e-04 rho +1.063 radius 5.4e-04 shift 2.1e-04 | B_min -3.37e-05 lam_min 9.60e-06 lam_k 1.03e+00 S_sub_min -2.82e-02
  it  74 cost 1.1352950219e-07 |g|inf 1.75e-03 step 5.38e-04 rho +0.549 radius 5.4e-04 shift 1.4e-04 | B_min +1.42e-05 lam_min 9.59e-06 lam_k 1.03e+00 S_sub_min -3.24e-02
  it  75 cost 1.1345972745e-07 |g|inf 9.63e-03 step 5.38e-04 rho +1.080 radius 1.1e-03 shift 6.6e-05 | B_min -3.61e-06 lam_min 9.62e-06 lam_k 1.03e+00 S_sub_min -2.83e-02
  it  76 cost 1.1343093335e-07 |g|inf 2.73e-03 step 2.69e-04 rho +0.893 radius 5.4e-04 shift 3.1e-04 | B_min +2.09e-05 lam_min 9.63e-06 lam_k 1.03e+00 S_sub_min -3.25e-02
  it  77 cost 1.1338717309e-07 |g|inf 4.32e-03 step 5.38e-04 rho +1.000 radius 1.1e-03 shift 9.4e-05 | B_min +6.05e-06 lam_min 9.64e-06 lam_k 1.03e+00 S_sub_min -3.00e-02
  it  78 cost 1.1335557059e-07 |g|inf 4.85e-03 step 2.69e-04 rho +1.093 radius 5.4e-04 shift 2.0e-04 | B_min +7.76e-06 lam_min 9.67e-06 lam_k 1.03e+00 S_sub_min -3.16e-02
  it  79 cost 1.1332036056e-07 |g|inf 2.95e-03 step 5.38e-04 rho +0.896 radius 1.1e-03 shift 9.2e-05 | B_min +9.33e-06 lam_min 9.68e-06 lam_k 1.03e+00 S_sub_min -3.09e-02
  it  80 cost 1.1328663567e-07 |g|inf 6.71e-03 step 2.69e-04 rho +1.159 radius 5.4e-04 shift 1.4e-04 | B_min +5.66e-06 lam_min 9.71e-06 lam_k 1.03e+00 S_sub_min -3.08e-02
  it  81 cost 1.1326255938e-07 |g|inf 1.97e-03 step 5.38e-04 rho +0.643 radius 5.4e-04 shift 9.4e-05 | B_min +1.28e-05 lam_min 9.73e-06 lam_k 1.03e+00 S_sub_min -3.16e-02
  it  82 cost 1.1321748717e-07 |g|inf 8.90e-03 step 5.38e-04 rho +1.106 radius 1.1e-03 shift 3.3e-05 | B_min +9.35e-06 lam_min 9.76e-06 lam_k 1.03e+00 S_sub_min -2.97e-02
  it  83 cost 1.1319502745e-07 |g|inf 2.55e-03 step 2.69e-04 rho +0.969 radius 5.4e-04 shift 2.3e-04 | B_min +2.16e-05 lam_min 9.79e-06 lam_k 1.03e+00 S_sub_min -3.14e-02
  it  84 cost 1.1316721729e-07 |g|inf 3.71e-03 step 5.38e-04 rho +0.982 radius 1.1e-03 shift 4.7e-05 | B_min +8.82e-06 lam_min 9.81e-06 lam_k 1.03e+00 S_sub_min -3.13e-02
  it  85 cost 1.1313831474e-07 |g|inf 5.89e-03 step 5.76e-04 rho +1.168 radius 1.1e-03 shift 0.0e+00 | B_min +1.15e-05 lam_min 9.84e-06 lam_k 1.03e+00 S_sub_min -3.11e-02
  it  86 cost 1.1311395938e-07 |g|inf 3.96e-03 step 2.69e-04 rho +1.096 radius 5.4e-04 shift 1.5e-04 | B_min -4.43e-06 lam_min 9.88e-06 lam_k 1.03e+00 S_sub_min -3.08e-02
  it  87 cost 1.1310248354e-07 |g|inf 2.20e-03 step 5.38e-04 rho +0.446 radius 5.4e-04 shift 3.5e-05 | B_min +1.43e-05 lam_min 9.90e-06 lam_k 1.03e+00 S_sub_min -3.23e-02
  it  88 cost 1.1306671117e-07 |g|inf 9.96e-03 step 4.36e-04 rho +1.021 radius 5.4e-04 shift 0.0e+00 | B_min +1.63e-05 lam_min 9.95e-06 lam_k 1.03e+00 S_sub_min -2.93e-02
  it  89 cost 1.1305097776e-07 |g|inf 1.49e-03 step 1.35e-04 rho +0.953 radius 2.7e-04 shift 5.0e-04 | B_min +1.79e-05 lam_min 9.96e-06 lam_k 1.03e+00 S_sub_min -3.25e-02
  it  90 cost 1.1303448466e-07 |g|inf 1.50e-03 step 2.69e-04 rho +0.960 radius 5.4e-04 shift 1.9e-04 | B_min +8.32e-06 lam_min 9.98e-06 lam_k 1.03e+00 S_sub_min -3.21e-02
  it  91 cost 1.1301761833e-07 |g|inf 2.14e-03 step 5.38e-04 rho +0.790 radius 1.1e-03 shift 2.4e-05 | B_min +1.03e-05 lam_min 1.00e-05 lam_k 1.03e+00 S_sub_min -3.19e-02
  it  92 cost 1.1300473066e-07 |g|inf 7.23e-03 step 5.03e-04 rho +0.552 radius 1.1e-03 shift 0.0e+00 | B_min +1.09e-05 lam_min 1.01e-05 lam_k 1.03e+00 S_sub_min -3.05e-02
  it  93 cost 1.1297687006e-07 |g|inf 2.52e-03 step 2.69e-04 rho +0.828 radius 5.4e-04 shift 1.9e-04 | B_min +5.83e-06 lam_min 1.01e-05 lam_k 1.03e+00 S_sub_min -3.13e-02
  it  94 cost 1.1297401149e-07 |g|inf 4.33e-03 step 5.38e-04 rho +0.105 radius 1.3e-04 shift 3.5e-05 | B_min +7.34e-06 lam_min 1.01e-05 lam_k 1.03e+00 S_sub_min -3.08e-02
  it  95 cost 1.1293658003e-07 |g|inf 3.77e-03 step 1.35e-04 rho +0.909 radius 2.7e-04 shift 4.5e-04 | B_min +5.56e-06 lam_min 1.01e-05 lam_k 1.03e+00 S_sub_min -3.14e-02
  it  96 cost 1.1292058602e-07 |g|inf 2.08e-03 step 2.69e-04 rho +0.880 radius 5.4e-04 shift 1.9e-04 | B_min +8.24e-06 lam_min 1.02e-05 lam_k 1.03e+00 S_sub_min -3.18e-02
  it  97 cost 1.1291824690e-07 |g|inf 1.52e-03 step 5.38e-04 rho +0.116 radius 1.3e-04 shift 1.9e-05 | B_min +8.48e-06 lam_min 1.02e-05 lam_k 1.03e+00 S_sub_min -3.24e-02
  it  98 cost 1.1288408455e-07 |g|inf 9.61e-03 step 1.35e-04 rho +1.027 radius 2.7e-04 shift 2.3e-04 | B_min +5.84e-06 lam_min 1.02e-05 lam_k 1.02e+00 S_sub_min -2.98e-02
  it  99 cost 1.1287281358e-07 |g|inf 2.52e-04 step 2.69e-04 rho +0.708 radius 2.7e-04 shift 1.9e-04 | B_min +8.14e-06 lam_min 1.03e-05 lam_k 1.02e+00 S_sub_min -3.33e-02
  it 100 cost 1.1285524484e-07 |g|inf 4.03e-03 step 2.69e-04 rho +1.131 radius 5.4e-04 shift 6.8e-05 | B_min +6.95e-06 lam_min 1.03e-05 lam_k 1.02e+00 S_sub_min -3.09e-02
  it 101 cost 1.1284553003e-07 |g|inf 1.33e-03 step 1.35e-04 rho +1.020 radius 2.7e-04 shift 3.4e-04 | B_min +1.27e-05 lam_min 1.03e-05 lam_k 1.02e+00 S_sub_min -3.32e-02
  it 102 cost 1.1283258140e-07 |g|inf 1.29e-03 step 2.69e-04 rho +0.934 radius 5.4e-04 shift 1.5e-04 | B_min +8.30e-06 lam_min 1.03e-05 lam_k 1.02e+00 S_sub_min -3.24e-02
  it 103 cost 1.1282104635e-07 |g|inf 2.11e-03 step 4.90e-04 rho +0.821 radius 5.4e-04 shift 0.0e+00 | B_min +8.92e-06 lam_min 1.04e-05 lam_k 1.02e+00 S_sub_min -3.20e-02
  it 104 cost 1.1280956644e-07 |g|inf 6.16e-03 step 4.71e-04 rho +0.588 radius 5.4e-04 shift 0.0e+00 | B_min +1.62e-05 lam_min 1.04e-05 lam_k 1.02e+00 S_sub_min -3.08e-02
  it 105 cost 1.1278908925e-07 |g|inf 2.44e-03 step 1.35e-04 rho +0.978 radius 2.7e-04 shift 3.6e-04 | B_min -4.48e-06 lam_min 1.04e-05 lam_k 1.02e+00 S_sub_min -3.15e-02
  it 106 cost 1.1277662185e-07 |g|inf 1.34e-03 step 2.69e-04 rho +0.895 radius 5.4e-04 shift 1.5e-04 | B_min +8.27e-06 lam_min 1.04e-05 lam_k 1.02e+00 S_sub_min -3.24e-02
  it 107 cost 1.1277354852e-07 |g|inf 1.91e-03 step 5.15e-04 rho +0.214 radius 1.3e-04 shift 0.0e+00 | B_min +7.65e-06 lam_min 1.05e-05 lam_k 1.02e+00 S_sub_min -3.18e-02
  it 108 cost 1.1274618882e-07 |g|inf 8.32e-03 step 1.29e-04 rho +1.048 radius 2.6e-04 shift 2.0e-04 | B_min +4.74e-06 lam_min 1.05e-05 lam_k 1.02e+00 S_sub_min -3.01e-02
  it 109 cost 1.1273585529e-07 |g|inf 4.57e-04 step 2.58e-04 rho +0.773 radius 5.2e-04 shift 1.6e-04 | B_min +7.66e-06 lam_min 1.05e-05 lam_k 1.02e+00 S_sub_min -3.30e-02
  it 110 cost 1.1272516075e-07 |g|inf 3.49e-03 step 4.63e-04 rho +0.758 radius 5.2e-04 shift 0.0e+00 | B_min +7.47e-06 lam_min 1.06e-05 lam_k 1.02e+00 S_sub_min -3.11e-02
  it 111 cost 1.1270780201e-07 |g|inf 2.20e-03 step 1.29e-04 rho +0.948 radius 2.6e-04 shift 3.2e-04 | B_min +2.00e-05 lam_min 1.06e-05 lam_k 1.02e+00 S_sub_min -3.29e-02
  it 112 cost 1.1269603947e-07 |g|inf 1.57e-03 step 2.58e-04 rho +0.880 radius 5.2e-04 shift 1.6e-04 | B_min +7.96e-06 lam_min 1.07e-05 lam_k 1.02e+00 S_sub_min -3.20e-02
  it 113 cost 1.1268671414e-07 |g|inf 1.45e-03 step 1.29e-04 rho +1.107 radius 2.6e-04 shift 2.5e-04 | B_min +7.58e-06 lam_min 1.07e-05 lam_k 1.02e+00 S_sub_min -3.21e-02
  it 114 cost 1.1267600654e-07 |g|inf 9.67e-04 step 2.58e-04 rho +0.905 radius 5.2e-04 shift 1.5e-04 | B_min +8.68e-06 lam_min 1.07e-05 lam_k 1.02e+00 S_sub_min -3.26e-02
  it 115 cost 1.1266722384e-07 |g|inf 1.99e-03 step 4.31e-04 rho +0.747 radius 5.2e-04 shift 0.0e+00 | B_min +8.23e-06 lam_min 1.07e-05 lam_k 1.02e+00 S_sub_min -3.17e-02
  it 116 cost 1.1265362182e-07 |g|inf 5.10e-03 step 3.75e-04 rho +0.774 radius 5.2e-04 shift 0.0e+00 | B_min +1.80e-05 lam_min 1.08e-05 lam_k 1.02e+00 S_sub_min -3.09e-02
  it 117 cost 1.1263773843e-07 |g|inf 2.35e-03 step 1.29e-04 rho +1.023 radius 2.6e-04 shift 2.7e-04 | B_min +1.42e-05 lam_min 1.08e-05 lam_k 1.02e+00 S_sub_min -3.08e-02
  it 118 cost 1.1262768397e-07 |g|inf 1.15e-03 step 2.58e-04 rho +0.871 radius 5.2e-04 shift 1.4e-04 | B_min +7.99e-06 lam_min 1.08e-05 lam_k 1.02e+00 S_sub_min -3.25e-02
  it 119 cost 1.1261891657e-07 |g|inf 1.92e-03 step 1.23e-04 rho +1.139 radius 2.5e-04 shift 2.3e-04 | B_min +7.43e-06 lam_min 1.09e-05 lam_k 1.02e+00 S_sub_min -3.16e-02
  it 120 cost 1.1260949026e-07 |g|inf 7.03e-04 step 2.46e-04 rho +0.889 radius 4.9e-04 shift 1.5e-04 | B_min +8.72e-06 lam_min 1.09e-05 lam_k 1.02e+00 S_sub_min -3.28e-02
  it 121 cost 1.1260046883e-07 |g|inf 2.16e-03 step 4.35e-04 rho +0.820 radius 4.9e-04 shift 0.0e+00 | B_min +8.56e-06 lam_min 1.09e-05 lam_k 1.02e+00 S_sub_min -3.15e-02
  it 122 cost 1.1258387646e-07 |g|inf 4.64e-03 step 2.44e-04 rho +1.121 radius 4.9e-04 shift 0.0e+00 | B_min +1.92e-05 lam_min 1.10e-05 lam_k 1.02e+00 S_sub_min -3.17e-02
  it 123 cost 1.1257537863e-07 |g|inf 2.16e-03 step 1.23e-04 rho +1.100 radius 2.5e-04 shift 2.4e-04 | B_min +1.29e-05 lam_min 1.10e-05 lam_k 1.02e+00 S_sub_min -3.08e-02
  it 124 cost 1.1256703754e-07 |g|inf 6.50e-04 step 2.46e-04 rho +0.835 radius 4.9e-04 shift 1.4e-04 | B_min +8.54e-06 lam_min 1.11e-05 lam_k 1.02e+00 S_sub_min -3.30e-02
  it 125 cost 1.1255923802e-07 |g|inf 2.43e-03 step 4.31e-04 rho +0.759 radius 4.9e-04 shift 0.0e+00 | B_min +8.31e-06 lam_min 1.11e-05 lam_k 1.02e+00 S_sub_min -3.11e-02
  it 126 cost 1.1255707347e-07 |g|inf 3.37e-03 step 4.24e-04 rho +0.135 radius 1.1e-04 shift 0.0e+00 | B_min +2.02e-05 lam_min 1.11e-05 lam_k 1.02e+00 S_sub_min -3.25e-02
  it 127 cost 1.1253467063e-07 |g|inf 5.38e-03 step 1.06e-04 rho +0.993 radius 2.1e-04 shift 3.3e-04 | B_min +3.25e-06 lam_min 1.12e-05 lam_k 1.02e+00 S_sub_min -3.01e-02
  it 128 cost 1.1252767831e-07 |g|inf 1.74e-04 step 2.12e-04 rho +0.827 radius 4.2e-04 shift 1.7e-04 | B_min +7.98e-06 lam_min 1.12e-05 lam_k 1.02e+00 S_sub_min -3.34e-02
  it 129 cost 1.1252034700e-07 |g|inf 2.19e-03 step 4.24e-04 rho +0.720 radius 4.2e-04 shift 1.3e-05 | B_min +9.39e-06 lam_min 1.13e-05 lam_k 1.02e+00 S_sub_min -3.14e-02
  it 130 cost 1.1250913991e-07 |g|inf 2.80e-03 step 1.06e-04 rho +1.001 radius 2.1e-04 shift 2.3e-04 | B_min +1.91e-05 lam_min 1.13e-05 lam_k 1.02e+00 S_sub_min -3.29e-02
  it 131 cost 1.1250220604e-07 |g|inf 9.67e-04 step 2.12e-04 rho +0.940 radius 4.2e-04 shift 1.3e-04 | B_min +8.35e-06 lam_min 1.14e-05 lam_k 1.02e+00 S_sub_min -3.20e-02
  it 132 cost 1.1249747920e-07 |g|inf 1.15e-03 step 1.06e-04 rho +1.103 radius 2.1e-04 shift 2.3e-04 | B_min +1.01e-05 lam_min 1.14e-05 lam_k 1.02e+00 S_sub_min -3.24e-02
  it 133 cost 1.1249134372e-07 |g|inf 5.66e-04 step 2.12e-04 rho +0.941 radius 4.2e-04 shift 1.2e-04 | B_min +9.22e-06 lam_min 1.14e-05 lam_k 1.02e+00 S_sub_min -3.27e-02
  it 134 cost 1.1248691741e-07 |g|inf 1.49e-03 step 4.13e-04 rho +0.624 radius 4.2e-04 shift 0.0e+00 | B_min +1.11e-05 lam_min 1.14e-05 lam_k 1.02e+00 S_sub_min -3.20e-02
  it 135 cost 1.1247513323e-07 |g|inf 4.20e-03 step 1.50e-04 rho +1.170 radius 4.2e-04 shift 0.0e+00 | B_min +2.21e-05 lam_min 1.15e-05 lam_k 1.02e+00 S_sub_min -3.15e-02
  it 136 cost 1.1247154243e-07 |g|inf 7.36e-04 step 1.06e-04 rho +1.082 radius 2.1e-04 shift 2.2e-04 | B_min +1.00e-05 lam_min 1.15e-05 lam_k 1.02e+00 S_sub_min -3.22e-02
  it 137 cost 1.1246662922e-07 |g|inf 5.68e-04 step 2.12e-04 rho +0.924 radius 4.2e-04 shift 9.5e-05 | B_min +9.43e-06 lam_min 1.16e-05 lam_k 1.02e+00 S_sub_min -3.28e-02
  it 138 cost 1.1246140001e-07 |g|inf 1.70e-03 step 3.31e-04 rho +1.029 radius 4.2e-04 shift 0.0e+00 | B_min +1.14e-05 lam_min 1.16e-05 lam_k 1.02e+00 S_sub_min -3.18e-02
  it 139 cost 1.1245483433e-07 |g|inf 2.46e-03 step 2.06e-04 rho +1.161 radius 4.2e-04 shift 0.0e+00 | B_min +2.04e-05 lam_min 1.17e-05 lam_k 1.02e+00 S_sub_min -3.23e-02
  it 140 cost 1.1245118920e-07 |g|inf 1.60e-03 step 1.06e-04 rho +1.101 radius 2.1e-04 shift 1.4e-04 | B_min +1.22e-05 lam_min 1.17e-05 lam_k 1.02e+00 S_sub_min -3.15e-02
  it 141 cost 1.1244774123e-07 |g|inf 3.79e-04 step 2.12e-04 rho +0.800 radius 4.2e-04 shift 7.5e-05 | B_min +1.02e-05 lam_min 1.18e-05 lam_k 1.02e+00 S_sub_min -3.31e-02
  it 142 cost 1.1244331572e-07 |g|inf 2.02e-03 step 2.87e-04 rho +1.089 radius 4.2e-04 shift 0.0e+00 | B_min +1.22e-05 lam_min 1.18e-05 lam_k 1.02e+00 S_sub_min -3.15e-02
  it 143 cost 1.1243971198e-07 |g|inf 1.25e-03 step 1.05e-04 rho +0.976 radius 2.1e-04 shift 1.3e-04 | B_min +1.89e-05 lam_min 1.18e-05 lam_k 1.02e+00 S_sub_min -3.32e-02
  it 144 cost 1.1243638776e-07 |g|inf 9.47e-04 step 2.10e-04 rho +0.953 radius 4.2e-04 shift 5.2e-05 | B_min +1.01e-05 lam_min 1.19e-05 lam_k 1.02e+00 S_sub_min -3.22e-02
  it 145 cost 1.1243389783e-07 |g|inf 1.17e-03 step 2.74e-04 rho +0.838 radius 4.2e-04 shift 0.0e+00 | B_min +1.29e-05 lam_min 1.19e-05 lam_k 1.02e+00 S_sub_min -3.28e-02
  it 146 cost 1.1243203826e-07 |g|inf 2.98e-03 step 3.33e-04 rho +0.435 radius 4.2e-04 shift 0.0e+00 | B_min +1.31e-05 lam_min 1.20e-05 lam_k 1.02e+00 S_sub_min -3.12e-02
  it 147 cost 1.1242752836e-07 |g|inf 1.23e-03 step 1.05e-04 rho +0.837 radius 2.1e-04 shift 1.6e-04 | B_min +1.19e-05 lam_min 1.20e-05 lam_k 1.02e+00 S_sub_min -3.23e-02
  it 148 cost 1.1242484493e-07 |g|inf 1.12e-03 step 2.10e-04 rho +0.939 radius 4.2e-04 shift 3.3e-05 | B_min +1.10e-05 lam_min 1.21e-05 lam_k 1.02e+00 S_sub_min -3.19e-02
  it 149 cost 1.1242480066e-07 |g|inf 9.06e-04 step 3.35e-04 rho +0.017 radius 8.4e-05 shift 0.0e+00 | B_min +1.30e-05 lam_min 1.21e-05 lam_k 1.02e+00 S_sub_min -3.32e-02
  it 150 cost 1.1241996155e-07 |g|inf 3.52e-03 step 8.37e-05 rho +1.009 radius 1.7e-04 shift 8.3e-05 | B_min +1.35e-05 lam_min 1.22e-05 lam_k 1.02e+00 S_sub_min -3.07e-02
  it 151 cost 1.1241879048e-07 |g|inf 1.30e-04 step 1.67e-04 rho +0.575 radius 1.7e-04 shift 5.6e-05 | B_min +9.90e-06 lam_min 1.22e-05 lam_k 1.02e+00 S_sub_min -3.35e-02
  it 152 cost 1.1241657971e-07 |g|inf 1.75e-03 step 1.67e-04 rho +1.104 radius 3.3e-04 shift 1.1e-05 | B_min +1.28e-05 lam_min 1.23e-05 lam_k 1.02e+00 S_sub_min -3.20e-02
  it 153 cost 1.1241549304e-07 |g|inf 4.38e-04 step 8.37e-05 rho +0.961 radius 1.7e-04 shift 9.5e-05 | B_min +1.37e-05 lam_min 1.23e-05 lam_k 1.02e+00 S_sub_min -3.35e-02
  it 154 cost 1.1241416383e-07 |g|inf 5.82e-04 step 1.67e-04 rho +1.024 radius 3.3e-04 shift 2.6e-05 | B_min +1.10e-05 lam_min 1.23e-05 lam_k 1.02e+00 S_sub_min -3.28e-02
  it 155 cost 1.1241289244e-07 |g|inf 8.65e-04 step 1.92e-04 rho +1.224 radius 3.3e-04 shift 0.0e+00 | B_min +1.32e-05 lam_min 1.24e-05 lam_k 1.02e+00 S_sub_min -3.31e-02
  it 156 cost 1.1241170885e-07 |g|inf 1.31e-03 step 1.53e-04 rho +1.228 radius 3.3e-04 shift 0.0e+00 | B_min +1.52e-05 lam_min 1.24e-05 lam_k 1.02e+00 S_sub_min -3.26e-02
  it 157 cost 1.1241112352e-07 |g|inf 5.95e-04 step 2.03e-04 rho +0.627 radius 3.3e-04 shift 0.0e+00 | B_min +1.27e-05 lam_min 1.24e-05 lam_k 1.02e+00 S_sub_min -3.33e-02
  it 158 cost 1.1240992888e-07 |g|inf 1.68e-03 step 1.55e-04 rho +0.959 radius 3.3e-04 shift 0.0e+00 | B_min +1.43e-05 lam_min 1.25e-05 lam_k 1.02e+00 S_sub_min -3.20e-02
  it 159 cost 1.1240933382e-07 |g|inf 3.72e-04 step 7.01e-05 rho +0.904 radius 1.4e-04 shift 6.3e-05 | B_min +1.21e-05 lam_min 1.25e-05 lam_k 1.02e+00 S_sub_min -3.34e-02
  it 160 cost 1.1240880211e-07 |g|inf 3.84e-04 step 1.40e-04 rho +1.085 radius 2.8e-04 shift 8.6e-06 | B_min +1.08e-05 lam_min 1.25e-05 lam_k 1.02e+00 S_sub_min -3.30e-02
  it 161 cost 1.1240834997e-07 |g|inf 6.18e-04 step 1.03e-04 rho +1.358 radius 2.8e-04 shift 0.0e+00 | B_min +1.26e-05 lam_min 1.26e-05 lam_k 1.02e+00 S_sub_min -3.32e-02
  it 162 cost 1.1240805685e-07 |g|inf 3.86e-04 step 1.21e-04 rho +1.201 radius 2.8e-04 shift 0.0e+00 | B_min +1.13e-05 lam_min 1.26e-05 lam_k 1.02e+00 S_sub_min -3.31e-02
  it 163 cost 1.1240780295e-07 |g|inf 5.32e-04 step 6.58e-05 rho +1.329 radius 2.8e-04 shift 0.0e+00 | B_min +1.25e-05 lam_min 1.26e-05 lam_k 1.02e+00 S_sub_min -3.32e-02
  it 164 cost 1.1240767689e-07 |g|inf 1.67e-04 step 1.05e-04 rho +1.065 radius 2.8e-04 shift 0.0e+00 | B_min +1.04e-05 lam_min 1.26e-05 lam_k 1.02e+00 S_sub_min -3.33e-02
  it 165 cost 1.1240756028e-07 |g|inf 4.32e-04 step 3.44e-05 rho +1.254 radius 2.8e-04 shift 0.0e+00 | B_min +1.20e-05 lam_min 1.27e-05 lam_k 1.02e+00 S_sub_min -3.32e-02
  it 166 cost 1.1240751754e-07 |g|inf 4.39e-05 step 7.24e-05 rho +1.060 radius 2.8e-04 shift 0.0e+00 | B_min +9.57e-06 lam_min 1.27e-05 lam_k 1.02e+00 S_sub_min -3.34e-02
  it 167 cost 1.1240748581e-07 |g|inf 2.20e-04 step 1.39e-05 rho +1.208 radius 2.8e-04 shift 0.0e+00 | B_min +1.10e-05 lam_min 1.27e-05 lam_k 1.02e+00 S_sub_min -3.33e-02
  it 168 cost 1.1240747643e-07 |g|inf 7.08e-06 step 3.16e-05 rho +1.264 radius 2.8e-04 shift 0.0e+00 | B_min +9.17e-06 lam_min 1.27e-05 lam_k 1.02e+00 S_sub_min -3.34e-02
  it 169 cost 1.1240747248e-07 |g|inf 4.23e-05 step 5.21e-06 rho +1.290 radius 2.8e-04 shift 0.0e+00 | B_min +9.74e-06 lam_min 1.27e-05 lam_k 1.02e+00 S_sub_min -3.34e-02
  it 170 cost 1.1240747115e-07 |g|inf 1.05e-06 step 1.10e-05 rho +1.331 radius 2.8e-04 shift 0.0e+00 | B_min +9.11e-06 lam_min 1.27e-05 lam_k 1.02e+00 S_sub_min -3.34e-02
  it 171 cost 1.1240747066e-07 |g|inf 4.90e-06 step 1.94e-06 rho +1.338 radius 2.8e-04 shift 0.0e+00 | B_min +9.19e-06 lam_min 1.27e-05 lam_k 1.02e+00 S_sub_min -3.34e-02
  it 172 cost 1.1240747048e-07 |g|inf 1.56e-07 step 3.85e-06 rho +1.346 radius 2.8e-04 shift 0.0e+00 | B_min +9.11e-06 lam_min 1.27e-05 lam_k 1.02e+00 S_sub_min -3.34e-02
  it 173 cost 1.1240747042e-07 |g|inf 5.99e-07 step 7.21e-07 rho +1.352 radius 2.8e-04 shift 0.0e+00 | B_min +9.12e-06 lam_min 1.27e-05 lam_k 1.02e+00 S_sub_min -3.34e-02
  it 174 cost 1.1240747040e-07 |g|inf 2.47e-08 step 1.38e-06 rho +1.357 radius 2.8e-04 shift 0.0e+00 | B_min +9.12e-06 lam_min 1.27e-05 lam_k 1.02e+00 S_sub_min -3.34e-02
  it 175 cost 1.1240747039e-07 |g|inf 8.20e-08 step 2.67e-07 rho +1.347 radius 2.8e-04 shift 0.0e+00 | B_min +9.12e-06 lam_min 1.27e-05 lam_k 1.02e+00 S_sub_min -3.34e-02
  it 176 cost 1.1240747039e-07 |g|inf 8.71e-09 step 4.94e-07 rho +1.415 radius 2.8e-04 shift 0.0e+00 | B_min +9.12e-06 lam_min 1.27e-05 lam_k 1.02e+00 S_sub_min -3.34e-02
  it 177 cost 1.1240747039e-07 |g|inf 1.58e-08 step 9.92e-08 rho +1.243 radius 2.8e-04 shift 0.0e+00 | B_min +9.12e-06 lam_min 1.27e-05 lam_k 1.02e+00 S_sub_min -3.34e-02
  it 178 cost 1.1240747039e-07 |g|inf 3.16e-09 step 1.78e-07 rho +1.180 radius 2.8e-04 shift 0.0e+00 | B_min +9.12e-06 lam_min 1.27e-05 lam_k 1.02e+00 S_sub_min -3.34e-02
  it 179 cost 1.1240747038e-07 |g|inf 5.61e-09 step 3.68e-08 rho +2.585 radius 2.8e-04 shift 0.0e+00 | B_min +9.12e-06 lam_min 1.27e-05 lam_k 1.02e+00 S_sub_min -3.34e-02
  it 180 cost 1.1240747038e-07 |g|inf 1.19e-09 step 6.39e-08 rho +1.481 radius 2.8e-04 shift 0.0e+00 | B_min +9.12e-06 lam_min 1.27e-05 lam_k 1.02e+00 S_sub_min -3.34e-02
  it 181 cost 1.1240747038e-07 |g|inf 2.02e-09 step 3.40e-09 rho +9.807 radius 6.8e-09 shift 4.4e-05 | B_min +9.12e-06 lam_min 1.27e-05 lam_k 1.02e+00 S_sub_min -3.34e-02
  it 182 cost 1.1240747038e-07 |g|inf 8.20e-10 step 1.62e-15 rho +167013.657 radius 3.2e-15 shift 1.1e+05 | B_min +9.12e-06 lam_min 1.27e-05 lam_k 1.02e+00 S_sub_min -3.34e-02
  it 183 cost 1.1240747038e-07 |g|inf 7.47e-10 step 7.93e-19 rho +6626534.252 radius 1.6e-18 shift 4.9e+09 | B_min +9.12e-06 lam_min 1.27e-05 lam_k 1.02e+00 S_sub_min -3.34e-02
  it 184 cost 1.1240747038e-07 |g|inf 7.43e-10 step 3.96e-19 rho +7901270.188 radius 7.9e-19 shift 9.9e+09 | B_min +9.12e-06 lam_min 1.27e-05 lam_k 1.02e+00 S_sub_min -3.34e-02
  it 185 cost 1.1240747038e-07 |g|inf 7.41e-10 step 7.93e-19 rho +675378.101 radius 1.6e-18 shift 4.8e+09 | B_min +9.12e-06 lam_min 1.27e-05 lam_k 1.02e+00 S_sub_min -3.34e-02
  it 186 cost 1.1240747038e-07 |g|inf 7.35e-10 step 2.48e-20 rho +5101970.784 radius 5.0e-20 shift 1.6e+11 | B_min +9.12e-06 lam_min 1.27e-05 lam_k 1.02e+00 S_sub_min -3.34e-02
  it 187 cost 1.1240747038e-07 |g|inf 7.35e-10 step 1.24e-20 rho +57814194.862 radius 2.5e-20 shift 3.2e+11 | B_min +9.12e-06 lam_min 1.27e-05 lam_k 1.02e+00 S_sub_min -3.34e-02
start 0: no acceptable step after 188 its, 59 s; force 1.124075e-07  QS 4.4454817e-04  Booz 2.1302e-03 3.7521e-03 8.1907e-03  iota [1.181107, 1.203463]
--- start 1 (noisy)
  it   0 cost 1.2922812479e-07 |g|inf 8.09e+01 step 1.00e-04 rho +1.000 radius 2.0e-04 shift 2.6e+01 | B_min -2.63e+01 lam_min 3.22e-05 lam_k 9.97e-01 S_sub_min -2.66e+01
  it   1 cost 1.1603913828e-07 |g|inf 2.49e-01 step 2.00e-04 rho +0.933 radius 4.0e-04 shift 1.3e-02 | B_min -9.18e-03 lam_min 8.82e-06 lam_k 9.91e-01 S_sub_min -9.23e-02
  it   2 cost 1.1539114496e-07 |g|inf 2.96e-02 step 4.00e-04 rho +0.928 radius 8.0e-04 shift 4.3e-04 | B_min -2.62e-04 lam_min 8.85e-06 lam_k 9.90e-01 S_sub_min -2.88e-02
  it   3 cost 1.1537415021e-07 |g|inf 2.81e-03 step 2.00e-04 rho +0.931 radius 4.0e-04 shift 3.3e-05 | B_min -1.65e-05 lam_min 8.90e-06 lam_k 9.90e-01 S_sub_min -3.39e-02
  it   4 cost 1.1537244779e-07 |g|inf 1.17e-03 step 2.15e-04 rho +0.754 radius 4.0e-04 shift 0.0e+00 | B_min +8.04e-06 lam_min 8.91e-06 lam_k 9.90e-01 S_sub_min -3.19e-02
  it   5 cost 1.1537174175e-07 |g|inf 8.29e-04 step 8.22e-05 rho +0.975 radius 4.0e-04 shift 0.0e+00 | B_min +1.03e-05 lam_min 8.92e-06 lam_k 9.90e-01 S_sub_min -3.24e-02
  it   6 cost 1.1537171133e-07 |g|inf 1.47e-04 step 1.70e-04 rho +0.311 radius 4.0e-04 shift 0.0e+00 | B_min +2.90e-06 lam_min 8.93e-06 lam_k 9.90e-01 S_sub_min -3.22e-02
  it   7 cost 1.1537141129e-07 |g|inf 4.43e-04 step 7.32e-05 rho +1.381 radius 4.0e-04 shift 0.0e+00 | B_min +1.11e-05 lam_min 8.94e-06 lam_k 9.91e-01 S_sub_min -3.21e-02
  it   8 cost 1.1537114622e-07 |g|inf 7.89e-05 step 1.00e-04 rho +1.119 radius 2.0e-04 shift 2.4e-05 | B_min -4.91e-06 lam_min 8.96e-06 lam_k 9.91e-01 S_sub_min -3.23e-02
  it   9 cost 1.1537036737e-07 |g|inf 1.70e-04 step 2.00e-04 rho +1.011 radius 4.0e-04 shift 2.0e-05 | B_min -4.35e-06 lam_min 8.97e-06 lam_k 9.91e-01 S_sub_min -3.23e-02
  it  10 cost 1.1536926931e-07 |g|inf 6.16e-04 step 4.00e-04 rho +0.454 radius 4.0e-04 shift 9.4e-06 | B_min +6.17e-06 lam_min 9.00e-06 lam_k 9.92e-01 S_sub_min -3.21e-02
  it  11 cost 1.1536023020e-07 |g|inf 2.33e-03 step 2.32e-04 rho +1.428 radius 4.0e-04 shift 0.0e+00 | B_min +2.61e-05 lam_min 9.06e-06 lam_k 9.93e-01 S_sub_min -3.13e-02
  it  12 cost 1.1535068700e-07 |g|inf 8.08e-04 step 4.00e-04 rho +0.858 radius 8.0e-04 shift 6.1e-05 | B_min +3.87e-06 lam_min 9.10e-06 lam_k 9.93e-01 S_sub_min -3.21e-02
  it  13 cost 1.1532980701e-07 |g|inf 2.47e-03 step 4.63e-04 rho +1.314 radius 8.0e-04 shift 0.0e+00 | B_min +2.65e-05 lam_min 9.18e-06 lam_k 9.95e-01 S_sub_min -3.14e-02
  it  14 cost 1.1530847441e-07 |g|inf 2.73e-03 step 4.91e-04 rho +0.909 radius 8.0e-04 shift 0.0e+00 | B_min +2.98e-05 lam_min 9.26e-06 lam_k 9.96e-01 S_sub_min -3.16e-02
  it  15 cost 1.1527397289e-07 |g|inf 3.60e-03 step 2.00e-04 rho +1.082 radius 4.0e-04 shift 2.2e-04 | B_min +1.87e-05 lam_min 9.36e-06 lam_k 9.97e-01 S_sub_min -3.17e-02
  it  16 cost 1.1525444972e-07 |g|inf 1.02e-03 step 4.00e-04 rho +0.637 radius 4.0e-04 shift 1.4e-04 | B_min +1.04e-05 lam_min 9.38e-06 lam_k 9.97e-01 S_sub_min -3.28e-02
  it  17 cost 1.1522290693e-07 |g|inf 4.10e-03 step 4.00e-04 rho +1.059 radius 8.0e-04 shift 2.3e-05 | B_min +1.13e-05 lam_min 9.44e-06 lam_k 9.97e-01 S_sub_min -3.22e-02
  it  18 cost 1.1520139433e-07 |g|inf 3.56e-03 step 2.00e-04 rho +1.049 radius 4.0e-04 shift 2.5e-04 | B_min +1.68e-05 lam_min 9.42e-06 lam_k 9.97e-01 S_sub_min -3.18e-02
  it  19 cost 1.1518720591e-07 |g|inf 1.28e-03 step 4.00e-04 rho +0.663 radius 4.0e-04 shift 7.0e-05 | B_min +9.47e-06 lam_min 9.45e-06 lam_k 9.97e-01 S_sub_min -3.35e-02
  it  20 cost 1.1516212315e-07 |g|inf 3.85e-03 step 4.00e-04 rho +1.121 radius 8.0e-04 shift 1.4e-06 | B_min +2.67e-05 lam_min 9.45e-06 lam_k 9.97e-01 S_sub_min -3.23e-02
  it  21 cost 1.1514776544e-07 |g|inf 2.05e-03 step 2.00e-04 rho +0.953 radius 4.0e-04 shift 2.2e-04 | B_min +2.34e-05 lam_min 9.45e-06 lam_k 9.97e-01 S_sub_min -3.36e-02
  it  22 cost 1.1513363935e-07 |g|inf 1.47e-03 step 4.00e-04 rho +0.905 radius 8.0e-04 shift 4.4e-05 | B_min +1.18e-05 lam_min 9.45e-06 lam_k 9.97e-01 S_sub_min -3.34e-02
  it  23 cost 1.1511923631e-07 |g|inf 2.85e-03 step 3.45e-04 rho +0.989 radius 8.0e-04 shift 0.0e+00 | B_min +2.81e-05 lam_min 9.43e-06 lam_k 9.97e-01 S_sub_min -3.34e-02
  it  24 cost 1.1510385215e-07 |g|inf 2.51e-03 step 2.00e-04 rho +1.070 radius 4.0e-04 shift 1.2e-04 | B_min +1.81e-05 lam_min 9.42e-06 lam_k 9.97e-01 S_sub_min -3.28e-02
  it  25 cost 1.1510208559e-07 |g|inf 1.07e-03 step 4.00e-04 rho +0.116 radius 1.0e-04 shift 5.6e-05 | B_min +1.68e-05 lam_min 9.41e-06 lam_k 9.97e-01 S_sub_min -3.43e-02
  it  26 cost 1.1508010196e-07 |g|inf 4.40e-03 step 1.00e-04 rho +1.042 radius 2.0e-04 shift 2.0e-04 | B_min +2.55e-05 lam_min 9.40e-06 lam_k 9.97e-01 S_sub_min -3.23e-02
  it  27 cost 1.1507245119e-07 |g|inf 2.03e-04 step 2.00e-04 rho +0.861 radius 4.0e-04 shift 2.0e-04 | B_min +1.03e-05 lam_min 9.40e-06 lam_k 9.97e-01 S_sub_min -3.47e-02
  it  28 cost 1.1506233276e-07 |g|inf 1.52e-03 step 4.00e-04 rho +0.880 radius 8.0e-04 shift 3.2e-05 | B_min +1.28e-05 lam_min 9.40e-06 lam_k 9.97e-01 S_sub_min -3.38e-02
  it  29 cost 1.1504997235e-07 |g|inf 2.89e-03 step 2.62e-04 rho +1.156 radius 8.0e-04 shift 0.0e+00 | B_min +2.43e-05 lam_min 9.37e-06 lam_k 9.97e-01 S_sub_min -3.36e-02
  it  30 cost 1.1504013715e-07 |g|inf 2.00e-03 step 1.98e-04 rho +1.137 radius 4.0e-04 shift 8.4e-05 | B_min +1.42e-05 lam_min 9.36e-06 lam_k 9.97e-01 S_sub_min -3.35e-02
  it  31 cost 1.1503560904e-07 |g|inf 7.85e-04 step 9.91e-05 rho +1.056 radius 2.0e-04 shift 3.3e-04 | B_min +1.87e-05 lam_min 9.35e-06 lam_k 9.97e-01 S_sub_min -3.45e-02
  it  32 cost 1.1502895476e-07 |g|inf 4.36e-04 step 1.98e-04 rho +0.968 radius 4.0e-04 shift 1.5e-04 | B_min +9.01e-06 lam_min 9.35e-06 lam_k 9.97e-01 S_sub_min -3.46e-02
  it  33 cost 1.1502155623e-07 |g|inf 1.10e-03 step 3.96e-04 rho +0.814 radius 7.9e-04 shift 2.3e-05 | B_min +1.42e-05 lam_min 9.34e-06 lam_k 9.97e-01 S_sub_min -3.42e-02
  it  34 cost 1.1501011134e-07 |g|inf 3.15e-03 step 1.91e-04 rho +1.280 radius 7.9e-04 shift 0.0e+00 | B_min +2.30e-05 lam_min 9.31e-06 lam_k 9.98e-01 S_sub_min -3.33e-02
  it  35 cost 1.1500360482e-07 |g|inf 9.19e-04 step 1.93e-04 rho +1.116 radius 3.9e-04 shift 9.4e-05 | B_min +1.28e-05 lam_min 9.30e-06 lam_k 9.98e-01 S_sub_min -3.43e-02
  it  36 cost 1.1499773485e-07 |g|inf 9.34e-04 step 3.85e-04 rho +0.788 radius 7.7e-04 shift 1.2e-05 | B_min +1.62e-05 lam_min 9.29e-06 lam_k 9.98e-01 S_sub_min -3.42e-02
  it  37 cost 1.1498721160e-07 |g|inf 2.95e-03 step 1.70e-04 rho +1.251 radius 7.7e-04 shift 0.0e+00 | B_min +2.32e-05 lam_min 9.27e-06 lam_k 9.98e-01 S_sub_min -3.33e-02
  it  38 cost 1.1498190579e-07 |g|inf 4.72e-04 step 1.78e-04 rho +1.025 radius 3.6e-04 shift 1.2e-04 | B_min +1.26e-05 lam_min 9.26e-06 lam_k 9.98e-01 S_sub_min -3.45e-02
  it  39 cost 1.1497603152e-07 |g|inf 1.05e-03 step 3.55e-04 rho +0.866 radius 7.1e-04 shift 2.0e-05 | B_min +1.25e-05 lam_min 9.26e-06 lam_k 9.97e-01 S_sub_min -3.42e-02
  it  40 cost 1.1496710179e-07 |g|inf 2.44e-03 step 1.94e-04 rho +1.291 radius 7.1e-04 shift 0.0e+00 | B_min +1.94e-05 lam_min 9.23e-06 lam_k 9.97e-01 S_sub_min -3.33e-02
  it  41 cost 1.1496157672e-07 |g|inf 9.05e-04 step 1.78e-04 rho +1.140 radius 3.6e-04 shift 8.7e-05 | B_min +1.09e-05 lam_min 9.22e-06 lam_k 9.97e-01 S_sub_min -3.42e-02
  it  42 cost 1.1495639128e-07 |g|inf 6.43e-04 step 3.55e-04 rho +0.783 radius 7.1e-04 shift 1.9e-05 | B_min +1.36e-05 lam_min 9.22e-06 lam_k 9.97e-01 S_sub_min -3.42e-02
  it  43 cost 1.1494655701e-07 |g|inf 2.17e-03 step 2.23e-04 rho +1.290 radius 7.1e-04 shift 0.0e+00 | B_min +1.83e-05 lam_min 9.20e-06 lam_k 9.97e-01 S_sub_min -3.30e-02
  it  44 cost 1.1494102419e-07 |g|inf 7.68e-04 step 1.73e-04 rho +1.050 radius 3.5e-04 shift 1.2e-04 | B_min +1.27e-05 lam_min 9.19e-06 lam_k 9.97e-01 S_sub_min -3.42e-02
  it  45 cost 1.1493445122e-07 |g|inf 8.67e-04 step 3.47e-04 rho +0.852 radius 6.9e-04 shift 3.5e-05 | B_min +1.08e-05 lam_min 9.19e-06 lam_k 9.96e-01 S_sub_min -3.39e-02
  it  46 cost 1.1492331638e-07 |g|inf 2.40e-03 step 2.87e-04 rho +1.318 radius 6.9e-04 shift 0.0e+00 | B_min +1.62e-05 lam_min 9.17e-06 lam_k 9.96e-01 S_sub_min -3.28e-02
  it  47 cost 1.1491559405e-07 |g|inf 1.03e-03 step 1.73e-04 rho +1.139 radius 3.5e-04 shift 1.3e-04 | B_min +9.03e-06 lam_min 9.16e-06 lam_k 9.96e-01 S_sub_min -3.37e-02
  it  48 cost 1.1490679821e-07 |g|inf 8.19e-04 step 3.47e-04 rho +0.851 radius 6.9e-04 shift 5.5e-05 | B_min +1.04e-05 lam_min 9.16e-06 lam_k 9.95e-01 S_sub_min -3.39e-02
  it  49 cost 1.1489208039e-07 |g|inf 1.77e-03 step 4.63e-04 rho +1.222 radius 6.9e-04 shift 0.0e+00 | B_min +1.24e-05 lam_min 9.15e-06 lam_k 9.95e-01 S_sub_min -3.24e-02
  it  50 cost 1.1487999992e-07 |g|inf 3.06e-03 step 1.33e-04 rho +1.138 radius 2.7e-04 shift 2.3e-04 | B_min +1.63e-05 lam_min 9.13e-06 lam_k 9.94e-01 S_sub_min -3.24e-02
  it  51 cost 1.1486769777e-07 |g|inf 4.36e-04 step 2.66e-04 rho +0.953 radius 5.3e-04 shift 1.6e-04 | B_min +7.03e-06 lam_min 9.14e-06 lam_k 9.94e-01 S_sub_min -3.39e-02
  it  52 cost 1.1485108231e-07 |g|inf 1.54e-03 step 5.32e-04 rho +0.907 radius 1.1e-03 shift 2.0e-05 | B_min +9.64e-06 lam_min 9.14e-06 lam_k 9.93e-01 S_sub_min -3.30e-02
  it  53 cost 1.1482229638e-07 |g|inf 3.48e-03 step 2.66e-04 rho +1.277 radius 5.3e-04 shift 2.8e-05 | B_min +2.52e-06 lam_min 9.13e-06 lam_k 9.93e-01 S_sub_min -3.12e-02
  it  54 cost 1.1480854972e-07 |g|inf 1.52e-03 step 5.32e-04 rho +0.457 radius 5.3e-04 shift 7.0e-05 | B_min +1.05e-05 lam_min 9.12e-06 lam_k 9.92e-01 S_sub_min -3.33e-02
  it  55 cost 1.1476238612e-07 |g|inf 4.70e-03 step 5.32e-04 rho +1.072 radius 1.1e-03 shift 1.7e-05 | B_min +1.31e-06 lam_min 9.14e-06 lam_k 9.92e-01 S_sub_min -3.02e-02
  it  56 cost 1.1473112984e-07 |g|inf 2.71e-03 step 2.66e-04 rho +0.980 radius 5.3e-04 shift 3.2e-04 | B_min +6.66e-07 lam_min 9.11e-06 lam_k 9.92e-01 S_sub_min -3.24e-02
  it  57 cost 1.1468910340e-07 |g|inf 1.73e-03 step 5.32e-04 rho +0.981 radius 1.1e-03 shift 8.8e-05 | B_min +8.57e-06 lam_min 9.15e-06 lam_k 9.91e-01 S_sub_min -3.23e-02
  it  58 cost 1.1465239220e-07 |g|inf 4.17e-03 step 1.03e-03 rho +0.715 radius 1.1e-03 shift 0.0e+00 | B_min +1.19e-05 lam_min 9.17e-06 lam_k 9.92e-01 S_sub_min -3.12e-02
  it  59 cost 1.1456346725e-07 |g|inf 8.26e-03 step 2.66e-04 rho +1.067 radius 5.3e-04 shift 3.7e-04 | B_min -3.80e-05 lam_min 9.19e-06 lam_k 9.94e-01 S_sub_min -2.99e-02
  it  60 cost 1.1449811078e-07 |g|inf 1.85e-03 step 5.32e-04 rho +0.928 radius 1.1e-03 shift 1.8e-04 | B_min +8.38e-06 lam_min 9.23e-06 lam_k 9.94e-01 S_sub_min -3.28e-02
  it  61 cost 1.1446097551e-07 |g|inf 4.77e-03 step 1.06e-03 rho +0.453 radius 1.1e-03 shift 9.6e-06 | B_min +1.06e-05 lam_min 9.29e-06 lam_k 9.95e-01 S_sub_min -3.04e-02
  it  62 cost 1.1431391793e-07 |g|inf 1.67e-02 step 2.66e-04 rho +1.077 radius 5.3e-04 shift 3.8e-04 | B_min -3.26e-05 lam_min 9.32e-06 lam_k 9.99e-01 S_sub_min -2.99e-02
  it  63 cost 1.1423611922e-07 |g|inf 1.85e-03 step 5.32e-04 rho +0.927 radius 1.1e-03 shift 2.1e-04 | B_min +4.83e-06 lam_min 9.37e-06 lam_k 1.00e+00 S_sub_min -3.21e-02
  it  64 cost 1.1413892168e-07 |g|inf 5.49e-03 step 1.06e-03 rho +1.004 radius 2.1e-03 shift 2.0e-05 | B_min +9.61e-06 lam_min 9.42e-06 lam_k 1.00e+00 S_sub_min -3.04e-02
  it  65 cost 1.1403175747e-07 |g|inf 8.14e-03 step 5.32e-04 rho +1.022 radius 1.1e-03 shift 7.5e-05 | B_min -2.34e-05 lam_min 9.45e-06 lam_k 1.01e+00 S_sub_min -2.92e-02
  it  66 cost 1.1395949467e-07 |g|inf 6.23e-03 step 2.66e-04 rho +1.102 radius 5.3e-04 shift 3.6e-04 | B_min +4.42e-06 lam_min 9.48e-06 lam_k 1.01e+00 S_sub_min -3.13e-02
  it  67 cost 1.1389429187e-07 |g|inf 1.72e-03 step 5.32e-04 rho +0.907 radius 1.1e-03 shift 2.0e-04 | B_min +1.03e-05 lam_min 9.50e-06 lam_k 1.01e+00 S_sub_min -3.13e-02
  it  68 cost 1.1381530160e-07 |g|inf 5.38e-03 step 1.06e-03 rho +0.856 radius 2.1e-03 shift 3.4e-05 | B_min +8.02e-06 lam_min 9.53e-06 lam_k 1.01e+00 S_sub_min -3.04e-02
  it  69 cost 1.1372801896e-07 |g|inf 8.20e-03 step 5.32e-04 rho +0.967 radius 1.1e-03 shift 8.0e-05 | B_min -4.30e-05 lam_min 9.54e-06 lam_k 1.02e+00 S_sub_min -2.87e-02
  it  70 cost 1.1367459229e-07 |g|inf 7.00e-03 step 2.66e-04 rho +1.025 radius 5.3e-04 shift 3.5e-04 | B_min +4.75e-06 lam_min 9.55e-06 lam_k 1.02e+00 S_sub_min -3.14e-02
  it  71 cost 1.1361960859e-07 |g|inf 2.51e-03 step 5.32e-04 rho +0.978 radius 1.1e-03 shift 1.5e-04 | B_min +7.70e-06 lam_min 9.56e-06 lam_k 1.02e+00 S_sub_min -3.05e-02
  it  72 cost 1.1356864289e-07 |g|inf 4.51e-03 step 1.06e-03 rho +0.695 radius 1.1e-03 shift 2.9e-05 | B_min +1.13e-05 lam_min 9.58e-06 lam_k 1.02e+00 S_sub_min -3.04e-02
  it  73 cost 1.1349499118e-07 |g|inf 9.44e-03 step 2.66e-04 rho +1.058 radius 5.3e-04 shift 2.3e-04 | B_min -4.26e-05 lam_min 9.61e-06 lam_k 1.03e+00 S_sub_min -2.81e-02
  it  74 cost 1.1346188076e-07 |g|inf 1.71e-03 step 5.32e-04 rho +0.654 radius 5.3e-04 shift 1.3e-04 | B_min +1.32e-05 lam_min 9.62e-06 lam_k 1.03e+00 S_sub_min -3.22e-02
  it  75 cost 1.1339977243e-07 |g|inf 8.96e-03 step 5.32e-04 rho +1.109 radius 1.1e-03 shift 5.8e-05 | B_min +3.86e-07 lam_min 9.65e-06 lam_k 1.03e+00 S_sub_min -2.84e-02
  it  76 cost 1.1337196368e-07 |g|inf 2.69e-03 step 2.66e-04 rho +0.915 radius 5.3e-04 shift 2.8e-04 | B_min +1.70e-05 lam_min 9.66e-06 lam_k 1.03e+00 S_sub_min -3.25e-02
  it  77 cost 1.1333123721e-07 |g|inf 4.25e-03 step 5.32e-04 rho +0.985 radius 1.1e-03 shift 8.9e-05 | B_min +6.58e-06 lam_min 9.68e-06 lam_k 1.03e+00 S_sub_min -3.01e-02
  it  78 cost 1.1330041073e-07 |g|inf 5.06e-03 step 2.66e-04 rho +1.096 radius 5.3e-04 shift 1.8e-04 | B_min +6.64e-06 lam_min 9.70e-06 lam_k 1.03e+00 S_sub_min -3.17e-02
  it  79 cost 1.1326810530e-07 |g|inf 2.94e-03 step 5.32e-04 rho +0.868 radius 1.1e-03 shift 8.8e-05 | B_min +9.63e-06 lam_min 9.72e-06 lam_k 1.03e+00 S_sub_min -3.10e-02
  it  80 cost 1.1323512672e-07 |g|inf 6.76e-03 step 2.66e-04 rho +1.155 radius 5.3e-04 shift 1.3e-04 | B_min +6.13e-06 lam_min 9.75e-06 lam_k 1.03e+00 S_sub_min -3.10e-02
  it  81 cost 1.1321349347e-07 |g|inf 2.02e-03 step 5.32e-04 rho +0.612 radius 5.3e-04 shift 8.9e-05 | B_min +1.30e-05 lam_min 9.77e-06 lam_k 1.03e+00 S_sub_min -3.16e-02
  it  82 cost 1.1317054016e-07 |g|inf 8.68e-03 step 5.32e-04 rho +1.104 radius 1.1e-03 shift 2.8e-05 | B_min +1.08e-05 lam_min 9.80e-06 lam_k 1.03e+00 S_sub_min -2.99e-02
  it  83 cost 1.1314906359e-07 |g|inf 2.62e-03 step 2.66e-04 rho +0.975 radius 5.3e-04 shift 2.2e-04 | B_min +2.18e-05 lam_min 9.83e-06 lam_k 1.03e+00 S_sub_min -3.15e-02
  it  84 cost 1.1312368857e-07 |g|inf 3.45e-03 step 5.32e-04 rho +0.962 radius 1.1e-03 shift 4.3e-05 | B_min +9.07e-06 lam_min 9.85e-06 lam_k 1.03e+00 S_sub_min -3.14e-02
  it  85 cost 1.1309398947e-07 |g|inf 6.04e-03 step 4.26e-04 rho +1.294 radius 1.1e-03 shift 0.0e+00 | B_min +1.28e-05 lam_min 9.89e-06 lam_k 1.03e+00 S_sub_min -3.10e-02
  it  86 cost 1.1307312309e-07 |g|inf 3.70e-03 step 2.66e-04 rho +1.160 radius 5.3e-04 shift 1.2e-04 | B_min +8.77e-06 lam_min 9.92e-06 lam_k 1.03e+00 S_sub_min -3.14e-02
  it  87 cost 1.1305764064e-07 |g|inf 2.49e-03 step 5.32e-04 rho +0.683 radius 5.3e-04 shift 2.6e-05 | B_min +1.47e-05 lam_min 9.94e-06 lam_k 1.03e+00 S_sub_min -3.20e-02
  it  88 cost 1.1302640190e-07 |g|inf 8.19e-03 step 2.86e-04 rho +1.189 radius 5.3e-04 shift 0.0e+00 | B_min +1.54e-05 lam_min 9.99e-06 lam_k 1.03e+00 S_sub_min -3.00e-02
  it  89 cost 1.1301534992e-07 |g|inf 1.04e-03 step 1.33e-04 rho +1.006 radius 2.7e-04 shift 4.5e-04 | B_min +1.91e-05 lam_min 1.00e-05 lam_k 1.03e+00 S_sub_min -3.26e-02
  it  90 cost 1.1299992691e-07 |g|inf 1.30e-03 step 2.66e-04 rho +0.957 radius 5.3e-04 shift 1.9e-04 | B_min +8.32e-06 lam_min 1.00e-05 lam_k 1.03e+00 S_sub_min -3.24e-02
  it  91 cost 1.1298357491e-07 |g|inf 2.29e-03 step 5.32e-04 rho +0.838 radius 1.1e-03 shift 1.9e-05 | B_min +1.01e-05 lam_min 1.00e-05 lam_k 1.03e+00 S_sub_min -3.18e-02
  it  92 cost 1.1296144693e-07 |g|inf 6.24e-03 step 3.52e-04 rho +1.062 radius 1.1e-03 shift 0.0e+00 | B_min +1.25e-05 lam_min 1.01e-05 lam_k 1.03e+00 S_sub_min -3.09e-02
  it  93 cost 1.1294371913e-07 |g|inf 1.72e-03 step 2.66e-04 rho +0.906 radius 5.3e-04 shift 1.4e-04 | B_min +7.88e-06 lam_min 1.01e-05 lam_k 1.03e+00 S_sub_min -3.15e-02
  it  94 cost 1.1294017251e-07 |g|inf 3.86e-03 step 5.32e-04 rho +0.166 radius 1.3e-04 shift 2.1e-05 | B_min +8.05e-06 lam_min 1.01e-05 lam_k 1.03e+00 S_sub_min -3.12e-02
  it  95 cost 1.1290701858e-07 |g|inf 3.81e-03 step 1.33e-04 rho +0.962 radius 2.7e-04 shift 3.3e-04 | B_min +1.75e-05 lam_min 1.02e-05 lam_k 1.03e+00 S_sub_min -3.10e-02
  it  96 cost 1.1289254799e-07 |g|inf 1.78e-03 step 2.66e-04 rho +0.885 radius 5.3e-04 shift 1.8e-04 | B_min +8.37e-06 lam_min 1.02e-05 lam_k 1.02e+00 S_sub_min -3.20e-02
  it  97 cost 1.1288945207e-07 |g|inf 1.65e-03 step 5.32e-04 rho +0.174 radius 1.3e-04 shift 9.9e-06 | B_min +7.97e-06 lam_min 1.02e-05 lam_k 1.02e+00 S_sub_min -3.22e-02
  it  98 cost 1.1285782334e-07 |g|inf 9.28e-03 step 1.33e-04 rho +1.038 radius 2.7e-04 shift 2.1e-04 | B_min +6.50e-06 lam_min 1.03e-05 lam_k 1.02e+00 S_sub_min -2.99e-02
  it  99 cost 1.1284674137e-07 |g|inf 3.16e-04 step 2.66e-04 rho +0.724 radius 2.7e-04 shift 1.8e-04 | B_min +7.97e-06 lam_min 1.03e-05 lam_k 1.02e+00 S_sub_min -3.32e-02
  it 100 cost 1.1282986192e-07 |g|inf 3.86e-03 step 2.66e-04 rho +1.139 radius 5.3e-04 shift 6.4e-05 | B_min +6.85e-06 lam_min 1.03e-05 lam_k 1.02e+00 S_sub_min -3.09e-02
  it 101 cost 1.1282031431e-07 |g|inf 1.28e-03 step 1.33e-04 rho +1.024 radius 2.7e-04 shift 3.3e-04 | B_min +1.16e-05 lam_min 1.04e-05 lam_k 1.02e+00 S_sub_min -3.31e-02
  it 102 cost 1.1280777365e-07 |g|inf 1.24e-03 step 2.66e-04 rho +0.931 radius 5.3e-04 shift 1.5e-04 | B_min +8.26e-06 lam_min 1.04e-05 lam_k 1.02e+00 S_sub_min -3.24e-02
  it 103 cost 1.1279629975e-07 |g|inf 2.01e-03 step 4.48e-04 rho +0.853 radius 5.3e-04 shift 0.0e+00 | B_min +8.63e-06 lam_min 1.04e-05 lam_k 1.02e+00 S_sub_min -3.20e-02
  it 104 cost 1.1278120034e-07 |g|inf 6.07e-03 step 4.00e-04 rho +0.821 radius 5.3e-04 shift 0.0e+00 | B_min +1.97e-05 lam_min 1.05e-05 lam_k 1.02e+00 S_sub_min -3.08e-02
  it 105 cost 1.1276527954e-07 |g|inf 1.85e-03 step 1.33e-04 rho +0.990 radius 2.7e-04 shift 3.4e-04 | B_min +6.01e-06 lam_min 1.05e-05 lam_k 1.02e+00 S_sub_min -3.14e-02
  it 106 cost 1.1275333626e-07 |g|inf 1.31e-03 step 2.66e-04 rho +0.892 radius 5.3e-04 shift 1.5e-04 | B_min +8.31e-06 lam_min 1.05e-05 lam_k 1.02e+00 S_sub_min -3.24e-02
  it 107 cost 1.1275130515e-07 |g|inf 1.88e-03 step 5.00e-04 rho +0.149 radius 1.3e-04 shift 0.0e+00 | B_min +7.64e-06 lam_min 1.05e-05 lam_k 1.02e+00 S_sub_min -3.18e-02
  it 108 cost 1.1272406264e-07 |g|inf 8.47e-03 step 1.25e-04 rho +1.049 radius 2.5e-04 shift 2.0e-04 | B_min +6.55e-06 lam_min 1.06e-05 lam_k 1.02e+00 S_sub_min -3.01e-02
  it 109 cost 1.1271380784e-07 |g|inf 4.69e-04 step 2.50e-04 rho +0.809 radius 5.0e-04 shift 1.7e-04 | B_min +7.57e-06 lam_min 1.06e-05 lam_k 1.02e+00 S_sub_min -3.30e-02
  it 110 cost 1.1270403698e-07 |g|inf 3.17e-03 step 4.68e-04 rho +0.727 radius 5.0e-04 shift 0.0e+00 | B_min +7.70e-06 lam_min 1.06e-05 lam_k 1.02e+00 S_sub_min -3.12e-02
  it 111 cost 1.1268646244e-07 |g|inf 2.35e-03 step 1.25e-04 rho +0.967 radius 2.5e-04 shift 3.0e-04 | B_min +2.11e-05 lam_min 1.07e-05 lam_k 1.02e+00 S_sub_min -3.27e-02
  it 112 cost 1.1267517614e-07 |g|inf 1.46e-03 step 2.50e-04 rho +0.888 radius 5.0e-04 shift 1.6e-04 | B_min +7.96e-06 lam_min 1.07e-05 lam_k 1.02e+00 S_sub_min -3.20e-02
  it 113 cost 1.1266638198e-07 |g|inf 1.39e-03 step 1.25e-04 rho +1.110 radius 2.5e-04 shift 2.6e-04 | B_min +7.59e-06 lam_min 1.07e-05 lam_k 1.02e+00 S_sub_min -3.21e-02
  it 114 cost 1.1265606488e-07 |g|inf 8.81e-04 step 2.50e-04 rho +0.910 radius 5.0e-04 shift 1.5e-04 | B_min +8.62e-06 lam_min 1.08e-05 lam_k 1.02e+00 S_sub_min -3.26e-02
  it 115 cost 1.1264805671e-07 |g|inf 1.91e-03 step 4.39e-04 rho +0.693 radius 5.0e-04 shift 0.0e+00 | B_min +8.30e-06 lam_min 1.08e-05 lam_k 1.02e+00 S_sub_min -3.17e-02
  it 116 cost 1.1263023855e-07 |g|inf 5.12e-03 step 3.02e-04 rho +1.025 radius 5.0e-04 shift 0.0e+00 | B_min +1.92e-05 lam_min 1.09e-05 lam_k 1.02e+00 S_sub_min -3.09e-02
  it 117 cost 1.1261942588e-07 |g|inf 1.91e-03 step 1.25e-04 rho +1.054 radius 2.5e-04 shift 2.7e-04 | B_min +1.48e-05 lam_min 1.09e-05 lam_k 1.02e+00 S_sub_min -3.10e-02
  it 118 cost 1.1260983633e-07 |g|inf 1.01e-03 step 2.50e-04 rho +0.883 radius 5.0e-04 shift 1.4e-04 | B_min +8.13e-06 lam_min 1.09e-05 lam_k 1.02e+00 S_sub_min -3.26e-02
  it 119 cost 1.1260618041e-07 |g|inf 1.93e-03 step 4.62e-04 rho +0.330 radius 5.0e-04 shift 0.0e+00 | B_min +7.66e-06 lam_min 1.09e-05 lam_k 1.02e+00 S_sub_min -3.15e-02
  it 120 cost 1.1258558744e-07 |g|inf 6.43e-03 step 1.25e-04 rho +1.066 radius 2.5e-04 shift 1.7e-04 | B_min +1.25e-05 lam_min 1.10e-05 lam_k 1.02e+00 S_sub_min -3.04e-02
  it 121 cost 1.1257663339e-07 |g|inf 6.80e-04 step 2.50e-04 rho +0.870 radius 5.0e-04 shift 1.3e-04 | B_min +7.06e-06 lam_min 1.10e-05 lam_k 1.02e+00 S_sub_min -3.25e-02
  it 122 cost 1.1256651663e-07 |g|inf 2.80e-03 step 4.02e-04 rho +1.021 radius 5.0e-04 shift 0.0e+00 | B_min +8.97e-06 lam_min 1.11e-05 lam_k 1.02e+00 S_sub_min -3.12e-02
  it 123 cost 1.1255532702e-07 |g|inf 2.06e-03 step 1.25e-04 rho +1.035 radius 2.5e-04 shift 2.0e-04 | B_min +2.43e-05 lam_min 1.11e-05 lam_k 1.02e+00 S_sub_min -3.22e-02
  it 124 cost 1.1254659196e-07 |g|inf 1.23e-03 step 2.50e-04 rho +0.880 radius 5.0e-04 shift 1.2e-04 | B_min +8.24e-06 lam_min 1.11e-05 lam_k 1.02e+00 S_sub_min -3.20e-02
  it 125 cost 1.1253926577e-07 |g|inf 1.58e-03 step 1.19e-04 rho +1.126 radius 2.4e-04 shift 2.0e-04 | B_min +8.26e-06 lam_min 1.12e-05 lam_k 1.02e+00 S_sub_min -3.19e-02
  it 126 cost 1.1253142840e-07 |g|inf 7.72e-04 step 2.37e-04 rho +0.905 radius 4.7e-04 shift 1.3e-04 | B_min +8.95e-06 lam_min 1.12e-05 lam_k 1.02e+00 S_sub_min -3.25e-02
  it 127 cost 1.1252493349e-07 |g|inf 1.79e-03 step 4.06e-04 rho +0.748 radius 4.7e-04 shift 0.0e+00 | B_min +9.42e-06 lam_min 1.12e-05 lam_k 1.02e+00 S_sub_min -3.16e-02
  it 128 cost 1.1251201001e-07 |g|inf 4.27e-03 step 2.63e-04 rho +1.048 radius 4.7e-04 shift 0.0e+00 | B_min +1.98e-05 lam_min 1.13e-05 lam_k 1.02e+00 S_sub_min -3.11e-02
  it 129 cost 1.1250448726e-07 |g|inf 1.74e-03 step 1.19e-04 rho +1.064 radius 2.4e-04 shift 2.1e-04 | B_min +1.18e-05 lam_min 1.13e-05 lam_k 1.02e+00 S_sub_min -3.08e-02
  it 130 cost 1.1249789714e-07 |g|inf 8.55e-04 step 2.37e-04 rho +0.877 radius 4.7e-04 shift 1.0e-04 | B_min +8.88e-06 lam_min 1.14e-05 lam_k 1.02e+00 S_sub_min -3.25e-02
  it 131 cost 1.1249277444e-07 |g|inf 1.84e-03 step 3.79e-04 rho +0.706 radius 4.7e-04 shift 0.0e+00 | B_min +9.43e-06 lam_min 1.14e-05 lam_k 1.02e+00 S_sub_min -3.15e-02
  it 132 cost 1.1248902347e-07 |g|inf 4.26e-03 step 3.77e-04 rho +0.340 radius 4.7e-04 shift 0.0e+00 | B_min +1.61e-05 lam_min 1.15e-05 lam_k 1.02e+00 S_sub_min -3.12e-02
  it 133 cost 1.1247504879e-07 |g|inf 2.73e-03 step 1.19e-04 rho +1.007 radius 2.4e-04 shift 1.8e-04 | B_min +1.24e-05 lam_min 1.15e-05 lam_k 1.02e+00 S_sub_min -3.03e-02
  it 134 cost 1.1246975997e-07 |g|inf 8.82e-04 step 2.37e-04 rho +0.874 radius 4.7e-04 shift 8.0e-05 | B_min +9.45e-06 lam_min 1.15e-05 lam_k 1.02e+00 S_sub_min -3.23e-02
  it 135 cost 1.1246610060e-07 |g|inf 1.82e-03 step 3.53e-04 rho +0.654 radius 4.7e-04 shift 0.0e+00 | B_min +1.03e-05 lam_min 1.16e-05 lam_k 1.02e+00 S_sub_min -3.19e-02
  it 136 cost 1.1245790607e-07 |g|inf 4.52e-03 step 1.19e-04 rho +1.072 radius 2.4e-04 shift 9.5e-05 | B_min +1.34e-05 lam_min 1.16e-05 lam_k 1.02e+00 S_sub_min -3.09e-02
  it 137 cost 1.1245455358e-07 |g|inf 4.55e-04 step 2.37e-04 rho +0.638 radius 2.4e-04 shift 6.9e-05 | B_min +8.17e-06 lam_min 1.17e-05 lam_k 1.02e+00 S_sub_min -3.28e-02
  it 138 cost 1.1244866605e-07 |g|inf 2.74e-03 step 2.37e-04 rho +1.106 radius 4.7e-04 shift 8.6e-06 | B_min +1.24e-05 lam_min 1.17e-05 lam_k 1.02e+00 S_sub_min -3.10e-02
  it 139 cost 1.1244536797e-07 |g|inf 1.08e-03 step 1.19e-04 rho +0.899 radius 2.4e-04 shift 1.4e-04 | B_min +1.35e-05 lam_min 1.18e-05 lam_k 1.02e+00 S_sub_min -3.31e-02
  it 140 cost 1.1244157997e-07 |g|inf 1.22e-03 step 2.37e-04 rho +0.906 radius 4.7e-04 shift 4.3e-05 | B_min +1.06e-05 lam_min 1.18e-05 lam_k 1.02e+00 S_sub_min -3.19e-02
  it 141 cost 1.1243996627e-07 |g|inf 1.45e-03 step 3.08e-04 rho +0.430 radius 4.7e-04 shift 0.0e+00 | B_min +1.30e-05 lam_min 1.18e-05 lam_k 1.02e+00 S_sub_min -3.28e-02
  it 142 cost 1.1243401025e-07 |g|inf 3.90e-03 step 1.19e-04 rho +1.017 radius 2.4e-04 shift 8.1e-05 | B_min +1.22e-05 lam_min 1.19e-05 lam_k 1.02e+00 S_sub_min -3.05e-02
  it 143 cost 1.1243324883e-07 |g|inf 2.88e-04 step 2.37e-04 rho +0.195 radius 5.9e-05 shift 5.1e-05 | B_min +9.55e-06 lam_min 1.20e-05 lam_k 1.02e+00 S_sub_min -3.33e-02
  it 144 cost 1.1242875040e-07 |g|inf 3.34e-03 step 5.93e-05 rho +1.022 radius 1.2e-04 shift 1.6e-04 | B_min +1.35e-05 lam_min 1.20e-05 lam_k 1.02e+00 S_sub_min -3.09e-02
  it 145 cost 1.1242705518e-07 |g|inf 6.01e-05 step 1.19e-04 rho +0.912 radius 2.4e-04 shift 1.2e-04 | B_min +8.59e-06 lam_min 1.20e-05 lam_k 1.02e+00 S_sub_min -3.34e-02
  it 146 cost 1.1242465815e-07 |g|inf 7.69e-04 step 2.37e-04 rho +0.931 radius 4.7e-04 shift 2.4e-05 | B_min +1.13e-05 lam_min 1.21e-05 lam_k 1.02e+00 S_sub_min -3.27e-02
  it 147 cost 1.1242199560e-07 |g|inf 1.44e-03 step 1.84e-04 rho +1.293 radius 4.7e-04 shift 0.0e+00 | B_min +1.49e-05 lam_min 1.21e-05 lam_k 1.02e+00 S_sub_min -3.29e-02
  it 148 cost 1.1242134846e-07 |g|inf 1.23e-03 step 3.02e-04 rho +0.315 radius 4.7e-04 shift 0.0e+00 | B_min +1.31e-05 lam_min 1.22e-05 lam_k 1.02e+00 S_sub_min -3.25e-02
  it 149 cost 1.1241797809e-07 |g|inf 2.01e-03 step 2.16e-04 rho +0.910 radius 4.7e-04 shift 0.0e+00 | B_min +1.64e-05 lam_min 1.22e-05 lam_k 1.02e+00 S_sub_min -3.27e-02
  it 150 cost 1.1241593605e-07 |g|inf 1.36e-03 step 1.19e-04 rho +1.012 radius 2.4e-04 shift 5.4e-05 | B_min +1.01e-05 lam_min 1.23e-05 lam_k 1.02e+00 S_sub_min -3.16e-02
  it 151 cost 1.1241515943e-07 |g|inf 3.15e-04 step 5.93e-05 rho +1.025 radius 1.2e-04 shift 1.4e-04 | B_min +1.13e-05 lam_min 1.23e-05 lam_k 1.02e+00 S_sub_min -3.35e-02
  it 152 cost 1.1241410640e-07 |g|inf 2.97e-04 step 1.19e-04 rho +1.030 radius 2.4e-04 shift 5.7e-05 | B_min +1.05e-05 lam_min 1.23e-05 lam_k 1.02e+00 S_sub_min -3.31e-02
  it 153 cost 1.1241318591e-07 |g|inf 5.52e-04 step 2.37e-04 rho +0.764 radius 4.7e-04 shift 4.0e-06 | B_min +1.18e-05 lam_min 1.24e-05 lam_k 1.02e+00 S_sub_min -3.31e-02
  it 154 cost 1.1241160463e-07 |g|inf 1.89e-03 step 7.83e-05 rho +1.213 radius 4.7e-04 shift 0.0e+00 | B_min +1.69e-05 lam_min 1.24e-05 lam_k 1.02e+00 S_sub_min -3.26e-02
  it 155 cost 1.1241095839e-07 |g|inf 2.34e-04 step 8.88e-05 rho +1.039 radius 1.8e-04 shift 5.6e-05 | B_min +1.09e-05 lam_min 1.24e-05 lam_k 1.02e+00 S_sub_min -3.34e-02
  it 156 cost 1.1241021688e-07 |g|inf 4.74e-04 step 1.78e-04 rho +0.992 radius 3.6e-04 shift 7.4e-06 | B_min +1.13e-05 lam_min 1.25e-05 lam_k 1.02e+00 S_sub_min -3.31e-02
  it 157 cost 1.1240940998e-07 |g|inf 1.05e-03 step 9.56e-05 rho +1.334 radius 3.6e-04 shift 0.0e+00 | B_min +1.44e-05 lam_min 1.25e-05 lam_k 1.02e+00 S_sub_min -3.30e-02
  it 158 cost 1.1240925010e-07 |g|inf 3.58e-04 step 1.99e-04 rho +0.312 radius 3.6e-04 shift 0.0e+00 | B_min +1.14e-05 lam_min 1.25e-05 lam_k 1.02e+00 S_sub_min -3.32e-02
  it 159 cost 1.1240835407e-07 |g|inf 1.49e-03 step 5.10e-05 rho +1.107 radius 3.6e-04 shift 0.0e+00 | B_min +1.53e-05 lam_min 1.26e-05 lam_k 1.02e+00 S_sub_min -3.28e-02
  it 160 cost 1.1240813493e-07 |g|inf 7.89e-05 step 6.14e-05 rho +1.069 radius 1.2e-04 shift 3.9e-05 | B_min +9.64e-06 lam_min 1.26e-05 lam_k 1.02e+00 S_sub_min -3.34e-02
  it 161 cost 1.1240790986e-07 |g|inf 2.11e-04 step 1.23e-04 rho +1.039 radius 2.5e-04 shift 3.3e-06 | B_min +1.06e-05 lam_min 1.26e-05 lam_k 1.02e+00 S_sub_min -3.33e-02
  it 162 cost 1.1240770600e-07 |g|inf 5.49e-04 step 5.03e-05 rho +1.320 radius 2.5e-04 shift 0.0e+00 | B_min +1.25e-05 lam_min 1.26e-05 lam_k 1.02e+00 S_sub_min -3.32e-02
  it 163 cost 1.1240762475e-07 |g|inf 1.04e-04 step 1.04e-04 rho +0.855 radius 2.5e-04 shift 0.0e+00 | B_min +1.03e-05 lam_min 1.26e-05 lam_k 1.02e+00 S_sub_min -3.34e-02
  it 164 cost 1.1240752526e-07 |g|inf 4.53e-04 step 2.07e-05 rho +1.158 radius 2.5e-04 shift 0.0e+00 | B_min +1.19e-05 lam_min 1.27e-05 lam_k 1.02e+00 S_sub_min -3.32e-02
  it 165 cost 1.1240749851e-07 |g|inf 1.76e-05 step 6.38e-05 rho +0.958 radius 2.5e-04 shift 0.0e+00 | B_min +9.30e-06 lam_min 1.27e-05 lam_k 1.02e+00 S_sub_min -3.34e-02
  it 166 cost 1.1240747846e-07 |g|inf 1.73e-04 step 6.88e-06 rho +1.132 radius 2.5e-04 shift 0.0e+00 | B_min +1.07e-05 lam_min 1.27e-05 lam_k 1.02e+00 S_sub_min -3.33e-02
  it 167 cost 1.1240747345e-07 |g|inf 1.81e-06 step 2.39e-05 rho +1.183 radius 2.5e-04 shift 0.0e+00 | B_min +9.10e-06 lam_min 1.27e-05 lam_k 1.02e+00 S_sub_min -3.34e-02
  it 168 cost 1.1240747145e-07 |g|inf 2.38e-05 step 2.47e-06 rho +1.202 radius 2.5e-04 shift 0.0e+00 | B_min +9.49e-06 lam_min 1.27e-05 lam_k 1.02e+00 S_sub_min -3.34e-02
  it 169 cost 1.1240747077e-07 |g|inf 2.46e-07 step 8.29e-06 rho +1.223 radius 2.5e-04 shift 0.0e+00 | B_min +9.11e-06 lam_min 1.27e-05 lam_k 1.02e+00 S_sub_min -3.34e-02
  it 170 cost 1.1240747052e-07 |g|inf 2.74e-06 step 9.31e-07 rho +1.229 radius 2.5e-04 shift 0.0e+00 | B_min +9.16e-06 lam_min 1.27e-05 lam_k 1.02e+00 S_sub_min -3.34e-02
  it 171 cost 1.1240747044e-07 |g|inf 3.93e-08 step 2.94e-06 rho +1.237 radius 2.5e-04 shift 0.0e+00 | B_min +9.11e-06 lam_min 1.27e-05 lam_k 1.02e+00 S_sub_min -3.34e-02
  it 172 cost 1.1240747040e-07 |g|inf 3.50e-07 step 3.53e-07 rho +1.234 radius 2.5e-04 shift 0.0e+00 | B_min +9.12e-06 lam_min 1.27e-05 lam_k 1.02e+00 S_sub_min -3.34e-02
  it 173 cost 1.1240747039e-07 |g|inf 1.17e-08 step 1.05e-06 rho +1.269 radius 2.5e-04 shift 0.0e+00 | B_min +9.12e-06 lam_min 1.27e-05 lam_k 1.02e+00 S_sub_min -3.34e-02
  it 174 cost 1.1240747039e-07 |g|inf 4.96e-08 step 1.33e-07 rho +1.236 radius 2.5e-04 shift 0.0e+00 | B_min +9.12e-06 lam_min 1.27e-05 lam_k 1.02e+00 S_sub_min -3.34e-02
  it 175 cost 1.1240747039e-07 |g|inf 4.37e-09 step 3.77e-07 rho +1.178 radius 2.5e-04 shift 0.0e+00 | B_min +9.12e-06 lam_min 1.27e-05 lam_k 1.02e+00 S_sub_min -3.34e-02
  it 176 cost 1.1240747039e-07 |g|inf 1.20e-08 step 5.04e-08 rho +0.801 radius 2.5e-04 shift 0.0e+00 | B_min +9.12e-06 lam_min 1.27e-05 lam_k 1.02e+00 S_sub_min -3.34e-02
  it 177 cost 1.1240747038e-07 |g|inf 1.71e-09 step 1.36e-07 rho +2.664 radius 2.5e-04 shift 0.0e+00 | B_min +9.12e-06 lam_min 1.27e-05 lam_k 1.02e+00 S_sub_min -3.34e-02
  it 178 cost 1.1240747038e-07 |g|inf 4.14e-09 step 1.90e-08 rho +0.985 radius 2.5e-04 shift 0.0e+00 | B_min +9.12e-06 lam_min 1.27e-05 lam_k 1.02e+00 S_sub_min -3.34e-02
  it 179 cost 1.1240747038e-07 |g|inf 1.91e-09 step 7.43e-13 rho +117.340 radius 1.5e-12 shift 2.6e+02 | B_min +9.12e-06 lam_min 1.27e-05 lam_k 1.02e+00 S_sub_min -3.34e-02
  it 180 cost 1.1240747038e-07 |g|inf 1.88e-09 step 3.72e-13 rho +547.759 radius 7.4e-13 shift 4.3e+02 | B_min +9.12e-06 lam_min 1.27e-05 lam_k 1.02e+00 S_sub_min -3.34e-02
  it 181 cost 1.1240747038e-07 |g|inf 1.28e-09 step 7.09e-19 rho +2376.519 radius 1.4e-18 shift 7.1e+09 | B_min +9.12e-06 lam_min 1.27e-05 lam_k 1.02e+00 S_sub_min -3.34e-02
start 1: ftol+xtol after 182 its, 49 s; force 1.124075e-07  QS 4.4454813e-04  Booz 2.1302e-03 3.7521e-03 8.1907e-03  iota [1.181107, 1.203463]
--- start 2 (noisy)
  it   0 cost 1.6841783258e-07 |g|inf 1.26e+02 step 1.00e-04 rho +1.000 radius 2.0e-04 shift 2.2e+01 | B_min -2.23e+01 lam_min 2.97e-05 lam_k 1.00e+00 S_sub_min -2.26e+01
  it   1 cost 1.1708009341e-07 |g|inf 6.52e-01 step 2.00e-04 rho +0.945 radius 4.0e-04 shift 7.3e-02 | B_min -6.58e-02 lam_min 9.08e-06 lam_k 9.89e-01 S_sub_min -2.14e-01
  it   2 cost 1.1558445724e-07 |g|inf 3.58e-02 step 4.00e-04 rho +0.926 radius 8.0e-04 shift 1.1e-03 | B_min -7.95e-04 lam_min 8.87e-06 lam_k 9.90e-01 S_sub_min -2.86e-02
  it   3 cost 1.1539352282e-07 |g|inf 2.16e-02 step 2.00e-04 rho +0.952 radius 4.0e-04 shift 5.0e-04 | B_min -7.61e-05 lam_min 8.78e-06 lam_k 9.91e-01 S_sub_min -3.35e-02
  it   4 cost 1.1539056799e-07 |g|inf 4.15e-03 step 4.00e-04 rho +0.123 radius 1.0e-04 shift 2.7e-05 | B_min -1.08e-06 lam_min 8.88e-06 lam_k 9.90e-01 S_sub_min -3.09e-02
  it   5 cost 1.1537237856e-07 |g|inf 1.17e-02 step 1.00e-04 rho +0.993 radius 2.0e-04 shift 3.0e-05 | B_min +8.51e-07 lam_min 8.91e-06 lam_k 9.90e-01 S_sub_min -3.12e-02
  it   6 cost 1.1537215024e-07 |g|inf 1.11e-04 step 5.00e-05 rho +0.993 radius 1.0e-04 shift 5.9e-05 | B_min +6.96e-06 lam_min 8.90e-06 lam_k 9.90e-01 S_sub_min -3.22e-02
  it   7 cost 1.1537198081e-07 |g|inf 1.37e-04 step 1.00e-04 rho +0.922 radius 2.0e-04 shift 6.9e-06 | B_min +7.99e-06 lam_min 8.90e-06 lam_k 9.90e-01 S_sub_min -3.22e-02
  it   8 cost 1.1537185592e-07 |g|inf 3.24e-04 step 4.10e-05 rho +1.281 radius 2.0e-04 shift 0.0e+00 | B_min +8.66e-06 lam_min 8.91e-06 lam_k 9.90e-01 S_sub_min -3.21e-02
  it   9 cost 1.1537181083e-07 |g|inf 4.42e-05 step 8.92e-05 rho +0.844 radius 2.0e-04 shift 0.0e+00 | B_min +7.90e-06 lam_min 8.91e-06 lam_k 9.90e-01 S_sub_min -3.23e-02
  it  10 cost 1.1537175228e-07 |g|inf 2.39e-04 step 2.37e-05 rho +1.189 radius 2.0e-04 shift 0.0e+00 | B_min +8.49e-06 lam_min 8.90e-06 lam_k 9.90e-01 S_sub_min -3.22e-02
  it  11 cost 1.1537173496e-07 |g|inf 9.55e-06 step 8.12e-05 rho +0.721 radius 2.0e-04 shift 0.0e+00 | B_min +6.39e-06 lam_min 8.92e-06 lam_k 9.90e-01 S_sub_min -3.23e-02
  it  12 cost 1.1537169669e-07 |g|inf 1.61e-04 step 2.40e-05 rho +1.242 radius 2.0e-04 shift 0.0e+00 | B_min +7.27e-06 lam_min 8.92e-06 lam_k 9.90e-01 S_sub_min -3.22e-02
  it  13 cost 1.1537167919e-07 |g|inf 8.31e-06 step 3.51e-05 rho +1.201 radius 7.0e-05 shift 9.2e-06 | B_min +3.04e-06 lam_min 8.92e-06 lam_k 9.91e-01 S_sub_min -3.23e-02
  it  14 cost 1.1537164367e-07 |g|inf 2.46e-05 step 7.01e-05 rho +1.324 radius 1.4e-04 shift 3.5e-06 | B_min +2.71e-06 lam_min 8.93e-06 lam_k 9.91e-01 S_sub_min -3.23e-02
  it  15 cost 1.1537155431e-07 |g|inf 8.49e-05 step 1.40e-04 rho +1.367 radius 2.8e-04 shift 1.2e-06 | B_min +2.71e-06 lam_min 8.94e-06 lam_k 9.91e-01 S_sub_min -3.23e-02
  it  16 cost 1.1537116023e-07 |g|inf 3.09e-04 step 2.15e-04 rho +1.576 radius 2.8e-04 shift 0.0e+00 | B_min +5.58e-06 lam_min 8.95e-06 lam_k 9.91e-01 S_sub_min -3.22e-02
  it  17 cost 1.1536973192e-07 |g|inf 6.71e-04 step 2.80e-04 rho +1.352 radius 5.6e-04 shift 1.3e-06 | B_min +1.29e-05 lam_min 8.98e-06 lam_k 9.92e-01 S_sub_min -3.20e-02
  it  18 cost 1.1536678531e-07 |g|inf 1.24e-03 step 1.23e-04 rho +1.224 radius 2.5e-04 shift 5.7e-05 | B_min +1.32e-05 lam_min 9.02e-06 lam_k 9.92e-01 S_sub_min -3.18e-02
  it  19 cost 1.1536261823e-07 |g|inf 2.35e-04 step 2.47e-04 rho +0.934 radius 4.9e-04 shift 8.0e-05 | B_min -1.73e-05 lam_min 9.04e-06 lam_k 9.93e-01 S_sub_min -3.23e-02
  it  20 cost 1.1535690424e-07 |g|inf 1.02e-03 step 4.94e-04 rho +0.504 radius 4.9e-04 shift 3.8e-05 | B_min +5.06e-06 lam_min 9.09e-06 lam_k 9.93e-01 S_sub_min -3.20e-02
  it  21 cost 1.1533429969e-07 |g|inf 3.43e-03 step 3.53e-04 rho +1.159 radius 4.9e-04 shift 0.0e+00 | B_min +3.15e-05 lam_min 9.18e-06 lam_k 9.95e-01 S_sub_min -3.09e-02
  it  22 cost 1.1533111340e-07 |g|inf 2.82e-03 step 4.94e-04 rho +0.096 radius 1.2e-04 shift 9.7e-05 | B_min +4.96e-06 lam_min 9.24e-06 lam_k 9.95e-01 S_sub_min -3.17e-02
  it  23 cost 1.1528344311e-07 |g|inf 6.92e-03 step 1.23e-04 rho +1.030 radius 2.5e-04 shift 4.6e-04 | B_min +1.68e-05 lam_min 9.33e-06 lam_k 9.96e-01 S_sub_min -3.10e-02
  it  24 cost 1.1526342048e-07 |g|inf 4.98e-04 step 2.47e-04 rho +0.902 radius 4.9e-04 shift 3.6e-04 | B_min -1.09e-05 lam_min 9.34e-06 lam_k 9.96e-01 S_sub_min -3.31e-02
  it  25 cost 1.1524633289e-07 |g|inf 1.79e-03 step 4.94e-04 rho +0.571 radius 4.9e-04 shift 4.9e-05 | B_min +1.16e-05 lam_min 9.39e-06 lam_k 9.97e-01 S_sub_min -3.27e-02
  it  26 cost 1.1521071028e-07 |g|inf 5.22e-03 step 4.54e-04 rho +1.000 radius 4.9e-04 shift 0.0e+00 | B_min +2.27e-05 lam_min 9.45e-06 lam_k 9.97e-01 S_sub_min -3.18e-02
  it  27 cost 1.1520097802e-07 |g|inf 4.08e-03 step 4.94e-04 rho +0.307 radius 4.9e-04 shift 2.9e-05 | B_min +3.11e-05 lam_min 9.42e-06 lam_k 9.97e-01 S_sub_min -3.22e-02
  it  28 cost 1.1517140167e-07 |g|inf 5.81e-03 step 4.94e-04 rho +0.689 radius 4.9e-04 shift 2.1e-05 | B_min +1.36e-05 lam_min 9.47e-06 lam_k 9.97e-01 S_sub_min -3.25e-02
  it  29 cost 1.1516471005e-07 |g|inf 7.74e-03 step 4.94e-04 rho +0.181 radius 1.2e-04 shift 3.7e-05 | B_min +2.09e-05 lam_min 9.42e-06 lam_k 9.97e-01 S_sub_min -3.18e-02
  it  30 cost 1.1512332513e-07 |g|inf 5.63e-03 step 1.23e-04 rho +1.010 radius 2.5e-04 shift 2.4e-04 | B_min +6.53e-06 lam_min 9.45e-06 lam_k 9.97e-01 S_sub_min -3.37e-02
  it  31 cost 1.1511301699e-07 |g|inf 8.27e-04 step 2.47e-04 rho +0.837 radius 4.9e-04 shift 1.7e-04 | B_min +1.40e-05 lam_min 9.44e-06 lam_k 9.97e-01 S_sub_min -3.41e-02
  it  32 cost 1.1510611169e-07 |g|inf 1.71e-03 step 4.94e-04 rho +0.510 radius 4.9e-04 shift 1.5e-05 | B_min +1.50e-05 lam_min 9.43e-06 lam_k 9.97e-01 S_sub_min -3.36e-02
  it  33 cost 1.1508798652e-07 |g|inf 5.40e-03 step 3.15e-04 rho +0.914 radius 4.9e-04 shift 0.0e+00 | B_min +2.04e-05 lam_min 9.39e-06 lam_k 9.97e-01 S_sub_min -3.28e-02
  it  34 cost 1.1508707723e-07 |g|inf 3.44e-03 step 4.94e-04 rho +0.051 radius 1.2e-04 shift 2.3e-05 | B_min +5.94e-06 lam_min 9.39e-06 lam_k 9.97e-01 S_sub_min -3.31e-02
  it  35 cost 1.1506245080e-07 |g|inf 7.81e-03 step 1.23e-04 rho +0.997 radius 2.5e-04 shift 3.2e-04 | B_min +7.82e-06 lam_min 9.35e-06 lam_k 9.98e-01 S_sub_min -3.25e-02
  it  36 cost 1.1505382616e-07 |g|inf 8.23e-04 step 2.47e-04 rho +0.962 radius 4.9e-04 shift 1.1e-04 | B_min +7.00e-06 lam_min 9.36e-06 lam_k 9.98e-01 S_sub_min -3.43e-02
  it  37 cost 1.1505041269e-07 |g|inf 1.54e-03 step 4.94e-04 rho +0.371 radius 4.9e-04 shift 1.2e-06 | B_min +1.64e-05 lam_min 9.35e-06 lam_k 9.98e-01 S_sub_min -3.39e-02
  it  38 cost 1.1503261138e-07 |g|inf 5.09e-03 step 2.53e-04 rho +1.084 radius 4.9e-04 shift 0.0e+00 | B_min +2.01e-05 lam_min 9.31e-06 lam_k 9.98e-01 S_sub_min -3.30e-02
  it  39 cost 1.1502484929e-07 |g|inf 2.03e-03 step 1.23e-04 rho +1.152 radius 2.5e-04 shift 1.5e-04 | B_min +7.98e-06 lam_min 9.30e-06 lam_k 9.98e-01 S_sub_min -3.37e-02
  it  40 cost 1.1501841956e-07 |g|inf 3.70e-04 step 2.47e-04 rho +0.815 radius 4.9e-04 shift 9.9e-05 | B_min +1.12e-05 lam_min 9.30e-06 lam_k 9.98e-01 S_sub_min -3.46e-02
  it  41 cost 1.1501147454e-07 |g|inf 1.98e-03 step 1.23e-04 rho +1.156 radius 2.5e-04 shift 1.3e-04 | B_min +1.31e-05 lam_min 9.30e-06 lam_k 9.98e-01 S_sub_min -3.38e-02
  it  42 cost 1.1500565189e-07 |g|inf 2.75e-04 step 2.47e-04 rho +0.773 radius 4.9e-04 shift 1.0e-04 | B_min +1.10e-05 lam_min 9.29e-06 lam_k 9.98e-01 S_sub_min -3.48e-02
  it  43 cost 1.1500536309e-07 |g|inf 1.85e-03 step 4.84e-04 rho +0.036 radius 1.2e-04 shift 0.0e+00 | B_min +1.37e-05 lam_min 9.29e-06 lam_k 9.98e-01 S_sub_min -3.38e-02
  it  44 cost 1.1498949650e-07 |g|inf 5.51e-03 step 1.21e-04 rho +1.025 radius 2.4e-04 shift 1.8e-04 | B_min +1.02e-05 lam_min 9.24e-06 lam_k 9.98e-01 S_sub_min -3.32e-02
  it  45 cost 1.1498339862e-07 |g|inf 7.14e-04 step 2.42e-04 rho +0.960 radius 4.8e-04 shift 7.4e-05 | B_min +7.23e-06 lam_min 9.24e-06 lam_k 9.98e-01 S_sub_min -3.45e-02
  it  46 cost 1.1497611719e-07 |g|inf 1.20e-03 step 3.28e-04 rho +1.244 radius 4.8e-04 shift 0.0e+00 | B_min +1.43e-05 lam_min 9.23e-06 lam_k 9.97e-01 S_sub_min -3.40e-02
  it  47 cost 1.1496836173e-07 |g|inf 1.95e-03 step 2.42e-04 rho +1.270 radius 4.8e-04 shift 0.0e+00 | B_min +1.87e-05 lam_min 9.21e-06 lam_k 9.97e-01 S_sub_min -3.36e-02
  it  48 cost 1.1496273492e-07 |g|inf 1.41e-03 step 1.21e-04 rho +1.191 radius 2.4e-04 shift 1.2e-04 | B_min +9.35e-06 lam_min 9.21e-06 lam_k 9.97e-01 S_sub_min -3.39e-02
  it  49 cost 1.1495742929e-07 |g|inf 3.19e-04 step 2.42e-04 rho +0.858 radius 4.8e-04 shift 8.0e-05 | B_min +1.05e-05 lam_min 9.20e-06 lam_k 9.97e-01 S_sub_min -3.46e-02
  it  50 cost 1.1495311999e-07 |g|inf 1.40e-03 step 4.43e-04 rho +0.630 radius 4.8e-04 shift 0.0e+00 | B_min +1.21e-05 lam_min 9.20e-06 lam_k 9.97e-01 S_sub_min -3.36e-02
  it  51 cost 1.1494191609e-07 |g|inf 3.98e-03 step 1.12e-04 rho +1.077 radius 2.2e-04 shift 1.5e-04 | B_min +1.21e-05 lam_min 9.16e-06 lam_k 9.96e-01 S_sub_min -3.26e-02
  it  52 cost 1.1493562338e-07 |g|inf 5.35e-04 step 2.23e-04 rho +0.962 radius 4.5e-04 shift 1.1e-04 | B_min +5.41e-06 lam_min 9.17e-06 lam_k 9.96e-01 S_sub_min -3.44e-02
  it  53 cost 1.1492804794e-07 |g|inf 8.92e-04 step 4.47e-04 rho +0.934 radius 8.9e-04 shift 5.1e-06 | B_min +1.12e-05 lam_min 9.17e-06 lam_k 9.96e-01 S_sub_min -3.36e-02
  it  54 cost 1.1491436316e-07 |g|inf 2.54e-03 step 1.87e-04 rho +1.315 radius 8.9e-04 shift 0.0e+00 | B_min +1.16e-05 lam_min 9.15e-06 lam_k 9.95e-01 S_sub_min -3.24e-02
  it  55 cost 1.1490564448e-07 |g|inf 5.67e-04 step 2.23e-04 rho +1.050 radius 4.5e-04 shift 1.2e-04 | B_min +1.04e-05 lam_min 9.14e-06 lam_k 9.95e-01 S_sub_min -3.40e-02
  it  56 cost 1.1489414575e-07 |g|inf 1.04e-03 step 4.47e-04 rho +0.964 radius 8.9e-04 shift 2.0e-05 | B_min +9.80e-06 lam_min 9.14e-06 lam_k 9.95e-01 S_sub_min -3.33e-02
  it  57 cost 1.1487490650e-07 |g|inf 2.75e-03 step 3.28e-04 rho +1.369 radius 8.9e-04 shift 0.0e+00 | B_min +8.88e-06 lam_min 9.13e-06 lam_k 9.94e-01 S_sub_min -3.20e-02
  it  58 cost 1.1486135820e-07 |g|inf 1.25e-03 step 2.23e-04 rho +1.109 radius 4.5e-04 shift 1.6e-04 | B_min +8.95e-06 lam_min 9.12e-06 lam_k 9.94e-01 S_sub_min -3.32e-02
  it  59 cost 1.1484387831e-07 |g|inf 1.14e-03 step 4.47e-04 rho +0.927 radius 8.9e-04 shift 5.0e-05 | B_min +9.03e-06 lam_min 9.13e-06 lam_k 9.93e-01 S_sub_min -3.32e-02
  it  60 cost 1.1481685989e-07 |g|inf 3.07e-03 step 5.72e-04 rho +1.231 radius 8.9e-04 shift 0.0e+00 | B_min +6.73e-06 lam_min 9.12e-06 lam_k 9.92e-01 S_sub_min -3.16e-02
  it  61 cost 1.1479166135e-07 |g|inf 3.37e-03 step 2.23e-04 rho +1.105 radius 4.5e-04 shift 2.5e-04 | B_min -8.32e-06 lam_min 9.11e-06 lam_k 9.93e-01 S_sub_min -3.20e-02
  it  62 cost 1.1476270911e-07 |g|inf 1.21e-03 step 4.47e-04 rho +0.933 radius 8.9e-04 shift 1.1e-04 | B_min +8.66e-06 lam_min 9.13e-06 lam_k 9.92e-01 S_sub_min -3.30e-02
  it  63 cost 1.1473373290e-07 |g|inf 3.31e-03 step 8.93e-04 rho +0.775 radius 1.8e-03 shift 8.6e-07 | B_min +8.14e-06 lam_min 9.15e-06 lam_k 9.92e-01 S_sub_min -3.15e-02
  it  64 cost 1.1466754885e-07 |g|inf 7.33e-03 step 2.58e-04 rho +1.088 radius 5.2e-04 shift 2.8e-04 | B_min +1.39e-05 lam_min 9.16e-06 lam_k 9.93e-01 S_sub_min -3.03e-02
  it  65 cost 1.1461704776e-07 |g|inf 1.73e-03 step 5.16e-04 rho +0.900 radius 1.0e-03 shift 1.5e-04 | B_min +7.76e-06 lam_min 9.19e-06 lam_k 9.93e-01 S_sub_min -3.28e-02
  it  66 cost 1.1458789082e-07 |g|inf 4.44e-03 step 1.03e-03 rho +0.433 radius 1.0e-03 shift 6.7e-06 | B_min +9.13e-06 lam_min 9.24e-06 lam_k 9.93e-01 S_sub_min -3.08e-02
  it  67 cost 1.1446282366e-07 |g|inf 1.42e-02 step 2.58e-04 rho +1.075 radius 5.2e-04 shift 4.1e-04 | B_min -7.96e-05 lam_min 9.25e-06 lam_k 9.96e-01 S_sub_min -2.99e-02
  it  68 cost 1.1439067472e-07 |g|inf 1.67e-03 step 5.16e-04 rho +0.921 radius 1.0e-03 shift 2.2e-04 | B_min +7.31e-06 lam_min 9.30e-06 lam_k 9.97e-01 S_sub_min -3.25e-02
  it  69 cost 1.1431107928e-07 |g|inf 4.97e-03 step 1.03e-03 rho +0.840 radius 2.1e-03 shift 2.1e-05 | B_min +9.36e-06 lam_min 9.35e-06 lam_k 9.98e-01 S_sub_min -3.07e-02
  it  70 cost 1.1418772635e-07 |g|inf 1.14e-02 step 5.16e-04 rho +0.983 radius 1.0e-03 shift 1.0e-04 | B_min -6.65e-06 lam_min 9.40e-06 lam_k 1.00e+00 S_sub_min -2.95e-02
  it  71 cost 1.1410971833e-07 |g|inf 5.87e-03 step 2.58e-04 rho +1.104 radius 5.2e-04 shift 4.1e-04 | B_min -7.30e-06 lam_min 9.43e-06 lam_k 1.00e+00 S_sub_min -3.12e-02
  it  72 cost 1.1404089302e-07 |g|inf 1.57e-03 step 5.16e-04 rho +0.887 radius 1.0e-03 shift 2.3e-04 | B_min +1.08e-05 lam_min 9.46e-06 lam_k 1.01e+00 S_sub_min -3.20e-02
  it  73 cost 1.1395614345e-07 |g|inf 5.19e-03 step 1.03e-03 rho +0.844 radius 2.1e-03 shift 4.1e-05 | B_min +7.84e-06 lam_min 9.49e-06 lam_k 1.01e+00 S_sub_min -3.06e-02
  it  74 cost 1.1385636432e-07 |g|inf 1.06e-02 step 5.16e-04 rho +0.996 radius 1.0e-03 shift 9.5e-05 | B_min -3.24e-05 lam_min 9.51e-06 lam_k 1.01e+00 S_sub_min -2.92e-02
  it  75 cost 1.1379988698e-07 |g|inf 6.03e-03 step 2.58e-04 rho +1.052 radius 5.2e-04 shift 3.9e-04 | B_min +5.78e-06 lam_min 9.53e-06 lam_k 1.02e+00 S_sub_min -3.12e-02
  it  76 cost 1.1374074667e-07 |g|inf 2.02e-03 step 5.16e-04 rho +0.967 radius 1.0e-03 shift 1.8e-04 | B_min +8.73e-06 lam_min 9.54e-06 lam_k 1.02e+00 S_sub_min -3.10e-02
  it  77 cost 1.1367164296e-07 |g|inf 4.50e-03 step 1.03e-03 rho +0.841 radius 2.1e-03 shift 3.6e-05 | B_min +8.59e-06 lam_min 9.56e-06 lam_k 1.02e+00 S_sub_min -3.03e-02
  it  78 cost 1.1359111721e-07 |g|inf 8.14e-03 step 5.16e-04 rho +1.060 radius 1.0e-03 shift 5.9e-05 | B_min -3.52e-05 lam_min 9.58e-06 lam_k 1.02e+00 S_sub_min -2.83e-02
  it  79 cost 1.1355042842e-07 |g|inf 6.33e-03 step 2.58e-04 rho +0.996 radius 5.2e-04 shift 3.5e-04 | B_min +7.69e-06 lam_min 9.58e-06 lam_k 1.02e+00 S_sub_min -3.11e-02
  it  80 cost 1.1350071077e-07 |g|inf 2.90e-03 step 5.16e-04 rho +1.007 radius 1.0e-03 shift 1.3e-04 | B_min +7.09e-06 lam_min 9.59e-06 lam_k 1.03e+00 S_sub_min -3.02e-02
  it  81 cost 1.1346065425e-07 |g|inf 4.26e-03 step 1.03e-03 rho +0.624 radius 1.0e-03 shift 2.7e-05 | B_min +1.39e-05 lam_min 9.61e-06 lam_k 1.03e+00 S_sub_min -3.07e-02
  it  82 cost 1.1339319665e-07 |g|inf 9.27e-03 step 2.58e-04 rho +1.040 radius 5.2e-04 shift 2.3e-04 | B_min -3.31e-05 lam_min 9.64e-06 lam_k 1.03e+00 S_sub_min -2.82e-02
  it  83 cost 1.1336707664e-07 |g|inf 1.90e-03 step 5.16e-04 rho +0.582 radius 5.2e-04 shift 1.2e-04 | B_min +1.24e-05 lam_min 9.66e-06 lam_k 1.03e+00 S_sub_min -3.24e-02
  it  84 cost 1.1331036232e-07 |g|inf 9.41e-03 step 5.16e-04 rho +1.094 radius 1.0e-03 shift 4.5e-05 | B_min +4.44e-06 lam_min 9.69e-06 lam_k 1.03e+00 S_sub_min -2.86e-02
  it  85 cost 1.1328564654e-07 |g|inf 2.52e-03 step 2.58e-04 rho +0.859 radius 5.2e-04 shift 2.7e-04 | B_min +1.09e-05 lam_min 9.71e-06 lam_k 1.03e+00 S_sub_min -3.30e-02
  it  86 cost 1.1325002779e-07 |g|inf 4.51e-03 step 5.16e-04 rho +0.939 radius 1.0e-03 shift 8.1e-05 | B_min +6.54e-06 lam_min 9.73e-06 lam_k 1.03e+00 S_sub_min -3.01e-02
  it  87 cost 1.1322179339e-07 |g|inf 4.96e-03 step 2.58e-04 rho +1.033 radius 5.2e-04 shift 1.7e-04 | B_min +6.72e-06 lam_min 9.76e-06 lam_k 1.03e+00 S_sub_min -3.23e-02
  it  88 cost 1.1319412631e-07 |g|inf 3.32e-03 step 5.16e-04 rho +0.805 radius 1.0e-03 shift 8.1e-05 | B_min +9.56e-06 lam_min 9.78e-06 lam_k 1.03e+00 S_sub_min -3.08e-02
  it  89 cost 1.1316334126e-07 |g|inf 6.07e-03 step 2.58e-04 rho +1.086 radius 5.2e-04 shift 1.3e-04 | B_min +8.14e-06 lam_min 9.81e-06 lam_k 1.03e+00 S_sub_min -3.17e-02
  it  90 cost 1.1314386911e-07 |g|inf 2.63e-03 step 5.16e-04 rho +0.602 radius 5.2e-04 shift 8.2e-05 | B_min +1.25e-05 lam_min 9.83e-06 lam_k 1.03e+00 S_sub_min -3.13e-02
  it  91 cost 1.1310709418e-07 |g|inf 6.91e-03 step 5.16e-04 rho +1.014 radius 1.0e-03 shift 2.6e-05 | B_min +1.22e-05 lam_min 9.86e-06 lam_k 1.03e+00 S_sub_min -3.11e-02
  it  92 cost 1.1308518944e-07 |g|inf 3.06e-03 step 2.58e-04 rho +0.980 radius 5.2e-04 shift 2.1e-04 | B_min +1.84e-05 lam_min 9.90e-06 lam_k 1.03e+00 S_sub_min -3.10e-02
  it  93 cost 1.1307080652e-07 |g|inf 2.06e-03 step 5.16e-04 rho +0.554 radius 5.2e-04 shift 4.8e-05 | B_min +9.98e-06 lam_min 9.92e-06 lam_k 1.03e+00 S_sub_min -3.26e-02
  it  94 cost 1.1303972633e-07 |g|inf 9.05e-03 step 4.53e-04 rho +0.980 radius 5.2e-04 shift 0.0e+00 | B_min +1.65e-05 lam_min 9.97e-06 lam_k 1.03e+00 S_sub_min -2.95e-02
  it  95 cost 1.1302187048e-07 |g|inf 1.91e-03 step 1.29e-04 rho +0.937 radius 2.6e-04 shift 5.2e-04 | B_min +1.74e-05 lam_min 9.99e-06 lam_k 1.03e+00 S_sub_min -3.27e-02
  it  96 cost 1.1300582623e-07 |g|inf 1.59e-03 step 2.58e-04 rho +0.965 radius 5.2e-04 shift 2.0e-04 | B_min +8.34e-06 lam_min 1.00e-05 lam_k 1.03e+00 S_sub_min -3.20e-02
  it  97 cost 1.1298983781e-07 |g|inf 1.92e-03 step 5.16e-04 rho +0.743 radius 5.2e-04 shift 3.2e-05 | B_min +1.03e-05 lam_min 1.00e-05 lam_k 1.03e+00 S_sub_min -3.21e-02
  it  98 cost 1.1296710446e-07 |g|inf 7.48e-03 step 3.98e-04 rho +0.984 radius 5.2e-04 shift 0.0e+00 | B_min +1.28e-05 lam_min 1.01e-05 lam_k 1.03e+00 S_sub_min -3.03e-02
  it  99 cost 1.1295135862e-07 |g|inf 1.78e-03 step 1.29e-04 rho +0.976 radius 2.6e-04 shift 4.4e-04 | B_min +2.08e-05 lam_min 1.01e-05 lam_k 1.03e+00 S_sub_min -3.18e-02
  it 100 cost 1.1293678133e-07 |g|inf 1.41e-03 step 2.58e-04 rho +0.952 radius 5.2e-04 shift 1.9e-04 | B_min +8.38e-06 lam_min 1.01e-05 lam_k 1.03e+00 S_sub_min -3.23e-02
  it 101 cost 1.1292262979e-07 |g|inf 1.96e-03 step 5.16e-04 rho +0.759 radius 1.0e-03 shift 2.0e-05 | B_min +9.31e-06 lam_min 1.01e-05 lam_k 1.03e+00 S_sub_min -3.20e-02
  it 102 cost 1.1292137258e-07 |g|inf 7.12e-03 step 5.60e-04 rho +0.057 radius 1.4e-04 shift 0.0e+00 | B_min +1.07e-05 lam_min 1.02e-05 lam_k 1.03e+00 S_sub_min -3.05e-02
  it 103 cost 1.1288719615e-07 |g|inf 3.26e-03 step 1.40e-04 rho +0.969 radius 2.8e-04 shift 4.2e-04 | B_min +2.44e-06 lam_min 1.02e-05 lam_k 1.02e+00 S_sub_min -3.12e-02
  it 104 cost 1.1287264170e-07 |g|inf 1.54e-03 step 2.80e-04 rho +0.913 radius 5.6e-04 shift 1.6e-04 | B_min +8.25e-06 lam_min 1.02e-05 lam_k 1.02e+00 S_sub_min -3.23e-02
  it 105 cost 1.1286118889e-07 |g|inf 2.05e-03 step 5.60e-04 rho +0.650 radius 5.6e-04 shift 7.8e-06 | B_min +8.51e-06 lam_min 1.03e-05 lam_k 1.02e+00 S_sub_min -3.19e-02
  it 106 cost 1.1283809384e-07 |g|inf 7.49e-03 step 1.40e-04 rho +1.069 radius 2.8e-04 shift 1.9e-04 | B_min +5.00e-06 lam_min 1.03e-05 lam_k 1.02e+00 S_sub_min -3.03e-02
  it 107 cost 1.1282712601e-07 |g|inf 4.82e-04 step 2.80e-04 rho +0.711 radius 2.8e-04 shift 1.6e-04 | B_min +7.95e-06 lam_min 1.03e-05 lam_k 1.02e+00 S_sub_min -3.30e-02
  it 108 cost 1.1280960894e-07 |g|inf 4.28e-03 step 2.80e-04 rho +1.150 radius 5.6e-04 shift 4.5e-05 | B_min +6.99e-06 lam_min 1.04e-05 lam_k 1.02e+00 S_sub_min -3.08e-02
  it 109 cost 1.1279956537e-07 |g|inf 1.39e-03 step 1.40e-04 rho +1.001 radius 2.8e-04 shift 3.1e-04 | B_min +1.32e-05 lam_min 1.04e-05 lam_k 1.02e+00 S_sub_min -3.31e-02
  it 110 cost 1.1278684974e-07 |g|inf 1.48e-03 step 2.80e-04 rho +0.915 radius 5.6e-04 shift 1.3e-04 | B_min +8.19e-06 lam_min 1.04e-05 lam_k 1.02e+00 S_sub_min -3.22e-02
  it 111 cost 1.1277529810e-07 |g|inf 2.14e-03 step 4.31e-04 rho +0.870 radius 5.6e-04 shift 0.0e+00 | B_min +8.70e-06 lam_min 1.05e-05 lam_k 1.02e+00 S_sub_min -3.20e-02
  it 112 cost 1.1275751415e-07 |g|inf 5.97e-03 step 1.40e-04 rho +1.098 radius 2.8e-04 shift 1.7e-04 | B_min +1.56e-05 lam_min 1.05e-05 lam_k 1.02e+00 S_sub_min -3.06e-02
  it 113 cost 1.1274725075e-07 |g|inf 4.86e-04 step 2.80e-04 rho +0.732 radius 2.8e-04 shift 1.4e-04 | B_min +7.74e-06 lam_min 1.05e-05 lam_k 1.02e+00 S_sub_min -3.30e-02
  it 114 cost 1.1273120984e-07 |g|inf 3.89e-03 step 2.80e-04 rho +1.166 radius 5.6e-04 shift 3.5e-05 | B_min +7.52e-06 lam_min 1.06e-05 lam_k 1.02e+00 S_sub_min -3.08e-02
  it 115 cost 1.1272176213e-07 |g|inf 1.30e-03 step 1.40e-04 rho +1.001 radius 2.8e-04 shift 2.9e-04 | B_min +1.19e-05 lam_min 1.06e-05 lam_k 1.02e+00 S_sub_min -3.31e-02
  it 116 cost 1.1271001391e-07 |g|inf 1.40e-03 step 2.80e-04 rho +0.902 radius 5.6e-04 shift 1.2e-04 | B_min +8.21e-06 lam_min 1.06e-05 lam_k 1.02e+00 S_sub_min -3.21e-02
  it 117 cost 1.1270072005e-07 |g|inf 1.99e-03 step 4.00e-04 rho +0.763 radius 5.6e-04 shift 0.0e+00 | B_min +8.67e-06 lam_min 1.06e-05 lam_k 1.02e+00 S_sub_min -3.20e-02
  it 118 cost 1.1268305108e-07 |g|inf 5.82e-03 step 1.40e-04 rho +1.079 radius 2.8e-04 shift 1.8e-04 | B_min +1.71e-05 lam_min 1.07e-05 lam_k 1.02e+00 S_sub_min -3.04e-02
  it 119 cost 1.1267363131e-07 |g|inf 4.76e-04 step 2.80e-04 rho +0.719 radius 2.8e-04 shift 1.3e-04 | B_min +7.54e-06 lam_min 1.07e-05 lam_k 1.02e+00 S_sub_min -3.30e-02
  it 120 cost 1.1265858294e-07 |g|inf 3.79e-03 step 2.80e-04 rho +1.158 radius 5.6e-04 shift 3.2e-05 | B_min +7.93e-06 lam_min 1.08e-05 lam_k 1.02e+00 S_sub_min -3.07e-02
  it 121 cost 1.1264977506e-07 |g|inf 1.17e-03 step 1.40e-04 rho +0.986 radius 2.8e-04 shift 2.7e-04 | B_min +1.24e-05 lam_min 1.08e-05 lam_k 1.02e+00 S_sub_min -3.31e-02
  it 122 cost 1.1263893545e-07 |g|inf 1.40e-03 step 2.80e-04 rho +0.887 radius 5.6e-04 shift 1.1e-04 | B_min +8.20e-06 lam_min 1.08e-05 lam_k 1.02e+00 S_sub_min -3.20e-02
  it 123 cost 1.1263192999e-07 |g|inf 1.87e-03 step 3.97e-04 rho +0.612 radius 5.6e-04 shift 0.0e+00 | B_min +8.95e-06 lam_min 1.09e-05 lam_k 1.02e+00 S_sub_min -3.19e-02
  it 124 cost 1.1261408266e-07 |g|inf 6.22e-03 step 1.40e-04 rho +1.056 radius 2.8e-04 shift 1.8e-04 | B_min +1.61e-05 lam_min 1.09e-05 lam_k 1.02e+00 S_sub_min -3.02e-02
  it 125 cost 1.1260587486e-07 |g|inf 4.28e-04 step 2.80e-04 rho +0.673 radius 2.8e-04 shift 1.2e-04 | B_min +7.29e-06 lam_min 1.09e-05 lam_k 1.02e+00 S_sub_min -3.30e-02
  it 126 cost 1.1259173785e-07 |g|inf 3.87e-03 step 2.80e-04 rho +1.135 radius 5.6e-04 shift 2.9e-05 | B_min +8.11e-06 lam_min 1.10e-05 lam_k 1.02e+00 S_sub_min -3.05e-02
  it 127 cost 1.1258374153e-07 |g|inf 1.04e-03 step 1.40e-04 rho +0.956 radius 2.8e-04 shift 2.6e-04 | B_min +1.31e-05 lam_min 1.10e-05 lam_k 1.02e+00 S_sub_min -3.32e-02
  it 128 cost 1.1257400430e-07 |g|inf 1.43e-03 step 2.80e-04 rho +0.869 radius 5.6e-04 shift 1.0e-04 | B_min +8.22e-06 lam_min 1.10e-05 lam_k 1.02e+00 S_sub_min -3.18e-02
  it 129 cost 1.1257062837e-07 |g|inf 1.76e-03 step 3.99e-04 rho +0.319 radius 5.6e-04 shift 0.0e+00 | B_min +9.51e-06 lam_min 1.11e-05 lam_k 1.02e+00 S_sub_min -3.20e-02
  it 130 cost 1.1255172171e-07 |g|inf 6.84e-03 step 1.40e-04 rho +1.028 radius 2.8e-04 shift 1.8e-04 | B_min +1.30e-05 lam_min 1.12e-05 lam_k 1.02e+00 S_sub_min -3.01e-02
  it 131 cost 1.1254516865e-07 |g|inf 3.58e-04 step 2.80e-04 rho +0.597 radius 2.8e-04 shift 1.1e-04 | B_min +7.07e-06 lam_min 1.12e-05 lam_k 1.02e+00 S_sub_min -3.30e-02
  it 132 cost 1.1253222410e-07 |g|inf 3.98e-03 step 2.80e-04 rho +1.102 radius 5.6e-04 shift 2.4e-05 | B_min +8.55e-06 lam_min 1.12e-05 lam_k 1.02e+00 S_sub_min -3.03e-02
  it 133 cost 1.1252536146e-07 |g|inf 9.15e-04 step 1.40e-04 rho +0.914 radius 2.8e-04 shift 2.3e-04 | B_min +1.37e-05 lam_min 1.13e-05 lam_k 1.02e+00 S_sub_min -3.32e-02
  it 134 cost 1.1251713144e-07 |g|inf 1.47e-03 step 2.80e-04 rho +0.846 radius 5.6e-04 shift 8.5e-05 | B_min +8.46e-06 lam_min 1.13e-05 lam_k 1.02e+00 S_sub_min -3.16e-02
  it 135 cost 1.1251032650e-07 |g|inf 1.67e-03 step 1.01e-04 rho +1.079 radius 2.0e-04 shift 2.3e-04 | B_min +1.06e-05 lam_min 1.13e-05 lam_k 1.02e+00 S_sub_min -3.22e-02
  it 136 cost 1.1250378285e-07 |g|inf 6.76e-04 step 2.02e-04 rho +0.950 radius 4.0e-04 shift 1.5e-04 | B_min +8.87e-06 lam_min 1.13e-05 lam_k 1.02e+00 S_sub_min -3.25e-02
  it 137 cost 1.1249910008e-07 |g|inf 1.23e-03 step 4.03e-04 rho +0.561 radius 4.0e-04 shift 1.1e-05 | B_min +9.88e-06 lam_min 1.14e-05 lam_k 1.02e+00 S_sub_min -3.21e-02
  it 138 cost 1.1248606604e-07 |g|inf 4.79e-03 step 1.85e-04 rho +1.166 radius 4.0e-04 shift 0.0e+00 | B_min +2.23e-05 lam_min 1.15e-05 lam_k 1.02e+00 S_sub_min -3.07e-02
  it 139 cost 1.1248209727e-07 |g|inf 6.52e-04 step 1.01e-04 rho +1.035 radius 2.0e-04 shift 2.7e-04 | B_min +1.05e-05 lam_min 1.15e-05 lam_k 1.02e+00 S_sub_min -3.24e-02
  it 140 cost 1.1247660495e-07 |g|inf 6.71e-04 step 2.02e-04 rho +0.955 radius 4.0e-04 shift 1.2e-04 | B_min +8.83e-06 lam_min 1.15e-05 lam_k 1.02e+00 S_sub_min -3.26e-02
  it 141 cost 1.1247362836e-07 |g|inf 1.35e-03 step 3.99e-04 rho +0.477 radius 4.0e-04 shift 0.0e+00 | B_min +1.04e-05 lam_min 1.15e-05 lam_k 1.02e+00 S_sub_min -3.21e-02
  it 142 cost 1.1246250533e-07 |g|inf 4.50e-03 step 1.71e-04 rho +1.127 radius 4.0e-04 shift 0.0e+00 | B_min +1.93e-05 lam_min 1.16e-05 lam_k 1.02e+00 S_sub_min -3.12e-02
  it 143 cost 1.1245923043e-07 |g|inf 6.69e-04 step 1.01e-04 rho +1.032 radius 2.0e-04 shift 2.2e-04 | B_min +1.04e-05 lam_min 1.16e-05 lam_k 1.02e+00 S_sub_min -3.22e-02
  it 144 cost 1.1245489821e-07 |g|inf 6.55e-04 step 2.02e-04 rho +0.956 radius 4.0e-04 shift 8.7e-05 | B_min +9.43e-06 lam_min 1.17e-05 lam_k 1.02e+00 S_sub_min -3.26e-02
  it 145 cost 1.1245093119e-07 |g|inf 1.40e-03 step 3.25e-04 rho +0.911 radius 4.0e-04 shift 0.0e+00 | B_min +1.12e-05 lam_min 1.17e-05 lam_k 1.02e+00 S_sub_min -3.22e-02
  it 146 cost 1.1244481624e-07 |g|inf 3.05e-03 step 1.84e-04 rho +1.181 radius 4.0e-04 shift 0.0e+00 | B_min +1.74e-05 lam_min 1.18e-05 lam_k 1.02e+00 S_sub_min -3.18e-02
  it 147 cost 1.1244211200e-07 |g|inf 7.38e-04 step 1.01e-04 rho +1.046 radius 2.0e-04 shift 1.6e-04 | B_min +1.27e-05 lam_min 1.18e-05 lam_k 1.02e+00 S_sub_min -3.23e-02
  it 148 cost 1.1243883485e-07 |g|inf 6.53e-04 step 2.02e-04 rho +0.963 radius 4.0e-04 shift 6.0e-05 | B_min +1.03e-05 lam_min 1.18e-05 lam_k 1.02e+00 S_sub_min -3.26e-02
  it 149 cost 1.1243537833e-07 |g|inf 1.39e-03 step 2.67e-04 rho +1.164 radius 4.0e-04 shift 0.0e+00 | B_min +1.21e-05 lam_min 1.19e-05 lam_k 1.02e+00 S_sub_min -3.24e-02
  it 150 cost 1.1243176229e-07 |g|inf 2.33e-03 step 1.95e-04 rho +1.216 radius 4.0e-04 shift 0.0e+00 | B_min +1.55e-05 lam_min 1.19e-05 lam_k 1.02e+00 S_sub_min -3.21e-02
  it 151 cost 1.1242946786e-07 |g|inf 9.92e-04 step 1.00e-04 rho +1.079 radius 2.0e-04 shift 1.0e-04 | B_min +1.34e-05 lam_min 1.20e-05 lam_k 1.02e+00 S_sub_min -3.25e-02
  it 152 cost 1.1242704867e-07 |g|inf 7.02e-04 step 2.00e-04 rho +0.970 radius 4.0e-04 shift 3.9e-05 | B_min +1.11e-05 lam_min 1.20e-05 lam_k 1.02e+00 S_sub_min -3.27e-02
  it 153 cost 1.1242438266e-07 |g|inf 1.29e-03 step 2.27e-04 rho +1.278 radius 4.0e-04 shift 0.0e+00 | B_min +1.27e-05 lam_min 1.21e-05 lam_k 1.02e+00 S_sub_min -3.26e-02
  it 154 cost 1.1242218753e-07 |g|inf 1.75e-03 step 2.14e-04 rho +1.106 radius 4.0e-04 shift 0.0e+00 | B_min +1.68e-05 lam_min 1.21e-05 lam_k 1.02e+00 S_sub_min -3.24e-02
  it 155 cost 1.1242025311e-07 |g|inf 1.43e-03 step 2.44e-04 rho +0.871 radius 4.0e-04 shift 0.0e+00 | B_min +1.31e-05 lam_min 1.22e-05 lam_k 1.02e+00 S_sub_min -3.27e-02
  it 156 cost 1.1241909345e-07 |g|inf 2.43e-03 step 2.80e-04 rho +0.447 radius 4.0e-04 shift 0.0e+00 | B_min +1.83e-05 lam_min 1.22e-05 lam_k 1.02e+00 S_sub_min -3.18e-02
  it 157 cost 1.1241607662e-07 |g|inf 1.68e-03 step 1.00e-04 rho +0.894 radius 2.0e-04 shift 8.7e-05 | B_min +1.30e-05 lam_min 1.23e-05 lam_k 1.02e+00 S_sub_min -3.31e-02
  it 158 cost 1.1241456468e-07 |g|inf 8.91e-04 step 2.00e-04 rho +0.928 radius 4.0e-04 shift 1.5e-05 | B_min +1.16e-05 lam_min 1.23e-05 lam_k 1.02e+00 S_sub_min -3.24e-02
  it 159 cost 1.1241330780e-07 |g|inf 9.80e-04 step 2.13e-04 rho +0.907 radius 4.0e-04 shift 0.0e+00 | B_min +1.35e-05 lam_min 1.23e-05 lam_k 1.02e+00 S_sub_min -3.33e-02
  it 160 cost 1.1241293224e-07 |g|inf 1.37e-03 step 2.70e-04 rho +0.237 radius 6.8e-05 shift 0.0e+00 | B_min +1.31e-05 lam_min 1.24e-05 lam_k 1.02e+00 S_sub_min -3.18e-02
  it 161 cost 1.1241081655e-07 |g|inf 1.28e-03 step 6.75e-05 rho +0.951 radius 1.4e-04 shift 9.3e-05 | B_min +1.59e-05 lam_min 1.24e-05 lam_k 1.02e+00 S_sub_min -3.33e-02
  it 162 cost 1.1241002194e-07 |g|inf 3.99e-04 step 1.35e-04 rho +1.075 radius 2.7e-04 shift 2.0e-05 | B_min +1.05e-05 lam_min 1.25e-05 lam_k 1.02e+00 S_sub_min -3.29e-02
  it 163 cost 1.1240933369e-07 |g|inf 6.14e-04 step 1.53e-04 rho +1.285 radius 2.7e-04 shift 0.0e+00 | B_min +1.21e-05 lam_min 1.25e-05 lam_k 1.02e+00 S_sub_min -3.32e-02
  it 164 cost 1.1240876353e-07 |g|inf 7.64e-04 step 1.12e-04 rho +1.326 radius 2.7e-04 shift 0.0e+00 | B_min +1.26e-05 lam_min 1.25e-05 lam_k 1.02e+00 S_sub_min -3.28e-02
  it 165 cost 1.1240836506e-07 |g|inf 4.39e-04 step 1.23e-04 rho +1.190 radius 2.7e-04 shift 0.0e+00 | B_min +1.22e-05 lam_min 1.26e-05 lam_k 1.02e+00 S_sub_min -3.33e-02
  it 166 cost 1.1240801965e-07 |g|inf 6.20e-04 step 8.42e-05 rho +1.289 radius 2.7e-04 shift 0.0e+00 | B_min +1.17e-05 lam_min 1.26e-05 lam_k 1.02e+00 S_sub_min -3.29e-02
  it 167 cost 1.1240783555e-07 |g|inf 2.29e-04 step 1.13e-04 rho +0.990 radius 2.7e-04 shift 0.0e+00 | B_min +1.14e-05 lam_min 1.26e-05 lam_k 1.02e+00 S_sub_min -3.34e-02
  it 168 cost 1.1240764708e-07 |g|inf 5.49e-04 step 4.54e-05 rho +1.197 radius 2.7e-04 shift 0.0e+00 | B_min +1.14e-05 lam_min 1.26e-05 lam_k 1.02e+00 S_sub_min -3.30e-02
  it 169 cost 1.1240758986e-07 |g|inf 6.62e-05 step 9.78e-05 rho +0.693 radius 2.7e-04 shift 0.0e+00 | B_min +1.02e-05 lam_min 1.27e-05 lam_k 1.02e+00 S_sub_min -3.34e-02
  it 170 cost 1.1240750584e-07 |g|inf 4.17e-04 step 1.43e-05 rho +1.083 radius 2.7e-04 shift 0.0e+00 | B_min +1.14e-05 lam_min 1.27e-05 lam_k 1.02e+00 S_sub_min -3.31e-02
  it 171 cost 1.1240748735e-07 |g|inf 7.53e-06 step 5.32e-05 rho +0.929 radius 2.7e-04 shift 0.0e+00 | B_min +9.19e-06 lam_min 1.27e-05 lam_k 1.02e+00 S_sub_min -3.34e-02
  it 172 cost 1.1240747525e-07 |g|inf 1.20e-04 step 3.19e-06 rho +1.078 radius 2.7e-04 shift 0.0e+00 | B_min +1.04e-05 lam_min 1.27e-05 lam_k 1.02e+00 S_sub_min -3.33e-02
  it 173 cost 1.1240747221e-07 |g|inf 4.47e-07 step 1.91e-05 rho +1.096 radius 2.7e-04 shift 0.0e+00 | B_min +9.09e-06 lam_min 1.27e-05 lam_k 1.02e+00 S_sub_min -3.34e-02
  it 174 cost 1.1240747103e-07 |g|inf 1.47e-05 step 1.05e-06 rho +1.114 radius 2.7e-04 shift 0.0e+00 | B_min +9.35e-06 lam_min 1.27e-05 lam_k 1.02e+00 S_sub_min -3.34e-02
  it 175 cost 1.1240747062e-07 |g|inf 5.17e-08 step 6.72e-06 rho +1.124 radius 2.7e-04 shift 0.0e+00 | B_min +9.11e-06 lam_min 1.27e-05 lam_k 1.02e+00 S_sub_min -3.34e-02
  it 176 cost 1.1240747047e-07 |g|inf 1.78e-06 step 4.07e-07 rho +1.128 radius 2.7e-04 shift 0.0e+00 | B_min +9.14e-06 lam_min 1.27e-05 lam_k 1.02e+00 S_sub_min -3.34e-02
  it 177 cost 1.1240747042e-07 |g|inf 1.38e-08 step 2.40e-06 rho +1.134 radius 2.7e-04 shift 0.0e+00 | B_min +9.11e-06 lam_min 1.27e-05 lam_k 1.02e+00 S_sub_min -3.34e-02
  it 178 cost 1.1240747040e-07 |g|inf 2.34e-07 step 1.61e-07 rho +1.161 radius 2.7e-04 shift 0.0e+00 | B_min +9.12e-06 lam_min 1.27e-05 lam_k 1.02e+00 S_sub_min -3.34e-02
  it 179 cost 1.1240747039e-07 |g|inf 5.41e-09 step 8.59e-07 rho +1.149 radius 2.7e-04 shift 0.0e+00 | B_min +9.12e-06 lam_min 1.27e-05 lam_k 1.02e+00 S_sub_min -3.34e-02
  it 180 cost 1.1240747039e-07 |g|inf 3.41e-08 step 6.34e-08 rho +1.103 radius 2.7e-04 shift 0.0e+00 | B_min +9.12e-06 lam_min 1.27e-05 lam_k 1.02e+00 S_sub_min -3.34e-02
  it 181 cost 1.1240747039e-07 |g|inf 2.57e-09 step 3.08e-07 rho +1.239 radius 2.7e-04 shift 0.0e+00 | B_min +9.12e-06 lam_min 1.27e-05 lam_k 1.02e+00 S_sub_min -3.34e-02
  it 182 cost 1.1240747039e-07 |g|inf 9.60e-09 step 2.48e-08 rho +0.998 radius 2.7e-04 shift 0.0e+00 | B_min +9.12e-06 lam_min 1.27e-05 lam_k 1.02e+00 S_sub_min -3.34e-02
  it 183 cost 1.1240747038e-07 |g|inf 8.42e-10 step 1.11e-07 rho +2.119 radius 2.7e-04 shift 0.0e+00 | B_min +9.12e-06 lam_min 1.27e-05 lam_k 1.02e+00 S_sub_min -3.34e-02
  it 184 cost 1.1240747038e-07 |g|inf 3.66e-09 step 9.65e-09 rho +1.023 radius 2.7e-04 shift 0.0e+00 | B_min +9.12e-06 lam_min 1.27e-05 lam_k 1.02e+00 S_sub_min -3.34e-02
  it 185 cost 1.1240747038e-07 |g|inf 2.08e-09 step 3.97e-08 rho +0.286 radius 2.7e-04 shift 0.0e+00 | B_min +9.12e-06 lam_min 1.27e-05 lam_k 1.02e+00 S_sub_min -3.34e-02
  it 186 cost 1.1240747038e-07 |g|inf 1.26e-09 step 3.73e-09 rho +27.748 radius 2.7e-04 shift 0.0e+00 | B_min +9.12e-06 lam_min 1.27e-05 lam_k 1.02e+00 S_sub_min -3.34e-02
  it 187 cost 1.1240747038e-07 |g|inf 1.90e-09 step 1.36e-14 rho +2127.348 radius 2.7e-14 shift 5.4e+03 | B_min +9.12e-06 lam_min 1.27e-05 lam_k 1.02e+00 S_sub_min -3.34e-02
  it 188 cost 1.1240747038e-07 |g|inf 1.22e-09 step 2.66e-17 rho +204249.470 radius 5.3e-17 shift 4.4e+07 | B_min +9.12e-06 lam_min 1.27e-05 lam_k 1.02e+00 S_sub_min -3.34e-02
  it 189 cost 1.1240747038e-07 |g|inf 8.57e-10 step 3.32e-18 rho +4007616.055 radius 6.6e-18 shift 7.2e+08 | B_min +9.12e-06 lam_min 1.27e-05 lam_k 1.02e+00 S_sub_min -3.34e-02
  it 190 cost 1.1240747038e-07 |g|inf 8.13e-10 step 4.15e-19 rho +5581960.736 radius 8.3e-19 shift 6.7e+09 | B_min +9.12e-06 lam_min 1.27e-05 lam_k 1.02e+00 S_sub_min -3.34e-02
  it 191 cost 1.1240747038e-07 |g|inf 8.12e-10 step 5.19e-20 rho +11287532.773 radius 1.0e-19 shift 5.5e+10 | B_min +9.12e-06 lam_min 1.27e-05 lam_k 1.02e+00 S_sub_min -3.34e-02
start 2: no acceptable step after 192 its, 51 s; force 1.124075e-07  QS 4.4454821e-04  Booz 2.1302e-03 3.7521e-03 8.1907e-03  iota [1.181107, 1.203463]
spread start 1 vs start 0: QS rel 8.73e-08  iota max 7.41e-10
spread start 2 vs start 0: QS rel 7.82e-08  iota max 5.85e-10
vs exact-Hessian reference (QS 4.445482e-04, force 1.1241e-07): QS rel 6.54e-08
