Running as unit: run-p1965415-i1968686.scope; invocation ID: f62ccf895d3c467c939c076404cd2873
E1007 17:00:21.899952 1965519 cuda_executor.cc:1743] Could not get kernel mode driver version: ( INVALID_ARGUMENT: Version does not match the format X.Y.Z )
E1007 17:00:21.911793 1965415 cuda_executor.cc:1743] Could not get kernel mode driver version: ( INVALID_ARGUMENT: Version does not match the format X.Y.Z )
DESC /home/singh/Documents/DESC2/desc
DEVICE requested=gpu obtained=gpu (1x NVIDIA GeForce RTX 5070 Laptop GPU)
  [mem] RSS 0.83 GB  peak 0.83 GB
eq work/ss_qh/arcB2/ss_k4/eq_k4.h5 NFP 4 sym True; start work/ss_qh/xyz/stage2/result.h5: 4 unique coils (FourierXYZCoil), 4 top-level; VACUUM
BOUNDS L 2.926  Ltot -  kappa 13.67  kms 18.69  convex -  planar -  dcc 0.05851  dpc 0.1097
  built coil arclength residual in 1.4 s
  built coil length in 0.1 s
  built coil curvature in 0.1 s
  built coil mean squared curvature in 0.1 s
  built coil-coil distance rows in 2.4 s
E1007 17:00:35.178262 1965530 xtile_compiler.cc:399] Fusion: input_reduce_fusion = f64[66177]{0} fusion(a.1, b.1), kind=kCustom, calls=fused_reduce.clone, backend_config={"operation_queue_id":"0","wait_on_operation_queues":[],"fusion_backend_config":{"kind":"__triton","block_level_fusion_config":{"num_warps":"8","output_tiles":[{"sizes":["64"]}],"num_ctas":1,"num_stages":1,"is_tma_allowed":true,"is_warp_specialization_allowed":false}},"force_earliest_schedule":false,"reification_cost":[],"device_type":"DEVICE_TYPE_INVALID"}
E1007 17:00:35.178313 1965530 xtile_compiler.cc:401] Computation: fused_reduce.clone {
  param_0.2 = f64[66177,144]{1,0} parameter(0)
  param_1.2 = f64[144]{0} parameter(1)
  broadcast.2 = f64[66177,144]{1,0} broadcast(param_1.2), dimensions={1}
  multiply.2 = f64[66177,144]{1,0} multiply(param_0.2, broadcast.2)
  constant_2 = f64[] constant(0)
  ROOT reduce.2 = f64[66177]{0} reduce(multiply.2, constant_2), dimensions={1}, to_apply=scalar_add_computation
}
E1007 17:00:38.920482 1965545 xtile_compiler.cc:399] Fusion: input_reduce_fusion = f64[65792]{0} fusion(a.1, b.1), kind=kCustom, calls=fused_reduce.clone, backend_config={"operation_queue_id":"0","wait_on_operation_queues":[],"fusion_backend_config":{"kind":"__triton","block_level_fusion_config":{"num_warps":"8","output_tiles":[{"sizes":["64"]}],"num_ctas":1,"num_stages":1,"is_tma_allowed":true,"is_warp_specialization_allowed":false}},"force_earliest_schedule":false,"reification_cost":[],"device_type":"DEVICE_TYPE_INVALID"}
E1007 17:00:38.920524 1965545 xtile_compiler.cc:401] Computation: fused_reduce.clone {
  param_0.2 = f64[65792,144]{1,0} parameter(0)
  param_1.2 = f64[144]{0} parameter(1)
  broadcast.2 = f64[65792,144]{1,0} broadcast(param_1.2), dimensions={1}
  multiply.2 = f64[65792,144]{1,0} multiply(param_0.2, broadcast.2)
  constant_2 = f64[] constant(0)
  ROOT reduce.2 = f64[65792]{0} reduce(multiply.2, constant_2), dimensions={1}, to_apply=scalar_add_computation
}
  [mem] RSS 2.48 GB  peak 3.30 GB
E1007 17:01:09.521577 1965533 xtile_compiler.cc:399] Fusion: input_reduce_fusion = f64[50000]{0} fusion(a.1, b.1), kind=kCustom, calls=fused_reduce.clone, backend_config={"operation_queue_id":"0","wait_on_operation_queues":[],"fusion_backend_config":{"kind":"__triton","block_level_fusion_config":{"num_warps":"8","output_tiles":[{"sizes":["64"]}],"num_ctas":1,"num_stages":1,"is_tma_allowed":true,"is_warp_specialization_allowed":false}},"force_earliest_schedule":false,"reification_cost":[],"device_type":"DEVICE_TYPE_INVALID"}
E1007 17:01:09.521643 1965533 xtile_compiler.cc:401] Computation: fused_reduce.clone {
  param_0.2 = f64[50000,144]{1,0} parameter(0)
  param_1.2 = f64[144]{0} parameter(1)
  broadcast.2 = f64[50000,144]{1,0} broadcast(param_1.2), dimensions={1}
  multiply.2 = f64[50000,144]{1,0} multiply(param_0.2, broadcast.2)
  constant_2 = f64[] constant(0)
  ROOT reduce.2 = f64[50000]{0} reduce(multiply.2, constant_2), dimensions={1}, to_apply=scalar_add_computation
}
  [mem] RSS 3.50 GB  peak 3.71 GB
  [mem] RSS 3.60 GB  peak 3.84 GB
  [mem] RSS 3.87 GB  peak 4.00 GB
  [mem] RSS 3.96 GB  peak 4.08 GB
E1007 17:02:57.796282 1965533 xtile_compiler.cc:399] Fusion: input_reduce_fusion = f64[42176]{0} fusion(a.1, b.1), kind=kCustom, calls=fused_reduce.clone, backend_config={"operation_queue_id":"0","wait_on_operation_queues":[],"fusion_backend_config":{"kind":"__triton","block_level_fusion_config":{"num_warps":"8","output_tiles":[{"sizes":["64"]}],"num_ctas":1,"num_stages":1,"is_tma_allowed":true,"is_warp_specialization_allowed":false}},"force_earliest_schedule":false,"reification_cost":[],"device_type":"DEVICE_TYPE_INVALID"}
E1007 17:02:57.796333 1965533 xtile_compiler.cc:401] Computation: fused_reduce.clone {
  param_0.2 = f64[42176,144]{1,0} parameter(0)
  param_1.2 = f64[144]{0} parameter(1)
  broadcast.2 = f64[42176,144]{1,0} broadcast(param_1.2), dimensions={1}
  multiply.2 = f64[42176,144]{1,0} multiply(param_0.2, broadcast.2)
  constant_2 = f64[] constant(0)
  ROOT reduce.2 = f64[42176]{0} reduce(multiply.2, constant_2), dimensions={1}, to_apply=scalar_add_computation
}
  built plasma-coil distance field in 157.0 s
BUILD 163.7 s; cc gap 1.313 mm, pc node margin 0.313 mm, 513 nodes/coil; cc active rows at start 9358 of 10000; field {'max_error': 9.244809699993084e-07, 'concave_radius': np.float64(0.2541845898606849), 'node_margin': 0.0003126508111110389}
INFO {'kind': 'FourierXYZCoil', 'gauge': "phase pinned (['Z_n', 'Z_n', 'Z_n', 'Y_n']), relative speed within +-0.5", 'field_grid': 'uniform N=50 (101 nodes)', 'n_nodes': 513, 'speed_ratio': 1.5, 'cc_gap': 0.001313133406666363, 'pc_node_margin': 0.0003126508111110389}
  coil arclength residual          rows 804
  coil length                      rows 4
  coil curvature                   rows 2404
  coil mean squared curvature      rows 4
  coil-coil distance rows          rows 18948240
  plasma-coil distance field       rows 4104
/home/singh/Documents/DESC2/desc/utils.py:590: UserWarning: Unequal number of field periods for grid 1 and basis 4.
  warnings.warn(msg, err)
/home/singh/Documents/DESC2/desc/utils.py:590: UserWarning: Unequal number of field periods for grid 1 and basis 4.
  warnings.warn(msg, err)
  [mem] RSS 4.25 GB  peak 4.25 GB
START  bn 1.3926e-02  L 1.000  kappa 1.002  kMS 1.000  d_cc 1.023  d_pc 1.210  linked 0  -> FAILS L,kappa,kMS
START  true: cc 0.05981 pc 0.13269 max L 2.9255 max |k| 13.689 linked [] gap {'used': 0.001313133406666363, 'needed': 0.0021532237077880657}
maxiter 0: build check only
