Running as unit: run-p2360150-i2363794.scope; invocation ID: 990e805c208543bab8a5ed77adf1b468
E1008 11:41:07.982581 2360299 cuda_executor.cc:1743] Could not get kernel mode driver version: ( INVALID_ARGUMENT: Version does not match the format X.Y.Z )
E1008 11:41:07.994491 2360150 cuda_executor.cc:1743] Could not get kernel mode driver version: ( INVALID_ARGUMENT: Version does not match the format X.Y.Z )
DESC /home/singh/Documents/DESC2/desc
DEVICE requested=gpu obtained=gpu (1x NVIDIA GeForce RTX 5070 Laptop GPU)
  [mem] RSS 0.83 GB  peak 0.83 GB
eq precise_QH NFP 4 sym True; start work/ss_qh/joint/starts/z0_start_packed.h5: 4 unique coils (PiecewisePlanarArcCoil), 4 top-level; VACUUM
BOUNDS L 2.926  Ltot -  kappa 13.67  kms 18.69  convex -  planar -  dcc 0.05851  dpc 0.1097
  built coil length in 2.1 s
  built coil curvature in 0.1 s
  built coil mean squared curvature in 0.1 s
  built coil-coil distance rows in 8.4 s
E1008 11:41:28.329159 2360323 xtile_compiler.cc:399] Fusion: input_reduce_fusion = f64[66177]{0} fusion(a.1, b.1), kind=kCustom, calls=fused_reduce.clone, backend_config={"operation_queue_id":"0","wait_on_operation_queues":[],"fusion_backend_config":{"kind":"__triton","block_level_fusion_config":{"num_warps":"8","output_tiles":[{"sizes":["64"]}],"num_ctas":1,"num_stages":1,"is_tma_allowed":true,"is_warp_specialization_allowed":false}},"force_earliest_schedule":false,"reification_cost":[],"device_type":"DEVICE_TYPE_INVALID"}
E1008 11:41:28.329207 2360323 xtile_compiler.cc:401] Computation: fused_reduce.clone {
  param_0.2 = f64[66177,144]{1,0} parameter(0)
  param_1.2 = f64[144]{0} parameter(1)
  broadcast.2 = f64[66177,144]{1,0} broadcast(param_1.2), dimensions={1}
  multiply.2 = f64[66177,144]{1,0} multiply(param_0.2, broadcast.2)
  constant_2 = f64[] constant(0)
  ROOT reduce.2 = f64[66177]{0} reduce(multiply.2, constant_2), dimensions={1}, to_apply=scalar_add_computation
}
E1008 11:41:31.933283 2360315 xtile_compiler.cc:399] Fusion: input_reduce_fusion = f64[65536]{0} fusion(a.1, b.1), kind=kCustom, calls=fused_reduce.clone, backend_config={"operation_queue_id":"0","wait_on_operation_queues":[],"fusion_backend_config":{"kind":"__triton","block_level_fusion_config":{"num_warps":"8","output_tiles":[{"sizes":["64"]}],"num_ctas":1,"num_stages":1,"is_tma_allowed":true,"is_warp_specialization_allowed":false}},"force_earliest_schedule":false,"reification_cost":[],"device_type":"DEVICE_TYPE_INVALID"}
E1008 11:41:31.933332 2360315 xtile_compiler.cc:401] Computation: fused_reduce.clone {
  param_0.2 = f64[65536,144]{1,0} parameter(0)
  param_1.2 = f64[144]{0} parameter(1)
  broadcast.2 = f64[65536,144]{1,0} broadcast(param_1.2), dimensions={1}
  multiply.2 = f64[65536,144]{1,0} multiply(param_0.2, broadcast.2)
  constant_2 = f64[] constant(0)
  ROOT reduce.2 = f64[65536]{0} reduce(multiply.2, constant_2), dimensions={1}, to_apply=scalar_add_computation
}
  [mem] RSS 2.84 GB  peak 3.61 GB
E1008 11:42:01.208115 2360327 xtile_compiler.cc:399] Fusion: input_reduce_fusion = f64[50000]{0} fusion(a.1, b.1), kind=kCustom, calls=fused_reduce.clone, backend_config={"operation_queue_id":"0","wait_on_operation_queues":[],"fusion_backend_config":{"kind":"__triton","block_level_fusion_config":{"num_warps":"8","output_tiles":[{"sizes":["64"]}],"num_ctas":1,"num_stages":1,"is_tma_allowed":true,"is_warp_specialization_allowed":false}},"force_earliest_schedule":false,"reification_cost":[],"device_type":"DEVICE_TYPE_INVALID"}
E1008 11:42:01.208164 2360327 xtile_compiler.cc:401] Computation: fused_reduce.clone {
  param_0.2 = f64[50000,144]{1,0} parameter(0)
  param_1.2 = f64[144]{0} parameter(1)
  broadcast.2 = f64[50000,144]{1,0} broadcast(param_1.2), dimensions={1}
  multiply.2 = f64[50000,144]{1,0} multiply(param_0.2, broadcast.2)
  constant_2 = f64[] constant(0)
  ROOT reduce.2 = f64[50000]{0} reduce(multiply.2, constant_2), dimensions={1}, to_apply=scalar_add_computation
}
  [mem] RSS 3.72 GB  peak 3.95 GB
  [mem] RSS 3.90 GB  peak 4.17 GB
  [mem] RSS 3.65 GB  peak 4.31 GB
  [mem] RSS 4.24 GB  peak 4.36 GB
E1008 11:43:48.875983 2360327 xtile_compiler.cc:399] Fusion: input_reduce_fusion = f64[49572]{0} fusion(a.1, b.1), kind=kCustom, calls=fused_reduce.clone, backend_config={"operation_queue_id":"0","wait_on_operation_queues":[],"fusion_backend_config":{"kind":"__triton","block_level_fusion_config":{"num_warps":"8","output_tiles":[{"sizes":["64"]}],"num_ctas":1,"num_stages":1,"is_tma_allowed":true,"is_warp_specialization_allowed":false}},"force_earliest_schedule":false,"reification_cost":[],"device_type":"DEVICE_TYPE_INVALID"}
E1008 11:43:48.876045 2360327 xtile_compiler.cc:401] Computation: fused_reduce.clone {
  param_0.2 = f64[49572,144]{1,0} parameter(0)
  param_1.2 = f64[144]{0} parameter(1)
  broadcast.2 = f64[49572,144]{1,0} broadcast(param_1.2), dimensions={1}
  multiply.2 = f64[49572,144]{1,0} multiply(param_0.2, broadcast.2)
  constant_2 = f64[] constant(0)
  ROOT reduce.2 = f64[49572]{0} reduce(multiply.2, constant_2), dimensions={1}, to_apply=scalar_add_computation
}
  built plasma-coil distance field in 158.8 s
  [mem] RSS 4.30 GB  peak 4.55 GB
BUILD 172.3 s; cc gap 1.060 mm on 1014 nodes/coil, pc node margin 1.060 mm on 514 nodes/coil; cc active rows at start 1313 of 80000; field {'max_error': 1.6603063480447044e-06, 'concave_radius': np.float64(0.23221138478099812), 'node_margin': 0.001059805187214754}
INFO {'kind': 'PiecewisePlanarArcCoil', 'gauge': 'none', 'field_grid': 'gl (48 nodes)', 'n_nodes': 514, 'speed_ratio': 2.0, 'cc_gap_mode': 'coils', 'cc_gap': 'from the coils at build (see BUILD line)', 'pc_node_margin': 'from the coils at build (see field_info)'}
  coil length                      rows 4
  coil curvature                   rows 2404
  coil mean squared curvature      rows 4
  coil-coil distance rows          rows 74030184
  plasma-coil distance field       rows 4112
/home/singh/Documents/DESC2/desc/utils.py:590: UserWarning: Unequal number of field periods for grid 1 and basis 4.
  warnings.warn(msg, err)
/home/singh/Documents/DESC2/desc/utils.py:590: UserWarning: Unequal number of field periods for grid 1 and basis 4.
  warnings.warn(msg, err)
E1008 11:44:27.903669 2360322 xtile_compiler.cc:399] Fusion: input_reduce_fusion = f64[13824,3]{1,0} fusion(loop_divide_fusion, get-tuple-element.341), kind=kCustom, calls=fused_reduce.clone, backend_config={"operation_queue_id":"0","wait_on_operation_queues":[],"fusion_backend_config":{"kind":"__triton","block_level_fusion_config":{"num_warps":"8","output_tiles":[{"sizes":["256","1"]}],"num_ctas":1,"num_stages":1,"is_tma_allowed":true,"is_warp_specialization_allowed":false}},"force_earliest_schedule":false,"reification_cost":[],"device_type":"DEVICE_TYPE_INVALID"}
E1008 11:44:27.903728 2360322 xtile_compiler.cc:401] Computation: fused_reduce.clone {
  param_0.375 = f64[13824,48]{1,0} parameter(0)
  broadcast.120.4 = f64[13824,3,48]{2,1,0} broadcast(param_0.375), dimensions={0,2}
  param_1.429 = f64[3,48]{1,0} parameter(1)
  broadcast.128.1 = f64[13824,3,48]{2,1,0} broadcast(param_1.429), dimensions={1,2}
  multiply.56.3 = f64[13824,3,48]{2,1,0} multiply(broadcast.120.4, broadcast.128.1)
  constant_162_7 = f64[] constant(0)
  ROOT reduce_sum.78.1 = f64[13824,3]{1,0} reduce(multiply.56.3, constant_162_7), dimensions={2}, to_apply=region_2.4.clone.9
}
START  bn 2.6416e-01  L 0.994  kappa 1.361  kMS 0.582  d_cc 1.503  d_pc 1.008  linked 0  -> FAILS kappa
  [mem] RSS 5.34 GB  peak 5.43 GB
START  true: cc 0.08793 pc 0.11054 max L 2.9031 max |k| 18.601 linked [] gap {'used': 0.0010599364671386008, 'needed': 0.0011647447349340469}
LINK GUARD: initial mu 1.0e+08 on the 72 signed per-pair rows (ids 74032524..74032595); every other row starts at the solver default
Building objective: summed coil current
Building objective: fixed shift
Building objective: fixed rotation
Building objective: fixed arc reference
Number of parameters: 75
Number of objectives: 1326
Number of equality constraints: 0
Number of inequality constraints: 86596

Starting optimization
Using method: lsq-auglag-composite
  [mem] RSS 5.76 GB  peak 5.76 GB
Outer Inner its  Optimality     gtolk  Violation     ctolk   mu mean   max |y|
  [mem] RSS 5.82 GB  peak 5.82 GB
    1        25   3.943e-04  1.00e-03  4.168e-01  7.94e-03  8.32e+04  0.00e+00
[outer 1] 25 inner its, opt 3.94e-04 (gtolk 1.0e-03, met), violation 4.17e-01 (ctolk 7.9e-03), 68 s
   coil length                    rows      4 mu 1.0e+01/1.0e+01/1.0e+01 max|y| 0.00e+00 (nonzero 0) max viol 4.17e-01
   coil curvature                 rows   2404 mu 1.0e+01/1.0e+01/1.0e+01 max|y| 0.00e+00 (nonzero 0) max viol 4.88e-02
   coil mean squared curvature    rows      4 mu 1.0e+01/1.0e+01/1.0e+01 max|y| 0.00e+00 (nonzero 0) max viol 1.82e-02
   coil-coil distance rows        rows  34724 mu 1.0e+01/1.0e+01/1.0e+08 max|y| 0.00e+00 (nonzero 0) max viol 2.42e-02
   plasma-coil distance field     rows   4112 mu 1.0e+01/1.0e+01/1.0e+01 max|y| 0.00e+00 (nonzero 0) max viol 3.43e-03
   true: cc 0.04957 m, pc 0.10937 m, max L 3.0866, max |k| 14.838, linked [], gap {'used': 0.0010599364671386008, 'needed': 0.0016384257011648315}
  [mem] RSS 5.87 GB  peak 6.21 GB
    2        14   2.754e-04  3.16e-04  5.552e-02  7.08e-03  8.32e+04  7.92e-02
[outer 2] 14 inner its, opt 2.75e-04 (gtolk 3.2e-04, met), violation 5.55e-02 (ctolk 7.1e-03), 93 s
   coil length                    rows      4 mu 2.2e+01/1.0e+02/1.0e+02 max|y| 0.00e+00 (nonzero 0) max viol 5.55e-02
   coil curvature                 rows   2404 mu 2.2e+01/2.2e+01/1.0e+02 max|y| 6.26e-02 (nonzero 6) max viol 1.06e-02
   coil mean squared curvature    rows      4 mu 2.2e+01/2.2e+01/1.0e+02 max|y| 0.00e+00 (nonzero 0) max viol 7.65e-04
   coil-coil distance rows        rows  45641 mu 2.2e+01/2.2e+01/1.0e+08 max|y| 7.92e-02 (nonzero 1304) max viol 5.79e-03
   plasma-coil distance field     rows   4112 mu 2.2e+01/2.2e+01/2.2e+01 max|y| 3.43e-02 (nonzero 18) max viol 5.80e-04
   true: cc 0.05711 m, pc 0.10979 m, max L 2.9396, max |k| 13.907, linked [], gap {'used': 0.0010599364671386008, 'needed': 0.0013912929472778917}
  [mem] RSS 5.89 GB  peak 6.23 GB
  [mem] RSS 5.89 GB  peak 6.23 GB
  [mem] RSS 5.89 GB  peak 6.23 GB
  [mem] RSS 5.89 GB  peak 6.23 GB
    3       104   1.546e-04  1.98e-04  1.014e-02  6.76e-03  8.32e+04  5.86e-01
  [mem] RSS 5.89 GB  peak 6.23 GB
[outer 3] 104 inner its, opt 1.55e-04 (gtolk 2.0e-04, met), violation 1.01e-02 (ctolk 6.8e-03), 238 s
   coil length                    rows      4 mu 3.7e+01/5.5e+02/1.0e+03 max|y| 7.30e-02 (nonzero 1) max viol 2.06e-03
   coil curvature                 rows   2404 mu 3.7e+01/3.7e+01/1.0e+03 max|y| 5.86e-01 (nonzero 12) max viol 1.01e-02
   coil mean squared curvature    rows      4 mu 3.7e+01/3.7e+01/1.0e+02 max|y| 7.65e-02 (nonzero 1) max viol 8.08e-04
   coil-coil distance rows        rows  39402 mu 3.7e+01/3.7e+01/1.0e+08 max|y| 5.79e-01 (nonzero 905) max viol 6.31e-03
   plasma-coil distance field     rows   4112 mu 3.7e+01/3.7e+01/3.7e+01 max|y| 3.00e-02 (nonzero 12) max viol 8.61e-03
   true: cc 0.05696 m, pc 0.10941 m, max L 2.9226, max |k| 13.913, linked [], gap {'used': 0.0010599364671386008, 'needed': 0.0015873900676714493}
  [mem] RSS 5.88 GB  peak 6.25 GB
    4        32   8.948e-05  1.57e-04  1.103e-02  6.60e-03  8.32e+04  2.89e+00
[outer 4] 32 inner its, opt 8.95e-05 (gtolk 1.6e-04, met), violation 1.10e-02 (ctolk 6.6e-03), 281 s
   coil length                    rows      4 mu 5.1e+01/5.5e+02/1.0e+03 max|y| 2.06e+00 (nonzero 3) max viol 1.90e-03
   coil curvature                 rows   2404 mu 5.1e+01/5.1e+01/1.0e+03 max|y| 2.89e+00 (nonzero 11) max viol 6.37e-03
   coil mean squared curvature    rows      4 mu 5.1e+01/5.1e+01/1.0e+02 max|y| 1.57e-01 (nonzero 2) max viol 5.36e-04
   coil-coil distance rows        rows  37840 mu 5.1e+01/5.1e+01/1.0e+08 max|y| 9.48e-01 (nonzero 480) max viol 1.10e-02
   plasma-coil distance field     rows   4112 mu 5.1e+01/5.1e+01/3.7e+02 max|y| 2.47e-01 (nonzero 8) max viol 9.70e-03
   true: cc 0.05503 m, pc 0.10927 m, max L 2.9232, max |k| 13.828, linked [], gap {'used': 0.0010599364671386008, 'needed': 0.0018053424883620246}
  [mem] RSS 5.88 GB  peak 6.25 GB
  [mem] RSS 5.88 GB  peak 6.25 GB
  [mem] RSS 5.88 GB  peak 6.25 GB
  [mem] RSS 5.88 GB  peak 6.25 GB
  [mem] RSS 5.88 GB  peak 6.25 GB
  [mem] RSS 5.88 GB  peak 6.25 GB
    5       122   6.748e-05  7.85e-05  2.399e-03  6.16e-03  8.32e+04  1.57e+00
[outer 5] 122 inner its, opt 6.75e-05 (gtolk 7.8e-05, met), violation 2.40e-03 (ctolk 6.2e-03), 464 s
   coil length                    rows      4 mu 9.1e+01/5.5e+02/1.0e+03 max|y| 1.49e+00 (nonzero 3) max viol 2.40e-03
   coil curvature                 rows   2404 mu 9.1e+01/9.1e+01/1.0e+03 max|y| 1.57e+00 (nonzero 13) max viol 1.42e-03
   coil mean squared curvature    rows      4 mu 9.1e+01/9.1e+01/1.0e+02 max|y| 6.66e-02 (nonzero 3) max viol 0.00e+00
   coil-coil distance rows        rows  45721 mu 9.1e+01/9.1e+01/1.0e+08 max|y| 5.08e-01 (nonzero 321) max viol 2.16e-03
   plasma-coil distance field     rows   4112 mu 9.1e+01/9.1e+01/5.1e+02 max|y| 3.75e-01 (nonzero 6) max viol 5.64e-04
   true: cc 0.05862 m, pc 0.11061 m, max L 2.9234, max |k| 13.700, linked [], gap {'used': 0.0010599364671386008, 'needed': 0.00167719409497961}
  [mem] RSS 5.93 GB  peak 6.25 GB
  [mem] RSS 5.93 GB  peak 6.25 GB
  [mem] RSS 5.93 GB  peak 6.25 GB
  [mem] RSS 5.93 GB  peak 6.25 GB
  [mem] RSS 5.93 GB  peak 6.25 GB
  [mem] RSS 5.93 GB  peak 6.25 GB
  [mem] RSS 5.93 GB  peak 6.25 GB
  [mem] RSS 5.93 GB  peak 6.25 GB
  [mem] RSS 5.93 GB  peak 6.25 GB
