Running as unit: run-p658945-i660177.scope; invocation ID: 661a0e7f0a204a7d950ec19f949f55dd
E0918 15:11:32.581509  659032 cuda_executor.cc:1743] Could not get kernel mode driver version: ( INVALID_ARGUMENT: Version does not match the format X.Y.Z )
E0918 15:11:32.593948  658945 cuda_executor.cc:1743] Could not get kernel mode driver version: ( INVALID_ARGUMENT: Version does not match the format X.Y.Z )
DEVICE requested=gpu obtained=gpu (1x NVIDIA GeForce RTX 5070 Laptop GPU)
  [mem] RSS 0.83 GB  peak 0.83 GB
/home/singh/Documents/DESC2/coil_sandbox/vendor/desc/utils.py:590: UserWarning: Unequal number of field periods for grid 1 and basis 2.
  warnings.warn(msg, err)
/home/singh/Documents/DESC2/coil_sandbox/vendor/desc/utils.py:590: UserWarning: Unequal number of field periods for grid 1 and basis 2.
  warnings.warn(msg, err)
eq sample_equilibria/helios_repro.h5 (h5) NFP 2 sym True; start work/helios/arc16/cold_cut30/repair/result.h5: 4 unique coils, arc=True, expect 16 coils; source grid gl (48 nodes/coil), length grid gl (48), constraint grid 301, curvature grid 301; mode stage2; plasma field included (virtual casing)
SETTINGS {'eq': 'sample_equilibria/helios_repro.h5', 'start': 'work/helios/arc16/cold_cut30/repair/result.h5', 'out': 'work/helios/arc16/cold_cut30/free', 'mode': 'stage2', 'length_mult': 1.0, 'margin': 0.0, 'fix_hinges': False, 'anchor_weight': 0.001, 'margin_skip': '', 'a': None, 'bounds': 'bounds/helios_kruger2026.json', 'device': None, 'vacuum': False, 'maxiter': 300, 'check_every': 25, 'ckpt_every': 50, 'diag_log': 'diag.jsonl', 'dcc_backoff': 0.025, 'dpc_backoff': 0.02, 'no_arc_backoffs': False, 'convex_form': 'signed', 'convex_kmin': 0.0, 'convex_backoff': 0.5, 'planarity': 'auto', 'planarity_tol': 0.0, 'speed_floor': 0.0, 'arclength_weight': 0.0, 'torsion_weight': 0.0, 'coil_grid_n': 150, 'kappa_grid_n': None, 'eval_m': 25, 'eval_n': 25, 'plasma_m': 64, 'plasma_n': 64, 'src_gl': 24, 'src_n': 400, 'vc_m': None, 'vc_n': None, 'vc_chunk': 64, 'dcc_k': 20000, 'dpc_k': 20000, 'no_signed': False, 'dcc_neighbors': None, 'dcc_chunk': 4, 'dpc_chunk': 1, 'qf_chunk': 25, 'coil_jac_chunk': None, 'no_second_order': False, 'so_chunk': 16, 'so_rtol': 0.05, 'max_tr': 0.5, 'max_inner_iter': 100, 'ctol': 0.0001}
BOUNDS (judged, absolute, a=1.77186) L 36  Ltot -  kappa 1.5  kms -  convex 0.001  planar -  dcc 1.2  dpc 1.2
ENFORCED L 36  Ltot -  kappa 1.492  kms -  convex 0.0005  planar -  dcc 1.245  dpc 1.224  (convexity: signed, kappa_s >= 0.0)
  [mem] RSS 2.91 GB  peak 2.91 GB
START  bn 7.6480e-02  L 0.789  kappa 0.238  convex 0.000  d_cc 1.133  d_pc 1.103  linked 0  coils 16  -> FEASIBLE
Building objective: Quadratic flux
Precomputing transforms
/home/singh/Documents/DESC2/coil_sandbox/vendor/desc/utils.py:590: UserWarning: Could not build fft interpolator, switching to dft which is slow.
Reason: Got False for eval_grid.can_fft2.
  warnings.warn(msg, err)
  [mem] RSS 7.42 GB  peak 7.42 GB
  [mem] RSS 7.61 GB  peak 7.61 GB
  [mem] RSS 4.35 GB  peak 7.74 GB
Timer: Precomputing transforms = 1.30 min
Timer: Objective build = 1.32 min
Building objective: summed coil current
Building objective: fixed shift
Building objective: fixed rotation
Building objective: fixed arc reference
Timer: Objective build = 577 ms
Timer: Objective build = 3.02 ms
Timer: LinearConstraintProjection build = 2.55 sec
Timer: LinearConstraintProjection build = 141 ms
Number of parameters: 75
Number of objectives: 1326
Number of equality constraints: 0
Number of inequality constraints: 2474
Timer: Initializing the optimization = 1.39 min

Starting optimization
Using method: lsq-auglag
  [mem] RSS 5.05 GB  peak 7.74 GB
Solver options:
------------------------------------------------------------
Maximum Function Evaluations       : 1501
Maximum Allowed Total Δx Norm      : inf
Scaled Termination                 : True
Trust Region Method                : svd
Initial Trust Radius               : 5.094e-01
Maximum Trust Radius               : 5.000e-01
Minimum Trust Radius               : 2.220e-16
Trust Radius Increase Ratio        : 4.000e+00
Trust Radius Decrease Ratio        : 2.500e-01
Trust Radius Increase Threshold    : 7.500e-01
Trust Radius Decrease Threshold    : 5.000e-01
Alpha Omega                        : 1.000e+00
Beta Omega                         : 1.000e+00
Alpha Eta                          : 1.000e-01
Beta Eta                           : 9.000e-01
Omega                              : 1.000e-02
Eta                                : 1.000e-02
Tau                                : 1.000e+01
------------------------------------------------------------ 

   Iteration     Total nfev        Cost      Cost reduction    Step norm     Optimality    Constr viol.   Penalty param  max(|mltplr|)      gtolk     
       0              1          3.574e-01                                    2.466e-01      0.000e+00      1.000e+01      0.000e+00      1.000e-03   
second_order: compiling constraint Hessian for blocks CoilSetDistancePenalty
  [mem] RSS 5.66 GB  peak 7.74 GB
E0918 15:14:45.653664  659041 cuda_timer.cc:87] Delay kernel timed out: measured time has sub-optimal accuracy. There may be a missing warmup execution, please investigate in Nsight Systems.
       1              3          3.055e-01      5.196e-02      1.584e-01      3.165e-01      9.857e-02      1.000e+01      0.000e+00      1.000e-03   
  [mem] RSS 6.14 GB  peak 7.74 GB
       2              4          3.003e-01      5.154e-03      2.124e-02      1.669e-01      6.598e-02      1.000e+01      0.000e+00      1.000e-03   
       3              6          2.934e-01      6.854e-03      2.888e-02      1.411e-01      4.514e-02      1.000e+01      0.000e+00      1.000e-03   
       4              8          2.857e-01      7.722e-03      3.404e-02      1.389e-01      4.244e-02      1.000e+01      0.000e+00      1.000e-03   
       5              9          2.847e-01      9.881e-04      6.058e-03      1.289e-01      3.642e-02      1.000e+01      0.000e+00      1.000e-03   
       6             10          2.787e-01      6.013e-03      3.433e-02      1.232e-01      2.435e-02      1.000e+01      0.000e+00      1.000e-03   
second_order: compiling constraint Hessian for blocks CoilCurvature, CoilSignedCurvature, CoilSetDistancePenalty
  [mem] RSS 6.56 GB  peak 7.74 GB
E0918 15:15:57.515439  659045 cuda_timer.cc:87] Delay kernel timed out: measured time has sub-optimal accuracy. There may be a missing warmup execution, please investigate in Nsight Systems.
  [mem] RSS 7.46 GB  peak 7.74 GB
  [mem] RSS 7.52 GB  peak 7.74 GB
       7             11          2.516e-01      2.713e-02      1.667e-01      9.875e-02      1.399e-02      1.000e+01      0.000e+00      1.000e-03   
       8             14          2.457e-01      5.919e-03      3.997e-02      9.352e-02      1.167e-02      1.000e+01      0.000e+00      1.000e-03   
       9             16          2.399e-01      5.798e-03      4.062e-02      8.852e-02      1.001e-02      1.000e+01      0.000e+00      1.000e-03   
      10             19          2.385e-01      1.417e-03      1.015e-02      7.956e-02      9.630e-03      1.000e+01      0.000e+00      1.000e-03   
      11             20          2.337e-01      4.777e-03      4.160e-02      7.471e-02      8.273e-03      1.000e+01      0.000e+00      1.000e-03   
      12             21          2.176e-01      1.606e-02      1.613e-01      5.838e-02      5.728e-03      1.000e+01      0.000e+00      1.000e-03   
second_order: compiling constraint Hessian for blocks CoilLength, CoilCurvature, CoilSignedCurvature, CoilSetDistancePenalty
  [mem] RSS 7.60 GB  peak 7.74 GB
  [mem] RSS 8.30 GB  peak 8.30 GB
E0918 15:17:38.256262  659058 cuda_timer.cc:87] Delay kernel timed out: measured time has sub-optimal accuracy. There may be a missing warmup execution, please investigate in Nsight Systems.
  [mem] RSS 8.39 GB  peak 8.41 GB
      13             22          1.829e-01      3.470e-02      4.226e-01      5.799e-02      3.611e-03      1.000e+01      0.000e+00      1.000e-03   
      14             23          1.620e-01      2.092e-02      2.958e-01      5.319e-02      2.925e-03      1.000e+01      0.000e+00      1.000e-03   
      15             24          1.440e-01      1.802e-02      2.786e-01      4.453e-02      2.537e-03      1.000e+01      0.000e+00      1.000e-03   
  [mem] RSS 8.45 GB  peak 8.45 GB
      16             25          1.281e-01      1.592e-02      2.735e-01      4.526e-02      1.974e-03      1.000e+01      0.000e+00      1.000e-03   
second_order: compiling constraint Hessian for blocks CoilLength, CoilCurvature, CoilSignedCurvature, CoilSetDistancePenalty, PlasmaCoilSetDistancePenalty
  [mem] RSS 8.49 GB  peak 8.49 GB
  [mem] RSS 9.16 GB  peak 9.20 GB
  [mem] RSS 9.17 GB  peak 9.20 GB
      17             26          1.141e-01      1.398e-02      2.642e-01      4.185e-02      1.147e-02      1.000e+01      0.000e+00      1.000e-03   
      18             27          1.024e-01      1.169e-02      2.599e-01      4.350e-02      6.605e-03      1.000e+01      0.000e+00      1.000e-03   
      19             28          9.212e-02      1.028e-02      2.498e-01      3.918e-02      4.177e-03      1.000e+01      0.000e+00      1.000e-03   
      20             29          8.328e-02      8.840e-03      2.468e-01      3.795e-02      2.970e-03      1.000e+01      0.000e+00      1.000e-03   
second_order: compiling constraint Hessian for blocks CoilLength, CoilSetDistancePenalty, PlasmaCoilSetDistancePenalty
  [mem] RSS 9.26 GB  peak 9.26 GB
E0918 15:20:55.564331  659053 cuda_timer.cc:87] Delay kernel timed out: measured time has sub-optimal accuracy. There may be a missing warmup execution, please investigate in Nsight Systems.
  [mem] RSS 9.29 GB  peak 9.30 GB
      21             30          7.533e-02      7.949e-03      2.339e-01      3.764e-02      1.291e-02      1.000e+01      0.000e+00      1.000e-03   
second_order: compiling constraint Hessian for blocks CoilLength, CoilCurvature, CoilSignedCurvature, PlasmaCoilSetDistancePenalty
  [mem] RSS 9.32 GB  peak 9.32 GB
  [mem] RSS 9.42 GB  peak 9.42 GB
  [mem] RSS 9.70 GB  peak 9.70 GB
      22             31          7.244e-02      2.889e-03      3.023e-01      7.267e-02      2.002e-03      1.000e+01      0.000e+00      1.000e-03   
      23             32          7.126e-02      1.175e-03      6.361e-02      9.615e-03      2.017e-03      1.000e+01      0.000e+00      1.000e-03   
      24             34          6.979e-02      1.469e-03      5.956e-02      7.676e-03      1.991e-03      1.000e+01      0.000e+00      1.000e-03   
  [mem] RSS 9.76 GB  peak 9.76 GB
  [it   25] bn 3.1581e-02  L 0.889  kappa 0.306  convex 0.000  d_cc 1.024  d_pc 1.003  -> FEASIBLE
      25             35          6.408e-02      5.709e-03      2.319e-01      1.851e-02      5.973e-03      1.000e+01      0.000e+00      1.000e-03   
      26             36          5.932e-02      4.764e-03      2.084e-01      1.682e-02      1.825e-03      1.000e+01      0.000e+00      1.000e-03   
      27             37          5.496e-02      4.361e-03      1.994e-01      1.678e-02      2.070e-03      1.000e+01      0.000e+00      1.000e-03   
      28             38          5.110e-02      3.857e-03      1.914e-01      1.262e-02      1.662e-03      1.000e+01      0.000e+00      1.000e-03   
      29             39          4.761e-02      3.493e-03      1.882e-01      1.613e-02      1.585e-03      1.000e+01      0.000e+00      1.000e-03   
      30             40          4.450e-02      3.114e-03      1.819e-01      1.133e-02      1.471e-03      1.000e+01      0.000e+00      1.000e-03   
      31             41          4.167e-02      2.827e-03      1.813e-01      1.479e-02      1.403e-03      1.000e+01      0.000e+00      1.000e-03   
      32             42          3.914e-02      2.532e-03      1.762e-01      1.043e-02      1.333e-03      1.000e+01      0.000e+00      1.000e-03   
      33             43          3.684e-02      2.297e-03      1.764e-01      1.248e-02      1.317e-03      1.000e+01      0.000e+00      1.000e-03   
  [mem] RSS 9.77 GB  peak 9.77 GB
      34             44          3.478e-02      2.065e-03      1.727e-01      8.997e-03      1.218e-03      1.000e+01      0.000e+00      1.000e-03   
      35             45          3.290e-02      1.871e-03      1.721e-01      9.726e-03      1.116e-03      1.000e+01      0.000e+00      1.000e-03   
      36             46          3.122e-02      1.688e-03      1.695e-01      7.423e-03      1.055e-03      1.000e+01      0.000e+00      1.000e-03   
      37             47          2.969e-02      1.530e-03      1.682e-01      7.340e-03      9.704e-04      1.000e+01      0.000e+00      1.000e-03   
      38             48          2.830e-02      1.390e-03      1.662e-01      5.867e-03      9.924e-04      1.000e+01      0.000e+00      1.000e-03   
      39             49          2.702e-02      1.276e-03      1.633e-01      5.396e-03      9.688e-04      1.000e+01      0.000e+00      1.000e-03   
      40             50          2.585e-02      1.166e-03      1.624e-01      5.638e-03      8.983e-04      1.000e+01      0.000e+00      1.000e-03   
      41             51          2.479e-02      1.064e-03      1.594e-01      4.069e-03      9.433e-04      1.000e+01      0.000e+00      1.000e-03   
      42             52          2.381e-02      9.815e-04      1.587e-01      5.742e-03      1.109e-03      1.000e+01      0.000e+00      1.000e-03   
      43             53          2.291e-02      8.939e-04      1.558e-01      3.460e-03      1.163e-03      1.000e+01      0.000e+00      1.000e-03   
  [mem] RSS 9.77 GB  peak 9.77 GB
      44             54          2.209e-02      8.293e-04      1.551e-01      5.727e-03      1.199e-03      1.000e+01      0.000e+00      1.000e-03   
      45             55          2.132e-02      7.652e-04      1.522e-01      3.195e-03      1.188e-03      1.000e+01      0.000e+00      1.000e-03   
      46             56          2.061e-02      7.124e-04      1.513e-01      5.476e-03      1.157e-03      1.000e+01      0.000e+00      1.000e-03   
      47             57          1.994e-02      6.650e-04      1.487e-01      3.008e-03      1.136e-03      1.000e+01      0.000e+00      1.000e-03   
      48             58          1.932e-02      6.183e-04      1.479e-01      5.227e-03      1.092e-03      1.000e+01      0.000e+00      1.000e-03   
      49             59          1.875e-02      5.794e-04      1.451e-01      2.992e-03      1.045e-03      1.000e+01      0.000e+00      1.000e-03   
  [it   50] bn 1.5924e-02  L 0.999  kappa 0.371  convex 12.046  d_cc 1.024  d_pc 1.011  -> FAILS convex
      50             60          1.821e-02      5.387e-04      1.427e-01      7.049e-03      4.389e-03      1.000e+01      0.000e+00      1.000e-03   
      51             61          1.781e-02      3.946e-04      1.433e-01      2.315e-03      9.611e-04      1.000e+01      0.000e+00      1.000e-03   
      52             62          1.733e-02      4.832e-04      1.439e-01      4.235e-03      9.441e-04      1.000e+01      0.000e+00      1.000e-03   
      53             63          1.688e-02      4.477e-04      1.399e-01      2.697e-03      9.203e-04      1.000e+01      0.000e+00      1.000e-03   
  [mem] RSS 9.77 GB  peak 9.77 GB
      54             64          1.646e-02      4.162e-04      1.356e-01      2.794e-03      9.246e-04      1.000e+01      0.000e+00      1.000e-03   
      55             65          1.607e-02      3.928e-04      1.342e-01      2.509e-03      9.218e-04      1.000e+01      0.000e+00      1.000e-03   
      56             66          1.570e-02      3.703e-04      1.317e-01      2.425e-03      9.077e-04      1.000e+01      0.000e+00      1.000e-03   
      57             67          1.535e-02      3.487e-04      1.292e-01      2.229e-03      8.927e-04      1.000e+01      0.000e+00      1.000e-03   
      58             68          1.502e-02      3.292e-04      1.270e-01      2.083e-03      8.888e-04      1.000e+01      0.000e+00      1.000e-03   
      59             69          1.471e-02      3.107e-04      1.235e-01      1.898e-03      8.667e-04      1.000e+01      0.000e+00      1.000e-03   
      60             70          1.442e-02      2.947e-04      1.218e-01      1.769e-03      8.474e-04      1.000e+01      0.000e+00      1.000e-03   
      61             71          1.414e-02      2.788e-04      1.182e-01      1.631e-03      8.110e-04      1.000e+01      0.000e+00      1.000e-03   
      62             72          1.387e-02      2.668e-04      1.181e-01      1.495e-03      7.913e-04      1.000e+01      0.000e+00      1.000e-03   
      63             73          1.361e-02      2.578e-04      1.145e-01      1.345e-03      8.795e-04      1.000e+01      0.000e+00      1.000e-03   
      64             74          1.336e-02      2.539e-04      1.187e-01      1.174e-03      9.480e-04      1.000e+01      0.000e+00      1.000e-03   
  [mem] RSS 9.78 GB  peak 9.78 GB
      65             75          1.311e-02      2.504e-04      1.149e-01      1.040e-03      9.961e-04      1.000e+01      0.000e+00      1.000e-03   
      66             76          1.286e-02      2.488e-04      1.251e-01      1.976e-03      1.030e-03      1.000e+01      0.000e+00      1.000e-03   
      67             79          1.283e-02      3.061e-05      1.040e-02      2.279e-03      2.393e-03      1.000e+01      0.000e+00      1.000e-03   
      68             80          1.283e-02     -9.035e-07      3.524e-03      2.016e-03      1.461e-03      1.000e+01      1.461e-02      2.016e-04   
      69             81          1.285e-02     -2.081e-05      9.193e-03      6.969e-04      8.864e-04      1.000e+01      1.461e-02      2.016e-04   
      70             82          1.283e-02      2.672e-05      3.465e-02      4.427e-04      7.582e-04      1.000e+01      1.461e-02      2.016e-04   
      71             83          1.261e-02      2.117e-04      1.406e-01      3.550e-03      1.111e-03      1.000e+01      1.461e-02      2.016e-04   
      72             86          1.259e-02      2.420e-05      1.206e-02      3.314e-04      5.983e-04      1.000e+01      1.461e-02      2.016e-04   
      73             87          1.254e-02      5.450e-05      3.128e-02      2.687e-04      5.483e-04      1.000e+01      1.461e-02      2.016e-04   
      74             88          1.232e-02      2.189e-04      1.333e-01      2.608e-03      8.158e-04      1.000e+01      1.461e-02      2.016e-04   
  [mem] RSS 9.78 GB  peak 9.78 GB
  [it   75] bn 1.3138e-02  L 1.000  kappa 0.347  convex 6.250  d_cc 1.031  d_pc 1.031  -> FAILS L,convex
      75             91          1.230e-02      2.014e-05      1.169e-02      5.597e-04      4.637e-04      1.000e+01      1.461e-02      2.016e-04   
      76             92          1.225e-02      5.138e-05      3.173e-02      2.578e-04      4.568e-04      1.000e+01      1.461e-02      2.016e-04   
      77             93          1.205e-02      1.991e-04      1.246e-01      1.436e-03      4.951e-04      1.000e+01      1.461e-02      2.016e-04   
      78             94          1.187e-02      1.783e-04      1.163e-01      6.852e-04      5.162e-04      1.000e+01      1.461e-02      2.016e-04   
      79             95          1.171e-02      1.615e-04      1.173e-01      8.536e-04      5.713e-04      1.000e+01      1.461e-02      2.016e-04   
      80             96          1.156e-02      1.504e-04      1.172e-01      7.409e-04      5.893e-04      1.000e+01      1.461e-02      2.016e-04   
      81             97          1.142e-02      1.400e-04      1.180e-01      8.710e-04      6.107e-04      1.000e+01      1.461e-02      2.016e-04   
      82             98          1.128e-02      1.313e-04      1.172e-01      7.642e-04      6.326e-04      1.000e+01      1.461e-02      2.016e-04   
      83             99          1.116e-02      1.234e-04      1.185e-01      8.255e-04      6.330e-04      1.000e+01      1.461e-02      2.016e-04   
  [mem] RSS 9.80 GB  peak 9.80 GB
      84             100         1.104e-02      1.194e-04      1.175e-01      7.488e-04      6.474e-04      1.000e+01      1.461e-02      2.016e-04   
      85             101         1.093e-02      1.120e-04      1.179e-01      7.943e-04      6.392e-04      1.000e+01      1.461e-02      2.016e-04   
      86             102         1.089e-02      3.628e-05      3.844e-02      6.012e-04      6.431e-04      1.000e+01      1.461e-02      2.016e-04   
      87             103         1.089e-02     -2.757e-07      1.975e-04      1.650e-03      6.439e-04      1.000e+01      1.461e-02      2.016e-04   
      88             104         1.089e-02      3.273e-07      3.702e-04      1.644e-03      6.440e-04      1.000e+01      1.461e-02      2.016e-04   
      89             105         1.089e-02      1.637e-07      1.853e-04      1.642e-03      6.440e-04      1.000e+01      1.461e-02      2.016e-04   
      90             106         1.089e-02      1.623e-07      1.839e-04      1.639e-03      6.440e-04      1.000e+01      1.461e-02      2.016e-04   
      91             107         1.089e-02      1.612e-07      1.826e-04      1.637e-03      6.440e-04      1.000e+01      1.461e-02      2.016e-04   
      92             108         1.078e-02      1.085e-04      1.247e-01      8.880e-04      6.533e-04      1.000e+01      1.461e-02      2.016e-04   
      93             109         1.068e-02      1.010e-04      1.146e-01      6.317e-04      6.514e-04      1.000e+01      1.461e-02      2.016e-04   
      94             110         1.063e-02      4.883e-05      5.724e-02      4.900e-04      6.519e-04      1.000e+01      1.461e-02      2.016e-04   
      95             111         1.063e-02     -2.193e-07      1.699e-04      1.760e-03      6.522e-04      1.000e+01      1.461e-02      2.016e-04   
      96             112         1.054e-02      9.883e-05      1.241e-01      8.827e-04      6.519e-04      1.000e+01      1.461e-02      2.016e-04   
  [mem] RSS 9.82 GB  peak 9.82 GB
      97             113         1.044e-02      9.225e-05      1.126e-01      6.360e-04      6.425e-04      1.000e+01      1.461e-02      2.016e-04   
      98             114         1.035e-02      9.015e-05      1.145e-01      7.150e-04      6.286e-04      1.000e+01      1.461e-02      2.016e-04   
      99             115         1.027e-02      8.727e-05      1.124e-01      6.536e-04      6.338e-04      1.000e+01      1.461e-02      2.016e-04   
  [it  100] bn 1.1861e-02  L 1.000  kappa 0.347  convex 9.468  d_cc 1.033  d_pc 1.137  -> FAILS L,convex
      100            116         1.018e-02      8.500e-05      1.134e-01      6.704e-04      6.360e-04      1.000e+01      1.461e-02      2.016e-04   
      101            117         1.010e-02      8.158e-05      1.117e-01      6.816e-04      6.386e-04      1.000e+01      1.461e-02      2.016e-04   
      102            118         1.003e-02      7.070e-05      1.004e-01      6.255e-04      6.380e-04      1.000e+01      1.461e-02      2.016e-04   
      103            119         9.997e-03      3.191e-05      4.643e-02      4.905e-04      6.374e-04      1.000e+01      1.461e-02      2.016e-04   
      104            120         9.942e-03      5.544e-05      8.261e-02      5.225e-04      6.351e-04      1.000e+01      1.461e-02      2.016e-04   
      105            121         9.905e-03      3.682e-05      5.544e-02      4.444e-04      6.332e-04      1.000e+01      1.461e-02      2.016e-04   
      106            122         9.833e-03      7.213e-05      1.109e-01      7.171e-04      6.295e-04      1.000e+01      1.461e-02      2.016e-04   
  [mem] RSS 9.84 GB  peak 9.84 GB
      107            123         9.821e-03      1.188e-05      1.857e-02      6.185e-04      6.285e-04      1.000e+01      1.461e-02      2.016e-04   
      108            124         9.803e-03      1.794e-05      2.821e-02      5.109e-04      6.271e-04      1.000e+01      1.461e-02      2.016e-04   
      109            125         9.763e-03      4.034e-05      6.594e-02      4.761e-04      6.077e-04      1.000e+01      1.461e-02      2.016e-04   
      110            126         9.756e-03      6.985e-06      1.146e-02      4.357e-04      6.060e-04      1.000e+01      1.461e-02      2.016e-04   
      111            127         9.694e-03      6.159e-05      1.028e-01      6.880e-04      5.919e-04      1.000e+01      1.461e-02      2.016e-04   
      112            128         9.663e-03      3.095e-05      5.246e-02      5.430e-04      5.890e-04      1.000e+01      1.461e-02      2.016e-04   
      113            129         9.663e-03     -2.098e-07      1.557e-04      1.200e-03      5.893e-04      1.000e+01      1.461e-02      2.016e-04   
      114            130         9.662e-03      9.285e-07      1.666e-03      1.180e-03      5.892e-04      1.000e+01      1.461e-02      2.016e-04   
      115            131         9.662e-03      4.104e-07      7.371e-04      1.172e-03      5.892e-04      1.000e+01      1.461e-02      2.016e-04   
      116            132         9.662e-03      4.041e-07      7.259e-04      1.164e-03      5.892e-04      1.000e+01      1.461e-02      2.016e-04   
      117            133         9.661e-03      3.367e-07      6.049e-04      1.158e-03      5.891e-04      1.000e+01      1.461e-02      2.016e-04   
      118            134         9.661e-03      9.514e-08      1.709e-04      1.156e-03      5.891e-04      1.000e+01      1.461e-02      2.016e-04   
      119            135         9.661e-03      9.436e-08      1.695e-04      1.154e-03      5.891e-04      1.000e+01      1.461e-02      2.016e-04   
      120            136         9.661e-03      3.351e-08      6.021e-05      1.154e-03      5.891e-04      1.000e+01      1.461e-02      2.016e-04   
      121            137         9.661e-03      1.096e-07      1.969e-04      1.152e-03      5.891e-04      1.000e+01      1.461e-02      2.016e-04   
  [mem] RSS 9.86 GB  peak 9.86 GB
      122            138         9.661e-03      7.597e-08      1.365e-04      1.150e-03      5.891e-04      1.000e+01      1.461e-02      2.016e-04   
      123            139         9.661e-03      7.561e-08      1.359e-04      1.149e-03      5.891e-04      1.000e+01      1.461e-02      2.016e-04   
      124            140         9.661e-03      7.526e-08      1.352e-04      1.148e-03      5.891e-04      1.000e+01      1.461e-02      2.016e-04   
  [it  125] bn 1.1448e-02  L 1.000  kappa 0.335  convex 8.222  d_cc 1.032  d_pc 1.153  -> FAILS L,convex
      125            141         9.661e-03      7.491e-08      1.346e-04      1.146e-03      5.891e-04      1.000e+01      1.461e-02      2.016e-04   
      126            142         9.661e-03      3.824e-08      6.872e-05      1.146e-03      5.891e-04      1.000e+01      1.461e-02      2.016e-04   
      127            143         9.661e-03      3.636e-08      6.533e-05      1.145e-03      5.891e-04      1.000e+01      1.461e-02      2.016e-04   
      128            144         9.661e-03      3.341e-09      3.002e-05      2.110e-03      5.892e-04      1.000e+01      1.461e-02      2.110e-04   
      129            145         9.660e-03      1.471e-07      1.942e-03      1.123e-02      5.630e-04      1.000e+01      1.461e-02      2.110e-04   
      130            146         9.660e-03     -8.652e-08      2.382e-04      5.223e-04      5.631e-04      1.000e+01      1.461e-02      2.110e-04   
      131            147         9.660e-03      6.295e-07      2.447e-03      5.118e-04      5.555e-04      1.000e+01      1.461e-02      2.110e-04   
      132            148         9.660e-03     -4.345e-07      2.988e-04      4.600e-03      5.557e-04      1.000e+01      1.461e-02      2.110e-04   
      133            149         9.660e-03     -2.600e-08      1.174e-04      4.060e-04      5.555e-04      1.000e+01      1.461e-02      2.110e-04   
      134            150         9.661e-03     -6.162e-07      3.173e-04      1.411e-02      5.521e-04      1.000e+01      1.461e-02      2.110e-04   
  [mem] RSS 9.89 GB  peak 9.89 GB
      135            151         9.661e-03      1.232e-07      4.701e-04      1.405e-02      5.508e-04      1.000e+01      1.461e-02      2.110e-04   
second_order: compiling constraint Hessian for blocks CoilLength, CoilSignedCurvature, CoilSetDistancePenalty
  [mem] RSS 10.24 GB  peak 10.24 GB
E0918 15:28:42.178981  659057 cuda_timer.cc:87] Delay kernel timed out: measured time has sub-optimal accuracy. There may be a missing warmup execution, please investigate in Nsight Systems.
  [mem] RSS 10.59 GB  peak 10.59 GB
      136            152         9.654e-03      6.420e-06      2.459e-02      1.064e-02      4.837e-04      1.000e+01      1.461e-02      2.110e-04   
      137            153         9.650e-03      4.008e-06      1.403e-02      9.226e-03      4.576e-04      1.000e+01      1.461e-02      2.110e-04   
      138            154         9.650e-03     -2.861e-08      1.236e-04      2.824e-04      4.574e-04      1.000e+01      1.461e-02      2.110e-04   
      139            155         9.644e-03      6.514e-06      2.034e-02      2.663e-04      4.175e-04      1.000e+01      1.461e-02      2.110e-04   
  [mem] RSS 10.65 GB  peak 10.65 GB
      140            156         9.640e-03      4.187e-06      1.193e-02      2.422e-04      3.976e-04      1.000e+01      1.461e-02      2.110e-04   
second_order: compiling constraint Hessian for blocks CoilSignedCurvature, CoilSetDistancePenalty
  [mem] RSS 10.71 GB  peak 10.72 GB
  [mem] RSS 10.76 GB  peak 10.76 GB
      141            157         9.627e-03      1.228e-05      3.356e-02      2.576e-03      3.465e-04      1.095e+01      1.461e-02      2.576e-04   
      142            158         9.626e-03      1.670e-06      1.902e-02      2.176e-03      3.085e-04      1.095e+01      1.461e-02      2.576e-04   
      143            159         9.633e-03     -6.884e-06      1.637e-03      4.077e-02      2.823e-04      1.095e+01      1.461e-02      2.576e-04   
      144            160         9.633e-03     -1.759e-08      5.756e-04      8.970e-04      2.812e-04      1.095e+01      1.461e-02      2.576e-04   
      145            161         9.616e-03      1.688e-05      8.070e-02      4.428e-04      1.622e-04      1.095e+01      1.461e-02      2.576e-04   
      146            162         9.612e-03      3.430e-06      8.461e-03      4.147e-04      1.575e-04      1.095e+01      1.461e-02      2.576e-04   
      147            163         9.591e-03      2.132e-05      5.191e-02      4.036e-04      1.409e-04      1.095e+01      1.461e-02      2.576e-04   
      148            164         9.585e-03      6.310e-06      1.394e-02      3.672e-04      1.385e-04      1.095e+01      1.461e-02      2.576e-04   
      149            165         9.576e-03      8.429e-06      1.837e-02      3.307e-04      1.360e-04      1.095e+01      1.461e-02      2.576e-04   
  [it  150] bn 1.1351e-02  L 1.000  kappa 0.330  convex 1.140  d_cc 1.034  d_pc 1.152  -> FAILS L,convex
      150            166         9.570e-03      5.908e-06      1.271e-02      3.050e-04      1.345e-04      1.095e+01      1.461e-02      2.576e-04   
  [mem] RSS 10.77 GB  peak 10.77 GB
      151            167         9.570e-03      5.843e-07      1.250e-03      3.018e-04      1.344e-04      1.095e+01      1.461e-02      2.576e-04   
      152            168         9.533e-03      3.695e-05      7.978e-02      5.167e-04      1.226e-04      1.095e+01      1.461e-02      2.576e-04   
      153            169         9.505e-03      2.823e-05      5.874e-02      4.982e-04      1.206e-04      1.095e+01      1.461e-02      2.576e-04   
      154            170         9.493e-03      1.135e-05      2.338e-02      4.355e-04      1.216e-04      1.095e+01      1.461e-02      2.576e-04   
      155            171         9.487e-03      6.401e-06      1.330e-02      3.976e-04      1.225e-04      1.095e+01      1.461e-02      2.576e-04   
      156            172         9.465e-03      2.149e-05      4.475e-02      3.910e-04      1.248e-04      1.095e+01      1.461e-02      2.576e-04   
      157            173         9.459e-03      5.998e-06      1.266e-02      3.595e-04      1.254e-04      1.095e+01      1.461e-02      2.576e-04   
      158            174         9.453e-03      6.341e-06      1.344e-02      3.309e-04      1.262e-04      1.095e+01      1.461e-02      2.576e-04   
      159            175         9.448e-03      5.388e-06      1.149e-02      3.077e-04      1.268e-04      1.095e+01      1.461e-02      2.576e-04   
      160            176         9.448e-03      6.426e-08      1.369e-04      3.073e-04      1.268e-04      1.095e+01      1.461e-02      2.576e-04   
      161            177         9.447e-03      9.347e-08      1.991e-04      3.068e-04      1.268e-04      1.095e+01      1.461e-02      2.576e-04   
      162            178         9.447e-03      7.528e-07      1.605e-03      3.026e-04      1.268e-04      1.095e+01      1.461e-02      2.576e-04   
      163            179         9.447e-03      5.408e-08      1.158e-04      3.023e-04      1.268e-04      1.095e+01      1.461e-02      2.576e-04   
  [mem] RSS 10.77 GB  peak 10.77 GB
      164            180         9.446e-03      2.358e-07      5.050e-04      3.010e-04      1.269e-04      1.095e+01      1.461e-02      2.576e-04   
      165            181         9.445e-03      1.628e-06      3.487e-03      2.928e-04      1.270e-04      1.095e+01      1.461e-02      2.576e-04   
      166            182         9.445e-03      2.816e-07      6.047e-04      2.913e-04      1.270e-04      1.095e+01      1.461e-02      2.576e-04   
      167            183         9.445e-03     -8.334e-08      7.975e-05      6.257e-04      1.266e-04      1.095e+01      1.461e-02      2.576e-04   
      168            184         9.443e-03      1.169e-06      2.574e-03      6.041e-04      1.267e-04      1.095e+01      1.461e-02      2.576e-04   
      169            185         9.443e-03      4.430e-08      9.770e-05      6.035e-04      1.267e-04      1.095e+01      1.461e-02      2.576e-04   
      170            186         9.443e-03      3.656e-07      8.065e-04      5.986e-04      1.267e-04      1.095e+01      1.461e-02      2.576e-04   
      171            187         9.442e-03      7.536e-07      1.662e-03      5.867e-04      1.268e-04      1.095e+01      1.461e-02      2.576e-04   
      172            188         9.411e-03      3.119e-05      6.925e-02      3.238e-04      1.282e-04      1.095e+01      1.461e-02      2.576e-04   
      173            189         9.409e-03      1.578e-06      3.454e-03      3.148e-04      1.284e-04      1.095e+01      1.461e-02      2.576e-04   
      174            190         9.398e-03      1.191e-05      2.618e-02      2.980e-04      1.292e-04      1.095e+01      1.461e-02      2.576e-04   
  [it  175] bn 1.1211e-02  L 1.000  kappa 0.323  convex 1.075  d_cc 1.034  d_pc 1.157  -> FAILS L,convex
      175            191         9.397e-03      4.199e-07      9.280e-04      2.957e-04      1.292e-04      1.095e+01      1.461e-02      2.576e-04   
  [mem] RSS 10.79 GB  peak 10.79 GB
      176            192         9.397e-03      2.708e-07      5.986e-04      2.941e-04      1.292e-04      1.095e+01      1.461e-02      2.576e-04   
      177            193         9.397e-03      7.784e-08      1.721e-04      2.937e-04      1.292e-04      1.095e+01      1.461e-02      2.576e-04   
      178            194         9.397e-03      1.728e-07      3.819e-04      2.927e-04      1.293e-04      1.095e+01      1.461e-02      2.576e-04   
      179            195         9.397e-03     -8.882e-08      8.311e-05      3.919e-04      1.285e-04      1.095e+01      1.461e-02      2.576e-04   
      180            196         9.397e-03      2.064e-07      4.659e-04      3.900e-04      1.286e-04      1.095e+01      1.461e-02      2.576e-04   
      181            197         9.396e-03      3.664e-07      8.270e-04      3.862e-04      1.286e-04      1.095e+01      1.461e-02      2.576e-04   
      182            198         9.394e-03      2.291e-06      5.174e-03      3.334e-04      1.288e-04      1.095e+01      1.461e-02      2.576e-04   
      183            199         9.394e-03      3.384e-07      7.645e-04      3.303e-04      1.289e-04      1.095e+01      1.461e-02      2.576e-04   
      184            200         9.386e-03      7.210e-06      1.631e-02      2.081e-03      1.296e-04      1.095e+01      2.217e-02      2.081e-04   
      185            201         9.386e-03     -5.945e-08      9.702e-04      2.116e-03      1.433e-04      1.095e+01      2.217e-02      2.081e-04   
      186            202         9.387e-03     -4.657e-07      4.270e-04      2.816e-03      1.216e-04      1.095e+01      2.217e-02      2.081e-04   
      187            203         9.381e-03      6.124e-06      1.752e-02      1.974e-03      1.130e-04      1.095e+01      2.217e-02      2.081e-04   
      188            204         9.379e-03      1.431e-06      3.991e-03      1.884e-03      1.113e-04      1.095e+01      2.217e-02      2.081e-04   
  [mem] RSS 10.82 GB  peak 10.82 GB
      189            205         9.378e-03      9.697e-07      2.687e-03      1.830e-03      1.102e-04      1.095e+01      2.217e-02      2.081e-04   
      190            206         9.378e-03      8.183e-07      2.260e-03      1.787e-03      1.093e-04      1.095e+01      2.217e-02      2.081e-04   
      191            207         9.377e-03      6.828e-07      1.881e-03      1.752e-03      1.085e-04      1.095e+01      2.217e-02      2.081e-04   
      192            208         9.374e-03      2.421e-06      6.656e-03      1.591e-03      1.059e-04      1.095e+01      2.217e-02      2.081e-04   
      193            209         9.370e-03      4.676e-06      1.277e-02      1.194e-03      1.013e-04      1.095e+01      2.217e-02      2.081e-04   
      194            210         9.369e-03      4.996e-07      1.338e-03      1.178e-03      1.009e-04      1.095e+01      2.217e-02      2.081e-04   
      195            211         9.369e-03      3.360e-07      9.017e-04      1.167e-03      1.006e-04      1.095e+01      2.217e-02      2.081e-04   
      196            212         9.366e-03      2.946e-06      7.899e-03      1.006e-03      9.833e-05      1.095e+01      2.217e-02      2.081e-04   
      197            213         9.366e-03      1.441e-07      3.803e-04      1.002e-03      9.828e-05      1.095e+01      2.217e-02      2.081e-04   
      198            214         9.365e-03      2.987e-07      7.907e-04      9.947e-04      9.817e-05      1.095e+01      2.217e-02      2.081e-04   
      199            215         9.365e-03      1.048e-07      2.786e-04      9.922e-04      9.814e-05      1.095e+01      2.217e-02      2.081e-04   
  [it  200] bn 1.1183e-02  L 1.000  kappa 0.323  convex 0.823  d_cc 1.035  d_pc 1.157  -> FAILS L
      200            216         9.365e-03      5.815e-08      1.545e-04      9.909e-04      9.812e-05      1.095e+01      2.217e-02      2.081e-04   
  [mem] RSS 10.84 GB  peak 10.84 GB
      201            217         9.365e-03     -8.611e-08      8.872e-05      3.140e-04      9.764e-05      1.095e+01      2.217e-02      2.081e-04   
      202            218         9.359e-03      5.991e-06      1.580e-02      2.916e-04      9.560e-05      1.095e+01      2.217e-02      2.081e-04   
      203            219         9.359e-03      8.993e-07      2.320e-03      2.862e-04      9.536e-05      1.095e+01      2.217e-02      2.081e-04   
      204            220         9.358e-03      4.165e-07      1.072e-03      2.836e-04      9.526e-05      1.095e+01      2.217e-02      2.081e-04   
      205            221         9.358e-03      1.613e-07      4.148e-04      2.826e-04      9.521e-05      1.095e+01      2.217e-02      2.081e-04   
      206            222         9.358e-03     -1.463e-07      8.865e-05      3.029e-03      9.336e-05      1.095e+01      2.217e-02      2.081e-04   
      207            223         9.358e-03     -1.033e-08      4.363e-05      1.238e-03      9.333e-05      1.095e+01      3.129e-02      1.238e-04   
      208            224         9.359e-03     -6.563e-07      6.602e-04      7.793e-03      8.852e-05      1.095e+01      3.129e-02      1.238e-04   
      209            225         9.359e-03      1.576e-07      4.990e-04      7.759e-03      8.823e-05      1.095e+01      3.129e-02      1.238e-04   
      210            226         9.356e-03      2.400e-06      7.597e-03      7.165e-03      8.387e-05      1.095e+01      3.129e-02      1.238e-04   
      211            227         9.355e-03      9.643e-07      3.020e-03      6.967e-03      8.373e-05      1.095e+01      3.129e-02      1.238e-04   
      212            228         9.355e-03      7.061e-07      2.203e-03      6.829e-03      8.381e-05      1.095e+01      3.129e-02      1.238e-04   
  [mem] RSS 10.86 GB  peak 10.86 GB
      213            229         9.337e-03      1.732e-05      5.421e-02      4.796e-04      8.488e-05      1.095e+01      3.129e-02      1.238e-04   
      214            230         9.320e-03      1.706e-05      4.964e-02      3.538e-04      8.128e-05      1.095e+01      3.129e-02      1.238e-04   
      215            231         9.318e-03      2.024e-06      5.476e-03      3.380e-04      8.089e-05      1.095e+01      3.129e-02      1.238e-04   
      216            232         9.316e-03      1.957e-06      5.268e-03      3.234e-04      8.050e-05      1.095e+01      3.129e-02      1.238e-04   
      217            233         9.315e-03      1.672e-06      4.499e-03      3.115e-04      8.017e-05      1.095e+01      3.129e-02      1.238e-04   
      218            234         9.313e-03      1.560e-06      4.179e-03      3.007e-04      7.986e-05      1.095e+01      3.129e-02      1.238e-04   
      219            235         9.313e-03      1.040e-07      2.777e-04      3.000e-04      7.984e-05      1.095e+01      3.129e-02      1.238e-04   
      220            236         9.310e-03      2.770e-06      7.396e-03      2.826e-04      7.931e-05      1.095e+01      3.129e-02      1.238e-04   
      221            237         9.310e-03     -1.402e-07      8.727e-05      9.748e-04      7.929e-05      1.095e+01      3.129e-02      1.238e-04   
      222            238         9.310e-03      4.494e-07      1.199e-03      9.623e-04      7.922e-05      1.095e+01      3.129e-02      1.238e-04   
      223            239         9.275e-03      3.476e-05      9.332e-02      7.376e-04      9.404e-05      1.095e+01      3.129e-02      1.238e-04   
      224            240         9.274e-03      5.851e-07      1.494e-03      7.281e-04      9.281e-05      1.095e+01      3.129e-02      1.238e-04   
  [mem] RSS 10.88 GB  peak 10.88 GB
  [it  225] bn 1.1101e-02  L 1.000  kappa 0.324  convex 0.360  d_cc 1.035  d_pc 1.159  -> FAILS L
      225            241         9.269e-03      5.276e-06      1.349e-02      6.583e-04      8.284e-05      1.095e+01      3.129e-02      1.238e-04   
      226            242         9.263e-03      6.096e-06      1.561e-02      5.904e-04      8.046e-05      1.095e+01      3.129e-02      1.238e-04   
      227            243         9.259e-03      4.123e-06      1.061e-02      5.459e-04      8.298e-05      1.095e+01      3.129e-02      1.238e-04   
      228            244         9.254e-03      5.345e-06      1.371e-02      4.979e-04      8.590e-05      1.095e+01      3.129e-02      1.238e-04   
      229            245         9.246e-03      8.057e-06      2.072e-02      4.477e-04      8.964e-05      1.095e+01      3.129e-02      1.238e-04   
      230            246         9.211e-03      3.430e-05      8.837e-02      8.247e-04      1.010e-04      1.095e+01      3.129e-02      1.238e-04   
      231            247         9.198e-03      1.302e-05      3.368e-02      6.789e-04      1.078e-04      1.095e+01      3.129e-02      1.238e-04   
      232            248         9.184e-03      1.413e-05      3.759e-02      5.856e-04      1.315e-04      1.095e+01      3.129e-02      1.238e-04   
      233            249         9.175e-03      8.849e-06      2.410e-02      5.171e-04      1.437e-04      1.095e+01      3.129e-02      1.238e-04   
      234            250         9.157e-03      1.800e-05      4.866e-02      5.182e-04      1.708e-04      1.095e+01      3.129e-02      1.238e-04   
      235            251         9.152e-03      5.344e-06      1.446e-02      4.730e-04      1.796e-04      1.095e+01      3.129e-02      1.238e-04   
  [mem] RSS 10.90 GB  peak 10.90 GB
      236            252         9.150e-03      2.366e-06      6.366e-03      4.511e-04      1.835e-04      1.095e+01      3.129e-02      1.238e-04   
      237            253         9.144e-03      5.220e-06      1.415e-02      4.149e-04      1.917e-04      1.095e+01      3.129e-02      1.238e-04   
      238            254         9.143e-03      1.737e-06      4.657e-03      4.003e-04      1.940e-04      1.095e+01      3.129e-02      1.238e-04   
      239            255         9.141e-03      1.451e-06      3.891e-03      3.884e-04      1.960e-04      1.095e+01      3.129e-02      1.238e-04   
      240            256         9.141e-03      4.659e-07      1.255e-03      3.844e-04      1.966e-04      1.095e+01      3.129e-02      1.238e-04   
      241            257         9.135e-03      5.870e-06      1.607e-02      3.544e-04      2.042e-04      1.095e+01      3.129e-02      1.238e-04   
      242            258         9.113e-03      2.147e-05      5.803e-02      4.740e-04      2.419e-04      1.095e+01      3.129e-02      1.238e-04   
      243            259         9.113e-03     -9.528e-08      1.205e-04      5.437e-04      2.428e-04      1.095e+01      3.129e-02      1.238e-04   
      244            260         9.113e-03      1.883e-07      5.155e-04      5.409e-04      2.432e-04      1.095e+01      3.129e-02      1.238e-04   
      245            261         9.112e-03      1.365e-06      3.759e-03      5.036e-04      2.455e-04      1.095e+01      3.129e-02      1.238e-04   
      246            262         9.103e-03      8.940e-06      2.459e-02      2.208e-03      2.611e-04      1.120e+01      3.645e-02      2.208e-04   
      247            263         9.100e-03      3.295e-06      1.105e-02      2.011e-03      2.478e-04      1.120e+01      3.645e-02      2.208e-04   
  [mem] RSS 10.92 GB  peak 10.92 GB
      248            264         9.097e-03      2.654e-06      8.690e-03      1.859e-03      2.379e-04      1.120e+01      3.645e-02      2.208e-04   
      249            265         9.095e-03      2.440e-06      7.913e-03      1.732e-03      2.297e-04      1.120e+01      3.645e-02      2.208e-04   
  [it  250] bn 1.0960e-02  L 1.000  kappa 0.342  convex 1.293  d_cc 1.035  d_pc 1.170  -> FAILS convex
      250            266         9.095e-03     -3.514e-07      3.999e-04      3.356e-03      1.672e-04      1.120e+01      3.645e-02      2.208e-04   
      251            267         9.093e-03      2.164e-06      7.003e-03      3.109e-03      1.644e-04      1.120e+01      3.645e-02      2.208e-04   
      252            268         9.087e-03      6.173e-06      1.976e-02      2.209e-03      1.569e-04      1.120e+01      3.645e-02      2.208e-04   
      253            269         9.086e-03      6.691e-07      2.107e-03      2.165e-03      1.563e-04      1.120e+01      3.645e-02      2.208e-04   
      254            270         9.085e-03      1.176e-06      3.692e-03      2.082e-03      1.552e-04      1.120e+01      3.645e-02      2.208e-04   
      255            271         9.081e-03      3.607e-06      1.128e-02      1.751e-03      1.520e-04      1.120e+01      3.645e-02      2.208e-04   
      256            272         9.068e-03      1.357e-05      4.259e-02      2.914e-04      1.378e-04      1.120e+01      3.645e-02      2.208e-04   
      257            273         9.064e-03      3.091e-06      9.410e-03      2.676e-04      1.359e-04      1.120e+01      3.645e-02      2.208e-04   
      258            274         9.043e-03      2.120e-05      6.395e-02      3.276e-04      1.356e-04      1.120e+01      3.645e-02      2.208e-04   
      259            275         9.041e-03      1.734e-06      5.025e-03      3.147e-04      1.372e-04      1.120e+01      3.645e-02      2.208e-04   
  [mem] RSS 10.94 GB  peak 10.94 GB
      260            276         9.039e-03      2.560e-06      7.444e-03      2.979e-04      1.394e-04      1.120e+01      3.645e-02      2.208e-04   
      261            277         9.035e-03      3.754e-06      1.087e-02      2.773e-04      1.426e-04      1.120e+01      3.645e-02      2.208e-04   
      262            278         9.034e-03      1.074e-06      3.163e-03      2.703e-04      1.434e-04      1.120e+01      3.645e-02      2.208e-04   
      263            279         9.029e-03      5.546e-06      1.629e-02      2.505e-04      1.492e-04      1.120e+01      3.645e-02      2.208e-04   
      264            280         9.028e-03      1.403e-07      4.094e-04      2.496e-04      1.494e-04      1.120e+01      3.645e-02      2.208e-04   
      265            281         9.028e-03      8.582e-07      2.514e-03      2.446e-04      1.506e-04      1.120e+01      3.645e-02      2.208e-04   
      266            282         8.999e-03      2.831e-05      8.243e-02      5.505e-04      1.961e-04      1.120e+01      3.645e-02      2.208e-04   
      267            283         8.989e-03      1.026e-05      2.969e-02      4.689e-04      2.075e-04      1.120e+01      3.645e-02      2.208e-04   
      268            284         8.982e-03      7.418e-06      2.211e-02      4.113e-04      2.141e-04      1.120e+01      3.645e-02      2.208e-04   
      269            285         8.981e-03      4.611e-07      1.355e-03      4.064e-04      2.145e-04      1.120e+01      3.645e-02      2.208e-04   
      270            286         8.981e-03     -1.110e-07      1.413e-04      1.249e-03      2.156e-04      1.120e+01      3.645e-02      2.208e-04   
      271            287         8.981e-03      1.265e-07      3.678e-04      1.245e-03      2.157e-04      1.120e+01      3.645e-02      2.208e-04   
      272            288         8.981e-03      6.105e-08      1.775e-04      1.243e-03      2.158e-04      1.120e+01      3.645e-02      2.208e-04   
  [mem] RSS 10.96 GB  peak 10.96 GB
      273            289         8.981e-03      6.070e-08      1.765e-04      1.241e-03      2.158e-04      1.120e+01      3.645e-02      2.208e-04   
      274            290         8.981e-03      6.036e-08      1.755e-04      1.239e-03      2.159e-04      1.120e+01      3.645e-02      2.208e-04   
  [it  275] bn 1.0860e-02  L 1.000  kappa 0.358  convex 1.708  d_cc 1.035  d_pc 1.187  -> FAILS convex
      275            291         8.981e-03      6.001e-08      1.746e-04      1.237e-03      2.159e-04      1.120e+01      3.645e-02      2.208e-04   
      276            292         8.980e-03      6.881e-07      2.001e-03      1.210e-03      2.164e-04      1.120e+01      3.645e-02      2.208e-04   
      277            293         8.964e-03      1.629e-05      4.710e-02      2.645e-03      2.459e-04      1.120e+01      4.289e-02      2.645e-04   
      278            294         8.964e-03      7.360e-08      8.470e-04      1.344e-02      2.544e-04      1.120e+01      4.289e-02      2.645e-04   
      279            295         8.963e-03      9.488e-07      3.699e-03      1.299e-02      2.532e-04      1.120e+01      4.289e-02      2.645e-04   
      280            296         8.961e-03      1.577e-06      6.085e-03      1.225e-02      2.513e-04      1.120e+01      4.289e-02      2.645e-04   
      281            297         8.960e-03      1.284e-06      4.878e-03      1.170e-02      2.497e-04      1.120e+01      4.289e-02      2.645e-04   
      282            298         8.958e-03      1.688e-06      6.347e-03      1.100e-02      2.479e-04      1.120e+01      4.289e-02      2.645e-04   
      283            299         8.951e-03      7.472e-06      2.761e-02      7.249e-03      2.400e-04      1.120e+01      4.289e-02      2.645e-04   
      284            300         8.945e-03      5.792e-06      2.093e-02      5.266e-03      2.355e-04      1.120e+01      4.289e-02      2.645e-04   
  [mem] RSS 10.99 GB  peak 10.99 GB
      285            301         8.945e-03     -2.647e-09      9.774e-05      2.903e-03      2.353e-04      1.120e+01      4.895e-02      2.903e-04   
      286            302         8.944e-03      1.215e-06      5.631e-03      2.737e-03      2.333e-04      1.120e+01      4.895e-02      2.903e-04   
      287            303         8.943e-03      1.101e-06      5.051e-03      2.599e-03      2.315e-04      1.120e+01      4.895e-02      2.903e-04   
      288            304         8.942e-03      3.195e-07      1.436e-03      2.566e-03      2.311e-04      1.120e+01      4.895e-02      2.903e-04   
      289            305         8.942e-03      3.127e-07      1.396e-03      2.534e-03      2.306e-04      1.120e+01      4.895e-02      2.903e-04   
      290            306         8.942e-03      5.798e-07      2.577e-03      2.473e-03      2.298e-04      1.120e+01      4.895e-02      2.903e-04   
      291            307         8.940e-03      1.193e-06      5.244e-03      2.339e-03      2.282e-04      1.120e+01      4.895e-02      2.903e-04   
      292            308         8.940e-03      1.409e-07      6.065e-04      2.327e-03      2.280e-04      1.120e+01      4.895e-02      2.903e-04   
      293            309         8.940e-03      3.760e-07      1.614e-03      2.293e-03      2.276e-04      1.120e+01      4.895e-02      2.903e-04   
      294            310         8.940e-03     -6.205e-08      1.612e-04      4.269e-04      2.262e-04      1.120e+01      4.895e-02      2.903e-04   
      295            311         8.939e-03      1.064e-06      4.619e-03      4.115e-04      2.251e-04      1.120e+01      4.895e-02      2.903e-04   
      296            312         8.938e-03      5.789e-07      2.471e-03      4.032e-04      2.246e-04      1.120e+01      4.895e-02      2.903e-04   
      297            313         8.939e-03     -2.933e-07      2.137e-04      7.226e-03      2.213e-04      1.120e+01      4.895e-02      2.903e-04   
      298            314         8.938e-03      6.863e-07      2.832e-03      7.044e-03      2.208e-04      1.120e+01      4.895e-02      2.903e-04   
  [mem] RSS 11.01 GB  peak 11.01 GB
      299            315         8.937e-03      7.581e-07      3.100e-03      6.849e-03      2.202e-04      1.120e+01      4.895e-02      2.903e-04   
  [it  300] bn 1.0804e-02  L 1.000  kappa 0.368  convex 1.744  d_cc 1.035  d_pc 1.195  -> FAILS L,convex
      300            316         8.925e-03      1.218e-05      4.901e-02      1.708e-03      2.121e-04      1.120e+01      4.895e-02      2.903e-04   
Warning: Maximum number of iterations has been exceeded.
         Current function value: 8.925e-03
         Constraint violation: 2.121e-04
         Total delta_x: 8.454e+00
         Iterations: 300
         Function evaluations: 316
         Jacobian evaluations: 300
Timer: Solution time = 23.6 min
Timer: Avg time per step = 4.71 sec
==============================================================================================================
                                                                 Start  -->   End
Total (sum of squares):                                      3.574e-01  -->   8.925e-03, 
Maximum absolute Boundary normal field error:                5.824e+00  -->   1.693e+00 (T m^2)
Minimum absolute Boundary normal field error:                3.635e-03  -->   3.644e-04 (T m^2)
Average absolute Boundary normal field error:                1.972e+00  -->   2.773e-01 (T m^2)
Maximum absolute Boundary normal field error:                5.162e-02  -->   1.500e-02 (normalized)
Minimum absolute Boundary normal field error:                3.222e-05  -->   3.229e-06 (normalized)
Average absolute Boundary normal field error:                1.748e-02  -->   2.458e-03 (normalized)
Maximum Coil length:                                         2.840e+01  -->   3.600e+01 (m)
Minimum Coil length:                                         2.783e+01  -->   3.424e+01 (m)
Average Coil length:                                         2.797e+01  -->   3.521e+01 (m)
Maximum Coil length:                                         6.379e+00  -->   8.087e+00 (normalized)
Minimum Coil length:                                         6.251e+00  -->   7.692e+00 (normalized)
Average Coil length:                                         6.283e+00  -->   7.908e+00 (normalized)
Maximum Coil curvature:                                      3.564e-01  -->   5.515e-01 (m^-1)
Minimum Coil curvature:                                      1.229e-01  -->   1.713e-06 (m^-1)
Average Coil curvature:                                      2.278e-01  -->   1.958e-01 (m^-1)
Maximum Coil curvature:                                      1.587e+00  -->   2.455e+00 (normalized)
Minimum Coil curvature:                                      5.472e-01  -->   7.626e-06 (normalized)
Average Coil curvature:                                      1.014e+00  -->   8.717e-01 (normalized)
Maximum Signed in-plane curvature:                           3.564e-01  -->   5.515e-01 (m^-1)
Minimum Signed in-plane curvature:                           1.229e-01  -->  -2.283e-03 (m^-1)
Average Signed in-plane curvature:                           2.278e-01  -->   1.958e-01 (m^-1)
Maximum Signed in-plane curvature:                           1.587e+00  -->   2.455e+00 (normalized)
Minimum Signed in-plane curvature:                           5.472e-01  -->  -1.016e-02 (normalized)
Average Signed in-plane curvature:                           1.014e+00  -->   8.715e-01 (normalized)
Maximum Coil-coil distance penalty:                          0.000e+00  -->   5.288e-05 (dimensionless)
Minimum Coil-coil distance penalty:                          0.000e+00  -->   0.000e+00 (dimensionless)
Average Coil-coil distance penalty:                          0.000e+00  -->   9.793e-07 (dimensionless)
Maximum Plasma-coil distance penalty:                        0.000e+00  -->   0.000e+00 (dimensionless)
Minimum Plasma-coil distance penalty:                        0.000e+00  -->   0.000e+00 (dimensionless)
Average Plasma-coil distance penalty:                        0.000e+00  -->   0.000e+00 (dimensionless)
Summed coil current error:                                   0.000e+00  -->   0.000e+00 (A)
==============================================================================================================

  [mem] RSS 11.01 GB  peak 11.01 GB

SOLVER {'wall_s': 1518.3929662704468, 'message': 'Maximum number of iterations has been exceeded.', 'nit': 300, 'n_outer': 8, 'constr_violation': 0.00021212532752186897, 'y_absmax_final': 0.048948170693480286}
START  bn 7.6480e-02  L 0.789  kappa 0.238  convex 0.000  d_cc 1.133  d_pc 1.103  -> FEASIBLE
RESULT bn 1.0804e-02  L 1.000  kappa 0.368  convex 1.744  d_cc 1.035  d_pc 1.195  linked 0  -> FAILS L,convex  active ['L']
wrote work/helios/arc16/cold_cut30/free/result.h5, result.json, result.png
