Running as unit: run-p1144739-i1146338.scope; invocation ID: 3f87436d02df4bd594d73aa3ba99aa16
E0922 10:58:45.845857 1144826 cuda_executor.cc:1743] Could not get kernel mode driver version: ( INVALID_ARGUMENT: Version does not match the format X.Y.Z )
E0922 10:58:45.857603 1144739 cuda_executor.cc:1743] Could not get kernel mode driver version: ( INVALID_ARGUMENT: Version does not match the format X.Y.Z )
DEVICE requested=gpu obtained=gpu (1x NVIDIA GeForce RTX 5070 Laptop GPU)
  [mem] RSS 0.83 GB  peak 0.83 GB
/home/singh/Documents/DESC2/coil_sandbox/vendor/desc/utils.py:590: UserWarning: Unequal number of field periods for grid 1 and basis 2.
  warnings.warn(msg, err)
/home/singh/Documents/DESC2/coil_sandbox/vendor/desc/utils.py:590: UserWarning: Unequal number of field periods for grid 1 and basis 2.
  warnings.warn(msg, err)
eq sample_equilibria/helios_repro.h5 (h5) NFP 2 sym True; start work/helios/arc16/midplane/level/free/result.h5: 4 unique coils, arc=True, expect 16 coils; source grid gl (48 nodes/coil), length grid gl (48), constraint grid 301, curvature grid 301; mode stage2; plasma field included (virtual casing)
SETTINGS {'eq': 'sample_equilibria/helios_repro.h5', 'start': 'work/helios/arc16/midplane/level/free/result.h5', 'out': 'work/helios/arc16/midplane/level/L34', 'mode': 'stage2', 'length_mult': 1.0, 'margin': 0.0, 'fix_hinges': False, 'anchor_weight': 0.001, 'margin_skip': '', 'a': None, 'bounds': 'bounds/helios_L34.json', 'device': None, 'vacuum': False, 'maxiter': 400, 'check_every': 25, 'ckpt_every': 50, 'diag_log': 'diag.jsonl', 'dcc_backoff': 0.025, 'dpc_backoff': 0.02, 'no_arc_backoffs': False, 'convex_form': 'signed', 'convex_kmin': 0.0, 'convex_backoff': 0.5, 'demount_margin': 0.3, 'demount_backoff': 0.02, 'demount_arcs': False, 'demount_delta': 0.5, 'demount_eps': 0.25, 'level_hinges': True, 'fix_hinge_z': None, 'corner_max': None, 'planarity': 'auto', 'planarity_tol': 0.0, 'speed_floor': 0.0, 'arclength_weight': 0.0, 'torsion_weight': 0.0, 'coil_grid_n': 150, 'kappa_grid_n': None, 'eval_m': 25, 'eval_n': 25, 'plasma_m': 64, 'plasma_n': 64, 'src_gl': 24, 'src_n': 400, 'vc_m': None, 'vc_n': None, 'vc_chunk': 64, 'dcc_k': 20000, 'dpc_k': 20000, 'no_signed': False, 'dcc_neighbors': None, 'dcc_chunk': 4, 'dpc_chunk': 1, 'qf_chunk': 25, 'coil_jac_chunk': None, 'no_second_order': False, 'so_chunk': 8, 'so_rtol': 0.05, 'max_tr': 0.5, 'max_inner_iter': 100, 'ctol': 0.0001}
BOUNDS (judged, absolute, a=1.77186) L 34  Ltot -  kappa 1.5  kms -  convex 0.001  planar -  dcc 1.2  dpc 1.2
ENFORCED L 34  Ltot -  kappa 1.492  kms -  convex 0.0005  planar -  dcc 1.243  dpc 1.224  (convexity: signed, kappa_s >= 0.0)
/home/singh/Documents/DESC2/coil_sandbox/vendor/desc/utils.py:590: UserWarning: Unequal number of field periods for grid 1 and basis 2.
  warnings.warn(msg, err)
/home/singh/Documents/DESC2/coil_sandbox/vendor/desc/utils.py:590: UserWarning: Unequal number of field periods for grid 1 and basis 2.
  warnings.warn(msg, err)
  [mem] RSS 2.94 GB  peak 2.94 GB
START  bn 2.2857e-02  L 0.824  kappa 0.420  convex 0.057  d_cc 1.268  d_pc 0.987  linked 0  coils 16  -> FAILS d_pc  demount: min hinge clearance +0.311 m, worst arc blocked 0.00%  -> REMOVABLE
Building objective: Quadratic flux
Precomputing transforms
/home/singh/Documents/DESC2/coil_sandbox/vendor/desc/utils.py:590: UserWarning: Could not build fft interpolator, switching to dft which is slow.
Reason: Got False for eval_grid.can_fft2.
  warnings.warn(msg, err)
  [mem] RSS 7.56 GB  peak 7.56 GB
  [mem] RSS 7.74 GB  peak 7.74 GB
  [mem] RSS 7.87 GB  peak 7.87 GB
Timer: Precomputing transforms = 1.34 min
Timer: Objective build = 1.35 min
Building objective: summed coil current
Building objective: fixed shift
Building objective: fixed rotation
Building objective: fixed arc reference
Timer: Objective build = 651 ms
Timer: Objective build = 3.12 ms
Timer: LinearConstraintProjection build = 3.78 sec
Timer: LinearConstraintProjection build = 152 ms
Number of parameters: 71
Number of objectives: 1326
Number of equality constraints: 0
Number of inequality constraints: 2482
Timer: Initializing the optimization = 1.44 min

Starting optimization
Using method: lsq-auglag
/home/singh/Documents/DESC2/coil_sandbox/vendor/desc/utils.py:590: FutureWarning: constants is deprecated and will be removed in a future release. Users should not include constants in the arguments of their objective compute methods. Instead declare all the constants in the build method and use as self._constants.
  warnings.warn(msg, err)
E0922 11:01:04.323839 1144834 cuda_timer.cc:87] Delay kernel timed out: measured time has sub-optimal accuracy. There may be a missing warmup execution, please investigate in Nsight Systems.
E0922 11:01:04.402460 1144848 cuda_timer.cc:87] Delay kernel timed out: measured time has sub-optimal accuracy. There may be a missing warmup execution, please investigate in Nsight Systems.
  [mem] RSS 5.08 GB  peak 7.88 GB
E0922 11:01:21.119207 1144855 cuda_timer.cc:87] Delay kernel timed out: measured time has sub-optimal accuracy. There may be a missing warmup execution, please investigate in Nsight Systems.
/home/singh/Documents/DESC2/coil_sandbox/vendor/desc/utils.py:590: FutureWarning: constants is deprecated and will be removed in a future release. Users should not include constants in the arguments of their objective compute methods. Instead declare all the constants in the build method and use as self._constants.
  warnings.warn(msg, err)
E0922 11:01:39.284901 1144839 cuda_timer.cc:87] Delay kernel timed out: measured time has sub-optimal accuracy. There may be a missing warmup execution, please investigate in Nsight Systems.
E0922 11:01:39.430982 1144851 cuda_timer.cc:87] Delay kernel timed out: measured time has sub-optimal accuracy. There may be a missing warmup execution, please investigate in Nsight Systems.
  [mem] RSS 5.68 GB  peak 7.88 GB
second_order: compiling constraint Hessian for blocks PlasmaCoilSetDistancePenalty
  [mem] RSS 5.90 GB  peak 7.88 GB
Solver options:
------------------------------------------------------------
Maximum Function Evaluations       : 2001
Maximum Allowed Total Δx Norm      : inf
Scaled Termination                 : True
Trust Region Method                : svd
Initial Trust Radius               : 1.262e-01
Maximum Trust Radius               : 5.000e-01
Minimum Trust Radius               : 2.220e-16
Trust Radius Increase Ratio        : 4.000e+00
Trust Radius Decrease Ratio        : 2.500e-01
Trust Radius Increase Threshold    : 7.500e-01
Trust Radius Decrease Threshold    : 5.000e-01
Alpha Omega                        : 1.000e+00
Beta Omega                         : 1.000e+00
Alpha Eta                          : 1.000e-01
Beta Eta                           : 9.000e-01
Omega                              : 1.000e-02
Eta                                : 1.000e-02
Tau                                : 1.000e+01
------------------------------------------------------------ 

   Iteration     Total nfev        Cost      Cost reduction    Step norm     Optimality    Constr viol.   Penalty param  max(|mltplr|)      gtolk     
       0              1          3.421e-02                                    1.262e-01      3.996e-02      1.000e+01      0.000e+00      1.000e-03   
second_order: compiling constraint Hessian for blocks CoilLength, HingeShadowClearance, PlasmaCoilSetDistancePenalty
E0922 11:02:37.284482 1144838 cuda_timer.cc:87] Delay kernel timed out: measured time has sub-optimal accuracy. There may be a missing warmup execution, please investigate in Nsight Systems.
  [mem] RSS 6.54 GB  peak 7.88 GB
       1              2          3.420e-02      1.214e-05      4.769e-03      4.306e-02      2.143e-02      1.000e+01      0.000e+00      1.000e-03   
second_order: compiling constraint Hessian for blocks CoilLength, CoilCurvature, CoilSignedCurvature, HingeShadowClearance, PlasmaCoilSetDistancePenalty
  [mem] RSS 6.92 GB  peak 7.88 GB
E0922 11:03:46.071431 1144833 cuda_timer.cc:87] Delay kernel timed out: measured time has sub-optimal accuracy. There may be a missing warmup execution, please investigate in Nsight Systems.
  [mem] RSS 7.91 GB  peak 7.91 GB
E0922 11:03:46.964422 1144840 cuda_timer.cc:87] Delay kernel timed out: measured time has sub-optimal accuracy. There may be a missing warmup execution, please investigate in Nsight Systems.
  [mem] RSS 7.94 GB  peak 7.94 GB
       2              3          3.420e-02      3.672e-06      4.512e-03      1.850e-02      1.165e-02      1.000e+01      0.000e+00      1.000e-03   
       3              4          3.419e-02      5.842e-06      5.697e-03      9.436e-02      6.429e-03      1.000e+01      0.000e+00      1.000e-03   
       4              5          3.401e-02      1.843e-04      1.950e-02      7.066e-02      5.622e-03      1.000e+01      0.000e+00      1.000e-03   
       5              6          3.393e-02      7.249e-05      7.759e-03      6.349e-02      5.333e-03      1.000e+01      0.000e+00      1.000e-03   
       6              7          3.384e-02      9.630e-05      1.036e-02      5.451e-02      4.959e-03      1.000e+01      0.000e+00      1.000e-03   
       7              8          3.379e-02      4.795e-05      5.195e-03      5.061e-02      4.784e-03      1.000e+01      0.000e+00      1.000e-03   
       8              9          3.376e-02      3.124e-05      3.396e-03      4.823e-02      4.674e-03      1.000e+01      0.000e+00      1.000e-03   
  [mem] RSS 8.00 GB  peak 8.00 GB
       9             10          3.375e-02      1.319e-05      1.437e-03      4.727e-02      4.628e-03      1.000e+01      0.000e+00      1.000e-03   
      10             11          3.373e-02      1.295e-05      1.413e-03      4.634e-02      4.583e-03      1.000e+01      0.000e+00      1.000e-03   
second_order: compiling constraint Hessian for blocks CoilLength, CoilCurvature, HingeShadowClearance, PlasmaCoilSetDistancePenalty
  [mem] RSS 8.06 GB  peak 8.06 GB
  [mem] RSS 8.06 GB  peak 8.06 GB
      11             12          3.373e-02      4.920e-06      1.229e-03      9.303e-03      4.497e-03      1.000e+01      0.000e+00      1.000e-03   
      12             13          3.370e-02      2.477e-05      4.423e-03      1.212e-01      3.731e-03      1.000e+01      0.000e+00      1.000e-03   
second_order: compiling constraint Hessian for blocks CoilLength, CoilSignedCurvature, HingeShadowClearance, PlasmaCoilSetDistancePenalty
  [mem] RSS 8.12 GB  peak 8.12 GB
  [mem] RSS 8.43 GB  peak 8.46 GB
      13             14          3.351e-02      1.919e-04      2.108e-02      8.738e-02      3.221e-03      1.000e+01      0.000e+00      1.000e-03   
      14             15          3.350e-02      1.442e-05      1.598e-03      8.564e-02      3.189e-03      1.000e+01      0.000e+00      1.000e-03   
      15             16          3.348e-02      1.229e-05      1.363e-03      8.419e-02      3.162e-03      1.000e+01      0.000e+00      1.000e-03   
  [mem] RSS 8.49 GB  peak 8.49 GB
      16             17          3.348e-02      2.191e-06      1.373e-03      5.432e-03      3.127e-03      1.000e+01      0.000e+00      1.000e-03   
      17             18          3.346e-02      2.592e-05      4.520e-03      6.707e-02      2.532e-03      1.000e+01      0.000e+00      1.000e-03   
      18             19          3.265e-02      8.084e-04      9.375e-02      3.208e-03      1.514e-03      1.000e+01      0.000e+00      1.000e-03   
      19             20          3.166e-02      9.892e-04      1.225e-01      3.221e-03      1.095e-03      1.000e+01      0.000e+00      1.000e-03   
      20             21          3.157e-02      8.799e-05      1.721e-02      9.401e-02      8.397e-04      1.000e+01      0.000e+00      1.000e-03   
      21             22          2.935e-02      2.219e-03      3.123e-01      8.815e-03      4.037e-04      1.000e+01      0.000e+00      1.000e-03   
second_order: compiling constraint Hessian for blocks CoilLength, CoilCurvature, CoilSignedCurvature, HingeShadowClearance
  [mem] RSS 8.49 GB  peak 8.49 GB
  [mem] RSS 8.87 GB  peak 8.93 GB
      22             23          2.769e-02      1.663e-03      2.683e-01      6.171e-03      4.902e-04      1.000e+01      0.000e+00      1.000e-03   
      23             24          2.624e-02      1.445e-03      2.585e-01      5.478e-03      5.665e-04      1.000e+01      0.000e+00      1.000e-03   
  [mem] RSS 8.91 GB  peak 8.93 GB
      24             25          2.498e-02      1.266e-03      2.503e-01      4.657e-03      6.228e-04      1.000e+01      0.000e+00      1.000e-03   
  [it   25] bn 1.9189e-02  L 0.908  kappa 0.396  convex 5.057  d_cc 1.231  d_pc 1.047  -> FAILS convex  demount: min hinge clearance +0.317 m, worst arc blocked 0.00%  -> REMOVABLE
      25             26          2.386e-02      1.117e-03      2.414e-01      3.917e-03      6.598e-04      1.000e+01      0.000e+00      1.000e-03   
      26             27          2.287e-02      9.940e-04      2.318e-01      3.235e-03      6.927e-04      1.000e+01      0.000e+00      1.000e-03   
      27             28          2.198e-02      8.877e-04      2.215e-01      2.569e-03      7.454e-04      1.000e+01      0.000e+00      1.000e-03   
      28             29          2.118e-02      7.949e-04      2.109e-01      2.037e-03      7.772e-04      1.000e+01      0.000e+00      1.000e-03   
      29             30          2.047e-02      7.152e-04      1.991e-01      1.530e-03      7.852e-04      1.000e+01      0.000e+00      1.000e-03   
      30             31          1.983e-02      6.431e-04      1.879e-01      1.429e-03      8.007e-04      1.000e+01      0.000e+00      1.000e-03   
      31             32          1.925e-02      5.782e-04      1.758e-01      1.407e-03      7.771e-04      1.000e+01      0.000e+00      1.000e-03   
      32             33          1.873e-02      5.215e-04      1.650e-01      1.374e-03      7.734e-04      1.000e+01      0.000e+00      1.000e-03   
      33             34          1.826e-02      4.697e-04      1.549e-01      1.303e-03      7.350e-04      1.000e+01      0.000e+00      1.000e-03   
  [mem] RSS 8.91 GB  peak 8.93 GB
      34             35          1.783e-02      4.247e-04      1.473e-01      1.288e-03      7.215e-04      1.000e+01      0.000e+00      1.000e-03   
      35             36          1.745e-02      3.851e-04      1.412e-01      1.156e-03      7.135e-04      1.000e+01      0.000e+00      1.000e-03   
      36             37          1.710e-02      3.500e-04      1.382e-01      1.153e-03      6.925e-04      1.000e+01      0.000e+00      1.000e-03   
      37             38          1.678e-02      3.205e-04      1.360e-01      1.987e-03      6.739e-04      1.000e+01      6.739e-03      1.987e-04   
      38             39          1.652e-02      2.601e-04      1.398e-01      9.100e-04      4.095e-04      1.000e+01      6.739e-03      1.987e-04   
second_order: compiling constraint Hessian for blocks CoilLength, CoilCurvature, CoilSignedCurvature, HingeShadowClearance, CoilSetDistancePenalty
  [mem] RSS 8.98 GB  peak 8.98 GB
  [mem] RSS 9.84 GB  peak 9.93 GB
  [mem] RSS 9.94 GB  peak 9.94 GB
      39             41          1.645e-02      6.773e-05      3.721e-02      3.239e-03      1.046e-03      1.000e+01      6.739e-03      1.987e-04   
  [mem] RSS 10.01 GB  peak 10.01 GB
      40             42          1.620e-02      2.488e-04      1.468e-01      1.205e-03      3.010e-04      1.000e+01      6.739e-03      1.987e-04   
      41             43          1.599e-02      2.139e-04      1.248e-01      8.193e-04      4.211e-04      1.000e+01      6.739e-03      1.987e-04   
      42             44          1.580e-02      1.828e-04      1.329e-01      1.037e-03      2.407e-04      1.000e+01      6.739e-03      1.987e-04   
      43             45          1.565e-02      1.519e-04      1.360e-01      9.899e-04      2.312e-04      1.000e+01      6.739e-03      1.987e-04   
      44             46          1.552e-02      1.279e-04      1.367e-01      9.711e-04      3.306e-04      1.000e+01      6.739e-03      1.987e-04   
      45             47          1.542e-02      1.051e-04      1.369e-01      8.821e-04      2.554e-04      1.000e+01      6.739e-03      1.987e-04   
      46             48          1.540e-02      1.329e-05      1.834e-02      7.728e-04      2.557e-04      1.000e+01      6.739e-03      1.987e-04   
      47             49          1.540e-02      1.672e-06      2.328e-03      7.592e-04      2.559e-04      1.000e+01      6.739e-03      1.987e-04   
      48             50          1.539e-02      1.297e-05      1.820e-02      6.684e-04      2.609e-04      1.000e+01      6.739e-03      1.987e-04   
      49             51          1.537e-02      2.111e-05      2.991e-02      5.564e-04      2.684e-04      1.000e+01      6.739e-03      1.987e-04   
  [it   50] bn 1.5312e-02  L 1.000  kappa 0.347  convex 3.626  d_cc 1.031  d_pc 1.067  -> FAILS convex  demount: min hinge clearance +0.325 m, worst arc blocked 0.00%  -> REMOVABLE
      50             52          1.537e-02      2.377e-06      3.394e-03      5.423e-04      2.694e-04      1.000e+01      6.739e-03      1.987e-04   
  [mem] RSS 10.01 GB  peak 10.01 GB
      51             53          1.533e-02      3.374e-05      4.898e-02      4.535e-04      2.872e-04      1.000e+01      6.739e-03      1.987e-04   
      52             54          1.533e-02     -2.244e-07      1.408e-04      6.039e-04      2.874e-04      1.000e+01      6.739e-03      1.987e-04   
      53             55          1.533e-02      8.146e-08      1.167e-04      6.034e-04      2.874e-04      1.000e+01      6.739e-03      1.987e-04   
      54             56          1.533e-02     -1.120e-08      9.074e-05      8.110e-03      2.929e-04      1.000e+01      8.548e-03      8.110e-04   
      55             57          1.533e-02      9.326e-08      2.120e-04      2.752e-03      2.867e-04      1.033e+01      8.548e-03      2.752e-04   
      56             58          1.533e-02     -9.188e-07      6.290e-04      1.884e-03      2.725e-04      1.033e+01      8.548e-03      2.752e-04   
      57             59          1.524e-02      9.074e-05      2.075e-01      2.776e-03      6.862e-04      1.033e+01      8.548e-03      2.752e-04   
      58             60          1.521e-02      3.686e-05      8.253e-02      1.455e-03      2.764e-04      1.033e+01      8.548e-03      2.752e-04   
      59             61          1.517e-02      3.697e-05      9.185e-02      8.213e-04      2.057e-04      1.033e+01      8.548e-03      2.752e-04   
      60             62          1.516e-02      6.521e-06      1.913e-02      7.137e-04      2.067e-04      1.033e+01      8.548e-03      2.752e-04   
      61             63          1.513e-02      2.887e-05      8.966e-02      4.460e-04      2.526e-04      1.033e+01      8.548e-03      2.752e-04   
      62             64          1.511e-02      2.258e-05      8.633e-02      4.564e-04      2.871e-04      1.033e+01      8.548e-03      2.752e-04   
  [mem] RSS 10.01 GB  peak 10.01 GB
second_order: compiling constraint Hessian for blocks CoilLength, CoilSignedCurvature, HingeShadowClearance, CoilSetDistancePenalty
  [mem] RSS 10.09 GB  peak 10.09 GB
  [mem] RSS 10.17 GB  peak 10.21 GB
      63             65          1.509e-02      1.918e-05      8.607e-02      4.998e-04      3.395e-04      1.033e+01      8.548e-03      2.752e-04   
  [mem] RSS 10.29 GB  peak 10.29 GB
      64             66          1.507e-02      1.760e-05      9.154e-02      6.078e-04      3.780e-04      1.033e+01      8.548e-03      2.752e-04   
      65             67          1.506e-02      1.172e-05      7.605e-02      5.693e-04      4.016e-04      1.033e+01      8.548e-03      2.752e-04   
      66             68          1.505e-02      1.235e-05      8.826e-02      6.320e-04      4.414e-04      1.033e+01      8.548e-03      2.752e-04   
      67             69          1.504e-02      8.636e-06      7.370e-02      6.018e-04      4.705e-04      1.033e+01      8.548e-03      2.752e-04   
      68             70          1.504e-02      3.919e-06      3.943e-02      5.288e-04      4.806e-04      1.033e+01      8.548e-03      2.752e-04   
      69             71          1.503e-02      8.119e-06      9.020e-02      7.023e-04      4.998e-04      1.033e+01      8.548e-03      2.752e-04   
      70             72          1.503e-02      3.926e-06      6.108e-02      6.042e-04      5.129e-04      1.033e+01      8.548e-03      2.752e-04   
      71             73          1.502e-02      2.413e-06      3.831e-02      5.443e-04      5.189e-04      1.033e+01      8.548e-03      2.752e-04   
      72             74          1.502e-02     -3.314e-07      1.715e-04      1.247e-03      5.189e-04      1.033e+01      8.548e-03      2.752e-04   
      73             75          1.502e-02      9.073e-09      6.282e-05      1.067e-03      5.189e-04      1.033e+01      2.025e-02      1.067e-04   
      74             76          1.502e-02     -3.099e-07      6.346e-04      2.498e-03      5.201e-04      1.033e+01      2.025e-02      1.067e-04   
  [mem] RSS 10.29 GB  peak 10.30 GB
  [it   75] bn 1.5153e-02  L 1.000  kappa 0.347  convex 5.392  d_cc 1.026  d_pc 1.095  -> FAILS L,convex  demount: min hinge clearance +0.318 m, worst arc blocked 0.00%  -> REMOVABLE
      75             77          1.502e-02     -4.767e-08      2.874e-04      3.839e-04      5.201e-04      1.033e+01      2.025e-02      1.067e-04   
      76             78          1.502e-02     -6.663e-07      1.427e-02      3.496e-04      4.952e-04      1.033e+01      2.025e-02      1.067e-04   
      77             79          1.503e-02     -5.996e-07      1.425e-02      3.184e-04      4.720e-04      1.033e+01      2.025e-02      1.067e-04   
      78             80          1.503e-02     -8.121e-07      2.019e-02      2.753e-04      4.397e-04      1.033e+01      2.025e-02      1.067e-04   
second_order: compiling constraint Hessian for blocks CoilLength, CoilSignedCurvature, CoilSetDistancePenalty
  [mem] RSS 10.33 GB  peak 10.33 GB
  [mem] RSS 10.66 GB  peak 10.69 GB
  [mem] RSS 10.73 GB  peak 10.73 GB
      79             81          1.503e-02     -3.011e-07      2.619e-04      1.933e-03      4.399e-04      1.033e+01      2.025e-02      1.067e-04   
      80             82          1.503e-02     -8.313e-07      2.734e-02      1.502e-03      3.967e-04      1.033e+01      2.025e-02      1.067e-04   
      81             83          1.503e-02     -1.003e-06      3.245e-02      1.051e-03      3.477e-04      1.033e+01      2.025e-02      1.067e-04   
      82             84          1.503e-02     -4.637e-07      1.420e-02      8.935e-04      3.253e-04      1.033e+01      2.025e-02      1.067e-04   
      83             85          1.503e-02     -1.298e-07      4.478e-03      8.516e-04      3.192e-04      1.033e+01      2.025e-02      1.067e-04   
      84             86          1.503e-02     -2.258e-07      8.406e-03      7.758e-04      3.082e-04      1.033e+01      2.025e-02      1.067e-04   
      85             87          1.503e-02     -8.545e-07      3.638e-02      4.571e-04      2.637e-04      1.033e+01      2.025e-02      1.067e-04   
      86             88          1.503e-02     -3.322e-07      1.254e-02      3.775e-04      2.513e-04      1.033e+01      2.025e-02      1.067e-04   
      87             89          1.503e-02     -4.228e-07      2.165e-02      2.552e-04      2.325e-04      1.033e+01      2.025e-02      1.067e-04   
      88             90          1.503e-02     -1.144e-07      1.088e-02      2.101e-04      2.248e-04      1.033e+01      2.025e-02      1.067e-04   
      89             91          1.503e-02     -2.795e-07      3.995e-02      2.354e-04      2.000e-04      1.033e+01      2.025e-02      1.067e-04   
  [mem] RSS 10.75 GB  peak 10.75 GB
      90             92          1.503e-02     -9.861e-08      2.997e-02      1.538e-04      1.866e-04      1.033e+01      2.025e-02      1.067e-04   
      91             93          1.503e-02     -8.368e-08      5.116e-05      4.090e-04      1.866e-04      1.033e+01      2.025e-02      1.067e-04   
      92             94          1.503e-02      4.238e-09      2.863e-04      4.059e-04      1.865e-04      1.033e+01      2.025e-02      1.067e-04   
      93             95          1.503e-02      6.278e-09      2.410e-05      7.059e-04      1.865e-04      1.033e+01      2.555e-02      7.059e-05   
      94             96          1.503e-02     -2.232e-06      2.203e-02      4.182e-04      1.540e-04      1.033e+01      2.555e-02      7.059e-05   
      95             97          1.503e-02     -9.807e-07      8.150e-03      3.113e-04      1.413e-04      1.033e+01      2.555e-02      7.059e-05   
      96             98          1.504e-02     -1.255e-06      1.335e-02      1.756e-04      1.247e-04      1.033e+01      2.555e-02      7.059e-05   
      97             99          1.504e-02     -6.750e-07      1.479e-02      9.215e-05      1.138e-04      1.033e+01      2.555e-02      7.059e-05   
      98             100         1.504e-02     -5.996e-07      2.028e-02      2.940e-04      1.031e-04      1.033e+01      2.491e-02      2.940e-05   
      99             101         1.504e-02     -1.394e-07      7.463e-05      1.426e-04      1.028e-04      1.033e+01      2.491e-02      2.940e-05   
  [it  100] bn 1.5149e-02  L 1.000  kappa 0.344  convex 0.660  d_cc 1.028  d_pc 1.105  -> FAILS L  demount: min hinge clearance +0.319 m, worst arc blocked 0.00%  -> REMOVABLE
  [mem] RSS 10.75 GB  peak 10.75 GB
      100            102         1.504e-02      1.257e-08      3.705e-05      6.057e-05      1.026e-04      1.033e+01      2.491e-02      2.940e-05   
      101            103         1.504e-02     -3.193e-08      4.348e-04      5.933e-05      1.020e-04      1.033e+01      2.491e-02      2.940e-05   
      102            104         1.504e-02     -5.185e-08      7.037e-04      5.733e-05      1.010e-04      1.033e+01      2.491e-02      2.940e-05   
      103            105         1.504e-02     -2.634e-07      3.602e-03      4.729e-05      9.574e-05      1.033e+01      2.491e-02      2.940e-05   
      104            106         1.504e-02     -4.101e-07      5.839e-03      3.236e-05      8.969e-05      1.033e+01      2.491e-02      2.940e-05   
      105            107         1.504e-02     -3.782e-07      5.826e-03      1.720e-04      8.534e-05      1.033e+01      2.443e-02      1.720e-05   
      106            108         1.504e-02     -2.481e-07      5.538e-03      1.137e-04      8.400e-05      1.033e+01      2.443e-02      1.720e-05   
      107            109         1.504e-02     -2.095e-07      4.225e-03      6.963e-05      8.284e-05      1.033e+01      2.443e-02      1.720e-05   
      108            110         1.504e-02     -1.607e-07      3.707e-03      3.884e-05      8.199e-05      1.033e+01      2.443e-02      1.720e-05   
      109            111         1.504e-02     -1.052e-07      2.956e-03      2.014e-05      8.145e-05      1.033e+01      2.443e-02      1.720e-05   
      110            112         1.504e-02     -8.350e-08      2.576e-03      4.575e-04      8.080e-05      1.033e+01      2.397e-02      4.575e-05   
      111            113         1.504e-02      6.320e-11      2.148e-04      2.310e-04      8.108e-05      1.033e+01      2.350e-02      2.310e-05   
      112            114         1.504e-02     -4.649e-07      1.855e-03      1.847e-04      6.477e-05      1.033e+01      2.350e-02      2.310e-05   
  [mem] RSS 10.76 GB  peak 10.76 GB
      113            115         1.504e-02     -2.988e-07      1.270e-03      1.565e-04      5.999e-05      1.033e+01      2.350e-02      2.310e-05   
      114            116         1.504e-02     -5.656e-08      5.697e-05      3.538e-04      6.000e-05      1.033e+01      2.291e-02      3.538e-05   
      115            117         1.504e-02      3.020e-08      6.275e-05      2.596e-04      6.000e-05      1.033e+01      2.237e-02      2.596e-05   
      116            118         1.504e-02     -4.000e-08      8.572e-05      2.282e-04      6.027e-05      1.033e+01      2.237e-02      2.596e-05   
      117            119         1.504e-02      9.225e-09      5.769e-05      2.244e-04      6.047e-05      1.033e+01      2.354e-02      2.244e-05   
      118            120         1.504e-02     -7.105e-08      6.847e-05      1.709e-04      6.054e-05      1.033e+01      2.354e-02      2.244e-05   
      119            121         1.504e-02     -1.404e-07      4.344e-04      1.656e-04      6.026e-05      1.033e+01      2.354e-02      2.244e-05   
      120            122         1.504e-02     -1.127e-06      3.515e-03      1.230e-04      5.803e-05      1.033e+01      2.354e-02      2.244e-05   
      121            123         1.504e-02     -2.338e-07      8.594e-04      1.145e-04      5.756e-05      1.033e+01      2.354e-02      2.244e-05   
      122            124         1.504e-02     -1.437e-06      5.461e-03      6.247e-05      5.462e-05      1.033e+01      2.354e-02      2.244e-05   
      123            125         1.504e-02     -1.420e-06      7.110e-03      2.022e-04      5.053e-05      1.033e+01      2.445e-02      2.022e-05   
      124            126         1.504e-02      3.558e-07      4.181e-03      1.301e-04      4.641e-05      1.033e+01      2.445e-02      2.022e-05   
  [mem] RSS 10.76 GB  peak 10.76 GB
  [it  125] bn 1.5150e-02  L 1.000  kappa 0.343  convex 0.133  d_cc 1.030  d_pc 1.107  -> FAILS L  demount: min hinge clearance +0.320 m, worst arc blocked 0.00%  -> REMOVABLE
      125            127         1.504e-02      1.287e-07      1.675e-03      1.048e-04      4.468e-05      1.033e+01      2.445e-02      2.022e-05   
      126            128         1.504e-02      9.476e-08      1.355e-03      8.579e-05      4.322e-05      1.033e+01      2.445e-02      2.022e-05   
      127            129         1.504e-02      2.781e-07      4.399e-03      3.124e-05      3.837e-05      1.033e+01      2.445e-02      2.022e-05   
      128            130         1.504e-02      5.959e-08      2.492e-03      4.970e-05      3.543e-05      1.033e+01      2.529e-02      4.970e-06   
      129            131         1.504e-02      5.817e-07      3.252e-03      2.403e-05      3.482e-05      1.033e+01      2.529e-02      4.970e-06   
      130            132         1.504e-02      3.164e-07      2.202e-03      1.089e-05      4.112e-05      1.033e+01      2.529e-02      4.970e-06   
      131            133         1.504e-02      1.911e-07      9.941e-04      5.394e-05      4.668e-05      1.033e+01      2.609e-02      5.394e-06   
      132            134         1.504e-02      9.023e-08      5.090e-03      1.256e-05      4.895e-05      1.033e+01      2.609e-02      5.394e-06   
      133            135         1.504e-02      1.104e-07      4.867e-03      1.152e-05      4.886e-05      1.033e+01      2.685e-02      1.152e-06   
      134            136         1.504e-02     -1.122e-08      3.030e-03      6.956e-06      4.804e-05      1.033e+01      2.685e-02      1.152e-06   
  [mem] RSS 10.76 GB  peak 10.76 GB
      135            137         1.504e-02     -1.184e-08      3.163e-03      2.342e-06      4.585e-05      1.033e+01      2.685e-02      1.152e-06   
      136            138         1.504e-02      2.103e-08      1.081e-03      2.515e-06      4.667e-05      1.033e+01      2.685e-02      1.152e-06   
      137            139         1.504e-02      2.019e-08      1.404e-03      4.362e-05      4.732e-05      1.033e+01      2.759e-02      4.362e-06   
      138            140         1.504e-02     -1.163e-07      2.074e-03      1.256e-05      4.770e-05      1.033e+01      2.759e-02      4.362e-06   
      139            141         1.504e-02     -5.628e-09      3.577e-04      1.087e-05      4.764e-05      1.033e+01      2.759e-02      4.362e-06   
      140            142         1.504e-02     -1.052e-08      5.123e-04      7.686e-06      4.757e-05      1.033e+01      2.759e-02      4.362e-06   
      141            143         1.504e-02     -2.329e-08      6.757e-04      3.475e-05      4.761e-05      1.033e+01      2.831e-02      3.475e-06   
      142            144         1.504e-02     -1.582e-08      1.672e-05      6.312e-05      4.760e-05      1.033e+01      2.900e-02      6.312e-06   
      143            145         1.504e-02      3.083e-09      2.199e-05      1.599e-04      4.761e-05      1.033e+01      2.968e-02      1.599e-05   
      144            146         1.504e-02     -2.509e-07      1.790e-03      1.320e-04      4.630e-05      1.033e+01      2.968e-02      1.599e-05   
      145            147         1.504e-02     -1.330e-07      9.674e-04      1.174e-04      4.558e-05      1.033e+01      2.968e-02      1.599e-05   
  [mem] RSS 10.77 GB  peak 10.77 GB
      146            148         1.504e-02     -3.910e-08      3.306e-05      2.641e-04      4.566e-05      1.033e+01      3.031e-02      2.641e-05   
      147            149         1.504e-02     -1.519e-07      1.211e-03      2.392e-04      4.466e-05      1.033e+01      3.031e-02      2.641e-05   
      148            150         1.504e-02     -2.469e-07      2.050e-03      1.986e-04      4.296e-05      1.033e+01      3.031e-02      2.641e-05   
      149            151         1.504e-02     -1.268e-07      1.053e-03      1.795e-04      4.209e-05      1.033e+01      3.031e-02      2.641e-05   
  [it  150] bn 1.5149e-02  L 1.000  kappa 0.343  convex 0.187  d_cc 1.030  d_pc 1.107  -> FAILS L  demount: min hinge clearance +0.320 m, worst arc blocked 0.00%  -> REMOVABLE
      150            152         1.504e-02     -1.006e-07      8.600e-04      1.646e-04      4.138e-05      1.033e+01      3.031e-02      2.641e-05   
      151            153         1.504e-02     -1.211e-07      1.064e-03      1.469e-04      4.049e-05      1.033e+01      3.031e-02      2.641e-05   
      152            154         1.504e-02     -4.904e-08      4.511e-04      1.397e-04      4.010e-05      1.033e+01      3.031e-02      2.641e-05   
      153            155         1.504e-02     -1.352e-07      1.295e-03      1.191e-04      3.898e-05      1.033e+01      3.031e-02      2.641e-05   
      154            156         1.504e-02     -7.415e-08      6.879e-04      1.094e-04      3.839e-05      1.033e+01      3.031e-02      2.641e-05   
      155            157         1.504e-02     -3.260e-08      3.082e-04      1.053e-04      3.813e-05      1.033e+01      3.031e-02      2.641e-05   
      156            158         1.504e-02      8.365e-09      1.295e-05      4.937e-05      3.816e-05      1.033e+01      3.095e-02      4.937e-06   
  [mem] RSS 10.79 GB  peak 10.79 GB
      157            159         1.504e-02     -6.113e-09      1.229e-05      3.745e-05      3.817e-05      1.033e+01      3.158e-02      3.745e-06   
      158            160         1.504e-02     -1.354e-08      1.266e-05      5.500e-05      3.815e-05      1.033e+01      3.220e-02      5.500e-06   
      159            161         1.504e-02      6.905e-10      1.137e-05      4.266e-05      3.812e-05      1.033e+01      3.281e-02      4.266e-06   
      160            162         1.504e-02     -1.120e-08      1.372e-05      6.951e-05      3.807e-05      1.033e+01      3.340e-02      6.951e-06   
      161            163         1.504e-02      1.617e-09      1.443e-05      6.293e-05      3.803e-05      1.033e+01      3.398e-02      6.293e-06   
      162            164         1.504e-02     -1.519e-08      1.639e-05      7.106e-05      3.798e-05      1.033e+01      3.455e-02      7.106e-06   
      163            165         1.504e-02     -5.991e-09      1.638e-04      7.045e-05      3.773e-05      1.033e+01      3.455e-02      7.106e-06   
      164            166         1.504e-02     -4.239e-10      1.478e-05      4.485e-05      3.769e-05      1.033e+01      3.511e-02      4.485e-06   
      165            167         1.504e-02     -1.421e-08      4.209e-04      4.386e-05      3.703e-05      1.033e+01      3.511e-02      4.485e-06   
      166            168         1.504e-02     -3.168e-08      9.855e-04      4.163e-05      3.556e-05      1.033e+01      3.511e-02      4.485e-06   
      167            169         1.504e-02     -7.861e-08      2.244e-03      3.719e-05      3.204e-05      1.033e+01      3.511e-02      4.485e-06   
      168            170         1.504e-02     -1.276e-07      3.581e-03      3.047e-05      2.660e-05      1.033e+01      3.511e-02      4.485e-06   
      169            171         1.504e-02     -1.757e-08      4.510e-04      2.970e-05      2.595e-05      1.033e+01      3.511e-02      4.485e-06   
  [mem] RSS 10.82 GB  peak 10.82 GB
      170            172         1.504e-02     -2.291e-08      5.803e-04      2.873e-05      2.512e-05      1.033e+01      3.511e-02      4.485e-06   
      171            173         1.504e-02     -1.055e-08      1.014e-05      5.143e-05      2.510e-05      1.033e+01      3.564e-02      5.143e-06   
      172            174         1.504e-02     -9.988e-09      2.113e-04      5.078e-05      2.483e-05      1.033e+01      3.564e-02      5.143e-06   
      173            175         1.504e-02     -1.176e-09      9.066e-06      3.125e-05      2.482e-05      1.033e+01      3.617e-02      3.125e-06   
      174            176         1.504e-02     -1.355e-07      2.456e-03      2.704e-05      2.274e-05      1.033e+01      3.617e-02      3.125e-06   
  [it  175] bn 1.5150e-02  L 1.000  kappa 0.343  convex 0.123  d_cc 1.031  d_pc 1.107  -> FAILS L  demount: min hinge clearance +0.320 m, worst arc blocked 0.00%  -> REMOVABLE
      175            177         1.504e-02     -3.031e-08      5.379e-04      2.618e-05      2.252e-05      1.033e+01      3.617e-02      3.125e-06   
      176            178         1.504e-02     -1.325e-08      2.388e-04      2.581e-05      2.243e-05      1.033e+01      3.617e-02      3.125e-06   
      177            179         1.504e-02     -9.900e-09      7.963e-06      3.928e-05      2.242e-05      1.033e+01      3.668e-02      3.928e-06   
      178            180         1.504e-02     -7.474e-09      1.212e-04      3.891e-05      2.237e-05      1.033e+01      3.668e-02      3.928e-06   
      179            181         1.504e-02     -9.725e-09      1.580e-04      3.844e-05      2.229e-05      1.033e+01      3.668e-02      3.928e-06   
      180            182         1.504e-02     -2.427e-08      3.954e-04      3.725e-05      2.212e-05      1.033e+01      3.668e-02      3.928e-06   
  [mem] RSS 10.84 GB  peak 10.84 GB
      181            183         1.504e-02     -9.699e-10      8.623e-06      6.705e-05      2.211e-05      1.033e+01      3.719e-02      6.705e-06   
      182            184         1.504e-02     -1.190e-08      1.414e-05      8.211e-05      2.209e-05      1.033e+01      3.768e-02      8.211e-06   
      183            185         1.504e-02      3.627e-09      1.566e-05      8.298e-05      2.207e-05      1.033e+01      3.817e-02      8.298e-06   
      184            186         1.504e-02     -1.314e-08      1.768e-05      7.741e-05      2.203e-05      1.033e+01      3.864e-02      7.741e-06   
      185            187         1.504e-02      3.468e-09      1.599e-05      5.057e-05      2.199e-05      1.033e+01      3.912e-02      5.057e-06   
      186            188         1.504e-02     -4.088e-08      4.735e-04      4.795e-05      2.128e-05      1.033e+01      3.912e-02      5.057e-06   
      187            189         1.504e-02     -1.126e-08      1.444e-05      4.923e-05      2.123e-05      1.033e+01      3.958e-02      4.923e-06   
      188            190         1.504e-02     -1.146e-08      1.519e-04      4.843e-05      2.142e-05      1.033e+01      3.958e-02      4.923e-06   
      189            191         1.504e-02     -1.375e-08      1.819e-04      4.748e-05      2.171e-05      1.033e+01      3.958e-02      4.923e-06   
      190            192         1.504e-02     -1.010e-08      1.336e-04      4.678e-05      2.192e-05      1.033e+01      3.958e-02      4.923e-06   
      191            193         1.504e-02      4.608e-10      1.032e-05      2.843e-05      2.197e-05      1.033e+01      4.004e-02      2.843e-06   
      192            194         1.504e-02     -1.047e-08      1.009e-05      4.201e-05      2.202e-05      1.033e+01      4.049e-02      4.201e-06   
      193            195         1.504e-02     -2.356e-09      5.131e-05      4.183e-05      2.211e-05      1.033e+01      4.049e-02      4.201e-06   
  [mem] RSS 10.86 GB  peak 10.86 GB
      194            196         1.504e-02     -2.467e-08      5.395e-04      3.985e-05      2.306e-05      1.033e+01      4.049e-02      4.201e-06   
      195            197         1.504e-02     -1.014e-08      2.392e-04      3.898e-05      2.349e-05      1.033e+01      4.049e-02      4.201e-06   
      196            198         1.504e-02     -2.718e-09      6.678e-05      3.874e-05      2.360e-05      1.033e+01      4.049e-02      4.201e-06   
      197            199         1.504e-02     -1.664e-09      8.281e-06      2.653e-05      2.364e-05      1.033e+01      4.093e-02      2.653e-06   
      198            200         1.504e-02     -1.035e-08      9.320e-06      4.030e-05      2.366e-05      1.033e+01      4.136e-02      4.030e-06   
      199            201         1.504e-02     -1.250e-08      1.012e-03      3.721e-05      2.538e-05      1.033e+01      4.136e-02      4.030e-06   
  [it  200] bn 1.5150e-02  L 1.000  kappa 0.343  convex 0.120  d_cc 1.031  d_pc 1.107  -> FAILS L  demount: min hinge clearance +0.319 m, worst arc blocked 0.00%  -> REMOVABLE
      200            202         1.504e-02     -8.030e-10      8.134e-05      3.697e-05      2.552e-05      1.033e+01      4.136e-02      4.030e-06   
      201            203         1.504e-02     -1.285e-09      1.309e-04      3.658e-05      2.574e-05      1.033e+01      4.136e-02      4.030e-06   
      202            204         1.504e-02     -7.472e-10      2.844e-05      3.649e-05      2.579e-05      1.033e+01      4.136e-02      4.030e-06   
      203            205         1.504e-02     -2.426e-09      8.192e-06      2.627e-05      2.580e-05      1.033e+01      4.179e-02      2.627e-06   
      204            206         1.504e-02     -1.062e-08      9.695e-06      4.021e-05      2.580e-05      1.033e+01      4.221e-02      4.021e-06   
  [mem] RSS 10.88 GB  peak 10.88 GB
      205            207         1.504e-02     -1.362e-09      8.753e-06      2.524e-05      2.579e-05      1.033e+01      4.263e-02      2.524e-06   
      206            208         1.504e-02     -9.400e-10      6.267e-04      2.421e-05      2.672e-05      1.033e+01      4.263e-02      2.524e-06   
      207            209         1.504e-02     -3.599e-11      6.828e-05      2.410e-05      2.682e-05      1.033e+01      4.263e-02      2.524e-06   
      208            210         1.504e-02     -5.153e-11      9.813e-05      2.394e-05      2.696e-05      1.033e+01      4.263e-02      2.524e-06   
      209            211         1.504e-02     -1.222e-11      5.149e-05      2.386e-05      2.704e-05      1.033e+01      4.263e-02      2.524e-06   
      210            212         1.504e-02     -9.639e-09      9.762e-06      4.367e-05      2.701e-05      1.033e+01      4.304e-02      4.367e-06   
      211            213         1.504e-02      4.747e-11      8.951e-06      2.524e-05      2.699e-05      1.033e+01      4.344e-02      2.524e-06   
      212            214         1.504e-02      6.423e-10      4.043e-05      4.144e-05      2.704e-05      1.033e+01      4.385e-02      4.144e-06   
      213            215         1.504e-02      4.106e-09      1.870e-04      5.700e-05      2.727e-05      1.033e+01      4.425e-02      5.700e-06   
      214            216         1.504e-02     -1.321e-08      1.617e-05      8.003e-05      2.724e-05      1.033e+01      4.465e-02      8.003e-06   
      215            217         1.504e-02      2.655e-09      1.387e-05      3.411e-05      2.723e-05      1.033e+01      4.504e-02      3.411e-06   
      216            218         1.504e-02     -1.181e-08      1.318e-05      7.206e-05      2.720e-05      1.033e+01      4.543e-02      7.206e-06   
      217            219         1.504e-02      2.902e-09      1.188e-05      3.072e-05      2.719e-05      1.033e+01      4.581e-02      3.072e-06   
  [mem] RSS 10.90 GB  peak 10.90 GB
      218            220         1.504e-02     -8.777e-09      1.044e-05      3.225e-05      2.719e-05      1.033e+01      4.618e-02      3.225e-06   
      219            221         1.504e-02     -5.270e-10      8.389e-06      3.850e-05      2.719e-05      1.033e+01      4.655e-02      3.850e-06   
      220            222         1.504e-02      3.597e-09      6.517e-05      6.753e-05      2.725e-05      1.033e+01      4.692e-02      6.753e-06   
      221            223         1.504e-02     -1.284e-08      1.590e-05      9.258e-05      2.725e-05      1.033e+01      4.729e-02      9.258e-06   
      222            224         1.504e-02      3.393e-09      1.632e-05      7.230e-05      2.725e-05      1.033e+01      4.765e-02      7.230e-06   
      223            225         1.504e-02      4.399e-07      8.250e-03      4.316e-05      3.458e-05      1.033e+01      4.765e-02      7.230e-06   
      224            226         1.504e-02      6.458e-09      1.515e-04      3.205e-05      3.470e-05      1.033e+01      4.800e-02      3.205e-06   
  [it  225] bn 1.5149e-02  L 1.000  kappa 0.343  convex 0.178  d_cc 1.031  d_pc 1.107  -> FAILS L  demount: min hinge clearance +0.319 m, worst arc blocked 0.00%  -> REMOVABLE
      225            227         1.504e-02      3.518e-09      7.350e-05      4.148e-05      3.476e-05      1.033e+01      4.835e-02      4.148e-06   
      226            228         1.504e-02      3.080e-08      5.318e-04      4.017e-05      3.521e-05      1.033e+01      4.835e-02      4.148e-06   
      227            229         1.504e-02      7.847e-09      1.294e-04      4.807e-05      3.538e-05      1.033e+01      4.870e-02      4.807e-06   
  [mem] RSS 10.92 GB  peak 10.92 GB
      228            230         1.504e-02     -2.277e-08      1.796e-05      1.233e-04      3.558e-05      1.033e+01      4.905e-02      1.233e-05   
second_order: compiling constraint Hessian for blocks CoilSignedCurvature, CoilSetDistancePenalty
  [mem] RSS 11.53 GB  peak 11.57 GB
  [mem] RSS 11.57 GB  peak 11.57 GB
      229            231         1.504e-02      8.131e-09      2.086e-05      4.652e-05      3.572e-05      1.033e+01      4.938e-02      4.652e-06   
      230            232         1.504e-02      1.024e-07      1.922e-03      4.395e-05      3.739e-05      1.033e+01      4.938e-02      4.652e-06   
      231            233         1.504e-02     -6.968e-09      1.974e-05      1.288e-04      3.759e-05      1.033e+01      4.972e-02      1.288e-05   
      232            234         1.504e-02      1.446e-08      2.224e-05      6.289e-05      3.766e-05      1.033e+01      5.005e-02      6.289e-06   
      233            235         1.504e-02      1.115e-07      2.013e-03      5.909e-05      3.940e-05      1.033e+01      5.005e-02      6.289e-06   
      234            236         1.504e-02     -6.694e-09      2.120e-05      9.400e-05      3.945e-05      1.033e+01      5.037e-02      9.400e-06   
      235            237         1.504e-02      7.787e-08      1.542e-03      8.956e-05      4.067e-05      1.033e+01      5.037e-02      9.400e-06   
  [mem] RSS 11.60 GB  peak 11.60 GB
      236            238         1.504e-02      3.277e-08      7.046e-04      8.767e-05      4.119e-05      1.033e+01      5.037e-02      9.400e-06   
      237            239         1.504e-02      5.988e-08      1.290e-03      8.427e-05      4.215e-05      1.033e+01      5.037e-02      9.400e-06   
      238            240         1.504e-02      8.237e-09      1.747e-05      5.948e-05      4.216e-05      1.033e+01      5.070e-02      5.948e-06   
      239            241         1.504e-02      3.248e-08      1.129e-03      5.737e-05      4.289e-05      1.033e+01      5.070e-02      5.948e-06   
      240            242         1.504e-02      3.515e-08      1.244e-03      5.513e-05      4.370e-05      1.033e+01      5.070e-02      5.948e-06   
      241            243         1.504e-02      6.879e-08      2.596e-03      5.052e-05      4.532e-05      1.033e+01      5.070e-02      5.948e-06   
      242            244         1.504e-02      1.714e-08      6.600e-04      4.941e-05      4.572e-05      1.033e+01      5.070e-02      5.948e-06   
      243            245         1.504e-02      5.103e-07      2.046e-02      5.232e-05      7.502e-05      1.033e+01      5.070e-02      5.948e-06   
      244            246         1.504e-02      3.121e-08      5.552e-03      4.628e-05      7.699e-05      1.033e+01      5.070e-02      5.948e-06   
      245            247         1.504e-02      1.696e-08      6.683e-03      4.246e-05      7.795e-05      1.033e+01      5.070e-02      5.948e-06   
      246            248         1.504e-02     -7.851e-10      2.558e-03      3.945e-05      7.792e-05      1.033e+01      5.070e-02      5.948e-06   
      247            249         1.504e-02     -2.493e-08      1.261e-05      2.055e-04      7.791e-05      1.033e+01      5.100e-02      2.055e-05   
  [mem] RSS 11.60 GB  peak 11.60 GB
      248            250         1.504e-02      2.925e-09      1.990e-05      9.802e-05      7.793e-05      1.033e+01      5.131e-02      9.802e-06   
      249            251         1.504e-02     -9.725e-08      1.855e-03      9.096e-05      7.285e-05      1.033e+01      5.131e-02      9.802e-06   
  [it  250] bn 1.5148e-02  L 1.000  kappa 0.344  convex 0.213  d_cc 1.031  d_pc 1.107  -> FEASIBLE  demount: min hinge clearance +0.319 m, worst arc blocked 0.00%  -> REMOVABLE
      250            252         1.504e-02     -3.997e-08      4.134e-05      3.244e-04      7.289e-05      1.033e+01      5.161e-02      3.244e-05   
      251            253         1.504e-02     -2.710e-07      3.873e-03      2.750e-04      5.933e-05      1.033e+01      5.161e-02      3.244e-05   
      252            254         1.504e-02      3.370e-08      4.532e-05      1.245e-04      5.932e-05      1.033e+01      5.191e-02      1.245e-05   
      253            255         1.504e-02     -5.586e-08      6.376e-04      1.210e-04      5.681e-05      1.033e+01      5.191e-02      1.245e-05   
      254            256         1.504e-02     -1.850e-08      4.151e-05      1.348e-04      5.678e-05      1.033e+01      5.221e-02      1.348e-05   
      255            257         1.504e-02     -7.639e-08      7.359e-04      1.303e-04      5.355e-05      1.033e+01      5.221e-02      1.348e-05   
      256            258         1.504e-02     -6.837e-08      6.840e-04      1.263e-04      5.068e-05      1.033e+01      5.221e-02      1.348e-05   
      257            259         1.504e-02     -4.833e-08      4.997e-04      1.235e-04      4.867e-05      1.033e+01      5.221e-02      1.348e-05   
  [mem] RSS 11.61 GB  peak 11.61 GB
      258            260         1.504e-02      1.031e-08      3.170e-05      1.127e-04      4.861e-05      1.033e+01      5.251e-02      1.127e-05   
      259            261         1.504e-02     -1.000e-07      9.276e-04      1.079e-04      4.463e-05      1.033e+01      5.251e-02      1.127e-05   
      260            262         1.504e-02     -3.502e-08      3.395e-04      1.062e-04      4.342e-05      1.033e+01      5.251e-02      1.127e-05   
      261            263         1.504e-02     -2.195e-08      3.257e-05      1.169e-04      4.329e-05      1.033e+01      5.281e-02      1.169e-05   
      262            264         1.504e-02     -2.166e-08      2.079e-04      1.158e-04      4.290e-05      1.033e+01      5.281e-02      1.169e-05   
      263            265         1.504e-02     -2.657e-07      2.574e-03      1.025e-04      3.800e-05      1.033e+01      5.281e-02      1.169e-05   
      264            266         1.504e-02     -2.022e-07      2.206e-03      9.273e-05      3.417e-05      1.033e+01      5.281e-02      1.169e-05   
      265            267         1.504e-02     -4.993e-08      5.832e-04      9.043e-05      3.321e-05      1.033e+01      5.281e-02      1.169e-05   
      266            268         1.505e-02     -1.170e-06      1.083e-02      9.308e-05      1.522e-05      1.033e+01      5.281e-02      1.169e-05   
      267            269         1.505e-02     -1.343e-08      2.839e-05      1.299e-04      2.015e-05      1.033e+01      5.310e-02      1.299e-05   
      268            270         1.505e-02     -2.886e-08      4.506e-04      1.281e-04      1.974e-05      1.033e+01      5.310e-02      1.299e-05   
      269            271         1.505e-02     -2.161e-08      3.692e-05      1.628e-04      1.526e-05      1.033e+01      5.339e-02      1.628e-05   
      270            272         1.505e-02      7.477e-09      2.993e-05      1.725e-04      1.536e-05      1.033e+01      5.368e-02      1.725e-05   
  [mem] RSS 11.61 GB  peak 11.61 GB
      271            273         1.505e-02     -2.110e-08      3.714e-05      2.420e-04      1.552e-05      1.033e+01      5.397e-02      2.420e-05   
      272            274         1.505e-02      2.170e-08      4.296e-05      1.507e-04      1.561e-05      1.033e+01      5.425e-02      1.507e-05   
      273            275         1.505e-02     -1.958e-08      4.469e-05      2.112e-04      1.572e-05      1.033e+01      5.454e-02      2.112e-05   
      274            276         1.505e-02      1.990e-08      4.438e-05      2.101e-04      2.014e-05      1.033e+01      5.482e-02      2.101e-05   
  [it  275] bn 1.5149e-02  L 1.000  kappa 0.343  convex 0.105  d_cc 1.031  d_pc 1.107  -> FAILS L  demount: min hinge clearance +0.320 m, worst arc blocked 0.00%  -> REMOVABLE
      275            277         1.505e-02     -2.890e-08      4.917e-05      2.258e-04      1.596e-05      1.033e+01      5.510e-02      2.258e-05   
second_order: compiling constraint Hessian for blocks CoilCurvature, CoilSignedCurvature, CoilSetDistancePenalty
  [mem] RSS 11.65 GB  peak 11.65 GB
