Running as unit: run-p324833-i325668.scope; invocation ID: f4f0005c70c34d9f82d8a1a92021af67
E0917 11:07:49.678784  324925 cuda_executor.cc:1743] Could not get kernel mode driver version: ( INVALID_ARGUMENT: Version does not match the format X.Y.Z )
E0917 11:07:49.690621  324833 cuda_executor.cc:1743] Could not get kernel mode driver version: ( INVALID_ARGUMENT: Version does not match the format X.Y.Z )
DEVICE requested=gpu obtained=gpu (1x NVIDIA GeForce RTX 5070 Laptop GPU)
  [mem] RSS 0.82 GB  peak 0.82 GB
/home/singh/Documents/DESC2/coil_sandbox/vendor/desc/utils.py:590: UserWarning: Unequal number of field periods for grid 1 and basis 2.
  warnings.warn(msg, err)
/home/singh/Documents/DESC2/coil_sandbox/vendor/desc/utils.py:590: UserWarning: Unequal number of field periods for grid 1 and basis 2.
  warnings.warn(msg, err)
eq sample_equilibria/helios_repro.h5 (h5) NFP 2 sym True; start work/helios/scan_polar/cutc0x30_c1x90_c2x30/fit.h5: 3 unique coils, arc=True, expect 12 coils; source grid gl (48 nodes/coil); mode feasibility; plasma field included (virtual casing)
SETTINGS {'eq': 'sample_equilibria/helios_repro.h5', 'start': 'work/helios/scan_polar/cutc0x30_c1x90_c2x30/fit.h5', 'out': 'work/helios/scan_polar/cutc0x30_c1x90_c2x30/repair', 'mode': 'feasibility', 'length_mult': 1.0, 'margin': 0.25, 'fix_hinges': False, 'anchor_weight': 1.0, 'margin_skip': 'L', 'a': None, 'bounds': 'bounds/helios_kruger2026.json', 'device': None, 'vacuum': False, 'maxiter': 120, 'check_every': 10, 'ckpt_every': 50, 'diag_log': None, 'dcc_backoff': 0.025, 'dpc_backoff': 0.02, 'no_arc_backoffs': False, 'convex_form': 'signed', 'convex_kmin': 0.0, 'convex_backoff': 0.5, 'coil_grid_n': 150, 'eval_m': 25, 'eval_n': 25, 'plasma_m': 64, 'plasma_n': 64, 'src_gl': 24, 'src_n': 400, 'vc_m': None, 'vc_n': None, 'vc_chunk': 64, 'dcc_k': 20000, 'dpc_k': 20000, 'no_signed': False, 'dcc_neighbors': None, 'dcc_chunk': 4, 'dpc_chunk': 1, 'qf_chunk': 25, 'no_second_order': False, 'so_chunk': 16, 'so_rtol': 0.05, 'max_tr': 0.5, 'max_inner_iter': 100, 'ctol': 0.0001}
BOUNDS (judged, absolute, a=1.77186) L 36  kappa 1.5  kms -  convex 0.001  dcc 1.2  dpc 1.2
TARGET (margin 0.25) L 36  kappa 1.125  kms -  convex 0.001  dcc 1.5  dpc 1.5
ENFORCED L 36  kappa 1.119  kms -  convex 0.0005  dcc 1.553  dpc 1.53  (convexity: signed, kappa_s >= 0.0)
  [mem] RSS 2.94 GB  peak 2.94 GB
START  bn 4.0085e-02  L 1.000  kappa 0.465  convex 1400.915  d_cc 1.693  d_pc 1.343  linked 0  coils 12  -> FAILS convex
Building objective: fixed parameters
Timer: Objective build = 608 ms
Building objective: fixed coil current
Building objective: fixed shift
Building objective: fixed rotation
Building objective: fixed arc reference
Timer: Objective build = 92.6 ms
Building objective: coil length
Precomputing transforms
Timer: Precomputing transforms = 100 us
Building objective: coil curvature
Precomputing transforms
Timer: Precomputing transforms = 59.6 us
Building objective: coil signed curvature
Precomputing transforms
Timer: Precomputing transforms = 56.9 us
Building objective: coil-coil distance penalty
Building objective: plasma-coil distance penalty
Timer: Objective build = 5.52 sec
Timer: LinearConstraintProjection build = 1.96 sec
Timer: LinearConstraintProjection build = 105 ms
Number of parameters: 54
Number of objectives: 111
Number of equality constraints: 0
Number of inequality constraints: 1845
Timer: Initializing the optimization = 9.09 sec

Starting optimization
Using method: lsq-auglag
  [mem] RSS 3.91 GB  peak 3.91 GB
E0917 11:08:56.994966  324948 cuda_timer.cc:87] Delay kernel timed out: measured time has sub-optimal accuracy. There may be a missing warmup execution, please investigate in Nsight Systems.
second_order: compiling constraint Hessian for blocks CoilSignedCurvature
  [mem] RSS 4.65 GB  peak 4.65 GB
Solver options:
------------------------------------------------------------
Maximum Function Evaluations       : 601
Maximum Allowed Total Δx Norm      : inf
Scaled Termination                 : True
Trust Region Method                : svd
Initial Trust Radius               : 4.671e-01
Maximum Trust Radius               : 5.000e-01
Minimum Trust Radius               : 2.220e-16
Trust Radius Increase Ratio        : 4.000e+00
Trust Radius Decrease Ratio        : 2.500e-01
Trust Radius Increase Threshold    : 7.500e-01
Trust Radius Decrease Threshold    : 5.000e-01
Alpha Omega                        : 1.000e+00
Beta Omega                         : 1.000e+00
Alpha Eta                          : 1.000e-01
Beta Eta                           : 9.000e-01
Omega                              : 1.000e-02
Eta                                : 1.000e-02
Tau                                : 1.000e+01
------------------------------------------------------------ 

   Iteration     Total nfev        Cost      Cost reduction    Step norm     Optimality    Constr viol.   Penalty param  max(|mltplr|)      gtolk     
       0              1          0.000e+00                                    3.741e-01      8.338e-02      1.000e+01      0.000e+00      1.000e-03   
second_order: compiling constraint Hessian for blocks CoilCurvature, CoilSignedCurvature
  [mem] RSS 5.01 GB  peak 5.01 GB
       1              2          1.509e-03     -1.509e-03      6.870e-02      2.540e-01      6.819e-02      1.000e+01      0.000e+00      1.000e-03   
       2              3          1.019e-02     -8.684e-03      1.024e-01      7.236e-02      4.744e-02      1.000e+01      0.000e+00      1.000e-03   
       3              4          1.815e-02     -7.952e-03      7.411e-02      5.708e-02      3.714e-02      1.000e+01      0.000e+00      1.000e-03   
       4              5          2.200e-02     -3.849e-03      6.023e-02      1.543e-02      3.072e-02      1.000e+01      0.000e+00      1.000e-03   
       5              6          2.450e-02     -2.500e-03      5.281e-02      3.786e-02      2.570e-02      1.000e+01      0.000e+00      1.000e-03   
       6              7          2.651e-02     -2.017e-03      5.030e-02      7.958e-03      2.175e-02      1.000e+01      0.000e+00      1.000e-03   
  [mem] RSS 5.47 GB  peak 5.47 GB
       7              8          2.862e-02     -2.106e-03      4.494e-02      1.175e-02      1.837e-02      1.000e+01      0.000e+00      1.000e-03   
       8              9          3.067e-02     -2.053e-03      4.045e-02      3.102e-03      1.562e-02      1.000e+01      0.000e+00      1.000e-03   
       9             10          3.234e-02     -1.664e-03      3.059e-02      2.294e-03      1.377e-02      1.000e+01      0.000e+00      1.000e-03   
  [it   10] bn 4.0495e-02  L 0.998  kappa 0.307  convex 447.986  d_cc 1.695  d_pc 1.374  -> FAILS convex  target FAILS convex
      10             11          3.408e-02     -1.743e-03      3.234e-02      2.935e-03      1.212e-02      1.000e+01      0.000e+00      1.000e-03   
      11             12          3.500e-02     -9.252e-04      1.877e-02      1.010e-03      1.192e-02      1.000e+01      0.000e+00      1.000e-03   
      12             13          3.570e-02     -6.983e-04      1.392e-02      2.047e-03      1.187e-02      1.000e+01      0.000e+00      1.000e-03   
      13             14          3.616e-02     -4.590e-04      9.199e-03      1.773e-01      1.184e-02      1.151e+01      7.791e-02      1.773e-02   
      14             15          5.827e-02     -2.210e-02      1.162e-01      4.067e-02      8.854e-03      1.151e+01      7.791e-02      1.773e-02   
      15             16          7.460e-02     -1.633e-02      6.944e-02      5.549e-02      9.052e-03      1.151e+01      7.791e-02      1.773e-02   
      16             17          7.935e-02     -4.749e-03      4.019e-02      1.010e-01      8.852e-03      1.176e+01      6.494e-01      1.010e-02   
      17             18          1.112e-01     -3.185e-02      1.018e-01      1.644e-02      5.120e-03      1.176e+01      6.494e-01      1.010e-02   
      18             19          1.120e-01     -7.864e-04      3.162e-03      1.526e-02      5.101e-03      1.176e+01      6.494e-01      1.010e-02   
      19             20          1.141e-01     -2.089e-03      7.305e-03      1.171e-02      5.229e-03      1.176e+01      6.494e-01      1.010e-02   
  [it   20] bn 4.1892e-02  L 0.997  kappa 0.292  convex 149.696  d_cc 1.691  d_pc 1.514  -> FAILS convex  target FAILS convex
      20             21          1.171e-01     -3.041e-03      1.365e-02      3.823e-02      5.109e-03      1.176e+01      1.116e+00      3.823e-03   
      21             22          1.355e-01     -1.842e-02      4.848e-02      1.613e-02      4.433e-03      1.176e+01      1.116e+00      3.823e-03   
      22             23          1.548e-01     -1.925e-02      4.980e-02      6.558e-03      4.248e-03      1.176e+01      1.116e+00      3.823e-03   
      23             24          1.584e-01     -3.660e-03      2.186e-02      1.728e-01      4.515e-03      2.293e+01      1.116e+00      1.728e-02   
      24             25          1.804e-01     -2.191e-02      5.668e-02      9.232e-02      3.335e-03      2.293e+01      1.116e+00      1.728e-02   
      25             26          2.119e-01     -3.156e-02      6.972e-02      6.918e-02      1.989e-03      2.293e+01      3.063e+00      6.918e-03   
      26             27          2.250e-01     -1.303e-02      3.817e-02      3.610e-02      1.818e-03      2.293e+01      3.063e+00      6.918e-03   
      27             28          2.384e-01     -1.348e-02      4.982e-02      1.103e-02      1.747e-03      2.293e+01      3.063e+00      6.918e-03   
      28             29          2.416e-01     -3.148e-03      1.253e-02      1.307e-01      1.733e-03      5.522e+01      3.063e+00      1.307e-02   
      29             30          2.543e-01     -1.276e-02      3.477e-02      5.368e-02      1.029e-03      5.522e+01      3.063e+00      1.307e-02   
  [it   30] bn 4.4420e-02  L 0.999  kappa 0.295  convex 7.294  d_cc 1.688  d_pc 1.617  -> FAILS convex  target FAILS convex
      30             31          2.616e-01     -7.237e-03      1.728e-02      1.385e-02      6.661e-04      5.522e+01      3.063e+00      1.307e-02   
      31             32          2.640e-01     -2.431e-03      5.479e-03      2.497e-02      5.505e-04      5.522e+01      5.682e+00      2.497e-03   
      32             33          2.663e-01     -2.306e-03      1.350e-02      9.923e-03      3.632e-04      5.522e+01      5.682e+00      2.497e-03   
      33             34          2.672e-01     -8.805e-04      6.248e-03      5.015e-03      3.123e-04      5.522e+01      5.682e+00      2.497e-03   
      34             35          2.678e-01     -5.574e-04      4.062e-03      2.306e-02      3.117e-04      8.034e+01      7.377e+00      2.306e-03   
      35             36          2.690e-01     -1.257e-03      3.504e-03      1.625e-02      2.534e-04      8.034e+01      7.377e+00      2.306e-03   
      36             37          2.710e-01     -1.945e-03      5.207e-03      5.448e-03      1.779e-04      8.034e+01      7.377e+00      2.306e-03   
      37             38          2.719e-01     -9.086e-04      2.562e-03      1.702e-02      1.577e-04      8.034e+01      8.020e+00      1.702e-03   
      38             39          2.711e-01      7.531e-04      4.645e-03      8.544e-02      1.647e-04      8.034e+01      8.020e+00      1.702e-03   
      39             40          2.713e-01     -1.475e-04      3.235e-03      5.997e-02      1.592e-04      8.034e+01      8.020e+00      1.702e-03   
  [it   40] bn 4.4543e-02  L 0.999  kappa 0.294  convex 0.961  d_cc 1.688  d_pc 1.615  -> FEASIBLE  target FEASIBLE
  feasible against the target set: stopping
      40             41          2.713e-01     -7.425e-05      1.649e-03      4.715e-02      1.565e-04      8.034e+01      8.020e+00      1.702e-03   
Warning: User supplied callback triggered termination
         Current function value: 2.713e-01
         Constraint violation: 1.565e-04
         Total delta_x: 7.367e-01
         Iterations: 40
         Function evaluations: 41
         Jacobian evaluations: 40
Timer: Solution time = 2.22 min
Timer: Avg time per step = 3.24 sec
==============================================================================================================
                                                                 Start  -->   End
Total (sum of squares):                                      0.000e+00  -->   2.713e-01, 
Fixed parameters error:                                      0.000e+00  -->   7.367e-01 (~)
Maximum Coil length:                                         3.598e+01  -->   3.597e+01 (m)
Minimum Coil length:                                         3.594e+01  -->   3.539e+01 (m)
Average Coil length:                                         3.596e+01  -->   3.571e+01 (m)
Maximum Coil length:                                         6.284e+00  -->   6.282e+00 (normalized)
Minimum Coil length:                                         6.277e+00  -->   6.181e+00 (normalized)
Average Coil length:                                         6.280e+00  -->   6.237e+00 (normalized)
  [mem] RSS 5.48 GB  peak 5.48 GB
Maximum Coil curvature:                                      6.976e-01  -->   4.413e-01 (m^-1)
Minimum Coil curvature:                                      3.774e-04  -->   5.753e-06 (m^-1)
Average Coil curvature:                                      1.954e-01  -->   1.634e-01 (m^-1)
Maximum Coil curvature:                                      3.994e+00  -->   2.527e+00 (normalized)
Minimum Coil curvature:                                      2.161e-03  -->   3.294e-05 (normalized)
Average Coil curvature:                                      1.119e+00  -->   9.356e-01 (normalized)
Maximum Signed in-plane curvature:                           5.020e-01  -->   4.413e-01 (m^-1)
Minimum Signed in-plane curvature:                          -6.976e-01  -->  -1.309e-03 (m^-1)
Average Signed in-plane curvature:                           1.526e-01  -->   1.634e-01 (m^-1)
Maximum Signed in-plane curvature:                           2.875e+00  -->   2.527e+00 (normalized)
Minimum Signed in-plane curvature:                          -3.994e+00  -->  -7.495e-03 (normalized)
Average Signed in-plane curvature:                           8.737e-01  -->   9.355e-01 (normalized)
Maximum Coil-coil distance penalty:                          0.000e+00  -->   0.000e+00 (dimensionless)
Minimum Coil-coil distance penalty:                          0.000e+00  -->   0.000e+00 (dimensionless)
Average Coil-coil distance penalty:                          0.000e+00  -->   0.000e+00 (dimensionless)
Maximum Plasma-coil distance penalty:                        0.000e+00  -->   0.000e+00 (dimensionless)
Minimum Plasma-coil distance penalty:                        0.000e+00  -->   0.000e+00 (dimensionless)
Average Plasma-coil distance penalty:                        0.000e+00  -->   0.000e+00 (dimensionless)
Fixed coil current error:                                    0.000e+00  -->   0.000e+00 (A)
==============================================================================================================


SOLVER {'wall_s': 153.88331580162048, 'message': 'User supplied callback triggered termination', 'nit': 40, 'n_outer': 9, 'constr_violation': 0.0001564506418920703, 'y_absmax_final': 8.020208439651546}
START  bn 4.0085e-02  L 1.000  kappa 0.465  convex 1400.915  d_cc 1.693  d_pc 1.343  -> FAILS convex
RESULT bn 4.4543e-02  L 0.999  kappa 0.294  convex 0.961  d_cc 1.688  d_pc 1.615  linked 0  -> FEASIBLE  active ['L']  target FEASIBLE
wrote work/helios/scan_polar/cutc0x30_c1x90_c2x30/repair/result.h5, result.json, result.png
