Running as unit: run-p844515-i845892.scope; invocation ID: df6eb52a00a54e078d72ed74d502dbaf
E0921 14:19:33.593418  844602 cuda_executor.cc:1743] Could not get kernel mode driver version: ( INVALID_ARGUMENT: Version does not match the format X.Y.Z )
E0921 14:19:33.605315  844515 cuda_executor.cc:1743] Could not get kernel mode driver version: ( INVALID_ARGUMENT: Version does not match the format X.Y.Z )
DEVICE requested=gpu obtained=gpu (1x NVIDIA GeForce RTX 5070 Laptop GPU)
  [mem] RSS 0.83 GB  peak 0.83 GB
/home/singh/Documents/DESC2/coil_sandbox/vendor/desc/utils.py:590: UserWarning: Unequal number of field periods for grid 1 and basis 2.
  warnings.warn(msg, err)
/home/singh/Documents/DESC2/coil_sandbox/vendor/desc/utils.py:590: UserWarning: Unequal number of field periods for grid 1 and basis 2.
  warnings.warn(msg, err)
eq sample_equilibria/helios_repro.h5 (h5) NFP 2 sym True; start work/helios/arc16/dual_L28_c60/result.h5: 4 unique coils, arc=True, expect 16 coils; source grid gl (48 nodes/coil), length grid gl (48), constraint grid 301, curvature grid 301; mode stage2; plasma field included (virtual casing)
SETTINGS {'eq': 'sample_equilibria/helios_repro.h5', 'start': 'work/helios/arc16/dual_L28_c60/result.h5', 'out': 'work/helios/arc16/dual_L30_c70', 'mode': 'stage2', 'length_mult': 1.0, 'margin': 0.0, 'fix_hinges': False, 'anchor_weight': 0.001, 'margin_skip': '', 'a': None, 'bounds': 'bounds/helios_L30.json', 'device': None, 'vacuum': False, 'maxiter': 400, 'check_every': 25, 'ckpt_every': 50, 'diag_log': 'diag.jsonl', 'dcc_backoff': 0.025, 'dpc_backoff': 0.02, 'no_arc_backoffs': False, 'convex_form': 'signed', 'convex_kmin': 0.0, 'convex_backoff': 0.5, 'corner_max': 70.0, 'planarity': 'auto', 'planarity_tol': 0.0, 'speed_floor': 0.0, 'arclength_weight': 0.0, 'torsion_weight': 0.0, 'coil_grid_n': 150, 'kappa_grid_n': None, 'eval_m': 25, 'eval_n': 25, 'plasma_m': 64, 'plasma_n': 64, 'src_gl': 24, 'src_n': 400, 'vc_m': None, 'vc_n': None, 'vc_chunk': 64, 'dcc_k': 20000, 'dpc_k': 20000, 'no_signed': False, 'dcc_neighbors': None, 'dcc_chunk': 4, 'dpc_chunk': 1, 'qf_chunk': 25, 'coil_jac_chunk': None, 'no_second_order': False, 'so_chunk': 16, 'so_rtol': 0.05, 'max_tr': 0.5, 'max_inner_iter': 100, 'ctol': 0.0001}
BOUNDS (judged, absolute, a=1.77186) L 30  Ltot -  kappa 1.5  kms -  convex 0.001  planar -  dcc 1.2  dpc 1.2
ENFORCED L 30  Ltot -  kappa 1.492  kms -  convex 0.0005  planar -  dcc 1.24  dpc 1.224  (convexity: signed, kappa_s >= 0.0)
  [mem] RSS 2.86 GB  peak 2.86 GB
START  bn 1.2804e-02  L 0.933  kappa 0.327  convex 0.028  d_cc 1.196  d_pc 1.098  linked 0  coils 16  -> FEASIBLE
Building objective: Quadratic flux
Precomputing transforms
/home/singh/Documents/DESC2/coil_sandbox/vendor/desc/utils.py:590: UserWarning: Could not build fft interpolator, switching to dft which is slow.
Reason: Got False for eval_grid.can_fft2.
  warnings.warn(msg, err)
  [mem] RSS 7.41 GB  peak 7.41 GB
  [mem] RSS 7.56 GB  peak 7.56 GB
  [mem] RSS 7.67 GB  peak 7.67 GB
Timer: Precomputing transforms = 1.50 min
Timer: Objective build = 1.52 min
Building objective: summed coil current
Building objective: fixed shift
Building objective: fixed rotation
Building objective: fixed arc reference
Timer: Objective build = 588 ms
Timer: Objective build = 3.11 ms
Timer: LinearConstraintProjection build = 2.70 sec
Timer: LinearConstraintProjection build = 402 ms
Number of parameters: 75
Number of objectives: 1326
Number of equality constraints: 0
Number of inequality constraints: 2490
Timer: Initializing the optimization = 1.60 min

Starting optimization
Using method: lsq-auglag
  [mem] RSS 4.99 GB  peak 7.70 GB
  [mem] RSS 5.02 GB  peak 7.70 GB
  [mem] RSS 5.67 GB  peak 7.70 GB
second_order: compiling constraint Hessian for blocks CoilSignedCurvature
  [mem] RSS 6.15 GB  peak 7.70 GB
Solver options:
------------------------------------------------------------
Maximum Function Evaluations       : 2001
Maximum Allowed Total Δx Norm      : inf
Scaled Termination                 : True
Trust Region Method                : svd
Initial Trust Radius               : 1.684e-01
Maximum Trust Radius               : 5.000e-01
Minimum Trust Radius               : 2.220e-16
Trust Radius Increase Ratio        : 4.000e+00
Trust Radius Decrease Ratio        : 2.500e-01
Trust Radius Increase Threshold    : 7.500e-01
Trust Radius Decrease Threshold    : 5.000e-01
Alpha Omega                        : 1.000e+00
Beta Omega                         : 1.000e+00
Alpha Eta                          : 1.000e-01
Beta Eta                           : 9.000e-01
Omega                              : 1.498e-03
Eta                                : 1.000e-02
Tau                                : 1.000e+01
------------------------------------------------------------ 

   Iteration     Total nfev        Cost      Cost reduction    Step norm     Optimality    Constr viol.   Penalty param  max(|mltplr|)      gtolk     
       0              1          1.042e-02                                    1.498e-03      3.870e-06      1.000e+01      0.000e+00      1.498e-04   
second_order: compiling constraint Hessian for blocks CoilLength, CoilCornerAngle
  [mem] RSS 6.55 GB  peak 7.70 GB
       1              2          1.041e-02      4.127e-06      9.023e-04      1.772e-03      4.045e-06      1.000e+01      0.000e+00      1.498e-04   
second_order: compiling constraint Hessian for blocks CoilLength, CoilCurvature, CoilSignedCurvature, CoilCornerAngle
  [mem] RSS 6.95 GB  peak 7.70 GB
  [mem] RSS 7.93 GB  peak 7.93 GB
  [mem] RSS 7.94 GB  peak 7.94 GB
       2              3          1.041e-02      2.158e-09      4.743e-04      1.220e-03      9.713e-06      1.000e+01      2.007e-03      1.220e-04   
       3              4          1.041e-02      4.916e-06      1.121e-03      1.212e-03      9.975e-06      1.000e+01      2.007e-03      1.220e-04   
       4              5          1.041e-02      2.489e-06      5.679e-04      1.208e-03      1.012e-05      1.000e+01      2.007e-03      1.220e-04   
       5              6          1.040e-02      2.445e-06      5.581e-04      1.205e-03      1.058e-05      1.000e+01      2.007e-03      1.220e-04   
       6              7          1.040e-02      2.406e-06      5.496e-04      1.201e-03      1.103e-05      1.000e+01      2.007e-03      1.220e-04   
       7              8          1.031e-02      9.144e-05      2.116e-02      1.063e-03      3.265e-05      1.000e+01      2.007e-03      1.220e-04   
       8              9          1.031e-02      1.552e-06      6.023e-04      2.077e-03      3.938e-05      1.000e+01      2.007e-03      1.220e-04   
       9             10          9.969e-03      3.387e-04      8.340e-02      9.183e-04      1.014e-04      1.000e+01      2.007e-03      1.220e-04   
      10             11          9.241e-03      7.284e-04      2.112e-01      9.428e-04      1.627e-04      1.000e+01      2.007e-03      1.220e-04   
      11             12          8.677e-03      5.636e-04      1.984e-01      6.191e-04      2.275e-04      1.000e+01      2.007e-03      1.220e-04   
      12             13          8.232e-03      4.454e-04      1.846e-01      5.612e-04      3.063e-04      1.000e+01      2.007e-03      1.220e-04   
  [mem] RSS 7.97 GB  peak 7.97 GB
      13             14          7.881e-03      3.509e-04      1.705e-01      4.098e-04      3.620e-04      1.000e+01      2.007e-03      1.220e-04   
      14             15          7.601e-03      2.797e-04      1.526e-01      7.062e-04      4.244e-04      1.000e+01      2.007e-03      1.220e-04   
      15             16          7.384e-03      2.176e-04      1.410e-01      9.405e-04      4.591e-04      1.000e+01      2.007e-03      1.220e-04   
      16             17          7.215e-03      1.694e-04      1.232e-01      2.391e-03      4.843e-04      1.000e+01      2.007e-03      1.220e-04   
      17             18          7.194e-03      2.016e-05      1.799e-02      2.051e-03      4.869e-04      1.000e+01      2.007e-03      1.220e-04   
      18             19          7.195e-03     -9.362e-07      9.739e-04      4.160e-04      4.872e-04      1.000e+01      2.007e-03      1.220e-04   
      19             20          7.194e-03      1.492e-06      1.217e-03      4.119e-04      4.873e-04      1.000e+01      2.007e-03      1.220e-04   
      20             21          7.047e-03      1.471e-04      1.245e-01      2.606e-03      4.984e-04      1.000e+01      2.007e-03      1.220e-04   
      21             22          6.971e-03      7.582e-05      9.113e-02      3.583e-03      4.997e-04      1.000e+01      2.007e-03      1.220e-04   
      22             23          6.972e-03     -1.366e-06      1.451e-03      1.103e-02      5.000e-04      1.000e+01      2.007e-03      1.220e-04   
      23             24          6.929e-03      4.281e-05      6.882e-02      1.605e-03      5.023e-04      1.000e+01      2.007e-03      1.220e-04   
      24             25          6.929e-03      1.180e-07      7.236e-04      8.492e-04      5.027e-04      1.000e+01      2.007e-03      1.220e-04   
  [mem] RSS 7.98 GB  peak 7.98 GB
  [it   25] bn 1.0079e-02  L 1.000  kappa 0.325  convex 2.660  d_cc 1.136  d_pc 1.181  -> FAILS L,convex
      25             26          6.868e-03      6.129e-05      9.975e-02      2.400e-03      5.074e-04      1.000e+01      2.007e-03      1.220e-04   
      26             27          6.828e-03      3.992e-05      5.797e-02      1.339e-03      5.180e-04      1.000e+01      2.007e-03      1.220e-04   
      27             28          6.809e-03      1.924e-05      5.159e-02      1.735e-03      5.201e-04      1.000e+01      2.007e-03      1.220e-04   
second_order: compiling constraint Hessian for blocks CoilLength, CoilCurvature, CoilSignedCurvature
  [mem] RSS 8.07 GB  peak 8.07 GB
  [mem] RSS 8.20 GB  peak 8.20 GB
      28             30          6.798e-03      1.096e-05      2.341e-02      2.195e-04      5.253e-04      1.000e+01      2.007e-03      1.220e-04   
      29             31          6.798e-03     -6.352e-08      1.244e-04      8.943e-04      5.254e-04      1.000e+01      5.335e-03      8.943e-05   
      30             32          6.798e-03     -4.014e-08      2.977e-04      3.034e-04      5.226e-04      1.000e+01      5.335e-03      8.943e-05   
      31             33          6.798e-03      1.374e-07      3.210e-04      3.026e-04      5.220e-04      1.000e+01      5.335e-03      8.943e-05   
      32             34          6.780e-03      1.776e-05      4.627e-02      5.969e-04      3.891e-04      1.000e+01      5.335e-03      8.943e-05   
      33             35          6.780e-03     -2.953e-07      3.702e-04      2.322e-04      3.885e-04      1.000e+01      5.335e-03      8.943e-05   
      34             36          6.780e-03      1.190e-07      1.649e-04      1.432e-04      3.873e-04      1.000e+01      5.335e-03      8.943e-05   
      35             37          6.764e-03      1.596e-05      4.453e-02      1.017e-03      2.601e-04      1.000e+01      5.335e-03      8.943e-05   
  [mem] RSS 8.23 GB  peak 8.23 GB
second_order: compiling constraint Hessian for blocks CoilLength, CoilSignedCurvature, CoilCornerAngle
  [mem] RSS 8.55 GB  peak 8.60 GB
  [mem] RSS 8.63 GB  peak 8.63 GB
      36             38          6.765e-03     -3.758e-07      5.447e-04      3.358e-04      2.599e-04      1.000e+01      5.335e-03      8.943e-05   
second_order: compiling constraint Hessian for blocks CoilLength, CoilSignedCurvature
  [mem] RSS 8.72 GB  peak 8.75 GB
      37             39          6.765e-03      1.887e-07      1.948e-04      1.933e-04      2.596e-04      1.000e+01      5.335e-03      8.943e-05   
      38             40          6.755e-03      9.481e-06      2.853e-02      4.122e-04      2.262e-04      1.000e+01      5.335e-03      8.943e-05   
      39             41          6.755e-03     -1.746e-07      2.175e-04      1.589e-04      2.261e-04      1.000e+01      5.335e-03      8.943e-05   
      40             42          6.755e-03      1.165e-07      1.185e-04      1.253e-04      2.259e-04      1.000e+01      5.335e-03      8.943e-05   
  [mem] RSS 8.74 GB  peak 8.75 GB
      41             43          6.740e-03      1.520e-05      4.829e-02      9.767e-04      1.926e-04      1.000e+01      5.335e-03      8.943e-05   
      42             44          6.740e-03     -3.637e-07      5.016e-04      3.180e-04      1.927e-04      1.000e+01      5.335e-03      8.943e-05   
      43             45          6.740e-03      2.091e-07      1.781e-04      1.968e-04      1.927e-04      1.000e+01      5.335e-03      8.943e-05   
      44             46          6.736e-03      4.528e-06      1.676e-02      1.999e-04      1.878e-04      1.000e+01      5.335e-03      8.943e-05   
      45             47          6.736e-03     -1.017e-07      1.157e-04      1.222e-04      1.878e-04      1.000e+01      5.335e-03      8.943e-05   
      46             48          6.727e-03      8.726e-06      3.395e-02      3.794e-04      1.825e-04      1.000e+01      5.335e-03      8.943e-05   
      47             49          6.727e-03     -1.261e-07      1.918e-04      1.410e-04      1.825e-04      1.000e+01      5.335e-03      8.943e-05   
      48             50          6.722e-03      4.892e-06      2.104e-02      2.082e-04      1.897e-04      1.000e+01      5.335e-03      8.943e-05   
      49             51          6.722e-03      3.767e-08      1.172e-04      9.777e-05      1.897e-04      1.000e+01      5.335e-03      8.943e-05   
  [it   50] bn 9.9748e-03  L 1.000  kappa 0.336  convex 0.820  d_cc 1.101  d_pc 1.150  -> FAILS L
      50             52          6.715e-03      6.910e-06      3.220e-02      3.203e-04      1.998e-04      1.000e+01      5.335e-03      8.943e-05   
  [mem] RSS 8.75 GB  peak 8.75 GB
      51             53          6.715e-03     -1.135e-07      1.635e-04      1.326e-04      1.999e-04      1.000e+01      5.335e-03      8.943e-05   
      52             54          6.711e-03      4.578e-06      2.419e-02      1.636e-04      2.082e-04      1.000e+01      5.335e-03      8.943e-05   
      53             55          6.708e-03      2.705e-06      1.577e-02      1.528e-04      2.141e-04      1.000e+01      5.335e-03      8.943e-05   
      54             56          6.705e-03      3.129e-06      2.017e-02      1.406e-04      2.220e-04      1.000e+01      5.335e-03      8.943e-05   
      55             57          6.702e-03      3.327e-06      2.468e-02      1.490e-04      2.315e-04      1.000e+01      5.335e-03      8.943e-05   
      56             58          6.699e-03      2.571e-06      2.322e-02      1.582e-04      2.398e-04      1.000e+01      5.335e-03      8.943e-05   
      57             59          6.699e-03     -9.561e-08      8.317e-05      1.288e-03      2.398e-04      1.022e+01      5.335e-03      1.288e-04   
      58             60          6.699e-03      3.569e-07      6.017e-02      1.086e-03      1.930e-04      1.022e+01      5.335e-03      1.288e-04   
      59             61          6.699e-03     -4.244e-08      6.090e-03      9.463e-04      1.776e-04      1.022e+01      5.335e-03      1.288e-04   
      60             62          6.699e-03     -4.612e-07      2.845e-04      5.958e-04      1.692e-04      1.022e+01      5.335e-03      1.288e-04   
      61             63          6.699e-03      1.159e-07      2.162e-04      4.737e-04      1.633e-04      1.022e+01      5.335e-03      1.288e-04   
      62             64          6.699e-03     -3.237e-07      1.853e-04      4.016e-04      1.591e-04      1.022e+01      5.335e-03      1.288e-04   
      63             65          6.699e-03      1.162e-07      1.894e-04      3.585e-04      1.557e-04      1.022e+01      5.335e-03      1.288e-04   
  [mem] RSS 8.76 GB  peak 8.76 GB
      64             66          6.700e-03     -2.758e-07      1.624e-04      3.280e-04      1.528e-04      1.022e+01      5.335e-03      1.288e-04   
      65             67          6.699e-03      1.080e-07      1.705e-04      3.064e-04      1.501e-04      1.022e+01      5.335e-03      1.288e-04   
      66             68          6.700e-03     -2.487e-07      1.483e-04      2.876e-04      1.478e-04      1.022e+01      5.335e-03      1.288e-04   
      67             69          6.700e-03      1.003e-07      1.566e-04      2.728e-04      1.455e-04      1.022e+01      5.335e-03      1.288e-04   
      68             70          6.700e-03     -2.285e-07      1.376e-04      2.584e-04      1.434e-04      1.022e+01      5.335e-03      1.288e-04   
      69             71          6.700e-03      9.391e-08      1.453e-04      2.465e-04      1.413e-04      1.022e+01      5.335e-03      1.288e-04   
      70             72          6.700e-03     -2.119e-07      1.289e-04      2.344e-04      1.394e-04      1.022e+01      5.335e-03      1.288e-04   
      71             73          6.700e-03      1.385e-08      5.931e-04      2.322e-04      1.388e-04      1.022e+01      5.335e-03      1.288e-04   
      72             74          6.700e-03      1.210e-07      5.246e-03      2.126e-04      1.332e-04      1.022e+01      5.335e-03      1.288e-04   
      73             75          6.700e-03      7.963e-08      1.255e-04      2.111e-04      1.315e-04      1.022e+01      5.335e-03      1.288e-04   
      74             76          6.700e-03     -1.791e-07      1.108e-04      1.940e-04      1.299e-04      1.022e+01      5.335e-03      1.288e-04   
  [mem] RSS 8.78 GB  peak 8.78 GB
  [it   75] bn 9.9691e-03  L 1.000  kappa 0.344  convex 0.446  d_cc 1.087  d_pc 1.137  -> FAILS L
      75             77          6.700e-03      1.220e-08      4.649e-04      1.925e-04      1.295e-04      1.022e+01      5.335e-03      1.288e-04   
      76             78          6.699e-03      6.136e-07      2.504e-02      1.123e-03      1.077e-04      1.022e+01      1.468e-02      1.123e-04   
      77             79          6.699e-03     -1.640e-07      1.060e-02      9.662e-04      9.447e-05      1.022e+01      1.468e-02      1.123e-04   
      78             80          6.700e-03     -3.458e-07      5.205e-04      1.649e-03      8.838e-05      1.022e+01      1.468e-02      1.123e-04   
      79             81          6.700e-03      2.049e-08      1.662e-04      2.105e-04      8.806e-05      1.022e+01      1.468e-02      1.123e-04   
      80             82          6.700e-03     -1.624e-07      1.970e-04      2.250e-04      8.612e-05      1.022e+01      1.468e-02      1.123e-04   
      81             83          6.700e-03      3.402e-09      1.542e-03      2.582e-03      8.427e-05      1.022e+01      2.277e-02      2.582e-04   
      82             84          6.700e-03      7.792e-08      1.124e-04      3.250e-04      8.409e-05      1.022e+01      2.277e-02      2.582e-04   
      83             85          6.701e-03     -1.221e-06      2.146e-02      2.922e-04      5.217e-05      1.022e+01      2.277e-02      2.582e-04   
      84             86          6.701e-03     -9.566e-08      3.373e-02      6.808e-04      5.993e-05      1.022e+01      2.399e-02      6.808e-05   
second_order: compiling constraint Hessian for blocks CoilCurvature, CoilSignedCurvature
  [mem] RSS 8.85 GB  peak 8.85 GB
  [mem] RSS 9.29 GB  peak 9.29 GB
      85             87          6.702e-03     -3.212e-07      2.639e-04      5.378e-04      5.876e-05      1.022e+01      2.399e-02      6.808e-05   
      86             88          6.701e-03      2.075e-07      1.893e-04      4.197e-04      5.812e-05      1.022e+01      2.399e-02      6.808e-05   
      87             89          6.701e-03      6.644e-08      5.886e-03      3.825e-04      5.703e-05      1.022e+01      2.399e-02      6.808e-05   
      88             90          6.701e-03      1.027e-07      1.091e-02      3.174e-04      5.529e-05      1.022e+01      2.399e-02      6.808e-05   
      89             91          6.701e-03      7.829e-08      2.016e-02      2.192e-04      5.299e-05      1.022e+01      2.399e-02      6.808e-05   
  [mem] RSS 9.29 GB  peak 9.29 GB
      90             92          6.701e-03      1.445e-07      1.883e-02      1.452e-04      6.172e-05      1.022e+01      2.399e-02      6.808e-05   
      91             93          6.701e-03      3.059e-07      2.736e-02      1.273e-04      8.825e-05      1.022e+01      2.399e-02      6.808e-05   
      92             94          6.700e-03      2.630e-07      2.157e-02      1.109e-04      6.705e-05      1.022e+01      2.399e-02      6.808e-05   
      93             95          6.700e-03      3.705e-07      2.308e-02      1.054e-04      6.657e-05      1.022e+01      2.399e-02      6.808e-05   
      94             96          6.700e-03      3.678e-07      2.193e-02      9.716e-05      7.655e-05      1.022e+01      2.399e-02      6.808e-05   
      95             97          6.699e-03      2.689e-07      1.613e-02      8.406e-05      8.346e-05      1.022e+01      2.399e-02      6.808e-05   
      96             98          6.699e-03      5.996e-07      3.687e-02      1.410e-04      7.226e-05      1.022e+01      2.399e-02      6.808e-05   
      97             99          6.698e-03      2.773e-07      1.978e-02      8.711e-05      6.788e-05      1.022e+01      2.399e-02      6.808e-05   
      98             100         6.698e-03      3.517e-07      2.443e-02      7.589e-05      6.453e-05      1.022e+01      2.399e-02      6.808e-05   
      99             101         6.698e-03      3.156e-07      2.437e-02      7.476e-04      6.086e-05      1.022e+01      1.861e-02      7.476e-05   
  [it  100] bn 9.9887e-03  L 1.000  kappa 0.359  convex 0.141  d_cc 1.061  d_pc 1.113  -> FAILS L
      100            102         6.698e-03      1.035e-07      3.413e-04      2.781e-04      5.897e-05      1.022e+01      1.861e-02      7.476e-05   
  [mem] RSS 9.30 GB  peak 9.30 GB
      101            103         6.697e-03      5.211e-07      8.008e-03      2.379e-04      7.891e-05      1.022e+01      1.861e-02      7.476e-05   
      102            104         6.697e-03      2.809e-07      4.504e-03      2.107e-04      1.041e-04      1.022e+01      1.861e-02      7.476e-05   
      103            105         6.697e-03      3.714e-07      9.613e-03      1.584e-04      1.107e-04      1.022e+01      1.861e-02      7.476e-05   
      104            106         6.696e-03      5.324e-07      1.545e-02      9.013e-05      1.214e-04      1.022e+01      1.861e-02      7.476e-05   
      105            107         6.695e-03      5.276e-07      1.900e-02      2.583e-04      1.345e-04      1.022e+01      1.871e-02      2.583e-05   
      106            108         6.695e-03      3.194e-07      1.539e-02      1.031e-04      1.354e-04      1.022e+01      1.871e-02      2.583e-05   
      107            109         6.695e-03      2.934e-07      1.641e-02      2.953e-05      1.396e-04      1.022e+01      1.871e-02      2.583e-05   
      108            110         6.695e-03      3.550e-07      2.195e-02      3.640e-05      1.457e-04      1.022e+01      1.871e-02      2.583e-05   
      109            111         6.694e-03      2.805e-07      2.031e-02      3.072e-05      1.517e-04      1.022e+01      1.871e-02      2.583e-05   
      110            112         6.694e-03      4.862e-08      4.255e-03      2.744e-05      1.528e-04      1.022e+01      1.871e-02      2.583e-05   
      111            113         6.694e-03      9.072e-08      9.528e-03      2.682e-04      1.553e-04      1.025e+01      2.309e-02      2.682e-05   
      112            114         6.694e-03     -3.064e-07      2.326e-02      2.125e-04      1.273e-04      1.025e+01      2.309e-02      2.682e-05   
  [mem] RSS 9.30 GB  peak 9.30 GB
      113            115         6.695e-03     -2.757e-07      4.759e-03      1.710e-04      1.117e-04      1.025e+01      2.309e-02      2.682e-05   
      114            116         6.695e-03     -2.315e-07      3.858e-03      1.355e-04      9.724e-05      1.025e+01      2.309e-02      2.682e-05   
      115            117         6.695e-03     -3.307e-07      5.478e-03      8.442e-05      7.358e-05      1.025e+01      2.309e-02      2.682e-05   
      116            118         6.696e-03     -3.553e-07      7.887e-03      7.842e-05      3.920e-05      1.025e+01      2.392e-02      7.842e-06   
      117            119         6.696e-03     -3.330e-07      5.120e-03      2.848e-05      1.229e-05      1.025e+01      2.392e-02      7.842e-06   
      118            120         6.696e-03     -8.197e-08      2.612e-03      1.547e-05      1.169e-05      1.025e+01      2.392e-02      7.842e-06   
      119            121         6.696e-03     -8.609e-08      4.555e-03      2.479e-05      1.118e-05      1.025e+01      2.380e-02      2.479e-06   
      120            122         6.696e-03      9.085e-08      2.527e-03      9.558e-06      8.374e-06      1.025e+01      2.380e-02      2.479e-06   
      121            123         6.696e-03      5.178e-08      2.371e-03      3.400e-06      7.525e-06      1.025e+01      2.380e-02      2.479e-06   
      122            124         6.696e-03      4.542e-08      3.066e-03      3.699e-06      7.379e-06      1.025e+01      2.405e-02      3.699e-07   
      123            125         6.696e-03     -3.340e-08      2.449e-03      1.568e-06      5.531e-06      1.025e+01      2.405e-02      3.699e-07   
      124            126         6.696e-03      5.667e-09      1.012e-03      1.466e-06      5.389e-06      1.025e+01      2.416e-02      1.466e-07   
  [mem] RSS 9.31 GB  peak 9.31 GB
  [it  125] bn 9.9947e-03  L 1.000  kappa 0.360  convex 0.014  d_cc 1.050  d_pc 1.112  -> FAILS L
      125            127         6.696e-03     -1.059e-08      8.851e-04      1.128e-06      4.518e-06      1.025e+01      2.416e-02      1.466e-07   
      126            128         6.696e-03     -4.093e-09      8.316e-04      1.017e-06      3.968e-06      1.025e+01      2.416e-02      1.466e-07   
      127            129         6.696e-03      1.210e-11      7.682e-06      8.873e-07      3.965e-06      1.025e+01      2.422e-02      8.873e-08   
      128            130         6.696e-03     -1.444e-08      1.474e-03      7.835e-07      2.213e-06      1.025e+01      2.422e-02      8.873e-08   
      129            131         6.696e-03      3.932e-09      4.667e-04      1.642e-06      2.226e-06      1.025e+01      2.424e-02      1.642e-07   
      130            132         6.696e-03      1.622e-10      2.748e-04      4.826e-06      2.111e-06      1.025e+01      2.426e-02      4.826e-07   
      131            133         6.696e-03     -4.484e-09      7.022e-04      1.614e-06      5.005e-07      1.025e+01      2.426e-02      4.826e-07   
      132            134         6.696e-03      2.502e-09      5.416e-04      1.657e-06      2.329e-07      1.025e+01      2.428e-02      1.657e-07   
      133            135         6.696e-03     -1.901e-09      7.783e-04      4.201e-07      1.493e-07      1.025e+01      2.428e-02      1.657e-07   
      134            136         6.696e-03      5.370e-09      4.353e-04      3.913e-07      3.619e-07      1.025e+01      2.432e-02      3.913e-08   
      135            137         6.696e-03     -1.048e-09      1.102e-04      3.674e-07      3.166e-07      1.025e+01      2.432e-02      3.913e-08   
  [mem] RSS 9.33 GB  peak 9.33 GB
      136            138         6.696e-03     -2.668e-10      3.854e-05      3.603e-07      3.048e-07      1.025e+01      2.432e-02      3.913e-08   
      137            139         6.696e-03     -1.037e-09      1.715e-04      3.314e-07      2.588e-07      1.025e+01      2.432e-02      3.913e-08   
      138            140         6.696e-03     -5.986e-10      3.309e-04      2.937e-07      2.277e-07      1.025e+01      2.432e-02      3.913e-08   
      139            141         6.696e-03      1.257e-10      2.219e-05      2.767e-07      2.325e-07      1.025e+01      2.434e-02      2.767e-08   
      140            142         6.696e-03     -1.375e-09      1.288e-04      2.574e-07      1.769e-07      1.025e+01      2.434e-02      2.767e-08   
      141            143         6.696e-03     -1.252e-10      2.083e-05      2.724e-07      1.719e-07      1.025e+01      2.436e-02      2.724e-08   
      142            144         6.696e-03     -8.308e-10      4.489e-05      2.634e-07      1.391e-07      1.025e+01      2.436e-02      2.724e-08   
      143            145         6.696e-03     -1.947e-09      1.173e-04      2.395e-07      6.256e-08      1.025e+01      2.436e-02      2.724e-08   
      144            146         6.696e-03     -1.927e-09      1.773e-04      3.470e-07      5.838e-08      1.025e+01      2.436e-02      2.724e-08   
      145            147         6.696e-03     -2.455e-09      1.896e-04      1.688e-07      7.644e-08      1.025e+01      2.436e-02      2.724e-08   
      146            148         6.696e-03     -5.086e-11      1.451e-04      1.560e-07      9.093e-08      1.025e+01      2.436e-02      2.724e-08   
      147            149         6.696e-03      6.756e-12      1.455e-06      2.128e-07      9.106e-08      1.025e+01      2.435e-02      2.128e-08   
      148            150         6.696e-03      4.644e-11      6.011e-07      4.420e-07      9.086e-08      1.025e+01      2.434e-02      4.420e-08   
  [mem] RSS 9.35 GB  peak 9.35 GB
      149            151         6.696e-03      1.519e-09      5.275e-05      4.833e-07      6.187e-08      1.025e+01      2.433e-02      4.833e-08   
  [it  150] bn 9.9951e-03  L 1.000  kappa 0.360  convex 0.015  d_cc 1.049  d_pc 1.112  -> FAILS L
      150            152         6.696e-03      2.070e-10      2.202e-07      4.998e-07      1.293e-07      1.025e+01      2.433e-02      4.998e-08   
      151            153         6.696e-03      3.647e-10      1.176e-05      8.600e-07      1.228e-07      1.025e+01      2.433e-02      8.600e-08   
      152            154         6.696e-03      5.746e-10      1.799e-05      1.151e-06      1.057e-07      1.025e+01      2.432e-02      1.151e-07   
      153            155         6.696e-03      8.137e-10      2.677e-05      1.284e-06      7.264e-08      1.025e+01      2.433e-02      1.284e-07   
      154            156         6.696e-03      5.953e-10      1.941e-05      1.330e-06      5.315e-08      1.025e+01      2.433e-02      1.330e-07   
      155            157         6.696e-03      2.154e-09      9.267e-05      6.654e-07      1.427e-07      1.025e+01      2.435e-02      6.654e-08   
      156            158         6.696e-03      9.605e-10      2.037e-04      4.954e-07      1.871e-07      1.025e+01      2.437e-02      4.954e-08   
      157            159         6.696e-03     -8.389e-10      7.589e-05      3.549e-07      1.511e-07      1.025e+01      2.437e-02      4.954e-08   
      158            160         6.696e-03     -1.371e-11      2.708e-06      9.049e-07      1.505e-07      1.025e+01      2.438e-02      9.049e-08   
  [mem] RSS 9.37 GB  peak 9.37 GB
      159            161         6.696e-03     -5.288e-10      2.250e-05      8.208e-07      1.280e-07      1.025e+01      2.438e-02      9.049e-08   
      160            162         6.696e-03     -3.055e-09      1.444e-04      3.126e-07      5.624e-08      1.025e+01      2.438e-02      9.049e-08   
      161            163         6.696e-03     -6.671e-11      4.818e-05      2.290e-07      4.517e-08      1.025e+01      2.438e-02      9.049e-08   
      162            164         6.696e-03      3.282e-11      2.032e-05      1.136e-07      4.699e-08      1.025e+01      2.438e-02      1.136e-08   
      163            165         6.696e-03      3.845e-11      2.437e-07      3.854e-07      9.286e-08      1.025e+01      2.438e-02      3.854e-08   
      164            166         6.696e-03     -1.351e-10      1.685e-07      1.523e-07      4.215e-08      1.025e+01      2.438e-02      1.523e-08   
      165            167         6.696e-03      4.755e-11      8.938e-08      1.237e-07      4.207e-08      1.025e+01      2.438e-02      1.237e-08   
      166            168         6.696e-03     -3.275e-11      9.924e-08      1.900e-07      4.163e-08      1.025e+01      2.438e-02      1.900e-08   
      167            169         6.696e-03     -9.412e-11      4.406e-05      1.452e-07      3.088e-08      1.025e+01      2.438e-02      1.900e-08   
      168            170         6.696e-03      5.969e-12      1.681e-05      1.790e-07      2.763e-08      1.025e+01      2.438e-02      1.790e-08   
      169            171         6.696e-03      3.632e-10      1.436e-04      1.120e-07      7.201e-08      1.025e+01      2.438e-02      1.120e-08   
      170            172         6.696e-03      4.403e-11      2.188e-06      2.258e-07      6.966e-08      1.025e+01      2.438e-02      2.258e-08   
  [mem] RSS 9.39 GB  peak 9.39 GB
      171            173         6.696e-03     -6.929e-11      1.530e-07      3.116e-07      6.936e-08      1.025e+01      2.438e-02      3.116e-08   
      172            174         6.696e-03      8.636e-11      1.860e-07      2.934e-07      6.802e-08      1.025e+01      2.438e-02      2.934e-08   
      173            175         6.696e-03      1.791e-10      8.186e-06      4.538e-07      5.836e-08      1.025e+01      2.438e-02      4.538e-08   
      174            176         6.696e-03     -1.692e-10      2.711e-07      4.959e-07      8.823e-08      1.025e+01      2.439e-02      4.959e-08   
  [it  175] bn 9.9952e-03  L 1.000  kappa 0.360  convex 0.015  d_cc 1.049  d_pc 1.112  -> FAILS L
      175            177         6.696e-03      1.388e-10      7.616e-06      8.229e-07      8.150e-08      1.025e+01      2.439e-02      8.229e-08   
      176            178         6.696e-03      1.237e-10      4.195e-07      5.559e-07      1.633e-07      1.025e+01      2.439e-02      5.559e-08   
      177            179         6.696e-03     -1.804e-10      3.429e-07      4.941e-07      4.901e-08      1.025e+01      2.439e-02      4.941e-08   
      178            180         6.696e-03      1.464e-11      1.765e-06      5.083e-07      4.798e-08      1.025e+01      2.439e-02      5.083e-08   
      179            181         6.696e-03      1.351e-11      2.438e-06      5.751e-07      4.570e-08      1.025e+01      2.439e-02      5.751e-08   
  [mem] RSS 9.41 GB  peak 9.41 GB
      180            182         6.696e-03     -2.219e-11      3.554e-07      6.274e-07      1.406e-07      1.025e+01      2.439e-02      6.274e-08   
      181            183         6.696e-03     -1.205e-10      3.965e-07      5.100e-07      7.337e-08      1.025e+01      2.440e-02      5.100e-08   
      182            184         6.696e-03     -3.354e-12      2.504e-06      5.640e-07      7.133e-08      1.025e+01      2.440e-02      5.640e-08   
      183            185         6.696e-03     -7.057e-11      3.532e-07      5.993e-07      9.522e-08      1.025e+01      2.440e-02      5.993e-08   
      184            186         6.696e-03     -7.586e-11      1.526e-05      5.306e-07      8.200e-08      1.025e+01      2.440e-02      5.993e-08   
      185            187         6.696e-03     -2.652e-10      9.304e-05      2.200e-07      1.930e-07      1.025e+01      2.440e-02      5.993e-08   
      186            188         6.696e-03      9.202e-13      1.035e-06      3.304e-07      1.944e-07      1.025e+01      2.439e-02      3.304e-08   
      187            189         6.696e-03     -5.075e-11      1.176e-05      6.050e-07      1.979e-07      1.025e+01      2.439e-02      6.050e-08   
      188            190         6.696e-03     -7.409e-10      9.314e-05      3.267e-07      1.328e-07      1.025e+01      2.439e-02      6.050e-08   
      189            191         6.696e-03      4.347e-11      3.483e-05      2.371e-07      1.083e-07      1.025e+01      2.439e-02      2.371e-08   
      190            192         6.696e-03      1.075e-10      3.921e-07      6.315e-07      1.077e-07      1.025e+01      2.439e-02      6.315e-08   
      191            193         6.696e-03      1.780e-10      3.107e-07      6.683e-07      1.382e-07      1.025e+01      2.438e-02      6.683e-08   
  [mem] RSS 9.42 GB  peak 9.42 GB
      192            194         6.696e-03      7.412e-10      1.521e-05      8.096e-07      1.002e-07      1.025e+01      2.438e-02      8.096e-08   
      193            195         6.696e-03     -2.149e-10      4.412e-07      6.834e-07      7.097e-08      1.025e+01      2.438e-02      6.834e-08   
      194            196         6.696e-03      8.518e-10      1.965e-05      9.512e-07      4.315e-08      1.025e+01      2.439e-02      9.512e-08   
      195            197         6.696e-03      1.963e-10      4.521e-07      5.796e-07      1.750e-07      1.025e+01      2.439e-02      5.796e-08   
      196            198         6.696e-03      3.549e-11      3.162e-06      1.086e-06      1.687e-07      1.025e+01      2.439e-02      1.086e-07   
      197            199         6.696e-03     -2.474e-10      5.046e-07      2.150e-07      4.175e-08      1.025e+01      2.439e-02      1.086e-07   
Augmented Lagrangian subproblems stalled at a feasible point: `ctol` is satisfied and no further progress is available at this precision, but `gtol` was not reached.
         Current function value: 6.696e-03
         Constraint violation: 4.175e-08
         Total delta_x: 1.380e+00
         Iterations: 197
         Function evaluations: 199
         Jacobian evaluations: 197
Timer: Solution time = 15.9 min
Timer: Avg time per step = 4.83 sec
==============================================================================================================
                                                                 Start  -->   End
Total (sum of squares):                                      1.042e-02  -->   6.696e-03, 
Maximum absolute Boundary normal field error:                1.326e+00  -->   1.214e+00 (T m^2)
Minimum absolute Boundary normal field error:                6.437e-05  -->   1.758e-04 (T m^2)
Average absolute Boundary normal field error:                3.302e-01  -->   2.577e-01 (T m^2)
Maximum absolute Boundary normal field error:                1.175e-02  -->   1.076e-02 (normalized)
Minimum absolute Boundary normal field error:                5.705e-07  -->   1.558e-06 (normalized)
Average absolute Boundary normal field error:                2.926e-03  -->   2.283e-03 (normalized)
Maximum Coil length:                                         2.800e+01  -->   3.000e+01 (m)
Minimum Coil length:                                         2.800e+01  -->   3.000e+01 (m)
Average Coil length:                                         2.800e+01  -->   3.000e+01 (m)
Maximum Coil length:                                         6.293e+00  -->   6.742e+00 (normalized)
Minimum Coil length:                                         6.293e+00  -->   6.742e+00 (normalized)
Average Coil length:                                         6.293e+00  -->   6.742e+00 (normalized)
Maximum Coil curvature:                                      4.897e-01  -->   5.405e-01 (m^-1)
Minimum Coil curvature:                                      7.348e-07  -->   1.124e-08 (m^-1)
Average Coil curvature:                                      2.304e-01  -->   2.231e-01 (m^-1)
Maximum Coil curvature:                                      2.179e+00  -->   2.405e+00 (normalized)
Minimum Coil curvature:                                      3.269e-06  -->   5.000e-08 (normalized)
Average Coil curvature:                                      1.025e+00  -->   9.927e-01 (normalized)
Maximum Signed in-plane curvature:                           4.897e-01  -->   5.405e-01 (m^-1)
Minimum Signed in-plane curvature:                          -4.167e-05  -->  -4.495e-07 (m^-1)
Average Signed in-plane curvature:                           2.304e-01  -->   2.231e-01 (m^-1)
Maximum Signed in-plane curvature:                           2.179e+00  -->   2.405e+00 (normalized)
Minimum Signed in-plane curvature:                          -1.854e-04  -->  -2.000e-06 (normalized)
Average Signed in-plane curvature:                           1.025e+00  -->   9.927e-01 (normalized)
Maximum Coil hinge corner cos(angle):                        9.406e-01  -->   9.278e-01 (dimensionless)
Minimum Coil hinge corner cos(angle):                        5.000e-01  -->   3.420e-01 (dimensionless)
Average Coil hinge corner cos(angle):                        6.294e-01  -->   5.396e-01 (dimensionless)
  [mem] RSS 9.44 GB  peak 9.44 GB
Maximum Coil-coil distance penalty:                          0.000e+00  -->   0.000e+00 (dimensionless)
Minimum Coil-coil distance penalty:                          0.000e+00  -->   0.000e+00 (dimensionless)
Average Coil-coil distance penalty:                          0.000e+00  -->   0.000e+00 (dimensionless)
Maximum Plasma-coil distance penalty:                        0.000e+00  -->   0.000e+00 (dimensionless)
Minimum Plasma-coil distance penalty:                        0.000e+00  -->   0.000e+00 (dimensionless)
Average Plasma-coil distance penalty:                        0.000e+00  -->   0.000e+00 (dimensionless)
Summed coil current error:                                   0.000e+00  -->   0.000e+00 (A)
==============================================================================================================


SOLVER {'wall_s': 1071.8854641914368, 'message': 'Augmented Lagrangian subproblems stalled at a feasible point: `ctol` is satisfied and no further progress is available at this precision, but `gtol` was not reached.', 'nit': 197, 'n_outer': 62, 'constr_violation': 4.175297381664259e-08, 'y_absmax_final': 0.024393488140333597}
START  bn 1.2804e-02  L 0.933  kappa 0.327  convex 0.028  d_cc 1.196  d_pc 1.098  -> FEASIBLE
RESULT bn 9.9952e-03  L 1.000  kappa 0.360  convex 0.015  d_cc 1.049  d_pc 1.112  linked 0  -> FAILS L  active ['L']
wrote work/helios/arc16/dual_L30_c70/result.h5, result.json, result.png
