Running as unit: run-p1841393-i1844358.scope; invocation ID: 93bfd721c84a40c9924d5c8dab227531
Jax plugin configuration error: Exception when calling jax_plugins.xla_cuda12.initialize()
Traceback (most recent call last):
  File "/home/singh/miniforge3/envs/desc-env2/lib/python3.12/site-packages/jax/_src/xla_bridge.py", line 487, in discover_pjrt_plugins
    plugin_module.initialize()
  File "/home/singh/miniforge3/envs/desc-env2/lib/python3.12/site-packages/jax_plugins/xla_cuda12/__init__.py", line 370, in initialize
    _check_cuda_versions(raise_on_first_error = True)
  File "/home/singh/miniforge3/envs/desc-env2/lib/python3.12/site-packages/jax_plugins/xla_cuda12/__init__.py", line 274, in _check_cuda_versions
    for d in range(cuda_versions.cuda_device_count())
                   ^^^^^^^^^^^^^^^^^^^^^^^^^^^^^^^^^
RuntimeError: jaxlib/cuda/versions_helpers.cc:134: operation cuInit(0) failed: CUDA_ERROR_INVALID_VALUE
An NVIDIA GPU may be present on this machine, but a CUDA-enabled jaxlib is not installed. Falling back to cpu.
DEVICE requested=gpu obtained=cpu (1x cpu)
DEVICE WARNING: gpu requested but JAX is on 'cpu'
Traceback (most recent call last):
  File "/home/singh/Documents/DESC2/coil_sandbox/run_one.py", line 57, in <module>
    import common as S  # noqa: E402
    ^^^^^^^^^^^^^^^^^^
  File "/home/singh/Documents/DESC2/coil_sandbox/sandbox/common.py", line 16, in <module>
    from desc.grid import Grid, LinearGrid
  File "/home/singh/Documents/DESC2/coil_sandbox/vendor/desc/grid.py", line 8, in <module>
    from desc.backend import fori_loop, jnp, put, repeat, take
  File "/home/singh/Documents/DESC2/coil_sandbox/vendor/desc/backend.py", line 33, in <module>
    if desc_config.get("kind") == "gpu" and len(jax.devices("gpu")) == 0:
                                                ^^^^^^^^^^^^^^^^^^
  File "/home/singh/miniforge3/envs/desc-env2/lib/python3.12/site-packages/jax/_src/xla_bridge.py", line 1010, in devices
    return get_backend(backend).devices()
           ^^^^^^^^^^^^^^^^^^^^
  File "/home/singh/miniforge3/envs/desc-env2/lib/python3.12/site-packages/jax/_src/xla_bridge.py", line 944, in get_backend
    return _get_backend_uncached(platform)
           ^^^^^^^^^^^^^^^^^^^^^^^^^^^^^^^
  File "/home/singh/miniforge3/envs/desc-env2/lib/python3.12/site-packages/jax/_src/xla_bridge.py", line 925, in _get_backend_uncached
    platform = canonicalize_platform(platform)
               ^^^^^^^^^^^^^^^^^^^^^^^^^^^^^^^
  File "/home/singh/miniforge3/envs/desc-env2/lib/python3.12/site-packages/jax/_src/xla_bridge.py", line 731, in canonicalize_platform
    raise RuntimeError(f"Unknown backend: '{platform}' requested, but no "
RuntimeError: Unknown backend: 'gpu' requested, but no platforms that are instances of gpu are present. Platforms present are: cpu
