Running as unit: run-p264973-i265689.scope; invocation ID: f66aa5817aa64ac087149fdc3d9d8eeb
E0916 22:12:57.249233  265060 cuda_executor.cc:1743] Could not get kernel mode driver version: ( INVALID_ARGUMENT: Version does not match the format X.Y.Z )
E0916 22:12:57.261109  264973 cuda_executor.cc:1743] Could not get kernel mode driver version: ( INVALID_ARGUMENT: Version does not match the format X.Y.Z )
DEVICE requested=gpu obtained=gpu (1x NVIDIA GeForce RTX 5070 Laptop GPU)
  [mem] RSS 0.83 GB  peak 0.83 GB
/home/singh/Documents/DESC2/coil_sandbox/vendor/desc/utils.py:590: UserWarning: Unequal number of field periods for grid 1 and basis 2.
  warnings.warn(msg, err)
/home/singh/Documents/DESC2/coil_sandbox/vendor/desc/utils.py:590: UserWarning: Unequal number of field periods for grid 1 and basis 2.
  warnings.warn(msg, err)
eq sample_equilibria/helios_repro.h5 (h5) NFP 2 sym True; start work/helios/scan_polar/cut60/legA/result.h5: 3 unique coils, arc=True, expect 12 coils; source grid gl (48 nodes/coil); mode stage2; plasma field included (virtual casing)
SETTINGS {'eq': 'sample_equilibria/helios_repro.h5', 'start': 'work/helios/scan_polar/cut60/legA/result.h5', 'out': 'work/helios/scan_polar/cut60/legB', 'mode': 'stage2', 'length_mult': 1.0, 'margin': 0.0, 'fix_hinges': False, 'anchor_weight': 0.001, 'margin_skip': '', 'a': None, 'bounds': 'bounds/helios_kruger2026.json', 'device': None, 'vacuum': False, 'maxiter': 250, 'check_every': 25, 'ckpt_every': 25, 'diag_log': 'diag.jsonl', 'dcc_backoff': 0.025, 'dpc_backoff': 0.02, 'no_arc_backoffs': False, 'convex_form': 'signed', 'convex_kmin': 0.0, 'convex_backoff': 0.5, 'coil_grid_n': 150, 'eval_m': 25, 'eval_n': 25, 'plasma_m': 64, 'plasma_n': 64, 'src_gl': 24, 'src_n': 400, 'vc_m': None, 'vc_n': None, 'vc_chunk': 64, 'dcc_k': 20000, 'dpc_k': 20000, 'no_signed': False, 'dcc_neighbors': None, 'dcc_chunk': 4, 'dpc_chunk': 1, 'qf_chunk': 25, 'no_second_order': False, 'so_chunk': 16, 'so_rtol': 0.05, 'max_tr': 0.5, 'max_inner_iter': 100, 'ctol': 0.0001}
BOUNDS (judged, absolute, a=1.77186) L 36  kappa 1.5  kms -  convex 0.001  dcc 1.2  dpc 1.2
ENFORCED L 36  kappa 1.492  kms -  convex 0.0005  dcc 1.245  dpc 1.224  (convexity: signed, kappa_s >= 0.0)
  [mem] RSS 2.92 GB  peak 2.92 GB
START  bn 3.8656e-02  L 1.000  kappa 0.314  convex 0.084  d_cc 1.704  d_pc 1.382  linked 0  coils 12  -> FAILS L
Building objective: Quadratic flux
Precomputing transforms
/home/singh/Documents/DESC2/coil_sandbox/vendor/desc/utils.py:590: UserWarning: Could not build fft interpolator, switching to dft which is slow.
Reason: Got False for eval_grid.can_fft2.
  warnings.warn(msg, err)
  [mem] RSS 7.45 GB  peak 7.45 GB
  [mem] RSS 7.65 GB  peak 7.65 GB
  [mem] RSS 6.01 GB  peak 7.73 GB
Timer: Precomputing transforms = 1.33 min
Timer: Objective build = 1.34 min
Building objective: summed coil current
Building objective: fixed shift
Building objective: fixed rotation
Building objective: fixed arc reference
Timer: Objective build = 537 ms
Timer: Objective build = 2.32 ms
Timer: LinearConstraintProjection build = 2.38 sec
Timer: LinearConstraintProjection build = 112 ms
Number of parameters: 56
Number of objectives: 1326
Number of equality constraints: 0
Number of inequality constraints: 1845
Timer: Initializing the optimization = 1.41 min

Starting optimization
Using method: lsq-auglag
E0916 22:15:07.331797  265075 cuda_timer.cc:87] Delay kernel timed out: measured time has sub-optimal accuracy. There may be a missing warmup execution, please investigate in Nsight Systems.
  [mem] RSS 5.10 GB  peak 7.73 GB
E0916 22:15:32.970447  265072 cuda_timer.cc:87] Delay kernel timed out: measured time has sub-optimal accuracy. There may be a missing warmup execution, please investigate in Nsight Systems.
second_order: compiling constraint Hessian for blocks CoilLength, CoilSignedCurvature
  [mem] RSS 5.81 GB  peak 7.73 GB
Solver options:
------------------------------------------------------------
Maximum Function Evaluations       : 1251
Maximum Allowed Total Δx Norm      : inf
Scaled Termination                 : True
Trust Region Method                : svd
Initial Trust Radius               : 1.705e+00
Maximum Trust Radius               : 5.000e-01
Minimum Trust Radius               : 2.220e-16
Trust Radius Increase Ratio        : 4.000e+00
Trust Radius Decrease Ratio        : 2.500e-01
Trust Radius Increase Threshold    : 7.500e-01
Trust Radius Decrease Threshold    : 5.000e-01
Alpha Omega                        : 1.000e+00
Beta Omega                         : 1.000e+00
Alpha Eta                          : 1.000e-01
Beta Eta                           : 9.000e-01
Omega                              : 1.000e-02
Eta                                : 1.000e-02
Tau                                : 1.000e+01
------------------------------------------------------------ 

   Iteration     Total nfev        Cost      Cost reduction    Step norm     Optimality    Constr viol.   Penalty param  max(|mltplr|)      gtolk     
       0              1          9.500e-02                                    3.863e-02      3.755e-05      1.000e+01      0.000e+00      1.000e-03   
second_order: compiling constraint Hessian for blocks CoilLength, CoilCurvature, CoilSignedCurvature
  [mem] RSS 6.19 GB  peak 7.73 GB
  [mem] RSS 6.80 GB  peak 7.73 GB
       1              2          9.100e-02      3.994e-03      2.136e-01      2.416e-01      1.029e-02      1.000e+01      0.000e+00      1.000e-03   
       2              3          9.094e-02      6.500e-05      1.598e-02      3.015e-02      4.022e-03      1.000e+01      0.000e+00      1.000e-03   
       3              4          8.240e-02      8.537e-03      4.990e-01      2.658e-02      2.610e-03      1.000e+01      0.000e+00      1.000e-03   
       4              5          8.211e-02      2.944e-04      2.286e-02      2.318e-01      8.993e-04      1.000e+01      0.000e+00      1.000e-03   
       5              6          8.205e-02      5.839e-05      5.573e-03      2.082e-02      8.836e-04      1.000e+01      0.000e+00      1.000e-03   
       6              7          7.906e-02      2.985e-03      1.943e-01      2.055e-02      8.642e-04      1.000e+01      0.000e+00      1.000e-03   
       7              8          7.737e-02      1.695e-03      1.150e-01      2.028e-02      8.553e-04      1.000e+01      0.000e+00      1.000e-03   
       8              9          7.629e-02      1.079e-03      7.511e-02      2.005e-02      8.504e-04      1.000e+01      0.000e+00      1.000e-03   
       9             10          7.485e-02      1.440e-03      1.068e-01      5.928e-01      2.918e-03      1.000e+01      0.000e+00      1.000e-03   
      10             11          7.482e-02      2.801e-05      8.613e-03      1.746e-02      2.078e-03      1.000e+01      0.000e+00      1.000e-03   
  [mem] RSS 6.81 GB  peak 7.73 GB
      11             12          7.060e-02      4.218e-03      3.208e-01      1.535e-02      1.601e-03      1.000e+01      0.000e+00      1.000e-03   
      12             13          6.667e-02      3.935e-03      3.359e-01      1.480e-02      1.250e-03      1.000e+01      0.000e+00      1.000e-03   
      13             14          6.609e-02      5.762e-04      5.147e-02      1.454e-02      1.210e-03      1.000e+01      0.000e+00      1.000e-03   
      14             15          6.494e-02      1.150e-03      1.054e-01      1.405e-02      1.134e-03      1.000e+01      0.000e+00      1.000e-03   
      15             16          6.134e-02      3.602e-03      3.599e-01      1.308e-02      9.170e-04      1.000e+01      0.000e+00      1.000e-03   
      16             17          6.076e-02      5.771e-04      5.812e-02      1.260e-02      8.913e-04      1.000e+01      0.000e+00      1.000e-03   
      17             18          5.967e-02      1.096e-03      1.127e-01      1.177e-02      8.466e-04      1.000e+01      0.000e+00      1.000e-03   
      18             19          5.943e-02      2.350e-04      2.417e-02      1.155e-02      8.377e-04      1.000e+01      0.000e+00      1.000e-03   
      19             20          5.924e-02      1.907e-04      2.866e-02      9.591e-02      9.492e-04      1.000e+01      0.000e+00      1.000e-03   
      20             21          5.921e-02      2.866e-05      2.723e-03      8.098e-03      9.554e-04      1.000e+01      0.000e+00      1.000e-03   
      21             22          5.898e-02      2.280e-04      2.232e-02      3.704e-02      1.943e-03      1.000e+01      0.000e+00      1.000e-03   
      22             23          5.885e-02      1.318e-04      1.414e-02      3.610e-02      1.889e-03      1.000e+01      0.000e+00      1.000e-03   
      23             24          5.888e-02     -2.544e-05      5.854e-03      7.356e-03      1.042e-03      1.000e+01      0.000e+00      1.000e-03   
      24             25          5.388e-02      4.998e-03      5.956e-01      1.557e-02      3.311e-03      1.000e+01      0.000e+00      1.000e-03   
  [mem] RSS 6.81 GB  peak 7.73 GB
  [it   25] bn 2.8817e-02  L 1.000  kappa 0.316  convex 12.543  d_cc 1.623  d_pc 1.494  -> FAILS L,convex
      25             26          5.042e-02      3.458e-03      4.386e-01      1.200e-02      2.807e-03      1.000e+01      0.000e+00      1.000e-03   
      26             27          5.012e-02      2.976e-04      3.568e-02      1.133e-02      2.615e-03      1.000e+01      0.000e+00      1.000e-03   
      27             28          5.007e-02      5.424e-05      6.532e-03      1.121e-02      2.580e-03      1.000e+01      0.000e+00      1.000e-03   
      28             29          5.011e-02     -3.696e-05      5.222e-03      4.085e-03      1.069e-03      1.000e+01      0.000e+00      1.000e-03   
      29             30          4.996e-02      1.435e-04      1.746e-02      3.986e-03      1.072e-03      1.000e+01      0.000e+00      1.000e-03   
      30             31          4.993e-02      3.409e-05      4.170e-03      3.967e-03      1.073e-03      1.000e+01      0.000e+00      1.000e-03   
      31             32          4.985e-02      8.142e-05      5.485e-03      7.692e-03      1.531e-03      1.000e+01      0.000e+00      1.000e-03   
      32             33          4.657e-02      3.280e-03      4.313e-01      1.392e-02      3.718e-03      1.000e+01      0.000e+00      1.000e-03   
      33             34          4.387e-02      2.700e-03      4.185e-01      1.070e-02      3.141e-03      1.000e+01      0.000e+00      1.000e-03   
      34             35          4.126e-02      2.608e-03      4.194e-01      1.158e-02      3.572e-03      1.000e+01      0.000e+00      1.000e-03   
      35             36          3.894e-02      2.315e-03      4.178e-01      1.028e-02      3.427e-03      1.000e+01      0.000e+00      1.000e-03   
      36             37          3.671e-02      2.232e-03      4.216e-01      1.041e-02      3.587e-03      1.000e+01      0.000e+00      1.000e-03   
      37             38          3.468e-02      2.032e-03      4.186e-01      9.605e-03      3.515e-03      1.000e+01      0.000e+00      1.000e-03   
      38             39          3.273e-02      1.945e-03      4.196e-01      9.351e-03      3.500e-03      1.000e+01      0.000e+00      1.000e-03   
      39             40          3.095e-02      1.787e-03      4.155e-01      8.752e-03      3.404e-03      1.000e+01      0.000e+00      1.000e-03   
  [mem] RSS 6.85 GB  peak 7.73 GB
      40             41          2.924e-02      1.703e-03      4.148e-01      7.885e-03      3.157e-03      1.000e+01      0.000e+00      1.000e-03   
      41             42          2.767e-02      1.575e-03      4.138e-01      8.219e-03      3.345e-03      1.000e+01      0.000e+00      1.000e-03   
      42             43          2.618e-02      1.492e-03      4.128e-01      6.065e-03      2.574e-03      1.000e+01      0.000e+00      1.000e-03   
      43             44          2.480e-02      1.373e-03      4.134e-01      7.128e-03      3.078e-03      1.000e+01      0.000e+00      1.000e-03   
      44             45          2.350e-02      1.302e-03      4.099e-01      7.197e-03      2.054e-03      1.000e+01      0.000e+00      1.000e-03   
      45             46          2.232e-02      1.183e-03      4.105e-01      7.026e-03      2.507e-03      1.000e+01      0.000e+00      1.000e-03   
      46             47          2.217e-02      1.473e-04      5.173e-02      6.292e-03      2.304e-03      1.000e+01      0.000e+00      1.000e-03   
      47             48          2.219e-02     -1.272e-05      2.990e-03      1.081e-02      1.047e-03      1.000e+01      0.000e+00      1.000e-03   
      48             49          2.218e-02      2.886e-06      1.057e-03      1.078e-02      1.046e-03      1.000e+01      0.000e+00      1.000e-03   
      49             50          2.218e-02     -2.535e-07      4.938e-04      1.609e-03      9.072e-04      1.000e+01      0.000e+00      1.000e-03   
  [it   50] bn 1.8743e-02  L 1.000  kappa 0.285  convex 3.700  d_cc 1.269  d_pc 1.229  -> FAILS L,convex
      50             51          2.208e-02      9.936e-05      3.596e-02      1.629e-03      9.045e-04      1.000e+01      0.000e+00      1.000e-03   
      51             52          2.208e-02      4.040e-06      1.467e-03      1.627e-03      9.042e-04      1.000e+01      0.000e+00      1.000e-03   
      52             53          2.208e-02      3.772e-06      1.370e-03      1.625e-03      9.039e-04      1.000e+01      0.000e+00      1.000e-03   
      53             54          2.207e-02      2.933e-06      1.065e-03      1.624e-03      9.037e-04      1.000e+01      0.000e+00      1.000e-03   
      54             55          2.207e-02      2.928e-06      1.064e-03      1.622e-03      9.034e-04      1.000e+01      0.000e+00      1.000e-03   
  [mem] RSS 6.86 GB  peak 7.73 GB
      55             56          2.207e-02      2.924e-06      1.062e-03      1.621e-03      9.032e-04      1.000e+01      0.000e+00      1.000e-03   
      56             57          2.205e-02      2.078e-05      7.553e-03      1.613e-03      9.017e-04      1.000e+01      0.000e+00      1.000e-03   
      57             58          2.088e-02      1.164e-03      4.280e-01      1.241e-02      1.572e-03      1.000e+01      0.000e+00      1.000e-03   
      58             59          2.080e-02      7.877e-05      3.027e-02      1.151e-02      1.517e-03      1.000e+01      0.000e+00      1.000e-03   
      59             60          2.068e-02      1.202e-04      4.640e-02      1.027e-02      1.444e-03      1.000e+01      0.000e+00      1.000e-03   
      60             61          1.967e-02      1.010e-03      4.002e-01      7.432e-03      1.849e-03      1.000e+01      0.000e+00      1.000e-03   
      61             62          1.897e-02      7.029e-04      2.855e-01      7.576e-03      1.326e-03      1.000e+01      0.000e+00      1.000e-03   
      62             63          1.802e-02      9.462e-04      4.104e-01      1.120e-02      1.348e-03      1.000e+01      0.000e+00      1.000e-03   
      63             64          1.780e-02      2.192e-04      9.543e-02      9.048e-03      1.218e-03      1.000e+01      0.000e+00      1.000e-03   
      64             65          1.781e-02     -6.562e-06      3.072e-03      1.596e-03      7.907e-04      1.000e+01      0.000e+00      1.000e-03   
      65             66          1.781e-02      2.973e-06      3.191e-03      2.232e-03      3.688e-04      1.000e+01      0.000e+00      1.000e-03   
      66             67          1.779e-02      2.070e-05      9.266e-03      2.191e-03      3.678e-04      1.000e+01      0.000e+00      1.000e-03   
      67             68          1.778e-02      7.201e-06      3.221e-03      2.177e-03      3.675e-04      1.000e+01      0.000e+00      1.000e-03   
      68             69          1.777e-02      7.013e-06      3.136e-03      2.163e-03      3.672e-04      1.000e+01      0.000e+00      1.000e-03   
      69             70          1.777e-02      6.898e-06      3.086e-03      2.150e-03      3.669e-04      1.000e+01      0.000e+00      1.000e-03   
  [mem] RSS 6.87 GB  peak 7.73 GB
      70             71          1.776e-02      6.734e-06      3.012e-03      2.138e-03      3.667e-04      1.000e+01      0.000e+00      1.000e-03   
      71             72          1.775e-02      6.619e-06      2.961e-03      2.126e-03      3.664e-04      1.000e+01      0.000e+00      1.000e-03   
      72             73          1.775e-02      6.482e-06      2.900e-03      2.114e-03      3.662e-04      1.000e+01      0.000e+00      1.000e-03   
      73             74          1.774e-02      6.382e-06      2.857e-03      2.102e-03      3.660e-04      1.000e+01      0.000e+00      1.000e-03   
      74             75          1.773e-02      6.258e-06      2.801e-03      2.090e-03      3.657e-04      1.000e+01      0.000e+00      1.000e-03   
  [it   75] bn 1.6795e-02  L 1.000  kappa 0.269  convex 1.366  d_cc 1.140  d_pc 1.243  -> FAILS L,convex
      75             76          1.773e-02      6.160e-06      2.758e-03      2.079e-03      3.655e-04      1.000e+01      0.000e+00      1.000e-03   
      76             77          1.681e-02      9.211e-04      4.157e-01      1.650e-02      1.024e-03      1.000e+01      0.000e+00      1.000e-03   
      77             78          1.604e-02      7.676e-04      3.724e-01      6.303e-03      1.230e-03      1.000e+01      0.000e+00      1.000e-03   
      78             79          1.598e-02      6.343e-05      3.028e-02      5.939e-03      1.184e-03      1.000e+01      0.000e+00      1.000e-03   
      79             80          1.598e-02     -6.835e-06      2.310e-03      1.283e-03      6.817e-04      1.000e+01      0.000e+00      1.000e-03   
      80             81          1.598e-02      3.314e-06      2.469e-03      1.748e-03      3.541e-04      1.000e+01      0.000e+00      1.000e-03   
      81             82          1.597e-02      8.241e-06      3.943e-03      1.738e-03      3.530e-04      1.000e+01      0.000e+00      1.000e-03   
      82             83          1.597e-02      3.072e-06      1.469e-03      1.735e-03      3.526e-04      1.000e+01      0.000e+00      1.000e-03   
      83             84          1.596e-02      3.042e-06      1.455e-03      1.731e-03      3.522e-04      1.000e+01      0.000e+00      1.000e-03   
      84             85          1.596e-02      3.010e-06      1.439e-03      1.727e-03      3.518e-04      1.000e+01      0.000e+00      1.000e-03   
  [mem] RSS 6.89 GB  peak 7.73 GB
      85             86          1.596e-02      2.985e-06      1.428e-03      1.724e-03      3.514e-04      1.000e+01      0.000e+00      1.000e-03   
      86             87          1.596e-02      2.903e-06      1.388e-03      1.721e-03      3.510e-04      1.000e+01      0.000e+00      1.000e-03   
      87             88          1.595e-02      2.875e-06      1.375e-03      1.717e-03      3.506e-04      1.000e+01      0.000e+00      1.000e-03   
      88             89          1.595e-02      2.853e-06      1.364e-03      1.714e-03      3.502e-04      1.000e+01      0.000e+00      1.000e-03   
      89             90          1.595e-02      2.784e-06      1.331e-03      1.711e-03      3.498e-04      1.000e+01      0.000e+00      1.000e-03   
      90             91          1.594e-02      2.758e-06      1.319e-03      1.708e-03      3.495e-04      1.000e+01      0.000e+00      1.000e-03   
      91             92          1.594e-02      1.820e-06      9.342e-04      1.138e-03      6.016e-04      1.000e+01      0.000e+00      1.000e-03   
      92             93          1.593e-02      1.774e-05      8.111e-03      1.125e-03      6.010e-04      1.000e+01      0.000e+00      1.000e-03   
      93             94          1.592e-02      7.249e-06      3.514e-03      1.119e-03      6.007e-04      1.000e+01      0.000e+00      1.000e-03   
      94             95          1.591e-02      7.071e-06      3.427e-03      1.113e-03      6.004e-04      1.000e+01      0.000e+00      1.000e-03   
      95             96          1.590e-02      6.935e-06      3.362e-03      1.108e-03      6.001e-04      1.000e+01      0.000e+00      1.000e-03   
      96             97          1.590e-02      6.786e-06      3.290e-03      1.103e-03      5.998e-04      1.000e+01      0.000e+00      1.000e-03   
      97             98          1.589e-02      6.662e-06      3.231e-03      1.098e-03      5.995e-04      1.000e+01      0.000e+00      1.000e-03   
      98             99          1.588e-02      6.524e-06      3.164e-03      1.093e-03      5.992e-04      1.000e+01      0.000e+00      1.000e-03   
      99             100         1.500e-02      8.817e-04      4.344e-01      2.131e-02      8.288e-04      1.000e+01      0.000e+00      1.000e-03   
  [it  100] bn 1.5314e-02  L 1.000  kappa 0.253  convex 0.543  d_cc 1.129  d_pc 1.289  -> FAILS L
      100            101         1.501e-02     -9.300e-06      6.745e-03      2.289e-03      5.931e-04      1.000e+01      5.949e-03      2.289e-04   
  [mem] RSS 6.92 GB  peak 7.73 GB
      101            102         1.489e-02      1.177e-04      6.501e-02      2.194e-03      5.624e-04      1.000e+01      5.949e-03      2.289e-04   
      102            103         1.412e-02      7.725e-04      4.123e-01      1.702e-02      4.996e-04      1.000e+01      5.949e-03      2.289e-04   
      103            104         1.344e-02      6.841e-04      3.357e-01      5.861e-03      1.130e-03      1.000e+01      5.949e-03      2.289e-04   
      104            105         1.278e-02      6.528e-04      3.760e-01      1.328e-02      4.437e-04      1.000e+01      5.949e-03      2.289e-04   
      105            106         1.244e-02      3.421e-04      1.768e-01      8.138e-03      4.686e-04      1.000e+01      5.949e-03      2.289e-04   
      106            107         1.245e-02     -5.230e-06      2.713e-03      9.777e-04      3.404e-05      1.000e+01      5.949e-03      2.289e-04   
      107            108         1.239e-02      6.205e-05      3.563e-02      9.140e-04      3.080e-05      1.000e+01      5.949e-03      2.289e-04   
      108            109         1.238e-02      1.067e-05      6.112e-03      9.144e-04      3.032e-05      1.000e+01      5.949e-03      2.289e-04   
      109            110         1.237e-02      5.420e-06      3.150e-03      1.098e-03      2.101e-04      1.000e+01      5.949e-03      2.289e-04   
second_order: compiling constraint Hessian for blocks CoilLength
E0916 22:20:52.430682  265078 cuda_timer.cc:87] Delay kernel timed out: measured time has sub-optimal accuracy. There may be a missing warmup execution, please investigate in Nsight Systems.
  [mem] RSS 6.97 GB  peak 7.73 GB
      110            111         1.169e-02      6.841e-04      4.009e-01      2.080e-02      4.055e-04      1.000e+01      5.949e-03      2.289e-04   
      111            112         1.169e-02     -9.240e-06      6.615e-03      2.892e-03      0.000e+00      1.000e+01      5.949e-03      2.289e-04   
      112            113         1.112e-02      5.762e-04      3.692e-01      1.476e-02      4.727e-04      1.000e+01      5.949e-03      2.289e-04   
      113            114         1.113e-02     -7.521e-06      4.749e-03      1.481e-03      0.000e+00      1.000e+01      5.949e-03      2.289e-04   
      114            115         1.070e-02      4.270e-04      2.607e-01      7.336e-03      2.487e-04      1.000e+01      5.949e-03      2.289e-04   
      115            116         1.070e-02     -3.683e-06      2.470e-03      1.803e-03      0.000e+00      1.000e+01      5.949e-03      2.289e-04   
      116            117         1.066e-02      4.658e-05      3.101e-02      1.656e-03      0.000e+00      1.000e+01      5.949e-03      2.289e-04   
      117            118         1.065e-02      7.288e-06      4.826e-03      1.631e-03      0.000e+00      1.000e+01      5.949e-03      2.289e-04   
      118            119         1.064e-02      7.049e-06      4.673e-03      1.607e-03      0.000e+00      1.000e+01      5.949e-03      2.289e-04   
      119            120         1.063e-02      6.891e-06      4.563e-03      1.584e-03      0.000e+00      1.000e+01      5.949e-03      2.289e-04   
      120            121         1.063e-02      4.332e-06      2.027e-03      9.582e-04      1.470e-04      1.000e+01      5.949e-03      2.289e-04   
      121            122         1.011e-02      5.236e-04      3.498e-01      1.431e-02      5.338e-04      1.000e+01      5.949e-03      2.289e-04   
      122            123         1.011e-02     -7.294e-06      4.712e-03      2.174e-03      0.000e+00      1.000e+01      5.949e-03      2.289e-04   
      123            124         1.011e-02      2.820e-06      1.316e-03      1.604e-03      1.635e-04      1.000e+01      5.949e-03      2.289e-04   
  [mem] RSS 7.00 GB  peak 7.73 GB
      124            125         9.671e-03      4.407e-04      3.450e-01      1.250e-02      2.582e-04      1.000e+01      5.949e-03      2.289e-04   
  [it  125] bn 1.2108e-02  L 1.000  kappa 0.223  convex 0.000  d_cc 1.296  d_pc 1.350  -> FEASIBLE
      125            126         9.677e-03     -6.260e-06      4.100e-03      1.788e-03      0.000e+00      1.000e+01      5.949e-03      2.289e-04   
      126            127         9.675e-03      2.283e-06      1.248e-03      1.280e-03      6.151e-06      1.000e+01      5.949e-03      2.289e-04   
      127            128         9.276e-03      3.992e-04      3.322e-01      1.125e-02      4.050e-04      1.000e+01      5.949e-03      2.289e-04   
      128            129         9.282e-03     -6.103e-06      3.828e-03      3.384e-03      0.000e+00      1.000e+01      5.949e-03      2.289e-04   
      129            130         9.281e-03      6.839e-07      4.807e-04      1.224e-03      0.000e+00      1.000e+01      5.949e-03      2.289e-04   
      130            131         8.931e-03      3.502e-04      3.245e-01      1.096e-02      1.754e-06      1.000e+01      5.949e-03      2.289e-04   
      131            132         8.936e-03     -5.528e-06      3.655e-03      1.687e-03      0.000e+00      1.000e+01      5.949e-03      2.289e-04   
      132            133         8.935e-03      1.416e-06      8.960e-04      1.062e-03      0.000e+00      1.000e+01      5.949e-03      2.289e-04   
      133            134         8.632e-03      3.031e-04      3.237e-01      9.426e-03      2.458e-04      1.000e+01      5.949e-03      2.289e-04   
      134            135         8.637e-03     -5.422e-06      3.340e-03      2.405e-03      0.000e+00      1.000e+01      5.949e-03      2.289e-04   
      135            136         8.636e-03      9.644e-07      8.975e-04      1.325e-03      0.000e+00      1.000e+01      5.949e-03      2.289e-04   
      136            137         8.548e-03      8.868e-05      9.814e-02      1.088e-03      0.000e+00      1.000e+01      5.949e-03      2.289e-04   
      137            138         8.542e-03      5.769e-06      6.636e-03      1.060e-03      0.000e+00      1.000e+01      5.949e-03      2.289e-04   
  [mem] RSS 7.02 GB  peak 7.73 GB
      138            139         8.537e-03      4.947e-06      5.710e-03      1.038e-03      0.000e+00      1.000e+01      5.949e-03      2.289e-04   
      139            140         8.537e-03     -5.364e-07      5.349e-04      2.174e-03      0.000e+00      1.000e+01      5.949e-03      2.289e-04   
      140            141         8.518e-03      1.905e-05      1.765e-02      1.891e-03      2.870e-06      1.000e+01      5.949e-03      2.289e-04   
      141            142         8.518e-03      4.113e-07      2.349e-04      6.348e-04      1.432e-05      1.000e+01      5.949e-03      2.289e-04   
      142            143         8.319e-03      1.988e-04      2.545e-01      5.625e-03      1.725e-03      1.000e+01      5.949e-03      2.289e-04   
      143            144         8.322e-03     -3.180e-06      2.015e-03      8.198e-04      1.202e-05      1.000e+01      5.949e-03      2.289e-04   
      144            145         8.307e-03      1.560e-05      2.241e-02      7.708e-04      2.970e-05      1.000e+01      5.949e-03      2.289e-04   
      145            146         8.305e-03      1.482e-06      2.142e-03      7.654e-04      3.008e-05      1.000e+01      5.949e-03      2.289e-04   
      146            147         8.304e-03      1.468e-06      2.123e-03      7.599e-04      3.046e-05      1.000e+01      5.949e-03      2.289e-04   
      147            148         8.302e-03      1.467e-06      2.124e-03      7.546e-04      3.083e-05      1.000e+01      5.949e-03      2.289e-04   
      148            149         8.301e-03      1.466e-06      2.124e-03      7.493e-04      3.116e-05      1.000e+01      5.949e-03      2.289e-04   
      149            150         8.299e-03      1.469e-06      2.128e-03      7.440e-04      3.149e-05      1.000e+01      5.949e-03      2.289e-04   
  [it  150] bn 1.1274e-02  L 1.000  kappa 0.232  convex 0.030  d_cc 1.291  d_pc 1.345  -> FEASIBLE
      150            151         8.298e-03      1.468e-06      2.126e-03      7.387e-04      3.178e-05      1.000e+01      5.949e-03      2.289e-04   
      151            152         8.296e-03      1.466e-06      2.126e-03      7.335e-04      3.207e-05      1.000e+01      5.949e-03      2.289e-04   
      152            153         8.295e-03      1.554e-06      2.257e-03      7.280e-04      3.237e-05      1.000e+01      5.949e-03      2.289e-04   
      153            154         8.293e-03      1.553e-06      2.258e-03      7.226e-04      3.267e-05      1.000e+01      5.949e-03      2.289e-04   
  [mem] RSS 7.05 GB  peak 7.73 GB
      154            155         8.292e-03      1.551e-06      2.259e-03      7.173e-04      3.297e-05      1.000e+01      5.949e-03      2.289e-04   
      155            156         8.290e-03      1.550e-06      2.260e-03      7.119e-04      3.327e-05      1.000e+01      5.949e-03      2.289e-04   
      156            157         8.289e-03      1.666e-06      2.431e-03      7.063e-04      3.359e-05      1.000e+01      5.949e-03      2.289e-04   
      157            158         8.287e-03      1.667e-06      2.435e-03      7.007e-04      3.390e-05      1.000e+01      5.949e-03      2.289e-04   
      158            159         8.285e-03      1.674e-06      2.447e-03      6.952e-04      3.417e-05      1.000e+01      5.949e-03      2.289e-04   
      159            160         8.283e-03      1.675e-06      2.451e-03      6.896e-04      3.440e-05      1.000e+01      5.949e-03      2.289e-04   
      160            161         8.282e-03      1.671e-06      2.447e-03      6.842e-04      3.460e-05      1.000e+01      5.949e-03      2.289e-04   
      161            162         8.280e-03      1.672e-06      2.451e-03      6.787e-04      3.481e-05      1.000e+01      5.949e-03      2.289e-04   
      162            163         8.278e-03      1.678e-06      2.459e-03      6.733e-04      3.502e-05      1.000e+01      5.949e-03      2.289e-04   
      163            164         8.277e-03      1.679e-06      2.461e-03      6.680e-04      3.523e-05      1.000e+01      5.949e-03      2.289e-04   
      164            165         8.275e-03      1.680e-06      2.466e-03      6.626e-04      3.544e-05      1.000e+01      5.949e-03      2.289e-04   
      165            166         8.273e-03      1.682e-06      2.472e-03      6.573e-04      3.564e-05      1.000e+01      5.949e-03      2.289e-04   
      166            167         8.272e-03      1.699e-06      2.496e-03      6.521e-04      3.580e-05      1.000e+01      5.949e-03      2.289e-04   
      167            168         8.270e-03      1.705e-06      2.508e-03      6.468e-04      3.592e-05      1.000e+01      5.949e-03      2.289e-04   
      168            169         8.268e-03      1.854e-06      2.729e-03      6.412e-04      3.602e-05      1.000e+01      5.949e-03      2.289e-04   
      169            170         8.266e-03      1.859e-06      2.741e-03      6.314e-04      3.613e-05      1.000e+01      5.949e-03      2.289e-04   
      170            171         8.259e-03      7.363e-06      1.088e-02      6.107e-04      3.640e-05      1.000e+01      5.949e-03      2.289e-04   
      171            172         8.251e-03      8.440e-06      1.250e-02      5.856e-04      3.588e-05      1.000e+01      5.949e-03      2.289e-04   
  [mem] RSS 7.08 GB  peak 7.73 GB
      172            173         8.242e-03      8.145e-06      1.210e-02      5.586e-04      3.529e-05      1.000e+01      5.949e-03      2.289e-04   
      173            174         8.142e-03      1.007e-04      1.550e-01      1.772e-03      5.305e-04      1.000e+01      5.949e-03      2.289e-04   
      174            175         8.135e-03      6.943e-06      1.092e-02      1.714e-03      5.129e-04      1.000e+01      5.949e-03      2.289e-04   
  [it  175] bn 1.1088e-02  L 1.000  kappa 0.246  convex 0.577  d_cc 1.303  d_pc 1.342  -> FAILS L
      175            176         8.003e-03      1.320e-04      2.175e-01      3.140e-03      9.884e-04      1.000e+01      5.949e-03      2.289e-04   
      176            177         7.893e-03      1.101e-04      2.152e-01      2.831e-03      9.032e-04      1.000e+01      5.949e-03      2.289e-04   
      177            178         7.821e-03      7.185e-05      1.453e-01      2.282e-03      7.356e-04      1.000e+01      5.949e-03      2.289e-04   
      178            179         7.728e-03      9.298e-05      2.155e-01      2.740e-03      8.905e-04      1.000e+01      5.949e-03      2.289e-04   
      179            180         7.643e-03      8.455e-05      2.143e-01      3.098e-03      7.257e-04      1.000e+01      5.949e-03      2.289e-04   
      180            181         7.578e-03      6.474e-05      1.919e-01      2.505e-03      7.091e-04      1.000e+01      5.949e-03      2.289e-04   
      181            182         7.532e-03      4.596e-05      1.397e-01      2.471e-03      4.873e-04      1.000e+01      5.949e-03      2.289e-04   
      182            183         7.502e-03      3.065e-05      1.040e-01      1.900e-03      4.249e-04      1.000e+01      5.949e-03      2.289e-04   
      183            184         7.458e-03      4.343e-05      1.585e-01      2.783e-03      4.546e-04      1.000e+01      5.949e-03      2.289e-04   
      184            185         7.443e-03      1.577e-05      7.161e-02      1.298e-03      4.202e-04      1.000e+01      5.949e-03      2.289e-04   
      185            186         7.419e-03      2.369e-05      1.112e-01      1.814e-03      4.225e-04      1.000e+01      5.949e-03      2.289e-04   
      186            187         7.406e-03      1.303e-05      7.608e-02      9.710e-04      4.233e-04      1.000e+01      5.949e-03      2.289e-04   
  [mem] RSS 7.11 GB  peak 7.73 GB
      187            188         7.394e-03      1.150e-05      7.517e-02      1.038e-03      4.241e-04      1.000e+01      5.949e-03      2.289e-04   
      188            189         7.384e-03      1.002e-05      7.662e-02      7.490e-04      4.243e-04      1.000e+01      5.949e-03      2.289e-04   
      189            190         7.382e-03      2.025e-06      2.763e-02      5.338e-04      4.244e-04      1.000e+01      5.949e-03      2.289e-04   
      190            191         7.383e-03     -4.021e-07      2.752e-04      1.991e-02      4.246e-04      1.000e+01      4.103e-03      1.991e-03   
      191            192         7.383e-03      2.423e-07      4.388e-04      4.670e-03      4.228e-04      1.024e+01      4.103e-03      4.670e-04   
      192            193         7.386e-03     -3.849e-06      9.904e-02      3.842e-03      1.023e-03      1.024e+01      4.103e-03      4.670e-04   
      193            194         7.390e-03     -3.177e-06      1.676e-02      7.796e-04      1.207e-04      1.024e+01      4.103e-03      4.670e-04   
      194            195         7.385e-03      4.135e-06      8.035e-02      6.644e-04      1.106e-04      1.024e+01      4.103e-03      4.670e-04   
      195            196         7.385e-03      7.966e-07      2.435e-02      1.171e-03      9.089e-05      1.024e+01      8.811e-03      1.171e-04   
      196            197         7.386e-03     -1.243e-06      7.959e-04      5.597e-03      9.809e-05      1.024e+01      8.811e-03      1.171e-04   
      197            198         7.385e-03      3.552e-07      2.394e-04      7.131e-04      9.794e-05      1.024e+01      8.811e-03      1.171e-04   
      198            199         7.385e-03      6.168e-07      7.561e-04      9.589e-04      1.600e-04      1.024e+01      8.811e-03      1.171e-04   
      199            200         7.385e-03     -6.077e-07      5.396e-04      4.391e-04      1.017e-04      1.024e+01      8.811e-03      1.171e-04   
  [it  200] bn 1.0710e-02  L 1.000  kappa 0.355  convex 0.169  d_cc 1.329  d_pc 1.299  -> FAILS L
      200            201         7.385e-03      4.145e-07      4.636e-04      6.382e-04      9.989e-05      1.024e+01      8.811e-03      1.171e-04   
  [mem] RSS 7.16 GB  peak 7.73 GB
      201            202         7.386e-03     -4.665e-07      3.747e-04      2.842e-04      1.017e-04      1.024e+01      8.811e-03      1.171e-04   
      202            203         7.385e-03      3.690e-07      3.226e-04      3.995e-04      1.010e-04      1.024e+01      8.811e-03      1.171e-04   
      203            204         7.386e-03     -3.918e-07      2.777e-04      2.190e-04      1.020e-04      1.024e+01      8.811e-03      1.171e-04   
      204            205         7.385e-03      2.662e-07      2.313e-04      3.952e-04      1.017e-04      1.024e+01      8.811e-03      1.171e-04   
      205            206         7.386e-03     -2.818e-07      2.087e-04      1.778e-04      1.021e-04      1.024e+01      8.811e-03      1.171e-04   
      206            207         7.385e-03      1.958e-07      1.949e-04      3.681e-04      1.020e-04      1.024e+01      8.811e-03      1.171e-04   
      207            208         7.386e-03     -2.122e-07      1.791e-04      1.510e-04      1.021e-04      1.024e+01      8.811e-03      1.171e-04   
      208            209         7.385e-03      1.628e-07      1.750e-04      3.352e-04      1.021e-04      1.024e+01      8.811e-03      1.171e-04   
      209            210         7.386e-03     -1.799e-07      1.617e-04      1.297e-04      1.021e-04      1.024e+01      8.811e-03      1.171e-04   
      210            211         7.386e-03      9.270e-08      1.536e-03      1.252e-04      1.041e-04      1.024e+01      8.811e-03      1.171e-04   
      211            212         7.385e-03      6.700e-07      1.628e-02      1.507e-04      1.179e-04      1.024e+01      8.811e-03      1.171e-04   
      212            213         7.384e-03      5.266e-07      1.722e-02      3.664e-04      1.290e-04      1.024e+01      1.061e-02      3.664e-05   
      213            214         7.383e-03      8.252e-07      5.004e-02      3.896e-04      1.208e-04      1.024e+01      1.061e-02      3.664e-05   
      214            215         7.384e-03     -6.564e-08      1.258e-02      8.844e-05      1.119e-04      1.024e+01      1.061e-02      3.664e-05   
      215            216         7.384e-03     -1.857e-08      9.075e-03      4.050e-05      1.087e-04      1.024e+01      1.061e-02      3.664e-05   
  [mem] RSS 7.24 GB  peak 7.73 GB
      216            217         7.384e-03     -3.963e-09      8.442e-03      1.237e-04      1.085e-04      1.024e+01      9.176e-03      1.237e-05   
      217            218         7.384e-03      7.829e-08      1.575e-04      1.542e-04      1.080e-04      1.024e+01      9.176e-03      1.237e-05   
      218            219         7.384e-03     -2.687e-08      2.051e-03      1.147e-04      9.854e-05      1.024e+01      9.176e-03      1.237e-05   
      219            220         7.384e-03     -4.269e-08      1.791e-03      7.569e-05      8.945e-05      1.024e+01      9.176e-03      1.237e-05   
      220            221         7.384e-03     -4.804e-08      2.043e-03      3.453e-05      7.949e-05      1.024e+01      9.176e-03      1.237e-05   
      221            222         7.384e-03     -3.549e-08      1.749e-03      7.918e-05      7.236e-05      1.024e+01      9.121e-03      7.918e-06   
      222            223         7.384e-03     -2.824e-07      1.966e-03      6.363e-05      1.674e-05      1.024e+01      9.121e-03      7.918e-06   
      223            224         7.384e-03      6.927e-08      9.264e-04      4.811e-05      1.206e-05      1.024e+01      1.019e-02      4.811e-06   
      224            225         7.384e-03     -1.183e-07      4.046e-04      9.521e-06      4.604e-06      1.024e+01      1.019e-02      4.811e-06   
  [it  225] bn 1.0713e-02  L 1.000  kappa 0.357  convex 0.028  d_cc 1.330  d_pc 1.296  -> FAILS L
      225            226         7.384e-03     -2.786e-08      3.628e-04      8.394e-06      4.260e-06      1.024e+01      1.035e-02      8.394e-07   
      226            227         7.384e-03     -1.409e-08      4.681e-04      2.664e-05      3.458e-06      1.024e+01      1.035e-02      8.394e-07   
      227            228         7.384e-03     -1.626e-08      1.345e-03      2.539e-05      5.559e-06      1.024e+01      1.035e-02      8.394e-07   
      228            229         7.384e-03     -7.522e-08      1.595e-03      1.396e-06      5.753e-06      1.024e+01      1.035e-02      8.394e-07   
      229            230         7.384e-03     -1.296e-09      1.195e-03      5.111e-05      5.753e-06      1.024e+01      9.447e-03      5.111e-06   
      230            231         7.384e-03      7.072e-08      6.740e-04      1.264e-05      2.613e-06      1.024e+01      9.447e-03      5.111e-06   
  [mem] RSS 7.33 GB  peak 7.73 GB
      231            232         7.384e-03      1.976e-08      5.039e-04      3.657e-06      2.424e-06      1.024e+01      9.391e-03      3.657e-07   
      232            233         7.384e-03      1.956e-09      2.467e-06      1.997e-05      2.422e-06      1.024e+01      9.353e-03      1.997e-06   
      233            234         7.384e-03      1.099e-08      1.292e-05      9.957e-06      2.422e-06      1.024e+01      9.414e-03      9.957e-07   
      234            235         7.384e-03      5.101e-08      5.990e-04      1.503e-05      5.081e-06      1.024e+01      9.414e-03      9.957e-07   
      235            236         7.384e-03      1.079e-08      5.117e-04      2.171e-05      7.435e-06      1.024e+01      1.015e-02      2.171e-06   
      236            237         7.384e-03     -5.172e-08      3.374e-04      5.200e-06      2.012e-06      1.024e+01      1.015e-02      2.171e-06   
      237            238         7.384e-03     -1.542e-08      3.115e-04      9.968e-07      4.459e-07      1.024e+01      1.019e-02      9.968e-08   
      238            239         7.384e-03     -3.015e-09      2.876e-04      3.306e-05      6.125e-08      1.024e+01      1.019e-02      9.968e-08   
      239            240         7.384e-03     -8.891e-09      7.039e-05      2.822e-05      5.923e-07      1.024e+01      1.019e-02      9.968e-08   
      240            241         7.384e-03     -8.067e-09      5.387e-05      2.384e-05      1.073e-06      1.024e+01      1.019e-02      9.968e-08   
      241            242         7.384e-03     -1.210e-08      1.595e-05      3.153e-05      1.613e-06      1.024e+01      9.902e-03      3.153e-06   
      242            243         7.384e-03     -1.263e-09      1.026e-04      1.556e-05      1.846e-06      1.024e+01      9.902e-03      3.153e-06   
      243            244         7.384e-03      4.473e-09      7.660e-06      1.636e-05      3.143e-06      1.024e+01      9.636e-03      1.636e-06   
      244            245         7.384e-03      6.188e-09      3.231e-05      1.618e-05      1.545e-06      1.024e+01      9.430e-03      1.618e-06   
      245            246         7.384e-03     -5.930e-10      8.623e-06      1.496e-05      3.133e-06      1.024e+01      9.229e-03      1.496e-06   
  [mem] RSS 7.39 GB  peak 7.73 GB
      246            247         7.384e-03      3.390e-09      7.612e-06      7.115e-06      1.375e-06      1.024e+01      9.033e-03      7.115e-07   
      247            248         7.384e-03     -6.754e-09      6.331e-06      1.809e-05      1.005e-06      1.024e+01      8.843e-03      1.809e-06   
      248            249         7.384e-03      7.000e-09      2.053e-05      2.585e-05      6.268e-07      1.024e+01      8.717e-03      2.585e-06   
      249            250         7.384e-03      1.279e-08      1.135e-05      2.336e-05      6.276e-06      1.024e+01      8.591e-03      2.336e-06   
  [it  250] bn 1.0713e-02  L 1.000  kappa 0.357  convex 0.028  d_cc 1.330  d_pc 1.296  -> FAILS L
      250            251         7.384e-03      2.447e-08      8.625e-05      1.943e-05      4.468e-06      1.024e+01      8.591e-03      2.336e-06   
Warning: Maximum number of iterations has been exceeded.
         Current function value: 7.384e-03
         Constraint violation: 4.468e-06
         Total delta_x: 1.354e+01
         Iterations: 250
         Function evaluations: 251
         Jacobian evaluations: 250
Timer: Solution time = 10.6 min
Timer: Avg time per step = 2.54 sec
==============================================================================================================
                                                                 Start  -->   End
Total (sum of squares):                                      9.500e-02  -->   7.384e-03, 
Maximum absolute Boundary normal field error:                4.231e+00  -->   1.189e+00 (T m^2)
Minimum absolute Boundary normal field error:                3.194e-03  -->   9.917e-05 (T m^2)
Average absolute Boundary normal field error:                9.705e-01  -->   2.754e-01 (T m^2)
Maximum absolute Boundary normal field error:                3.750e-02  -->   1.054e-02 (normalized)
Minimum absolute Boundary normal field error:                2.830e-05  -->   8.789e-07 (normalized)
Average absolute Boundary normal field error:                8.601e-03  -->   2.441e-03 (normalized)
Maximum Coil length:                                         3.600e+01  -->   3.600e+01 (m)
Minimum Coil length:                                         3.420e+01  -->   3.600e+01 (m)
Average Coil length:                                         3.540e+01  -->   3.600e+01 (m)
Maximum Coil length:                                         6.401e+00  -->   6.401e+00 (normalized)
Minimum Coil length:                                         6.080e+00  -->   6.401e+00 (normalized)
Average Coil length:                                         6.294e+00  -->   6.401e+00 (normalized)
Maximum Coil curvature:                                      4.712e-01  -->   5.354e-01 (m^-1)
Minimum Coil curvature:                                      1.395e-06  -->   2.793e-08 (m^-1)
Average Coil curvature:                                      1.511e-01  -->   2.076e-01 (m^-1)
Maximum Coil curvature:                                      2.650e+00  -->   3.011e+00 (normalized)
Minimum Coil curvature:                                      7.844e-06  -->   1.571e-07 (normalized)
Average Coil curvature:                                      8.499e-01  -->   1.168e+00 (normalized)
Maximum Signed in-plane curvature:                           4.712e-01  -->   5.354e-01 (m^-1)
Minimum Signed in-plane curvature:                          -3.199e-04  -->  -1.266e-05 (m^-1)
Average Signed in-plane curvature:                           1.511e-01  -->   2.076e-01 (m^-1)
Maximum Signed in-plane curvature:                           2.650e+00  -->   3.011e+00 (normalized)
Minimum Signed in-plane curvature:                          -1.799e-03  -->  -7.123e-05 (normalized)
Average Signed in-plane curvature:                           8.499e-01  -->   1.168e+00 (normalized)
Maximum Coil-coil distance penalty:                          0.000e+00  -->   0.000e+00 (dimensionless)
Minimum Coil-coil distance penalty:                          0.000e+00  -->   0.000e+00 (dimensionless)
Average Coil-coil distance penalty:                          0.000e+00  -->   0.000e+00 (dimensionless)
Maximum Plasma-coil distance penalty:                        0.000e+00  -->   0.000e+00 (dimensionless)
Minimum Plasma-coil distance penalty:                        0.000e+00  -->   0.000e+00 (dimensionless)
Average Plasma-coil distance penalty:                        0.000e+00  -->   0.000e+00 (dimensionless)
Summed coil current error:                                   0.000e+00  -->   0.000e+00 (A)
==============================================================================================================


SOLVER {'wall_s': 734.7387120723724, 'message': 'Maximum number of iterations has been exceeded.', 'nit': 250, 'n_outer': 23, 'constr_violation': 4.4682621078706575e-06, 'y_absmax_final': 0.008591020504984767}
START  bn 3.8656e-02  L 1.000  kappa 0.314  convex 0.084  d_cc 1.704  d_pc 1.382  -> FAILS L
RESULT bn 1.0713e-02  L 1.000  kappa 0.357  convex 0.028  d_cc 1.330  d_pc 1.296  linked 0  -> FAILS L  active ['L']
wrote work/helios/scan_polar/cut60/legB/result.h5, result.json, result.png
  [mem] RSS 7.43 GB  peak 7.73 GB
