Running as unit: run-p2153601-i2157065.scope; invocation ID: b729231186e54509810e9c3ad691c0bc
E1008 02:43:11.480187 2153716 cuda_executor.cc:1743] Could not get kernel mode driver version: ( INVALID_ARGUMENT: Version does not match the format X.Y.Z )
E1008 02:43:11.491578 2153601 cuda_executor.cc:1743] Could not get kernel mode driver version: ( INVALID_ARGUMENT: Version does not match the format X.Y.Z )
DESC /home/singh/Documents/DESC2/desc
DEVICE requested=gpu obtained=gpu (1x NVIDIA GeForce RTX 5070 Laptop GPU)
  [mem] RSS 0.83 GB  peak 0.83 GB
eq work/ss_qh/matrix/ss/arcB2_k4b/eq_k4.h5 NFP 4 sym True; start work/ss_qh/matrix/base/planarN7/result.h5: 4 unique coils (FourierPlanarCoil), 4 top-level; VACUUM
BOUNDS L 2.926  Ltot -  kappa 13.67  kms 18.69  convex -  planar -  dcc 0.05851  dpc 0.1097
  built coil length in 2.7 s
  built coil curvature in 0.2 s
  built coil mean squared curvature in 0.2 s
  built coil-coil distance rows in 4.1 s
E1008 02:43:28.014322 2153743 xtile_compiler.cc:399] Fusion: input_reduce_fusion = f64[66177]{0} fusion(a.1, b.1), kind=kCustom, calls=fused_reduce.clone, backend_config={"operation_queue_id":"0","wait_on_operation_queues":[],"fusion_backend_config":{"kind":"__triton","block_level_fusion_config":{"num_warps":"8","output_tiles":[{"sizes":["64"]}],"num_ctas":1,"num_stages":1,"is_tma_allowed":true,"is_warp_specialization_allowed":false}},"force_earliest_schedule":false,"reification_cost":[],"device_type":"DEVICE_TYPE_INVALID"}
E1008 02:43:28.014373 2153743 xtile_compiler.cc:401] Computation: fused_reduce.clone {
  param_0.2 = f64[66177,144]{1,0} parameter(0)
  param_1.2 = f64[144]{0} parameter(1)
  broadcast.2 = f64[66177,144]{1,0} broadcast(param_1.2), dimensions={1}
  multiply.2 = f64[66177,144]{1,0} multiply(param_0.2, broadcast.2)
  constant_2 = f64[] constant(0)
  ROOT reduce.2 = f64[66177]{0} reduce(multiply.2, constant_2), dimensions={1}, to_apply=scalar_add_computation
}
E1008 02:43:32.124409 2153735 xtile_compiler.cc:399] Fusion: input_reduce_fusion = f64[66048]{0} fusion(a.1, b.1), kind=kCustom, calls=fused_reduce.clone, backend_config={"operation_queue_id":"0","wait_on_operation_queues":[],"fusion_backend_config":{"kind":"__triton","block_level_fusion_config":{"num_warps":"8","output_tiles":[{"sizes":["64"]}],"num_ctas":1,"num_stages":1,"is_tma_allowed":true,"is_warp_specialization_allowed":false}},"force_earliest_schedule":false,"reification_cost":[],"device_type":"DEVICE_TYPE_INVALID"}
E1008 02:43:32.124461 2153735 xtile_compiler.cc:401] Computation: fused_reduce.clone {
  param_0.2 = f64[66048,144]{1,0} parameter(0)
  param_1.2 = f64[144]{0} parameter(1)
  broadcast.2 = f64[66048,144]{1,0} broadcast(param_1.2), dimensions={1}
  multiply.2 = f64[66048,144]{1,0} multiply(param_0.2, broadcast.2)
  constant_2 = f64[] constant(0)
  ROOT reduce.2 = f64[66048]{0} reduce(multiply.2, constant_2), dimensions={1}, to_apply=scalar_add_computation
}
  [mem] RSS 2.66 GB  peak 3.47 GB
E1008 02:44:05.089832 2153735 xtile_compiler.cc:399] Fusion: input_reduce_fusion = f64[50000]{0} fusion(a.1, b.1), kind=kCustom, calls=fused_reduce.clone, backend_config={"operation_queue_id":"0","wait_on_operation_queues":[],"fusion_backend_config":{"kind":"__triton","block_level_fusion_config":{"num_warps":"8","output_tiles":[{"sizes":["64"]}],"num_ctas":1,"num_stages":1,"is_tma_allowed":true,"is_warp_specialization_allowed":false}},"force_earliest_schedule":false,"reification_cost":[],"device_type":"DEVICE_TYPE_INVALID"}
E1008 02:44:05.089884 2153735 xtile_compiler.cc:401] Computation: fused_reduce.clone {
  param_0.2 = f64[50000,144]{1,0} parameter(0)
  param_1.2 = f64[144]{0} parameter(1)
  broadcast.2 = f64[50000,144]{1,0} broadcast(param_1.2), dimensions={1}
  multiply.2 = f64[50000,144]{1,0} multiply(param_0.2, broadcast.2)
  constant_2 = f64[] constant(0)
  ROOT reduce.2 = f64[50000]{0} reduce(multiply.2, constant_2), dimensions={1}, to_apply=scalar_add_computation
}
  [mem] RSS 3.02 GB  peak 3.83 GB
  [mem] RSS 3.90 GB  peak 4.02 GB
  [mem] RSS 3.37 GB  peak 4.18 GB
  [mem] RSS 3.84 GB  peak 4.28 GB
  [mem] RSS 3.98 GB  peak 4.34 GB
  built plasma-coil distance field in 167.4 s
BUILD 177.2 s; cc gap 2.334 mm on 513 nodes/coil, pc node margin 0.556 mm on 513 nodes/coil; cc active rows at start 4900 of 10000; field {'max_error': 1.5925281096826338e-06, 'concave_radius': np.float64(0.26186289889460224), 'node_margin': 0.0005558236641974026}
INFO {'kind': 'FourierPlanarCoil', 'gauge': 'largest normal component pinned', 'field_grid': 'uniform N=50 (101 nodes)', 'n_nodes': 513, 'speed_ratio': 2.0, 'cc_gap_mode': 'bounds', 'cc_gap': 0.002334459389629091, 'pc_node_margin': 0.0005558236641974026}
  coil length                      rows 4
  coil curvature                   rows 2404
  coil mean squared curvature      rows 4
  coil-coil distance rows          rows 18948240
  plasma-coil distance field       rows 4104
/home/singh/Documents/DESC2/desc/utils.py:590: UserWarning: Unequal number of field periods for grid 1 and basis 4.
  warnings.warn(msg, err)
/home/singh/Documents/DESC2/desc/utils.py:590: UserWarning: Unequal number of field periods for grid 1 and basis 4.
  warnings.warn(msg, err)
START  bn 2.4920e-02  L 1.000  kappa 1.001  kMS 1.000  d_cc 1.039  d_pc 1.020  linked 0  -> FAILS L,kappa,kMS
  [mem] RSS 5.25 GB  peak 5.28 GB
START  true: cc 0.06063 pc 0.11191 max L 2.9255 max |k| 13.659 linked [] gap {'used': 0.002334459389629091, 'needed': 0.0022100528699136993}
maxiter 0: build check only
