DEVICE requested=cpu obtained=cpu (1x cpu)
--field-term bn is blind to the current scale: holding the coil current SUM fixed
  [mem] RSS 0.64 GB  peak 0.64 GB
eq precise_QH (desc.examples) NFP 4 sym True L,M,N 8,8,8 dim_x 1462; start work/ss_qh/xyz/stage2/result.h5: 4 unique coils (FourierXYZCoil), 32 total
SETTINGS {'eq': 'precise_QH', 'start': 'work/ss_qh/xyz/stage2/result.h5', 'out': 'work/ss_qh/xyz/ss', 'bounds': 'bounds/precise_qh_gil.json', 'a': None, 'device': 'cpu', 'length_mult': 1.0, 'fix_coils': False, 'dry': False, 'field_term': 'bn', 'fix_current_sum': True, 'helicity': '1,4', 'qs_rho': '0.2,0.4,0.6,0.8,1.0', 'A_min': 7.5, 'A_max': 8.5, 'vol_band': 0.02, 'V0': None, 'bn_norm': None, 'qs_form': 'scale-invariant', 'iota_min': 1.19, 'kmin': 1, 'kmax': 4, 'maxiter': 100, 'ftol': 1e-06, 'xtol': 1e-06, 'gtol': 1e-08, 'max_tr': None, 'perturb_order': 2, 'solve_tol': 1e-10, 'tau_bn': 0.005, 'tau_qs': None, 'tau_qs_rel': 10.0, 'tau_A': 0.01, 'tau_V': 0.005, 'tau_iota': 0.01, 'tau_L': 0.01, 'tau_kappa': 0.01, 'tau_kms': 0.01, 'tau_dpc': 0.01, 'tau_dcc': 1e-06, 'dcc_backoff': 0.025, 'dpc_backoff': 0.02, 'no_arc_backoffs': False, 'eval_m': 25, 'eval_n': 25, 'plasma_m': 32, 'plasma_n': 32, 'coil_grid_n': 150, 'src_gl': 24, 'src_n': 100, 'bs_chunk': None, 'jac_chunk': None, 'dcc_k': 20000}
BOUNDS (judged, absolute) L 2.926  Ltot -  kappa 13.67  kms 18.69  convex -  planar -  dcc 0.05851  dpc 0.1097
ENFORCED L 2.926  Ltot -  kappa 13.67  kms 18.69  convex -  planar -  dcc 0.05997  dpc 0.1119
/home/singh/Documents/DESC2/coil_sandbox/vendor/desc/utils.py:590: UserWarning: Unequal number of field periods for grid 1 and basis 4.
  warnings.warn(msg, err)
/home/singh/Documents/DESC2/coil_sandbox/vendor/desc/utils.py:590: UserWarning: Unequal number of field periods for grid 1 and basis 4.
  warnings.warn(msg, err)
START physics  A 8.000  R0 0.9947  a 0.1243  iota [1.2523, 1.2562]  QS(Boozer, |B_nonsym|/<B>) rho 0.25 4.81e-04  rho 0.5 2.25e-04  rho 0.75 3.86e-04  rho 1 1.44e-03
START coils    bn 9.3469e-04 (max 4.748e-03)  L 1.000  kappa 1.002  kMS 1.000  d_cc 1.023  d_pc 1.188  linked 0  -> FAILS L,kappa,kMS
QS two-term rms at the start 0.001695 -> tau_qs 0.01695
B.n normalization frozen at the start: 0.42526; volume band around V0 = 0.30352
quadrature scales s (expected; compare the s(qw) column): bn 6.283  qs 41.41  iota 1  kappa 0.3622  dcc 9.06e+04
/home/singh/Documents/DESC2/coil_sandbox/vendor/desc/utils.py:590: FutureWarning: constants is deprecated and will be removed in a future release. Users should not include constants in the arguments of their objective compute methods. Instead declare all the constants in the build method and use as self._constants.
  warnings.warn(msg, err)
/home/singh/Documents/DESC2/coil_sandbox/vendor/desc/utils.py:590: FutureWarning: constants is deprecated and will be removed in a future release. Users should not include constants in the arguments of their objective compute methods. Instead declare all the constants in the build method and use as self._constants.
  warnings.warn(msg, err)
/home/singh/Documents/DESC2/coil_sandbox/vendor/desc/utils.py:590: FutureWarning: constants is deprecated and will be removed in a future release. Users should not include constants in the arguments of their objective compute methods. Instead declare all the constants in the build method and use as self._constants.
  warnings.warn(msg, err)
/home/singh/Documents/DESC2/coil_sandbox/vendor/desc/utils.py:590: FutureWarning: constants is deprecated and will be removed in a future release. Users should not include constants in the arguments of their objective compute methods. Instead declare all the constants in the build method and use as self._constants.
  warnings.warn(msg, err)
/home/singh/Documents/DESC2/coil_sandbox/vendor/desc/utils.py:590: FutureWarning: constants is deprecated and will be removed in a future release. Users should not include constants in the arguments of their objective compute methods. Instead declare all the constants in the build method and use as self._constants.
  warnings.warn(msg, err)
/home/singh/Documents/DESC2/coil_sandbox/vendor/desc/utils.py:590: FutureWarning: constants is deprecated and will be removed in a future release. Users should not include constants in the arguments of their objective compute methods. Instead declare all the constants in the build method and use as self._constants.
  warnings.warn(msg, err)

TERMS AT THE START
term                             dim_f    weight     norm    s(qw)  target/bounds           raw min    raw max       cost  err/tol  share
Vacuum B.n error                  1326      31.8   0.4253    6.283  = 0                   -0.001428   0.001364    0.02229    0.211  81.7%
QS two-term (scale-invariant)     5445      1.42        -    41.41  = 0                    -0.01309    0.01309      0.005      0.1  18.3%
aspect ratio                         1      12.5        -        1  [7.5, 8.5]                    8          8          0        0   0.0%
rotational transform                20        84        -        1  [1.19, inf]               1.252      1.256          0        0   0.0%
volume                               1       659        -        1  [0.2975, 0.3096]         0.3035     0.3035          0        0   0.0%
coil length                          4      34.2        -        2  [0, 2.926]                2.926      2.926  3.494e-10 2.64e-05   0.0%
coil curvature                    1204      20.2        -   0.7243  [0, 13.67]               0.1466      13.68   2.43e-06   0.0022   0.0%
coil mean squared curvature          4      5.35        -        2  [0, 18.69]                17.42      18.69  5.402e-08 0.000329   0.0%
coil-coil distance penalty          72        11        -    8.485  [-inf, 0]                     0  2.165e-05  4.733e-08 0.000308   0.0%
plasma-coil minimum distance         8       894        -    2.828  [0.1119, inf]            0.1304     0.1703          0        0   0.0%
total cost 0.5 sum f^2                                                                                                     0.02729

===== step k=1: 8 boundary modes free, maxiter 100 =====
Building objective: Vacuum B.n error
Precomputing transforms
Timer: Precomputing transforms = 20.3 ms
Building objective: QS two-term (scale-invariant)
Precomputing transforms
Timer: Precomputing transforms = 45.9 ms
Building objective: aspect ratio
Precomputing transforms
Timer: Precomputing transforms = 20.6 ms
Building objective: rotational transform
Precomputing transforms
Timer: Precomputing transforms = 21.9 ms
Building objective: volume
Precomputing transforms
Timer: Precomputing transforms = 20.8 ms
Building objective: coil length
Precomputing transforms
Timer: Precomputing transforms = 2.73 ms
Building objective: coil curvature
Precomputing transforms
Timer: Precomputing transforms = 3.32 ms
Building objective: coil mean squared curvature
Precomputing transforms
Timer: Precomputing transforms = 3.29 ms
Building objective: coil-coil distance penalty
Building objective: plasma-coil minimum distance
ObjectiveFunction deriv_mode : blocked
Vacuum B.n error jac_chunk_size: None
QS two-term (scale-invariant) jac_chunk_size: None
aspect ratio jac_chunk_size: None
rotational transform jac_chunk_size: None
volume jac_chunk_size: None
coil length jac_chunk_size: None
coil curvature jac_chunk_size: None
coil mean squared curvature jac_chunk_size: None
coil-coil distance penalty jac_chunk_size: None
plasma-coil minimum distance jac_chunk_size: None
Timer: Objective build = 264 ms
Building objective: force
Precomputing transforms
Timer: Precomputing transforms = 851 ms
ObjectiveFunction deriv_mode : batched
ObjectiveFunction jac_chunk_size: 7417
Timer: Objective build = 900 ms
ObjectiveFunction deriv_mode : blocked
lcfs R jac_chunk_size: None
lcfs Z jac_chunk_size: None
fixed Psi jac_chunk_size: None
fixed pressure jac_chunk_size: None
fixed current jac_chunk_size: None
fixed sheet current jac_chunk_size: None
self_consistency R jac_chunk_size: None
self_consistency Z jac_chunk_size: None
lambda gauge jac_chunk_size: None
axis R self consistency jac_chunk_size: None
axis Z self consistency jac_chunk_size: None
Timer: Objective build = 1.28 ms
Timer: Eq Update LinearConstraintProjection build = 2.78 sec
Timer: Proximal projection build = 1.41 min
Building objective: lcfs R
Building objective: fixed Psi
Building objective: fixed pressure
Building objective: fixed current
Building objective: fixed sheet current
Building objective: lcfs Z
Building objective: summed coil current
Building objective: fixed shift
Building objective: fixed rotation
ObjectiveFunction deriv_mode : blocked
lcfs R jac_chunk_size: None
fixed Psi jac_chunk_size: None
fixed pressure jac_chunk_size: None
fixed current jac_chunk_size: None
fixed sheet current jac_chunk_size: None
lcfs Z jac_chunk_size: None
summed coil current jac_chunk_size: None
fixed shift jac_chunk_size: None
fixed rotation jac_chunk_size: None
Timer: Objective build = 1.12 sec
Timer: LinearConstraintProjection build = 2.00 sec
Number of parameters: 167
Number of objectives: 8085
Timer: Initializing the optimization = 1.47 min

Starting optimization
Using method: proximal-lsq-exact
  [mem] RSS 3.90 GB  peak 4.57 GB
Solver options:
------------------------------------------------------------
Maximum Function Evaluations       : 501
Maximum Allowed Total Δx Norm      : inf
Scaled Termination                 : True
Trust Region Method                : qr
Initial Trust Radius               : 4.591e+01
Maximum Trust Radius               : inf
Minimum Trust Radius               : 2.220e-16
Trust Radius Increase Ratio        : 2.000e+00
Trust Radius Decrease Ratio        : 2.500e-01
Trust Radius Increase Threshold    : 7.500e-01
Trust Radius Decrease Threshold    : 2.500e-01
------------------------------------------------------------ 

   Iteration     Total nfev        Cost      Cost reduction    Step norm     Optimality   
       0              1          2.739e-02                                    3.307e-02   
