Running as unit: run-p1907129-i1910140.scope; invocation ID: f7c90e50df70447dbd133cda2661e579
E1002 17:05:49.283999 1907231 cuda_executor.cc:1743] Could not get kernel mode driver version: ( INVALID_ARGUMENT: Version does not match the format X.Y.Z )
E1002 17:05:49.297472 1907129 cuda_executor.cc:1743] Could not get kernel mode driver version: ( INVALID_ARGUMENT: Version does not match the format X.Y.Z )
DEVICE requested=gpu obtained=gpu (1x NVIDIA GeForce RTX 5070 Laptop GPU)
  [mem] RSS 0.83 GB  peak 0.83 GB
/home/singh/Documents/DESC2/coil_sandbox/vendor/desc/utils.py:590: UserWarning: Unequal number of field periods for grid 1 and basis 4.
  warnings.warn(msg, err)
/home/singh/Documents/DESC2/coil_sandbox/vendor/desc/utils.py:590: UserWarning: Unequal number of field periods for grid 1 and basis 4.
  warnings.warn(msg, err)
eq work/ss_qh/arcB2/ss_k4/eq_k4.h5 (h5) NFP 4 sym True; start ../sweep_qh/initial starts/start_planarN7.h5: 4 unique coils, arc=False, expect 32 coils; source grid uniform (201 nodes/coil), length grid uniform (201), constraint grid 301, curvature grid 1201; mode stage2; VACUUM (plasma field ignored)
SETTINGS {'eq': 'work/ss_qh/arcB2/ss_k4/eq_k4.h5', 'start': '../sweep_qh/initial starts/start_planarN7.h5', 'out': 'work/ss_qh/fixed_ss_eq/easy_R3', 'mode': 'stage2', 'length_mult': 1.0, 'margin': 0.0, 'fix_hinges': False, 'anchor_weight': 0.001, 'margin_skip': '', 'a': None, 'bounds': 'bounds/precise_qh_gil_nokappa.json', 'device': None, 'vacuum': True, 'maxiter': 300, 'check_every': 50, 'ckpt_every': 50, 'diag_log': 'diag.jsonl', 'dcc_backoff': 0.025, 'dpc_backoff': 0.02, 'kappa_lb': 'none', 'no_arc_backoffs': False, 'convex_form': 'signed', 'convex_kmin': 0.0, 'convex_backoff': 0.5, 'demount_margin': None, 'demount_backoff': 0.02, 'demount_arcs': False, 'demount_delta': 0.5, 'demount_eps': 0.25, 'level_hinges': False, 'fix_hinge_z': None, 'corner_max': None, 'planarity': 'auto', 'planarity_tol': 0.0, 'speed_floor': 0.0, 'arclength_weight': 0.0, 'torsion_weight': 0.0, 'coil_grid_n': 150, 'kappa_grid_n': 600, 'eval_m': 25, 'eval_n': 25, 'plasma_m': 64, 'plasma_n': 64, 'src_gl': 24, 'src_n': 100, 'vc_m': None, 'vc_n': None, 'vc_chunk': 64, 'dcc_k': 20000, 'dpc_k': 20000, 'no_signed': False, 'dcc_neighbors': None, 'dcc_chunk': 4, 'dpc_chunk': 1, 'qf_chunk': 25, 'coil_jac_chunk': None, 'no_second_order': False, 'so_chunk': 16, 'so_rtol': 0.05, 'max_tr': inf, 'max_inner_iter': 100, 'ctol': 0.0001}
BOUNDS (judged, absolute, a=0.12266) L 2.926  Ltot -  kappa -  kms 18.69  convex -  planar -  dcc 0.05851  dpc 0.1097
ENFORCED L 2.926  Ltot -  kappa -  kms 18.69  convex -  planar -  dcc 0.05997  dpc 0.1119
START  bn 8.7296e-02  L 0.663  kMS 0.743  d_cc 1.988  d_pc 1.381  linked 0  coils 32  -> FEASIBLE
Building objective: Quadratic flux
Precomputing transforms
Timer: Precomputing transforms = 1.71 sec
ObjectiveFunction deriv_mode : blocked
Quadratic flux jac_chunk_size: 25
Timer: Objective build = 2.15 sec
Building objective: summed coil current
Building objective: fixed shift
Building objective: fixed rotation
ObjectiveFunction deriv_mode : blocked
summed coil current jac_chunk_size: None
fixed shift jac_chunk_size: None
fixed rotation jac_chunk_size: None
Timer: Objective build = 365 ms
ObjectiveFunction deriv_mode : blocked
coil length jac_chunk_size: None
coil mean squared curvature jac_chunk_size: None
coil-coil distance penalty jac_chunk_size: 4
plasma-coil distance penalty jac_chunk_size: 1
Timer: Objective build = 2.80 ms
  [mem] RSS 2.93 GB  peak 2.93 GB
Timer: LinearConstraintProjection build = 2.24 sec
Timer: LinearConstraintProjection build = 110 ms
Number of parameters: 87
Number of objectives: 1326
Number of equality constraints: 0
Number of inequality constraints: 88
Timer: Initializing the optimization = 5.46 sec

Starting optimization
Using method: lsq-auglag
E1002 17:06:23.958654 1907256 cuda_timer.cc:87] Delay kernel timed out: measured time has sub-optimal accuracy. There may be a missing warmup execution, please investigate in Nsight Systems.
  [mem] RSS 3.51 GB  peak 3.51 GB
Solver options:
------------------------------------------------------------
Maximum Function Evaluations       : 1501
Maximum Allowed Total Δx Norm      : inf
Scaled Termination                 : True
Trust Region Method                : svd
Initial Trust Radius               : 2.960e-01
Maximum Trust Radius               : inf
Minimum Trust Radius               : 2.220e-16
Trust Radius Increase Ratio        : 4.000e+00
Trust Radius Decrease Ratio        : 2.500e-01
Trust Radius Increase Threshold    : 7.500e-01
Trust Radius Decrease Threshold    : 5.000e-01
Alpha Omega                        : 1.000e+00
Beta Omega                         : 1.000e+00
Alpha Eta                          : 1.000e-01
Beta Eta                           : 9.000e-01
Omega                              : 1.000e-02
Eta                                : 1.000e-02
Tau                                : 1.000e+01
------------------------------------------------------------ 

   Iteration     Total nfev        Cost      Cost reduction    Step norm     Optimality    Constr viol.   Penalty param  max(|mltplr|)      gtolk     
       0              1          1.252e+02                                    5.653e+00      0.000e+00      1.000e+01      0.000e+00      1.000e-03   
second_order: compiling constraint Hessian for blocks CoilLength, CoilMeanSquaredCurvature
       1              2          1.186e+02      6.644e+00      1.061e-02      5.324e+00      0.000e+00      1.000e+01      0.000e+00      1.000e-03   
       2              3          9.587e+01      2.269e+01      6.801e-02      4.022e+00      0.000e+00      1.000e+01      0.000e+00      1.000e-03   
       3              5          7.797e+01      1.790e+01      1.153e-01      2.895e+00      0.000e+00      1.000e+01      0.000e+00      1.000e-03   
  [mem] RSS 3.96 GB  peak 3.96 GB
second_order: compiling constraint Hessian for blocks CoilLength, CoilMeanSquaredCurvature, PlasmaCoilSetDistancePenalty
       4              7          6.437e+01      1.360e+01      1.619e-01      2.609e+00      5.420e-01      1.000e+01      0.000e+00      1.000e-03   
       5             10          6.217e+01      2.198e+00      4.539e-02      2.135e+00      3.865e-01      1.000e+01      0.000e+00      1.000e-03   
  [mem] RSS 4.31 GB  peak 4.31 GB
       6             11          5.528e+01      6.894e+00      2.104e-01      1.947e+00      2.925e-01      1.000e+01      0.000e+00      1.000e-03   
       7             13          5.123e+01      4.046e+00      2.284e-01      1.754e+00      3.655e-01      1.000e+01      0.000e+00      1.000e-03   
       8             14          4.445e+01      6.782e+00      4.621e-01      8.393e-01      2.048e-01      1.000e+01      0.000e+00      1.000e-03   
       9             15          3.349e+01      1.096e+01      8.984e-01      7.542e-01      2.293e-01      1.000e+01      0.000e+00      1.000e-03   
      10             17          2.642e+01      7.069e+00      9.480e-01      4.309e-01      1.407e-01      1.000e+01      0.000e+00      1.000e-03   
second_order: compiling constraint Hessian for blocks CoilSetDistancePenalty, PlasmaCoilSetDistancePenalty
E1002 17:08:14.205144 1907247 cuda_timer.cc:87] Delay kernel timed out: measured time has sub-optimal accuracy. There may be a missing warmup execution, please investigate in Nsight Systems.
  [mem] RSS 4.46 GB  peak 4.46 GB
      11             19          2.121e+01      5.208e+00      9.155e-01      2.259e+00      7.176e-01      1.000e+01      0.000e+00      1.000e-03   
second_order: compiling constraint Hessian for blocks CoilMeanSquaredCurvature, CoilSetDistancePenalty, PlasmaCoilSetDistancePenalty
  [mem] RSS 4.79 GB  peak 4.79 GB
      12             21          2.025e+01      9.608e-01      2.071e-01      6.980e-01      3.277e-01      1.000e+01      0.000e+00      1.000e-03   
      13             23          1.917e+01      1.077e+00      2.183e-01      2.281e-01      1.623e-01      1.000e+01      0.000e+00      1.000e-03   
second_order: compiling constraint Hessian for blocks CoilLength, CoilMeanSquaredCurvature, CoilSetDistancePenalty, PlasmaCoilSetDistancePenalty
  [mem] RSS 5.08 GB  peak 5.08 GB
      14             24          1.563e+01      3.545e+00      8.631e-01      1.230e-01      8.410e-02      1.000e+01      0.000e+00      1.000e-03   
      15             25          1.410e+01      1.531e+00      1.190e+00      1.173e+00      3.400e-01      1.000e+01      0.000e+00      1.000e-03   
      16             26          1.303e+01      1.063e+00      2.063e-01      3.905e-01      1.338e-01      1.000e+01      0.000e+00      1.000e-03   
      17             27          1.115e+01      1.888e+00      5.723e-01      1.173e-01      1.097e-01      1.000e+01      0.000e+00      1.000e-03   
      18             28          9.181e+00      1.966e+00      9.907e-01      4.127e-01      1.077e-01      1.000e+01      0.000e+00      1.000e-03   
  [mem] RSS 5.09 GB  peak 5.09 GB
      19             31          9.072e+00      1.088e-01      3.395e-02      3.562e-01      1.547e-01      1.000e+01      0.000e+00      1.000e-03   
      20             32          9.046e+00      2.563e-02      5.763e-02      1.054e-01      9.425e-02      1.000e+01      0.000e+00      1.000e-03   
      21             33          8.836e+00      2.098e-01      1.112e-01      1.174e-01      9.157e-02      1.000e+01      0.000e+00      1.000e-03   
      22             34          8.501e+00      3.354e-01      2.095e-01      4.368e-01      1.376e-01      1.000e+01      0.000e+00      1.000e-03   
      23             35          8.364e+00      1.368e-01      5.256e-02      1.653e-01      1.043e-01      1.000e+01      0.000e+00      1.000e-03   
      24             36          8.175e+00      1.890e-01      1.440e-01      1.034e-01      1.165e-01      1.000e+01      0.000e+00      1.000e-03   
      25             38          8.046e+00      1.290e-01      3.510e-02      5.152e-02      1.246e-01      1.000e+01      0.000e+00      1.000e-03   
      26             39          7.732e+00      3.147e-01      1.813e-01      1.494e-01      1.581e-01      1.000e+01      0.000e+00      1.000e-03   
      27             41          7.594e+00      1.376e-01      3.903e-02      4.614e-02      1.577e-01      1.000e+01      0.000e+00      1.000e-03   
      28             42          7.373e+00      2.213e-01      2.455e-01      2.748e-01      1.648e-01      1.000e+01      0.000e+00      1.000e-03   
  [mem] RSS 5.10 GB  peak 5.10 GB
      29             43          7.253e+00      1.199e-01      2.641e-02      1.739e-01      1.616e-01      1.000e+01      0.000e+00      1.000e-03   
      30             44          7.048e+00      2.047e-01      8.282e-02      1.237e-01      1.561e-01      1.000e+01      0.000e+00      1.000e-03   
      31             45          6.983e+00      6.464e-02      8.505e-02      1.114e-01      1.564e-01      1.000e+01      0.000e+00      1.000e-03   
      32             47          6.793e+00      1.906e-01      8.850e-02      1.262e-01      1.552e-01      1.000e+01      0.000e+00      1.000e-03   
      33             51          6.780e+00      1.316e-02      1.981e-02      2.541e-01      1.551e-01      1.000e+01      0.000e+00      1.000e-03   
      34             52          6.787e+00     -7.168e-03      2.803e-03      8.422e-02      1.550e-01      1.000e+01      0.000e+00      1.000e-03   
      35             53          6.783e+00      3.333e-03      1.275e-02      1.913e-02      1.548e-01      1.000e+01      0.000e+00      1.000e-03   
      36             54          6.741e+00      4.223e-02      3.078e-02      9.043e-03      1.540e-01      1.000e+01      0.000e+00      1.000e-03   
      37             56          6.705e+00      3.574e-02      2.784e-02      7.543e-03      1.534e-01      1.000e+01      0.000e+00      1.000e-03   
      38             58          6.673e+00      3.216e-02      2.615e-02      6.990e-03      1.530e-01      1.000e+01      0.000e+00      1.000e-03   
  [mem] RSS 5.14 GB  peak 5.14 GB
      39             60          6.646e+00      2.781e-02      2.551e-02      2.748e-02      1.526e-01      1.000e+01      0.000e+00      1.000e-03   
      40             61          6.547e+00      9.824e-02      4.863e-02      1.557e-02      1.513e-01      1.000e+01      0.000e+00      1.000e-03   
      41             62          6.386e+00      1.611e-01      5.007e-02      1.105e-01      1.521e-01      1.000e+01      0.000e+00      1.000e-03   
      42             64          6.368e+00      1.818e-02      1.933e-02      5.208e-02      1.499e-01      1.000e+01      0.000e+00      1.000e-03   
      43             65          6.365e+00      2.749e-03      4.504e-02      3.455e-02      1.516e-01      1.000e+01      0.000e+00      1.000e-03   
      44             66          6.318e+00      4.766e-02      9.704e-02      3.507e-02      1.532e-01      1.000e+01      0.000e+00      1.000e-03   
      45             67          6.319e+00     -1.089e-03      1.764e-03      1.339e-01      1.530e-01      1.000e+01      0.000e+00      1.000e-03   
      46             71          6.324e+00     -5.835e-03      3.567e-02      6.355e-03      1.525e-01      1.000e+01      0.000e+00      1.000e-03   
      47             72          6.316e+00      8.292e-03      2.902e-02      3.822e-03      1.523e-01      1.000e+01      0.000e+00      1.000e-03   
      48             73          6.311e+00      4.758e-03      4.554e-03      3.897e-03      1.525e-01      1.000e+01      0.000e+00      1.000e-03   
  [mem] RSS 5.17 GB  peak 5.17 GB
      49             74          6.310e+00      1.723e-03      1.815e-03      3.858e-03      1.525e-01      1.000e+01      0.000e+00      1.000e-03   
  [it   50] bn 1.7696e-02  L 1.016  kMS 1.023  d_cc 0.967  d_pc 0.992  -> FAILS L,kMS,d_cc,d_pc
      50             75          6.309e+00      5.612e-04      6.016e-04      3.840e-03      1.525e-01      1.000e+01      0.000e+00      1.000e-03   
      51             76          6.304e+00      4.632e-03      4.912e-03      3.914e-03      1.527e-01      1.000e+01      0.000e+00      1.000e-03   
      52             77          6.290e+00      1.499e-02      1.594e-02      5.720e-03      1.533e-01      1.000e+01      0.000e+00      1.000e-03   
      53             78          6.254e+00      3.587e-02      9.449e-02      1.933e-02      1.554e-01      1.000e+01      0.000e+00      1.000e-03   
      54             79          6.255e+00     -1.120e-03      7.287e-02      2.488e-02      1.536e-01      1.000e+01      0.000e+00      1.000e-03   
      55             80          6.256e+00     -1.486e-03      1.044e-02      8.619e-03      1.533e-01      1.000e+01      0.000e+00      1.000e-03   
      56             81          6.251e+00      5.350e-03      9.730e-03      1.053e-02      1.541e-01      1.000e+01      0.000e+00      1.000e-03   
      57             82          6.250e+00      4.007e-04      1.405e-03      1.029e-02      1.541e-01      1.000e+01      0.000e+00      1.000e-03   
      58             83          6.247e+00      3.176e-03      1.108e-02      8.713e-03      1.544e-01      1.000e+01      0.000e+00      1.000e-03   
  [mem] RSS 5.19 GB  peak 5.19 GB
      59             84          6.247e+00      4.439e-04      1.825e-03      8.475e-03      1.544e-01      1.000e+01      0.000e+00      1.000e-03   
      60             85          6.241e+00      6.039e-03      2.390e-02      6.374e-03      1.548e-01      1.000e+01      0.000e+00      1.000e-03   
      61             86          6.236e+00      5.261e-03      1.043e-01      7.413e-03      1.553e-01      1.000e+01      0.000e+00      1.000e-03   
      62             87          6.235e+00      1.665e-04      5.645e-03      7.328e-03      1.553e-01      1.000e+01      0.000e+00      1.000e-03   
      63             88          6.235e+00      3.256e-04      1.144e-02      7.208e-03      1.553e-01      1.000e+01      0.000e+00      1.000e-03   
      64             89          6.234e+00      7.788e-04      7.363e-04      2.811e-02      1.553e-01      1.000e+01      0.000e+00      1.000e-03   
      65             90          6.233e+00      1.500e-03      6.556e-02      2.221e-02      1.554e-01      1.000e+01      0.000e+00      1.000e-03   
      66             91          6.232e+00      1.078e-03      1.045e-01      1.488e-02      1.555e-01      1.000e+01      0.000e+00      1.000e-03   
      67             92          6.231e+00      6.065e-04      2.116e-02      1.409e-02      1.555e-01      1.000e+01      0.000e+00      1.000e-03   
      68             93          6.230e+00      7.077e-04      3.015e-02      1.294e-02      1.556e-01      1.000e+01      0.000e+00      1.000e-03   
      69             94          6.230e+00      4.376e-04      2.056e-02      1.227e-02      1.556e-01      1.000e+01      0.000e+00      1.000e-03   
      70             95          6.229e+00      5.622e-04      2.931e-02      1.130e-02      1.556e-01      1.000e+01      0.000e+00      1.000e-03   
  [mem] RSS 5.22 GB  peak 5.22 GB
      71             96          6.229e+00      9.475e-05      5.807e-03      1.117e-02      1.556e-01      1.000e+01      0.000e+00      1.000e-03   
      72             97          6.229e+00      4.683e-04      3.210e-02      1.029e-02      1.556e-01      1.000e+01      0.000e+00      1.000e-03   
      73             98          6.228e+00      5.033e-04      2.630e-02      9.559e-03      1.556e-01      1.000e+01      0.000e+00      1.000e-03   
      74             99          6.228e+00      1.707e-04      1.106e-02      9.329e-03      1.557e-01      1.000e+01      0.000e+00      1.000e-03   
      75             100         6.228e+00      6.572e-04      2.160e-03      4.971e-03      1.557e-01      1.000e+01      0.000e+00      1.000e-03   
      76             101         6.227e+00      7.095e-04      4.490e-02      4.670e-03      1.557e-01      1.000e+01      0.000e+00      1.000e-03   
      77             102         6.226e+00      4.680e-04      3.819e-02      4.515e-03      1.557e-01      1.000e+01      0.000e+00      1.000e-03   
      78             103         6.226e+00      5.959e-05      3.446e-03      4.486e-03      1.557e-01      1.000e+01      0.000e+00      1.000e-03   
      79             104         6.227e+00     -3.872e-04      6.002e-04      2.159e-02      1.557e-01      1.000e+01      0.000e+00      1.000e-03   
      80             105         6.226e+00      3.225e-04      1.818e-02      2.069e-02      1.557e-01      1.000e+01      0.000e+00      1.000e-03   
      81             106         6.226e+00      6.774e-04      6.378e-02      1.740e-02      1.558e-01      1.000e+01      0.000e+00      1.000e-03   
  [mem] RSS 5.24 GB  peak 5.24 GB
      82             107         6.225e+00      2.529e-04      1.210e-02      1.693e-02      1.558e-01      1.000e+01      0.000e+00      1.000e-03   
      83             108         6.225e+00      1.142e-04      5.800e-03      1.672e-02      1.558e-01      1.000e+01      0.000e+00      1.000e-03   
      84             109         6.225e+00      7.567e-04      4.757e-02      1.452e-02      1.558e-01      1.000e+01      0.000e+00      1.000e-03   
      85             110         6.224e+00      6.132e-05      4.486e-03      1.439e-02      1.558e-01      1.000e+01      0.000e+00      1.000e-03   
      86             111         6.224e+00      5.087e-04      4.684e-02      1.275e-02      1.559e-01      1.000e+01      0.000e+00      1.000e-03   
      87             112         6.224e+00      4.159e-04      2.481e-02      1.197e-02      1.559e-01      1.000e+01      0.000e+00      1.000e-03   
      88             113         6.223e+00      2.315e-04      1.978e-02      1.145e-02      1.559e-01      1.000e+01      0.000e+00      1.000e-03   
      89             114         6.222e+00      9.830e-04      8.028e-02      8.350e-03      1.559e-01      1.000e+01      0.000e+00      1.000e-03   
      90             115         6.222e+00      1.596e-04      1.086e-02      8.005e-03      1.559e-01      1.000e+01      0.000e+00      1.000e-03   
      91             116         6.221e+00      7.458e-04      1.004e-01      6.689e-03      1.560e-01      1.000e+01      0.000e+00      1.000e-03   
      92             117         6.221e+00      5.134e-04      2.950e-02      7.754e-03      1.560e-01      1.000e+01      0.000e+00      1.000e-03   
      93             118         6.220e+00      9.592e-04      1.005e-01      1.469e-02      1.560e-01      1.000e+01      0.000e+00      1.000e-03   
  [mem] RSS 5.26 GB  peak 5.26 GB
      94             119         6.218e+00      1.885e-03      4.682e-04      7.937e-03      1.560e-01      1.000e+01      0.000e+00      1.000e-03   
      95             120         6.218e+00      1.298e-04      1.280e-02      7.712e-03      1.560e-01      1.000e+01      0.000e+00      1.000e-03   
      96             121         6.218e+00      1.883e-04      2.210e-02      7.308e-03      1.560e-01      1.000e+01      0.000e+00      1.000e-03   
      97             122         6.218e+00      1.827e-04      2.595e-02      6.857e-03      1.560e-01      1.000e+01      0.000e+00      1.000e-03   
      98             123         6.218e+00      6.326e-05      8.661e-03      6.731e-03      1.560e-01      1.000e+01      0.000e+00      1.000e-03   
      99             124         6.218e+00     -5.800e-04      1.039e-03      3.034e-03      1.560e-01      1.000e+01      0.000e+00      1.000e-03   
  [it  100] bn 1.7574e-02  L 1.016  kMS 1.022  d_cc 0.971  d_pc 0.992  -> FAILS L,kMS,d_cc,d_pc
      100            125         6.218e+00      1.256e-04      1.034e-02      6.544e-01      1.560e-01      2.534e+01      3.422e-02      6.544e-02   
      101            126         6.275e+00     -5.675e-02      8.607e-03      4.400e-01      1.505e-01      2.534e+01      3.422e-02      6.544e-02   
      102            127         6.339e+00     -6.419e-02      3.630e-02      3.391e-01      1.392e-01      2.534e+01      3.422e-02      6.544e-02   
      103            128         6.571e+00     -2.324e-01      1.103e-01      1.253e-01      8.764e-02      2.534e+01      3.422e-02      6.544e-02   
  [mem] RSS 5.29 GB  peak 5.29 GB
      104            129         6.654e+00     -8.276e-02      5.736e-03      2.683e-01      7.705e-02      2.534e+01      3.422e-02      6.544e-02   
      105            130         6.648e+00      6.148e-03      6.865e-02      1.505e-01      7.207e-02      2.534e+01      3.422e-02      6.544e-02   
      106            131         6.680e+00     -3.238e-02      4.233e-02      3.322e-01      6.570e-02      2.534e+01      3.422e-02      6.544e-02   
second_order: compiling constraint Hessian for blocks CoilLength, CoilSetDistancePenalty, PlasmaCoilSetDistancePenalty
  [mem] RSS 5.77 GB  peak 5.77 GB
      107            133         6.740e+00     -6.003e-02      6.566e-02      5.154e-01      2.352e-02      1.072e+02      6.434e-01      5.154e-02   
      108            134         6.763e+00     -2.304e-02      1.024e-02      4.078e-01      1.879e-02      1.072e+02      6.434e-01      5.154e-02   
      109            135         6.780e+00     -1.618e-02      1.027e-02      3.186e-01      1.507e-02      1.072e+02      6.434e-01      5.154e-02   
      110            136         6.809e+00     -2.920e-02      1.209e-03      2.227e-01      1.320e-02      1.072e+02      6.434e-01      5.154e-02   
      111            137         6.857e+00     -4.865e-02      2.953e-03      1.708e-01      7.249e-03      1.072e+02      6.434e-01      5.154e-02   
      112            139         6.858e+00     -2.880e-04      1.264e-02      6.360e-02      5.606e-03      1.072e+02      6.434e-01      5.154e-02   
      113            140         6.855e+00      3.146e-03      2.916e-02      1.107e-01      4.789e-03      1.072e+02      3.386e+00      1.107e-02   
      114            141         6.882e+00     -2.733e-02      2.043e-02      5.422e-02      3.887e-03      1.072e+02      3.386e+00      1.107e-02   
      115            142         6.886e+00     -4.149e-03      3.564e-03      2.725e-02      3.412e-03      1.072e+02      3.386e+00      1.107e-02   
      116            143         6.885e+00      1.030e-03      8.766e-03      2.274e-02      3.249e-03      1.072e+02      3.386e+00      1.107e-02   
  [mem] RSS 5.77 GB  peak 5.77 GB
      117            144         6.882e+00      3.285e-03      4.077e-02      1.705e-01      2.556e-03      6.697e+02      3.386e+00      1.705e-02   
      118            145         6.895e+00     -1.345e-02      5.386e-04      7.151e-02      2.377e-03      6.697e+02      3.386e+00      1.705e-02   
      119            146         6.900e+00     -5.260e-03      3.117e-02      4.212e-02      5.179e-03      6.697e+02      3.386e+00      1.705e-02   
      120            147         6.901e+00     -1.870e-04      1.387e-02      2.425e-02      2.486e-03      6.697e+02      3.386e+00      1.705e-02   
      121            148         6.901e+00     -5.038e-06      9.607e-03      2.031e-02      2.600e-03      6.697e+02      3.386e+00      1.705e-02   
      122            149         6.907e+00     -5.972e-03      6.080e-04      4.815e-02      2.219e-03      6.697e+02      8.808e+00      4.815e-03   
      123            150         6.913e+00     -6.684e-03      1.411e-03      2.609e-02      3.893e-03      6.697e+02      8.808e+00      4.815e-03   
      124            151         6.913e+00      6.880e-04      5.079e-03      2.260e-02      3.708e-03      6.697e+02      8.808e+00      4.815e-03   
      125            152         6.913e+00     -4.238e-04      2.674e-03      1.254e-02      2.487e-03      6.697e+02      8.808e+00      4.815e-03   
      126            153         6.911e+00      1.642e-03      5.258e-03      1.892e-02      2.430e-03      6.697e+02      8.808e+00      4.815e-03   
      127            154         6.912e+00     -5.511e-04      3.916e-03      1.241e-02      2.206e-03      6.697e+02      8.808e+00      4.815e-03   
  [mem] RSS 5.77 GB  peak 5.77 GB
      128            155         6.912e+00     -9.533e-05      1.201e-03      1.061e-02      2.222e-03      6.697e+02      8.808e+00      4.815e-03   
      129            156         6.912e+00     -1.098e-04      1.421e-03      8.535e-03      2.269e-03      6.697e+02      8.808e+00      4.815e-03   
      130            157         6.912e+00     -5.512e-05      8.791e-04      7.236e-03      2.323e-03      6.697e+02      8.808e+00      4.815e-03   
      131            158         6.912e+00     -1.512e-04      3.027e-03      1.356e-02      2.604e-03      6.697e+02      1.228e+01      1.356e-03   
      132            159         6.914e+00     -1.877e-03      1.811e-03      7.786e-03      1.085e-03      6.697e+02      1.228e+01      1.356e-03   
      133            160         6.914e+00      5.856e-04      6.632e-04      1.408e-02      1.941e-03      6.697e+02      1.228e+01      1.356e-03   
      134            161         6.917e+00     -3.441e-03      4.542e-04      1.777e-03      4.768e-04      6.697e+02      1.228e+01      1.356e-03   
      135            162         6.917e+00     -4.738e-05      3.593e-04      8.680e-03      4.743e-04      6.697e+02      1.490e+01      8.680e-04   
      136            163         6.920e+00     -2.811e-03      5.345e-04      3.022e-03      4.270e-04      6.697e+02      1.490e+01      8.680e-04   
      137            164         6.920e+00     -5.651e-04      2.738e-04      2.869e-03      4.026e-04      6.697e+02      1.490e+01      8.680e-04   
  [mem] RSS 5.77 GB  peak 5.77 GB
      138            165         6.920e+00     -6.033e-05      2.644e-04      2.572e-03      4.013e-04      6.697e+02      1.490e+01      8.680e-04   
      139            166         6.921e+00     -1.030e-04      4.774e-04      2.051e-03      3.989e-04      6.697e+02      1.490e+01      8.680e-04   
      140            167         6.921e+00     -1.260e-05      6.835e-05      1.982e-03      3.985e-04      6.697e+02      1.490e+01      8.680e-04   
      141            168         6.921e+00     -2.696e-04      2.775e-04      1.194e-03      3.960e-04      6.697e+02      1.490e+01      8.680e-04   
      142            169         6.921e+00     -2.278e-06      5.536e-05      1.157e-03      3.957e-04      6.697e+02      1.490e+01      8.680e-04   
      143            170         6.921e+00     -6.014e-06      1.148e-04      1.846e-03      3.948e-04      6.697e+02      1.490e+01      8.680e-04   
      144            171         6.921e+00     -9.960e-06      3.205e-04      1.539e-03      3.938e-04      6.697e+02      1.490e+01      8.680e-04   
      145            172         6.921e+00     -1.903e-06      3.180e-04      1.257e-03      3.929e-04      6.697e+02      1.490e+01      8.680e-04   
      146            173         6.921e+00      2.504e-06      1.591e-04      1.130e-03      3.925e-04      6.697e+02      1.490e+01      8.680e-04   
      147            174         6.921e+00      8.618e-07      3.252e-05      1.106e-03      3.924e-04      6.697e+02      1.490e+01      8.680e-04   
      148            175         6.921e+00     -7.199e-05      1.501e-04      1.063e-03      3.918e-04      6.697e+02      1.490e+01      8.680e-04   
      149            176         6.921e+00      1.175e-05      5.956e-05      1.184e-03      3.917e-04      6.697e+02      1.490e+01      8.680e-04   
  [mem] RSS 5.78 GB  peak 5.78 GB
  [it  150] bn 1.8571e-02  L 1.000  kMS 1.000  d_cc 1.016  d_pc 1.012  -> FAILS L
      150            177         6.921e+00      5.542e-05      7.285e-04      6.090e-03      3.902e-04      6.697e+02      1.704e+01      6.090e-04   
      151            178         6.922e+00     -1.293e-03      1.239e-03      2.518e-03      3.630e-04      6.697e+02      1.704e+01      6.090e-04   
      152            179         6.922e+00     -5.811e-06      1.256e-04      2.434e-03      3.623e-04      6.697e+02      1.704e+01      6.090e-04   
      153            180         6.922e+00     -1.177e-05      3.848e-04      2.182e-03      3.603e-04      6.697e+02      1.704e+01      6.090e-04   
      154            181         6.922e+00      4.662e-06      3.786e-04      1.955e-03      3.586e-04      6.697e+02      1.704e+01      6.090e-04   
      155            182         6.922e+00      8.398e-06      1.494e-04      1.880e-03      3.580e-04      6.697e+02      1.704e+01      6.090e-04   
      156            183         6.922e+00      2.326e-05      3.421e-04      1.699e-03      3.567e-04      6.697e+02      1.704e+01      6.090e-04   
      157            184         6.922e+00      2.613e-04      2.630e-03      9.892e-04      3.490e-04      6.697e+02      1.704e+01      6.090e-04   
      158            185         6.922e+00      3.589e-05      9.639e-05      1.020e-03      3.490e-04      6.697e+02      1.704e+01      6.090e-04   
      159            186         6.922e+00      1.164e-04      3.153e-04      1.191e-03      3.493e-04      6.697e+02      1.704e+01      6.090e-04   
  [mem] RSS 5.81 GB  peak 5.81 GB
      160            187         6.922e+00      2.212e-04      6.335e-04      1.581e-03      3.500e-04      6.697e+02      1.704e+01      6.090e-04   
      161            188         6.921e+00      1.075e-04      3.309e-04      1.687e-03      3.503e-04      6.697e+02      1.704e+01      6.090e-04   
      162            189         6.921e+00      3.708e-05      1.119e-04      1.718e-03      3.504e-04      6.697e+02      1.704e+01      6.090e-04   
      163            190         6.921e+00      3.135e-05      9.389e-05      1.743e-03      3.505e-04      6.697e+02      1.704e+01      6.090e-04   
      164            191         6.921e+00      3.160e-05      9.029e-05      1.767e-03      3.506e-04      6.697e+02      1.704e+01      6.090e-04   
      165            192         6.922e+00     -5.257e-04      2.737e-05      1.973e-03      3.454e-04      6.697e+02      1.704e+01      6.090e-04   
      166            193         6.922e+00      6.738e-05      1.570e-04      2.008e-03      3.457e-04      6.697e+02      1.704e+01      6.090e-04   
      167            194         6.922e+00      4.951e-05      1.145e-04      2.032e-03      3.459e-04      6.697e+02      1.704e+01      6.090e-04   
      168            195         6.922e+00      1.343e-05      3.094e-05      2.038e-03      3.460e-04      6.697e+02      1.704e+01      6.090e-04   
      169            196         6.921e+00      3.104e-04      1.162e-04      1.776e-03      3.485e-04      6.697e+02      1.704e+01      6.090e-04   
      170            197         6.921e+00     -6.373e-05      3.355e-05      2.100e-03      3.488e-04      6.697e+02      1.704e+01      6.090e-04   
  [mem] RSS 5.84 GB  peak 5.84 GB
      171            198         6.921e+00      2.197e-05      5.465e-05      2.081e-03      3.489e-04      6.697e+02      1.704e+01      6.090e-04   
      172            199         6.921e+00      2.220e-05      5.496e-05      2.063e-03      3.490e-04      6.697e+02      1.704e+01      6.090e-04   
      173            200         6.921e+00      4.441e-06      1.095e-05      2.059e-03      3.490e-04      6.697e+02      1.704e+01      6.090e-04   
      174            201         6.921e+00      4.496e-05      2.755e-05      1.722e-03      3.491e-04      6.697e+02      1.704e+01      6.090e-04   
      175            202         6.921e+00      5.850e-06      1.520e-05      1.719e-03      3.492e-04      6.697e+02      1.704e+01      6.090e-04   
      176            203         6.921e+00      4.103e-05      1.058e-04      1.724e-03      3.493e-04      6.697e+02      1.704e+01      6.090e-04   
      177            204         6.921e+00      1.854e-04      4.760e-04      1.824e-03      3.499e-04      6.697e+02      1.704e+01      6.090e-04   
      178            205         6.921e+00      8.781e-06      2.219e-05      1.829e-03      3.499e-04      6.697e+02      1.704e+01      6.090e-04   
      179            206         6.921e+00      2.636e-05      6.646e-05      1.843e-03      3.500e-04      6.697e+02      1.704e+01      6.090e-04   
      180            207         6.921e+00     -1.240e-05      2.371e-05      2.612e-03      3.497e-04      6.697e+02      1.704e+01      6.090e-04   
      181            208         6.921e+00      5.844e-06      1.454e-05      2.606e-03      3.497e-04      6.697e+02      1.704e+01      6.090e-04   
  [mem] RSS 5.90 GB  peak 5.90 GB
      182            209         6.921e+00      6.920e-06      9.871e-05      1.723e-03      3.500e-04      6.697e+02      1.704e+01      6.090e-04   
      183            210         6.921e+00      5.970e-06      5.491e-05      2.244e-03      3.496e-04      6.697e+02      1.704e+01      6.090e-04   
      184            211         6.921e+00      1.343e-06      1.080e-04      1.601e-03      3.500e-04      6.697e+02      1.704e+01      6.090e-04   
      185            212         6.921e+00      6.790e-06      6.346e-05      2.028e-03      3.496e-04      6.697e+02      1.704e+01      6.090e-04   
      186            213         6.921e+00      1.102e-06      1.004e-04      1.484e-03      3.499e-04      6.697e+02      1.704e+01      6.090e-04   
      187            214         6.921e+00      6.730e-06      6.130e-05      1.870e-03      3.496e-04      6.697e+02      1.704e+01      6.090e-04   
      188            215         6.921e+00      1.101e-06      9.169e-05      1.377e-03      3.499e-04      6.697e+02      1.704e+01      6.090e-04   
      189            216         6.921e+00      4.788e-05      1.213e-04      1.407e-03      3.500e-04      6.697e+02      1.704e+01      6.090e-04   
      190            217         6.921e+00      5.420e-06      5.903e-05      1.869e-03      3.498e-04      6.697e+02      1.704e+01      6.090e-04   
      191            218         6.921e+00      1.048e-09      9.501e-05      1.315e-03      3.500e-04      6.697e+02      1.704e+01      6.090e-04   
      192            219         6.921e+00      2.080e-05      5.332e-05      1.332e-03      3.501e-04      6.697e+02      1.704e+01      6.090e-04   
      193            220         6.921e+00      6.533e-05      1.636e-04      1.389e-03      3.503e-04      6.697e+02      1.704e+01      6.090e-04   
  [mem] RSS 5.96 GB  peak 5.96 GB
      194            221         6.921e+00      4.565e-06      6.335e-05      1.992e-03      3.501e-04      6.697e+02      1.704e+01      6.090e-04   
      195            222         6.921e+00      1.348e-04      3.351e-04      1.885e-03      3.506e-04      6.697e+02      1.704e+01      6.090e-04   
      196            223         6.921e+00      1.940e-05      4.958e-05      1.870e-03      3.506e-04      6.697e+02      1.704e+01      6.090e-04   
      197            224         6.921e+00      1.694e-04      4.273e-04      1.742e-03      3.513e-04      6.697e+02      1.704e+01      6.090e-04   
      198            225         6.921e+00      2.120e-05      5.224e-05      1.728e-03      3.514e-04      6.697e+02      1.704e+01      6.090e-04   
      199            226         6.921e+00      1.289e-05      3.163e-05      1.719e-03      3.514e-04      6.697e+02      1.704e+01      6.090e-04   
  [it  200] bn 1.8571e-02  L 1.000  kMS 1.000  d_cc 1.017  d_pc 1.012  -> FAILS L
      200            227         6.921e+00      3.641e-06      8.916e-06      1.716e-03      3.514e-04      6.697e+02      1.704e+01      6.090e-04   
      201            228         6.921e+00      8.131e-05      1.981e-04      1.684e-03      3.518e-04      6.697e+02      1.704e+01      6.090e-04   
      202            229         6.920e+00      1.058e-04      2.537e-04      1.741e-03      3.522e-04      6.697e+02      1.704e+01      6.090e-04   
      203            230         6.920e+00      2.853e-05      6.720e-05      1.757e-03      3.523e-04      6.697e+02      1.704e+01      6.090e-04   
  [mem] RSS 6.03 GB  peak 6.03 GB
      204            231         6.920e+00      5.208e-05      1.218e-04      1.785e-03      3.525e-04      6.697e+02      1.704e+01      6.090e-04   
      205            232         6.920e+00      5.517e-05      1.272e-04      1.811e-03      3.527e-04      6.697e+02      1.704e+01      6.090e-04   
      206            233         6.920e+00      1.643e-05      3.753e-05      1.819e-03      3.527e-04      6.697e+02      1.704e+01      6.090e-04   
      207            234         6.920e+00      5.276e-05      1.202e-04      1.844e-03      3.529e-04      6.697e+02      1.704e+01      6.090e-04   
      208            235         6.920e+00      1.802e-05      4.071e-05      1.852e-03      3.530e-04      6.697e+02      1.704e+01      6.090e-04   
      209            236         6.920e+00      5.855e-06      1.319e-05      1.855e-03      3.530e-04      6.697e+02      1.704e+01      6.090e-04   
      210            237         6.920e+00     -1.613e-05      1.558e-04      2.738e-03      3.535e-04      6.697e+02      1.704e+01      6.090e-04   
      211            238         6.920e+00      5.259e-06      6.461e-05      1.797e-03      3.531e-04      6.697e+02      1.704e+01      6.090e-04   
      212            239         6.920e+00     -3.712e-06      2.508e-05      2.729e-03      3.535e-04      6.697e+02      1.704e+01      6.090e-04   
      213            240         6.920e+00      6.643e-06      1.483e-05      2.724e-03      3.535e-04      6.697e+02      1.704e+01      6.090e-04   
      214            241         6.920e+00      1.933e-05      4.306e-05      2.708e-03      3.536e-04      6.697e+02      1.704e+01      6.090e-04   
  [mem] RSS 6.09 GB  peak 6.09 GB
      215            242         6.920e+00      1.107e-04      2.447e-04      2.621e-03      3.540e-04      6.697e+02      1.704e+01      6.090e-04   
      216            243         6.920e+00      2.289e-05      4.985e-05      2.604e-03      3.541e-04      6.697e+02      1.704e+01      6.090e-04   
      217            244         6.920e+00      8.916e-06      1.936e-05      2.597e-03      3.541e-04      6.697e+02      1.704e+01      6.090e-04   
      218            245         6.920e+00      1.137e-05      2.926e-05      1.756e-03      3.537e-04      6.697e+02      1.704e+01      6.090e-04   
      219            246         6.920e+00     -5.397e-06      1.286e-04      2.467e-03      3.541e-04      6.697e+02      1.704e+01      6.090e-04   
      220            247         6.920e+00      1.288e-05      5.400e-05      1.634e-03      3.537e-04      6.697e+02      1.704e+01      6.090e-04   
      221            248         6.920e+00      9.986e-06      2.168e-05      1.639e-03      3.538e-04      6.697e+02      1.704e+01      6.090e-04   
      222            249         6.920e+00      5.786e-06      1.254e-05      1.642e-03      3.538e-04      6.697e+02      1.704e+01      6.090e-04   
      223            250         6.920e+00     -3.300e-06      2.251e-05      2.499e-03      3.541e-04      6.697e+02      1.704e+01      6.090e-04   
      224            251         6.920e+00      1.417e-05      2.643e-05      1.519e-03      3.538e-04      6.697e+02      1.704e+01      6.090e-04   
      225            252         6.920e+00     -1.440e-06      1.087e-04      2.422e-03      3.541e-04      6.697e+02      1.704e+01      6.090e-04   
      226            253         6.920e+00      1.177e-05      4.583e-05      1.401e-03      3.537e-04      6.697e+02      1.704e+01      6.090e-04   
  [mem] RSS 6.16 GB  peak 6.16 GB
      227            254         6.920e+00     -1.600e-06      2.372e-05      2.439e-03      3.541e-04      6.697e+02      1.704e+01      6.090e-04   
      228            255         6.920e+00      1.265e-05      2.238e-05      1.287e-03      3.537e-04      6.697e+02      1.704e+01      6.090e-04   
      229            256         6.920e+00     -2.949e-07      1.071e-04      2.395e-03      3.540e-04      6.697e+02      1.704e+01      6.090e-04   
      230            257         6.920e+00      1.970e-05      4.345e-05      2.382e-03      3.541e-04      6.697e+02      1.704e+01      6.090e-04   
      231            258         6.920e+00      7.560e-06      1.663e-05      2.377e-03      3.541e-04      6.697e+02      1.704e+01      6.090e-04   
      232            259         6.920e+00      9.714e-06      4.278e-05      1.201e-03      3.538e-04      6.697e+02      1.704e+01      6.090e-04   
      233            260         6.920e+00      1.170e-05      2.566e-05      1.210e-03      3.539e-04      6.697e+02      1.704e+01      6.090e-04   
      234            261         6.920e+00      4.806e-06      1.053e-05      1.214e-03      3.539e-04      6.697e+02      1.704e+01      6.090e-04   
      235            262         6.920e+00      1.190e-05      2.603e-05      1.223e-03      3.539e-04      6.697e+02      1.704e+01      6.090e-04   
      236            263         6.920e+00     -4.251e-06      2.904e-05      2.540e-03      3.543e-04      6.697e+02      1.704e+01      6.090e-04   
      237            264         6.920e+00      1.226e-05      1.939e-05      1.121e-03      3.539e-04      6.697e+02      1.704e+01      6.090e-04   
  [mem] RSS 6.22 GB  peak 6.22 GB
      238            265         6.920e+00      2.334e-07      1.326e-04      2.507e-03      3.542e-04      6.697e+02      1.704e+01      6.090e-04   
      239            266         6.920e+00      9.003e-06      4.684e-05      1.018e-03      3.539e-04      6.697e+02      1.704e+01      6.090e-04   
      240            267         6.920e+00     -2.231e-06      5.045e-05      2.571e-03      3.542e-04      6.697e+02      1.704e+01      6.090e-04   
      241            268         6.920e+00      1.108e-05      2.407e-05      2.563e-03      3.543e-04      6.697e+02      1.704e+01      6.090e-04   
      242            269         6.920e+00      1.177e-05      1.444e-05      9.282e-04      3.539e-04      6.697e+02      1.704e+01      6.090e-04   
      243            270         6.920e+00      1.035e-06      2.114e-04      2.388e-03      3.542e-04      6.697e+02      1.704e+01      6.090e-04   
      244            271         6.920e+00      4.121e-06      8.977e-06      2.385e-03      3.542e-04      6.697e+02      1.704e+01      6.090e-04   
      245            272         6.920e+00      7.455e-06      6.442e-05      8.408e-04      3.539e-04      6.697e+02      1.704e+01      6.090e-04   
      246            273         6.920e+00      3.268e-06      7.069e-06      8.444e-04      3.539e-04      6.697e+02      1.704e+01      6.090e-04   
      247            274         6.920e+00      3.088e-05      6.681e-05      8.783e-04      3.540e-04      6.697e+02      1.704e+01      6.090e-04   
      248            275         6.920e+00      9.319e-06      2.080e-05      8.886e-04      3.540e-04      6.697e+02      1.704e+01      6.090e-04   
      249            276         6.920e+00     -9.382e-06      1.053e-04      2.494e-03      3.545e-04      6.697e+02      1.704e+01      6.090e-04   
  [mem] RSS 6.29 GB  peak 6.29 GB
  [it  250] bn 1.8570e-02  L 1.000  kMS 1.000  d_cc 1.017  d_pc 1.012  -> FAILS L
      250            277         6.920e+00      1.552e-05      1.709e-05      4.702e-03      3.541e-04      6.697e+02      1.885e+01      4.702e-04   
      251            278         6.921e+00     -1.469e-03      1.146e-04      1.799e-03      3.342e-04      6.697e+02      1.885e+01      4.702e-04   
      252            279         6.921e+00     -1.913e-04      1.298e-04      1.693e-03      3.249e-04      6.697e+02      1.885e+01      4.702e-04   
      253            280         6.922e+00     -1.979e-04      2.214e-04      9.234e-04      3.241e-04      6.697e+02      1.885e+01      4.702e-04   
      254            281         6.922e+00      1.699e-05      1.273e-04      8.373e-04      3.238e-04      6.697e+02      1.885e+01      4.702e-04   
      255            282         6.922e+00      4.542e-06      3.101e-05      8.193e-04      3.237e-04      6.697e+02      1.885e+01      4.702e-04   
      256            283         6.922e+00      5.835e-06      3.892e-05      7.973e-04      3.236e-04      6.697e+02      1.885e+01      4.702e-04   
      257            284         6.922e+00     -1.599e-05      1.347e-04      1.997e-03      3.226e-04      6.697e+02      1.885e+01      4.702e-04   
      258            285         6.922e+00      3.611e-06      2.233e-05      1.967e-03      3.225e-04      6.697e+02      1.885e+01      4.702e-04   
      259            286         6.922e+00      3.720e-06      2.267e-05      1.937e-03      3.225e-04      6.697e+02      1.885e+01      4.702e-04   
  [mem] RSS 6.35 GB  peak 6.35 GB
      260            287         6.922e+00     -6.125e-05      2.149e-04      6.039e-04      3.223e-04      6.697e+02      1.885e+01      4.702e-04   
      261            288         6.922e+00     -1.787e-06      1.998e-04      3.837e-03      3.215e-04      6.697e+02      1.885e+01      4.702e-04   
      262            289         6.922e+00      2.637e-06      1.333e-05      3.804e-03      3.215e-04      6.697e+02      1.885e+01      4.702e-04   
      263            290         6.922e+00      6.280e-06      3.157e-05      3.727e-03      3.215e-04      6.697e+02      1.885e+01      4.702e-04   
      264            291         6.922e+00      1.064e-05      5.275e-05      3.600e-03      3.214e-04      6.697e+02      1.885e+01      4.702e-04   
      265            292         6.922e+00      4.690e-06      2.272e-05      3.547e-03      3.214e-04      6.697e+02      1.885e+01      4.702e-04   
      266            293         6.922e+00      2.109e-06      1.012e-05      3.523e-03      3.214e-04      6.697e+02      1.885e+01      4.702e-04   
      267            294         6.922e+00      1.790e-06      8.549e-06      3.503e-03      3.214e-04      6.697e+02      1.885e+01      4.702e-04   
      268            295         6.922e+00      2.754e-06      1.311e-05      3.473e-03      3.214e-04      6.697e+02      1.885e+01      4.702e-04   
      269            296         6.922e+00      4.114e-05      1.945e-04      3.022e-03      3.213e-04      6.697e+02      1.885e+01      4.702e-04   
      270            297         6.922e+00      4.061e-06      1.767e-05      2.984e-03      3.213e-04      6.697e+02      1.885e+01      4.702e-04   
  [mem] RSS 6.41 GB  peak 6.41 GB
      271            298         6.922e+00      2.507e-06      1.083e-05      2.961e-03      3.213e-04      6.697e+02      1.885e+01      4.702e-04   
      272            299         6.922e+00      9.583e-06      4.122e-05      2.874e-03      3.212e-04      6.697e+02      1.885e+01      4.702e-04   
      273            300         6.922e+00      2.799e-06      1.185e-05      2.850e-03      3.212e-04      6.697e+02      1.885e+01      4.702e-04   
      274            301         6.922e+00      7.318e-06      3.083e-05      2.786e-03      3.212e-04      6.697e+02      1.885e+01      4.702e-04   
      275            302         6.922e+00      5.694e-06      2.369e-05      2.738e-03      3.212e-04      6.697e+02      1.885e+01      4.702e-04   
      276            303         6.922e+00      2.088e-06      8.610e-06      2.720e-03      3.212e-04      6.697e+02      1.885e+01      4.702e-04   
      277            304         6.922e+00     -2.250e-05      2.504e-04      5.441e-04      3.212e-04      6.697e+02      1.885e+01      4.702e-04   
      278            305         6.922e+00      6.376e-06      2.489e-05      5.430e-04      3.212e-04      6.697e+02      1.885e+01      4.702e-04   
      279            306         6.922e+00      3.120e-06      1.208e-05      5.424e-04      3.212e-04      6.697e+02      1.885e+01      4.702e-04   
      280            307         6.922e+00      3.360e-06      1.297e-05      5.418e-04      3.212e-04      6.697e+02      1.885e+01      4.702e-04   
      281            308         6.922e+00      4.147e-06      1.594e-05      5.411e-04      3.212e-04      6.697e+02      1.885e+01      4.702e-04   
      282            309         6.922e+00     -6.144e-06      3.079e-04      6.934e-03      3.208e-04      6.697e+02      1.885e+01      4.702e-04   
  [mem] RSS 6.48 GB  peak 6.48 GB
      283            310         6.922e+00     -3.336e-06      4.407e-04      5.688e-04      3.208e-04      6.697e+02      1.885e+01      4.702e-04   
      284            311         6.922e+00      1.232e-05      4.334e-04      6.534e-03      3.207e-04      6.697e+02      1.885e+01      4.702e-04   
      285            312         6.922e+00      3.706e-06      5.872e-04      7.010e-04      3.206e-04      6.697e+02      1.885e+01      4.702e-04   
      286            313         6.922e+00     -1.815e-05      6.409e-05      1.122e-03      3.204e-04      6.697e+02      1.885e+01      4.702e-04   
      287            314         6.922e+00      5.010e-06      1.305e-04      5.455e-04      3.206e-04      6.697e+02      1.885e+01      4.702e-04   
      288            315         6.922e+00      7.149e-06      9.276e-05      1.164e-03      3.205e-04      6.697e+02      1.885e+01      4.702e-04   
      289            316         6.922e+00      2.431e-06      8.747e-06      1.157e-03      3.205e-04      6.697e+02      1.885e+01      4.702e-04   
      290            317         6.922e+00      4.941e-06      1.773e-05      1.141e-03      3.205e-04      6.697e+02      1.885e+01      4.702e-04   
      291            318         6.922e+00     -4.865e-06      1.064e-04      5.580e-04      3.206e-04      6.697e+02      1.885e+01      4.702e-04   
      292            319         6.922e+00      8.399e-06      9.949e-05      1.665e-03      3.204e-04      6.697e+02      1.885e+01      4.702e-04   
      293            320         6.922e+00     -4.915e-06      1.335e-04      5.615e-04      3.205e-04      6.697e+02      1.885e+01      4.702e-04   
  [mem] RSS 6.54 GB  peak 6.54 GB
      294            321         6.922e+00      7.068e-06      1.565e-04      3.242e-03      3.203e-04      6.697e+02      1.885e+01      4.702e-04   
      295            322         6.922e+00     -4.010e-06      2.334e-04      5.590e-04      3.204e-04      6.697e+02      1.885e+01      4.702e-04   
      296            323         6.922e+00      1.598e-05      4.286e-04      9.451e-03      3.203e-04      6.697e+02      1.885e+01      4.702e-04   
      297            324         6.922e+00     -5.727e-06      5.716e-04      5.704e-04      3.203e-04      6.697e+02      1.885e+01      4.702e-04   
      298            325         6.922e+00     -3.297e-05      3.383e-04      3.998e-03      3.201e-04      6.697e+02      1.885e+01      4.702e-04   
      299            326         6.922e+00      3.777e-05      3.840e-04      5.568e-04      3.201e-04      6.697e+02      1.885e+01      4.702e-04   
  [it  300] bn 1.8575e-02  L 1.000  kMS 1.000  d_cc 1.017  d_pc 1.012  -> FAILS kMS
      300            327         6.922e+00      1.131e-05      1.006e-04      1.624e-03      3.203e-04      6.697e+02      1.885e+01      4.702e-04   
Warning: Maximum number of iterations has been exceeded.
         Current function value: 6.922e+00
         Constraint violation: 3.203e-04
         Total delta_x: 7.337e-01
         Iterations: 300
         Function evaluations: 327
         Jacobian evaluations: 300
Timer: Solution time = 16.8 min
Timer: Avg time per step = 3.35 sec
==============================================================================================================
                                                                 Start  -->   End
Total (sum of squares):                                      1.252e+02  -->   6.922e+00, 
Maximum absolute Boundary normal field error:                8.334e-02  -->   2.674e-02 (T m^2)
Minimum absolute Boundary normal field error:                2.382e-05  -->   1.297e-05 (T m^2)
Average absolute Boundary normal field error:                3.570e-02  -->   7.460e-03 (T m^2)
Maximum absolute Boundary normal field error:                8.118e-01  -->   2.605e-01 (normalized)
Minimum absolute Boundary normal field error:                2.320e-04  -->   1.263e-04 (normalized)
Average absolute Boundary normal field error:                3.478e-01  -->   7.266e-02 (normalized)
Maximum Coil length:                                         1.939e+00  -->   2.926e+00 (m)
Minimum Coil length:                                         1.859e+00  -->   2.926e+00 (m)
Average Coil length:                                         1.892e+00  -->   2.926e+00 (m)
Maximum Coil length:                                         6.440e+00  -->   9.716e+00 (normalized)
Minimum Coil length:                                         6.174e+00  -->   9.716e+00 (normalized)
Average Coil length:                                         6.283e+00  -->   9.716e+00 (normalized)
Maximum Coil mean squared curvature:                         1.388e+01  -->   1.870e+01 (m^-2)
Minimum Coil mean squared curvature:                         1.388e+01  -->   1.561e+01 (m^-2)
Average Coil mean squared curvature:                         1.388e+01  -->   1.719e+01 (m^-2)
Maximum Coil mean squared curvature:                         1.258e+00  -->   1.695e+00 (normalized)
Minimum Coil mean squared curvature:                         1.258e+00  -->   1.415e+00 (normalized)
Average Coil mean squared curvature:                         1.258e+00  -->   1.559e+00 (normalized)
Maximum Coil-coil distance penalty:                          0.000e+00  -->   2.534e-04 (dimensionless)
Minimum Coil-coil distance penalty:                          0.000e+00  -->   0.000e+00 (dimensionless)
Average Coil-coil distance penalty:                          0.000e+00  -->   1.213e-05 (dimensionless)
Maximum Plasma-coil distance penalty:                        0.000e+00  -->   3.203e-04 (dimensionless)
Minimum Plasma-coil distance penalty:                        0.000e+00  -->   0.000e+00 (dimensionless)
Average Plasma-coil distance penalty:                        0.000e+00  -->   1.446e-04 (dimensionless)
Summed coil current error:                                   0.000e+00  -->   0.000e+00 (A)
==============================================================================================================

  [mem] RSS 6.60 GB  peak 6.60 GB

SOLVER {'wall_s': 1023.1978335380554, 'message': 'Maximum number of iterations has been exceeded.', 'nit': 300, 'n_outer': 9, 'constr_violation': 0.00032034636773080067, 'y_absmax_final': 18.85166282934999}
START  bn 8.7296e-02  L 0.663  kMS 0.743  d_cc 1.988  d_pc 1.381  -> FEASIBLE
RESULT bn 1.8575e-02  L 1.000  kMS 1.000  d_cc 1.017  d_pc 1.012  linked 0  -> FAILS kMS  active ['L', 'kMS']
wrote work/ss_qh/fixed_ss_eq/easy_R3/result.h5, result.json, result.png
