E0928 12:47:18.026058 1582660 cuda_executor.cc:1743] Could not get kernel mode driver version: ( INVALID_ARGUMENT: Version does not match the format X.Y.Z )
E0928 12:47:18.037786 1582573 cuda_executor.cc:1743] Could not get kernel mode driver version: ( INVALID_ARGUMENT: Version does not match the format X.Y.Z )
DEVICE requested=gpu obtained=gpu (1x NVIDIA GeForce RTX 5070 Laptop GPU)
--field-term bn is blind to the current scale: holding the coil current SUM fixed
  [mem] RSS 0.83 GB  peak 0.83 GB
eq precise_QA (desc.examples) NFP 2 sym True L,M,N 8,8,8 dim_x 1462; start work/ss_qa/stage2_L0p8/result.h5: 4 unique coils (PiecewisePlanarArcCoil), 16 total
SETTINGS {'eq': 'precise_QA', 'start': 'work/ss_qa/stage2_L0p8/result.h5', 'out': 'work/ss_qa/dry_bn', 'bounds': '/home/singh/Documents/DESC2/coil_sandbox/bounds/precise_qa_sweep910.json', 'a': None, 'device': None, 'length_mult': 0.8, 'dry': True, 'field_term': 'bn', 'fix_current_sum': True, 'helicity': '1,0', 'qs_rho': '0.2,0.4,0.6,0.8,1.0', 'A_min': 5.5, 'A_max': 6.5, 'iota_min': 0.4, 'kmin': 1, 'kmax': 4, 'maxiter': 50, 'ftol': 1e-06, 'xtol': 1e-06, 'gtol': 1e-08, 'max_tr': None, 'perturb_order': 2, 'tau_bn': 0.005, 'tau_qs': None, 'tau_qs_rel': 1.0, 'tau_A': 0.01, 'tau_iota': 0.01, 'tau_L': 0.01, 'tau_kappa': 0.01, 'tau_kms': 0.01, 'tau_dpc': 0.01, 'tau_dcc': 1e-06, 'dcc_backoff': 0.025, 'dpc_backoff': 0.02, 'no_arc_backoffs': False, 'eval_m': 25, 'eval_n': 25, 'plasma_m': 32, 'plasma_n': 32, 'coil_grid_n': 150, 'src_gl': 24, 'src_n': 400, 'bs_chunk': None, 'jac_chunk': None, 'dcc_k': 20000}
BOUNDS (judged, absolute) L 4.123  Ltot -  kappa 11.64  kms 5.648  convex -  planar -  dcc 0.08555  dpc 0.1711
ENFORCED L 4.123  Ltot -  kappa 11.58  kms 5.592  convex -  planar -  dcc 0.08922  dpc 0.1745
/home/singh/Documents/DESC2/coil_sandbox/vendor/desc/utils.py:590: UserWarning: Unequal number of field periods for grid 1 and basis 2.
  warnings.warn(msg, err)
/home/singh/Documents/DESC2/coil_sandbox/vendor/desc/utils.py:590: UserWarning: Unequal number of field periods for grid 1 and basis 2.
  warnings.warn(msg, err)
START physics  A 6.000  R0 1.0307  a 0.1718  iota [0.4197, 0.4202]  QS(Boozer, |B_nonsym|/<B>) rho 0.25 8.14e-05  rho 0.5 4.17e-05  rho 0.75 5.59e-05  rho 1 2.77e-04
START coils    bn 5.1533e-03 (max 3.703e-02)  L 1.000  kappa 0.650  kMS 0.730  d_cc 1.042  d_pc 1.378  linked 0  -> FAILS L
QS two-term rms at the start 0.0003543 -> tau_qs 0.0003543
quadrature scales s (expected; compare the s(qw) column): bn 6.283  qs 41.41  iota 1  kappa 0.3622  dcc 9.06e+04
/home/singh/Documents/DESC2/coil_sandbox/vendor/desc/utils.py:590: FutureWarning: constants is deprecated and will be removed in a future release. Users should not include constants in the arguments of their objective compute methods. Instead declare all the constants in the build method and use as self._constants.
  warnings.warn(msg, err)
/home/singh/Documents/DESC2/coil_sandbox/vendor/desc/utils.py:590: FutureWarning: constants is deprecated and will be removed in a future release. Users should not include constants in the arguments of their objective compute methods. Instead declare all the constants in the build method and use as self._constants.
  warnings.warn(msg, err)
/home/singh/Documents/DESC2/coil_sandbox/vendor/desc/utils.py:590: FutureWarning: constants is deprecated and will be removed in a future release. Users should not include constants in the arguments of their objective compute methods. Instead declare all the constants in the build method and use as self._constants.
  warnings.warn(msg, err)
/home/singh/Documents/DESC2/coil_sandbox/vendor/desc/utils.py:590: FutureWarning: constants is deprecated and will be removed in a future release. Users should not include constants in the arguments of their objective compute methods. Instead declare all the constants in the build method and use as self._constants.
  warnings.warn(msg, err)
E0928 12:48:10.280350 1582683 cuda_timer.cc:87] Delay kernel timed out: measured time has sub-optimal accuracy. There may be a missing warmup execution, please investigate in Nsight Systems.
/home/singh/Documents/DESC2/coil_sandbox/vendor/desc/utils.py:590: FutureWarning: constants is deprecated and will be removed in a future release. Users should not include constants in the arguments of their objective compute methods. Instead declare all the constants in the build method and use as self._constants.
  warnings.warn(msg, err)
/home/singh/Documents/DESC2/coil_sandbox/vendor/desc/utils.py:590: FutureWarning: constants is deprecated and will be removed in a future release. Users should not include constants in the arguments of their objective compute methods. Instead declare all the constants in the build method and use as self._constants.
  warnings.warn(msg, err)

TERMS AT THE START
term                             dim_f    weight     norm    s(qw)  target/bounds           raw min    raw max       cost  err/tol  share
Vacuum B.n error                  1326      31.8   0.4832    6.283  = 0                    -0.01002    0.01344     0.7652     1.24  60.5%
QS two-term                       5445      68.2   0.5569    41.41  = 0                   -0.001505   0.001505        0.5        1  39.5%
aspect ratio                         1      16.7        -        1  [5.5, 6.5]                    6          6          0        0   0.0%
rotational transform                20       250        -        1  [0.4, inf]               0.4197     0.4202          0        0   0.0%
coil length                          4      24.3        -        2  [0, 4.123]                4.123      4.123  1.604e-13 5.66e-07   0.0%
coil curvature                    1204      23.8        -   0.7243  [0, 11.58]                    0      7.557          0        0   0.0%
coil mean squared curvature          4      17.9        -        2  [0, 5.592]                3.773       4.13          0        0   0.0%
coil-coil distance penalty          54        11        -    7.348  [-inf, 0]                     0  5.077e-06   1.57e-09  5.6e-05   0.0%
plasma-coil minimum distance         8       573        -    2.828  [0.1745, inf]            0.2366     0.2865          0        0   0.0%
total cost 0.5 sum f^2                                                                                                       1.265

--dry: wrote work/ss_qa/dry_bn/result.json; no optimization run
