E0917 20:58:00.134628  544537 cuda_executor.cc:1743] Could not get kernel mode driver version: ( INVALID_ARGUMENT: Version does not match the format X.Y.Z )
E0917 20:58:00.146470  544432 cuda_executor.cc:1743] Could not get kernel mode driver version: ( INVALID_ARGUMENT: Version does not match the format X.Y.Z )
DEVICE requested=gpu obtained=gpu (1x NVIDIA GeForce RTX 5070 Laptop GPU)
  [mem] RSS 0.83 GB  peak 0.83 GB
/home/singh/Documents/DESC2/coil_sandbox/vendor/desc/utils.py:590: UserWarning: Unequal number of field periods for grid 1 and basis 2.
  warnings.warn(msg, err)
/home/singh/Documents/DESC2/coil_sandbox/vendor/desc/utils.py:590: UserWarning: Unequal number of field periods for grid 1 and basis 2.
  warnings.warn(msg, err)
eq sample_equilibria/helios_repro.h5 (h5) NFP 2 sym True; start work/helios/xyz16/start_ra2.5.h5: 4 unique coils, arc=False, expect 16 coils; source grid uniform (801 nodes/coil), length grid uniform (801), constraint grid 301, curvature grid 301; mode feasibility; plasma field included (virtual casing)
SETTINGS {'eq': 'sample_equilibria/helios_repro.h5', 'start': 'work/helios/xyz16/start_ra2.5.h5', 'out': 'work/helios/xyz16/feas', 'mode': 'feasibility', 'length_mult': 1.0, 'margin': 0.25, 'fix_hinges': False, 'anchor_weight': 0.001, 'margin_skip': 'L', 'a': None, 'bounds': 'bounds/helios_kruger2026_noconvex.json', 'device': 'gpu', 'vacuum': False, 'maxiter': 300, 'check_every': 25, 'ckpt_every': 50, 'diag_log': None, 'dcc_backoff': 0.025, 'dpc_backoff': 0.02, 'no_arc_backoffs': False, 'convex_form': 'signed', 'convex_kmin': 0.0, 'convex_backoff': 0.5, 'planarity': 'auto', 'planarity_tol': 0.0, 'speed_floor': 0.0, 'arclength_weight': 0.0, 'torsion_weight': 0.0, 'coil_grid_n': 150, 'kappa_grid_n': None, 'eval_m': 25, 'eval_n': 25, 'plasma_m': 64, 'plasma_n': 64, 'src_gl': 24, 'src_n': 400, 'vc_m': None, 'vc_n': None, 'vc_chunk': 64, 'dcc_k': 20000, 'dpc_k': 20000, 'no_signed': False, 'dcc_neighbors': None, 'dcc_chunk': 4, 'dpc_chunk': 1, 'qf_chunk': 25, 'coil_jac_chunk': None, 'no_second_order': False, 'so_chunk': 16, 'so_rtol': 0.05, 'max_tr': 0.5, 'max_inner_iter': 100, 'ctol': 0.0001}
BOUNDS (judged, absolute, a=1.77186) L 36  Ltot -  kappa 1.5  kms -  convex -  planar -  dcc 1.2  dpc 1.2
TARGET (margin 0.25) L 36  Ltot -  kappa 1.125  kms -  convex -  planar -  dcc 1.5  dpc 1.5
ENFORCED L 36  Ltot -  kappa 1.125  kms -  convex -  planar -  dcc 1.537  dpc 1.53
START  bn 7.7194e-02  L 0.773  kappa 0.151  d_cc 0.944  d_pc 0.902  linked 0  coils 16  -> FAILS d_cc,d_pc
Building objective: fixed parameters
Timer: Objective build = 303 ms
Building objective: fixed coil current
Building objective: fixed shift
Building objective: fixed rotation
Timer: Objective build = 85.7 ms
Building objective: coil length
Precomputing transforms
Timer: Precomputing transforms = 209 ms
Building objective: coil curvature
Precomputing transforms
Timer: Precomputing transforms = 3.46 ms
Building objective: coil-coil distance penalty
Building objective: plasma-coil distance penalty
Timer: Objective build = 4.24 sec
  [mem] RSS 2.96 GB  peak 2.96 GB
Timer: LinearConstraintProjection build = 1.66 sec
Timer: LinearConstraintProjection build = 109 ms
Number of parameters: 252
Number of objectives: 304
Number of equality constraints: 0
Number of inequality constraints: 1252
Timer: Initializing the optimization = 7.10 sec

Starting optimization
Using method: lsq-auglag
E0917 20:58:34.187197  544549 cuda_timer.cc:87] Delay kernel timed out: measured time has sub-optimal accuracy. There may be a missing warmup execution, please investigate in Nsight Systems.
second_order: compiling constraint Hessian for blocks CoilSetDistancePenalty, PlasmaCoilSetDistancePenalty
E0917 20:58:54.089139  544554 cuda_timer.cc:87] Delay kernel timed out: measured time has sub-optimal accuracy. There may be a missing warmup execution, please investigate in Nsight Systems.
E0917 20:58:54.174873  544566 cuda_timer.cc:87] Delay kernel timed out: measured time has sub-optimal accuracy. There may be a missing warmup execution, please investigate in Nsight Systems.
  [mem] RSS 3.69 GB  peak 3.69 GB
Solver options:
------------------------------------------------------------
Maximum Function Evaluations       : 1501
Maximum Allowed Total Δx Norm      : inf
Scaled Termination                 : True
Trust Region Method                : svd
Initial Trust Radius               : 3.372e-02
Maximum Trust Radius               : 5.000e-01
Minimum Trust Radius               : 2.220e-16
Trust Radius Increase Ratio        : 4.000e+00
Trust Radius Decrease Ratio        : 2.500e-01
Trust Radius Increase Threshold    : 7.500e-01
Trust Radius Decrease Threshold    : 5.000e-01
Alpha Omega                        : 1.000e+00
Beta Omega                         : 1.000e+00
Alpha Eta                          : 1.000e-01
Beta Eta                           : 9.000e-01
Omega                              : 1.000e-02
Eta                                : 1.000e-02
Tau                                : 1.000e+01
------------------------------------------------------------ 

   Iteration     Total nfev        Cost      Cost reduction    Step norm     Optimality    Constr viol.   Penalty param  max(|mltplr|)      gtolk     
       0              1          0.000e+00                                    1.451e+02      3.731e+01      1.000e+01      0.000e+00      1.000e-03   
       1              2          2.085e-14     -2.085e-14      2.042e-04      1.448e+02      3.725e+01      1.000e+01      0.000e+00      1.000e-03   
       2              3          5.197e-13     -4.988e-13      8.153e-04      1.438e+02      3.703e+01      1.000e+01      0.000e+00      1.000e-03   
       3              4          8.086e-12     -7.566e-12      3.002e-03      1.398e+02      3.623e+01      1.000e+01      0.000e+00      1.000e-03   
       4              5          2.452e-11     -1.644e-11      2.983e-03      1.360e+02      3.545e+01      1.000e+01      0.000e+00      1.000e-03   
       5              6          4.966e-11     -2.514e-11      2.965e-03      1.323e+02      3.468e+01      1.000e+01      0.000e+00      1.000e-03   
       6              7          8.333e-11     -3.368e-11      2.949e-03      1.287e+02      3.392e+01      1.000e+01      0.000e+00      1.000e-03   
       7              8          1.254e-10     -4.206e-11      2.933e-03      1.251e+02      3.318e+01      1.000e+01      0.000e+00      1.000e-03   
       8              9          1.757e-10     -5.031e-11      2.921e-03      1.217e+02      3.245e+01      1.000e+01      0.000e+00      1.000e-03   
       9             10          2.342e-10     -5.846e-11      2.916e-03      1.184e+02      3.174e+01      1.000e+01      0.000e+00      1.000e-03   
      10             11          3.006e-10     -6.647e-11      2.903e-03      1.151e+02      3.104e+01      1.000e+01      0.000e+00      1.000e-03   
      11             12          3.750e-10     -7.439e-11      2.894e-03      1.120e+02      3.036e+01      1.000e+01      0.000e+00      1.000e-03   
      12             13          4.573e-10     -8.226e-11      2.889e-03      1.090e+02      2.969e+01      1.000e+01      0.000e+00      1.000e-03   
      13             14          5.474e-10     -9.008e-11      2.888e-03      1.060e+02      2.903e+01      1.000e+01      0.000e+00      1.000e-03   
      14             15          6.453e-10     -9.789e-11      2.890e-03      1.031e+02      2.839e+01      1.000e+01      0.000e+00      1.000e-03   
      15             16          7.508e-10     -1.056e-10      2.888e-03      1.002e+02      2.776e+01      1.000e+01      0.000e+00      1.000e-03   
      16             17          8.641e-10     -1.133e-10      2.888e-03      9.749e+01      2.714e+01      1.000e+01      0.000e+00      1.000e-03   
      17             18          9.850e-10     -1.209e-10      2.888e-03      9.480e+01      2.654e+01      1.000e+01      0.000e+00      1.000e-03   
      18             19          1.114e-09     -1.286e-10      2.896e-03      9.218e+01      2.594e+01      1.000e+01      0.000e+00      1.000e-03   
      19             20          1.250e-09     -1.365e-10      2.911e-03      8.962e+01      2.537e+01      1.000e+01      0.000e+00      1.000e-03   
      20             21          1.395e-09     -1.445e-10      2.930e-03      8.712e+01      2.480e+01      1.000e+01      0.000e+00      1.000e-03   
      21             22          1.547e-09     -1.528e-10      2.956e-03      8.469e+01      2.424e+01      1.000e+01      0.000e+00      1.000e-03   
      22             23          1.708e-09     -1.610e-10      2.976e-03      8.233e+01      2.370e+01      1.000e+01      0.000e+00      1.000e-03   
      23             24          1.878e-09     -1.694e-10      2.998e-03      8.002e+01      2.317e+01      1.000e+01      0.000e+00      1.000e-03   
  [mem] RSS 3.75 GB  peak 3.75 GB
      24             25          2.056e-09     -1.780e-10      3.022e-03      7.777e+01      2.265e+01      1.000e+01      0.000e+00      1.000e-03   
  [it   25] bn 7.7099e-02  L 0.775  kappa 0.283  d_cc 0.979  d_pc 0.960  -> FAILS d_cc,d_pc  target FAILS d_cc,d_pc
      25             26          2.242e-09     -1.865e-10      3.038e-03      7.558e+01      2.214e+01      1.000e+01      0.000e+00      1.000e-03   
      26             27          2.438e-09     -1.957e-10      3.072e-03      7.345e+01      2.164e+01      1.000e+01      0.000e+00      1.000e-03   
      27             28          2.643e-09     -2.052e-10      3.111e-03      7.137e+01      2.115e+01      1.000e+01      0.000e+00      1.000e-03   
      28             29          2.859e-09     -2.152e-10      3.154e-03      6.934e+01      2.067e+01      1.000e+01      0.000e+00      1.000e-03   
      29             30          3.084e-09     -2.254e-10      3.199e-03      6.737e+01      2.020e+01      1.000e+01      0.000e+00      1.000e-03   
      30             31          3.320e-09     -2.365e-10      3.254e-03      6.546e+01      1.974e+01      1.000e+01      0.000e+00      1.000e-03   
      31             32          3.568e-09     -2.479e-10      3.310e-03      6.388e+01      1.929e+01      1.000e+01      0.000e+00      1.000e-03   
      32             33          3.828e-09     -2.601e-10      3.373e-03      6.249e+01      1.885e+01      1.000e+01      0.000e+00      1.000e-03   
      33             34          4.101e-09     -2.727e-10      3.438e-03      6.111e+01      1.846e+01      1.000e+01      0.000e+00      1.000e-03   
      34             35          4.387e-09     -2.862e-10      3.507e-03      5.976e+01      1.822e+01      1.000e+01      0.000e+00      1.000e-03   
      35             36          4.687e-09     -2.999e-10      3.571e-03      5.842e+01      1.799e+01      1.000e+01      0.000e+00      1.000e-03   
      36             37          5.001e-09     -3.139e-10      3.629e-03      5.711e+01      1.776e+01      1.000e+01      0.000e+00      1.000e-03   
      37             38          5.330e-09     -3.294e-10      3.706e-03      5.581e+01      1.753e+01      1.000e+01      0.000e+00      1.000e-03   
      38             39          5.677e-09     -3.462e-10      3.795e-03      5.454e+01      1.730e+01      1.000e+01      0.000e+00      1.000e-03   
      39             40          6.041e-09     -3.642e-10      3.890e-03      5.328e+01      1.707e+01      1.000e+01      0.000e+00      1.000e-03   
      40             41          6.424e-09     -3.831e-10      3.984e-03      5.204e+01      1.684e+01      1.000e+01      0.000e+00      1.000e-03   
      41             42          6.827e-09     -4.029e-10      4.080e-03      5.082e+01      1.661e+01      1.000e+01      0.000e+00      1.000e-03   
      42             43          7.251e-09     -4.241e-10      4.182e-03      4.961e+01      1.638e+01      1.000e+01      0.000e+00      1.000e-03   
      43             44          7.697e-09     -4.461e-10      4.279e-03      4.842e+01      1.615e+01      1.000e+01      0.000e+00      1.000e-03   
      44             45          8.166e-09     -4.684e-10      4.367e-03      4.725e+01      1.592e+01      1.000e+01      0.000e+00      1.000e-03   
      45             46          8.658e-09     -4.926e-10      4.467e-03      4.609e+01      1.569e+01      1.000e+01      0.000e+00      1.000e-03   
      46             47          9.175e-09     -5.170e-10      4.556e-03      4.496e+01      1.546e+01      1.000e+01      0.000e+00      1.000e-03   
      47             48          9.718e-09     -5.426e-10      4.645e-03      4.384e+01      1.524e+01      1.000e+01      0.000e+00      1.000e-03   
      48             49          1.028e-08     -5.671e-10      4.711e-03      4.274e+01      1.501e+01      1.000e+01      0.000e+00      1.000e-03   
      49             50          1.088e-08     -5.952e-10      4.807e-03      4.165e+01      1.478e+01      1.000e+01      0.000e+00      1.000e-03   
  [mem] RSS 3.75 GB  peak 3.75 GB
  [it   50] bn 7.7193e-02  L 0.778  kappa 0.390  d_cc 1.012  d_pc 1.014  -> FEASIBLE  target FAILS d_cc,d_pc
      50             51          1.151e-08     -6.251e-10      4.909e-03      4.058e+01      1.456e+01      1.000e+01      0.000e+00      1.000e-03   
      51             52          1.216e-08     -6.564e-10      5.012e-03      3.952e+01      1.433e+01      1.000e+01      0.000e+00      1.000e-03   
      52             53          1.285e-08     -6.885e-10      5.109e-03      3.848e+01      1.411e+01      1.000e+01      0.000e+00      1.000e-03   
      53             54          1.357e-08     -7.244e-10      5.230e-03      3.745e+01      1.388e+01      1.000e+01      0.000e+00      1.000e-03   
      54             55          1.434e-08     -7.621e-10      5.351e-03      3.644e+01      1.366e+01      1.000e+01      0.000e+00      1.000e-03   
      55             56          1.514e-08     -7.990e-10      5.451e-03      3.545e+01      1.343e+01      1.000e+01      0.000e+00      1.000e-03   
      56             57          1.597e-08     -8.393e-10      5.569e-03      3.447e+01      1.321e+01      1.000e+01      0.000e+00      1.000e-03   
      57             58          1.685e-08     -8.784e-10      5.662e-03      3.351e+01      1.299e+01      1.000e+01      0.000e+00      1.000e-03   
      58             59          1.777e-08     -9.174e-10      5.743e-03      3.256e+01      1.277e+01      1.000e+01      0.000e+00      1.000e-03   
      59             60          1.873e-08     -9.621e-10      5.856e-03      3.163e+01      1.255e+01      1.000e+01      0.000e+00      1.000e-03   
      60             61          1.974e-08     -1.004e-09      5.935e-03      3.072e+01      1.233e+01      1.000e+01      0.000e+00      1.000e-03   
      61             62          2.078e-08     -1.040e-09      5.974e-03      2.982e+01      1.211e+01      1.000e+01      0.000e+00      1.000e-03   
      62             63          2.187e-08     -1.090e-09      6.091e-03      2.894e+01      1.189e+01      1.000e+01      0.000e+00      1.000e-03   
      63             64          2.300e-08     -1.136e-09      6.177e-03      2.807e+01      1.167e+01      1.000e+01      0.000e+00      1.000e-03   
      64             65          2.419e-08     -1.188e-09      6.291e-03      2.722e+01      1.145e+01      1.000e+01      0.000e+00      1.000e-03   
      65             66          2.543e-08     -1.239e-09      6.382e-03      2.638e+01      1.124e+01      1.000e+01      0.000e+00      1.000e-03   
      66             67          2.672e-08     -1.296e-09      6.501e-03      2.556e+01      1.102e+01      1.000e+01      0.000e+00      1.000e-03   
      67             68          2.808e-08     -1.355e-09      6.621e-03      2.475e+01      1.081e+01      1.000e+01      0.000e+00      1.000e-03   
      68             69          2.949e-08     -1.407e-09      6.695e-03      2.396e+01      1.060e+01      1.000e+01      0.000e+00      1.000e-03   
      69             70          3.095e-08     -1.464e-09      6.785e-03      2.319e+01      1.038e+01      1.000e+01      0.000e+00      1.000e-03   
      70             71          3.247e-08     -1.522e-09      6.877e-03      2.243e+01      1.017e+01      1.000e+01      0.000e+00      1.000e-03   
      71             72          3.406e-08     -1.584e-09      6.975e-03      2.168e+01      9.964e+00      1.000e+01      0.000e+00      1.000e-03   
      72             73          3.569e-08     -1.629e-09      6.993e-03      2.095e+01      9.756e+00      1.000e+01      0.000e+00      1.000e-03   
      73             74          3.737e-08     -1.683e-09      7.048e-03      2.024e+01      9.549e+00      1.000e+01      0.000e+00      1.000e-03   
      74             75          3.911e-08     -1.742e-09      7.127e-03      1.954e+01      9.343e+00      1.000e+01      0.000e+00      1.000e-03   
  [mem] RSS 3.76 GB  peak 3.76 GB
  [it   75] bn 7.7603e-02  L 0.782  kappa 0.460  d_cc 1.053  d_pc 1.059  -> FEASIBLE  target FAILS d_cc,d_pc
      75             76          4.091e-08     -1.799e-09      7.188e-03      1.885e+01      9.139e+00      1.000e+01      0.000e+00      1.000e-03   
      76             77          4.277e-08     -1.864e-09      7.277e-03      1.819e+01      8.936e+00      1.000e+01      0.000e+00      1.000e-03   
      77             78          4.471e-08     -1.934e-09      7.383e-03      1.753e+01      8.735e+00      1.000e+01      0.000e+00      1.000e-03   
      78             79          4.670e-08     -1.996e-09      7.448e-03      1.689e+01      8.535e+00      1.000e+01      0.000e+00      1.000e-03   
      79             80          4.876e-08     -2.061e-09      7.523e-03      1.627e+01      8.337e+00      1.000e+01      0.000e+00      1.000e-03   
      80             81          5.090e-08     -2.135e-09      7.627e-03      1.566e+01      8.141e+00      1.000e+01      0.000e+00      1.000e-03   
      81             82          5.310e-08     -2.202e-09      7.701e-03      1.507e+01      7.946e+00      1.000e+01      0.000e+00      1.000e-03   
      82             83          5.537e-08     -2.272e-09      7.779e-03      1.449e+01      7.752e+00      1.000e+01      0.000e+00      1.000e-03   
      83             84          5.772e-08     -2.348e-09      7.875e-03      1.393e+01      7.561e+00      1.000e+01      0.000e+00      1.000e-03   
      84             85          6.012e-08     -2.404e-09      7.904e-03      1.338e+01      7.371e+00      1.000e+01      0.000e+00      1.000e-03   
      85             86          6.260e-08     -2.479e-09      7.989e-03      1.284e+01      7.184e+00      1.000e+01      0.000e+00      1.000e-03   
      86             87          6.515e-08     -2.550e-09      8.062e-03      1.232e+01      6.998e+00      1.000e+01      0.000e+00      1.000e-03   
      87             88          6.778e-08     -2.623e-09      8.138e-03      1.181e+01      6.814e+00      1.000e+01      0.000e+00      1.000e-03   
      88             89          7.049e-08     -2.713e-09      8.260e-03      1.131e+01      6.632e+00      1.000e+01      0.000e+00      1.000e-03   
      89             90          7.329e-08     -2.798e-09      8.361e-03      1.083e+01      6.453e+00      1.000e+01      0.000e+00      1.000e-03   
      90             91          7.617e-08     -2.880e-09      8.450e-03      1.036e+01      6.275e+00      1.000e+01      0.000e+00      1.000e-03   
      91             92          7.914e-08     -2.976e-09      8.631e-03      9.907e+00      6.100e+00      1.000e+01      0.000e+00      1.000e-03   
      92             93          8.222e-08     -3.071e-09      8.792e-03      9.466e+00      5.927e+00      1.000e+01      0.000e+00      1.000e-03   
      93             94          8.536e-08     -3.140e-09      8.856e-03      9.038e+00      5.757e+00      1.000e+01      0.000e+00      1.000e-03   
      94             95          8.860e-08     -3.246e-09      9.024e-03      8.624e+00      5.589e+00      1.000e+01      0.000e+00      1.000e-03   
      95             96          9.191e-08     -3.312e-09      9.090e-03      8.222e+00      5.423e+00      1.000e+01      0.000e+00      1.000e-03   
      96             97          9.527e-08     -3.361e-09      9.115e-03      7.833e+00      5.260e+00      1.000e+01      0.000e+00      1.000e-03   
      97             98          9.869e-08     -3.420e-09      9.183e-03      7.456e+00      5.099e+00      1.000e+01      0.000e+00      1.000e-03   
      98             99          1.022e-07     -3.491e-09      9.265e-03      7.092e+00      4.940e+00      1.000e+01      0.000e+00      1.000e-03   
      99             100         1.058e-07     -3.575e-09      9.377e-03      6.741e+00      4.785e+00      1.000e+01      0.000e+00      1.000e-03   
  [it  100] bn 7.8320e-02  L 0.786  kappa 0.570  d_cc 1.098  d_pc 1.098  -> FEASIBLE  target FAILS d_cc,d_pc
      100            101         1.094e-07     -3.640e-09      9.449e-03      5.335e+01      4.632e+00      1.043e+01      7.933e-02      5.335e+00   
  [mem] RSS 3.76 GB  peak 3.76 GB
      101            102         1.095e-07     -7.853e-11      2.224e-04      5.318e+01      4.623e+00      1.043e+01      7.933e-02      5.335e+00   
      102            103         1.098e-07     -3.200e-10      9.033e-04      5.252e+01      4.587e+00      1.043e+01      7.933e-02      5.335e+00   
      103            104         1.111e-07     -1.265e-09      3.542e-03      5.010e+01      4.455e+00      1.043e+01      7.933e-02      5.335e+00   
      104            105         1.124e-07     -1.339e-09      3.713e-03      4.777e+01      4.325e+00      1.043e+01      7.933e-02      5.335e+00   
      105            106         1.138e-07     -1.415e-09      3.897e-03      4.551e+01      4.197e+00      1.043e+01      7.933e-02      5.335e+00   
      106            107         1.153e-07     -1.488e-09      4.087e-03      4.333e+01      4.072e+00      1.043e+01      7.933e-02      5.335e+00   
      107            108         1.169e-07     -1.561e-09      4.281e-03      4.123e+01      3.948e+00      1.043e+01      7.933e-02      5.335e+00   
      108            109         1.185e-07     -1.625e-09      4.470e-03      3.921e+01      3.826e+00      1.043e+01      7.933e-02      5.335e+00   
      109            110         1.202e-07     -1.685e-09      4.651e-03      3.726e+01      3.706e+00      1.043e+01      7.933e-02      5.335e+00   
      110            111         1.219e-07     -1.743e-09      4.826e-03      3.538e+01      3.588e+00      1.043e+01      7.933e-02      5.335e+00   
      111            112         1.237e-07     -1.794e-09      4.989e-03      3.356e+01      3.473e+00      1.043e+01      7.933e-02      5.335e+00   
      112            113         1.256e-07     -1.845e-09      5.142e-03      3.182e+01      3.359e+00      1.043e+01      7.933e-02      5.335e+00   
      113            114         1.274e-07     -1.890e-09      5.290e-03      3.014e+01      3.248e+00      1.043e+01      7.933e-02      5.335e+00   
      114            115         1.294e-07     -1.937e-09      5.434e-03      2.853e+01      3.139e+00      1.043e+01      7.933e-02      5.335e+00   
      115            116         1.314e-07     -1.979e-09      5.567e-03      2.698e+01      3.033e+00      1.043e+01      7.933e-02      5.335e+00   
      116            117         1.334e-07     -2.018e-09      5.697e-03      2.550e+01      2.929e+00      1.043e+01      7.933e-02      5.335e+00   
      117            118         1.354e-07     -2.057e-09      5.826e-03      2.409e+01      2.827e+00      1.043e+01      7.933e-02      5.335e+00   
      118            119         1.375e-07     -2.099e-09      5.955e-03      2.274e+01      2.727e+00      1.043e+01      7.933e-02      5.335e+00   
      119            120         1.397e-07     -2.143e-09      6.090e-03      2.144e+01      2.630e+00      1.043e+01      7.933e-02      5.335e+00   
      120            121         1.419e-07     -2.195e-09      6.231e-03      2.021e+01      2.535e+00      1.043e+01      7.933e-02      5.335e+00   
      121            122         1.441e-07     -2.244e-09      6.365e-03      1.903e+01      2.443e+00      1.043e+01      7.933e-02      5.335e+00   
      122            123         1.464e-07     -2.292e-09      6.494e-03      1.791e+01      2.353e+00      1.043e+01      7.933e-02      5.335e+00   
      123            124         1.488e-07     -2.338e-09      6.612e-03      1.684e+01      2.265e+00      1.043e+01      7.933e-02      5.335e+00   
      124            125         1.511e-07     -2.388e-09      6.733e-03      1.585e+01      2.180e+00      1.043e+01      7.933e-02      5.335e+00   
  [it  125] bn 7.8700e-02  L 0.792  kappa 0.714  d_cc 1.136  d_pc 1.131  -> FEASIBLE  target FAILS d_cc,d_pc
      125            126         1.536e-07     -2.432e-09      6.837e-03      1.502e+01      2.097e+00      1.043e+01      7.933e-02      5.335e+00   
      126            127         1.560e-07     -2.474e-09      6.934e-03      1.423e+01      2.017e+00      1.043e+01      7.933e-02      5.335e+00   
  [mem] RSS 3.76 GB  peak 3.76 GB
      127            128         1.586e-07     -2.523e-09      7.031e-03      1.346e+01      1.938e+00      1.043e+01      7.933e-02      5.335e+00   
      128            129         1.611e-07     -2.574e-09      7.119e-03      1.273e+01      1.862e+00      1.043e+01      7.933e-02      5.335e+00   
      129            130         1.638e-07     -2.620e-09      7.208e-03      1.202e+01      1.789e+00      1.043e+01      7.933e-02      5.335e+00   
      130            131         1.664e-07     -2.661e-09      7.294e-03      1.135e+01      1.717e+00      1.043e+01      7.933e-02      5.335e+00   
      131            132         1.691e-07     -2.696e-09      7.371e-03      1.070e+01      1.648e+00      1.043e+01      7.933e-02      5.335e+00   
      132            133         1.718e-07     -2.728e-09      7.444e-03      1.008e+01      1.581e+00      1.043e+01      7.933e-02      5.335e+00   
      133            134         1.746e-07     -2.758e-09      7.521e-03      9.487e+00      1.517e+00      1.043e+01      7.933e-02      5.335e+00   
      134            135         1.774e-07     -2.782e-09      7.598e-03      8.917e+00      1.454e+00      1.043e+01      7.933e-02      5.335e+00   
      135            136         1.802e-07     -2.810e-09      7.674e-03      8.373e+00      1.393e+00      1.043e+01      7.933e-02      5.335e+00   
      136            137         1.830e-07     -2.828e-09      7.752e-03      7.854e+00      1.335e+00      1.043e+01      7.933e-02      5.335e+00   
      137            138         1.859e-07     -2.848e-09      7.832e-03      7.359e+00      1.278e+00      1.043e+01      7.933e-02      5.335e+00   
      138            139         1.887e-07     -2.872e-09      7.920e-03      6.888e+00      1.224e+00      1.043e+01      7.933e-02      5.335e+00   
      139            140         1.916e-07     -2.884e-09      8.001e-03      6.439e+00      1.171e+00      1.043e+01      7.933e-02      5.335e+00   
      140            141         1.945e-07     -2.900e-09      8.095e-03      6.012e+00      1.121e+00      1.043e+01      7.933e-02      5.335e+00   
      141            142         1.975e-07     -2.930e-09      8.197e-03      5.606e+00      1.072e+00      1.043e+01      7.933e-02      5.335e+00   
      142            143         2.004e-07     -2.954e-09      8.303e-03      4.361e+01      1.024e+00      1.489e+01      1.560e-01      4.361e+00   
      143            144         2.025e-07     -2.050e-09      4.105e-03      4.048e+01      9.846e-01      1.489e+01      1.560e-01      4.361e+00   
      144            145         2.045e-07     -2.051e-09      4.185e-03      3.759e+01      9.463e-01      1.489e+01      1.560e-01      4.361e+00   
      145            146         2.066e-07     -2.053e-09      4.277e-03      3.488e+01      9.093e-01      1.489e+01      1.560e-01      4.361e+00   
      146            147         2.086e-07     -2.055e-09      4.372e-03      3.236e+01      8.736e-01      1.489e+01      1.560e-01      4.361e+00   
      147            148         2.107e-07     -2.063e-09      4.479e-03      3.003e+01      8.390e-01      1.489e+01      1.560e-01      4.361e+00   
      148            149         2.128e-07     -2.076e-09      4.591e-03      2.786e+01      8.056e-01      1.489e+01      1.560e-01      4.361e+00   
      149            150         2.149e-07     -2.092e-09      4.695e-03      2.584e+01      7.733e-01      1.489e+01      1.560e-01      4.361e+00   
  [it  150] bn 7.9267e-02  L 0.798  kappa 0.898  d_cc 1.175  d_pc 1.167  -> FEASIBLE  target FAILS kappa,d_cc,d_pc
      150            151         2.170e-07     -2.102e-09      4.795e-03      2.396e+01      7.420e-01      1.489e+01      1.560e-01      4.361e+00   
      151            152         2.191e-07     -2.122e-09      4.891e-03      2.221e+01      7.117e-01      1.489e+01      1.560e-01      4.361e+00   
  [mem] RSS 3.76 GB  peak 3.76 GB
      152            153         2.212e-07     -2.131e-09      4.985e-03      2.060e+01      6.823e-01      1.489e+01      1.560e-01      4.361e+00   
      153            154         2.234e-07     -2.143e-09      5.088e-03      1.909e+01      6.538e-01      1.489e+01      1.560e-01      4.361e+00   
      154            155         2.255e-07     -2.147e-09      5.215e-03      1.768e+01      6.262e-01      1.489e+01      1.560e-01      4.361e+00   
      155            156         2.277e-07     -2.163e-09      5.344e-03      1.637e+01      5.994e-01      1.489e+01      1.560e-01      4.361e+00   
      156            157         2.298e-07     -2.178e-09      5.482e-03      1.514e+01      5.734e-01      1.489e+01      1.560e-01      4.361e+00   
      157            158         2.320e-07     -2.187e-09      5.636e-03      1.399e+01      5.482e-01      1.489e+01      1.560e-01      4.361e+00   
      158            159         2.342e-07     -2.211e-09      5.807e-03      1.293e+01      5.238e-01      1.489e+01      1.560e-01      4.361e+00   
      159            160         2.365e-07     -2.230e-09      5.962e-03      1.194e+01      5.001e-01      1.489e+01      1.560e-01      4.361e+00   
      160            161         2.387e-07     -2.239e-09      6.144e-03      1.101e+01      4.771e-01      1.489e+01      1.560e-01      4.361e+00   
      161            162         2.410e-07     -2.256e-09      6.337e-03      1.015e+01      4.549e-01      1.489e+01      1.560e-01      4.361e+00   
      162            163         2.432e-07     -2.279e-09      6.547e-03      9.352e+00      4.333e-01      1.489e+01      1.560e-01      4.361e+00   
      163            164         2.456e-07     -2.314e-09      6.797e-03      8.603e+00      4.125e-01      1.489e+01      1.560e-01      4.361e+00   
      164            165         2.479e-07     -2.350e-09      7.057e-03      7.904e+00      3.923e-01      1.489e+01      1.560e-01      4.361e+00   
      165            166         2.503e-07     -2.376e-09      7.270e-03      7.255e+00      3.727e-01      1.489e+01      1.560e-01      4.361e+00   
      166            167         2.527e-07     -2.394e-09      7.484e-03      6.650e+00      3.538e-01      1.489e+01      1.560e-01      4.361e+00   
      167            168         2.551e-07     -2.418e-09      7.712e-03      6.086e+00      3.356e-01      1.489e+01      1.560e-01      4.361e+00   
      168            169         2.575e-07     -2.446e-09      7.962e-03      5.565e+00      3.179e-01      1.489e+01      1.560e-01      4.361e+00   
      169            170         2.600e-07     -2.473e-09      8.203e-03      5.083e+00      3.009e-01      1.489e+01      1.560e-01      4.361e+00   
      170            171         2.625e-07     -2.508e-09      8.497e-03      4.634e+00      2.845e-01      1.489e+01      1.560e-01      4.361e+00   
      171            172         2.651e-07     -2.548e-09      8.792e-03      3.857e+01      2.687e-01      5.967e+01      2.200e-01      3.857e+00   
      172            173         2.670e-07     -1.935e-09      4.129e-03      3.524e+01      2.561e-01      5.967e+01      2.200e-01      3.857e+00   
      173            174         2.689e-07     -1.937e-09      4.260e-03      3.219e+01      2.439e-01      5.967e+01      2.200e-01      3.857e+00   
      174            175         2.709e-07     -1.962e-09      4.417e-03      2.937e+01      2.321e-01      5.967e+01      2.200e-01      3.857e+00   
  [it  175] bn 7.9514e-02  L 0.804  kappa 1.052  d_cc 1.210  d_pc 1.199  -> FAILS kappa  target FAILS kappa,d_cc,d_pc
      175            176         2.729e-07     -1.986e-09      4.573e-03      2.678e+01      2.207e-01      5.967e+01      2.200e-01      3.857e+00   
      176            177         2.749e-07     -2.008e-09      4.755e-03      2.438e+01      2.096e-01      5.967e+01      2.200e-01      3.857e+00   
      177            178         2.770e-07     -2.058e-09      4.926e-03      2.219e+01      1.988e-01      5.967e+01      2.200e-01      3.857e+00   
  [mem] RSS 3.76 GB  peak 3.76 GB
      178            179         2.790e-07     -2.087e-09      5.091e-03      2.018e+01      1.885e-01      5.967e+01      2.200e-01      3.857e+00   
second_order: compiling constraint Hessian for blocks CoilCurvature, CoilSetDistancePenalty, PlasmaCoilSetDistancePenalty
      179            180         2.812e-07     -2.115e-09      5.273e-03      1.833e+01      1.784e-01      5.967e+01      2.200e-01      3.857e+00   
      180            181         2.833e-07     -2.117e-09      5.474e-03      1.663e+01      1.687e-01      5.967e+01      2.200e-01      3.857e+00   
      181            182         2.854e-07     -2.133e-09      5.636e-03      1.506e+01      1.594e-01      5.967e+01      2.200e-01      3.857e+00   
      182            183         2.876e-07     -2.177e-09      5.829e-03      1.362e+01      1.503e-01      5.967e+01      2.200e-01      3.857e+00   
      183            184         2.898e-07     -2.193e-09      6.034e-03      1.230e+01      1.416e-01      5.967e+01      2.200e-01      3.857e+00   
      184            185         2.920e-07     -2.219e-09      6.235e-03      1.109e+01      1.333e-01      5.967e+01      2.200e-01      3.857e+00   
      185            186         2.942e-07     -2.230e-09      6.437e-03      9.980e+00      1.252e-01      5.967e+01      2.200e-01      3.857e+00   
      186            187         2.965e-07     -2.231e-09      6.639e-03      8.973e+00      1.175e-01      5.967e+01      2.200e-01      3.857e+00   
      187            188         2.987e-07     -2.246e-09      6.887e-03      8.050e+00      1.101e-01      5.967e+01      2.200e-01      3.857e+00   
      188            189         3.010e-07     -2.264e-09      7.181e-03      7.210e+00      1.029e-01      5.967e+01      2.200e-01      3.857e+00   
      189            190         3.032e-07     -2.272e-09      7.464e-03      6.444e+00      9.611e-02      5.967e+01      2.200e-01      3.857e+00   
  [mem] RSS 4.12 GB  peak 4.12 GB
      190            191         3.055e-07     -2.283e-09      7.765e-03      5.741e+00      8.958e-02      5.967e+01      2.200e-01      3.857e+00   
      191            192         3.078e-07     -2.287e-09      8.048e-03      5.098e+00      8.333e-02      5.967e+01      2.200e-01      3.857e+00   
      192            193         3.101e-07     -2.284e-09      8.409e-03      4.510e+00      7.737e-02      5.967e+01      2.200e-01      3.857e+00   
      193            194         3.124e-07     -2.311e-09      8.776e-03      3.979e+00      7.170e-02      5.967e+01      2.200e-01      3.857e+00   
      194            195         3.147e-07     -2.329e-09      9.235e-03      3.025e+01      6.632e-02      3.566e+02      5.659e+01      3.025e+00   
      195            196         3.158e-07     -1.084e-09      2.862e-03      2.689e+01      6.210e-02      3.566e+02      5.659e+01      3.025e+00   
      196            197         3.170e-07     -1.179e-09      3.042e-03      2.389e+01      5.806e-02      3.566e+02      5.659e+01      3.025e+00   
      197            198         3.183e-07     -1.268e-09      3.265e-03      2.119e+01      5.419e-02      3.566e+02      5.659e+01      3.025e+00   
      198            199         3.196e-07     -1.356e-09      3.520e-03      1.874e+01      5.050e-02      3.566e+02      5.659e+01      3.025e+00   
      199            200         3.211e-07     -1.443e-09      3.803e-03      1.672e+01      4.698e-02      3.566e+02      5.659e+01      3.025e+00   
  [it  200] bn 7.9455e-02  L 0.809  kappa 1.076  d_cc 1.242  d_pc 1.227  -> FAILS kappa  target FAILS kappa,d_cc,d_pc
      200            201         3.226e-07     -1.526e-09      4.107e-03      1.490e+01      4.525e-02      3.566e+02      5.659e+01      3.025e+00   
      201            202         3.242e-07     -1.605e-09      4.430e-03      1.326e+01      4.467e-02      3.566e+02      5.659e+01      3.025e+00   
      202            203         3.259e-07     -1.677e-09      4.766e-03      1.176e+01      4.401e-02      3.566e+02      5.659e+01      3.025e+00   
      203            204         3.276e-07     -1.753e-09      5.125e-03      1.057e+01      4.327e-02      3.566e+02      5.659e+01      3.025e+00   
      204            205         3.294e-07     -1.813e-09      5.491e-03      9.539e+00      4.245e-02      3.566e+02      5.659e+01      3.025e+00   
      205            206         3.313e-07     -1.872e-09      5.870e-03      8.527e+00      4.153e-02      3.566e+02      5.659e+01      3.025e+00   
      206            207         3.332e-07     -1.929e-09      6.255e-03      7.547e+00      4.050e-02      3.566e+02      5.659e+01      3.025e+00   
      207            208         3.352e-07     -1.975e-09      6.664e-03      6.610e+00      3.936e-02      3.566e+02      5.659e+01      3.025e+00   
      208            209         3.372e-07     -2.023e-09      7.070e-03      5.727e+00      3.811e-02      3.566e+02      5.659e+01      3.025e+00   
      209            210         3.393e-07     -2.051e-09      7.479e-03      4.906e+00      3.676e-02      3.566e+02      5.659e+01      3.025e+00   
      210            211         3.413e-07     -2.053e-09      7.928e-03      4.157e+00      3.528e-02      3.566e+02      5.659e+01      3.025e+00   
      211            212         3.434e-07     -2.097e-09      8.445e-03      3.766e+00      3.369e-02      3.566e+02      5.659e+01      3.025e+00   
      212            213         3.456e-07     -2.122e-09      8.971e-03      3.397e+00      3.199e-02      3.566e+02      5.659e+01      3.025e+00   
      213            214         3.477e-07     -2.154e-09      9.541e-03      3.054e+00      3.019e-02      3.566e+02      5.659e+01      3.025e+00   
  [mem] RSS 4.12 GB  peak 4.12 GB
      214            215         3.499e-07     -2.182e-09      1.020e-02      2.015e+01      2.829e-02      2.607e+03      2.773e+02      2.015e+00   
      215            216         3.505e-07     -5.933e-10      2.421e-03      1.739e+01      2.715e-02      2.607e+03      2.773e+02      2.015e+00   
      216            217         3.511e-07     -6.444e-10      2.605e-03      1.533e+01      2.590e-02      2.607e+03      2.773e+02      2.015e+00   
      217            218         3.518e-07     -7.041e-10      2.810e-03      1.356e+01      2.453e-02      2.607e+03      2.773e+02      2.015e+00   
      218            219         3.526e-07     -7.717e-10      3.037e-03      1.198e+01      2.307e-02      2.607e+03      2.773e+02      2.015e+00   
      219            220         3.535e-07     -8.503e-10      3.294e-03      1.079e+01      2.151e-02      2.607e+03      2.773e+02      2.015e+00   
      220            221         3.544e-07     -9.377e-10      3.582e-03      9.744e+00      1.988e-02      2.607e+03      2.773e+02      2.015e+00   
      221            222         3.554e-07     -1.034e-09      3.910e-03      8.742e+00      1.819e-02      2.607e+03      2.773e+02      2.015e+00   
      222            223         3.566e-07     -1.138e-09      4.289e-03      7.784e+00      1.646e-02      2.607e+03      2.773e+02      2.015e+00   
      223            224         3.578e-07     -1.251e-09      4.724e-03      6.871e+00      1.469e-02      2.607e+03      2.773e+02      2.015e+00   
      224            225         3.592e-07     -1.375e-09      5.226e-03      6.008e+00      1.292e-02      2.607e+03      2.773e+02      2.015e+00   
  [it  225] bn 7.9297e-02  L 0.811  kappa 0.844  d_cc 1.265  d_pc 1.249  -> FEASIBLE  target FAILS kappa,d_pc
      225            226         3.607e-07     -1.514e-09      5.829e-03      5.195e+00      1.315e-02      2.607e+03      2.773e+02      2.015e+00   
      226            227         3.624e-07     -1.665e-09      6.541e-03      4.427e+00      1.357e-02      2.607e+03      2.773e+02      2.015e+00   
      227            228         3.642e-07     -1.838e-09      7.439e-03      3.705e+00      1.398e-02      2.607e+03      2.773e+02      2.015e+00   
      228            229         3.662e-07     -2.012e-09      8.512e-03      3.037e+00      1.439e-02      2.607e+03      2.773e+02      2.015e+00   
      229            230         3.685e-07     -2.239e-09      9.932e-03      2.431e+00      1.480e-02      2.607e+03      2.773e+02      2.015e+00   
      230            231         3.710e-07     -2.510e-09      1.173e-02      3.380e+00      1.521e-02      2.608e+03      3.495e+03      3.380e-01   
      231            232         3.726e-07     -1.664e-09      8.944e-03      2.969e+00      1.557e-02      2.608e+03      3.495e+03      3.380e-01   
      232            233         3.744e-07     -1.791e-09      9.913e-03      2.577e+00      1.591e-02      2.608e+03      3.495e+03      3.380e-01   
      233            234         3.764e-07     -1.937e-09      1.102e-02      2.208e+00      1.625e-02      2.608e+03      3.495e+03      3.380e-01   
      234            235         3.785e-07     -2.118e-09      1.234e-02      1.865e+00      1.667e-02      2.608e+03      3.495e+03      3.380e-01   
      235            236         3.808e-07     -2.313e-09      1.386e-02      1.551e+00      1.726e-02      2.608e+03      3.495e+03      3.380e-01   
      236            237         3.833e-07     -2.510e-09      1.556e-02      1.270e+00      1.783e-02      2.608e+03      3.495e+03      3.380e-01   
      237            238         3.861e-07     -2.758e-09      1.747e-02      1.022e+00      1.838e-02      2.608e+03      3.495e+03      3.380e-01   
  [mem] RSS 4.12 GB  peak 4.12 GB
      238            239         3.890e-07     -2.982e-09      1.975e-02      8.085e-01      1.892e-02      2.608e+03      3.495e+03      3.380e-01   
      239            240         3.922e-07     -3.160e-09      2.217e-02      6.596e-01      1.943e-02      2.608e+03      3.495e+03      3.380e-01   
      240            241         3.955e-07     -3.332e-09      2.486e-02      5.359e-01      1.990e-02      2.608e+03      3.495e+03      3.380e-01   
      241            242         3.990e-07     -3.472e-09      2.728e-02      4.375e-01      2.031e-02      2.608e+03      3.495e+03      3.380e-01   
      242            243         4.026e-07     -3.630e-09      2.963e-02      3.538e-01      2.065e-02      2.608e+03      3.495e+03      3.380e-01   
      243            244         4.064e-07     -3.711e-09      3.238e-02      4.268e+01      2.091e-02      2.619e+03      3.748e+03      4.268e+00   
      244            245         4.072e-07     -8.415e-10      1.502e-02      7.654e+00      1.957e-02      2.619e+03      3.748e+03      4.268e+00   
      245            246         4.081e-07     -9.545e-10      1.673e-02      8.022e+00      1.817e-02      2.729e+03      3.949e+03      8.022e-01   
      246            247         4.080e-07      1.286e-10      5.241e-03      6.618e+00      1.596e-02      2.729e+03      3.949e+03      8.022e-01   
      247            248         4.079e-07      7.949e-11      5.698e-03      5.540e+00      1.380e-02      2.729e+03      3.949e+03      8.022e-01   
      248            249         4.079e-07      1.389e-11      6.276e-03      4.515e+00      1.166e-02      2.729e+03      3.949e+03      8.022e-01   
      249            250         4.080e-07     -8.378e-11      7.035e-03      3.546e+00      9.574e-03      2.729e+03      3.949e+03      8.022e-01   
  [it  250] bn 7.9243e-02  L 0.811  kappa 0.813  d_cc 1.270  d_pc 1.267  -> FEASIBLE  target FAILS kappa
      250            251         4.083e-07     -2.417e-10      8.105e-03      2.644e+00      7.557e-03      2.729e+03      3.949e+03      8.022e-01   
      251            252         4.087e-07     -4.942e-10      9.717e-03      1.832e+00      5.896e-03      2.729e+03      3.949e+03      8.022e-01   
      252            253         4.096e-07     -8.670e-10      1.210e-02      1.188e+00      4.690e-03      2.729e+03      3.949e+03      8.022e-01   
      253            254         4.109e-07     -1.300e-09      1.506e-02      7.910e-01      3.402e-03      2.729e+03      4.100e+03      7.910e-02   
      254            255         4.126e-07     -1.672e-09      1.966e-02      5.744e+00      2.180e-03      2.729e+03      4.100e+03      7.910e-02   
      255            256         4.144e-07     -1.810e-09      2.140e-02      1.320e+00      1.764e-03      2.729e+03      4.100e+03      7.910e-02   
      256            257         4.164e-07     -1.968e-09      2.414e-02      5.883e-01      1.707e-03      2.729e+03      4.100e+03      7.910e-02   
      257            258         4.186e-07     -2.227e-09      2.734e-02      3.198e-01      1.596e-03      2.729e+03      4.100e+03      7.910e-02   
      258            259         4.211e-07     -2.498e-09      3.059e-02      1.651e-01      1.487e-03      2.729e+03      4.100e+03      7.910e-02   
      259            260         4.236e-07     -2.465e-09      3.349e-02      9.438e-02      1.408e-03      2.729e+03      4.100e+03      7.910e-02   
      260            261         4.258e-07     -2.202e-09      3.681e-02      2.854e+00      1.414e-03      2.729e+03      4.127e+03      2.854e-01   
  [mem] RSS 4.12 GB  peak 4.12 GB
      261            262         4.301e-07     -4.388e-09      4.086e-02      4.956e-01      1.779e-03      2.729e+03      4.145e+03      4.956e-02   
      262            263         4.346e-07     -4.445e-09      4.274e-02      2.633e-01      2.184e-03      2.729e+03      4.156e+03      2.633e-02   
      263            264         4.365e-07     -1.947e-09      3.972e-02      2.978e-02      2.009e-03      2.729e+03      4.156e+03      2.633e-02   
      264            265         4.362e-07      3.575e-10      3.655e-02      1.727e-01      1.953e-03      2.729e+03      4.160e+03      1.727e-02   
      265            266         4.318e-07      4.365e-09      4.812e-02      3.143e-01      1.309e-03      2.729e+03      4.161e+03      3.143e-02   
      266            267         4.278e-07      4.047e-09      5.387e-02      9.358e-02      7.260e-04      2.729e+03      4.162e+03      9.358e-03   
      267            268         4.268e-07      9.708e-10      6.088e-02      9.790e-03      2.650e-04      2.729e+03      4.162e+03      9.790e-04   
      268            269         4.275e-07     -6.728e-10      3.817e-02      1.508e-02      4.755e-05      2.729e+03      4.162e+03      9.790e-04   
      269            270         4.410e-07     -1.350e-08      2.060e-01      7.511e-02      1.380e-07      2.729e+03      4.162e+03      9.790e-04   
      270            271         4.422e-07     -1.236e-09      1.145e-02      1.482e-02      3.847e-08      2.729e+03      4.162e+03      1.482e-03   
      271            272         4.597e-07     -1.747e-08      4.637e-02      8.430e-03      5.478e-07      2.729e+03      4.162e+03      1.482e-03   
      272            274         4.615e-07     -1.840e-09      9.089e-03      1.518e-03      6.331e-08      2.729e+03      4.162e+03      1.482e-03   
      273            277         4.623e-07     -7.498e-10      2.001e-03      3.419e-03      5.991e-08      2.729e+03      4.162e+03      1.482e-03   
      274            278         4.623e-07     -6.832e-11      4.335e-04      3.504e-03      4.102e-09      2.729e+03      4.162e+03      3.504e-04   
  [it  275] bn 7.9944e-02  L 0.810  kappa 0.748  d_cc 1.281  d_pc 1.274  -> FEASIBLE  target FEASIBLE
  feasible against the target set: stopping
      275            279         4.627e-07     -3.360e-10      5.433e-03      7.099e-04      7.878e-08      2.729e+03      4.162e+03      3.504e-04   
Warning: User supplied callback triggered termination
         Current function value: 4.627e-07
         Constraint violation: 7.878e-08
         Total delta_x: 9.619e-01
         Iterations: 275
         Function evaluations: 279
         Jacobian evaluations: 275
Timer: Solution time = 6.39 min
Timer: Avg time per step = 1.39 sec
==============================================================================================================
                                                                 Start  -->   End
Total (sum of squares):                                      0.000e+00  -->   4.627e-07, 
Fixed parameters error:                                      0.000e+00  -->   9.619e-01 (~)
Maximum Coil length:                                         2.783e+01  -->   2.916e+01 (m)
Minimum Coil length:                                         2.783e+01  -->   2.791e+01 (m)
Average Coil length:                                         2.783e+01  -->   2.865e+01 (m)
Maximum Coil length:                                         6.283e+00  -->   6.584e+00 (normalized)
Minimum Coil length:                                         6.283e+00  -->   6.301e+00 (normalized)
Average Coil length:                                         6.283e+00  -->   6.468e+00 (normalized)
Maximum Coil curvature:                                      2.258e-01  -->   1.113e+00 (m^-1)
Minimum Coil curvature:                                      2.258e-01  -->   2.043e-02 (m^-1)
Average Coil curvature:                                      2.258e-01  -->   3.408e-01 (m^-1)
Maximum Coil curvature:                                      1.000e+00  -->   4.932e+00 (normalized)
Minimum Coil curvature:                                      1.000e+00  -->   9.049e-02 (normalized)
Average Coil curvature:                                      1.000e+00  -->   1.510e+00 (normalized)
Maximum Coil-coil distance penalty:                          2.593e+01  -->   7.878e-08 (dimensionless)
Minimum Coil-coil distance penalty:                          0.000e+00  -->   0.000e+00 (dimensionless)
Average Coil-coil distance penalty:                          8.880e-01  -->   2.246e-09 (dimensionless)
  [mem] RSS 4.13 GB  peak 4.13 GB
Maximum Plasma-coil distance penalty:                        3.731e+01  -->   2.901e-09 (dimensionless)
Minimum Plasma-coil distance penalty:                        0.000e+00  -->   0.000e+00 (dimensionless)
Average Plasma-coil distance penalty:                        6.927e+00  -->   3.683e-10 (dimensionless)
Fixed coil current error:                                    0.000e+00  -->   0.000e+00 (A)
==============================================================================================================


SOLVER {'wall_s': 397.52864813804626, 'message': 'User supplied callback triggered termination', 'nit': 275, 'n_outer': 18, 'constr_violation': 7.878107306716007e-08, 'y_absmax_final': 4161.826835543753}
START  bn 7.7194e-02  L 0.773  kappa 0.151  d_cc 0.944  d_pc 0.902  -> FAILS d_cc,d_pc
RESULT bn 7.9944e-02  L 0.810  kappa 0.748  d_cc 1.281  d_pc 1.274  linked 0  -> FEASIBLE  active []  target FEASIBLE
wrote work/helios/xyz16/feas/result.h5, result.json, result.png
