Running as unit: run-p2157620-i2161085.scope; invocation ID: 9fbe4d01875c431a8ca598703b02dd0e
E1008 02:47:06.422128 2157764 cuda_executor.cc:1743] Could not get kernel mode driver version: ( INVALID_ARGUMENT: Version does not match the format X.Y.Z )
E1008 02:47:06.435247 2157620 cuda_executor.cc:1743] Could not get kernel mode driver version: ( INVALID_ARGUMENT: Version does not match the format X.Y.Z )
DESC /home/singh/Documents/DESC2/desc
DEVICE requested=gpu obtained=gpu (1x NVIDIA GeForce RTX 5070 Laptop GPU)
  [mem] RSS 0.83 GB  peak 0.83 GB
eq work/ss_qh/matrix/ss/xyz_k4b/eq_k4.h5 NFP 4 sym True; start work/ss_qh/matrix/base/planarN7/result.h5: 4 unique coils (FourierPlanarCoil), 4 top-level; VACUUM
BOUNDS L 2.926  Ltot -  kappa 13.67  kms 18.69  convex -  planar -  dcc 0.05851  dpc 0.1097
  built coil length in 2.6 s
  built coil curvature in 0.2 s
  built coil mean squared curvature in 0.2 s
  built coil-coil distance rows in 3.9 s
E1008 02:47:22.268201 2157782 xtile_compiler.cc:399] Fusion: input_reduce_fusion = f64[66177]{0} fusion(a.1, b.1), kind=kCustom, calls=fused_reduce.clone, backend_config={"operation_queue_id":"0","wait_on_operation_queues":[],"fusion_backend_config":{"kind":"__triton","block_level_fusion_config":{"num_warps":"8","output_tiles":[{"sizes":["64"]}],"num_ctas":1,"num_stages":1,"is_tma_allowed":true,"is_warp_specialization_allowed":false}},"force_earliest_schedule":false,"reification_cost":[],"device_type":"DEVICE_TYPE_INVALID"}
E1008 02:47:22.268259 2157782 xtile_compiler.cc:401] Computation: fused_reduce.clone {
  param_0.2 = f64[66177,144]{1,0} parameter(0)
  param_1.2 = f64[144]{0} parameter(1)
  broadcast.2 = f64[66177,144]{1,0} broadcast(param_1.2), dimensions={1}
  multiply.2 = f64[66177,144]{1,0} multiply(param_0.2, broadcast.2)
  constant_2 = f64[] constant(0)
  ROOT reduce.2 = f64[66177]{0} reduce(multiply.2, constant_2), dimensions={1}, to_apply=scalar_add_computation
}
E1008 02:47:25.746601 2157794 xtile_compiler.cc:399] Fusion: input_reduce_fusion = f64[65536]{0} fusion(a.1, b.1), kind=kCustom, calls=fused_reduce.clone, backend_config={"operation_queue_id":"0","wait_on_operation_queues":[],"fusion_backend_config":{"kind":"__triton","block_level_fusion_config":{"num_warps":"8","output_tiles":[{"sizes":["64"]}],"num_ctas":1,"num_stages":1,"is_tma_allowed":true,"is_warp_specialization_allowed":false}},"force_earliest_schedule":false,"reification_cost":[],"device_type":"DEVICE_TYPE_INVALID"}
E1008 02:47:25.746654 2157794 xtile_compiler.cc:401] Computation: fused_reduce.clone {
  param_0.2 = f64[65536,144]{1,0} parameter(0)
  param_1.2 = f64[144]{0} parameter(1)
  broadcast.2 = f64[65536,144]{1,0} broadcast(param_1.2), dimensions={1}
  multiply.2 = f64[65536,144]{1,0} multiply(param_0.2, broadcast.2)
  constant_2 = f64[] constant(0)
  ROOT reduce.2 = f64[65536]{0} reduce(multiply.2, constant_2), dimensions={1}, to_apply=scalar_add_computation
}
  [mem] RSS 2.59 GB  peak 3.41 GB
E1008 02:47:55.954495 2157794 xtile_compiler.cc:399] Fusion: input_reduce_fusion = f64[50000]{0} fusion(a.1, b.1), kind=kCustom, calls=fused_reduce.clone, backend_config={"operation_queue_id":"0","wait_on_operation_queues":[],"fusion_backend_config":{"kind":"__triton","block_level_fusion_config":{"num_warps":"8","output_tiles":[{"sizes":["64"]}],"num_ctas":1,"num_stages":1,"is_tma_allowed":true,"is_warp_specialization_allowed":false}},"force_earliest_schedule":false,"reification_cost":[],"device_type":"DEVICE_TYPE_INVALID"}
E1008 02:47:55.954543 2157794 xtile_compiler.cc:401] Computation: fused_reduce.clone {
  param_0.2 = f64[50000,144]{1,0} parameter(0)
  param_1.2 = f64[144]{0} parameter(1)
  broadcast.2 = f64[50000,144]{1,0} broadcast(param_1.2), dimensions={1}
  multiply.2 = f64[50000,144]{1,0} multiply(param_0.2, broadcast.2)
  constant_2 = f64[] constant(0)
  ROOT reduce.2 = f64[50000]{0} reduce(multiply.2, constant_2), dimensions={1}, to_apply=scalar_add_computation
}
  [mem] RSS 3.28 GB  peak 3.95 GB
  [mem] RSS 4.01 GB  peak 4.08 GB
  [mem] RSS 3.87 GB  peak 4.13 GB
  [mem] RSS 4.12 GB  peak 4.25 GB
  built plasma-coil distance field in 159.4 s
BUILD 168.7 s; cc gap 2.334 mm on 513 nodes/coil, pc node margin 0.556 mm on 513 nodes/coil; cc active rows at start 4900 of 10000; field {'max_error': 1.4948111377866002e-06, 'concave_radius': np.float64(0.2412177622373268), 'node_margin': 0.0005558236641974026}
INFO {'kind': 'FourierPlanarCoil', 'gauge': 'largest normal component pinned', 'field_grid': 'uniform N=50 (101 nodes)', 'n_nodes': 513, 'speed_ratio': 2.0, 'cc_gap_mode': 'bounds', 'cc_gap': 0.002334459389629091, 'pc_node_margin': 0.0005558236641974026}
  coil length                      rows 4
  coil curvature                   rows 2404
  coil mean squared curvature      rows 4
  coil-coil distance rows          rows 18948240
  plasma-coil distance field       rows 4104
/home/singh/Documents/DESC2/desc/utils.py:590: UserWarning: Unequal number of field periods for grid 1 and basis 4.
  warnings.warn(msg, err)
/home/singh/Documents/DESC2/desc/utils.py:590: UserWarning: Unequal number of field periods for grid 1 and basis 4.
  warnings.warn(msg, err)
  [mem] RSS 4.08 GB  peak 4.27 GB
START  bn 2.1437e-02  L 1.000  kappa 1.001  kMS 1.000  d_cc 1.039  d_pc 0.991  linked 0  -> FAILS L,kappa,kMS,d_pc
START  true: cc 0.06063 pc 0.10865 max L 2.9255 max |k| 13.659 linked [] gap {'used': 0.002334459389629091, 'needed': 0.0022100528699136985}
maxiter 0: build check only
  [mem] RSS 5.27 GB  peak 5.27 GB
