Running as unit: run-p952777-i954225.scope; invocation ID: b6c32ac12864434f9d90f2700bf0f54b
E0921 19:57:59.464606  952864 cuda_executor.cc:1743] Could not get kernel mode driver version: ( INVALID_ARGUMENT: Version does not match the format X.Y.Z )
E0921 19:57:59.479158  952777 cuda_executor.cc:1743] Could not get kernel mode driver version: ( INVALID_ARGUMENT: Version does not match the format X.Y.Z )
DEVICE requested=gpu obtained=gpu (1x NVIDIA GeForce RTX 5070 Laptop GPU)
  [mem] RSS 0.83 GB  peak 0.83 GB
/home/singh/Documents/DESC2/coil_sandbox/vendor/desc/utils.py:590: UserWarning: Unequal number of field periods for grid 1 and basis 2.
  warnings.warn(msg, err)
/home/singh/Documents/DESC2/coil_sandbox/vendor/desc/utils.py:590: UserWarning: Unequal number of field periods for grid 1 and basis 2.
  warnings.warn(msg, err)
JOINT PLANE: every hinge snapped to z = 0.0 m and held there (largest move 0.0000 m; the START line below is AFTER the snap)
eq sample_equilibria/helios_repro.h5 (h5) NFP 2 sym True; start work/helios/arc16/midplane/free/result.h5: 4 unique coils, arc=True, expect 16 coils; source grid gl (48 nodes/coil), length grid gl (48), constraint grid 301, curvature grid 301; mode stage2; plasma field included (virtual casing)
SETTINGS {'eq': 'sample_equilibria/helios_repro.h5', 'start': 'work/helios/arc16/midplane/free/result.h5', 'out': 'work/helios/arc16/midplane/dual_L28_c60', 'mode': 'stage2', 'length_mult': 1.0, 'margin': 0.0, 'fix_hinges': False, 'anchor_weight': 0.001, 'margin_skip': '', 'a': None, 'bounds': 'bounds/helios_L28.json', 'device': None, 'vacuum': False, 'maxiter': 400, 'check_every': 25, 'ckpt_every': 50, 'diag_log': 'diag.jsonl', 'dcc_backoff': 0.025, 'dpc_backoff': 0.02, 'no_arc_backoffs': False, 'convex_form': 'signed', 'convex_kmin': 0.0, 'convex_backoff': 0.5, 'demount_margin': 0.3, 'demount_backoff': 0.02, 'demount_arcs': False, 'demount_delta': 0.5, 'demount_eps': 0.25, 'fix_hinge_z': 0.0, 'corner_max': 60.0, 'planarity': 'auto', 'planarity_tol': 0.0, 'speed_floor': 0.0, 'arclength_weight': 0.0, 'torsion_weight': 0.0, 'coil_grid_n': 150, 'kappa_grid_n': None, 'eval_m': 25, 'eval_n': 25, 'plasma_m': 64, 'plasma_n': 64, 'src_gl': 24, 'src_n': 400, 'vc_m': None, 'vc_n': None, 'vc_chunk': 64, 'dcc_k': 20000, 'dpc_k': 20000, 'no_signed': False, 'dcc_neighbors': None, 'dcc_chunk': 4, 'dpc_chunk': 1, 'qf_chunk': 25, 'coil_jac_chunk': None, 'no_second_order': False, 'so_chunk': 16, 'so_rtol': 0.05, 'max_tr': 0.5, 'max_inner_iter': 100, 'ctol': 0.0001}
BOUNDS (judged, absolute, a=1.77186) L 28  Ltot -  kappa 1.5  kms -  convex 0.001  planar -  dcc 1.2  dpc 1.2
ENFORCED L 28  Ltot -  kappa 1.492  kms -  convex 0.0005  planar -  dcc 1.239  dpc 1.224  (convexity: signed, kappa_s >= 0.0)
/home/singh/Documents/DESC2/coil_sandbox/vendor/desc/utils.py:590: UserWarning: Unequal number of field periods for grid 1 and basis 2.
  warnings.warn(msg, err)
/home/singh/Documents/DESC2/coil_sandbox/vendor/desc/utils.py:590: UserWarning: Unequal number of field periods for grid 1 and basis 2.
  warnings.warn(msg, err)
  [mem] RSS 2.94 GB  peak 2.94 GB
START  bn 2.6724e-02  L 1.000  kappa 0.373  convex 0.065  d_cc 1.306  d_pc 0.993  linked 0  coils 16  -> FAILS d_pc  demount: min hinge clearance +0.912 m, worst arc blocked 0.00%  -> REMOVABLE
Building objective: Quadratic flux
Precomputing transforms
/home/singh/Documents/DESC2/coil_sandbox/vendor/desc/utils.py:590: UserWarning: Could not build fft interpolator, switching to dft which is slow.
Reason: Got False for eval_grid.can_fft2.
  warnings.warn(msg, err)
  [mem] RSS 7.56 GB  peak 7.56 GB
  [mem] RSS 7.80 GB  peak 7.80 GB
  [mem] RSS 6.13 GB  peak 7.92 GB
Timer: Precomputing transforms = 1.26 min
Timer: Objective build = 1.27 min
Building objective: hinge joint plane
Building objective: summed coil current
Building objective: fixed shift
Building objective: fixed rotation
Building objective: fixed arc reference
Timer: Objective build = 737 ms
Timer: Objective build = 2.84 ms
Timer: LinearConstraintProjection build = 3.05 sec
Timer: LinearConstraintProjection build = 136 ms
Number of parameters: 67
Number of objectives: 1326
Number of equality constraints: 0
Number of inequality constraints: 2498
Timer: Initializing the optimization = 1.35 min

Starting optimization
Using method: lsq-auglag
/home/singh/Documents/DESC2/coil_sandbox/vendor/desc/utils.py:590: FutureWarning: constants is deprecated and will be removed in a future release. Users should not include constants in the arguments of their objective compute methods. Instead declare all the constants in the build method and use as self._constants.
  warnings.warn(msg, err)
  [mem] RSS 5.16 GB  peak 7.92 GB
E0921 20:00:31.396732  952887 cuda_timer.cc:87] Delay kernel timed out: measured time has sub-optimal accuracy. There may be a missing warmup execution, please investigate in Nsight Systems.
/home/singh/Documents/DESC2/coil_sandbox/vendor/desc/utils.py:590: FutureWarning: constants is deprecated and will be removed in a future release. Users should not include constants in the arguments of their objective compute methods. Instead declare all the constants in the build method and use as self._constants.
  warnings.warn(msg, err)
  [mem] RSS 5.83 GB  peak 7.92 GB
second_order: compiling constraint Hessian for blocks PlasmaCoilSetDistancePenalty
  [mem] RSS 5.98 GB  peak 7.92 GB
Solver options:
------------------------------------------------------------
Maximum Function Evaluations       : 2001
Maximum Allowed Total Δx Norm      : inf
Scaled Termination                 : True
Trust Region Method                : svd
Initial Trust Radius               : 1.885e-01
Maximum Trust Radius               : 5.000e-01
Minimum Trust Radius               : 2.220e-16
Trust Radius Increase Ratio        : 4.000e+00
Trust Radius Decrease Ratio        : 2.500e-01
Trust Radius Increase Threshold    : 7.500e-01
Trust Radius Decrease Threshold    : 5.000e-01
Alpha Omega                        : 1.000e+00
Beta Omega                         : 1.000e+00
Alpha Eta                          : 1.000e-01
Beta Eta                           : 9.000e-01
Omega                              : 1.000e-02
Eta                                : 1.000e-02
Tau                                : 1.000e+01
------------------------------------------------------------ 

   Iteration     Total nfev        Cost      Cost reduction    Step norm     Optimality    Constr viol.   Penalty param  max(|mltplr|)      gtolk     
       0              1          4.820e-02                                    7.240e-02      2.364e-02      1.000e+01      0.000e+00      1.000e-03   
second_order: compiling constraint Hessian for blocks CoilLength, HingeShadowClearance, PlasmaCoilSetDistancePenalty
E0921 20:01:49.913420  952894 cuda_timer.cc:87] Delay kernel timed out: measured time has sub-optimal accuracy. There may be a missing warmup execution, please investigate in Nsight Systems.
  [mem] RSS 6.64 GB  peak 7.92 GB
       1              2          4.819e-02      7.230e-06      3.547e-03      2.395e-02      1.267e-02      1.000e+01      0.000e+00      1.000e-03   
second_order: compiling constraint Hessian for blocks CoilLength, CoilCurvature, CoilSignedCurvature, CoilCornerAngle, HingeShadowClearance, PlasmaCoilSetDistancePenalty
  [mem] RSS 7.22 GB  peak 7.92 GB
  [mem] RSS 8.21 GB  peak 8.21 GB
E0921 20:03:08.543487  952890 cuda_timer.cc:87] Delay kernel timed out: measured time has sub-optimal accuracy. There may be a missing warmup execution, please investigate in Nsight Systems.
  [mem] RSS 8.38 GB  peak 8.40 GB
  [mem] RSS 8.44 GB  peak 8.44 GB
       2              3          4.819e-02     -1.174e-06      2.948e-03      9.342e-03      7.142e-03      1.000e+01      0.000e+00      1.000e-03   
       3              4          4.823e-02     -3.633e-05      6.033e-03      2.172e-02      4.376e-03      1.000e+01      0.000e+00      1.000e-03   
       4              5          4.822e-02      1.161e-05      1.701e-03      3.632e-03      4.090e-03      1.000e+01      0.000e+00      1.000e-03   
       5              6          4.822e-02      3.174e-07      2.474e-03      1.844e-02      3.228e-03      1.000e+01      0.000e+00      1.000e-03   
       6              7          4.818e-02      4.100e-05      1.988e-02      7.983e-03      2.394e-03      1.000e+01      0.000e+00      1.000e-03   
second_order: compiling constraint Hessian for blocks CoilLength, CoilSignedCurvature, CoilCornerAngle, HingeShadowClearance, PlasmaCoilSetDistancePenalty
  [mem] RSS 8.45 GB  peak 8.45 GB
  [mem] RSS 8.54 GB  peak 8.64 GB
  [mem] RSS 8.61 GB  peak 8.64 GB
       7              8          4.818e-02      1.839e-06      5.211e-04      3.664e-03      2.366e-03      1.000e+01      2.366e-02      3.664e-04   
second_order: compiling constraint Hessian for blocks CoilLength, CoilSignedCurvature, HingeShadowClearance, PlasmaCoilSetDistancePenalty
  [mem] RSS 8.74 GB  peak 8.74 GB
  [mem] RSS 8.76 GB  peak 8.76 GB
       8              9          4.821e-02     -3.099e-05      2.043e-03      6.478e-03      2.243e-03      1.000e+01      2.366e-02      3.664e-04   
       9             10          4.820e-02      3.340e-06      9.024e-04      2.031e-03      2.141e-03      1.000e+01      2.366e-02      3.664e-04   
      10             11          4.822e-02     -1.498e-05      1.495e-03      8.069e-03      1.820e-03      1.000e+01      2.366e-02      3.664e-04   
      11             12          4.821e-02      5.790e-06      6.231e-03      7.558e-03      1.736e-03      1.000e+01      2.366e-02      3.664e-04   
  [mem] RSS 8.84 GB  peak 8.84 GB
      12             13          4.821e-02      4.845e-06      7.492e-04      1.458e-03      1.694e-03      1.000e+01      2.366e-02      3.664e-04   
      13             14          4.821e-02      2.200e-06      2.102e-03      1.446e-02      1.204e-03      1.000e+01      2.366e-02      3.664e-04   
second_order: compiling constraint Hessian for blocks CoilLength, CoilSignedCurvature, PlasmaCoilSetDistancePenalty
  [mem] RSS 8.94 GB  peak 8.94 GB
  [mem] RSS 9.12 GB  peak 9.12 GB
      14             15          4.821e-02     -8.011e-07      8.551e-04      8.516e-04      1.194e-03      1.000e+01      2.366e-02      3.664e-04   
      15             16          4.820e-02      2.216e-06      2.508e-03      8.298e-04      1.173e-03      1.000e+01      2.366e-02      3.664e-04   
      16             17          4.820e-02      2.475e-06      2.939e-03      8.075e-04      1.147e-03      1.000e+01      2.366e-02      3.664e-04   
      17             18          4.820e-02      4.401e-06      5.571e-03      7.568e-04      1.099e-03      1.000e+01      2.366e-02      3.664e-04   
      18             19          4.820e-02     -6.924e-06      5.707e-04      1.910e-03      1.066e-03      1.000e+01      2.366e-02      3.664e-04   
      19             20          4.820e-02      2.232e-06      3.145e-04      6.576e-04      1.048e-03      1.000e+01      2.366e-02      3.664e-04   
      20             21          4.821e-02     -3.617e-06      6.503e-04      5.248e-03      9.688e-04      1.000e+01      2.366e-02      3.664e-04   
  [mem] RSS 9.17 GB  peak 9.17 GB
second_order: compiling constraint Hessian for blocks CoilLength, CoilCurvature, CoilSignedCurvature, HingeShadowClearance, PlasmaCoilSetDistancePenalty
  [mem] RSS 9.31 GB  peak 9.31 GB
  [mem] RSS 9.95 GB  peak 9.95 GB
      21             22          4.820e-02      1.854e-06      2.199e-03      5.112e-03      9.525e-04      1.000e+01      2.366e-02      3.664e-04   
  [mem] RSS 10.00 GB  peak 10.00 GB
      22             23          4.820e-02      3.847e-06      4.604e-03      4.815e-03      9.156e-04      1.000e+01      2.366e-02      3.664e-04   
      23             24          4.819e-02      1.233e-05      1.476e-02      3.827e-03      7.983e-04      1.000e+01      2.366e-02      3.664e-04   
      24             25          4.818e-02      4.411e-06      5.425e-03      3.468e-03      7.491e-04      1.000e+01      2.366e-02      3.664e-04   
  [it   25] bn 2.6736e-02  L 1.000  kappa 0.374  convex 4.504  d_cc 1.302  d_pc 1.011  -> FAILS convex  demount: min hinge clearance +0.914 m, worst arc blocked 0.00%  -> REMOVABLE
      25             26          4.817e-02      1.156e-05      1.386e-02      2.479e-03      6.176e-04      1.000e+01      2.366e-02      3.664e-04   
      26             27          4.816e-02      1.128e-05      1.440e-02      1.501e-03      4.875e-04      1.000e+01      2.366e-02      3.664e-04   
      27             28          4.815e-02      9.002e-06      1.344e-02      7.711e-04      5.600e-04      1.000e+01      2.366e-02      3.664e-04   
      28             29          4.814e-02      7.235e-06      1.198e-02      3.383e-03      6.176e-04      1.000e+01      2.641e-02      3.383e-04   
      29             30          4.815e-02     -6.190e-06      4.823e-03      2.759e-03      5.703e-04      1.000e+01      2.641e-02      3.383e-04   
      30             31          4.816e-02     -8.502e-06      6.901e-03      1.954e-03      5.058e-04      1.000e+01      2.641e-02      3.383e-04   
      31             32          4.817e-02     -5.886e-06      4.996e-03      1.447e-03      4.589e-04      1.000e+01      2.641e-02      3.383e-04   
  [mem] RSS 10.00 GB  peak 10.00 GB
      32             33          4.817e-02     -6.722e-06      5.970e-03      9.019e-04      4.031e-04      1.000e+01      2.641e-02      3.383e-04   
      33             34          4.817e-02     -1.308e-06      1.216e-03      8.045e-04      3.921e-04      1.000e+01      2.641e-02      3.383e-04   
      34             35          4.817e-02     -6.825e-07      6.432e-04      7.544e-04      3.864e-04      1.000e+01      2.641e-02      3.383e-04   
      35             36          4.817e-02      1.477e-07      1.075e-04      2.390e-03      3.835e-04      1.065e+01      2.641e-02      2.390e-04   
second_order: compiling constraint Hessian for blocks CoilLength, CoilSignedCurvature, CoilCornerAngle, PlasmaCoilSetDistancePenalty
  [mem] RSS 10.04 GB  peak 10.04 GB
  [mem] RSS 10.39 GB  peak 10.46 GB
  [mem] RSS 10.48 GB  peak 10.48 GB
      36             37          4.819e-02     -1.139e-05      1.229e-03      2.617e-03      2.967e-04      1.065e+01      2.641e-02      2.390e-04   
      37             38          4.819e-02      3.445e-07      5.279e-04      1.226e-03      2.948e-04      1.065e+01      2.641e-02      2.390e-04   
      38             39          4.819e-02     -9.171e-06      8.971e-03      7.888e-04      2.300e-04      1.065e+01      2.641e-02      2.390e-04   
      39             40          4.821e-02     -1.295e-05      1.286e-02      8.686e-04      1.389e-04      1.065e+01      3.792e-02      8.686e-05   
      40             41          4.822e-02     -1.087e-05      8.167e-03      3.934e-04      8.728e-05      1.065e+01      3.792e-02      8.686e-05   
      41             42          4.822e-02     -3.973e-06      3.770e-03      2.985e-04      7.759e-05      1.065e+01      3.792e-02      8.686e-05   
      42             43          4.822e-02     -9.055e-07      3.196e-03      7.657e-04      7.628e-05      1.065e+01      4.555e-02      7.657e-05   
      43             44          4.822e-02      8.116e-07      3.934e-04      5.009e-04      7.701e-05      1.065e+01      4.555e-02      7.657e-05   
      44             45          4.822e-02      2.235e-07      2.221e-03      3.782e-04      7.324e-05      1.065e+01      4.555e-02      7.657e-05   
      45             46          4.822e-02     -8.182e-07      1.383e-04      1.214e-04      7.302e-05      1.065e+01      4.555e-02      7.657e-05   
  [mem] RSS 10.52 GB  peak 10.52 GB
      46             47          4.822e-02      8.993e-08      4.944e-04      1.053e-04      7.234e-05      1.065e+01      4.555e-02      7.657e-05   
      47             48          4.822e-02      1.807e-07      1.190e-03      8.528e-05      7.032e-05      1.065e+01      4.555e-02      7.657e-05   
      48             49          4.822e-02      9.719e-08      6.925e-04      3.834e-04      6.923e-05      1.065e+01      5.247e-02      3.834e-05   
      49             50          4.822e-02      1.559e-07      1.998e-03      2.546e-04      6.384e-05      1.065e+01      5.247e-02      3.834e-05   
  [it   50] bn 2.6770e-02  L 1.000  kappa 0.371  convex 0.145  d_cc 1.303  d_pc 1.016  -> FAILS L  demount: min hinge clearance +0.910 m, worst arc blocked 0.00%  -> REMOVABLE
      50             51          4.822e-02      1.225e-07      2.103e-03      1.607e-04      5.935e-05      1.065e+01      5.247e-02      3.834e-05   
      51             52          4.822e-02      4.796e-08      2.080e-03      4.215e-04      5.574e-05      1.065e+01      5.804e-02      4.215e-05   
      52             53          4.822e-02     -4.597e-07      2.122e-03      2.006e-04      5.039e-05      1.065e+01      5.804e-02      4.215e-05   
      53             54          4.822e-02     -3.374e-07      2.091e-03      2.370e-04      4.647e-05      1.065e+01      6.269e-02      2.370e-05   
      54             55          4.822e-02     -3.160e-07      8.520e-04      1.730e-04      4.532e-05      1.065e+01      6.269e-02      2.370e-05   
      55             56          4.822e-02     -2.843e-07      7.907e-04      1.179e-04      4.437e-05      1.065e+01      6.269e-02      2.370e-05   
      56             57          4.822e-02     -2.894e-07      8.963e-04      6.529e-05      4.336e-05      1.065e+01      6.269e-02      2.370e-05   
  [mem] RSS 10.52 GB  peak 10.52 GB
      57             58          4.822e-02     -1.895e-07      7.198e-04      3.186e-05      4.275e-05      1.065e+01      6.269e-02      2.370e-05   
      58             59          4.822e-02     -1.629e-07      8.844e-04      1.690e-04      4.228e-05      1.065e+01      6.692e-02      1.690e-05   
      59             60          4.822e-02     -8.422e-08      8.817e-04      1.342e-04      4.168e-05      1.065e+01      6.692e-02      1.690e-05   
      60             61          4.822e-02     -1.388e-07      1.491e-03      7.852e-05      4.078e-05      1.065e+01      6.692e-02      1.690e-05   
      61             62          4.822e-02     -1.594e-07      1.371e-03      4.176e-05      4.029e-05      1.065e+01      6.692e-02      1.690e-05   
      62             63          4.822e-02     -1.371e-07      1.495e-03      2.129e-05      3.996e-05      1.065e+01      7.092e-02      2.129e-06   
      63             64          4.822e-02     -9.781e-08      2.063e-03      7.254e-06      3.821e-05      1.065e+01      7.092e-02      2.129e-06   
      64             65          4.822e-02     -4.857e-08      1.359e-03      1.073e-05      3.760e-05      1.065e+01      7.467e-02      1.073e-06   
      65             66          4.822e-02     -1.071e-07      1.202e-03      3.404e-06      3.598e-05      1.065e+01      7.467e-02      1.073e-06   
      66             67          4.822e-02     -4.424e-08      6.634e-04      1.708e-06      3.545e-05      1.065e+01      7.467e-02      1.073e-06   
      67             68          4.822e-02     -5.943e-09      1.968e-04      1.587e-06      3.540e-05      1.065e+01      7.467e-02      1.073e-06   
  [mem] RSS 10.52 GB  peak 10.52 GB
      68             69          4.822e-02     -1.422e-08      5.459e-04      1.475e-06      3.531e-05      1.065e+01      7.467e-02      1.073e-06   
      69             70          4.822e-02     -4.198e-09      3.819e-04      1.412e-06      3.530e-05      1.065e+01      7.467e-02      1.073e-06   
      70             71          4.822e-02     -2.359e-09      2.914e-04      1.280e-06      3.529e-05      1.065e+01      7.467e-02      1.073e-06   
      71             72          4.822e-02     -1.425e-09      2.292e-04      1.142e-06      3.529e-05      1.065e+01      7.467e-02      1.073e-06   
      72             73          4.822e-02     -1.048e-09      2.007e-04      4.923e-05      3.527e-05      1.065e+01      7.820e-02      4.923e-06   
      73             74          4.822e-02     -2.348e-08      2.099e-05      2.193e-05      3.507e-05      1.065e+01      8.171e-02      2.193e-06   
      74             75          4.822e-02     -3.029e-08      1.053e-04      2.081e-05      3.487e-05      1.065e+01      8.171e-02      2.193e-06   
  [it   75] bn 2.6774e-02  L 1.000  kappa 0.372  convex 0.089  d_cc 1.303  d_pc 1.017  -> FAILS L  demount: min hinge clearance +0.910 m, worst arc blocked 0.00%  -> REMOVABLE
      75             76          4.822e-02     -5.086e-08      1.568e-05      9.563e-05      3.480e-05      1.065e+01      8.519e-02      9.563e-06   
      76             77          4.823e-02     -5.330e-08      2.869e-05      1.540e-04      3.463e-05      1.065e+01      8.865e-02      1.540e-05   
      77             78          4.823e-02      8.757e-09      4.486e-05      1.239e-04      3.449e-05      1.065e+01      9.210e-02      1.239e-05   
  [mem] RSS 10.53 GB  peak 10.53 GB
      78             79          4.823e-02     -1.480e-07      5.324e-04      1.139e-04      3.377e-05      1.065e+01      9.210e-02      1.239e-05   
      79             80          4.823e-02     -1.303e-07      4.363e-05      1.160e-04      3.360e-05      1.065e+01      9.546e-02      1.160e-05   
      80             81          4.823e-02     -2.363e-07      9.090e-04      1.013e-04      3.240e-05      1.065e+01      9.546e-02      1.160e-05   
      81             82          4.823e-02      1.179e-07      3.396e-05      1.162e-04      3.228e-05      1.065e+01      9.869e-02      1.162e-05   
      82             83          4.823e-02     -1.079e-07      2.587e-05      9.662e-05      3.213e-05      1.065e+01      1.019e-01      9.662e-06   
      83             84          4.823e-02     -1.733e-07      5.030e-04      9.005e-05      3.143e-05      1.065e+01      1.019e-01      9.662e-06   
      84             85          4.823e-02     -6.946e-08      2.015e-04      8.751e-05      3.113e-05      1.065e+01      1.019e-01      9.662e-06   
      85             86          4.823e-02     -1.253e-07      3.682e-04      8.293e-05      3.060e-05      1.065e+01      1.019e-01      9.662e-06   
      86             87          4.823e-02     -1.388e-07      4.197e-04      7.784e-05      3.002e-05      1.065e+01      1.019e-01      9.662e-06   
      87             88          4.823e-02     -8.633e-07      2.648e-03      4.709e-05      2.661e-05      1.065e+01      1.019e-01      9.662e-06   
      88             89          4.823e-02      1.044e-10      1.328e-05      1.553e-04      2.652e-05      1.065e+01      1.046e-01      1.553e-05   
  [mem] RSS 10.53 GB  peak 10.53 GB
      89             90          4.823e-02     -1.161e-07      2.261e-05      1.982e-04      2.638e-05      1.065e+01      1.072e-01      1.982e-05   
      90             91          4.823e-02      6.009e-08      2.741e-05      2.051e-04      2.626e-05      1.065e+01      1.098e-01      2.051e-05   
      91             92          4.823e-02     -5.595e-07      8.553e-04      1.455e-04      2.405e-05      1.065e+01      1.098e-01      2.051e-05   
      92             93          4.823e-02     -9.109e-08      2.401e-05      1.190e-04      2.393e-05      1.065e+01      1.122e-01      1.190e-05   
      93             94          4.823e-02     -3.392e-07      6.108e-04      8.627e-05      2.236e-05      1.065e+01      1.122e-01      1.190e-05   
      94             95          4.823e-02     -3.121e-07      6.231e-04      5.620e-05      2.096e-05      1.065e+01      1.122e-01      1.190e-05   
      95             96          4.823e-02     -1.072e-07      2.624e-04      4.577e-05      2.048e-05      1.065e+01      1.122e-01      1.190e-05   
      96             97          4.823e-02      2.029e-08      8.954e-06      5.095e-05      2.044e-05      1.065e+01      1.143e-01      5.095e-06   
      97             98          4.823e-02      6.437e-09      6.125e-05      1.080e-04      2.025e-05      1.065e+01      1.163e-01      1.080e-05   
      98             99          4.823e-02     -5.034e-08      1.882e-05      1.858e-04      2.021e-05      1.065e+01      1.183e-01      1.858e-05   
      99             100         4.823e-02      5.652e-08      2.355e-05      2.024e-04      2.017e-05      1.065e+01      1.203e-01      2.024e-05   
  [mem] RSS 10.53 GB  peak 10.53 GB
  [it  100] bn 2.6775e-02  L 1.000  kappa 0.371  convex 0.056  d_cc 1.304  d_pc 1.017  -> FAILS L  demount: min hinge clearance +0.909 m, worst arc blocked 0.00%  -> REMOVABLE
      100            101         4.823e-02     -6.758e-09      1.476e-04      1.923e-04      2.000e-05      1.065e+01      1.203e-01      2.024e-05   
      101            102         4.823e-02     -1.243e-08      2.870e-04      1.726e-04      1.967e-05      1.065e+01      1.203e-01      2.024e-05   
      102            103         4.823e-02     -8.581e-08      2.547e-05      1.328e-04      1.964e-05      1.065e+01      1.223e-01      1.328e-05   
      103            104         4.823e-02      6.659e-08      2.617e-05      8.715e-05      1.961e-05      1.065e+01      1.242e-01      8.715e-06   
      104            105         4.823e-02     -8.269e-08      2.043e-05      7.497e-05      1.957e-05      1.065e+01      1.262e-01      7.497e-06   
      105            106         4.823e-02     -3.378e-08      5.946e-04      6.510e-05      1.907e-05      1.065e+01      1.262e-01      7.497e-06   
      106            107         4.823e-02     -5.309e-08      1.062e-03      4.765e-05      1.820e-05      1.065e+01      1.262e-01      7.497e-06   
      107            108         4.823e-02     -1.154e-08      2.506e-04      4.374e-05      1.802e-05      1.065e+01      1.262e-01      7.497e-06   
      108            109         4.823e-02     -6.705e-08      1.620e-03      1.899e-05      1.687e-05      1.065e+01      1.262e-01      7.497e-06   
      109            110         4.823e-02      2.339e-09      9.127e-05      2.337e-05      1.683e-05      1.065e+01      1.279e-01      2.337e-06   
      110            111         4.823e-02      1.016e-08      7.499e-06      5.440e-05      1.676e-05      1.065e+01      1.296e-01      5.440e-06   
  [mem] RSS 10.53 GB  peak 10.54 GB
      111            112         4.823e-02      2.143e-07      3.890e-04      4.013e-05      1.636e-05      1.065e+01      1.296e-01      5.440e-06   
      112            113         4.823e-02      1.078e-08      1.748e-05      6.079e-05      1.634e-05      1.065e+01      1.312e-01      6.079e-06   
      113            114         4.823e-02     -5.404e-08      1.438e-05      7.327e-05      1.631e-05      1.065e+01      1.328e-01      7.327e-06   
      114            115         4.823e-02      7.823e-08      2.855e-04      6.686e-05      1.614e-05      1.065e+01      1.328e-01      7.327e-06   
      115            116         4.823e-02      4.066e-08      1.434e-05      4.882e-05      1.611e-05      1.065e+01      1.344e-01      4.882e-06   
      116            117         4.823e-02      3.323e-08      1.891e-04      7.661e-05      1.601e-05      1.065e+01      1.360e-01      7.661e-06   
      117            118         4.823e-02      2.575e-08      2.112e-04      1.008e-04      1.591e-05      1.065e+01      1.376e-01      1.008e-05   
      118            119         4.823e-02     -5.983e-08      1.913e-05      9.368e-05      1.587e-05      1.065e+01      1.392e-01      9.368e-06   
      119            120         4.823e-02      4.382e-09      2.196e-04      1.708e-04      1.577e-05      1.065e+01      1.408e-01      1.708e-05   
      120            121         4.823e-02      8.040e-08      3.026e-05      1.437e-04      1.572e-05      1.065e+01      1.424e-01      1.437e-05   
      121            122         4.823e-02     -9.280e-08      2.516e-05      1.496e-04      1.566e-05      1.065e+01      1.439e-01      1.496e-05   
  [mem] RSS 10.55 GB  peak 10.55 GB
      122            123         4.823e-02      3.814e-08      2.057e-05      1.276e-04      1.557e-05      1.065e+01      1.455e-01      1.276e-05   
      123            124         4.823e-02     -1.905e-07      9.632e-04      1.122e-04      1.513e-05      1.065e+01      1.455e-01      1.276e-05   
      124            125         4.823e-02     -3.157e-08      1.689e-04      1.096e-04      1.505e-05      1.065e+01      1.455e-01      1.276e-05   
  [it  125] bn 2.6775e-02  L 1.000  kappa 0.371  convex 0.050  d_cc 1.304  d_pc 1.018  -> FAILS L  demount: min hinge clearance +0.909 m, worst arc blocked 0.00%  -> REMOVABLE
      125            126         4.823e-02     -2.081e-08      1.125e-04      1.078e-04      1.500e-05      1.065e+01      1.455e-01      1.276e-05   
      126            127         4.823e-02     -9.413e-08      2.267e-05      9.137e-05      1.493e-05      1.065e+01      1.470e-01      9.137e-06   
      127            128         4.823e-02     -5.617e-08      3.315e-04      1.012e-04      1.479e-05      1.065e+01      1.470e-01      9.137e-06   
      128            129         4.823e-02      1.626e-08      2.120e-05      9.777e-05      1.466e-05      1.065e+01      1.484e-01      9.777e-06   
      129            130         4.823e-02     -3.478e-08      1.047e-04      9.643e-05      1.462e-05      1.065e+01      1.484e-01      9.777e-06   
      130            131         4.823e-02     -1.189e-07      3.596e-04      9.183e-05      1.447e-05      1.065e+01      1.484e-01      9.777e-06   
      131            132         4.823e-02     -2.369e-07      7.295e-04      8.262e-05      1.417e-05      1.065e+01      1.484e-01      9.777e-06   
      132            133         4.823e-02     -5.373e-07      1.727e-03      6.150e-05      1.349e-05      1.065e+01      1.484e-01      9.777e-06   
  [mem] RSS 10.57 GB  peak 10.57 GB
      133            134         4.823e-02     -3.594e-08      1.334e-04      6.003e-05      1.344e-05      1.065e+01      1.484e-01      9.777e-06   
      134            135         4.823e-02     -4.227e-07      1.590e-03      4.269e-05      1.439e-05      1.065e+01      1.484e-01      9.777e-06   
      135            136         4.823e-02     -1.012e-08      4.659e-05      4.226e-05      1.452e-05      1.065e+01      1.484e-01      9.777e-06   
      136            137         4.823e-02     -4.736e-08      1.008e-05      6.532e-05      1.454e-05      1.065e+01      1.497e-01      6.532e-06   
      137            138         4.823e-02      3.614e-08      1.136e-05      6.428e-05      1.442e-05      1.065e+01      1.510e-01      6.428e-06   
      138            139         4.823e-02     -4.408e-09      2.928e-05      7.345e-05      1.364e-05      1.065e+01      1.510e-01      6.428e-06   
      139            140         4.823e-02      3.655e-08      1.513e-05      5.075e-05      1.343e-05      1.065e+01      1.523e-01      5.075e-06   
      140            141         4.823e-02     -1.224e-07      3.682e-05      9.301e-05      1.288e-05      1.065e+01      1.523e-01      5.075e-06   
      141            142         4.823e-02      7.280e-08      1.895e-05      3.654e-05      1.287e-05      1.065e+01      1.536e-01      3.654e-06   
      142            143         4.823e-02      5.764e-08      3.802e-05      9.317e-05      1.282e-05      1.065e+01      1.536e-01      3.654e-06   
      143            144         4.823e-02      1.455e-08      1.941e-05      5.785e-05      1.282e-05      1.065e+01      1.549e-01      5.785e-06   
  [mem] RSS 10.59 GB  peak 10.59 GB
      144            145         4.823e-02     -2.956e-07      4.152e-05      6.771e-05      1.280e-05      1.065e+01      1.549e-01      5.785e-06   
      145            146         4.823e-02      5.008e-07      6.158e-04      5.525e-05      1.252e-05      1.065e+01      1.549e-01      5.785e-06   
      146            147         4.823e-02      2.351e-07      2.585e-04      4.970e-05      1.239e-05      1.065e+01      1.549e-01      5.785e-06   
      147            148         4.823e-02      2.329e-07      2.473e-04      4.269e-05      1.227e-05      1.065e+01      1.549e-01      5.785e-06   
      148            149         4.823e-02      5.734e-08      5.843e-05      4.138e-05      1.224e-05      1.065e+01      1.549e-01      5.785e-06   
      149            150         4.823e-02      5.691e-08      5.758e-05      4.009e-05      1.221e-05      1.065e+01      1.549e-01      5.785e-06   
  [it  150] bn 2.6775e-02  L 1.000  kappa 0.371  convex 0.036  d_cc 1.304  d_pc 1.018  -> FAILS L  demount: min hinge clearance +0.909 m, worst arc blocked 0.00%  -> REMOVABLE
      150            151         4.823e-02      4.600e-08      4.625e-05      9.583e-05      1.219e-05      1.065e+01      1.561e-01      9.583e-06   
      151            152         4.823e-02      2.822e-08      4.244e-05      1.495e-04      1.218e-05      1.065e+01      1.573e-01      1.495e-05   
      152            153         4.823e-02      1.870e-07      3.164e-05      1.238e-04      1.212e-05      1.065e+01      1.585e-01      1.238e-05   
      153            154         4.823e-02      3.633e-07      1.310e-03      8.886e-05      1.183e-05      1.065e+01      1.585e-01      1.238e-05   
      154            155         4.823e-02      2.782e-07      1.107e-03      6.364e-05      1.165e-05      1.065e+01      1.585e-01      1.238e-05   
      155            156         4.823e-02      1.412e-07      5.562e-04      5.260e-05      1.216e-05      1.065e+01      1.585e-01      1.238e-05   
  [mem] RSS 10.61 GB  peak 10.61 GB
      156            157         4.823e-02     -3.070e-08      1.156e-05      2.860e-05      1.203e-05      1.065e+01      1.597e-01      2.860e-06   
      157            158         4.823e-02     -2.795e-08      1.079e-05      1.495e-04      1.190e-05      1.065e+01      1.608e-01      1.495e-05   
      158            159         4.823e-02     -1.495e-07      3.066e-05      1.501e-04      1.186e-05      1.065e+01      1.620e-01      1.501e-05   
      159            160         4.823e-02      6.293e-08      3.213e-05      1.624e-04      1.186e-05      1.065e+01      1.631e-01      1.624e-05   
      160            161         4.823e-02     -1.027e-07      3.664e-05      1.281e-04      1.171e-05      1.065e+01      1.631e-01      1.624e-05   
      161            162         4.823e-02      6.928e-08      2.871e-05      8.746e-05      1.142e-05      1.065e+01      1.631e-01      1.624e-05   
      162            163         4.823e-02     -9.145e-08      2.362e-05      1.635e-04      1.138e-05      1.065e+01      1.643e-01      1.635e-05   
      163            164         4.823e-02      4.530e-08      2.687e-05      1.010e-04      1.133e-05      1.065e+01      1.654e-01      1.010e-05   
      164            165         4.823e-02     -1.883e-07      2.669e-05      1.243e-04      1.124e-05      1.065e+01      1.665e-01      1.243e-05   
      165            166         4.823e-02      3.334e-08      2.810e-05      1.296e-04      1.117e-05      1.065e+01      1.676e-01      1.296e-05   
      166            167         4.823e-02     -1.569e-07      3.321e-05      1.395e-04      1.108e-05      1.065e+01      1.687e-01      1.395e-05   
  [mem] RSS 10.63 GB  peak 10.63 GB
      167            168         4.823e-02      3.724e-08      3.268e-05      1.507e-04      1.101e-05      1.065e+01      1.698e-01      1.507e-05   
      168            169         4.823e-02     -1.813e-07      3.799e-05      9.978e-05      1.091e-05      1.065e+01      1.698e-01      1.507e-05   
      169            170         4.823e-02     -4.876e-08      3.878e-05      1.243e-04      1.073e-05      1.065e+01      1.698e-01      1.507e-05   
      170            171         4.823e-02     -6.764e-07      8.812e-04      1.004e-04      1.064e-05      1.065e+01      1.698e-01      1.507e-05   
      171            172         4.823e-02     -1.451e-07      2.830e-05      1.476e-04      1.056e-05      1.065e+01      1.709e-01      1.476e-05   
      172            173         4.823e-02      5.247e-08      2.753e-05      8.741e-05      1.051e-05      1.065e+01      1.719e-01      8.741e-06   
      173            174         4.823e-02     -8.885e-08      2.098e-05      7.330e-05      1.046e-05      1.065e+01      1.730e-01      7.330e-06   
      174            175         4.823e-02      3.593e-08      1.667e-05      7.683e-05      1.043e-05      1.065e+01      1.740e-01      7.683e-06   
  [it  175] bn 2.6776e-02  L 1.000  kappa 0.371  convex 0.031  d_cc 1.304  d_pc 1.018  -> FAILS L  demount: min hinge clearance +0.909 m, worst arc blocked 0.00%  -> REMOVABLE
      175            176         4.823e-02     -7.201e-08      9.727e-05      7.201e-05      1.037e-05      1.065e+01      1.740e-01      7.683e-06   
      176            177         4.823e-02     -2.656e-08      3.625e-05      7.022e-05      1.035e-05      1.065e+01      1.740e-01      7.683e-06   
  [mem] RSS 10.65 GB  peak 10.65 GB
      177            178         4.823e-02     -3.833e-08      5.258e-05      6.761e-05      1.032e-05      1.065e+01      1.740e-01      7.683e-06   
      178            179         4.823e-02     -4.676e-07      6.467e-04      3.566e-05      9.970e-06      1.065e+01      1.740e-01      7.683e-06   
      179            180         4.823e-02     -1.163e-08      2.221e-05      3.470e-05      9.959e-06      1.065e+01      1.740e-01      7.683e-06   
      180            181         4.823e-02     -8.450e-09      1.649e-05      3.399e-05      9.952e-06      1.065e+01      1.740e-01      7.683e-06   
      181            182         4.823e-02     -8.450e-08      1.677e-04      2.690e-05      9.874e-06      1.065e+01      1.740e-01      7.683e-06   
      182            183         4.823e-02     -8.491e-08      2.811e-04      1.689e-05      9.876e-06      1.065e+01      1.740e-01      7.683e-06   
      183            184         4.823e-02     -3.227e-09      1.948e-05      1.636e-05      1.002e-05      1.065e+01      1.740e-01      7.683e-06   
      184            185         4.823e-02     -4.360e-08      2.744e-04      9.030e-06      1.197e-05      1.065e+01      1.740e-01      7.683e-06   
      185            186         4.823e-02     -6.306e-10      1.282e-05      8.799e-06      1.204e-05      1.065e+01      1.740e-01      7.683e-06   
      186            187         4.823e-02     -1.934e-10      4.170e-06      4.229e-05      1.206e-05      1.065e+01      1.750e-01      4.229e-06   
      187            188         4.823e-02      8.542e-08      6.854e-05      4.572e-05      1.191e-05      1.065e+01      1.750e-01      4.229e-06   
      188            189         4.823e-02      3.492e-08      3.864e-05      2.481e-04      1.182e-05      1.065e+01      1.760e-01      2.481e-05   
      189            190         4.823e-02     -1.702e-07      3.756e-05      1.508e-04      1.151e-05      1.065e+01      1.760e-01      2.481e-05   
  [mem] RSS 10.67 GB  peak 10.67 GB
      190            191         4.823e-02      1.044e-07      2.540e-05      2.451e-04      1.140e-05      1.065e+01      1.770e-01      2.451e-05   
      191            192         4.823e-02      8.341e-08      4.899e-05      1.171e-04      1.100e-05      1.065e+01      1.770e-01      2.451e-05   
      192            193         4.823e-02     -1.596e-08      2.918e-05      7.716e-05      1.087e-05      1.065e+01      1.779e-01      7.716e-06   
      193            194         4.823e-02     -2.114e-07      3.669e-05      7.994e-05      1.054e-05      1.065e+01      1.779e-01      7.716e-06   
      194            195         4.823e-02      5.115e-08      5.318e-05      7.851e-05      1.012e-05      1.065e+01      1.779e-01      7.716e-06   
      195            196         4.823e-02      2.485e-08      2.554e-05      4.268e-04      9.922e-06      1.065e+01      1.789e-01      4.268e-05   
      196            197         4.823e-02      1.488e-07      1.782e-04      4.050e-04      9.715e-06      1.065e+01      1.789e-01      4.268e-05   
      197            198         4.823e-02      2.450e-07      2.829e-04      3.696e-04      9.675e-06      1.065e+01      1.789e-01      4.268e-05   
      198            199         4.823e-02      1.634e-07      3.530e-05      8.964e-05      9.654e-06      1.065e+01      1.799e-01      8.964e-06   
      199            200         4.823e-02      1.971e-08      2.780e-05      1.703e-04      9.650e-06      1.065e+01      1.808e-01      1.703e-05   
  [mem] RSS 10.69 GB  peak 10.69 GB
  [it  200] bn 2.6776e-02  L 1.000  kappa 0.371  convex 0.037  d_cc 1.304  d_pc 1.018  -> FAILS L  demount: min hinge clearance +0.909 m, worst arc blocked 0.00%  -> REMOVABLE
      200            201         4.823e-02     -1.658e-07      3.367e-05      1.156e-04      9.628e-06      1.065e+01      1.818e-01      1.156e-05   
      201            202         4.823e-02      8.228e-08      1.437e-04      1.108e-04      9.603e-06      1.065e+01      1.818e-01      1.156e-05   
      202            203         4.823e-02      2.872e-07      4.895e-04      9.432e-05      9.516e-06      1.065e+01      1.818e-01      1.156e-05   
      203            204         4.823e-02      7.046e-08      1.054e-04      9.095e-05      9.499e-06      1.065e+01      1.818e-01      1.156e-05   
      204            205         4.823e-02      7.338e-08      1.076e-04      8.747e-05      9.481e-06      1.065e+01      1.818e-01      1.156e-05   
      205            206         4.823e-02      3.909e-08      1.901e-05      4.987e-05      9.472e-06      1.065e+01      1.828e-01      4.987e-06   
      206            207         4.823e-02      8.450e-08      1.191e-04      4.732e-05      9.446e-06      1.065e+01      1.828e-01      4.987e-06   
      207            208         4.823e-02      4.087e-08      6.176e-05      1.852e-04      9.433e-06      1.065e+01      1.837e-01      1.852e-05   
      208            209         4.823e-02      9.628e-08      1.647e-04      1.725e-04      9.394e-06      1.065e+01      1.837e-01      1.852e-05   
      209            210         4.823e-02      2.045e-07      3.432e-04      1.462e-04      9.315e-06      1.065e+01      1.837e-01      1.852e-05   
      210            211         4.823e-02      8.835e-08      1.500e-04      1.345e-04      1.092e-05      1.065e+01      1.837e-01      1.852e-05   
      211            212         4.823e-02      2.472e-08      4.134e-05      2.483e-04      1.159e-05      1.065e+01      1.846e-01      2.483e-05   
      212            213         4.823e-02      7.793e-08      1.541e-04      2.222e-04      1.366e-05      1.065e+01      1.846e-01      2.483e-05   
  [mem] RSS 10.71 GB  peak 10.71 GB
      213            214         4.823e-02      1.957e-07      3.915e-04      1.591e-04      1.880e-05      1.065e+01      1.846e-01      2.483e-05   
      214            215         4.823e-02      5.950e-08      1.264e-04      1.417e-04      2.030e-05      1.065e+01      1.846e-01      2.483e-05   
      215            216         4.823e-02      2.087e-08      4.558e-05      1.403e-04      2.082e-05      1.065e+01      1.855e-01      1.403e-05   
      216            217         4.823e-02      4.191e-08      3.991e-04      8.412e-05      2.140e-05      1.065e+01      1.864e-01      8.412e-06   
      217            218         4.823e-02      4.707e-08      5.286e-05      1.586e-04      2.099e-05      1.065e+01      1.873e-01      1.586e-05   
      218            219         4.823e-02     -3.234e-07      4.079e-05      8.482e-05      2.012e-05      1.065e+01      1.873e-01      1.586e-05   
      219            220         4.823e-02     -1.020e-08      2.393e-04      7.957e-05      1.942e-05      1.065e+01      1.873e-01      1.586e-05   
      220            221         4.823e-02      4.279e-08      2.338e-05      8.680e-05      1.864e-05      1.065e+01      1.882e-01      8.680e-06   
      221            222         4.823e-02      9.984e-08      2.889e-05      1.614e-04      1.770e-05      1.065e+01      1.891e-01      1.614e-05   
      222            223         4.823e-02     -2.757e-08      3.156e-05      1.045e-04      1.736e-05      1.065e+01      1.900e-01      1.045e-05   
      223            224         4.823e-02     -4.185e-08      2.497e-04      1.002e-04      1.640e-05      1.065e+01      1.900e-01      1.045e-05   
  [mem] RSS 10.73 GB  peak 10.73 GB
      224            225         4.823e-02     -1.359e-07      2.665e-05      1.068e-04      1.587e-05      1.065e+01      1.908e-01      1.068e-05   
  [it  225] bn 2.6776e-02  L 1.000  kappa 0.371  convex 0.032  d_cc 1.304  d_pc 1.018  -> FAILS L  demount: min hinge clearance +0.909 m, worst arc blocked 0.00%  -> REMOVABLE
      225            226         4.823e-02      6.641e-08      2.423e-05      1.297e-04      1.536e-05      1.065e+01      1.917e-01      1.297e-05   
      226            227         4.823e-02     -1.124e-07      3.123e-05      1.819e-04      1.475e-05      1.065e+01      1.926e-01      1.819e-05   
      227            228         4.823e-02      5.101e-08      3.345e-05      1.968e-04      1.419e-05      1.065e+01      1.934e-01      1.968e-05   
      228            229         4.823e-02     -1.620e-07      3.986e-05      1.601e-04      1.350e-05      1.065e+01      1.934e-01      1.968e-05   
      229            230         4.823e-02     -1.579e-09      3.464e-05      1.134e-04      1.212e-05      1.065e+01      1.934e-01      1.968e-05   
      230            231         4.823e-02     -7.766e-08      8.000e-05      1.109e-04      1.102e-05      1.065e+01      1.934e-01      1.968e-05   
      231            232         4.823e-02     -1.393e-07      3.018e-05      1.542e-04      1.031e-05      1.065e+01      1.943e-01      1.542e-05   
      232            233         4.823e-02     -1.745e-07      1.593e-04      1.470e-04      8.371e-06      1.065e+01      1.943e-01      1.542e-05   
      233            234         4.823e-02     -4.511e-08      4.158e-05      1.451e-04      8.366e-06      1.065e+01      1.943e-01      1.542e-05   
  [mem] RSS 10.75 GB  peak 10.75 GB
      234            235         4.823e-02     -1.270e-07      1.174e-04      1.399e-04      8.350e-06      1.065e+01      1.943e-01      1.542e-05   
      235            236         4.823e-02      5.328e-08      2.748e-05      1.019e-04      8.310e-06      1.065e+01      1.951e-01      1.019e-05   
      236            237         4.823e-02     -1.194e-07      2.578e-05      1.026e-04      8.253e-06      1.065e+01      1.959e-01      1.026e-05   
      237            238         4.823e-02     -7.401e-08      9.586e-05      9.915e-05      8.241e-06      1.065e+01      1.959e-01      1.026e-05   
      238            239         4.823e-02     -3.212e-08      4.164e-05      9.784e-05      8.236e-06      1.065e+01      1.959e-01      1.026e-05   
      239            240         4.823e-02     -1.238e-06      1.588e-03      4.790e-05      2.084e-05      1.065e+01      1.959e-01      1.026e-05   
      240            241         4.823e-02     -1.177e-07      1.320e-04      4.513e-05      2.196e-05      1.065e+01      1.959e-01      1.026e-05   
      241            242         4.823e-02     -2.986e-08      3.392e-05      4.443e-05      2.225e-05      1.065e+01      1.959e-01      1.026e-05   
      242            243         4.823e-02     -3.337e-08      3.803e-05      4.365e-05      2.256e-05      1.065e+01      1.959e-01      1.026e-05   
      243            244         4.823e-02     -3.293e-08      3.766e-05      4.288e-05      2.288e-05      1.065e+01      1.959e-01      1.026e-05   
      244            245         4.823e-02     -6.676e-08      7.662e-05      4.132e-05      2.352e-05      1.065e+01      1.959e-01      1.026e-05   
      245            246         4.823e-02     -1.301e-07      1.504e-04      3.829e-05      2.476e-05      1.065e+01      1.959e-01      1.026e-05   
      246            247         4.823e-02     -4.691e-08      5.506e-05      3.720e-05      2.521e-05      1.065e+01      1.959e-01      1.026e-05   
  [mem] RSS 10.77 GB  peak 10.77 GB
      247            248         4.823e-02      1.939e-08      9.467e-06      2.556e-04      2.521e-05      1.065e+01      1.967e-01      2.556e-05   
      248            249         4.823e-02     -7.117e-08      3.196e-05      1.561e-04      2.524e-05      1.065e+01      1.967e-01      2.556e-05   
      249            250         4.823e-02      5.854e-08      2.225e-05      2.522e-04      2.518e-05      1.065e+01      1.975e-01      2.522e-05   
  [it  250] bn 2.6777e-02  L 1.000  kappa 0.371  convex 0.080  d_cc 1.304  d_pc 1.018  -> FAILS L  demount: min hinge clearance +0.909 m, worst arc blocked 0.00%  -> REMOVABLE
      250            251         4.823e-02     -8.965e-08      6.152e-05      1.587e-04      2.473e-05      1.065e+01      1.975e-01      2.522e-05   
      251            252         4.823e-02      9.026e-08      3.139e-05      6.388e-05      2.440e-05      1.065e+01      1.983e-01      6.388e-06   
      252            253         4.823e-02     -2.887e-07      1.317e-04      1.971e-04      1.758e-05      1.065e+01      1.983e-01      6.388e-06   
      253            254         4.823e-02      1.493e-07      3.294e-05      1.033e-04      1.729e-05      1.065e+01      1.991e-01      1.033e-05   
      254            255         4.823e-02      2.086e-07      1.348e-04      4.613e-04      1.993e-05      1.065e+01      1.991e-01      1.033e-05   
      255            256         4.823e-02     -7.533e-08      4.616e-05      1.359e-04      1.355e-05      1.065e+01      2.000e-01      1.359e-05   
      256            257         4.823e-02      1.618e-06      2.746e-03      7.747e-05      8.134e-06      1.065e+01      2.000e-01      1.359e-05   
  [mem] RSS 10.79 GB  peak 10.79 GB
      257            258         4.823e-02      6.032e-08      7.239e-05      7.536e-05      7.988e-06      1.065e+01      2.000e-01      1.359e-05   
      258            259         4.823e-02      1.125e-07      1.340e-04      7.145e-05      7.942e-06      1.065e+01      2.000e-01      1.359e-05   
      259            260         4.823e-02      3.323e-08      3.920e-05      1.068e-04      7.940e-06      1.065e+01      2.008e-01      1.068e-05   
      260            261         4.823e-02      8.348e-08      1.055e-04      1.018e-04      7.930e-06      1.065e+01      2.008e-01      1.068e-05   
      261            262         4.823e-02      2.825e-07      3.438e-04      8.605e-05      1.193e-05      1.065e+01      2.008e-01      1.068e-05   
      262            263         4.823e-02      7.657e-07      9.381e-04      4.508e-05      2.486e-05      1.065e+01      2.008e-01      1.068e-05   
      263            264         4.823e-02      2.628e-07      3.451e-04      3.459e-05      2.896e-05      1.065e+01      2.008e-01      1.068e-05   
      264            265         4.823e-02      1.024e-07      1.861e-04      3.022e-05      3.070e-05      1.065e+01      2.008e-01      1.068e-05   
      265            266         4.823e-02     -9.116e-08      1.570e-05      6.178e-04      3.113e-05      1.065e+01      2.015e-01      6.178e-05   
      266            267         4.823e-02      2.871e-08      1.724e-04      1.117e-03      3.078e-05      1.065e+01      2.023e-01      1.117e-04   
      267            268         4.823e-02      2.352e-07      8.438e-05      1.336e-04      3.022e-05      1.065e+01      2.023e-01      1.117e-04   
      268            269         4.823e-02     -8.131e-08      1.333e-04      7.905e-04      2.869e-05      1.065e+01      2.023e-01      1.117e-04   
  [mem] RSS 10.81 GB  peak 10.81 GB
      269            270         4.823e-02      9.159e-08      5.118e-05      1.946e-04      2.854e-05      1.065e+01      2.031e-01      1.946e-05   
      270            271         4.823e-02     -5.557e-07      1.200e-04      3.005e-04      2.794e-05      1.065e+01      2.031e-01      1.946e-05   
      271            272         4.823e-02      2.092e-07      6.389e-05      1.101e-04      2.717e-05      1.065e+01      2.031e-01      1.946e-05   
      272            273         4.823e-02     -4.221e-08      1.133e-04      1.066e-04      2.593e-05      1.065e+01      2.031e-01      1.946e-05   
      273            274         4.823e-02     -2.288e-07      6.011e-05      1.114e-04      2.489e-05      1.065e+01      2.031e-01      1.946e-05   
      274            275         4.823e-02      1.369e-07      3.364e-05      2.636e-04      2.444e-05      1.065e+01      2.038e-01      2.636e-05   
  [it  275] bn 2.6776e-02  L 1.000  kappa 0.371  convex 0.057  d_cc 1.304  d_pc 1.018  -> FAILS L  demount: min hinge clearance +0.909 m, worst arc blocked 0.00%  -> REMOVABLE
      275            276         4.823e-02     -4.028e-08      8.037e-05      2.584e-04      2.344e-05      1.065e+01      2.038e-01      2.636e-05   
      276            277         4.823e-02     -1.043e-07      2.085e-04      2.448e-04      2.084e-05      1.065e+01      2.038e-01      2.636e-05   
      277            278         4.823e-02     -3.439e-08      6.044e-05      2.406e-04      2.001e-05      1.065e+01      2.038e-01      2.636e-05   
      278            279         4.823e-02     -3.942e-07      6.924e-04      1.933e-04      1.043e-05      1.065e+01      2.038e-01      2.636e-05   
      279            280         4.823e-02     -1.976e-08      3.551e-05      1.908e-04      9.939e-06      1.065e+01      2.038e-01      2.636e-05   
  [mem] RSS 10.83 GB  peak 10.83 GB
      280            281         4.823e-02     -5.618e-08      1.012e-04      1.838e-04      8.888e-06      1.065e+01      2.038e-01      2.636e-05   
      281            282         4.823e-02     -7.601e-08      2.797e-05      1.411e-04      7.866e-06      1.065e+01      2.046e-01      1.411e-05   
      282            283         4.823e-02     -5.204e-08      1.093e-04      1.357e-04      7.368e-06      1.065e+01      2.046e-01      1.411e-05   
      283            284         4.823e-02      2.035e-08      2.620e-05      8.682e-05      7.340e-06      1.065e+01      2.053e-01      8.682e-06   
      284            285         4.823e-02     -7.647e-08      1.738e-04      8.189e-05      8.008e-06      1.065e+01      2.053e-01      8.682e-06   
      285            286         4.823e-02     -5.427e-08      1.247e-04      7.842e-05      9.555e-06      1.065e+01      2.053e-01      8.682e-06   
      286            287         4.823e-02     -9.238e-08      2.169e-05      8.713e-05      9.489e-06      1.065e+01      2.060e-01      8.713e-06   
      287            288         4.823e-02      4.462e-08      2.021e-05      1.266e-04      9.276e-06      1.065e+01      2.068e-01      1.266e-05   
      288            289         4.823e-02     -1.719e-07      2.393e-04      1.170e-04      1.058e-05      1.065e+01      2.068e-01      1.266e-05   
      289            290         4.823e-02     -1.208e-07      1.698e-04      1.102e-04      1.152e-05      1.065e+01      2.068e-01      1.266e-05   
      290            291         4.823e-02     -1.786e-07      2.188e-04      1.017e-04      1.272e-05      1.065e+01      2.068e-01      1.266e-05   
  [mem] RSS 10.85 GB  peak 10.85 GB
      291            292         4.823e-02     -2.758e-07      3.403e-04      8.847e-05      1.462e-05      1.065e+01      2.068e-01      1.266e-05   
      292            293         4.823e-02     -5.751e-08      7.206e-05      8.570e-05      1.504e-05      1.065e+01      2.068e-01      1.266e-05   
      293            294         4.823e-02     -1.257e-07      1.581e-04      7.961e-05      1.595e-05      1.065e+01      2.068e-01      1.266e-05   
      294            295         4.823e-02     -1.254e-07      1.592e-04      7.352e-05      1.688e-05      1.065e+01      2.068e-01      1.266e-05   
      295            296         4.823e-02     -1.050e-07      1.347e-04      6.840e-05      1.767e-05      1.065e+01      2.068e-01      1.266e-05   
      296            297         4.823e-02     -6.118e-08      1.498e-05      1.422e-04      1.740e-05      1.065e+01      2.075e-01      1.422e-05   
      297            298         4.823e-02      6.637e-08      2.068e-05      1.904e-04      1.731e-05      1.065e+01      2.082e-01      1.904e-05   
      298            299         4.823e-02     -8.039e-08      2.929e-05      1.588e-04      1.727e-05      1.065e+01      2.089e-01      1.588e-05   
      299            300         4.823e-02      1.052e-07      3.883e-05      1.268e-04      1.714e-05      1.065e+01      2.089e-01      1.588e-05   
  [it  300] bn 2.6777e-02  L 1.000  kappa 0.371  convex 0.041  d_cc 1.304  d_pc 1.018  -> FAILS L  demount: min hinge clearance +0.909 m, worst arc blocked 0.00%  -> REMOVABLE
      300            301         4.823e-02     -1.002e-07      3.752e-05      1.006e-04      1.664e-05      1.065e+01      2.089e-01      1.588e-05   
      301            302         4.823e-02      5.701e-08      2.441e-05      1.383e-04      1.629e-05      1.065e+01      2.097e-01      1.383e-05   
  [mem] RSS 10.87 GB  peak 10.87 GB
      302            303         4.823e-02     -1.171e-07      3.169e-05      1.110e-04      1.564e-05      1.065e+01      2.104e-01      1.110e-05   
      303            304         4.823e-02      6.408e-08      3.347e-05      1.689e-04      1.469e-05      1.065e+01      2.111e-01      1.689e-05   
      304            305         4.823e-02     -1.525e-07      4.272e-05      8.254e-05      1.360e-05      1.065e+01      2.111e-01      1.689e-05   
      305            306         4.823e-02      5.258e-08      5.019e-05      1.374e-04      1.147e-05      1.065e+01      2.111e-01      1.689e-05   
      306            307         4.823e-02      1.665e-08      4.136e-05      2.050e-04      1.050e-05      1.065e+01      2.118e-01      2.050e-05   
      307            308         4.823e-02     -1.463e-07      4.608e-05      8.389e-05      9.652e-06      1.065e+01      2.118e-01      2.050e-05   
      308            309         4.823e-02      5.209e-08      1.488e-04      8.045e-05      7.215e-06      1.065e+01      2.118e-01      2.050e-05   
      309            310         4.823e-02      5.941e-08      6.796e-05      1.642e-04      7.199e-06      1.065e+01      2.118e-01      2.050e-05   
      310            311         4.823e-02     -1.344e-07      3.988e-05      7.642e-05      7.193e-06      1.065e+01      2.118e-01      2.050e-05   
      311            312         4.823e-02      4.512e-08      5.768e-05      1.490e-04      7.177e-06      1.065e+01      2.125e-01      1.490e-05   
      312            313         4.823e-02     -1.161e-07      3.746e-05      2.235e-04      7.168e-06      1.065e+01      2.133e-01      2.235e-05   
      313            314         4.823e-02      1.155e-07      4.374e-05      8.032e-05      7.159e-06      1.065e+01      2.133e-01      2.235e-05   
  [mem] RSS 10.89 GB  peak 10.89 GB
      314            315         4.823e-02     -2.602e-07      1.445e-04      2.228e-04      7.078e-06      1.065e+01      2.133e-01      2.235e-05   
      315            316         4.823e-02      1.050e-07      4.246e-05      7.799e-05      7.071e-06      1.065e+01      2.133e-01      2.235e-05   
      316            317         4.823e-02     -2.849e-07      1.390e-04      2.178e-04      7.002e-06      1.065e+01      2.133e-01      2.235e-05   
      317            318         4.823e-02      1.145e-07      4.121e-05      7.018e-05      6.994e-06      1.065e+01      2.133e-01      2.235e-05   
      318            319         4.823e-02      1.071e-07      2.731e-04      6.599e-05      6.994e-06      1.065e+01      2.133e-01      2.235e-05   
      319            320         4.823e-02     -2.303e-07      1.207e-04      1.904e-04      6.926e-06      1.065e+01      2.133e-01      2.235e-05   
      320            321         4.823e-02      9.193e-08      3.715e-05      7.690e-05      6.926e-06      1.065e+01      2.140e-01      7.690e-06   
      321            322         4.823e-02      7.849e-08      1.674e-04      7.422e-05      6.928e-06      1.065e+01      2.140e-01      7.690e-06   
      322            323         4.823e-02     -7.767e-08      2.380e-05      8.452e-05      6.926e-06      1.065e+01      2.146e-01      8.452e-06   
      323            324         4.823e-02      6.097e-08      1.971e-05      8.790e-05      6.922e-06      1.065e+01      2.153e-01      8.790e-06   
      324            325         4.823e-02      1.089e-07      1.801e-04      8.482e-05      6.921e-06      1.065e+01      2.153e-01      8.790e-06   
  [mem] RSS 10.91 GB  peak 10.91 GB
  [it  325] bn 2.6777e-02  L 1.000  kappa 0.371  convex 0.024  d_cc 1.304  d_pc 1.018  -> FAILS L  demount: min hinge clearance +0.909 m, worst arc blocked 0.00%  -> REMOVABLE
      325            326         4.823e-02     -6.973e-08      2.573e-05      1.277e-04      6.914e-06      1.065e+01      2.160e-01      1.277e-05   
      326            327         4.823e-02      8.902e-08      3.164e-05      1.446e-04      9.304e-06      1.065e+01      2.167e-01      1.446e-05   
      327            328         4.823e-02     -1.056e-07      3.874e-05      9.992e-05      6.912e-06      1.065e+01      2.167e-01      1.446e-05   
      328            329         4.823e-02      8.596e-08      3.608e-05      9.168e-05      6.912e-06      1.065e+01      2.167e-01      1.446e-05   
      329            330         4.823e-02     -7.596e-08      2.645e-05      1.335e-04      6.912e-06      1.065e+01      2.174e-01      1.335e-05   
      330            331         4.823e-02      1.384e-07      1.788e-04      1.292e-04      6.909e-06      1.065e+01      2.174e-01      1.335e-05   
      331            332         4.823e-02      8.152e-08      2.496e-05      8.403e-05      6.911e-06      1.065e+01      2.181e-01      8.403e-06   
      332            333         4.823e-02      3.560e-08      4.477e-05      1.463e-04      6.910e-06      1.065e+01      2.188e-01      1.463e-05   
      333            334         4.823e-02      1.414e-07      1.733e-04      1.419e-04      6.905e-06      1.065e+01      2.188e-01      1.463e-05   
      334            335         4.823e-02      4.999e-08      6.120e-05      1.404e-04      6.903e-06      1.065e+01      2.188e-01      1.463e-05   
  [mem] RSS 10.93 GB  peak 10.93 GB
      335            336         4.823e-02      7.690e-08      9.413e-05      1.595e-04      6.901e-06      1.065e+01      2.188e-01      1.463e-05   
      336            337         4.823e-02     -8.524e-08      2.978e-05      1.329e-04      6.905e-06      1.065e+01      2.195e-01      1.329e-05   
      337            338         4.823e-02      3.371e-08      4.034e-05      2.480e-04      6.904e-06      1.065e+01      2.202e-01      2.480e-05   
      338            339         4.823e-02      1.479e-07      4.543e-05      6.027e-05      1.325e-05      1.065e+01      2.202e-01      2.480e-05   
      339            340         4.823e-02      3.068e-08      2.195e-05      1.789e-04      1.325e-05      1.065e+01      2.209e-01      1.789e-05   
      340            341         4.823e-02     -9.290e-08      3.450e-05      8.085e-05      6.909e-06      1.065e+01      2.216e-01      8.085e-06   
      341            342         4.823e-02      1.354e-08      8.927e-06      1.121e-04      6.908e-06      1.065e+01      2.222e-01      1.121e-05   
second_order: compiling constraint Hessian for blocks CoilSignedCurvature, PlasmaCoilSetDistancePenalty
  [mem] RSS 11.32 GB  peak 11.32 GB
  [mem] RSS 11.82 GB  peak 11.82 GB
      342            343         4.823e-02      9.510e-08      3.061e-05      1.833e-04      1.094e-05      1.065e+01      2.229e-01      1.833e-05   
      343            344         4.823e-02      9.470e-08      7.822e-05      1.815e-04      1.081e-05      1.065e+01      2.229e-01      1.833e-05   
      344            345         4.823e-02     -1.088e-07      3.714e-05      1.052e-04      6.898e-06      1.065e+01      2.229e-01      1.833e-05   
      345            346         4.823e-02      4.669e-08      3.945e-05      1.293e-04      6.896e-06      1.065e+01      2.236e-01      1.293e-05   
      346            347         4.823e-02      8.235e-08      2.879e-05      1.199e-04      6.887e-06      1.065e+01      2.243e-01      1.199e-05   
      347            348         4.823e-02     -8.830e-08      2.814e-05      1.125e-04      6.874e-06      1.065e+01      2.250e-01      1.125e-05   
      348            349         4.823e-02      1.873e-07      2.884e-04      1.090e-04      8.783e-06      1.065e+01      2.250e-01      1.125e-05   
      349            350         4.823e-02      2.554e-08      5.585e-05      1.834e-04      9.210e-06      1.065e+01      2.257e-01      1.834e-05   
  [mem] RSS 11.85 GB  peak 11.85 GB
  [it  350] bn 2.6777e-02  L 1.000  kappa 0.371  convex 0.025  d_cc 1.304  d_pc 1.018  -> FAILS L  demount: min hinge clearance +0.909 m, worst arc blocked 0.00%  -> REMOVABLE
      350            351         4.823e-02      9.044e-08      3.352e-05      1.462e-04      1.080e-05      1.065e+01      2.264e-01      1.462e-05   
      351            352         4.823e-02      1.327e-07      5.113e-04      1.413e-04      1.049e-05      1.065e+01      2.264e-01      1.462e-05   
      352            353         4.823e-02      1.978e-07      6.496e-04      1.337e-04      1.503e-05      1.065e+01      2.264e-01      1.462e-05   
      353            354         4.823e-02      1.977e-07      5.681e-04      1.269e-04      1.961e-05      1.065e+01      2.264e-01      1.462e-05   
      354            355         4.823e-02      1.138e-07      2.996e-04      1.231e-04      2.217e-05      1.065e+01      2.264e-01      1.462e-05   
      355            356         4.823e-02      2.641e-08      8.262e-05      2.249e-04      2.279e-05      1.065e+01      2.270e-01      2.249e-05   
      356            357         4.823e-02      1.733e-07      6.454e-04      2.123e-04      2.685e-05      1.065e+01      2.270e-01      2.249e-05   
      357            358         4.823e-02      1.079e-07      4.311e-04      2.044e-04      2.943e-05      1.065e+01      2.270e-01      2.249e-05   
      358            359         4.823e-02      3.984e-08      1.759e-04      2.807e-04      3.039e-05      1.065e+01      2.277e-01      2.807e-05   
      359            360         4.823e-02     -1.663e-07      4.963e-05      3.972e-05      3.391e-05      1.065e+01      2.277e-01      2.807e-05   
      360            361         4.823e-02      2.451e-08      1.564e-04      2.102e-04      3.443e-05      1.065e+01      2.284e-01      2.102e-05   
      361            362         4.823e-02      1.106e-07      3.609e-05      3.919e-05      3.191e-05      1.065e+01      2.291e-01      3.919e-06   
      362            363         4.823e-02     -7.641e-08      4.068e-05      8.111e-05      3.293e-05      1.065e+01      2.291e-01      3.919e-06   
  [mem] RSS 11.85 GB  peak 11.85 GB
      363            364         4.823e-02      1.827e-08      1.631e-05      3.039e-05      3.179e-05      1.065e+01      2.297e-01      3.039e-06   
      364            365         4.823e-02     -2.116e-07      4.737e-05      9.688e-05      3.290e-05      1.065e+01      2.297e-01      3.039e-06   
      365            366         4.823e-02      7.877e-08      2.160e-05      4.754e-05      3.148e-05      1.065e+01      2.304e-01      4.754e-06   
      366            367         4.823e-02     -6.797e-08      5.910e-05      1.444e-04      3.334e-05      1.065e+01      2.304e-01      4.754e-06   
      367            368         4.823e-02      2.829e-08      2.723e-05      6.469e-05      3.133e-05      1.065e+01      2.310e-01      6.469e-06   
      368            369         4.823e-02     -3.253e-07      7.169e-05      1.223e-04      3.228e-05      1.065e+01      2.310e-01      6.469e-06   
      369            370         4.823e-02      9.703e-08      3.254e-05      7.565e-05      3.038e-05      1.065e+01      2.317e-01      7.565e-06   
      370            371         4.823e-02     -5.082e-08      4.985e-05      1.111e-04      3.231e-05      1.065e+01      2.317e-01      7.565e-06   
      371            372         4.823e-02     -5.368e-09      2.145e-04      1.101e-04      3.143e-05      1.065e+01      2.317e-01      7.565e-06   
      372            373         4.823e-02      5.741e-08      2.824e-05      8.518e-05      2.950e-05      1.065e+01      2.323e-01      8.518e-06   
  [mem] RSS 11.85 GB  peak 11.85 GB
      373            374         4.823e-02     -4.058e-08      1.284e-03      8.092e-05      2.383e-05      1.065e+01      2.323e-01      8.518e-06   
      374            375         4.823e-02     -1.453e-07      4.625e-05      1.051e-04      2.535e-05      1.065e+01      2.323e-01      8.518e-06   
  [it  375] bn 2.6777e-02  L 1.000  kappa 0.371  convex 0.025  d_cc 1.304  d_pc 1.018  -> FAILS L  demount: min hinge clearance +0.909 m, worst arc blocked 0.00%  -> REMOVABLE
      375            376         4.823e-02      4.714e-08      2.910e-05      8.390e-05      2.345e-05      1.065e+01      2.330e-01      8.390e-06   
      376            377         4.823e-02     -1.350e-07      4.613e-05      1.175e-04      2.515e-05      1.065e+01      2.330e-01      8.390e-06   
      377            378         4.823e-02      5.377e-08      2.817e-05      9.091e-05      2.317e-05      1.065e+01      2.336e-01      9.091e-06   
      378            379         4.823e-02     -1.824e-07      5.761e-05      1.390e-04      2.477e-05      1.065e+01      2.336e-01      9.091e-06   
      379            380         4.823e-02      5.493e-08      3.217e-05      1.014e-04      2.256e-05      1.065e+01      2.342e-01      1.014e-05   
      380            381         4.823e-02     -1.924e-07      5.701e-05      1.452e-04      2.438e-05      1.065e+01      2.342e-01      1.014e-05   
      381            382         4.823e-02     -1.527e-07      3.431e-03      1.264e-04      6.138e-06      1.065e+01      2.342e-01      1.014e-05   
  [mem] RSS 11.85 GB  peak 11.86 GB
      382            383         4.823e-02     -1.576e-07      5.857e-03      1.111e-04      7.558e-06      1.065e+01      2.342e-01      1.014e-05   
      383            384         4.823e-02     -1.006e-08      4.007e-04      1.101e-04      7.657e-06      1.065e+01      2.342e-01      1.014e-05   
      384            385         4.823e-02     -1.278e-08      4.941e-04      1.088e-04      7.781e-06      1.065e+01      2.342e-01      1.014e-05   
      385            386         4.823e-02     -9.309e-08      3.464e-03      1.001e-04      8.686e-06      1.065e+01      2.342e-01      1.014e-05   
      386            387         4.823e-02     -1.493e-08      9.301e-04      9.759e-05      8.930e-06      1.065e+01      2.342e-01      1.014e-05   
      387            388         4.823e-02     -1.324e-08      3.133e-04      9.548e-05      9.135e-06      1.065e+01      2.342e-01      1.014e-05   
      388            389         4.823e-02     -4.572e-08      6.214e-04      8.818e-05      9.844e-06      1.065e+01      2.342e-01      1.014e-05   
      389            390         4.823e-02      4.465e-08      2.312e-05      8.649e-05      1.003e-05      1.065e+01      2.348e-01      8.649e-06   
      390            391         4.823e-02      3.183e-08      9.326e-04      1.196e-04      1.056e-05      1.065e+01      2.354e-01      1.196e-05   
      391            392         4.823e-02     -7.249e-08      3.952e-05      1.562e-04      9.753e-06      1.065e+01      2.360e-01      1.562e-05   
      392            393         4.823e-02      8.057e-08      8.851e-04      1.520e-04      1.007e-05      1.065e+01      2.360e-01      1.562e-05   
      393            394         4.823e-02      2.534e-07      1.183e-03      1.384e-04      1.113e-05      1.065e+01      2.360e-01      1.562e-05   
  [mem] RSS 11.86 GB  peak 11.86 GB
      394            395         4.823e-02      1.211e-07      3.430e-05      1.562e-04      1.124e-05      1.065e+01      2.366e-01      1.562e-05   
      395            396         4.823e-02     -8.678e-08      3.970e-05      8.867e-05      1.142e-05      1.065e+01      2.366e-01      1.562e-05   
      396            397         4.823e-02      1.361e-07      3.995e-05      1.027e-04      1.153e-05      1.065e+01      2.366e-01      1.562e-05   
      397            398         4.823e-02     -5.965e-08      3.127e-05      1.632e-04      1.158e-05      1.065e+01      2.372e-01      1.632e-05   
      398            399         4.823e-02      3.041e-08      3.058e-05      2.680e-04      1.163e-05      1.065e+01      2.378e-01      2.680e-05   
      399            400         4.823e-02      1.850e-07      5.740e-05      2.042e-04      1.899e-05      1.065e+01      2.378e-01      2.680e-05   
  [it  400] bn 2.6778e-02  L 1.000  kappa 0.371  convex 0.036  d_cc 1.303  d_pc 1.018  -> FAILS L  demount: min hinge clearance +0.910 m, worst arc blocked 0.00%  -> REMOVABLE
      400            401         4.823e-02      1.226e-07      1.230e-04      1.495e-04      1.894e-05      1.065e+01      2.378e-01      2.680e-05   
Warning: Maximum number of iterations has been exceeded.
         Current function value: 4.823e-02
         Constraint violation: 1.894e-05
         Total delta_x: 9.455e-02
         Iterations: 400
         Function evaluations: 401
         Jacobian evaluations: 400
Timer: Solution time = 29.3 min
Timer: Avg time per step = 4.38 sec
/home/singh/Documents/DESC2/coil_sandbox/vendor/desc/utils.py:590: FutureWarning: constants is deprecated and will be removed in a future release. Users should not include constants in the arguments of their objective compute methods. Instead declare all the constants in the build method and use as self._constants.
  warnings.warn(msg, err)
==============================================================================================================
                                                                 Start  -->   End
Total (sum of squares):                                      4.820e-02  -->   4.823e-02, 
Maximum absolute Boundary normal field error:                3.099e+00  -->   3.085e+00 (T m^2)
Minimum absolute Boundary normal field error:                5.191e-04  -->   5.894e-04 (T m^2)
Average absolute Boundary normal field error:                6.842e-01  -->   6.851e-01 (T m^2)
Maximum absolute Boundary normal field error:                2.747e-02  -->   2.734e-02 (normalized)
Minimum absolute Boundary normal field error:                4.601e-06  -->   5.223e-06 (normalized)
Average absolute Boundary normal field error:                6.064e-03  -->   6.072e-03 (normalized)
Maximum Coil length:                                         2.800e+01  -->   2.800e+01 (m)
Minimum Coil length:                                         2.800e+01  -->   2.800e+01 (m)
Average Coil length:                                         2.800e+01  -->   2.800e+01 (m)
Maximum Coil length:                                         6.283e+00  -->   6.283e+00 (normalized)
Minimum Coil length:                                         6.283e+00  -->   6.283e+00 (normalized)
Average Coil length:                                         6.283e+00  -->   6.283e+00 (normalized)
  [mem] RSS 11.86 GB  peak 11.86 GB
Maximum Coil curvature:                                      5.595e-01  -->   5.570e-01 (m^-1)
Minimum Coil curvature:                                      5.907e-06  -->   8.697e-06 (m^-1)
Average Coil curvature:                                      2.271e-01  -->   2.272e-01 (m^-1)
Maximum Coil curvature:                                      2.493e+00  -->   2.482e+00 (normalized)
Minimum Coil curvature:                                      2.632e-05  -->   3.876e-05 (normalized)
Average Coil curvature:                                      1.012e+00  -->   1.012e+00 (normalized)
Maximum Signed in-plane curvature:                           5.595e-01  -->   5.570e-01 (m^-1)
Minimum Signed in-plane curvature:                          -1.915e-04  -->  -1.278e-04 (m^-1)
Average Signed in-plane curvature:                           2.271e-01  -->   2.271e-01 (m^-1)
Maximum Signed in-plane curvature:                           2.493e+00  -->   2.482e+00 (normalized)
Minimum Signed in-plane curvature:                          -8.532e-04  -->  -5.695e-04 (normalized)
Average Signed in-plane curvature:                           1.012e+00  -->   1.012e+00 (normalized)
Maximum Coil hinge corner cos(angle):                        9.734e-01  -->   9.733e-01 (dimensionless)
Minimum Coil hinge corner cos(angle):                        6.000e-01  -->   5.971e-01 (dimensionless)
Average Coil hinge corner cos(angle):                        7.583e-01  -->   7.573e-01 (dimensionless)
Maximum Hinge shadow clearance:                              2.979e+00  -->   2.971e+00 (m)
Minimum Hinge shadow clearance:                              9.057e-01  -->   9.040e-01 (m)
Average Hinge shadow clearance:                              1.944e+00  -->   1.936e+00 (m)
Maximum Coil-coil distance penalty:                          0.000e+00  -->   0.000e+00 (dimensionless)
Minimum Coil-coil distance penalty:                          0.000e+00  -->   0.000e+00 (dimensionless)
Average Coil-coil distance penalty:                          0.000e+00  -->   0.000e+00 (dimensionless)
Maximum Plasma-coil distance penalty:                        2.364e-02  -->   6.110e-06 (dimensionless)
Minimum Plasma-coil distance penalty:                        0.000e+00  -->   0.000e+00 (dimensionless)
Average Plasma-coil distance penalty:                        2.955e-03  -->   7.638e-07 (dimensionless)
Fixed parameters error:                                      0.000e+00  -->   0.000e+00 (~)
Summed coil current error:                                   0.000e+00  -->   1.490e-08 (A)
==============================================================================================================


SOLVER {'wall_s': 1859.878962278366, 'message': 'Maximum number of iterations has been exceeded.', 'nit': 400, 'n_outer': 150, 'constr_violation': 1.893796940599657e-05, 'y_absmax_final': 0.23784895424919372}
START  bn 2.6724e-02  L 1.000  kappa 0.373  convex 0.065  d_cc 1.306  d_pc 0.993  -> FAILS d_pc
RESULT bn 2.6778e-02  L 1.000  kappa 0.371  convex 0.036  d_cc 1.303  d_pc 1.018  linked 0  -> FAILS L  active ['L']  demount: min hinge clearance +0.910 m, worst arc blocked 0.00%  -> REMOVABLE
wrote work/helios/arc16/midplane/dual_L28_c60/result.h5, result.json, result.png
