Running as unit: run-p937274-i938715.scope; invocation ID: 52644e8199cc407f908b4cf28e98318b
E0921 19:17:39.850092  937361 cuda_executor.cc:1743] Could not get kernel mode driver version: ( INVALID_ARGUMENT: Version does not match the format X.Y.Z )
E0921 19:17:39.862476  937274 cuda_executor.cc:1743] Could not get kernel mode driver version: ( INVALID_ARGUMENT: Version does not match the format X.Y.Z )
DEVICE requested=gpu obtained=gpu (1x NVIDIA GeForce RTX 5070 Laptop GPU)
  [mem] RSS 0.83 GB  peak 0.83 GB
/home/singh/Documents/DESC2/coil_sandbox/vendor/desc/utils.py:590: UserWarning: Unequal number of field periods for grid 1 and basis 2.
  warnings.warn(msg, err)
/home/singh/Documents/DESC2/coil_sandbox/vendor/desc/utils.py:590: UserWarning: Unequal number of field periods for grid 1 and basis 2.
  warnings.warn(msg, err)
JOINT PLANE: every hinge snapped to z = 0.0 m and held there (largest move 0.0000 m; the START line below is AFTER the snap)
eq sample_equilibria/helios_repro.h5 (h5) NFP 2 sym True; start work/helios/arc16/midplane/free/result.h5: 4 unique coils, arc=True, expect 16 coils; source grid gl (48 nodes/coil), length grid gl (48), constraint grid 301, curvature grid 301; mode stage2; plasma field included (virtual casing)
SETTINGS {'eq': 'sample_equilibria/helios_repro.h5', 'start': 'work/helios/arc16/midplane/free/result.h5', 'out': 'work/helios/arc16/midplane/dual_L28_c100', 'mode': 'stage2', 'length_mult': 1.0, 'margin': 0.0, 'fix_hinges': False, 'anchor_weight': 0.001, 'margin_skip': '', 'a': None, 'bounds': 'bounds/helios_L28.json', 'device': None, 'vacuum': False, 'maxiter': 400, 'check_every': 25, 'ckpt_every': 50, 'diag_log': 'diag.jsonl', 'dcc_backoff': 0.025, 'dpc_backoff': 0.02, 'no_arc_backoffs': False, 'convex_form': 'signed', 'convex_kmin': 0.0, 'convex_backoff': 0.5, 'demount_margin': 0.3, 'demount_backoff': 0.02, 'demount_arcs': False, 'demount_delta': 0.5, 'demount_eps': 0.25, 'fix_hinge_z': 0.0, 'corner_max': 100.0, 'planarity': 'auto', 'planarity_tol': 0.0, 'speed_floor': 0.0, 'arclength_weight': 0.0, 'torsion_weight': 0.0, 'coil_grid_n': 150, 'kappa_grid_n': None, 'eval_m': 25, 'eval_n': 25, 'plasma_m': 64, 'plasma_n': 64, 'src_gl': 24, 'src_n': 400, 'vc_m': None, 'vc_n': None, 'vc_chunk': 64, 'dcc_k': 20000, 'dpc_k': 20000, 'no_signed': False, 'dcc_neighbors': None, 'dcc_chunk': 4, 'dpc_chunk': 1, 'qf_chunk': 25, 'coil_jac_chunk': None, 'no_second_order': False, 'so_chunk': 16, 'so_rtol': 0.05, 'max_tr': 0.5, 'max_inner_iter': 100, 'ctol': 0.0001}
BOUNDS (judged, absolute, a=1.77186) L 28  Ltot -  kappa 1.5  kms -  convex 0.001  planar -  dcc 1.2  dpc 1.2
ENFORCED L 28  Ltot -  kappa 1.492  kms -  convex 0.0005  planar -  dcc 1.239  dpc 1.224  (convexity: signed, kappa_s >= 0.0)
/home/singh/Documents/DESC2/coil_sandbox/vendor/desc/utils.py:590: UserWarning: Unequal number of field periods for grid 1 and basis 2.
  warnings.warn(msg, err)
/home/singh/Documents/DESC2/coil_sandbox/vendor/desc/utils.py:590: UserWarning: Unequal number of field periods for grid 1 and basis 2.
  warnings.warn(msg, err)
  [mem] RSS 2.91 GB  peak 2.91 GB
START  bn 2.6724e-02  L 1.000  kappa 0.373  convex 0.065  d_cc 1.306  d_pc 0.993  linked 0  coils 16  -> FAILS d_pc  demount: min hinge clearance +0.912 m, worst arc blocked 0.00%  -> REMOVABLE
Building objective: Quadratic flux
Precomputing transforms
/home/singh/Documents/DESC2/coil_sandbox/vendor/desc/utils.py:590: UserWarning: Could not build fft interpolator, switching to dft which is slow.
Reason: Got False for eval_grid.can_fft2.
  warnings.warn(msg, err)
  [mem] RSS 7.56 GB  peak 7.56 GB
  [mem] RSS 7.77 GB  peak 7.77 GB
  [mem] RSS 4.80 GB  peak 7.88 GB
Timer: Precomputing transforms = 1.26 min
Timer: Objective build = 1.27 min
Building objective: hinge joint plane
Building objective: summed coil current
Building objective: fixed shift
Building objective: fixed rotation
Building objective: fixed arc reference
Timer: Objective build = 721 ms
Timer: Objective build = 8.08 ms
Timer: LinearConstraintProjection build = 3.12 sec
Timer: LinearConstraintProjection build = 140 ms
Number of parameters: 67
Number of objectives: 1326
Number of equality constraints: 0
Number of inequality constraints: 2498
Timer: Initializing the optimization = 1.36 min

Starting optimization
Using method: lsq-auglag
/home/singh/Documents/DESC2/coil_sandbox/vendor/desc/utils.py:590: FutureWarning: constants is deprecated and will be removed in a future release. Users should not include constants in the arguments of their objective compute methods. Instead declare all the constants in the build method and use as self._constants.
  warnings.warn(msg, err)
E0921 19:19:54.550756  937383 cuda_timer.cc:87] Delay kernel timed out: measured time has sub-optimal accuracy. There may be a missing warmup execution, please investigate in Nsight Systems.
  [mem] RSS 5.17 GB  peak 7.88 GB
E0921 19:20:13.034825  937371 cuda_timer.cc:87] Delay kernel timed out: measured time has sub-optimal accuracy. There may be a missing warmup execution, please investigate in Nsight Systems.
E0921 19:20:13.200944  937385 cuda_timer.cc:87] Delay kernel timed out: measured time has sub-optimal accuracy. There may be a missing warmup execution, please investigate in Nsight Systems.
/home/singh/Documents/DESC2/coil_sandbox/vendor/desc/utils.py:590: FutureWarning: constants is deprecated and will be removed in a future release. Users should not include constants in the arguments of their objective compute methods. Instead declare all the constants in the build method and use as self._constants.
  warnings.warn(msg, err)
E0921 19:20:33.360853  937370 cuda_timer.cc:87] Delay kernel timed out: measured time has sub-optimal accuracy. There may be a missing warmup execution, please investigate in Nsight Systems.
E0921 19:20:33.449204  937381 cuda_timer.cc:87] Delay kernel timed out: measured time has sub-optimal accuracy. There may be a missing warmup execution, please investigate in Nsight Systems.
  [mem] RSS 5.83 GB  peak 7.88 GB
second_order: compiling constraint Hessian for blocks PlasmaCoilSetDistancePenalty
  [mem] RSS 5.99 GB  peak 7.88 GB
Solver options:
------------------------------------------------------------
Maximum Function Evaluations       : 2001
Maximum Allowed Total Δx Norm      : inf
Scaled Termination                 : True
Trust Region Method                : svd
Initial Trust Radius               : 1.885e-01
Maximum Trust Radius               : 5.000e-01
Minimum Trust Radius               : 2.220e-16
Trust Radius Increase Ratio        : 4.000e+00
Trust Radius Decrease Ratio        : 2.500e-01
Trust Radius Increase Threshold    : 7.500e-01
Trust Radius Decrease Threshold    : 5.000e-01
Alpha Omega                        : 1.000e+00
Beta Omega                         : 1.000e+00
Alpha Eta                          : 1.000e-01
Beta Eta                           : 9.000e-01
Omega                              : 1.000e-02
Eta                                : 1.000e-02
Tau                                : 1.000e+01
------------------------------------------------------------ 

   Iteration     Total nfev        Cost      Cost reduction    Step norm     Optimality    Constr viol.   Penalty param  max(|mltplr|)      gtolk     
       0              1          4.820e-02                                    7.240e-02      2.364e-02      1.000e+01      0.000e+00      1.000e-03   
second_order: compiling constraint Hessian for blocks CoilLength, HingeShadowClearance, PlasmaCoilSetDistancePenalty
  [mem] RSS 6.66 GB  peak 7.88 GB
       1              2          4.819e-02      7.230e-06      3.547e-03      2.395e-02      1.267e-02      1.000e+01      0.000e+00      1.000e-03   
second_order: compiling constraint Hessian for blocks CoilLength, CoilCurvature, CoilSignedCurvature, CoilCornerAngle, HingeShadowClearance, PlasmaCoilSetDistancePenalty
  [mem] RSS 7.24 GB  peak 7.88 GB
  [mem] RSS 8.17 GB  peak 8.17 GB
  [mem] RSS 8.39 GB  peak 8.41 GB
  [mem] RSS 8.45 GB  peak 8.45 GB
       2              3          4.819e-02     -1.174e-06      2.948e-03      9.343e-03      7.142e-03      1.000e+01      0.000e+00      1.000e-03   
       3              4          4.823e-02     -3.611e-05      6.041e-03      2.175e-02      4.374e-03      1.000e+01      0.000e+00      1.000e-03   
       4              5          4.822e-02      1.128e-05      1.767e-03      3.288e-03      4.088e-03      1.000e+01      0.000e+00      1.000e-03   
       5              6          4.822e-02      1.237e-06      2.708e-03      2.048e-02      3.216e-03      1.000e+01      0.000e+00      1.000e-03   
       6              7          4.821e-02      6.319e-06      2.708e-03      1.869e-02      3.075e-03      1.000e+01      0.000e+00      1.000e-03   
       7              8          4.820e-02      1.123e-05      5.216e-03      1.559e-02      2.821e-03      1.000e+01      0.000e+00      1.000e-03   
       8              9          4.818e-02      1.652e-05      8.385e-03      1.141e-02      2.458e-03      1.000e+01      0.000e+00      1.000e-03   
       9             10          4.818e-02      3.137e-06      1.802e-03      1.079e-02      2.394e-03      1.000e+01      0.000e+00      1.000e-03   
      10             11          4.818e-02      1.866e-06      6.346e-04      1.002e-03      2.373e-03      1.000e+01      0.000e+00      1.000e-03   
second_order: compiling constraint Hessian for blocks CoilLength, CoilSignedCurvature, CoilCornerAngle, HingeShadowClearance, PlasmaCoilSetDistancePenalty
  [mem] RSS 8.46 GB  peak 8.46 GB
  [mem] RSS 8.58 GB  peak 8.62 GB
  [mem] RSS 8.60 GB  peak 8.62 GB
      11             12          4.818e-02     -3.786e-06      8.688e-04      6.164e-03      2.245e-03      1.000e+01      0.000e+00      1.000e-03   
      12             13          4.818e-02      3.534e-06      2.017e-03      5.780e-03      2.180e-03      1.000e+01      0.000e+00      1.000e-03   
      13             14          4.818e-02      1.159e-06      6.837e-04      5.657e-03      2.159e-03      1.000e+01      0.000e+00      1.000e-03   
      14             15          4.818e-02      1.054e-06      6.316e-04      5.547e-03      2.140e-03      1.000e+01      0.000e+00      1.000e-03   
second_order: compiling constraint Hessian for blocks CoilLength, CoilSignedCurvature, HingeShadowClearance, PlasmaCoilSetDistancePenalty
  [mem] RSS 8.70 GB  peak 8.70 GB
  [mem] RSS 8.77 GB  peak 8.79 GB
  [mem] RSS 8.81 GB  peak 8.81 GB
      15             16          4.818e-02      1.829e-06      4.044e-04      3.092e-03      2.102e-03      1.000e+01      2.102e-02      3.092e-04   
      16             17          4.820e-02     -2.660e-05      1.728e-03      5.277e-03      1.991e-03      1.000e+01      2.102e-02      3.092e-04   
      17             18          4.820e-02      2.925e-06      3.354e-03      4.814e-03      1.870e-03      1.000e+01      2.102e-02      3.092e-04   
      18             19          4.820e-02      1.469e-06      6.891e-04      1.614e-03      1.799e-03      1.000e+01      2.102e-02      3.092e-04   
      19             20          4.821e-02     -1.089e-05      1.030e-03      4.843e-03      1.609e-03      1.000e+01      2.102e-02      3.092e-04   
      20             21          4.820e-02      4.603e-06      4.217e-03      4.297e-03      1.483e-03      1.000e+01      2.102e-02      3.092e-04   
      21             22          4.820e-02      1.321e-06      1.220e-03      4.152e-03      1.448e-03      1.000e+01      2.102e-02      3.092e-04   
      22             23          4.820e-02      1.140e-06      1.043e-03      4.031e-03      1.419e-03      1.000e+01      2.102e-02      3.092e-04   
      23             24          4.820e-02      2.958e-06      4.683e-04      9.844e-04      1.390e-03      1.000e+01      2.102e-02      3.092e-04   
  [mem] RSS 8.87 GB  peak 8.87 GB
      24             25          4.820e-02     -2.604e-06      9.577e-04      5.707e-03      1.188e-03      1.000e+01      2.102e-02      3.092e-04   
  [it   25] bn 2.6734e-02  L 1.000  kappa 0.373  convex 1.411  d_cc 1.307  d_pc 1.009  -> FAILS L,convex  demount: min hinge clearance +0.912 m, worst arc blocked 0.00%  -> REMOVABLE
      25             26          4.820e-02      2.105e-06      2.034e-03      5.379e-03      1.144e-03      1.000e+01      2.102e-02      3.092e-04   
      26             27          4.819e-02      6.075e-06      5.905e-03      4.467e-03      1.025e-03      1.000e+01      2.102e-02      3.092e-04   
second_order: compiling constraint Hessian for blocks CoilLength, CoilSignedCurvature, CoilCornerAngle, PlasmaCoilSetDistancePenalty
  [mem] RSS 8.89 GB  peak 8.89 GB
  [mem] RSS 9.48 GB  peak 9.55 GB
  [mem] RSS 9.55 GB  peak 9.55 GB
      27             28          4.819e-02      7.077e-06      7.574e-03      3.520e-03      8.891e-04      1.000e+01      2.102e-02      3.092e-04   
second_order: compiling constraint Hessian for blocks CoilLength, CoilCurvature, CoilSignedCurvature, PlasmaCoilSetDistancePenalty
  [mem] RSS 9.67 GB  peak 9.67 GB
  [mem] RSS 10.06 GB  peak 10.06 GB
  [mem] RSS 10.08 GB  peak 10.08 GB
      28             29          4.817e-02      1.419e-05      1.567e-02      1.928e-03      6.590e-04      1.000e+01      2.102e-02      3.092e-04   
second_order: compiling constraint Hessian for blocks CoilLength, CoilSignedCurvature, PlasmaCoilSetDistancePenalty
  [mem] RSS 10.18 GB  peak 10.18 GB
  [mem] RSS 10.17 GB  peak 10.18 GB
      29             30          4.816e-02      1.028e-05      1.703e-02      1.178e-03      5.125e-04      1.000e+01      2.102e-02      3.092e-04   
      30             31          4.815e-02      1.046e-05      1.873e-02      4.488e-04      4.871e-04      1.000e+01      2.102e-02      3.092e-04   
      31             32          4.815e-02      5.616e-06      1.299e-02      3.268e-03      5.386e-04      1.000e+01      2.382e-02      3.268e-04   
      32             33          4.816e-02     -1.328e-05      9.478e-03      2.101e-03      4.523e-04      1.000e+01      2.382e-02      3.268e-04   
      33             34          4.817e-02     -6.400e-06      4.640e-03      1.589e-03      4.099e-04      1.000e+01      2.382e-02      3.268e-04   
      34             35          4.817e-02     -4.693e-06      3.394e-03      1.227e-03      3.789e-04      1.000e+01      2.382e-02      3.268e-04   
      35             36          4.817e-02     -1.072e-06      7.774e-04      1.147e-03      3.718e-04      1.000e+01      2.382e-02      3.268e-04   
  [mem] RSS 10.23 GB  peak 10.23 GB
      36             37          4.817e-02     -2.379e-06      1.741e-03      9.702e-04      3.563e-04      1.000e+01      2.382e-02      3.268e-04   
      37             38          4.818e-02     -1.979e-06      1.406e-03      8.275e-04      3.436e-04      1.000e+01      2.382e-02      3.268e-04   
      38             39          4.818e-02     -3.765e-06      2.722e-03      5.658e-04      3.197e-04      1.000e+01      2.382e-02      3.268e-04   
      39             40          4.819e-02     -7.889e-06      5.966e-03      1.364e-03      2.685e-04      1.040e+01      2.382e-02      1.364e-04   
      40             41          4.819e-02     -7.614e-06      4.220e-03      9.312e-04      2.117e-04      1.040e+01      2.382e-02      1.364e-04   
      41             42          4.820e-02     -6.586e-06      3.789e-03      5.635e-04      1.636e-04      1.040e+01      2.382e-02      1.364e-04   
      42             43          4.820e-02     -3.201e-06      1.648e-03      3.936e-04      1.401e-04      1.040e+01      2.382e-02      1.364e-04   
      43             44          4.821e-02     -3.975e-06      1.991e-03      1.870e-04      1.272e-04      1.040e+01      2.382e-02      1.364e-04   
      44             45          4.821e-02     -3.212e-06      1.922e-03      8.181e-04      1.207e-04      1.040e+01      3.552e-02      8.181e-05   
      45             46          4.822e-02     -4.410e-06      5.596e-03      2.888e-04      9.671e-05      1.040e+01      3.552e-02      8.181e-05   
      46             47          4.822e-02     -2.630e-06      4.989e-03      6.353e-04      8.120e-05      1.040e+01      4.364e-02      6.353e-05   
  [mem] RSS 10.23 GB  peak 10.23 GB
      47             48          4.822e-02     -1.739e-08      2.555e-04      8.440e-05      8.002e-05      1.040e+01      4.364e-02      6.353e-05   
      48             49          4.822e-02     -4.618e-07      9.427e-04      6.711e-05      7.684e-05      1.040e+01      4.364e-02      6.353e-05   
      49             50          4.822e-02     -1.088e-06      2.252e-03      1.660e-04      6.968e-05      1.040e+01      5.061e-02      1.660e-05   
  [it   50] bn 2.6769e-02  L 1.000  kappa 0.371  convex 0.195  d_cc 1.303  d_pc 1.016  -> FAILS L  demount: min hinge clearance +0.910 m, worst arc blocked 0.00%  -> REMOVABLE
      50             51          4.822e-02     -2.487e-07      8.568e-05      5.269e-05      6.818e-05      1.040e+01      5.061e-02      1.660e-05   
      51             52          4.822e-02     -8.456e-07      1.659e-03      3.020e-05      6.237e-05      1.040e+01      5.061e-02      1.660e-05   
      52             53          4.822e-02     -7.332e-07      1.922e-03      1.721e-04      5.691e-05      1.040e+01      5.630e-02      1.721e-05   
      53             54          4.822e-02     -8.102e-07      1.925e-03      6.306e-05      5.140e-05      1.040e+01      5.630e-02      1.721e-05   
      54             55          4.822e-02     -4.888e-07      1.464e-03      3.495e-04      4.846e-05      1.040e+01      6.114e-02      3.495e-05   
      55             56          4.822e-02      5.330e-08      2.302e-03      1.664e-04      4.639e-05      1.040e+01      6.114e-02      3.495e-05   
      56             57          4.822e-02      1.288e-08      2.598e-03      1.798e-04      4.451e-05      1.040e+01      6.560e-02      1.798e-05   
  [mem] RSS 10.24 GB  peak 10.24 GB
      57             58          4.822e-02     -2.420e-07      2.630e-03      4.782e-05      4.186e-05      1.040e+01      6.560e-02      1.798e-05   
      58             59          4.822e-02     -9.159e-08      1.915e-03      2.262e-04      4.115e-05      1.040e+01      6.971e-02      2.262e-05   
      59             60          4.822e-02     -4.068e-07      1.994e-03      1.328e-04      3.815e-05      1.040e+01      7.353e-02      1.328e-05   
      60             61          4.822e-02     -4.304e-08      4.611e-05      2.302e-05      3.794e-05      1.040e+01      7.353e-02      1.328e-05   
      61             62          4.822e-02     -9.831e-08      6.467e-04      1.475e-05      3.703e-05      1.040e+01      7.353e-02      1.328e-05   
      62             63          4.822e-02     -1.502e-07      1.068e-03      2.530e-04      3.569e-05      1.040e+01      7.709e-02      2.530e-05   
      63             64          4.822e-02      3.180e-10      8.542e-05      4.146e-05      3.551e-05      1.040e+01      8.065e-02      4.146e-06   
      64             65          4.822e-02     -1.916e-07      5.108e-04      3.482e-05      3.486e-05      1.040e+01      8.065e-02      4.146e-06   
      65             66          4.822e-02     -1.295e-07      3.434e-04      3.033e-05      3.443e-05      1.040e+01      8.065e-02      4.146e-06   
      66             67          4.823e-02     -4.753e-07      1.263e-03      1.394e-05      3.290e-05      1.040e+01      8.065e-02      4.146e-06   
  [mem] RSS 10.25 GB  peak 10.25 GB
      67             68          4.823e-02     -3.466e-07      1.092e-03      8.819e-05      3.183e-05      1.040e+01      8.383e-02      8.819e-06   
      68             69          4.823e-02     -2.600e-08      3.957e-04      6.074e-05      3.124e-05      1.040e+01      8.383e-02      8.819e-06   
      69             70          4.823e-02     -3.806e-08      4.989e-04      3.067e-05      3.051e-05      1.040e+01      8.383e-02      8.819e-06   
      70             71          4.823e-02     -5.390e-09      8.297e-05      2.700e-05      3.042e-05      1.040e+01      8.383e-02      8.819e-06   
      71             72          4.823e-02     -2.230e-08      3.544e-04      1.222e-05      3.004e-05      1.040e+01      8.383e-02      8.819e-06   
      72             73          4.823e-02     -2.295e-08      4.564e-04      8.615e-06      2.971e-05      1.040e+01      8.680e-02      8.615e-07   
      73             74          4.823e-02     -1.299e-07      1.087e-03      1.764e-06      2.822e-05      1.040e+01      8.680e-02      8.615e-07   
      74             75          4.823e-02     -2.022e-08      6.467e-04      8.617e-07      2.804e-05      1.040e+01      8.680e-02      8.615e-07   
  [it   75] bn 2.6774e-02  L 1.000  kappa 0.371  convex 0.067  d_cc 1.304  d_pc 1.017  -> FAILS L  demount: min hinge clearance +0.910 m, worst arc blocked 0.00%  -> REMOVABLE
      75             76          4.823e-02     -6.810e-09      1.847e-04      4.174e-05      2.801e-05      1.040e+01      8.960e-02      4.174e-06   
      76             77          4.823e-02     -9.099e-08      3.637e-04      2.599e-05      2.748e-05      1.040e+01      8.960e-02      4.174e-06   
  [mem] RSS 10.26 GB  peak 10.26 GB
      77             78          4.823e-02     -3.645e-09      9.244e-06      1.269e-05      2.741e-05      1.040e+01      9.234e-02      1.269e-06   
      78             79          4.823e-02     -1.775e-07      6.813e-04      6.994e-06      2.645e-05      1.040e+01      9.234e-02      1.269e-06   
      79             80          4.823e-02     -5.712e-08      7.240e-06      6.608e-05      2.638e-05      1.040e+01      9.498e-02      6.608e-06   
      80             81          4.823e-02     -9.884e-09      5.630e-05      6.354e-05      2.629e-05      1.040e+01      9.498e-02      6.608e-06   
      81             82          4.823e-02     -1.499e-07      8.671e-04      2.515e-05      2.496e-05      1.040e+01      9.498e-02      6.608e-06   
      82             83          4.823e-02     -9.607e-09      9.181e-05      2.300e-05      2.488e-05      1.040e+01      9.498e-02      6.608e-06   
      83             84          4.823e-02      1.369e-08      2.890e-06      1.435e-05      2.486e-05      1.040e+01      9.747e-02      1.435e-06   
      84             85          4.823e-02     -4.058e-08      5.717e-06      4.919e-05      2.481e-05      1.040e+01      9.995e-02      4.919e-06   
      85             86          4.823e-02     -6.893e-08      1.942e-04      4.194e-05      2.441e-05      1.040e+01      9.995e-02      4.919e-06   
      86             87          4.823e-02     -2.178e-08      6.560e-05      3.963e-05      2.429e-05      1.040e+01      9.995e-02      4.919e-06   
      87             88          4.823e-02     -3.130e-07      9.676e-04      6.213e-06      2.250e-05      1.040e+01      9.995e-02      4.919e-06   
  [mem] RSS 10.28 GB  peak 10.28 GB
      88             89          4.823e-02     -2.091e-09      4.661e-05      5.869e-06      2.248e-05      1.040e+01      9.995e-02      4.919e-06   
      89             90          4.823e-02     -1.526e-09      3.563e-05      5.613e-06      2.247e-05      1.040e+01      9.995e-02      4.919e-06   
      90             91          4.823e-02      3.962e-09      1.444e-06      7.753e-05      2.246e-05      1.040e+01      1.022e-01      7.753e-06   
      91             92          4.823e-02     -4.607e-08      1.028e-05      1.180e-04      2.242e-05      1.040e+01      1.044e-01      1.180e-05   
      92             93          4.823e-02     -2.641e-07      2.202e-04      9.633e-05      2.211e-05      1.040e+01      1.044e-01      1.180e-05   
      93             94          4.823e-02      3.214e-08      1.470e-05      1.551e-04      2.207e-05      1.040e+01      1.066e-01      1.551e-05   
      94             95          4.823e-02     -6.882e-08      2.010e-05      1.835e-04      2.204e-05      1.040e+01      1.088e-01      1.835e-05   
      95             96          4.823e-02      3.482e-08      2.306e-05      2.180e-04      2.198e-05      1.040e+01      1.110e-01      2.180e-05   
      96             97          4.823e-02     -8.317e-08      2.565e-05      1.349e-04      2.193e-05      1.040e+01      1.132e-01      1.349e-05   
      97             98          4.823e-02      2.103e-08      2.595e-05      2.000e-04      2.185e-05      1.040e+01      1.154e-01      2.000e-05   
      98             99          4.823e-02     -4.069e-07      2.185e-04      1.828e-04      2.148e-05      1.040e+01      1.154e-01      2.000e-05   
  [mem] RSS 10.29 GB  peak 10.29 GB
      99             100         4.823e-02     -8.920e-08      2.309e-05      1.031e-04      2.142e-05      1.040e+01      1.176e-01      1.031e-05   
  [it  100] bn 2.6775e-02  L 1.000  kappa 0.371  convex 0.046  d_cc 1.304  d_pc 1.017  -> FAILS L  demount: min hinge clearance +0.909 m, worst arc blocked 0.00%  -> REMOVABLE
      100            101         4.823e-02     -3.243e-07      1.773e-04      9.549e-05      2.109e-05      1.040e+01      1.176e-01      1.031e-05   
      101            102         4.823e-02      6.070e-09      2.238e-05      1.645e-04      2.101e-05      1.040e+01      1.197e-01      1.645e-05   
      102            103         4.823e-02     -8.197e-08      2.081e-05      8.672e-05      2.094e-05      1.040e+01      1.218e-01      8.672e-06   
      103            104         4.823e-02      4.350e-09      2.165e-05      1.727e-04      2.083e-05      1.040e+01      1.238e-01      1.727e-05   
      104            105         4.823e-02     -8.210e-08      2.166e-05      9.311e-05      2.075e-05      1.040e+01      1.259e-01      9.311e-06   
      105            106         4.823e-02     -1.416e-07      9.322e-05      8.938e-05      2.052e-05      1.040e+01      1.259e-01      9.311e-06   
      106            107         4.823e-02     -5.675e-07      3.660e-04      7.451e-05      1.963e-05      1.040e+01      1.259e-01      9.311e-06   
      107            108         4.823e-02     -2.616e-06      1.535e-03      2.245e-05      1.616e-05      1.040e+01      1.259e-01      9.311e-06   
      108            109         4.823e-02     -9.078e-08      7.808e-05      2.019e-05      1.609e-05      1.040e+01      1.259e-01      9.311e-06   
  [mem] RSS 10.31 GB  peak 10.31 GB
      109            110         4.823e-02     -2.882e-07      2.488e-04      1.305e-05      1.587e-05      1.040e+01      1.259e-01      9.311e-06   
      110            111         4.823e-02     -1.761e-07      1.631e-04      9.166e-05      1.573e-05      1.040e+01      1.275e-01      9.166e-06   
      111            112         4.823e-02      3.160e-07      1.718e-04      8.103e-05      1.567e-05      1.040e+01      1.275e-01      9.166e-06   
      112            113         4.823e-02      3.048e-07      1.670e-04      7.087e-05      1.561e-05      1.040e+01      1.275e-01      9.166e-06   
      113            114         4.823e-02      3.933e-08      1.979e-05      8.730e-05      1.559e-05      1.040e+01      1.290e-01      8.730e-06   
      114            115         4.823e-02      1.370e-06      8.211e-04      5.907e-05      1.541e-05      1.040e+01      1.290e-01      8.730e-06   
      115            116         4.823e-02      4.319e-08      2.569e-05      7.041e-05      1.540e-05      1.040e+01      1.306e-01      7.041e-06   
      116            117         4.823e-02      2.449e-07      1.495e-04      6.591e-05      1.536e-05      1.040e+01      1.306e-01      7.041e-06   
      117            118         4.823e-02      4.008e-08      2.429e-05      7.216e-05      1.536e-05      1.040e+01      1.321e-01      7.216e-06   
      118            119         4.823e-02      1.670e-07      1.074e-04      6.928e-05      1.532e-05      1.040e+01      1.321e-01      7.216e-06   
      119            120         4.823e-02      2.960e-08      1.598e-05      2.043e-04      1.534e-05      1.040e+01      1.337e-01      2.043e-05   
      120            121         4.823e-02      7.697e-08      5.373e-05      2.008e-04      1.532e-05      1.040e+01      1.337e-01      2.043e-05   
  [mem] RSS 10.33 GB  peak 10.33 GB
      121            122         4.823e-02     -3.269e-08      1.942e-05      4.038e-05      1.532e-05      1.040e+01      1.352e-01      4.038e-06   
      122            123         4.823e-02      4.154e-07      3.085e-04      3.678e-05      1.522e-05      1.040e+01      1.352e-01      4.038e-06   
      123            124         4.823e-02      2.101e-08      1.534e-05      6.427e-05      1.521e-05      1.040e+01      1.367e-01      6.427e-06   
      124            125         4.823e-02      8.984e-08      6.830e-05      6.289e-05      1.518e-05      1.040e+01      1.367e-01      6.427e-06   
  [it  125] bn 2.6776e-02  L 1.000  kappa 0.371  convex 0.045  d_cc 1.304  d_pc 1.018  -> FAILS L  demount: min hinge clearance +0.909 m, worst arc blocked 0.00%  -> REMOVABLE
      125            126         4.823e-02      4.521e-08      1.182e-05      9.225e-05      1.517e-05      1.040e+01      1.382e-01      9.225e-06   
      126            127         4.823e-02      1.229e-08      1.000e-05      1.683e-04      1.517e-05      1.040e+01      1.397e-01      1.683e-05   
      127            128         4.823e-02      4.189e-08      3.663e-05      2.406e-04      1.514e-05      1.040e+01      1.413e-01      2.406e-05   
      128            129         4.823e-02     -6.495e-08      2.275e-05      9.914e-05      1.513e-05      1.040e+01      1.428e-01      9.914e-06   
      129            130         4.823e-02      3.266e-08      1.660e-05      2.360e-05      1.510e-05      1.040e+01      1.443e-01      2.360e-06   
  [mem] RSS 10.35 GB  peak 10.35 GB
      130            131         4.823e-02     -3.754e-08      1.032e-05      7.282e-05      1.499e-05      1.040e+01      1.458e-01      7.282e-06   
      131            132         4.823e-02      2.546e-08      1.326e-05      7.933e-05      1.496e-05      1.040e+01      1.473e-01      7.933e-06   
      132            133         4.823e-02     -4.100e-08      9.647e-06      3.276e-05      1.494e-05      1.040e+01      1.488e-01      3.276e-06   
      133            134         4.823e-02     -3.383e-09      1.003e-05      1.129e-04      1.488e-05      1.040e+01      1.503e-01      1.129e-05   
      134            135         4.823e-02      6.196e-08      8.297e-05      1.100e-04      1.480e-05      1.040e+01      1.503e-01      1.129e-05   
      135            136         4.823e-02      4.982e-07      6.544e-04      8.712e-05      1.421e-05      1.040e+01      1.503e-01      1.129e-05   
      136            137         4.823e-02      3.200e-07      3.734e-04      7.455e-05      1.390e-05      1.040e+01      1.503e-01      1.129e-05   
      137            138         4.823e-02      2.033e-07      2.336e-04      6.664e-05      1.755e-05      1.040e+01      1.503e-01      1.129e-05   
      138            139         4.823e-02      1.085e-08      1.236e-05      8.616e-05      1.778e-05      1.040e+01      1.516e-01      8.616e-06   
      139            140         4.823e-02      2.164e-08      3.341e-05      1.024e-04      1.830e-05      1.040e+01      1.530e-01      1.024e-05   
      140            141         4.823e-02     -1.803e-08      1.198e-05      7.335e-05      1.832e-05      1.040e+01      1.544e-01      7.335e-06   
      141            142         4.823e-02      2.409e-08      1.697e-05      1.146e-04      1.834e-05      1.040e+01      1.557e-01      1.146e-05   
  [mem] RSS 10.37 GB  peak 10.37 GB
      142            143         4.823e-02     -7.259e-08      1.965e-05      1.110e-04      1.832e-05      1.040e+01      1.571e-01      1.110e-05   
      143            144         4.823e-02      2.592e-08      2.624e-05      2.202e-04      1.826e-05      1.040e+01      1.584e-01      2.202e-05   
      144            145         4.823e-02     -3.096e-07      4.978e-04      1.955e-04      1.496e-05      1.040e+01      1.584e-01      2.202e-05   
      145            146         4.823e-02     -1.393e-07      2.235e-04      1.844e-04      1.349e-05      1.040e+01      1.584e-01      2.202e-05   
      146            147         4.823e-02     -8.472e-08      2.326e-05      1.045e-04      1.343e-05      1.040e+01      1.597e-01      1.045e-05   
      147            148         4.823e-02      1.735e-08      2.341e-05      1.697e-04      1.332e-05      1.040e+01      1.610e-01      1.697e-05   
      148            149         4.823e-02     -8.005e-08      2.114e-05      8.768e-05      1.321e-05      1.040e+01      1.623e-01      8.768e-06   
      149            150         4.823e-02      7.737e-09      2.094e-05      1.613e-04      1.306e-05      1.040e+01      1.636e-01      1.613e-05   
  [it  150] bn 2.6776e-02  L 1.000  kappa 0.371  convex 0.039  d_cc 1.304  d_pc 1.018  -> FAILS L  demount: min hinge clearance +0.909 m, worst arc blocked 0.00%  -> REMOVABLE
      150            151         4.823e-02     -8.116e-08      2.012e-05      8.342e-05      1.294e-05      1.040e+01      1.648e-01      8.342e-06   
      151            152         4.823e-02      2.968e-09      2.002e-05      1.496e-04      1.278e-05      1.040e+01      1.661e-01      1.496e-05   
  [mem] RSS 10.38 GB  peak 10.38 GB
      152            153         4.823e-02     -1.073e-07      1.505e-04      1.453e-04      1.260e-05      1.040e+01      1.661e-01      1.496e-05   
      153            154         4.823e-02     -7.889e-08      1.914e-05      1.088e-04      1.254e-05      1.040e+01      1.674e-01      1.088e-05   
      154            155         4.823e-02      6.398e-09      2.243e-05      1.926e-04      1.245e-05      1.040e+01      1.686e-01      1.926e-05   
      155            156         4.823e-02     -4.359e-07      5.409e-04      1.728e-04      1.218e-05      1.040e+01      1.686e-01      1.926e-05   
      156            157         4.823e-02     -1.770e-07      2.200e-04      1.653e-04      1.207e-05      1.040e+01      1.686e-01      1.926e-05   
      157            158         4.823e-02     -2.249e-07      2.866e-04      1.558e-04      1.194e-05      1.040e+01      1.686e-01      1.926e-05   
      158            159         4.823e-02     -1.280e-07      1.699e-04      1.505e-04      1.187e-05      1.040e+01      1.686e-01      1.926e-05   
      159            160         4.823e-02     -5.100e-07      6.931e-04      1.295e-04      1.158e-05      1.040e+01      1.686e-01      1.926e-05   
      160            161         4.823e-02     -3.395e-07      4.619e-04      1.167e-04      1.141e-05      1.040e+01      1.686e-01      1.926e-05   
      161            162         4.823e-02     -6.143e-08      1.512e-05      8.705e-05      1.137e-05      1.040e+01      1.697e-01      8.705e-06   
      162            163         4.823e-02      2.779e-08      1.619e-05      8.559e-05      1.133e-05      1.040e+01      1.709e-01      8.559e-06   
      163            164         4.823e-02     -6.746e-07      1.449e-03      3.728e-05      1.041e-05      1.040e+01      1.709e-01      8.559e-06   
  [mem] RSS 10.40 GB  peak 10.40 GB
      164            165         4.823e-02     -3.288e-07      1.024e-03      1.561e-05      9.993e-06      1.040e+01      1.709e-01      8.559e-06   
      165            166         4.823e-02     -4.691e-08      2.135e-04      1.301e-05      9.940e-06      1.040e+01      1.709e-01      8.559e-06   
      166            167         4.823e-02     -2.061e-07      1.030e-03      5.131e-05      9.704e-06      1.040e+01      1.718e-01      5.131e-06   
      167            168         4.823e-02      1.141e-07      2.816e-05      1.883e-04      9.697e-06      1.040e+01      1.728e-01      1.883e-05   
      168            169         4.823e-02     -6.532e-08      2.052e-05      8.578e-05      9.716e-06      1.040e+01      1.738e-01      8.578e-06   
      169            170         4.823e-02      4.945e-07      3.172e-04      7.652e-05      9.695e-06      1.040e+01      1.738e-01      8.578e-06   
      170            171         4.823e-02      3.782e-08      2.080e-05      1.813e-04      9.723e-06      1.040e+01      1.748e-01      1.813e-05   
      171            172         4.823e-02      1.915e-07      1.263e-04      1.741e-04      9.713e-06      1.040e+01      1.748e-01      1.813e-05   
      172            173         4.823e-02      1.628e-07      1.076e-04      1.680e-04      9.704e-06      1.040e+01      1.748e-01      1.813e-05   
      173            174         4.823e-02     -2.677e-08      2.265e-05      1.181e-04      9.715e-06      1.040e+01      1.757e-01      1.181e-05   
      174            175         4.823e-02      8.270e-08      2.728e-05      2.217e-04      9.721e-06      1.040e+01      1.767e-01      2.217e-05   
  [mem] RSS 10.42 GB  peak 10.42 GB
  [it  175] bn 2.6776e-02  L 1.000  kappa 0.371  convex 0.038  d_cc 1.305  d_pc 1.018  -> FAILS L  demount: min hinge clearance +0.909 m, worst arc blocked 0.00%  -> REMOVABLE
      175            176         4.823e-02     -4.738e-08      2.715e-05      1.302e-04      9.723e-06      1.040e+01      1.777e-01      1.302e-05   
      176            177         4.823e-02      8.842e-08      6.593e-05      1.281e-04      9.716e-06      1.040e+01      1.777e-01      1.302e-05   
      177            178         4.823e-02      7.681e-08      2.659e-05      2.115e-04      9.718e-06      1.040e+01      1.786e-01      2.115e-05   
      178            179         4.823e-02     -5.707e-08      2.463e-05      9.976e-05      9.718e-06      1.040e+01      1.796e-01      9.976e-06   
      179            180         4.823e-02      4.189e-08      2.113e-05      1.414e-04      9.717e-06      1.040e+01      1.806e-01      1.414e-05   
      180            181         4.823e-02      1.411e-07      1.244e-04      1.376e-04      9.702e-06      1.040e+01      1.806e-01      1.414e-05   
      181            182         4.823e-02      2.629e-08      2.333e-05      2.305e-04      9.699e-06      1.040e+01      1.816e-01      2.305e-05   
      182            183         4.823e-02     -6.484e-08      2.294e-05      9.489e-05      9.693e-06      1.040e+01      1.825e-01      9.489e-06   
      183            184         4.823e-02      2.687e-08      1.663e-05      2.804e-05      9.684e-06      1.040e+01      1.835e-01      2.804e-06   
      184            185         4.823e-02      3.929e-07      4.002e-04      2.338e-05      9.627e-06      1.040e+01      1.835e-01      2.804e-06   
  [mem] RSS 10.44 GB  peak 10.44 GB
      185            186         4.823e-02     -3.643e-08      7.371e-06      4.622e-05      9.606e-06      1.040e+01      1.845e-01      4.622e-06   
      186            187         4.823e-02      3.841e-08      4.043e-05      7.180e-05      9.600e-06      1.040e+01      1.854e-01      7.180e-06   
      187            188         4.823e-02      1.560e-08      1.721e-05      9.724e-05      9.598e-06      1.040e+01      1.864e-01      9.724e-06   
      188            189         4.823e-02      7.706e-08      8.910e-05      9.540e-05      9.582e-06      1.040e+01      1.864e-01      9.724e-06   
      189            190         4.823e-02      1.768e-07      2.055e-04      9.119e-05      9.547e-06      1.040e+01      1.864e-01      9.724e-06   
      190            191         4.823e-02      4.448e-08      1.516e-05      1.354e-04      9.533e-06      1.040e+01      1.873e-01      1.354e-05   
      191            192         4.823e-02     -3.376e-08      1.334e-05      2.003e-05      9.519e-06      1.040e+01      1.883e-01      2.003e-06   
      192            193         4.823e-02      1.342e-08      1.840e-05      2.147e-05      9.516e-06      1.040e+01      1.892e-01      2.147e-06   
      193            194         4.823e-02      9.446e-08      1.432e-04      2.082e-05      9.489e-06      1.040e+01      1.892e-01      2.147e-06   
      194            195         4.823e-02      6.050e-09      9.281e-06      2.288e-05      9.487e-06      1.040e+01      1.902e-01      2.288e-06   
      195            196         4.823e-02      4.961e-08      8.703e-05      2.629e-05      9.470e-06      1.040e+01      1.902e-01      2.288e-06   
  [mem] RSS 10.46 GB  peak 10.46 GB
      196            197         4.823e-02      1.231e-08      1.104e-05      1.206e-04      9.430e-06      1.040e+01      1.911e-01      1.206e-05   
      197            198         4.823e-02     -2.359e-08      1.205e-05      3.727e-05      9.416e-06      1.040e+01      1.921e-01      3.727e-06   
      198            199         4.823e-02      1.653e-08      8.189e-06      5.344e-05      9.395e-06      1.040e+01      1.930e-01      5.344e-06   
      199            200         4.823e-02      1.318e-08      3.543e-05      8.471e-05      9.388e-06      1.040e+01      1.939e-01      8.471e-06   
  [it  200] bn 2.6776e-02  L 1.000  kappa 0.371  convex 0.046  d_cc 1.305  d_pc 1.018  -> FAILS L  demount: min hinge clearance +0.909 m, worst arc blocked 0.00%  -> REMOVABLE
      200            201         4.823e-02      4.000e-08      1.273e-04      1.121e-04      9.360e-06      1.040e+01      1.949e-01      1.121e-05   
      201            202         4.823e-02      1.200e-08      4.701e-05      1.396e-04      9.350e-06      1.040e+01      1.958e-01      1.396e-05   
      202            203         4.823e-02      4.608e-08      2.354e-04      1.547e-04      9.294e-06      1.040e+01      1.967e-01      1.547e-05   
      203            204         4.823e-02      1.556e-08      1.115e-04      1.692e-04      9.266e-06      1.040e+01      1.977e-01      1.692e-05   
  [mem] RSS 10.48 GB  peak 10.48 GB
      204            205         4.823e-02     -5.826e-08      2.065e-05      1.285e-04      9.245e-06      1.040e+01      1.986e-01      1.285e-05   
      205            206         4.823e-02      4.317e-08      2.388e-05      9.078e-05      9.219e-06      1.040e+01      1.995e-01      9.078e-06   
      206            207         4.823e-02     -2.835e-10      1.554e-04      8.778e-05      9.177e-06      1.040e+01      1.995e-01      9.078e-06   
      207            208         4.823e-02     -5.670e-08      1.373e-05      6.620e-05      9.145e-06      1.040e+01      2.004e-01      6.620e-06   
      208            209         4.823e-02     -2.664e-09      1.670e-04      6.384e-05      9.091e-06      1.040e+01      2.004e-01      6.620e-06   
      209            210         4.823e-02      7.884e-09      1.423e-05      1.091e-04      9.055e-06      1.040e+01      2.013e-01      1.091e-05   
      210            211         4.823e-02     -1.354e-08      2.499e-04      1.032e-04      8.974e-06      1.040e+01      2.013e-01      1.091e-05   
      211            212         4.823e-02     -9.961e-09      5.878e-05      1.019e-04      8.956e-06      1.040e+01      2.013e-01      1.091e-05   
      212            213         4.823e-02     -3.589e-08      2.156e-04      9.702e-05      8.889e-06      1.040e+01      2.013e-01      1.091e-05   
      213            214         4.823e-02     -1.181e-08      7.263e-05      9.538e-05      8.867e-06      1.040e+01      2.013e-01      1.091e-05   
      214            215         4.823e-02     -1.012e-08      6.139e-05      9.401e-05      8.848e-06      1.040e+01      2.013e-01      1.091e-05   
      215            216         4.823e-02     -7.865e-08      1.562e-05      7.067e-05      8.817e-06      1.040e+01      2.022e-01      7.067e-06   
  [mem] RSS 10.49 GB  peak 10.49 GB
      216            217         4.823e-02     -2.495e-08      1.968e-04      6.734e-05      8.756e-06      1.040e+01      2.022e-01      7.067e-06   
      217            218         4.823e-02      6.569e-09      1.464e-05      1.012e-04      8.724e-06      1.040e+01      2.031e-01      1.012e-05   
      218            219         4.823e-02     -1.117e-07      1.298e-03      6.571e-05      9.713e-06      1.040e+01      2.031e-01      1.012e-05   
      219            220         4.823e-02     -2.962e-08      4.317e-04      5.318e-05      1.190e-05      1.040e+01      2.031e-01      1.012e-05   
      220            221         4.823e-02     -2.974e-09      5.899e-05      5.144e-05      1.221e-05      1.040e+01      2.031e-01      1.012e-05   
      221            222         4.823e-02     -7.216e-09      1.509e-04      4.697e-05      1.303e-05      1.040e+01      2.031e-01      1.012e-05   
      222            223         4.823e-02     -2.161e-08      6.014e-06      3.105e-05      1.300e-05      1.040e+01      2.039e-01      3.105e-06   
      223            224         4.823e-02      2.464e-08      6.890e-06      4.352e-05      1.303e-05      1.040e+01      2.047e-01      4.352e-06   
      224            225         4.823e-02      1.229e-09      1.208e-05      6.687e-05      1.313e-05      1.040e+01      2.055e-01      6.687e-06   
  [it  225] bn 2.6776e-02  L 1.000  kappa 0.371  convex 0.023  d_cc 1.304  d_pc 1.018  -> FAILS L  demount: min hinge clearance +0.909 m, worst arc blocked 0.00%  -> REMOVABLE
      225            226         4.823e-02      5.852e-08      1.818e-05      1.799e-04      1.319e-05      1.040e+01      2.063e-01      1.799e-05   
  [mem] RSS 10.51 GB  peak 10.51 GB
      226            227         4.823e-02     -4.553e-08      2.876e-05      2.410e-04      1.323e-05      1.040e+01      2.071e-01      2.410e-05   
      227            228         4.823e-02      1.033e-07      4.322e-05      1.843e-04      1.323e-05      1.040e+01      2.071e-01      2.410e-05   
      228            229         4.823e-02      1.202e-07      1.566e-04      1.767e-04      1.345e-05      1.040e+01      2.071e-01      2.410e-05   
      229            230         4.823e-02     -6.622e-08      3.105e-05      1.256e-04      1.340e-05      1.040e+01      2.079e-01      1.256e-05   
      230            231         4.823e-02      1.307e-07      1.816e-04      1.192e-04      1.339e-05      1.040e+01      2.079e-01      1.256e-05   
      231            232         4.823e-02      4.072e-08      2.781e-05      3.447e-04      1.322e-05      1.040e+01      2.087e-01      3.447e-05   
      232            233         4.823e-02     -1.035e-07      3.434e-05      7.743e-05      1.306e-05      1.040e+01      2.095e-01      7.743e-06   
      233            234         4.823e-02      9.777e-08      2.208e-04      1.472e-04      1.212e-05      1.040e+01      2.095e-01      7.743e-06   
      234            235         4.823e-02      1.512e-07      5.254e-05      1.658e-04      1.157e-05      1.040e+01      2.095e-01      7.743e-06   
      235            236         4.823e-02     -4.455e-08      2.623e-05      9.639e-05      1.131e-05      1.040e+01      2.103e-01      9.639e-06   
      236            237         4.823e-02      4.525e-08      2.862e-05      2.878e-04      1.088e-05      1.040e+01      2.110e-01      2.878e-05   
  [mem] RSS 10.53 GB  peak 10.53 GB
      237            238         4.823e-02      5.696e-08      3.350e-04      2.750e-04      1.139e-05      1.040e+01      2.110e-01      2.878e-05   
      238            239         4.823e-02     -7.741e-08      3.980e-05      1.854e-04      1.110e-05      1.040e+01      2.118e-01      1.854e-05   
      239            240         4.823e-02      5.037e-08      1.463e-04      1.824e-04      1.204e-05      1.040e+01      2.118e-01      1.854e-05   
      240            241         4.823e-02      5.686e-08      4.340e-05      1.059e-04      1.053e-05      1.040e+01      2.118e-01      1.854e-05   
      241            242         4.823e-02     -1.312e-07      4.305e-05      1.074e-04      1.174e-05      1.040e+01      2.118e-01      1.854e-05   
      242            243         4.823e-02      3.202e-08      2.916e-05      2.901e-04      1.281e-05      1.040e+01      2.126e-01      2.901e-05   
      243            244         4.823e-02     -1.127e-07      3.277e-05      1.028e-04      1.282e-05      1.040e+01      2.133e-01      1.028e-05   
      244            245         4.823e-02     -2.884e-08      3.531e-05      2.603e-04      1.203e-05      1.040e+01      2.141e-01      2.603e-05   
      245            246         4.823e-02      7.962e-09      6.323e-05      4.086e-04      1.333e-05      1.040e+01      2.148e-01      4.086e-05   
      246            247         4.823e-02      6.089e-08      9.013e-04      3.596e-04      2.993e-05      1.040e+01      2.148e-01      4.086e-05   
  [mem] RSS 10.55 GB  peak 10.55 GB
      247            248         4.823e-02      3.474e-08      4.417e-04      4.133e-04      3.813e-05      1.040e+01      2.156e-01      4.133e-05   
      248            249         4.823e-02     -1.152e-07      4.117e-05      2.219e-04      3.793e-05      1.040e+01      2.163e-01      2.219e-05   
      249            250         4.823e-02      1.039e-08      1.441e-04      4.138e-04      4.168e-05      1.040e+01      2.171e-01      4.138e-05   
  [it  250] bn 2.6776e-02  L 1.000  kappa 0.371  convex 0.088  d_cc 1.304  d_pc 1.018  -> FAILS L  demount: min hinge clearance +0.909 m, worst arc blocked 0.00%  -> REMOVABLE
      250            251         4.823e-02      1.532e-07      6.741e-05      4.316e-05      4.148e-05      1.040e+01      2.171e-01      4.138e-05   
      251            252         4.823e-02      3.492e-09      3.471e-04      3.889e-04      5.036e-05      1.040e+01      2.178e-01      3.889e-05   
      252            253         4.823e-02     -8.738e-09      1.451e-04      3.709e-04      5.377e-05      1.040e+01      2.178e-01      3.889e-05   
      253            254         4.823e-02     -1.218e-08      2.235e-04      3.434e-04      5.902e-05      1.040e+01      2.178e-01      3.889e-05   
      254            255         4.823e-02     -9.354e-08      3.377e-05      2.954e-05      5.892e-05      1.040e+01      2.185e-01      2.954e-06   
      255            256         4.823e-02     -2.150e-09      5.843e-05      2.879e-05      5.991e-05      1.040e+01      2.185e-01      2.954e-06   
      256            257         4.823e-02     -7.013e-09      2.171e-04      2.603e-05      6.358e-05      1.040e+01      2.185e-01      2.954e-06   
      257            258         4.823e-02     -8.316e-09      5.689e-05      2.536e-05      6.451e-05      1.040e+01      2.185e-01      2.954e-06   
  [mem] RSS 10.57 GB  peak 10.57 GB
      258            259         4.823e-02     -2.857e-08      2.868e-05      2.216e-04      6.426e-05      1.040e+01      2.192e-01      2.216e-05   
      259            260         4.823e-02     -2.676e-08      2.440e-05      8.906e-05      6.427e-05      1.040e+01      2.200e-01      8.906e-06   
      260            261         4.823e-02      7.842e-08      2.375e-05      1.530e-04      6.433e-05      1.040e+01      2.207e-01      1.530e-05   
      261            262         4.823e-02      3.282e-09      7.393e-05      2.392e-04      6.291e-05      1.040e+01      2.214e-01      2.392e-05   
      262            263         4.823e-02     -1.167e-07      5.040e-05      1.462e-04      6.283e-05      1.040e+01      2.214e-01      2.392e-05   
      263            264         4.823e-02      7.733e-08      4.732e-05      2.038e-04      6.259e-05      1.040e+01      2.214e-01      2.392e-05   
      264            265         4.823e-02     -9.365e-08      3.627e-05      2.512e-04      6.231e-05      1.040e+01      2.221e-01      2.512e-05   
      265            266         4.823e-02      9.734e-08      5.054e-05      1.357e-04      6.179e-05      1.040e+01      2.221e-01      2.512e-05   
      266            267         4.823e-02     -1.941e-07      5.448e-05      1.602e-04      6.037e-05      1.040e+01      2.221e-01      2.512e-05   
second_order: compiling constraint Hessian for blocks CoilSignedCurvature, PlasmaCoilSetDistancePenalty
  [mem] RSS 10.59 GB  peak 10.59 GB
  [mem] RSS 11.42 GB  peak 11.42 GB
      267            268         4.823e-02      2.751e-08      4.689e-05      4.007e-04      5.982e-05      1.040e+01      2.228e-01      4.007e-05   
      268            269         4.823e-02     -1.420e-07      4.572e-05      8.915e-05      5.934e-05      1.040e+01      2.228e-01      4.007e-05   
      269            270         4.823e-02     -4.793e-08      4.944e-04      8.582e-05      5.383e-05      1.040e+01      2.228e-01      4.007e-05   
      270            271         4.823e-02     -2.070e-07      1.064e-04      3.093e-04      5.070e-05      1.040e+01      2.228e-01      4.007e-05   
      271            272         4.823e-02     -1.030e-07      3.840e-05      1.352e-04      5.039e-05      1.040e+01      2.235e-01      1.352e-05   
      272            273         4.823e-02     -5.901e-08      1.086e-03      1.271e-04      4.119e-05      1.040e+01      2.235e-01      1.352e-05   
      273            274         4.823e-02     -4.719e-08      6.186e-04      1.526e-04      3.465e-05      1.040e+01      2.235e-01      1.352e-05   
  [mem] RSS 11.45 GB  peak 11.45 GB
      274            275         4.823e-02     -4.687e-08      3.648e-04      1.499e-04      3.040e-05      1.040e+01      2.235e-01      1.352e-05   
  [it  275] bn 2.6777e-02  L 1.000  kappa 0.371  convex 0.030  d_cc 1.304  d_pc 1.018  -> FAILS L  demount: min hinge clearance +0.909 m, worst arc blocked 0.00%  -> REMOVABLE
      275            276         4.823e-02     -1.445e-07      1.035e-03      1.421e-04      1.737e-05      1.040e+01      2.235e-01      1.352e-05   
      276            277         4.823e-02     -3.022e-08      5.972e-05      1.918e-04      1.505e-05      1.040e+01      2.235e-01      1.352e-05   
      277            278         4.823e-02     -1.362e-07      4.302e-05      1.305e-04      1.373e-05      1.040e+01      2.241e-01      1.305e-05   
      278            279         4.823e-02      9.495e-08      3.968e-05      9.668e-05      1.304e-05      1.040e+01      2.241e-01      1.305e-05   
      279            280         4.823e-02     -1.023e-07      4.128e-05      1.002e-04      1.198e-05      1.040e+01      2.241e-01      1.305e-05   
      280            281         4.823e-02      4.308e-08      3.537e-05      3.776e-04      1.114e-05      1.040e+01      2.248e-01      3.776e-05   
      281            282         4.823e-02     -9.252e-08      4.162e-05      1.322e-04      1.098e-05      1.040e+01      2.255e-01      1.322e-05   
      282            283         4.823e-02      1.092e-07      4.342e-05      1.304e-04      1.111e-05      1.040e+01      2.255e-01      1.322e-05   
      283            284         4.823e-02     -5.937e-08      3.373e-05      1.274e-04      1.101e-05      1.040e+01      2.262e-01      1.274e-05   
  [mem] RSS 11.45 GB  peak 11.45 GB
      284            285         4.823e-02     -2.195e-09      2.903e-04      1.249e-04      8.266e-06      1.040e+01      2.262e-01      1.274e-05   
      285            286         4.823e-02      9.264e-08      3.578e-05      3.517e-04      9.558e-06      1.040e+01      2.268e-01      3.517e-05   
      286            287         4.823e-02     -9.764e-08      4.144e-05      1.635e-04      8.039e-06      1.040e+01      2.275e-01      1.635e-05   
      287            288         4.823e-02      2.433e-08      7.192e-04      2.178e-04      6.683e-06      1.040e+01      2.282e-01      2.178e-05   
      288            289         4.823e-02      5.709e-08      1.611e-03      2.076e-04      6.665e-06      1.040e+01      2.282e-01      2.178e-05   
      289            290         4.823e-02      1.180e-07      3.596e-03      2.483e-04      8.275e-06      1.040e+01      2.282e-01      2.178e-05   
      290            291         4.823e-02      6.091e-08      6.396e-05      1.835e-04      1.707e-05      1.040e+01      2.282e-01      2.178e-05   
      291            292         4.823e-02     -1.293e-07      5.076e-05      1.447e-04      7.553e-06      1.040e+01      2.282e-01      2.178e-05   
      292            293         4.823e-02     -1.064e-08      3.942e-04      1.429e-04      8.062e-06      1.040e+01      2.282e-01      2.178e-05   
      293            294         4.823e-02      6.096e-08      5.078e-05      1.698e-04      1.706e-05      1.040e+01      2.282e-01      2.178e-05   
      294            295         4.823e-02     -2.748e-08      1.056e-03      1.653e-04      1.679e-05      1.040e+01      2.282e-01      2.178e-05   
  [mem] RSS 11.45 GB  peak 11.45 GB
      295            296         4.823e-02     -7.290e-08      2.661e-03      1.539e-04      1.610e-05      1.040e+01      2.282e-01      2.178e-05   
      296            297         4.823e-02     -5.441e-09      2.175e-04      1.529e-04      1.605e-05      1.040e+01      2.282e-01      2.178e-05   
      297            298         4.823e-02     -9.259e-08      3.568e-05      1.179e-04      1.267e-05      1.040e+01      2.288e-01      1.179e-05   
      298            299         4.823e-02     -1.288e-08      8.502e-04      1.151e-04      1.349e-05      1.040e+01      2.288e-01      1.179e-05   
      299            300         4.823e-02      6.081e-08      7.248e-05      1.403e-04      1.237e-05      1.040e+01      2.288e-01      1.179e-05   
  [it  300] bn 2.6777e-02  L 1.000  kappa 0.371  convex 0.021  d_cc 1.304  d_pc 1.018  -> FAILS L  demount: min hinge clearance +0.909 m, worst arc blocked 0.00%  -> REMOVABLE
      300            301         4.823e-02     -1.277e-07      3.014e-05      8.136e-05      1.371e-05      1.040e+01      2.295e-01      8.136e-06   
      301            302         4.823e-02     -4.958e-09      4.352e-04      7.946e-05      1.424e-05      1.040e+01      2.295e-01      8.136e-06   
      302            303         4.823e-02     -1.329e-07      8.832e-05      5.201e-04      1.366e-05      1.040e+01      2.295e-01      8.136e-06   
      303            304         4.823e-02      3.621e-08      3.235e-05      1.051e-04      1.439e-05      1.040e+01      2.301e-01      1.051e-05   
      304            305         4.823e-02      2.807e-08      8.595e-04      1.574e-04      1.484e-05      1.040e+01      2.308e-01      1.574e-05   
  [mem] RSS 11.46 GB  peak 11.46 GB
      305            306         4.823e-02      6.765e-08      5.665e-05      1.307e-04      1.629e-05      1.040e+01      2.308e-01      1.574e-05   
      306            307         4.823e-02      3.274e-08      3.173e-05      1.918e-04      1.421e-05      1.040e+01      2.314e-01      1.918e-05   
      307            308         4.823e-02     -1.506e-07      4.386e-05      1.413e-04      1.570e-05      1.040e+01      2.314e-01      1.918e-05   
      308            309         4.823e-02      5.542e-08      3.190e-05      3.057e-04      1.363e-05      1.040e+01      2.321e-01      3.057e-05   
      309            310         4.823e-02     -1.040e-07      4.489e-05      2.257e-04      1.542e-05      1.040e+01      2.321e-01      3.057e-05   
      310            311         4.823e-02      5.471e-08      3.476e-05      1.709e-04      1.324e-05      1.040e+01      2.321e-01      3.057e-05   
      311            312         4.823e-02     -6.333e-08      2.695e-05      1.997e-04      1.443e-05      1.040e+01      2.327e-01      1.997e-05   
      312            313         4.823e-02      9.248e-08      3.559e-05      1.765e-04      1.193e-05      1.040e+01      2.334e-01      1.765e-05   
      313            314         4.823e-02     -6.426e-08      2.300e-05      9.423e-05      1.316e-05      1.040e+01      2.340e-01      9.423e-06   
      314            315         4.823e-02      2.834e-08      2.075e-05      1.698e-04      1.188e-05      1.040e+01      2.346e-01      1.698e-05   
      315            316         4.823e-02     -5.754e-08      2.048e-05      7.934e-05      1.301e-05      1.040e+01      2.353e-01      7.934e-06   
  [mem] RSS 11.46 GB  peak 11.46 GB
      316            317         4.823e-02      1.133e-08      1.065e-04      1.325e-04      1.242e-05      1.040e+01      2.359e-01      1.325e-05   
      317            318         4.823e-02      4.318e-08      2.707e-05      2.211e-04      1.063e-05      1.040e+01      2.366e-01      2.211e-05   
      318            319         4.823e-02     -7.919e-08      2.637e-05      8.255e-05      1.203e-05      1.040e+01      2.372e-01      8.255e-06   
      319            320         4.823e-02      4.153e-08      5.904e-04      1.277e-04      8.371e-06      1.040e+01      2.378e-01      1.277e-05   
      320            321         4.823e-02      2.885e-08      5.035e-04      1.693e-04      6.354e-06      1.040e+01      2.385e-01      1.693e-05   
      321            322         4.823e-02      3.033e-08      5.859e-04      2.054e-04      6.345e-06      1.040e+01      2.391e-01      2.054e-05   
      322            323         4.823e-02      6.600e-08      3.708e-05      3.716e-04      1.287e-05      1.040e+01      2.397e-01      3.716e-05   
      323            324         4.823e-02      1.028e-08      3.809e-04      6.887e-04      1.259e-05      1.040e+01      2.404e-01      6.887e-05   
      324            325         4.823e-02     -1.736e-07      6.512e-05      7.759e-05      6.305e-06      1.040e+01      2.404e-01      6.887e-05   
  [it  325] bn 2.6777e-02  L 1.000  kappa 0.371  convex 0.023  d_cc 1.304  d_pc 1.018  -> FAILS L  demount: min hinge clearance +0.909 m, worst arc blocked 0.00%  -> REMOVABLE
      325            326         4.823e-02     -3.285e-07      1.134e-04      3.003e-04      6.139e-06      1.040e+01      2.404e-01      6.887e-05   
  [mem] RSS 11.47 GB  peak 11.47 GB
      326            327         4.823e-02     -3.177e-08      3.394e-05      2.715e-04      6.131e-06      1.040e+01      2.410e-01      2.715e-05   
      327            328         4.823e-02      1.205e-07      4.948e-05      1.104e-04      6.121e-06      1.040e+01      2.410e-01      2.715e-05   
      328            329         4.823e-02     -1.205e-07      5.734e-05      1.270e-04      6.089e-06      1.040e+01      2.410e-01      2.715e-05   
      329            330         4.823e-02      9.307e-09      1.890e-04      2.138e-04      6.087e-06      1.040e+01      2.416e-01      2.138e-05   
      330            331         4.823e-02      5.748e-08      3.751e-05      3.117e-04      1.465e-05      1.040e+01      2.422e-01      3.117e-05   
      331            332         4.823e-02     -1.202e-07      3.634e-05      1.688e-04      6.041e-06      1.040e+01      2.428e-01      1.688e-05   
      332            333         4.823e-02      2.169e-08      3.893e-05      4.351e-04      6.254e-06      1.040e+01      2.434e-01      4.351e-05   
      333            334         4.823e-02     -1.253e-07      4.561e-05      1.347e-04      5.978e-06      1.040e+01      2.434e-01      4.351e-05   
      334            335         4.823e-02      2.276e-08      1.622e-03      1.667e-04      5.967e-06      1.040e+01      2.440e-01      1.667e-05   
      335            336         4.823e-02      1.471e-08      2.074e-03      2.784e-04      5.957e-06      1.040e+01      2.446e-01      2.784e-05   
      336            337         4.823e-02      9.633e-08      4.746e-05      1.009e-04      1.240e-05      1.040e+01      2.446e-01      2.784e-05   
      337            338         4.823e-02      4.390e-09      5.298e-04      3.757e-04      1.240e-05      1.040e+01      2.452e-01      3.757e-05   
  [mem] RSS 11.47 GB  peak 11.47 GB
      338            339         4.823e-02     -1.168e-07      3.995e-05      7.857e-05      5.930e-06      1.040e+01      2.458e-01      7.857e-06   
      339            340         4.823e-02      3.462e-09      1.517e-04      1.268e-04      5.929e-06      1.040e+01      2.464e-01      1.268e-05   
      340            341         4.823e-02      1.386e-07      4.015e-03      1.055e-04      6.686e-06      1.040e+01      2.464e-01      1.268e-05   
      341            342         4.823e-02      1.624e-08      2.410e-05      2.602e-04      7.748e-06      1.040e+01      2.470e-01      2.602e-05   
      342            343         4.823e-02      3.809e-08      7.035e-04      4.412e-04      7.401e-06      1.040e+01      2.475e-01      4.412e-05   
      343            344         4.823e-02     -9.459e-08      4.252e-05      1.512e-04      6.603e-06      1.040e+01      2.481e-01      1.512e-05   
      344            345         4.823e-02      4.919e-08      4.919e-04      1.480e-04      6.466e-06      1.040e+01      2.481e-01      1.512e-05   
      345            346         4.823e-02      6.655e-08      2.622e-05      3.309e-05      6.407e-06      1.040e+01      2.487e-01      3.309e-06   
      346            347         4.823e-02      5.410e-08      4.560e-04      3.238e-05      6.183e-06      1.040e+01      2.487e-01      3.309e-06   
      347            348         4.823e-02      2.330e-07      2.270e-03      2.901e-05      5.817e-06      1.040e+01      2.487e-01      3.309e-06   
  [mem] RSS 11.49 GB  peak 11.49 GB
      348            349         4.823e-02      1.197e-07      9.626e-04      2.760e-05      5.809e-06      1.040e+01      2.487e-01      3.309e-06   
      349            350         4.823e-02      1.779e-08      1.464e-04      3.703e-05      5.808e-06      1.040e+01      2.493e-01      3.703e-06   
  [it  350] bn 2.6777e-02  L 1.000  kappa 0.371  convex 0.016  d_cc 1.305  d_pc 1.018  -> FAILS L  demount: min hinge clearance +0.909 m, worst arc blocked 0.00%  -> REMOVABLE
      350            351         4.823e-02      1.848e-08      1.330e-04      4.618e-05      5.806e-06      1.040e+01      2.499e-01      4.618e-06   
      351            352         4.823e-02     -4.354e-08      2.258e-05      1.469e-04      5.804e-06      1.040e+01      2.505e-01      1.469e-05   
      352            353         4.823e-02      1.533e-07      8.634e-04      1.399e-04      5.791e-06      1.040e+01      2.505e-01      1.469e-05   
      353            354         4.823e-02      6.512e-08      4.063e-04      1.804e-04      5.784e-06      1.040e+01      2.505e-01      1.469e-05   
      354            355         4.823e-02      1.929e-07      4.529e-05      2.652e-04      9.045e-06      1.040e+01      2.505e-01      1.469e-05   
      355            356         4.823e-02      1.553e-07      9.676e-05      5.377e-04      1.277e-05      1.040e+01      2.505e-01      1.469e-05   
      356            357         4.823e-02      6.702e-07      1.673e-04      5.125e-04      2.959e-05      1.040e+01      2.505e-01      1.469e-05   
      357            358         4.823e-02     -8.053e-08      7.332e-05      3.923e-04      3.368e-05      1.040e+01      2.505e-01      1.469e-05   
  [mem] RSS 11.51 GB  peak 11.51 GB
      358            359         4.823e-02      5.936e-07      1.912e-04      4.910e-04      5.392e-05      1.040e+01      2.505e-01      1.469e-05   
      359            360         4.823e-02      1.880e-07      9.823e-04      4.752e-04      5.897e-05      1.040e+01      2.505e-01      1.469e-05   
      360            361         4.823e-02      3.085e-07      1.635e-03      4.491e-04      6.732e-05      1.040e+01      2.505e-01      1.469e-05   
      361            362         4.823e-02      1.590e-07      8.441e-04      4.352e-04      7.156e-05      1.040e+01      2.505e-01      1.469e-05   
      362            363         4.823e-02     -5.879e-08      5.161e-05      1.831e-04      7.351e-05      1.040e+01      2.505e-01      1.469e-05   
      363            364         4.823e-02      2.413e-07      1.316e-03      1.740e-04      7.989e-05      1.040e+01      2.505e-01      1.469e-05   
      364            365         4.823e-02      1.290e-07      6.877e-04      1.695e-04      8.332e-05      1.040e+01      2.505e-01      1.469e-05   
      365            366         4.823e-02      1.045e-07      5.692e-04      1.656e-04      8.608e-05      1.040e+01      2.505e-01      1.469e-05   
      366            367         4.823e-02      1.989e-07      1.071e-03      1.586e-04      9.138e-05      1.040e+01      2.505e-01      1.469e-05   
      367            368         4.823e-02      6.124e-08      4.069e-04      2.765e-04      9.340e-05      1.040e+01      2.505e-01      1.469e-05   
      368            369         4.823e-02      3.484e-07      1.901e-03      2.546e-04      1.045e-04      1.040e+01      2.505e-01      1.469e-05   
      369            370         4.823e-02      6.187e-07      2.137e-04      3.128e-04      1.257e-04      1.040e+01      2.505e-01      1.469e-05   
      370            371         4.823e-02      2.636e-08      1.936e-04      3.104e-04      1.265e-04      1.040e+01      2.505e-01      1.469e-05   
  [mem] RSS 11.53 GB  peak 11.53 GB
      371            372         4.823e-02     -7.894e-08      3.446e-05      5.599e-05      1.269e-04      1.040e+01      2.505e-01      1.469e-05   
      372            373         4.823e-02      3.586e-08      2.618e-04      5.539e-05      1.279e-04      1.040e+01      2.505e-01      1.469e-05   
      373            374         4.823e-02      2.862e-07      2.120e-03      5.097e-05      1.365e-04      1.040e+01      2.505e-01      1.469e-05   
      374            375         4.823e-02      2.367e-08      5.159e-05      1.677e-04      1.388e-04      1.040e+01      2.505e-01      1.469e-05   
  [it  375] bn 2.6776e-02  L 1.000  kappa 0.371  convex 1.218  d_cc 1.305  d_pc 1.018  -> FAILS L,convex  demount: min hinge clearance +0.909 m, worst arc blocked 0.00%  -> REMOVABLE
      375            376         4.823e-02      1.195e-07      9.626e-04      1.611e-04      1.420e-04      1.040e+01      2.505e-01      1.469e-05   
      376            377         4.823e-02      4.241e-08      3.460e-04      1.588e-04      1.431e-04      1.040e+01      2.505e-01      1.469e-05   
      377            378         4.823e-02      4.607e-09      2.083e-05      3.967e-05      1.435e-04      1.040e+01      2.505e-01      1.469e-05   
      378            379         4.823e-02      5.948e-08      4.659e-04      3.880e-05      1.451e-04      1.040e+01      2.505e-01      1.469e-05   
      379            380         4.823e-02      1.174e-07      3.091e-05      1.239e-04      1.469e-04      1.040e+01      2.505e-01      1.469e-05   
      380            381         4.823e-02      2.291e-07      1.605e-03      1.140e-04      1.532e-04      1.040e+01      2.505e-01      1.469e-05   
      381            382         4.823e-02      1.449e-07      1.022e-03      1.077e-04      1.572e-04      1.040e+01      2.505e-01      1.469e-05   
  [mem] RSS 11.55 GB  peak 11.55 GB
      382            383         4.823e-02      7.176e-07      6.242e-03      7.646e-05      1.776e-04      1.040e+01      2.505e-01      1.469e-05   
      383            384         4.823e-02      4.367e-08      5.101e-04      7.502e-05      1.786e-04      1.040e+01      2.505e-01      1.469e-05   
      384            385         4.823e-02      1.757e-08      2.057e-04      7.443e-05      1.791e-04      1.040e+01      2.505e-01      1.469e-05   
      385            386         4.822e-02      3.970e-08      4.662e-04      7.310e-05      1.800e-04      1.040e+01      2.505e-01      1.469e-05   
      386            387         4.823e-02     -3.777e-08      1.994e-05      6.619e-05      1.812e-04      1.040e+01      2.505e-01      1.469e-05   
      387            388         4.822e-02      6.116e-08      1.900e-05      6.577e-05      1.828e-04      1.040e+01      2.505e-01      1.469e-05   
      388            389         4.822e-02     -1.458e-08      1.192e-05      4.328e-05      1.834e-04      1.040e+01      2.505e-01      1.469e-05   
      389            390         4.822e-02      4.506e-09      5.645e-05      4.319e-05      1.836e-04      1.040e+01      2.505e-01      1.469e-05   
      390            391         4.822e-02      9.852e-09      1.233e-04      4.300e-05      1.838e-04      1.040e+01      2.505e-01      1.469e-05   
      391            392         4.822e-02      5.369e-09      6.751e-05      4.289e-05      1.839e-04      1.040e+01      2.505e-01      1.469e-05   
      392            393         4.822e-02      4.162e-09      5.226e-05      4.281e-05      1.840e-04      1.040e+01      2.505e-01      1.469e-05   
      393            394         4.822e-02      1.105e-08      1.387e-04      4.259e-05      1.843e-04      1.040e+01      2.505e-01      1.469e-05   
      394            395         4.822e-02      9.148e-09      1.145e-04      4.241e-05      1.845e-04      1.040e+01      2.505e-01      1.469e-05   
  [mem] RSS 11.58 GB  peak 11.58 GB
      395            396         4.822e-02      5.432e-08      1.557e-05      6.461e-05      1.857e-04      1.040e+01      2.505e-01      1.469e-05   
      396            397         4.822e-02      4.933e-07      7.199e-03      1.255e-04      1.975e-04      1.040e+01      2.505e-01      1.469e-05   
      397            398         4.822e-02      7.371e-08      2.395e-03      1.427e-04      1.990e-04      1.040e+01      2.505e-01      1.469e-05   
      398            399         4.822e-02     -4.116e-08      1.751e-05      2.428e-05      1.992e-04      1.040e+01      2.505e-01      1.469e-05   
      399            400         4.822e-02      1.508e-08      9.794e-06      3.327e-05      1.997e-04      1.040e+01      2.505e-01      1.469e-05   
  [it  400] bn 2.6776e-02  L 1.000  kappa 0.371  convex 1.917  d_cc 1.305  d_pc 1.018  -> FAILS L,convex  demount: min hinge clearance +0.909 m, worst arc blocked 0.00%  -> REMOVABLE
      400            401         4.822e-02      2.323e-08      6.464e-04      3.266e-05      2.002e-04      1.040e+01      2.505e-01      1.469e-05   
Warning: Maximum number of iterations has been exceeded.
         Current function value: 4.822e-02
         Constraint violation: 2.002e-04
         Total delta_x: 8.627e-02
         Iterations: 400
         Function evaluations: 401
         Jacobian evaluations: 400
Timer: Solution time = 29.7 min
Timer: Avg time per step = 4.45 sec
/home/singh/Documents/DESC2/coil_sandbox/vendor/desc/utils.py:590: FutureWarning: constants is deprecated and will be removed in a future release. Users should not include constants in the arguments of their objective compute methods. Instead declare all the constants in the build method and use as self._constants.
  warnings.warn(msg, err)
==============================================================================================================
                                                                 Start  -->   End
Total (sum of squares):                                      4.820e-02  -->   4.822e-02, 
Maximum absolute Boundary normal field error:                3.099e+00  -->   3.083e+00 (T m^2)
Minimum absolute Boundary normal field error:                5.191e-04  -->   1.035e-03 (T m^2)
Average absolute Boundary normal field error:                6.842e-01  -->   6.851e-01 (T m^2)
Maximum absolute Boundary normal field error:                2.747e-02  -->   2.733e-02 (normalized)
Minimum absolute Boundary normal field error:                4.601e-06  -->   9.172e-06 (normalized)
Average absolute Boundary normal field error:                6.064e-03  -->   6.072e-03 (normalized)
Maximum Coil length:                                         2.800e+01  -->   2.800e+01 (m)
Minimum Coil length:                                         2.800e+01  -->   2.800e+01 (m)
Average Coil length:                                         2.800e+01  -->   2.800e+01 (m)
Maximum Coil length:                                         6.283e+00  -->   6.283e+00 (normalized)
Minimum Coil length:                                         6.283e+00  -->   6.283e+00 (normalized)
Average Coil length:                                         6.283e+00  -->   6.283e+00 (normalized)
Maximum Coil curvature:                                      5.595e-01  -->   5.559e-01 (m^-1)
Minimum Coil curvature:                                      5.907e-06  -->   6.507e-06 (m^-1)
Average Coil curvature:                                      2.271e-01  -->   2.272e-01 (m^-1)
Maximum Coil curvature:                                      2.493e+00  -->   2.477e+00 (normalized)
Minimum Coil curvature:                                      2.632e-05  -->   2.900e-05 (normalized)
Average Coil curvature:                                      1.012e+00  -->   1.013e+00 (normalized)
Maximum Signed in-plane curvature:                           5.595e-01  -->   5.559e-01 (m^-1)
Minimum Signed in-plane curvature:                          -1.915e-04  -->  -2.152e-03 (m^-1)
Average Signed in-plane curvature:                           2.271e-01  -->   2.272e-01 (m^-1)
Maximum Signed in-plane curvature:                           2.493e+00  -->   2.477e+00 (normalized)
Minimum Signed in-plane curvature:                          -8.532e-04  -->  -9.589e-03 (normalized)
Average Signed in-plane curvature:                           1.012e+00  -->   1.012e+00 (normalized)
  [mem] RSS 11.59 GB  peak 11.59 GB
Maximum Coil hinge corner cos(angle):                        9.734e-01  -->   9.733e-01 (dimensionless)
Minimum Coil hinge corner cos(angle):                        6.000e-01  -->   5.984e-01 (dimensionless)
Average Coil hinge corner cos(angle):                        7.583e-01  -->   7.578e-01 (dimensionless)
Maximum Hinge shadow clearance:                              2.979e+00  -->   2.972e+00 (m)
Minimum Hinge shadow clearance:                              9.057e-01  -->   9.031e-01 (m)
Average Hinge shadow clearance:                              1.944e+00  -->   1.937e+00 (m)
Maximum Coil-coil distance penalty:                          0.000e+00  -->   0.000e+00 (dimensionless)
Minimum Coil-coil distance penalty:                          0.000e+00  -->   0.000e+00 (dimensionless)
Average Coil-coil distance penalty:                          0.000e+00  -->   0.000e+00 (dimensionless)
Maximum Plasma-coil distance penalty:                        2.364e-02  -->   5.607e-06 (dimensionless)
Minimum Plasma-coil distance penalty:                        0.000e+00  -->   0.000e+00 (dimensionless)
Average Plasma-coil distance penalty:                        2.955e-03  -->   7.009e-07 (dimensionless)
Fixed parameters error:                                      0.000e+00  -->   0.000e+00 (~)
Summed coil current error:                                   0.000e+00  -->   1.490e-08 (A)
==============================================================================================================


SOLVER {'wall_s': 1885.6777205467224, 'message': 'Maximum number of iterations has been exceeded.', 'nit': 400, 'n_outer': 168, 'constr_violation': 0.0002001697192529069, 'y_absmax_final': 0.2504628507046528}
START  bn 2.6724e-02  L 1.000  kappa 0.373  convex 0.065  d_cc 1.306  d_pc 0.993  -> FAILS d_pc
RESULT bn 2.6776e-02  L 1.000  kappa 0.371  convex 1.917  d_cc 1.305  d_pc 1.018  linked 0  -> FAILS L,convex  active ['L']  demount: min hinge clearance +0.909 m, worst arc blocked 0.00%  -> REMOVABLE
wrote work/helios/arc16/midplane/dual_L28_c100/result.h5, result.json, result.png
