Running as unit: run-p711208-i712474.scope; invocation ID: fd230982ed814c91972420d096bdacf3
E0918 17:36:06.330070  711295 cuda_executor.cc:1743] Could not get kernel mode driver version: ( INVALID_ARGUMENT: Version does not match the format X.Y.Z )
E0918 17:36:06.342529  711208 cuda_executor.cc:1743] Could not get kernel mode driver version: ( INVALID_ARGUMENT: Version does not match the format X.Y.Z )
DEVICE requested=gpu obtained=gpu (1x NVIDIA GeForce RTX 5070 Laptop GPU)
  [mem] RSS 0.83 GB  peak 0.83 GB
/home/singh/Documents/DESC2/coil_sandbox/vendor/desc/utils.py:590: UserWarning: Unequal number of field periods for grid 1 and basis 2.
  warnings.warn(msg, err)
/home/singh/Documents/DESC2/coil_sandbox/vendor/desc/utils.py:590: UserWarning: Unequal number of field periods for grid 1 and basis 2.
  warnings.warn(msg, err)
eq sample_equilibria/helios_repro.h5 (h5) NFP 2 sym True; start work/helios/arc16/cold_L28_d10/repair/result.h5: 4 unique coils, arc=True, expect 16 coils; source grid gl (48 nodes/coil), length grid gl (48), constraint grid 301, curvature grid 301; mode stage2; plasma field included (virtual casing)
SETTINGS {'eq': 'sample_equilibria/helios_repro.h5', 'start': 'work/helios/arc16/cold_L28_d10/repair/result.h5', 'out': 'work/helios/arc16/cold_L28_d10/free', 'mode': 'stage2', 'length_mult': 1.0, 'margin': 0.0, 'fix_hinges': False, 'anchor_weight': 0.001, 'margin_skip': '', 'a': None, 'bounds': 'bounds/helios_cold_L28_d10.json', 'device': None, 'vacuum': False, 'maxiter': 400, 'check_every': 25, 'ckpt_every': 50, 'diag_log': 'diag.jsonl', 'dcc_backoff': 0.025, 'dpc_backoff': 0.02, 'no_arc_backoffs': False, 'convex_form': 'signed', 'convex_kmin': 0.0, 'convex_backoff': 0.5, 'planarity': 'auto', 'planarity_tol': 0.0, 'speed_floor': 0.0, 'arclength_weight': 0.0, 'torsion_weight': 0.0, 'coil_grid_n': 150, 'kappa_grid_n': None, 'eval_m': 25, 'eval_n': 25, 'plasma_m': 64, 'plasma_n': 64, 'src_gl': 24, 'src_n': 400, 'vc_m': None, 'vc_n': None, 'vc_chunk': 64, 'dcc_k': 20000, 'dpc_k': 20000, 'no_signed': False, 'dcc_neighbors': None, 'dcc_chunk': 4, 'dpc_chunk': 1, 'qf_chunk': 25, 'coil_jac_chunk': None, 'no_second_order': False, 'so_chunk': 16, 'so_rtol': 0.05, 'max_tr': 0.5, 'max_inner_iter': 100, 'ctol': 0.0001}
BOUNDS (judged, absolute, a=1.77186) L 28  Ltot -  kappa 1.5  kms -  convex 0.001  planar -  dcc 1  dpc 1
ENFORCED L 28  Ltot -  kappa 1.492  kms -  convex 0.0005  planar -  dcc 1.034  dpc 1.02  (convexity: signed, kappa_s >= 0.0)
  [mem] RSS 2.90 GB  peak 2.90 GB
START  bn 7.7116e-02  L 0.996  kappa 0.165  convex 0.000  d_cc 1.135  d_pc 1.115  linked 0  coils 16  -> FEASIBLE
Building objective: Quadratic flux
Precomputing transforms
/home/singh/Documents/DESC2/coil_sandbox/vendor/desc/utils.py:590: UserWarning: Could not build fft interpolator, switching to dft which is slow.
Reason: Got False for eval_grid.can_fft2.
  warnings.warn(msg, err)
  [mem] RSS 7.42 GB  peak 7.42 GB
  [mem] RSS 7.63 GB  peak 7.63 GB
  [mem] RSS 7.73 GB  peak 7.73 GB
Timer: Precomputing transforms = 1.36 min
Timer: Objective build = 1.37 min
Building objective: summed coil current
Building objective: fixed shift
Building objective: fixed rotation
Building objective: fixed arc reference
Timer: Objective build = 590 ms
Timer: Objective build = 2.97 ms
Timer: LinearConstraintProjection build = 2.59 sec
Timer: LinearConstraintProjection build = 140 ms
Number of parameters: 75
Number of objectives: 1326
Number of equality constraints: 0
Number of inequality constraints: 2474
Timer: Initializing the optimization = 1.44 min

Starting optimization
Using method: lsq-auglag
  [mem] RSS 4.98 GB  peak 7.73 GB
  [mem] RSS 5.53 GB  peak 7.73 GB
Solver options:
------------------------------------------------------------
Maximum Function Evaluations       : 2001
Maximum Allowed Total Δx Norm      : inf
Scaled Termination                 : True
Trust Region Method                : svd
Initial Trust Radius               : 6.018e-01
Maximum Trust Radius               : 5.000e-01
Minimum Trust Radius               : 2.220e-16
Trust Radius Increase Ratio        : 4.000e+00
Trust Radius Decrease Ratio        : 2.500e-01
Trust Radius Increase Threshold    : 7.500e-01
Trust Radius Decrease Threshold    : 5.000e-01
Alpha Omega                        : 1.000e+00
Beta Omega                         : 1.000e+00
Alpha Eta                          : 1.000e-01
Beta Eta                           : 9.000e-01
Omega                              : 1.000e-02
Eta                                : 1.000e-02
Tau                                : 1.000e+01
------------------------------------------------------------ 

   Iteration     Total nfev        Cost      Cost reduction    Step norm     Optimality    Constr viol.   Penalty param  max(|mltplr|)      gtolk     
       0              1          3.591e-01                                    2.269e-01      0.000e+00      1.000e+01      0.000e+00      1.000e-03   
second_order: compiling constraint Hessian for blocks CoilLength, CoilCurvature, CoilSignedCurvature
  [mem] RSS 6.50 GB  peak 7.73 GB
E0918 17:39:46.080678  711320 cuda_timer.cc:87] Delay kernel timed out: measured time has sub-optimal accuracy. There may be a missing warmup execution, please investigate in Nsight Systems.
  [mem] RSS 6.99 GB  peak 7.73 GB
       1              3          3.021e-01      5.699e-02      1.912e-01      1.496e-01      0.000e+00      1.000e+01      0.000e+00      1.000e-03   
       2              6          2.922e-01      9.841e-03      3.960e-02      1.360e-01      0.000e+00      1.000e+01      0.000e+00      1.000e-03   
       3              8          2.829e-01      9.322e-03      3.976e-02      1.242e-01      0.000e+00      1.000e+01      0.000e+00      1.000e-03   
second_order: compiling constraint Hessian for blocks CoilLength, CoilSetDistancePenalty
  [mem] RSS 7.06 GB  peak 7.73 GB
  [mem] RSS 7.12 GB  peak 7.73 GB
       4             10          2.740e-01      8.895e-03      3.991e-02      1.139e-01      2.476e-02      1.000e+01      0.000e+00      1.000e-03   
second_order: compiling constraint Hessian for blocks CoilLength, CoilCurvature, CoilSignedCurvature, CoilSetDistancePenalty
  [mem] RSS 7.43 GB  peak 7.73 GB
E0918 17:41:53.022240  711310 cuda_timer.cc:87] Delay kernel timed out: measured time has sub-optimal accuracy. There may be a missing warmup execution, please investigate in Nsight Systems.
  [mem] RSS 8.30 GB  peak 8.32 GB
  [mem] RSS 8.33 GB  peak 8.33 GB
       5             11          2.663e-01      7.705e-03      3.847e-02      1.073e-01      1.481e-02      1.000e+01      0.000e+00      1.000e-03   
       6             12          2.369e-01      2.938e-02      1.632e-01      9.846e-02      7.939e-03      1.000e+01      0.000e+00      1.000e-03   
       7             15          2.302e-01      6.721e-03      4.043e-02      9.690e-02      5.699e-03      1.000e+01      0.000e+00      1.000e-03   
       8             17          2.237e-01      6.502e-03      4.068e-02      9.485e-02      4.287e-03      1.000e+01      0.000e+00      1.000e-03   
       9             20          2.221e-01      1.590e-03      1.015e-02      9.439e-02      3.975e-03      1.000e+01      0.000e+00      1.000e-03   
      10             21          2.161e-01      5.967e-03      4.154e-02      8.774e-02      6.091e-03      1.000e+01      0.000e+00      1.000e-03   
      11             22          1.958e-01      2.033e-02      1.691e-01      6.180e-02      3.632e-03      1.000e+01      0.000e+00      1.000e-03   
      12             23          1.441e-01      5.169e-02      6.865e-01      2.803e-02      2.690e-03      1.000e+01      0.000e+00      1.000e-03   
      13             24          1.207e-01      2.345e-02      5.128e-01      1.473e-02      1.566e-03      1.000e+01      0.000e+00      1.000e-03   
      14             25          1.046e-01      1.612e-02      3.230e-01      1.338e-02      9.055e-04      1.000e+01      0.000e+00      1.000e-03   
  [mem] RSS 8.35 GB  peak 8.35 GB
      15             26          9.172e-02      1.284e-02      2.596e-01      1.021e-02      1.716e-03      1.000e+01      0.000e+00      1.000e-03   
      16             27          8.095e-02      1.077e-02      2.452e-01      8.994e-03      1.483e-03      1.000e+01      0.000e+00      1.000e-03   
      17             28          7.220e-02      8.754e-03      2.299e-01      8.155e-03      1.471e-03      1.000e+01      0.000e+00      1.000e-03   
      18             29          6.492e-02      7.283e-03      2.225e-01      7.107e-03      1.453e-03      1.000e+01      0.000e+00      1.000e-03   
      19             30          5.886e-02      6.062e-03      2.119e-01      6.319e-03      1.385e-03      1.000e+01      0.000e+00      1.000e-03   
      20             31          5.368e-02      5.172e-03      2.084e-01      5.321e-03      1.234e-03      1.000e+01      0.000e+00      1.000e-03   
      21             32          4.925e-02      4.434e-03      2.026e-01      4.975e-03      1.139e-03      1.000e+01      0.000e+00      1.000e-03   
      22             33          4.543e-02      3.823e-03      2.010e-01      4.486e-03      1.135e-03      1.000e+01      0.000e+00      1.000e-03   
      23             34          4.208e-02      3.348e-03      1.978e-01      4.324e-03      9.898e-04      1.000e+01      0.000e+00      1.000e-03   
      24             35          3.917e-02      2.914e-03      1.966e-01      3.843e-03      1.031e-03      1.000e+01      0.000e+00      1.000e-03   
  [it   25] bn 2.3447e-02  L 1.000  kappa 0.312  convex 0.000  d_cc 1.026  d_pc 1.175  -> FEASIBLE
      25             36          3.660e-02      2.569e-03      1.941e-01      3.556e-03      9.056e-04      1.000e+01      0.000e+00      1.000e-03   
  [mem] RSS 8.35 GB  peak 8.35 GB
      26             37          3.434e-02      2.252e-03      1.929e-01      3.080e-03      9.566e-04      1.000e+01      0.000e+00      1.000e-03   
      27             38          3.235e-02      1.991e-03      1.910e-01      2.699e-03      8.540e-04      1.000e+01      0.000e+00      1.000e-03   
      28             39          3.060e-02      1.757e-03      1.903e-01      2.269e-03      7.948e-04      1.000e+01      0.000e+00      1.000e-03   
      29             40          2.903e-02      1.564e-03      1.895e-01      2.040e-03      7.468e-04      1.000e+01      0.000e+00      1.000e-03   
      30             41          2.764e-02      1.394e-03      1.892e-01      2.075e-03      7.494e-04      1.000e+01      0.000e+00      1.000e-03   
      31             42          2.639e-02      1.251e-03      1.890e-01      2.127e-03      6.815e-04      1.000e+01      0.000e+00      1.000e-03   
      32             43          2.526e-02      1.125e-03      1.885e-01      2.225e-03      7.239e-04      1.000e+01      0.000e+00      1.000e-03   
      33             44          2.425e-02      1.015e-03      1.873e-01      2.308e-03      7.079e-04      1.000e+01      0.000e+00      1.000e-03   
      34             45          2.333e-02      9.172e-04      1.857e-01      2.417e-03      7.143e-04      1.000e+01      0.000e+00      1.000e-03   
      35             46          2.248e-02      8.538e-04      1.831e-01      2.505e-03      7.658e-04      1.000e+01      0.000e+00      1.000e-03   
      36             47          2.170e-02      7.771e-04      1.805e-01      2.633e-03      1.053e-03      1.000e+01      0.000e+00      1.000e-03   
      37             48          2.100e-02      7.021e-04      1.777e-01      2.888e-03      1.304e-03      1.000e+01      0.000e+00      1.000e-03   
  [mem] RSS 8.36 GB  peak 8.36 GB
      38             49          2.037e-02      6.320e-04      1.753e-01      3.186e-03      1.452e-03      1.000e+01      0.000e+00      1.000e-03   
      39             50          1.979e-02      5.714e-04      1.730e-01      3.408e-03      1.520e-03      1.000e+01      0.000e+00      1.000e-03   
      40             51          1.927e-02      5.199e-04      1.705e-01      3.591e-03      1.581e-03      1.000e+01      0.000e+00      1.000e-03   
      41             52          1.879e-02      4.853e-04      1.682e-01      3.859e-03      1.592e-03      1.000e+01      0.000e+00      1.000e-03   
      42             53          1.834e-02      4.488e-04      1.648e-01      3.782e-03      1.590e-03      1.000e+01      0.000e+00      1.000e-03   
      43             54          1.792e-02      4.230e-04      1.622e-01      4.014e-03      1.592e-03      1.000e+01      0.000e+00      1.000e-03   
      44             55          1.752e-02      3.958e-04      1.596e-01      3.926e-03      1.594e-03      1.000e+01      0.000e+00      1.000e-03   
      45             56          1.714e-02      3.803e-04      1.564e-01      4.091e-03      1.588e-03      1.000e+01      0.000e+00      1.000e-03   
      46             57          1.678e-02      3.585e-04      1.519e-01      3.759e-03      1.571e-03      1.000e+01      0.000e+00      1.000e-03   
      47             58          1.645e-02      3.358e-04      1.460e-01      3.717e-03      1.548e-03      1.000e+01      0.000e+00      1.000e-03   
      48             59          1.612e-02      3.243e-04      1.423e-01      3.473e-03      1.521e-03      1.000e+01      0.000e+00      1.000e-03   
      49             60          1.583e-02      2.897e-04      1.357e-01      3.221e-03      1.488e-03      1.000e+01      0.000e+00      1.000e-03   
  [mem] RSS 8.36 GB  peak 8.36 GB
  [it   50] bn 1.5547e-02  L 1.000  kappa 0.327  convex 27.963  d_cc 1.026  d_pc 1.462  -> FAILS L,convex
      50             64          1.582e-02      8.537e-06      3.923e-03      3.086e-03      1.488e-03      1.000e+01      1.488e-02      3.086e-04   
      51             65          1.587e-02     -4.770e-05      1.075e-02      7.007e-04      1.169e-03      1.000e+01      1.488e-02      3.086e-04   
      52             66          1.586e-02      1.183e-05      3.210e-02      6.689e-04      8.878e-04      1.000e+01      1.488e-02      3.086e-04   
      53             67          1.562e-02      2.371e-04      1.306e-01      3.471e-03      6.598e-04      1.000e+01      1.488e-02      3.086e-04   
      54             68          1.541e-02      2.165e-04      1.158e-01      2.232e-03      5.981e-04      1.000e+01      1.488e-02      3.086e-04   
      55             69          1.519e-02      2.141e-04      1.154e-01      2.489e-03      4.106e-04      1.000e+01      1.488e-02      3.086e-04   
      56             70          1.499e-02      2.015e-04      1.167e-01      1.902e-03      9.145e-04      1.000e+01      1.488e-02      3.086e-04   
      57             71          1.482e-02      1.744e-04      1.029e-01      1.991e-03      2.711e-04      1.000e+01      1.488e-02      3.086e-04   
second_order: compiling constraint Hessian for blocks CoilLength, CoilSignedCurvature, CoilSetDistancePenalty
  [mem] RSS 8.37 GB  peak 8.37 GB
  [mem] RSS 8.77 GB  peak 8.77 GB
  [mem] RSS 8.80 GB  peak 8.80 GB
      58             72          1.463e-02      1.874e-04      1.269e-01      1.655e-03      1.092e-03      1.000e+01      1.488e-02      3.086e-04   
      59             73          1.449e-02      1.398e-04      1.060e-01      1.938e-03      2.071e-04      1.000e+01      1.488e-02      3.086e-04   
      60             74          1.431e-02      1.756e-04      1.405e-01      1.450e-03      8.386e-04      1.000e+01      1.488e-02      3.086e-04   
      61             75          1.416e-02      1.492e-04      1.251e-01      1.418e-03      2.953e-04      1.000e+01      1.488e-02      3.086e-04   
      62             76          1.408e-02      8.301e-05      7.752e-02      1.036e-03      2.541e-04      1.000e+01      1.488e-02      3.086e-04   
      63             77          1.405e-02      2.671e-05      2.601e-02      8.945e-04      2.384e-04      1.000e+01      1.488e-02      3.086e-04   
      64             78          1.396e-02      9.872e-05      9.608e-02      8.727e-04      2.707e-04      1.000e+01      1.488e-02      3.086e-04   
      65             79          1.387e-02      8.767e-05      8.684e-02      8.044e-04      3.019e-04      1.000e+01      1.488e-02      3.086e-04   
  [mem] RSS 8.86 GB  peak 8.86 GB
      66             80          1.386e-02      1.276e-05      1.298e-02      7.443e-04      3.056e-04      1.000e+01      1.488e-02      3.086e-04   
      67             81          1.381e-02      4.598e-05      4.618e-02      6.316e-04      3.416e-04      1.000e+01      1.488e-02      3.086e-04   
      68             82          1.379e-02      2.202e-05      2.267e-02      5.725e-04      3.545e-04      1.000e+01      1.488e-02      3.086e-04   
      69             83          1.374e-02      4.222e-05      4.351e-02      5.704e-04      3.776e-04      1.000e+01      1.488e-02      3.086e-04   
      70             84          1.365e-02      9.889e-05      1.014e-01      1.119e-03      4.399e-04      1.000e+01      1.488e-02      3.086e-04   
      71             85          1.365e-02     -1.725e-06      4.818e-04      3.108e-04      4.349e-04      1.000e+01      1.488e-02      3.086e-04   
      72             86          1.365e-02      8.869e-07      9.813e-04      3.088e-04      4.354e-04      1.000e+01      1.488e-02      3.086e-04   
      73             87          1.365e-02      4.229e-07      4.712e-04      2.276e-03      4.356e-04      1.000e+01      1.545e-02      2.276e-04   
      74             88          1.364e-02      4.105e-06      1.279e-03      1.008e-03      4.329e-04      1.000e+01      1.545e-02      2.276e-04   
  [it   75] bn 1.4597e-02  L 1.000  kappa 0.327  convex 3.220  d_cc 1.030  d_pc 1.493  -> FAILS L,convex
      75             89          1.352e-02      1.221e-04      1.532e-01      2.092e-03      8.118e-04      1.000e+01      1.545e-02      2.276e-04   
      76             90          1.339e-02      1.306e-04      1.485e-01      1.761e-03      6.914e-04      1.000e+01      1.545e-02      2.276e-04   
  [mem] RSS 8.86 GB  peak 8.86 GB
      77             91          1.326e-02      1.323e-04      1.549e-01      2.511e-03      9.550e-04      1.000e+01      1.545e-02      2.276e-04   
      78             92          1.313e-02      1.308e-04      1.528e-01      2.389e-03      9.080e-04      1.000e+01      1.545e-02      2.276e-04   
      79             93          1.300e-02      1.257e-04      1.534e-01      2.834e-03      1.059e-03      1.000e+01      1.545e-02      2.276e-04   
      80             94          1.287e-02      1.266e-04      1.530e-01      2.787e-03      1.037e-03      1.000e+01      1.545e-02      2.276e-04   
      81             95          1.275e-02      1.219e-04      1.540e-01      3.073e-03      1.128e-03      1.000e+01      1.545e-02      2.276e-04   
      82             96          1.263e-02      1.188e-04      1.531e-01      2.981e-03      1.089e-03      1.000e+01      1.545e-02      2.276e-04   
      83             97          1.252e-02      1.169e-04      1.568e-01      3.132e-03      1.132e-03      1.000e+01      1.545e-02      2.276e-04   
      84             98          1.245e-02      7.008e-05      9.774e-02      2.413e-03      8.851e-04      1.000e+01      1.545e-02      2.276e-04   
      85             99          1.245e-02     -2.467e-06      8.185e-04      3.637e-04      6.923e-04      1.000e+01      1.545e-02      2.276e-04   
      86             100         1.245e-02      1.161e-06      1.627e-03      3.605e-04      6.928e-04      1.000e+01      1.545e-02      2.276e-04   
      87             101         1.245e-02      1.191e-06      6.222e-04      3.125e-04      6.908e-04      1.000e+01      1.545e-02      2.276e-04   
      88             102         1.232e-02      1.256e-04      1.774e-01      4.984e-03      1.727e-03      1.000e+01      1.545e-02      2.276e-04   
  [mem] RSS 8.86 GB  peak 8.86 GB
      89             103         1.222e-02      1.057e-04      1.625e-01      2.067e-03      7.578e-04      1.000e+01      1.545e-02      2.276e-04   
      90             104         1.210e-02      1.142e-04      1.725e-01      3.509e-03      1.212e-03      1.000e+01      1.545e-02      2.276e-04   
      91             105         1.200e-02      1.032e-04      1.709e-01      2.369e-03      8.380e-04      1.000e+01      1.545e-02      2.276e-04   
      92             106         1.189e-02      1.044e-04      1.752e-01      2.775e-03      9.637e-04      1.000e+01      1.545e-02      2.276e-04   
      93             107         1.180e-02      9.761e-05      1.762e-01      2.269e-03      8.053e-04      1.000e+01      1.545e-02      2.276e-04   
      94             108         1.170e-02      9.733e-05      1.781e-01      2.248e-03      7.994e-04      1.000e+01      1.545e-02      2.276e-04   
      95             109         1.161e-02      9.213e-05      1.778e-01      2.029e-03      7.298e-04      1.000e+01      1.545e-02      2.276e-04   
      96             110         1.155e-02      6.073e-05      1.194e-01      1.544e-03      5.792e-04      1.000e+01      1.545e-02      2.276e-04   
      97             111         1.154e-02      6.748e-06      1.370e-02      1.433e-03      5.442e-04      1.000e+01      1.545e-02      2.276e-04   
      98             112         1.145e-02      9.051e-05      1.818e-01      1.972e-03      7.131e-04      1.000e+01      1.545e-02      2.276e-04   
      99             113         1.138e-02      7.244e-05      1.507e-01      1.499e-03      5.694e-04      1.000e+01      1.545e-02      2.276e-04   
  [mem] RSS 8.87 GB  peak 8.87 GB
  [it  100] bn 1.3422e-02  L 1.000  kappa 0.359  convex 2.908  d_cc 1.187  d_pc 1.523  -> FAILS L,convex
      100            114         1.132e-02      5.374e-05      1.142e-01      1.210e-03      4.780e-04      1.000e+01      1.545e-02      2.276e-04   
      101            115         1.126e-02      6.314e-05      1.344e-01      1.218e-03      4.812e-04      1.000e+01      1.545e-02      2.276e-04   
      102            116         1.117e-02      9.296e-05      1.788e-01      1.895e-03      6.973e-04      1.000e+01      1.545e-02      2.276e-04   
      103            117         1.111e-02      5.882e-05      9.412e-02      1.836e-03      6.820e-04      1.000e+01      1.545e-02      2.276e-04   
      104            118         1.105e-02      5.423e-05      9.775e-02      1.333e-03      5.258e-04      1.000e+01      1.545e-02      2.276e-04   
      105            119         1.105e-02     -1.372e-06      4.425e-04      4.927e-03      4.280e-04      1.000e+01      9.413e-03      4.927e-04   
      106            120         1.106e-02     -9.529e-07      3.935e-03      2.326e-03      4.315e-04      1.000e+01      9.413e-03      4.927e-04   
      107            121         1.098e-02      7.900e-05      1.447e-01      1.434e-03      5.015e-04      1.000e+01      9.413e-03      4.927e-04   
      108            122         1.097e-02      2.383e-06      3.426e-03      1.406e-03      4.926e-04      1.000e+01      9.413e-03      4.927e-04   
      109            123         1.097e-02      2.120e-06      3.045e-03      1.381e-03      4.848e-04      1.000e+01      9.413e-03      4.927e-04   
      110            124         1.092e-02      5.021e-05      7.084e-02      1.451e-03      5.094e-04      1.000e+01      9.413e-03      4.927e-04   
  [mem] RSS 8.87 GB  peak 8.87 GB
      111            125         1.088e-02      3.817e-05      5.795e-02      1.221e-03      4.383e-04      1.000e+01      9.413e-03      4.927e-04   
      112            126         1.086e-02      2.779e-05      3.672e-02      1.154e-03      4.178e-04      1.000e+01      9.413e-03      4.927e-04   
      113            127         1.079e-02      6.987e-05      9.094e-02      1.734e-03      6.047e-04      1.000e+01      9.413e-03      4.927e-04   
      114            128         1.067e-02      1.159e-04      1.670e-01      2.661e-03      9.049e-04      1.000e+01      9.413e-03      4.927e-04   
      115            129         1.063e-02      3.784e-05      4.842e-02      2.135e-03      7.393e-04      1.000e+01      9.413e-03      4.927e-04   
      116            130         1.062e-02      1.382e-05      1.761e-02      1.935e-03      6.763e-04      1.000e+01      9.413e-03      4.927e-04   
      117            131         1.060e-02      1.780e-05      2.267e-02      1.731e-03      6.117e-04      1.000e+01      9.413e-03      4.927e-04   
      118            132         1.051e-02      8.984e-05      1.139e-01      2.364e-03      8.123e-04      1.000e+01      9.413e-03      4.927e-04   
      119            133         1.040e-02      1.107e-04      1.610e-01      2.496e-03      8.538e-04      1.000e+01      9.413e-03      4.927e-04   
      120            134         1.037e-02      2.985e-05      4.031e-02      2.026e-03      7.035e-04      1.000e+01      9.413e-03      4.927e-04   
      121            135         1.037e-02     -2.106e-06      6.668e-04      6.107e-04      3.594e-04      1.000e+01      9.413e-03      4.927e-04   
      122            136         1.037e-02      7.365e-07      8.928e-04      6.074e-04      3.609e-04      1.000e+01      9.413e-03      4.927e-04   
  [mem] RSS 8.87 GB  peak 8.87 GB
      123            137         1.037e-02      5.978e-07      3.362e-04      2.112e-03      3.615e-04      1.000e+01      9.413e-03      2.112e-04   
      124            138         1.031e-02      6.436e-05      9.456e-02      1.657e-03      3.937e-04      1.000e+01      9.413e-03      2.112e-04   
  [it  125] bn 1.2767e-02  L 1.000  kappa 0.318  convex 0.282  d_cc 1.290  d_pc 1.496  -> FAILS L
      125            139         1.021e-02      1.006e-04      1.496e-01      2.920e-03      7.964e-04      1.000e+01      9.413e-03      2.112e-04   
      126            140         1.018e-02      2.222e-05      3.584e-02      2.284e-03      5.987e-04      1.000e+01      9.413e-03      2.112e-04   
      127            141         1.014e-02      3.998e-05      6.327e-02      1.681e-03      4.131e-04      1.000e+01      9.413e-03      2.112e-04   
      128            142         1.011e-02      3.507e-05      5.557e-02      1.424e-03      3.326e-04      1.000e+01      9.413e-03      2.112e-04   
      129            143         1.011e-02     -1.623e-06      4.751e-04      5.146e-04      2.629e-04      1.000e+01      9.413e-03      2.112e-04   
      130            144         1.011e-02      1.342e-06      2.026e-03      5.069e-04      2.649e-04      1.000e+01      9.413e-03      2.112e-04   
      131            145         1.011e-02      5.615e-07      8.486e-04      5.029e-04      2.657e-04      1.000e+01      9.413e-03      2.112e-04   
      132            146         1.011e-02      5.544e-07      8.383e-04      4.990e-04      2.665e-04      1.000e+01      9.413e-03      2.112e-04   
  [mem] RSS 8.89 GB  peak 8.89 GB
      133            147         1.008e-02      2.495e-05      3.874e-02      5.703e-04      2.775e-04      1.000e+01      9.413e-03      2.112e-04   
      134            148         1.004e-02      4.724e-05      7.829e-02      1.158e-03      3.088e-04      1.000e+01      9.413e-03      2.112e-04   
      135            149         1.002e-02      1.271e-05      2.312e-02      1.016e-03      3.314e-04      1.000e+01      9.413e-03      2.112e-04   
      136            150         1.002e-02     -1.213e-06      3.591e-04      4.708e-04      3.332e-04      1.000e+01      9.413e-03      2.112e-04   
      137            151         1.002e-02      1.109e-06      1.910e-03      4.638e-04      3.351e-04      1.000e+01      9.413e-03      2.112e-04   
      138            152         1.002e-02      2.357e-07      4.063e-04      4.618e-04      3.355e-04      1.000e+01      9.413e-03      2.112e-04   
      139            153         1.002e-02      2.339e-07      4.033e-04      4.598e-04      3.359e-04      1.000e+01      9.413e-03      2.112e-04   
      140            154         1.002e-02      2.323e-07      4.004e-04      4.579e-04      3.363e-04      1.000e+01      9.413e-03      2.112e-04   
      141            155         1.002e-02      2.306e-07      3.976e-04      4.559e-04      3.367e-04      1.000e+01      9.413e-03      2.112e-04   
      142            156         1.001e-02      1.619e-05      2.865e-02      4.516e-04      3.480e-04      1.000e+01      9.413e-03      2.112e-04   
      143            157         9.998e-03      8.227e-06      1.505e-02      4.236e-04      3.502e-04      1.000e+01      9.413e-03      2.112e-04   
      144            158         9.942e-03      5.607e-05      1.061e-01      1.932e-03      4.876e-04      1.000e+01      9.413e-03      2.112e-04   
      145            159         9.944e-03     -2.360e-06      6.622e-04      7.919e-04      3.934e-04      1.000e+01      9.413e-03      2.112e-04   
      146            160         9.941e-03      2.720e-06      5.718e-03      7.554e-04      3.969e-04      1.000e+01      9.413e-03      2.112e-04   
  [mem] RSS 8.91 GB  peak 8.91 GB
      147            161         9.941e-03      8.320e-07      2.903e-04      4.708e-04      4.036e-04      1.000e+01      9.413e-03      2.112e-04   
      148            162         9.940e-03      8.480e-07      1.907e-03      4.633e-04      4.035e-04      1.000e+01      9.413e-03      2.112e-04   
      149            163         9.932e-03      7.925e-06      1.804e-02      4.224e-04      4.022e-04      1.000e+01      9.413e-03      2.112e-04   
  [it  150] bn 1.2543e-02  L 1.000  kappa 0.325  convex 1.194  d_cc 1.352  d_pc 1.417  -> FAILS L,convex
      150            164         9.907e-03      2.488e-05      5.892e-02      6.058e-04      3.437e-04      1.000e+01      9.413e-03      2.112e-04   
      151            165         9.868e-03      3.868e-05      9.199e-02      1.319e-03      3.451e-04      1.000e+01      9.413e-03      2.112e-04   
      152            166         9.852e-03      1.660e-05      4.567e-02      9.034e-04      3.194e-04      1.000e+01      9.413e-03      2.112e-04   
      153            167         9.831e-03      2.078e-05      5.892e-02      7.636e-04      3.371e-04      1.000e+01      9.413e-03      2.112e-04   
      154            168         9.815e-03      1.588e-05      4.894e-02      6.324e-04      3.782e-04      1.000e+01      9.413e-03      2.112e-04   
      155            169         9.806e-03      9.366e-06      3.303e-02      5.329e-04      3.493e-04      1.000e+01      9.413e-03      2.112e-04   
      156            170         9.798e-03      7.819e-06      2.968e-02      4.536e-04      3.184e-04      1.000e+01      9.413e-03      2.112e-04   
  [mem] RSS 8.93 GB  peak 8.93 GB
      157            171         9.788e-03      9.635e-06      3.928e-02      4.193e-04      3.392e-04      1.000e+01      9.413e-03      2.112e-04   
      158            172         9.777e-03      1.083e-05      4.761e-02      3.863e-04      3.682e-04      1.000e+01      9.413e-03      2.112e-04   
      159            173         9.771e-03      6.140e-06      3.187e-02      3.306e-04      3.500e-04      1.000e+01      9.413e-03      2.112e-04   
      160            174         9.772e-03     -6.429e-07      1.446e-04      2.481e-03      3.511e-04      1.033e+01      9.413e-03      2.481e-04   
      161            175         9.769e-03      3.030e-06      3.774e-02      1.434e-03      2.501e-04      1.033e+01      9.413e-03      2.481e-04   
      162            176         9.767e-03      1.470e-06      1.657e-02      1.126e-03      2.203e-04      1.033e+01      9.413e-03      2.481e-04   
      163            177         9.765e-03      2.396e-06      2.567e-02      7.504e-04      1.836e-04      1.033e+01      9.413e-03      2.481e-04   
      164            178         9.764e-03      5.090e-07      4.903e-03      7.071e-04      1.731e-04      1.033e+01      9.413e-03      2.481e-04   
      165            179         9.758e-03      6.002e-06      5.932e-02      6.794e-04      1.104e-04      1.033e+01      9.413e-03      2.481e-04   
      166            180         9.754e-03      4.268e-06      3.801e-02      3.905e-04      1.021e-04      1.033e+01      9.413e-03      2.481e-04   
      167            181         9.751e-03      3.153e-06      3.038e-02      2.602e-04      9.964e-05      1.033e+01      9.413e-03      2.481e-04   
      168            182         9.748e-03      3.426e-06      3.489e-02      2.472e-03      9.505e-05      1.033e+01      9.541e-03      2.472e-04   
  [mem] RSS 8.95 GB  peak 8.95 GB
      169            183         9.750e-03     -2.134e-06      1.358e-03      7.923e-04      1.041e-04      1.033e+01      9.541e-03      2.472e-04   
      170            184         9.746e-03      3.647e-06      4.826e-02      2.950e-04      9.585e-05      1.033e+01      9.541e-03      2.472e-04   
      171            185         9.744e-03      1.720e-06      1.941e-02      1.123e-03      9.790e-05      1.033e+01      1.698e-02      1.123e-04   
      172            186         9.742e-03      2.361e-06      2.969e-02      7.129e-04      1.126e-04      1.033e+01      1.698e-02      1.123e-04   
      173            187         9.740e-03      2.206e-06      2.527e-02      4.814e-04      1.497e-04      1.033e+01      1.698e-02      1.123e-04   
      174            188         9.739e-03      1.124e-06      1.493e-02      3.932e-04      1.664e-04      1.033e+01      1.698e-02      1.123e-04   
  [it  175] bn 1.2395e-02  L 1.000  kappa 0.352  convex 0.379  d_cc 1.440  d_pc 1.334  -> FAILS L
      175            189         9.737e-03      1.244e-06      1.703e-02      3.122e-04      1.865e-04      1.033e+01      1.698e-02      1.123e-04   
      176            190         9.734e-03      2.970e-06      4.369e-02      1.486e-04      2.290e-04      1.033e+01      1.698e-02      1.123e-04   
      177            191         9.732e-03      2.365e-06      4.138e-02      1.526e-04      2.544e-04      1.033e+01      1.698e-02      1.123e-04   
      178            192         9.729e-03      2.649e-06      5.356e-02      2.309e-04      2.783e-04      1.033e+01      1.698e-02      1.123e-04   
      179            193         9.729e-03      7.381e-07      2.061e-02      2.040e-04      2.664e-04      1.033e+01      1.698e-02      1.123e-04   
      180            194         9.728e-03      4.881e-07      1.490e-02      1.837e-04      2.574e-04      1.033e+01      1.698e-02      1.123e-04   
  [mem] RSS 8.97 GB  peak 8.97 GB
      181            195         9.728e-03      5.589e-07      1.754e-02      1.669e-04      2.479e-04      1.033e+01      1.698e-02      1.123e-04   
      182            196         9.726e-03      1.356e-06      4.384e-02      2.024e-04      2.371e-04      1.033e+01      1.698e-02      1.123e-04   
      183            197         9.725e-03      1.048e-06      3.814e-02      1.871e-04      2.419e-04      1.033e+01      1.698e-02      1.123e-04   
      184            198         9.724e-03      1.008e-06      4.088e-02      1.754e-04      2.471e-04      1.033e+01      1.698e-02      1.123e-04   
      185            199         9.723e-03      1.005e-06      4.640e-02      1.664e-04      2.514e-04      1.033e+01      1.698e-02      1.123e-04   
      186            200         9.722e-03      7.436e-07      4.066e-02      1.291e-04      2.548e-04      1.033e+01      1.698e-02      1.123e-04   
      187            201         9.722e-03      5.949e-07      3.774e-02      1.435e-03      2.574e-04      1.044e+01      1.176e-02      1.435e-04   
      188            202         9.723e-03     -9.221e-07      3.438e-04      1.012e-03      1.985e-04      1.044e+01      1.176e-02      1.435e-04   
      189            203         9.723e-03      7.439e-08      1.094e-02      7.774e-04      1.732e-04      1.044e+01      1.176e-02      1.435e-04   
      190            204         9.723e-03      1.062e-07      1.619e-02      4.924e-04      1.423e-04      1.044e+01      1.176e-02      1.435e-04   
      191            205         9.722e-03      1.785e-07      2.748e-02      1.519e-04      1.047e-04      1.044e+01      1.176e-02      1.435e-04   
      192            206         9.722e-03      1.177e-08      2.027e-02      4.313e-04      6.669e-05      1.044e+01      1.486e-02      4.313e-05   
  [mem] RSS 8.99 GB  peak 8.99 GB
      193            207         9.723e-03     -1.265e-07      9.867e-03      2.695e-04      5.312e-05      1.044e+01      1.486e-02      4.313e-05   
      194            208         9.723e-03     -1.093e-07      1.386e-02      1.130e-04      4.183e-05      1.044e+01      1.486e-02      4.313e-05   
      195            209         9.723e-03     -2.000e-08      1.579e-02      4.985e-05      3.009e-05      1.044e+01      1.651e-02      4.985e-06   
      196            210         9.722e-03      1.531e-07      1.596e-02      2.408e-05      1.954e-05      1.044e+01      1.651e-02      4.985e-06   
      197            211         9.722e-03      7.443e-08      1.303e-02      1.155e-05      2.104e-05      1.044e+01      1.651e-02      4.985e-06   
      198            212         9.722e-03      3.748e-08      6.713e-03      8.482e-06      2.146e-05      1.044e+01      1.651e-02      4.985e-06   
      199            213         9.722e-03      3.831e-08      7.293e-03      6.685e-06      2.180e-05      1.044e+01      1.651e-02      4.985e-06   
  [it  200] bn 1.2352e-02  L 1.000  kappa 0.360  convex 0.030  d_cc 1.414  d_pc 1.348  -> FAILS L
      200            214         9.722e-03      4.658e-08      1.065e-02      6.924e-06      2.226e-05      1.044e+01      1.651e-02      4.985e-06   
      201            215         9.722e-03      1.826e-08      5.264e-03      4.473e-05      2.245e-05      1.044e+01      1.876e-02      4.473e-06   
      202            216         9.722e-03     -6.712e-10      4.157e-03      2.583e-05      2.058e-05      1.044e+01      1.876e-02      4.473e-06   
      203            217         9.722e-03      4.342e-09      2.726e-03      2.914e-04      1.991e-05      1.044e+01      2.075e-02      2.914e-05   
  [mem] RSS 9.01 GB  peak 9.01 GB
      204            218         9.722e-03      2.350e-08      8.950e-05      4.144e-05      1.929e-05      1.044e+01      2.075e-02      2.914e-05   
      205            219         9.722e-03     -5.187e-08      4.730e-03      5.289e-05      1.610e-05      1.044e+01      2.075e-02      2.914e-05   
      206            220         9.722e-03     -1.432e-07      5.722e-03      4.776e-05      8.253e-06      1.044e+01      2.157e-02      4.776e-06   
      207            221         9.723e-03     -1.423e-07      5.997e-03      1.361e-05      6.126e-06      1.044e+01      2.157e-02      4.776e-06   
      208            222         9.723e-03     -2.574e-09      3.605e-04      1.277e-05      6.096e-06      1.044e+01      2.157e-02      4.776e-06   
      209            223         9.723e-03     -3.449e-08      5.126e-03      4.429e-05      5.663e-06      1.044e+01      2.158e-02      4.429e-06   
      210            224         9.723e-03      4.349e-09      1.093e-03      7.594e-05      4.172e-06      1.044e+01      2.160e-02      7.594e-06   
      211            225         9.723e-03      3.539e-09      1.330e-03      6.616e-05      8.667e-07      1.044e+01      2.163e-02      6.616e-06   
      212            226         9.723e-03      1.255e-08      9.777e-06      5.120e-05      2.917e-06      1.044e+01      2.169e-02      5.120e-06   
      213            227         9.723e-03     -1.307e-08      1.301e-05      2.387e-05      4.677e-06      1.044e+01      2.174e-02      2.387e-06   
      214            228         9.723e-03     -1.035e-09      8.717e-04      1.897e-05      3.130e-06      1.044e+01      2.174e-02      2.387e-06   
      215            229         9.723e-03     -9.311e-10      4.182e-04      1.699e-05      2.506e-06      1.044e+01      2.174e-02      2.387e-06   
      216            230         9.723e-03     -4.414e-09      2.141e-03      7.896e-06      2.567e-06      1.044e+01      2.174e-02      2.387e-06   
  [mem] RSS 9.03 GB  peak 9.03 GB
      217            231         9.723e-03     -3.596e-09      1.323e-03      4.860e-06      3.658e-06      1.044e+01      2.174e-02      2.387e-06   
      218            232         9.723e-03     -2.086e-09      8.044e-04      3.721e-06      4.168e-06      1.044e+01      2.174e-02      2.387e-06   
      219            233         9.723e-03     -3.230e-09      1.361e-03      1.673e-05      4.900e-06      1.044e+01      2.165e-02      1.673e-06   
      220            234         9.723e-03     -8.457e-10      5.069e-06      1.191e-05      5.051e-06      1.044e+01      2.156e-02      1.191e-06   
      221            235         9.723e-03      5.318e-09      7.501e-04      1.536e-05      3.573e-06      1.044e+01      2.150e-02      1.536e-06   
      222            236         9.723e-03      6.847e-09      7.466e-04      1.613e-05      1.794e-06      1.044e+01      2.146e-02      1.613e-06   
      223            237         9.723e-03      1.180e-09      1.175e-04      1.801e-05      1.492e-06      1.044e+01      2.143e-02      1.801e-06   
      224            238         9.723e-03      1.399e-09      1.240e-04      1.957e-05      1.152e-06      1.044e+01      2.140e-02      1.957e-06   
  [it  225] bn 1.2351e-02  L 1.000  kappa 0.360  convex 0.027  d_cc 1.413  d_pc 1.347  -> FAILS L
      225            239         9.723e-03      3.910e-08      1.168e-05      3.136e-05      5.825e-06      1.044e+01      2.138e-02      3.136e-06   
      226            240         9.723e-03     -9.139e-09      4.866e-04      2.710e-05      4.457e-06      1.044e+01      2.138e-02      3.136e-06   
      227            241         9.723e-03     -5.218e-08      1.338e-05      2.690e-05      1.115e-06      1.044e+01      2.136e-02      2.690e-06   
  [mem] RSS 9.06 GB  peak 9.06 GB
      228            242         9.723e-03      1.635e-09      6.969e-04      3.246e-05      4.708e-06      1.044e+01      2.132e-02      3.246e-06   
      229            243         9.723e-03      3.215e-08      1.224e-05      2.286e-05      6.733e-06      1.044e+01      2.127e-02      2.286e-06   
      230            244         9.723e-03      3.540e-10      3.728e-04      3.284e-05      5.247e-06      1.044e+01      2.124e-02      3.284e-06   
      231            245         9.723e-03     -2.272e-08      1.196e-05      1.837e-05      5.214e-06      1.044e+01      2.121e-02      1.837e-06   
      232            246         9.723e-03      1.430e-08      7.107e-06      7.727e-06      5.173e-06      1.044e+01      2.117e-02      7.727e-07   
      233            247         9.723e-03      1.364e-08      3.584e-04      5.541e-06      3.226e-06      1.044e+01      2.117e-02      7.727e-07   
      234            248         9.723e-03      4.348e-09      1.234e-04      4.350e-06      2.638e-06      1.044e+01      2.123e-02      4.350e-07   
      235            249         9.723e-03      3.127e-08      1.067e-03      9.753e-06      2.127e-06      1.044e+01      2.123e-02      4.350e-07   
      236            250         9.723e-03      6.608e-09      4.053e-04      2.608e-05      2.503e-06      1.044e+01      2.148e-02      2.608e-06   
      237            251         9.723e-03     -3.078e-08      1.601e-03      4.152e-06      2.763e-06      1.044e+01      2.148e-02      2.608e-06   
      238            252         9.723e-03     -6.004e-09      1.608e-03      1.608e-05      3.167e-06      1.044e+01      2.156e-02      1.608e-06   
      239            253         9.723e-03     -6.436e-10      1.014e-04      1.533e-05      3.016e-06      1.044e+01      2.156e-02      1.608e-06   
      240            254         9.723e-03     -1.576e-09      2.475e-04      1.350e-05      2.650e-06      1.044e+01      2.156e-02      1.608e-06   
  [mem] RSS 9.08 GB  peak 9.08 GB
      241            255         9.723e-03      5.509e-09      2.828e-06      1.090e-05      3.011e-06      1.044e+01      2.162e-02      1.090e-06   
      242            256         9.723e-03     -4.574e-09      3.380e-04      9.310e-06      2.256e-06      1.044e+01      2.162e-02      1.090e-06   
      243            257         9.723e-03     -4.254e-09      3.162e-04      7.864e-06      1.539e-06      1.044e+01      2.162e-02      1.090e-06   
      244            258         9.723e-03     -8.647e-10      6.548e-05      7.574e-06      1.390e-06      1.044e+01      2.162e-02      1.090e-06   
      245            259         9.723e-03     -8.036e-10      6.117e-05      7.305e-06      1.252e-06      1.044e+01      2.162e-02      1.090e-06   
      246            260         9.723e-03     -7.680e-10      5.876e-05      7.050e-06      1.119e-06      1.044e+01      2.162e-02      1.090e-06   
      247            261         9.723e-03     -5.736e-09      2.799e-06      8.646e-06      1.036e-06      1.044e+01      2.163e-02      8.646e-07   
      248            262         9.723e-03     -4.488e-10      6.288e-05      8.358e-06      8.802e-07      1.044e+01      2.163e-02      8.646e-07   
      249            263         9.723e-03     -2.059e-10      2.882e-05      8.227e-06      8.088e-07      1.044e+01      2.163e-02      8.646e-07   
  [it  250] bn 1.2351e-02  L 1.000  kappa 0.360  convex 0.028  d_cc 1.413  d_pc 1.347  -> FAILS L
      250            264         9.723e-03     -1.965e-10      2.748e-05      8.102e-06      7.407e-07      1.044e+01      2.163e-02      8.646e-07   
      251            265         9.723e-03     -2.054e-10      2.871e-05      7.971e-06      6.695e-07      1.044e+01      2.163e-02      8.646e-07   
      252            266         9.723e-03     -2.247e-09      3.116e-04      6.558e-06      3.372e-07      1.044e+01      2.163e-02      8.646e-07   
      253            267         9.723e-03     -1.108e-08      1.168e-03      1.408e-06      5.527e-06      1.044e+01      2.163e-02      8.646e-07   
  [mem] RSS 9.10 GB  peak 9.10 GB
      254            268         9.723e-03     -2.310e-09      3.693e-04      4.192e-06      6.529e-06      1.044e+01      2.154e-02      4.192e-07   
      255            269         9.723e-03      3.716e-10      9.847e-06      8.529e-06      6.450e-06      1.044e+01      2.144e-02      8.529e-07   
      256            270         9.723e-03      1.060e-08      2.282e-04      7.126e-06      4.509e-06      1.044e+01      2.144e-02      8.529e-07   
      257            271         9.723e-03     -6.495e-09      3.661e-06      1.426e-05      4.603e-06      1.044e+01      2.140e-02      1.426e-06   
      258            272         9.723e-03      2.709e-09      6.102e-05      2.083e-05      4.074e-06      1.044e+01      2.137e-02      2.083e-06   
      259            273         9.723e-03      2.297e-08      9.725e-06      2.584e-05      6.159e-06      1.044e+01      2.135e-02      2.584e-06   
      260            274         9.723e-03      2.008e-09      7.116e-05      4.371e-05      5.911e-06      1.044e+01      2.135e-02      4.371e-06   
      261            275         9.723e-03     -3.853e-08      1.642e-05      2.956e-05      3.036e-06      1.044e+01      2.134e-02      2.956e-06   
      262            276         9.723e-03      8.176e-10      1.889e-05      5.637e-05      2.882e-06      1.044e+01      2.134e-02      5.637e-06   
      263            277         9.723e-03      5.363e-09      1.106e-04      7.950e-05      1.995e-06      1.044e+01      2.135e-02      7.950e-06   
      264            278         9.723e-03      6.194e-08      2.867e-05      5.699e-05      1.758e-05      1.044e+01      2.137e-02      5.699e-06   
  [mem] RSS 9.12 GB  peak 9.12 GB
      265            279         9.723e-03      2.156e-09      1.348e-04      1.081e-04      1.689e-05      1.044e+01      2.139e-02      1.081e-05   
      266            280         9.723e-03     -1.294e-09      4.717e-04      9.407e-05      1.246e-05      1.044e+01      2.139e-02      1.081e-05   
      267            281         9.723e-03     -7.194e-08      3.388e-05      5.667e-05      1.452e-06      1.044e+01      2.146e-02      5.667e-06   
      268            282         9.723e-03      3.233e-08      1.886e-03      2.703e-05      1.044e-05      1.044e+01      2.146e-02      5.667e-06   
      269            283         9.723e-03      5.702e-10      3.396e-05      5.209e-05      1.060e-05      1.044e+01      2.154e-02      5.209e-06   
      270            284         9.723e-03      4.115e-08      1.974e-05      3.294e-05      1.066e-05      1.044e+01      2.162e-02      3.294e-06   
      271            285         9.723e-03     -5.312e-09      3.742e-04      2.995e-05      9.666e-06      1.044e+01      2.162e-02      3.294e-06   
      272            286         9.723e-03     -8.893e-09      5.939e-04      2.512e-05      8.015e-06      1.044e+01      2.162e-02      3.294e-06   
      273            287         9.723e-03     -2.064e-09      1.284e-04      2.404e-05      7.633e-06      1.044e+01      2.162e-02      3.294e-06   
      274            288         9.723e-03     -2.875e-08      1.334e-05      2.795e-05      7.752e-06      1.044e+01      2.166e-02      2.795e-06   
  [it  275] bn 1.2351e-02  L 1.000  kappa 0.360  convex 0.028  d_cc 1.413  d_pc 1.347  -> FAILS L
      275            289         9.723e-03      3.309e-08      1.513e-05      1.194e-04      8.297e-06      1.044e+01      2.169e-02      1.194e-05   
  [mem] RSS 9.14 GB  peak 9.14 GB
      276            290         9.723e-03     -6.511e-08      3.090e-05      1.479e-04      7.861e-06      1.044e+01      2.172e-02      1.479e-05   
      277            291         9.723e-03      1.053e-07      4.813e-05      1.642e-04      2.390e-05      1.044e+01      2.176e-02      1.642e-05   
      278            292         9.723e-03      5.108e-09      1.434e-03      1.576e-04      2.004e-05      1.044e+01      2.175e-02      1.576e-05   
      279            293         9.723e-03     -3.371e-08      5.244e-04      1.402e-04      1.457e-05      1.044e+01      2.175e-02      1.576e-05   
      280            294         9.723e-03     -9.539e-08      1.240e-03      9.587e-05      1.254e-05      1.044e+01      2.175e-02      1.576e-05   
      281            295         9.723e-03     -1.383e-07      1.494e-03      4.929e-05      1.704e-05      1.044e+01      2.175e-02      1.576e-05   
      282            296         9.723e-03     -9.841e-08      1.129e-03      2.298e-05      2.032e-05      1.044e+01      2.175e-02      1.576e-05   
      283            297         9.723e-03     -4.754e-08      7.304e-04      7.087e-05      2.208e-05      1.044e+01      2.087e-02      7.087e-06   
      284            298         9.723e-03      3.830e-08      3.237e-04      6.385e-05      2.048e-05      1.044e+01      2.087e-02      7.087e-06   
      285            299         9.723e-03      3.030e-08      2.527e-04      5.830e-05      1.920e-05      1.044e+01      2.087e-02      7.087e-06   
      286            300         9.723e-03      4.026e-08      3.322e-04      5.091e-05      1.750e-05      1.044e+01      2.087e-02      7.087e-06   
      287            301         9.723e-03      3.110e-08      2.527e-04      4.519e-05      1.618e-05      1.044e+01      2.087e-02      7.087e-06   
      288            302         9.723e-03      3.772e-08      1.817e-05      3.933e-05      1.671e-05      1.044e+01      2.041e-02      3.933e-06   
  [mem] RSS 9.16 GB  peak 9.16 GB
      289            303         9.723e-03      4.052e-08      3.989e-04      3.581e-05      1.458e-05      1.044e+01      2.041e-02      3.933e-06   
      290            304         9.723e-03      4.943e-08      4.821e-04      3.179e-05      1.197e-05      1.044e+01      2.041e-02      3.933e-06   
      291            305         9.723e-03      1.639e-08      1.582e-04      3.043e-05      1.111e-05      1.044e+01      2.041e-02      3.933e-06   
      292            306         9.723e-03      9.400e-10      6.400e-06      2.987e-05      1.223e-05      1.044e+01      2.032e-02      2.987e-06   
      293            307         9.723e-03      7.695e-09      8.187e-05      4.839e-05      1.179e-05      1.044e+01      2.025e-02      4.839e-06   
      294            308         9.723e-03      1.371e-08      1.574e-04      5.246e-05      1.170e-05      1.044e+01      2.025e-02      4.839e-06   
      295            309         9.723e-03      1.313e-08      1.508e-04      5.104e-05      1.162e-05      1.044e+01      2.025e-02      4.839e-06   
      296            310         9.723e-03      5.818e-08      6.695e-04      8.418e-05      1.121e-05      1.044e+01      2.025e-02      4.839e-06   
      297            311         9.723e-03      2.153e-08      2.567e-04      8.012e-05      9.908e-06      1.044e+01      2.025e-02      4.839e-06   
      298            312         9.722e-03      3.973e-08      1.432e-05      3.747e-05      7.475e-06      1.044e+01      2.058e-02      3.747e-06   
      299            313         9.722e-03      3.126e-08      6.381e-04      3.423e-05      6.096e-06      1.044e+01      2.058e-02      3.747e-06   
  [it  300] bn 1.2351e-02  L 1.000  kappa 0.360  convex 0.030  d_cc 1.413  d_pc 1.347  -> FAILS L
      300            314         9.722e-03      8.220e-09      1.723e-04      5.161e-05      5.801e-06      1.044e+01      2.108e-02      5.161e-06   
  [mem] RSS 9.18 GB  peak 9.18 GB
      301            315         9.722e-03     -5.060e-09      3.598e-03      4.008e-05      2.217e-05      1.044e+01      2.108e-02      5.161e-06   
      302            316         9.723e-03     -4.853e-08      3.043e-03      5.504e-06      2.981e-05      1.044e+01      2.108e-02      5.161e-06   
      303            317         9.723e-03      1.032e-09      1.852e-03      2.138e-04      3.016e-05      1.044e+01      2.155e-02      2.138e-05   
      304            318         9.722e-03      1.223e-07      4.729e-05      8.946e-05      3.084e-05      1.044e+01      2.155e-02      2.138e-05   
      305            319         9.722e-03      4.176e-09      6.306e-04      3.869e-04      3.043e-05      1.044e+01      2.197e-02      3.869e-05   
      306            320         9.723e-03     -2.469e-07      1.080e-04      2.949e-04      2.881e-05      1.044e+01      2.197e-02      3.869e-05   
      307            321         9.722e-03      1.749e-07      8.522e-05      2.251e-04      2.748e-05      1.044e+01      2.197e-02      3.869e-05   
      308            322         9.722e-03     -5.973e-09      1.247e-03      2.106e-04      2.498e-05      1.044e+01      2.197e-02      3.869e-05   
      309            323         9.722e-03     -4.063e-09      1.118e-03      1.978e-04      2.276e-05      1.044e+01      2.197e-02      3.869e-05   
      310            324         9.722e-03     -1.388e-09      5.929e-04      1.911e-04      2.160e-05      1.044e+01      2.197e-02      3.869e-05   
      311            325         9.722e-03     -6.594e-10      4.081e-04      1.865e-04      2.081e-05      1.044e+01      2.197e-02      3.869e-05   
      312            326         9.723e-03     -1.171e-07      5.359e-05      1.436e-04      1.990e-05      1.044e+01      2.197e-02      3.869e-05   
      313            327         9.723e-03      6.881e-09      5.266e-04      2.098e-04      1.929e-05      1.044e+01      2.231e-02      2.098e-05   
  [mem] RSS 9.21 GB  peak 9.21 GB
      314            328         9.722e-03      1.903e-07      8.692e-05      1.746e-04      3.040e-05      1.044e+01      2.231e-02      2.098e-05   
      315            329         9.722e-03     -1.048e-09      3.954e-04      1.719e-04      3.023e-05      1.044e+01      2.231e-02      2.098e-05   
      316            330         9.722e-03     -1.093e-07      5.899e-05      1.078e-04      1.637e-05      1.044e+01      2.231e-02      2.098e-05   
      317            331         9.722e-03      1.808e-09      1.020e-03      1.452e-04      1.466e-05      1.044e+01      2.256e-02      1.452e-05   
      318            332         9.722e-03      1.287e-07      6.220e-05      5.956e-05      4.176e-05      1.044e+01      2.256e-02      1.452e-05   
      319            333         9.722e-03     -1.325e-08      5.249e-04      8.584e-05      4.154e-05      1.044e+01      2.256e-02      1.452e-05   
      320            334         9.723e-03     -1.473e-07      1.408e-03      6.807e-05      3.972e-05      1.044e+01      2.256e-02      1.452e-05   
      321            335         9.723e-03     -9.088e-08      4.906e-05      8.281e-05      1.036e-05      1.044e+01      2.256e-02      1.452e-05   
      322            336         9.723e-03     -4.805e-08      4.951e-04      7.519e-05      1.196e-05      1.044e+01      2.256e-02      1.452e-05   
      323            337         9.723e-03     -1.978e-07      1.938e-03      4.460e-05      1.880e-05      1.044e+01      2.256e-02      1.452e-05   
      324            338         9.723e-03     -1.519e-07      1.341e-03      2.348e-05      2.552e-05      1.044e+01      2.256e-02      1.452e-05   
  [it  325] bn 1.2352e-02  L 1.000  kappa 0.360  convex 0.024  d_cc 1.412  d_pc 1.348  -> FAILS L
      325            339         9.723e-03     -1.036e-08      1.190e-04      2.217e-05      2.594e-05      1.044e+01      2.256e-02      1.452e-05   
  [mem] RSS 9.23 GB  peak 9.23 GB
      326            340         9.723e-03     -1.317e-07      1.571e-03      9.278e-05      3.122e-05      1.044e+01      2.055e-02      9.278e-06   
      327            341         9.723e-03      1.826e-07      1.527e-03      6.400e-05      2.209e-05      1.044e+01      2.055e-02      9.278e-06   
      328            342         9.723e-03      8.198e-08      6.871e-04      5.180e-05      1.822e-05      1.044e+01      2.055e-02      9.278e-06   
      329            343         9.723e-03      1.801e-08      1.513e-04      4.918e-05      1.739e-05      1.044e+01      2.055e-02      9.278e-06   
      330            344         9.723e-03      1.204e-07      1.014e-03      3.169e-05      1.370e-05      1.044e+01      2.055e-02      9.278e-06   
      331            345         9.723e-03      4.430e-09      3.764e-05      6.771e-05      1.356e-05      1.044e+01      2.011e-02      6.771e-06   
      332            346         9.723e-03      6.603e-08      5.785e-04      5.750e-05      1.158e-05      1.044e+01      2.011e-02      6.771e-06   
      333            347         9.723e-03      8.065e-08      7.142e-04      4.530e-05      9.018e-06      1.044e+01      2.011e-02      6.771e-06   
      334            348         9.723e-03      4.314e-08      3.889e-04      3.895e-05      7.565e-06      1.044e+01      2.011e-02      6.771e-06   
      335            349         9.722e-03      9.552e-08      8.748e-04      2.506e-05      6.519e-06      1.044e+01      2.011e-02      6.771e-06   
      336            350         9.722e-03      1.138e-07      1.108e-03      9.110e-06      1.085e-05      1.044e+01      2.011e-02      6.771e-06   
      337            351         9.722e-03      6.700e-08      1.161e-03      1.052e-04      1.367e-05      1.044e+01      2.148e-02      1.052e-05   
      338            352         9.722e-03     -1.245e-07      1.009e-03      6.215e-05      8.311e-06      1.044e+01      2.148e-02      1.052e-05   
      339            353         9.723e-03     -9.796e-08      7.066e-04      2.827e-05      4.082e-06      1.044e+01      2.148e-02      1.052e-05   
  [mem] RSS 9.25 GB  peak 9.25 GB
      340            354         9.722e-03      1.347e-08      6.495e-06      3.601e-05      4.105e-06      1.044e+01      2.189e-02      3.601e-06   
      341            355         9.723e-03     -4.500e-08      2.885e-04      2.780e-05      2.426e-06      1.044e+01      2.189e-02      3.601e-06   
      342            356         9.723e-03     -1.857e-08      8.109e-06      2.640e-05      2.372e-06      1.044e+01      2.213e-02      2.640e-06   
      343            357         9.723e-03     -4.577e-08      3.655e-04      1.932e-05      1.617e-06      1.044e+01      2.213e-02      2.640e-06   
      344            358         9.723e-03     -1.141e-08      8.409e-05      1.753e-05      1.570e-06      1.044e+01      2.213e-02      2.640e-06   
      345            359         9.723e-03     -1.306e-08      8.217e-05      1.581e-05      1.528e-06      1.044e+01      2.213e-02      2.640e-06   
      346            360         9.723e-03     -9.286e-08      7.984e-04      3.013e-06      4.143e-06      1.044e+01      2.213e-02      2.640e-06   
      347            361         9.723e-03     -7.627e-09      1.332e-04      9.530e-06      4.426e-06      1.044e+01      2.157e-02      9.530e-07   
      348            362         9.723e-03      2.360e-09      2.005e-05      2.019e-05      4.343e-06      1.044e+01      2.102e-02      2.019e-06   
      349            363         9.723e-03      8.151e-08      6.339e-04      1.314e-05      1.472e-06      1.044e+01      2.102e-02      2.019e-06   
  [it  350] bn 1.2351e-02  L 1.000  kappa 0.360  convex 0.029  d_cc 1.413  d_pc 1.347  -> FAILS L
      350            364         9.723e-03      1.184e-08      8.334e-05      1.214e-05      1.352e-06      1.044e+01      2.102e-02      2.019e-06   
  [mem] RSS 9.28 GB  peak 9.28 GB
      351            365         9.723e-03      1.001e-08      6.946e-05      1.130e-05      1.338e-06      1.044e+01      2.102e-02      2.019e-06   
      352            366         9.723e-03      2.875e-09      1.971e-05      1.291e-05      1.333e-06      1.044e+01      2.094e-02      1.291e-06   
      353            367         9.723e-03      2.752e-08      1.917e-04      1.088e-05      1.251e-06      1.044e+01      2.094e-02      1.291e-06   
      354            368         9.723e-03      8.541e-08      6.210e-04      3.157e-06      4.179e-06      1.044e+01      2.094e-02      1.291e-06   
      355            369         9.722e-03      2.807e-08      3.654e-04      1.807e-05      5.372e-06      1.044e+01      2.148e-02      1.807e-06   
      356            370         9.722e-03      7.011e-09      5.213e-06      2.407e-05      5.167e-06      1.044e+01      2.200e-02      2.407e-06   
      357            371         9.722e-03     -1.629e-08      1.586e-04      2.243e-05      4.528e-06      1.044e+01      2.200e-02      2.407e-06   
      358            372         9.722e-03     -5.643e-09      5.337e-05      2.186e-05      4.307e-06      1.044e+01      2.200e-02      2.407e-06   
      359            373         9.723e-03     -1.732e-08      8.658e-06      2.413e-05      4.266e-06      1.044e+01      2.242e-02      2.413e-06   
      360            374         9.723e-03     -2.882e-08      3.093e-04      2.164e-05      3.005e-06      1.044e+01      2.242e-02      2.413e-06   
      361            375         9.723e-03     -4.783e-08      4.870e-04      1.750e-05      9.133e-07      1.044e+01      2.242e-02      2.413e-06   
      362            376         9.723e-03      1.572e-08      8.281e-06      1.863e-05      4.126e-06      1.044e+01      2.251e-02      1.863e-06   
      363            377         9.723e-03     -2.297e-09      1.971e-05      1.845e-05      4.069e-06      1.044e+01      2.251e-02      1.863e-06   
  [mem] RSS 9.30 GB  peak 9.30 GB
      364            378         9.723e-03     -1.949e-08      8.104e-06      1.356e-05      6.748e-07      1.044e+01      2.257e-02      1.356e-06   
      365            379         9.723e-03     -1.995e-08      1.983e-04      1.768e-05      4.239e-07      1.044e+01      2.257e-02      1.356e-06   
      366            380         9.723e-03     -1.552e-07      1.176e-03      7.306e-06      6.248e-06      1.044e+01      2.257e-02      1.356e-06   
      367            381         9.723e-03     -9.829e-09      8.087e-05      6.500e-06      6.642e-06      1.044e+01      2.257e-02      1.356e-06   
      368            382         9.723e-03     -3.812e-08      3.146e-04      3.340e-06      8.196e-06      1.044e+01      2.257e-02      1.356e-06   
      369            383         9.723e-03     -1.276e-08      1.290e-04      2.299e-06      8.777e-06      1.044e+01      2.257e-02      1.356e-06   
      370            384         9.723e-03     -1.342e-09      1.911e-05      2.185e-06      8.843e-06      1.044e+01      2.257e-02      1.356e-06   
      371            385         9.723e-03     -3.654e-09      5.449e-05      1.873e-06      9.024e-06      1.044e+01      2.257e-02      1.356e-06   
      372            386         9.723e-03     -1.314e-10      2.263e-06      1.285e-05      9.031e-06      1.044e+01      2.158e-02      1.285e-06   
      373            387         9.723e-03      3.761e-09      2.967e-05      2.716e-05      8.899e-06      1.044e+01      2.061e-02      2.716e-06   
      374            388         9.723e-03      8.209e-08      5.212e-04      2.242e-05      6.098e-06      1.044e+01      2.061e-02      2.716e-06   
  [it  375] bn 1.2351e-02  L 1.000  kappa 0.360  convex 0.028  d_cc 1.413  d_pc 1.347  -> FAILS L
      375            389         9.723e-03     -2.585e-09      1.527e-05      4.717e-05      5.900e-06      1.044e+01      2.008e-02      4.717e-06   
  [mem] RSS 9.32 GB  peak 9.32 GB
      376            390         9.723e-03      4.105e-08      1.832e-05      3.118e-05      8.499e-06      1.044e+01      1.954e-02      3.118e-06   
      377            391         9.723e-03      1.256e-08      7.441e-05      3.047e-05      8.277e-06      1.044e+01      1.954e-02      3.118e-06   
      378            392         9.723e-03      1.177e-08      6.937e-05      2.981e-05      8.069e-06      1.044e+01      1.954e-02      3.118e-06   
      379            393         9.723e-03     -2.829e-08      1.298e-05      1.902e-05      4.994e-06      1.044e+01      1.911e-02      1.902e-06   
      380            394         9.723e-03      7.328e-09      4.111e-05      2.662e-05      4.748e-06      1.044e+01      1.871e-02      2.662e-06   
      381            395         9.723e-03      2.285e-08      1.110e-05      2.599e-05      6.642e-06      1.044e+01      1.830e-02      2.599e-06   
      382            396         9.723e-03      1.236e-07      1.272e-03      6.856e-05      6.644e-06      1.044e+01      1.830e-02      2.599e-06   
      383            397         9.723e-03     -2.347e-08      1.766e-05      4.679e-05      5.021e-06      1.044e+01      1.833e-02      4.679e-06   
      384            398         9.723e-03      1.628e-08      8.427e-05      4.555e-05      5.316e-06      1.044e+01      1.833e-02      4.679e-06   
      385            399         9.723e-03      5.104e-08      2.630e-05      7.392e-05      1.497e-05      1.044e+01      1.846e-02      7.392e-06   
      386            400         9.723e-03     -8.046e-08      3.754e-05      8.650e-05      3.725e-06      1.044e+01      1.862e-02      8.650e-06   
      387            401         9.723e-03      1.976e-08      1.701e-04      8.165e-05      2.782e-06      1.044e+01      1.862e-02      8.650e-06   
      388            402         9.723e-03      4.107e-08      3.104e-04      7.164e-05      5.036e-06      1.044e+01      1.862e-02      8.650e-06   
  [mem] RSS 9.39 GB  peak 9.39 GB
      389            403         9.722e-03      9.408e-08      4.330e-05      1.230e-04      2.419e-05      1.044e+01      1.916e-02      1.230e-05   
      390            404         9.722e-03      6.907e-09      1.447e-03      8.020e-05      1.108e-05      1.044e+01      2.026e-02      8.020e-06   
      391            405         9.722e-03     -5.670e-08      9.614e-04      4.180e-05      1.008e-05      1.044e+01      2.026e-02      8.020e-06   
      392            406         9.723e-03     -4.308e-08      8.262e-04      5.014e-05      9.482e-06      1.044e+01      2.121e-02      5.014e-06   
      393            407         9.722e-03      5.680e-08      2.487e-05      9.043e-05      9.469e-06      1.044e+01      2.216e-02      9.043e-06   
      394            408         9.723e-03     -7.287e-08      4.492e-05      7.604e-05      9.335e-06      1.044e+01      2.216e-02      9.043e-06   
      395            409         9.723e-03      2.417e-09      1.031e-04      1.656e-04      8.822e-06      1.044e+01      2.304e-02      1.656e-05   
      396            410         9.723e-03     -1.088e-09      7.462e-05      1.588e-04      7.844e-06      1.044e+01      2.304e-02      1.656e-05   
      397            411         9.723e-03     -1.065e-09      7.251e-05      1.526e-04      6.958e-06      1.044e+01      2.304e-02      1.656e-05   
      398            412         9.722e-03      1.284e-07      5.962e-05      5.565e-05      2.782e-05      1.044e+01      2.304e-02      1.656e-05   
      399            413         9.722e-03     -2.643e-09      3.779e-05      5.465e-05      2.774e-05      1.044e+01      2.304e-02      1.656e-05   
  [it  400] bn 1.2351e-02  L 1.000  kappa 0.360  convex 0.027  d_cc 1.412  d_pc 1.348  -> FAILS L
      400            414         9.722e-03     -6.835e-08      3.596e-05      5.891e-05      6.364e-06      1.044e+01      2.304e-02      1.656e-05   
  [mem] RSS 9.44 GB  peak 9.44 GB
Warning: Maximum number of iterations has been exceeded.
         Current function value: 9.722e-03
         Constraint violation: 6.364e-06
         Total delta_x: 8.346e+00
         Iterations: 400
         Function evaluations: 414
         Jacobian evaluations: 400
Timer: Solution time = 22.3 min
Timer: Avg time per step = 3.34 sec
==============================================================================================================
                                                                 Start  -->   End
Total (sum of squares):                                      3.591e-01  -->   9.722e-03, 
Maximum absolute Boundary normal field error:                6.292e+00  -->   1.309e+00 (T m^2)
Minimum absolute Boundary normal field error:                6.895e-04  -->   1.862e-04 (T m^2)
Average absolute Boundary normal field error:                1.992e+00  -->   3.199e-01 (T m^2)
Maximum absolute Boundary normal field error:                5.576e-02  -->   1.160e-02 (normalized)
Minimum absolute Boundary normal field error:                6.111e-06  -->   1.650e-06 (normalized)
Average absolute Boundary normal field error:                1.765e-02  -->   2.835e-03 (normalized)
Maximum Coil length:                                         2.789e+01  -->   2.800e+01 (m)
Minimum Coil length:                                         2.783e+01  -->   2.800e+01 (m)
Average Coil length:                                         2.785e+01  -->   2.800e+01 (m)
Maximum Coil length:                                         6.293e+00  -->   6.318e+00 (normalized)
Minimum Coil length:                                         6.280e+00  -->   6.318e+00 (normalized)
Average Coil length:                                         6.283e+00  -->   6.318e+00 (normalized)
Maximum Coil curvature:                                      2.472e-01  -->   5.392e-01 (m^-1)
Minimum Coil curvature:                                      2.089e-01  -->   1.371e-06 (m^-1)
Average Coil curvature:                                      2.259e-01  -->   2.390e-01 (m^-1)
Maximum Coil curvature:                                      1.096e+00  -->   2.390e+00 (normalized)
Minimum Coil curvature:                                      9.257e-01  -->   6.075e-06 (normalized)
Average Coil curvature:                                      1.001e+00  -->   1.059e+00 (normalized)
Maximum Signed in-plane curvature:                           2.472e-01  -->   5.392e-01 (m^-1)
Minimum Signed in-plane curvature:                           2.089e-01  -->  -6.879e-05 (m^-1)
Average Signed in-plane curvature:                           2.259e-01  -->   2.390e-01 (m^-1)
Maximum Signed in-plane curvature:                           1.096e+00  -->   2.390e+00 (normalized)
Minimum Signed in-plane curvature:                           9.257e-01  -->  -3.049e-04 (normalized)
Average Signed in-plane curvature:                           1.001e+00  -->   1.059e+00 (normalized)
Maximum Coil-coil distance penalty:                          0.000e+00  -->   0.000e+00 (dimensionless)
Minimum Coil-coil distance penalty:                          0.000e+00  -->   0.000e+00 (dimensionless)
Average Coil-coil distance penalty:                          0.000e+00  -->   0.000e+00 (dimensionless)
Maximum Plasma-coil distance penalty:                        0.000e+00  -->   0.000e+00 (dimensionless)
Minimum Plasma-coil distance penalty:                        0.000e+00  -->   0.000e+00 (dimensionless)
Average Plasma-coil distance penalty:                        0.000e+00  -->   0.000e+00 (dimensionless)
Summed coil current error:                                   0.000e+00  -->   0.000e+00 (A)
==============================================================================================================


SOLVER {'wall_s': 1444.5183579921722, 'message': 'Maximum number of iterations has been exceeded.', 'nit': 400, 'n_outer': 93, 'constr_violation': 6.364253373904054e-06, 'y_absmax_final': 0.023040140303793113}
START  bn 7.7116e-02  L 0.996  kappa 0.165  convex 0.000  d_cc 1.135  d_pc 1.115  -> FEASIBLE
RESULT bn 1.2351e-02  L 1.000  kappa 0.360  convex 0.027  d_cc 1.412  d_pc 1.348  linked 0  -> FAILS L  active ['L']
wrote work/helios/arc16/cold_L28_d10/free/result.h5, result.json, result.png
