Running as unit: run-p210632-i211283.scope; invocation ID: 4baa01f25c124490ace30f84145b92ab
E0916 20:55:04.305194  210722 cuda_executor.cc:1743] Could not get kernel mode driver version: ( INVALID_ARGUMENT: Version does not match the format X.Y.Z )
E0916 20:55:04.317212  210632 cuda_executor.cc:1743] Could not get kernel mode driver version: ( INVALID_ARGUMENT: Version does not match the format X.Y.Z )
DEVICE requested=gpu obtained=gpu (1x NVIDIA GeForce RTX 5070 Laptop GPU)
  [mem] RSS 0.83 GB  peak 0.83 GB
/home/singh/Documents/DESC2/coil_sandbox/vendor/desc/utils.py:590: UserWarning: Unequal number of field periods for grid 1 and basis 2.
  warnings.warn(msg, err)
/home/singh/Documents/DESC2/coil_sandbox/vendor/desc/utils.py:590: UserWarning: Unequal number of field periods for grid 1 and basis 2.
  warnings.warn(msg, err)
eq sample_equilibria/helios_repro.h5 (h5) NFP 2 sym True; start work/helios/scan_polar/cut90/legB/result.h5: 3 unique coils, arc=True, expect 12 coils; source grid gl (48 nodes/coil); mode stage2; plasma field included (virtual casing)
SETTINGS {'eq': 'sample_equilibria/helios_repro.h5', 'start': 'work/helios/scan_polar/cut90/legB/result.h5', 'out': 'work/helios/scan_polar/cut90/legC', 'mode': 'stage2', 'length_mult': 1.0, 'margin': 0.0, 'fix_hinges': False, 'anchor_weight': 0.001, 'margin_skip': '', 'a': None, 'bounds': 'bounds/helios_kruger2026.json', 'device': None, 'vacuum': False, 'maxiter': 150, 'check_every': 25, 'ckpt_every': 25, 'diag_log': 'diag.jsonl', 'dcc_backoff': 0.025, 'dpc_backoff': 0.02, 'no_arc_backoffs': False, 'convex_form': 'signed', 'convex_kmin': 0.0, 'convex_backoff': 0.5, 'coil_grid_n': 150, 'eval_m': 25, 'eval_n': 25, 'plasma_m': 64, 'plasma_n': 64, 'src_gl': 24, 'src_n': 400, 'vc_m': None, 'vc_n': None, 'vc_chunk': 64, 'dcc_k': 20000, 'dpc_k': 20000, 'no_signed': False, 'dcc_neighbors': None, 'dcc_chunk': 4, 'dpc_chunk': 1, 'qf_chunk': 25, 'no_second_order': False, 'so_chunk': 16, 'so_rtol': 0.05, 'max_tr': 0.5, 'max_inner_iter': 100, 'ctol': 0.0001}
BOUNDS (judged, absolute, a=1.77186) L 36  kappa 1.5  kms -  convex 0.001  dcc 1.2  dpc 1.2
ENFORCED L 36  kappa 1.492  kms -  convex 0.0005  dcc 1.245  dpc 1.224  (convexity: signed, kappa_s >= 0.0)
  [mem] RSS 2.92 GB  peak 2.92 GB
START  bn 1.2502e-02  L 1.000  kappa 0.296  convex 1.786  d_cc 1.029  d_pc 1.288  linked 0  coils 12  -> FAILS L,convex
Building objective: Quadratic flux
Precomputing transforms
/home/singh/Documents/DESC2/coil_sandbox/vendor/desc/utils.py:590: UserWarning: Could not build fft interpolator, switching to dft which is slow.
Reason: Got False for eval_grid.can_fft2.
  warnings.warn(msg, err)
  [mem] RSS 7.45 GB  peak 7.45 GB
  [mem] RSS 7.65 GB  peak 7.65 GB
Timer: Precomputing transforms = 1.26 min
Timer: Objective build = 1.27 min
Building objective: summed coil current
Building objective: fixed shift
Building objective: fixed rotation
Building objective: fixed arc reference
Timer: Objective build = 541 ms
Timer: Objective build = 2.27 ms
  [mem] RSS 4.62 GB  peak 7.76 GB
Timer: LinearConstraintProjection build = 2.35 sec
Timer: LinearConstraintProjection build = 109 ms
Number of parameters: 56
Number of objectives: 1326
Number of equality constraints: 0
Number of inequality constraints: 1845
Timer: Initializing the optimization = 1.34 min

Starting optimization
Using method: lsq-auglag
  [mem] RSS 5.38 GB  peak 7.76 GB
second_order: compiling constraint Hessian for blocks CoilLength, CoilSignedCurvature, CoilSetDistancePenalty
  [mem] RSS 5.86 GB  peak 7.76 GB
E0916 20:58:16.107129  210730 cuda_timer.cc:87] Delay kernel timed out: measured time has sub-optimal accuracy. There may be a missing warmup execution, please investigate in Nsight Systems.
E0916 20:58:16.855677  210731 cuda_timer.cc:87] Delay kernel timed out: measured time has sub-optimal accuracy. There may be a missing warmup execution, please investigate in Nsight Systems.
  [mem] RSS 6.59 GB  peak 7.76 GB
Solver options:
------------------------------------------------------------
Maximum Function Evaluations       : 751
Maximum Allowed Total Δx Norm      : inf
Scaled Termination                 : True
Trust Region Method                : svd
Initial Trust Radius               : 1.289e-01
Maximum Trust Radius               : 5.000e-01
Minimum Trust Radius               : 2.220e-16
Trust Radius Increase Ratio        : 4.000e+00
Trust Radius Decrease Ratio        : 2.500e-01
Trust Radius Increase Threshold    : 7.500e-01
Trust Radius Decrease Threshold    : 5.000e-01
Alpha Omega                        : 1.000e+00
Beta Omega                         : 1.000e+00
Alpha Eta                          : 1.000e-01
Beta Eta                           : 9.000e-01
Omega                              : 5.651e-04
Eta                                : 3.225e-04
Tau                                : 1.000e+01
------------------------------------------------------------ 

   Iteration     Total nfev        Cost      Cost reduction    Step norm     Optimality    Constr viol.   Penalty param  max(|mltplr|)      gtolk     
       0              1          9.863e-03                                    5.651e-04      3.225e-04      1.000e+01      0.000e+00      5.651e-05   
       1              2          9.862e-03      6.677e-07      3.559e-04      1.366e-04      3.226e-04      1.000e+01      0.000e+00      5.651e-05   
second_order: compiling constraint Hessian for blocks CoilLength, CoilCurvature, CoilSignedCurvature, CoilSetDistancePenalty
  [mem] RSS 6.70 GB  peak 7.76 GB
  [mem] RSS 7.42 GB  peak 7.76 GB
       2              3          9.854e-03      8.223e-06      1.177e-01      1.331e-03      5.553e-04      1.000e+01      0.000e+00      5.651e-05   
  [mem] RSS 7.48 GB  peak 7.76 GB
       3              4          9.851e-03      3.579e-06      6.905e-02      1.013e-03      4.567e-04      1.000e+01      0.000e+00      5.651e-05   
       4              5          9.847e-03      3.893e-06      8.778e-02      9.475e-04      4.367e-04      1.000e+01      0.000e+00      5.651e-05   
       5              6          9.845e-03      2.042e-06      5.712e-02      6.911e-04      3.578e-04      1.000e+01      0.000e+00      5.651e-05   
       6              7          9.844e-03      9.592e-07      3.249e-02      5.434e-04      3.365e-04      1.000e+01      0.000e+00      5.651e-05   
       7              8          9.842e-03      1.391e-06      5.295e-02      4.953e-04      3.375e-04      1.000e+01      0.000e+00      5.651e-05   
       8              9          9.842e-03      6.578e-07      3.533e-02      3.539e-04      3.352e-04      1.000e+01      0.000e+00      5.651e-05   
       9             10          9.841e-03      3.635e-07      2.323e-02      2.670e-04      3.337e-04      1.000e+01      0.000e+00      5.651e-05   
      10             11          9.841e-03     -1.311e-07      1.131e-04      7.335e-05      3.338e-04      1.000e+01      0.000e+00      5.651e-05   
      11             12          9.841e-03      2.403e-08      4.360e-05      1.978e-03      3.338e-04      1.015e+01      2.503e-03      1.978e-04   
      12             13          9.842e-03     -9.540e-07      1.047e-02      1.546e-03      2.763e-04      1.015e+01      2.503e-03      1.978e-04   
      13             14          9.843e-03     -7.032e-07      8.977e-03      1.224e-03      2.331e-04      1.015e+01      2.503e-03      1.978e-04   
      14             15          9.844e-03     -7.733e-07      1.212e-02      8.656e-04      1.845e-04      1.015e+01      2.503e-03      1.978e-04   
      15             16          9.844e-03     -3.185e-07      6.230e-03      7.245e-04      1.651e-04      1.015e+01      2.503e-03      1.978e-04   
  [mem] RSS 7.48 GB  peak 7.76 GB
      16             17          9.845e-03     -9.930e-07      2.221e-02      2.876e-04      1.214e-04      1.015e+01      2.503e-03      1.978e-04   
      17             18          9.846e-03     -6.047e-07      2.499e-02      4.727e-04      1.173e-04      1.015e+01      6.748e-03      4.727e-05   
      18             19          9.847e-03     -8.904e-07      1.522e-02      9.370e-05      8.824e-05      1.015e+01      6.748e-03      4.727e-05   
      19             20          9.847e-03     -1.953e-07      1.203e-02      1.373e-04      7.981e-05      1.015e+01      7.620e-03      1.373e-05   
      20             21          9.847e-03     -2.296e-07      7.702e-03      1.566e-05      6.441e-05      1.015e+01      7.620e-03      1.373e-05   
      21             22          9.847e-03     -2.651e-08      2.630e-03      1.684e-04      6.223e-05      1.015e+01      8.286e-03      1.684e-05   
      22             23          9.847e-03     -1.323e-07      2.954e-03      3.384e-05      5.401e-05      1.015e+01      8.286e-03      1.684e-05   
      23             24          9.847e-03     -3.421e-08      2.235e-03      9.044e-05      5.041e-05      1.015e+01      8.504e-03      9.044e-06   
      24             25          9.847e-03     -5.496e-08      1.809e-03      2.245e-05      4.276e-05      1.015e+01      8.505e-03      2.245e-06   
  [it   25] bn 1.2495e-02  L 1.000  kappa 0.301  convex 0.004  d_cc 1.030  d_pc 1.298  -> FAILS L
      25             26          9.847e-03     -1.178e-08      6.664e-04      1.311e-05      4.038e-05      1.015e+01      8.505e-03      2.245e-06   
      26             27          9.847e-03     -1.120e-08      7.531e-04      4.870e-06      3.822e-05      1.015e+01      8.505e-03      2.245e-06   
      27             28          9.847e-03     -7.772e-09      9.406e-04      1.654e-05      3.675e-05      1.015e+01      8.483e-03      1.654e-06   
  [mem] RSS 7.49 GB  peak 7.76 GB
      28             29          9.847e-03     -4.417e-09      1.736e-04      1.280e-05      3.591e-05      1.015e+01      8.483e-03      1.654e-06   
      29             30          9.847e-03     -1.568e-08      7.050e-04      1.428e-05      3.296e-05      1.015e+01      8.480e-03      1.428e-06   
      30             31          9.847e-03     -1.718e-08      5.746e-04      1.265e-05      3.005e-05      1.015e+01      8.480e-03      1.265e-06   
      31             32          9.847e-03     -9.100e-09      2.924e-04      4.972e-06      2.859e-05      1.015e+01      8.480e-03      1.265e-06   
      32             33          9.847e-03     -4.489e-09      2.540e-04      1.334e-06      2.788e-05      1.015e+01      8.480e-03      1.265e-06   
      33             34          9.847e-03     -1.699e-09      2.099e-04      1.133e-05      2.762e-05      1.015e+01      8.480e-03      1.133e-06   
      34             35          9.847e-03     -6.654e-09      1.600e-04      5.507e-06      2.660e-05      1.015e+01      8.480e-03      1.133e-06   
      35             36          9.847e-03     -6.509e-09      2.292e-04      9.862e-06      2.560e-05      1.015e+01      8.479e-03      9.862e-07   
      36             37          9.847e-03     -5.703e-09      1.286e-04      4.764e-06      2.476e-05      1.015e+01      8.479e-03      9.862e-07   
      37             38          9.847e-03     -4.888e-09      1.639e-04      9.540e-06      2.405e-05      1.015e+01      8.479e-03      9.540e-07   
      38             39          9.847e-03     -3.683e-10      1.570e-05      9.029e-06      2.349e-05      1.015e+01      8.491e-03      9.029e-07   
      39             40          9.847e-03     -8.250e-09      5.975e-06      2.415e-05      2.338e-05      1.015e+01      8.498e-03      2.415e-06   
      40             41          9.847e-03     -3.460e-09      7.634e-05      2.017e-05      2.283e-05      1.015e+01      8.498e-03      2.415e-06   
  [mem] RSS 7.49 GB  peak 7.76 GB
      41             42          9.847e-03      7.285e-09      1.001e-05      1.725e-05      2.260e-05      1.015e+01      8.499e-03      1.725e-06   
      42             43          9.847e-03     -1.331e-08      1.787e-04      1.103e-05      2.135e-05      1.015e+01      8.499e-03      1.725e-06   
      43             44          9.847e-03     -9.536e-09      6.780e-06      2.608e-05      2.121e-05      1.015e+01      8.494e-03      2.608e-06   
      44             45          9.847e-03     -8.064e-09      2.553e-04      1.219e-05      1.958e-05      1.015e+01      8.494e-03      2.608e-06   
      45             46          9.847e-03     -4.564e-09      2.125e-04      4.354e-06      1.868e-05      1.015e+01      8.494e-03      2.608e-06   
      46             47          9.847e-03     -2.043e-09      1.793e-04      6.388e-06      1.830e-05      1.015e+01      8.479e-03      6.388e-07   
      47             48          9.847e-03     -4.280e-09      5.029e-06      1.289e-05      1.815e-05      1.015e+01      8.476e-03      1.289e-06   
      48             49          9.847e-03      6.069e-09      6.967e-06      1.245e-05      1.801e-05      1.015e+01      8.474e-03      1.245e-06   
      49             50          9.847e-03     -9.422e-09      1.472e-04      7.008e-06      1.720e-05      1.015e+01      8.474e-03      1.245e-06   
  [it   50] bn 1.2495e-02  L 1.000  kappa 0.301  convex 0.004  d_cc 1.032  d_pc 1.298  -> FAILS L
      50             51          9.847e-03     -1.770e-09      3.941e-05      5.890e-06      1.703e-05      1.015e+01      8.474e-03      1.245e-06   
      51             52          9.847e-03     -5.592e-09      3.323e-06      1.416e-05      1.697e-05      1.015e+01      8.566e-03      1.416e-06   
      52             53          9.847e-03     -1.619e-09      8.739e-05      9.969e-06      1.654e-05      1.015e+01      8.566e-03      1.416e-06   
  [mem] RSS 7.49 GB  peak 7.76 GB
      53             54          9.847e-03     -3.826e-09      2.451e-04      4.552e-06      1.556e-05      1.015e+01      8.722e-03      4.552e-07   
      54             55          9.847e-03     -9.547e-10      2.305e-05      3.926e-06      1.549e-05      1.015e+01      8.722e-03      4.552e-07   
      55             56          9.847e-03     -2.870e-09      2.790e-06      7.598e-06      1.541e-05      1.015e+01      8.876e-03      7.598e-07   
      56             57          9.847e-03     -1.604e-09      4.917e-05      5.764e-06      1.521e-05      1.015e+01      8.876e-03      7.598e-07   
      57             58          9.847e-03      3.108e-09      3.723e-06      8.074e-06      1.514e-05      1.015e+01      9.027e-03      8.074e-07   
      58             59          9.847e-03     -6.863e-09      4.203e-06      1.210e-05      1.506e-05      1.015e+01      9.178e-03      1.210e-06   
      59             60          9.847e-03     -1.111e-09      2.685e-05      1.091e-05      1.492e-05      1.015e+01      9.178e-03      1.210e-06   
      60             61          9.847e-03     -1.309e-09      3.290e-05      9.507e-06      1.476e-05      1.015e+01      9.178e-03      1.210e-06   
      61             62          9.847e-03     -1.289e-09      3.327e-05      8.165e-06      1.461e-05      1.015e+01      9.178e-03      1.210e-06   
      62             63          9.847e-03      4.374e-09      5.290e-06      1.020e-05      1.453e-05      1.015e+01      9.323e-03      1.020e-06   
      63             64          9.847e-03     -7.928e-09      5.096e-06      1.299e-05      1.444e-05      1.015e+01      9.468e-03      1.299e-06   
      64             65          9.847e-03      6.967e-09      8.747e-06      1.488e-05      1.430e-05      1.015e+01      9.611e-03      1.488e-06   
      65             66          9.847e-03     -1.068e-08      7.201e-06      1.648e-05      1.417e-05      1.015e+01      9.752e-03      1.648e-06   
      66             67          9.847e-03      9.013e-09      1.124e-05      1.839e-05      1.402e-05      1.015e+01      9.893e-03      1.839e-06   
  [mem] RSS 7.49 GB  peak 7.76 GB
      67             68          9.847e-03     -1.245e-08      8.792e-06      1.886e-05      1.387e-05      1.015e+01      1.003e-02      1.886e-06   
      68             69          9.847e-03     -3.839e-09      1.139e-04      1.440e-05      1.333e-05      1.015e+01      1.003e-02      1.886e-06   
      69             70          9.847e-03     -1.836e-09      5.694e-05      1.233e-05      1.308e-05      1.015e+01      1.003e-02      1.886e-06   
      70             71          9.847e-03      6.605e-09      8.531e-06      1.588e-05      1.297e-05      1.015e+01      1.016e-02      1.588e-06   
      71             72          9.847e-03     -6.482e-09      1.046e-04      1.162e-05      1.253e-05      1.015e+01      1.016e-02      1.588e-06   
      72             73          9.847e-03     -6.919e-09      5.291e-06      1.178e-05      1.246e-05      1.015e+01      1.029e-02      1.178e-06   
      73             74          9.847e-03      6.322e-09      8.413e-06      1.403e-05      1.234e-05      1.015e+01      1.041e-02      1.403e-06   
      74             75          9.847e-03     -8.664e-09      6.896e-06      1.484e-05      1.223e-05      1.015e+01      1.053e-02      1.484e-06   
  [it   75] bn 1.2495e-02  L 1.000  kappa 0.301  convex 0.005  d_cc 1.032  d_pc 1.298  -> FAILS L
      75             76          9.847e-03      7.751e-09      1.019e-05      1.663e-05      1.211e-05      1.015e+01      1.065e-02      1.663e-06   
      76             77          9.847e-03     -1.023e-08      7.988e-06      1.681e-05      1.199e-05      1.015e+01      1.077e-02      1.681e-06   
      77             78          9.847e-03      8.290e-09      1.151e-05      1.884e-05      1.186e-05      1.015e+01      1.089e-02      1.884e-06   
      78             79          9.847e-03     -7.406e-09      1.396e-04      1.355e-05      1.132e-05      1.015e+01      1.089e-02      1.884e-06   
      79             80          9.847e-03     -1.366e-08      2.924e-04      3.870e-06      1.037e-05      1.015e+01      1.089e-02      1.884e-06   
  [mem] RSS 7.50 GB  peak 7.76 GB
      80             81          9.848e-03     -1.936e-09      9.640e-05      2.506e-06      1.024e-05      1.015e+01      1.089e-02      1.884e-06   
      81             82          9.848e-03     -1.182e-09      7.401e-05      4.671e-06      1.016e-05      1.015e+01      1.099e-02      4.671e-07   
      82             83          9.847e-03      3.525e-09      3.607e-06      4.134e-06      1.010e-05      1.015e+01      1.109e-02      4.134e-07   
      83             84          9.848e-03     -4.319e-09      2.948e-06      8.608e-06      1.005e-05      1.015e+01      1.119e-02      8.608e-07   
      84             85          9.847e-03      5.584e-09      4.769e-06      6.554e-06      9.997e-06      1.015e+01      1.129e-02      6.554e-07   
      85             86          9.848e-03     -6.605e-09      3.812e-06      1.012e-05      9.940e-06      1.015e+01      1.139e-02      1.012e-06   
      86             87          9.847e-03      5.954e-09      6.061e-06      9.582e-06      9.869e-06      1.015e+01      1.149e-02      9.582e-07   
      87             88          9.848e-03     -8.320e-09      4.741e-06      1.146e-05      9.809e-06      1.015e+01      1.159e-02      1.146e-06   
      88             89          9.848e-03     -1.783e-09      3.208e-05      1.035e-05      9.717e-06      1.015e+01      1.159e-02      1.146e-06   
      89             90          9.848e-03      6.049e-09      6.529e-06      1.065e-05      9.644e-06      1.015e+01      1.169e-02      1.065e-06   
      90             91          9.848e-03     -8.289e-09      5.056e-06      1.145e-05      9.582e-06      1.015e+01      1.178e-02      1.145e-06   
      91             92          9.848e-03      6.643e-09      7.505e-06      1.205e-05      9.501e-06      1.015e+01      1.188e-02      1.205e-06   
      92             93          9.848e-03     -8.816e-09      5.683e-06      1.226e-05      9.431e-06      1.015e+01      1.197e-02      1.226e-06   
      93             94          9.848e-03      7.083e-09      8.257e-06      1.324e-05      9.347e-06      1.015e+01      1.207e-02      1.324e-06   
      94             95          9.848e-03     -9.230e-09      6.195e-06      1.312e-05      9.273e-06      1.015e+01      1.216e-02      1.312e-06   
  [mem] RSS 7.50 GB  peak 7.76 GB
      95             96          9.848e-03      7.351e-09      8.850e-06      1.429e-05      9.188e-06      1.015e+01      1.225e-02      1.429e-06   
      96             97          9.848e-03     -9.550e-09      6.621e-06      1.407e-05      9.113e-06      1.015e+01      1.234e-02      1.407e-06   
      97             98          9.848e-03     -9.394e-09      2.203e-04      7.267e-06      8.511e-06      1.015e+01      1.234e-02      1.407e-06   
      98             99          9.848e-03     -1.389e-09      4.250e-05      6.311e-06      8.428e-06      1.015e+01      1.234e-02      1.407e-06   
      99             100         9.848e-03      3.398e-09      4.151e-06      8.864e-06      8.393e-06      1.015e+01      1.242e-02      8.864e-07   
  [it  100] bn 1.2495e-02  L 1.000  kappa 0.301  convex 0.005  d_cc 1.032  d_pc 1.298  -> FAILS L
      100            101         9.848e-03     -1.147e-09      3.844e-05      7.766e-06      8.318e-06      1.015e+01      1.242e-02      8.864e-07   
      101            102         9.848e-03     -4.297e-09      1.554e-04      3.644e-06      8.037e-06      1.015e+01      1.242e-02      8.864e-07   
      102            103         9.848e-03     -2.064e-09      1.662e-06      4.409e-06      8.021e-06      1.015e+01      1.250e-02      4.409e-07   
      103            104         9.848e-03      5.978e-10      3.647e-05      6.615e-06      7.969e-06      1.015e+01      1.258e-02      6.615e-07   
      104            105         9.848e-03      4.910e-09      5.026e-06      9.433e-06      7.914e-06      1.015e+01      1.266e-02      9.433e-07   
      105            106         9.848e-03     -6.803e-09      4.581e-06      7.277e-06      7.882e-06      1.015e+01      1.274e-02      7.277e-07   
      106            107         9.848e-03      5.190e-09      5.320e-06      8.068e-06      7.833e-06      1.015e+01      1.282e-02      8.068e-07   
      107            108         9.848e-03     -6.211e-09      4.153e-06      8.498e-06      7.791e-06      1.015e+01      1.290e-02      8.498e-07   
      108            109         9.848e-03      8.135e-10      1.227e-05      1.244e-05      7.767e-06      1.015e+01      1.298e-02      1.244e-06   
  [mem] RSS 7.51 GB  peak 7.76 GB
      109            110         9.848e-03      7.581e-09      7.268e-06      1.225e-05      7.716e-06      1.015e+01      1.305e-02      1.225e-06   
      110            111         9.848e-03      3.478e-10      1.234e-05      1.946e-05      7.689e-06      1.015e+01      1.313e-02      1.946e-06   
      111            112         9.848e-03      2.755e-10      3.818e-05      2.268e-05      7.601e-06      1.015e+01      1.321e-02      2.268e-06   
      112            113         9.848e-03     -1.464e-08      9.853e-06      1.853e-05      7.556e-06      1.015e+01      1.328e-02      1.853e-06   
      113            114         9.848e-03      1.116e-08      1.008e-05      9.372e-06      7.497e-06      1.015e+01      1.336e-02      9.372e-07   
      114            115         9.848e-03      2.933e-09      1.869e-04      3.646e-06      7.059e-06      1.015e+01      1.336e-02      9.372e-07   
Augmented Lagrangian subproblems stalled at a feasible point: `ctol` is satisfied and no further progress is available at this precision, but `gtol` was not reached.
         Current function value: 9.848e-03
         Constraint violation: 7.059e-06
         Total delta_x: 5.705e-01
         Iterations: 114
         Function evaluations: 115
         Jacobian evaluations: 114
Timer: Solution time = 7.20 min
Timer: Avg time per step = 3.76 sec
==============================================================================================================
                                                                 Start  -->   End
Total (sum of squares):                                      9.863e-03  -->   9.848e-03, 
Maximum absolute Boundary normal field error:                1.200e+00  -->   1.228e+00 (T m^2)
Minimum absolute Boundary normal field error:                3.258e-05  -->   6.112e-04 (T m^2)
Average absolute Boundary normal field error:                3.169e-01  -->   3.164e-01 (T m^2)
Maximum absolute Boundary normal field error:                1.063e-02  -->   1.088e-02 (normalized)
Minimum absolute Boundary normal field error:                2.887e-07  -->   5.416e-06 (normalized)
Average absolute Boundary normal field error:                2.808e-03  -->   2.804e-03 (normalized)
Maximum Coil length:                                         3.600e+01  -->   3.600e+01 (m)
Minimum Coil length:                                         3.600e+01  -->   3.600e+01 (m)
Average Coil length:                                         3.600e+01  -->   3.600e+01 (m)
Maximum Coil length:                                         6.284e+00  -->   6.284e+00 (normalized)
Minimum Coil length:                                         6.284e+00  -->   6.284e+00 (normalized)
Average Coil length:                                         6.284e+00  -->   6.284e+00 (normalized)
Maximum Coil curvature:                                      4.437e-01  -->   4.519e-01 (m^-1)
Minimum Coil curvature:                                      4.911e-05  -->   2.436e-07 (m^-1)
Average Coil curvature:                                      1.940e-01  -->   1.918e-01 (m^-1)
Maximum Coil curvature:                                      2.542e+00  -->   2.589e+00 (normalized)
Minimum Coil curvature:                                      2.814e-04  -->   1.396e-06 (normalized)
Average Coil curvature:                                      1.112e+00  -->   1.099e+00 (normalized)
Maximum Signed in-plane curvature:                           4.437e-01  -->   4.519e-01 (m^-1)
Minimum Signed in-plane curvature:                          -2.697e-03  -->  -1.333e-05 (m^-1)
Average Signed in-plane curvature:                           1.940e-01  -->   1.918e-01 (m^-1)
Maximum Signed in-plane curvature:                           2.542e+00  -->   2.589e+00 (normalized)
Minimum Signed in-plane curvature:                          -1.545e-02  -->  -7.638e-05 (normalized)
Average Signed in-plane curvature:                           1.112e+00  -->   1.099e+00 (normalized)
Maximum Coil-coil distance penalty:                          7.409e-05  -->   7.059e-06 (dimensionless)
Minimum Coil-coil distance penalty:                          0.000e+00  -->   0.000e+00 (dimensionless)
Average Coil-coil distance penalty:                          2.470e-06  -->   2.353e-07 (dimensionless)
Maximum Plasma-coil distance penalty:                        0.000e+00  -->   0.000e+00 (dimensionless)
Minimum Plasma-coil distance penalty:                        0.000e+00  -->   0.000e+00 (dimensionless)
Average Plasma-coil distance penalty:                        0.000e+00  -->   0.000e+00 (dimensionless)
Summed coil current error:                                   0.000e+00  -->   7.451e-09 (A)
==============================================================================================================


SOLVER {'wall_s': 525.3589081764221, 'message': 'Augmented Lagrangian subproblems stalled at a feasible point: `ctol` is satisfied and no further progress is available at this precision, but `gtol` was not reached.', 'nit': 114, 'n_outer': 65, 'constr_violation': 7.058615303058679e-06, 'y_absmax_final': 0.0133571387404038}
START  bn 1.2502e-02  L 1.000  kappa 0.296  convex 1.786  d_cc 1.029  d_pc 1.288  -> FAILS L,convex
RESULT bn 1.2495e-02  L 1.000  kappa 0.301  convex 0.006  d_cc 1.032  d_pc 1.298  linked 0  -> FAILS L  active ['L']
wrote work/helios/scan_polar/cut90/legC/result.h5, result.json, result.png
  [mem] RSS 7.53 GB  peak 7.76 GB
