Running as unit: run-p1332666-i1334738.scope; invocation ID: c9b80f1da0e148db9566bf58b9c523ab
E0923 16:31:14.792987 1333142 cuda_executor.cc:1743] Could not get kernel mode driver version: ( INVALID_ARGUMENT: Version does not match the format X.Y.Z )
E0923 16:31:14.804628 1333055 cuda_executor.cc:1743] Could not get kernel mode driver version: ( INVALID_ARGUMENT: Version does not match the format X.Y.Z )
DEVICE requested=gpu obtained=gpu (1x NVIDIA GeForce RTX 5070 Laptop GPU)
equilibrium L8 M8 N8 NFP2  dim_x=1462
eps_1 normal: LIVE (exact, rotation-invariant)
/home/singh/Documents/DESC2/coil_sandbox/vendor/desc/utils.py:590: UserWarning: Unequal number of field periods for grid 1 and basis 2.
  warnings.warn(msg, err)
/home/singh/Documents/DESC2/coil_sandbox/vendor/desc/utils.py:590: UserWarning: Unequal number of field periods for grid 1 and basis 2.
  warnings.warn(msg, err)
E0923 16:31:23.006607 1333161 xtile_compiler.cc:399] Fusion: input_reduce_fusion = f64[8,360]{1,0} fusion(a.1, b.1), kind=kCustom, calls=fused_reduce.clone, backend_config={"operation_queue_id":"0","wait_on_operation_queues":[],"fusion_backend_config":{"kind":"__triton","block_level_fusion_config":{"num_warps":"8","output_tiles":[{"sizes":["8","8"]}],"num_ctas":1,"num_stages":1,"is_tma_allowed":true,"is_warp_specialization_allowed":false}},"force_earliest_schedule":false,"reification_cost":[],"device_type":"DEVICE_TYPE_INVALID"}
E0923 16:31:23.006644 1333161 xtile_compiler.cc:401] Computation: fused_reduce.clone {
  param_0.4 = f64[8,360,144]{2,1,0} parameter(0)
  param_1.5 = f64[144]{0} parameter(1)
  broadcast.1.3 = f64[8,360,144]{2,1,0} broadcast(param_1.5), dimensions={2}
  multiply.1.3 = f64[8,360,144]{2,1,0} multiply(param_0.4, broadcast.1.3)
  constant_3 = f64[] constant(0)
  ROOT reduce.1.1 = f64[8,360]{1,0} reduce(multiply.1.3, constant_3), dimensions={2}, to_apply=scalar_add_computation
}
  clamshell: K=8 contours, worst frozen segment lambda_1/lambda_2 = 0.010
/home/singh/Documents/DESC2/coil_sandbox/vendor/desc/utils.py:590: FutureWarning: constants is deprecated and will be removed in a future release. Users should not include constants in the arguments of their objective compute methods. Instead declare all the constants in the build method and use as self._constants.
  warnings.warn(msg, err)
/home/singh/Documents/DESC2/coil_sandbox/vendor/desc/utils.py:590: UserWarning: Unequal number of field periods for grid 1 and basis 2.
  warnings.warn(msg, err)
/home/singh/Documents/DESC2/coil_sandbox/vendor/desc/utils.py:590: UserWarning: Unequal number of field periods for grid 1 and basis 2.
  warnings.warn(msg, err)
/home/singh/Documents/DESC2/coil_sandbox/vendor/desc/utils.py:590: FutureWarning: constants is deprecated and will be removed in a future release. Users should not include constants in the arguments of their objective compute methods. Instead declare all the constants in the build method and use as self._constants.
  warnings.warn(msg, err)
diagnostics: monotonic=True  dPhi/dzeta 6.105e+05..1.137e+06  I/G=-5.00e-18  newton_res=1.71e-16  gap_seg=0.0101
baseline C    mean 1.0077  range 0.8661-1.3723
baseline eps1 mean 0.0676  range 0.0462-0.0769
optimizing eps1: target = 0.60 x baseline (mean 0.0676 -> 0.0406)
objective residual at start = 1.000 (O(1) by construction)
baseline QS rms 5.1750e-04   iota 0.41970..0.42018
free boundary DOF: R 24 + Z 24 = 48
constraint handling: SOFT objective terms (2 bounded terms, residual 10 per bound-width of violation); constraints = force balance + linear fixes only
soft ForceBalance in the objective at weight 50
proximal re-solve: ftol=1e-06 xtol=1e-08 gtol=1e-10 maxiter=50
outer ftol = 1e-08
outer xtol = 1e-10
outer gtol = 1e-10
Building objective: clamshell eps1
/home/singh/Documents/DESC2/coil_sandbox/vendor/desc/utils.py:590: UserWarning: Unequal number of field periods for grid 1 and basis 2.
  warnings.warn(msg, err)
/home/singh/Documents/DESC2/coil_sandbox/vendor/desc/utils.py:590: UserWarning: Unequal number of field periods for grid 1 and basis 2.
  warnings.warn(msg, err)
  clamshell eps1: K=8 contours, worst frozen segment lambda_1/lambda_2 = 0.010
Building objective: aspect ratio
Precomputing transforms
Timer: Precomputing transforms = 609 ms
Building objective: Generic
Building objective: force (soft)
Precomputing transforms
Timer: Precomputing transforms = 877 ms
ObjectiveFunction deriv_mode : blocked
clamshell eps1 jac_chunk_size: None
aspect ratio jac_chunk_size: None
Generic jac_chunk_size: None
force (soft) jac_chunk_size: None
Timer: Objective build = 9.95 sec
Building objective: force
Precomputing transforms
Timer: Precomputing transforms = 47.7 ms
ObjectiveFunction deriv_mode : batched
ObjectiveFunction jac_chunk_size: 4382
Timer: Objective build = 54.2 ms
ObjectiveFunction deriv_mode : blocked
lcfs R jac_chunk_size: None
lcfs Z jac_chunk_size: None
fixed Psi jac_chunk_size: None
fixed pressure jac_chunk_size: None
fixed current jac_chunk_size: None
fixed sheet current jac_chunk_size: None
self_consistency R jac_chunk_size: None
self_consistency Z jac_chunk_size: None
lambda gauge jac_chunk_size: None
axis R self consistency jac_chunk_size: None
axis Z self consistency jac_chunk_size: None
Timer: Objective build = 1.39 ms
Timer: Eq Update LinearConstraintProjection build = 3.46 sec
Timer: Proximal projection build = 38.0 sec
Building objective: lcfs R
Building objective: lcfs Z
Building objective: fixed pressure
Building objective: fixed current
Building objective: fixed Psi
ObjectiveFunction deriv_mode : blocked
lcfs R jac_chunk_size: None
lcfs Z jac_chunk_size: None
fixed pressure jac_chunk_size: None
fixed current jac_chunk_size: None
fixed Psi jac_chunk_size: None
Timer: Objective build = 714 ms
Timer: LinearConstraintProjection build = 1.62 sec
Number of parameters: 48
Number of objectives: 5360
Timer: Initializing the optimization = 40.5 sec

Starting optimization
Using method: proximal-lsq-exact
/home/singh/Documents/DESC2/coil_sandbox/vendor/desc/utils.py:590: FutureWarning: constants is deprecated and will be removed in a future release. Users should not include constants in the arguments of their objective compute methods. Instead declare all the constants in the build method and use as self._constants.
  warnings.warn(msg, err)
E0923 16:32:33.318770 1333158 cuda_timer.cc:87] Delay kernel timed out: measured time has sub-optimal accuracy. There may be a missing warmup execution, please investigate in Nsight Systems.
Solver options:
------------------------------------------------------------
Maximum Function Evaluations       : 1501
Maximum Allowed Total Δx Norm      : inf
Scaled Termination                 : True
Trust Region Method                : qr
Initial Trust Radius               : 2.173e+00
Maximum Trust Radius               : inf
Minimum Trust Radius               : 2.220e-16
Trust Radius Increase Ratio        : 2.000e+00
Trust Radius Decrease Ratio        : 2.500e-01
Trust Radius Increase Threshold    : 7.500e-01
Trust Radius Decrease Threshold    : 2.500e-01
------------------------------------------------------------ 

   Iteration     Total nfev        Cost      Cost reduction    Step norm     Optimality   
       0              1          4.000e+00                                    2.698e+00   
       1              3          2.691e+00      1.309e+00      1.235e-02      2.064e+00   
       2              4          1.855e+00      8.360e-01      1.122e-02      1.587e+00   
       3              5          1.244e+00      6.107e-01      1.116e-02      1.160e+00   
       4              6          8.075e-01      4.369e-01      1.035e-02      6.434e-01   
       5              7          6.220e-01      1.855e-01      9.300e-03      5.316e-01   
       6              8          4.909e-01      1.311e-01      8.302e-03      4.978e-01   
       7              9          4.068e-01      8.414e-02      2.132e-03      4.723e-01   
       8             10          3.501e-01      5.669e-02      2.114e-03      4.409e-01   
       9             11          2.894e-01      6.064e-02      2.120e-03      3.973e-01   
      10             12          2.313e-01      5.811e-02      2.153e-03      3.328e-01   
      11             13          1.966e-01      3.469e-02      2.258e-03      2.705e-01   
      12             14          1.672e-01      2.941e-02      2.403e-03      2.295e-01   
      13             15          1.402e-01      2.700e-02      2.604e-03      1.501e-01   
      14             16          1.265e-01      1.376e-02      2.582e-03      1.417e-01   
      15             17          1.061e-01      2.034e-02      2.697e-03      1.290e-01   
      16             18          8.739e-02      1.874e-02      2.776e-03      8.133e-02   
      17             19          7.383e-02      1.356e-02      4.586e-03      8.131e-02   
      18             20          6.015e-02      1.369e-02      5.181e-03      1.225e-01   
      19             21          5.824e-02      1.901e-03      4.501e-03      1.794e-01   
      20             22          5.341e-02      4.838e-03      1.780e-03      1.537e-01   
      21             23          4.872e-02      4.681e-03      1.705e-03      1.306e-01   
      22             24          4.476e-02      3.964e-03      1.644e-03      9.207e-02   
      23             25          4.252e-02      2.240e-03      1.489e-03      5.802e-02   
      24             26          4.139e-02      1.127e-03      1.325e-03      4.552e-02   
      25             27          4.091e-02      4.822e-04      3.382e-04      4.097e-02   
      26             28          4.052e-02      3.893e-04      3.324e-04      3.680e-02   
      27             29          4.044e-02      8.517e-05      8.479e-05      3.564e-02   
      28             30          4.041e-02      2.333e-05      2.128e-05      3.532e-02   
      29             31          4.041e-02      4.635e-06      5.325e-06      3.525e-02   
      30             32          4.041e-02      2.189e-06      1.331e-06      3.523e-02   
      31             33          4.040e-02      2.409e-06      1.332e-06      3.520e-02   
      32             34          4.040e-02      1.277e-06      1.331e-06      3.518e-02   
      33             54          4.040e-02      0.000e+00      0.000e+00      3.518e-02   
Warning: A bad approximation caused failure to predict improvement.
         Current function value: 4.040e-02
         Total delta_x: 9.136e-02
         Iterations: 33
         Function evaluations: 54
         Jacobian evaluations: 33
Timer: Solution time = 4.69 min
Timer: Avg time per step = 8.28 sec
==============================================================================================================
                                                                 Start  -->   End
Total (sum of squares):                                      4.000e+00  -->   4.040e-02, 
Maximum Clamshell                                            7.686e-02  -->   4.689e-02 (dimensionless)
Minimum Clamshell                                            4.624e-02  -->   2.822e-02 (dimensionless)
Average Clamshell                                            6.763e-02  -->   4.146e-02 (dimensionless)
Aspect ratio:                                                6.000e+00  -->   6.250e+00 (dimensionless)
Maximum Generic objective value:                             4.202e-01  -->   4.008e-01 (~)
Minimum Generic objective value:                             4.197e-01  -->   3.704e-01 (~)
Average Generic objective value:                             4.200e-01  -->   3.791e-01 (~)
Maximum Generic objective value:                             4.202e-01  -->   4.008e-01 (normalized)
Minimum Generic objective value:                             4.197e-01  -->   3.704e-01 (normalized)
Average Generic objective value:                             4.200e-01  -->   3.791e-01 (normalized)
Maximum absolute Force error:                                2.345e+01  -->   3.472e+03 (N)
Minimum absolute Force error:                                3.419e-04  -->   7.813e-03 (N)
Average absolute Force error:                                8.188e-01  -->   7.359e+01 (N)
Maximum absolute Force error:                                2.151e-05  -->   3.184e-03 (normalized)
Minimum absolute Force error:                                3.135e-10  -->   7.164e-09 (normalized)
Average absolute Force error:                                7.508e-07  -->   6.749e-05 (normalized)
Maximum absolute Force error:                                2.252e+01  -->   3.472e+03 (N)
Minimum absolute Force error:                                3.916e-04  -->   7.813e-03 (N)
Average absolute Force error:                                8.294e-01  -->   7.359e+01 (N)
Maximum absolute Force error:                                2.065e-05  -->   3.184e-03 (normalized)
Minimum absolute Force error:                                3.591e-10  -->   7.164e-09 (normalized)
Average absolute Force error:                                7.605e-07  -->   6.749e-05 (normalized)
R boundary error:                                            1.140e-19  -->   6.081e-20 (m)
Z boundary error:                                            3.352e-19  -->   2.170e-19 (m)
Fixed pressure profile error:                                0.000e+00  -->   0.000e+00 (Pa)
Fixed current profile error:                                 0.000e+00  -->   0.000e+00 (A)
Fixed Psi error:                                             0.000e+00  -->   0.000e+00 (Wb)
==============================================================================================================


wall clock 325.6 s for 300 iterations -> 1.09 s/it
/home/singh/Documents/DESC2/coil_sandbox/vendor/desc/utils.py:590: UserWarning: Unequal number of field periods for grid 1 and basis 2.
  warnings.warn(msg, err)
/home/singh/Documents/DESC2/coil_sandbox/vendor/desc/utils.py:590: UserWarning: Unequal number of field periods for grid 1 and basis 2.
  warnings.warn(msg, err)
/home/singh/Documents/DESC2/coil_sandbox/vendor/desc/utils.py:590: FutureWarning: constants is deprecated and will be removed in a future release. Users should not include constants in the arguments of their objective compute methods. Instead declare all the constants in the build method and use as self._constants.
  warnings.warn(msg, err)
C    : mean 1.0077 -> 1.2557  (+24.61%)
/home/singh/Documents/DESC2/coil_sandbox/vendor/desc/utils.py:590: UserWarning: Unequal number of field periods for grid 1 and basis 2.
  warnings.warn(msg, err)
/home/singh/Documents/DESC2/coil_sandbox/vendor/desc/utils.py:590: UserWarning: Unequal number of field periods for grid 1 and basis 2.
  warnings.warn(msg, err)
/home/singh/Documents/DESC2/coil_sandbox/vendor/desc/utils.py:590: FutureWarning: constants is deprecated and will be removed in a future release. Users should not include constants in the arguments of their objective compute methods. Instead declare all the constants in the build method and use as self._constants.
  warnings.warn(msg, err)
eps1 : mean 0.0676 -> 0.0415  (-38.70%)
saved 922_stage1opt_results/runs/live_eps1_L1_fb50/eq_lo.h5
