Running as unit: run-p1372036-i1374145.scope; invocation ID: 4d77c81420f34d75ab4f9f619e380add
E0923 18:48:29.373897 1372123 cuda_executor.cc:1743] Could not get kernel mode driver version: ( INVALID_ARGUMENT: Version does not match the format X.Y.Z )
E0923 18:48:29.387115 1372036 cuda_executor.cc:1743] Could not get kernel mode driver version: ( INVALID_ARGUMENT: Version does not match the format X.Y.Z )
DEVICE requested=gpu obtained=gpu (1x NVIDIA GeForce RTX 5070 Laptop GPU)
  [mem] RSS 0.83 GB  peak 0.83 GB
/home/singh/Documents/DESC2/coil_sandbox/vendor/desc/utils.py:590: UserWarning: Unequal number of field periods for grid 1 and basis 2.
  warnings.warn(msg, err)
/home/singh/Documents/DESC2/coil_sandbox/vendor/desc/utils.py:590: UserWarning: Unequal number of field periods for grid 1 and basis 2.
  warnings.warn(msg, err)
eq 922_stage1opt_results/runs/live_eps1_L1_aspin3/eq_lo.h5 (h5) NFP 2 sym True; start 922_stage1opt_results/runs/coilval/start_planar_aspin3.h5: 4 unique coils, arc=False, expect 16 coils; source grid uniform (801 nodes/coil), length grid uniform (801), constraint grid 301, curvature grid 301; mode stage2; VACUUM (plasma field ignored)
SETTINGS {'eq': '922_stage1opt_results/runs/live_eps1_L1_aspin3/eq_lo.h5', 'start': '922_stage1opt_results/runs/coilval/start_planar_aspin3.h5', 'out': '922_stage1opt_results/runs/coilval/aspin3_planar', 'mode': 'stage2', 'length_mult': 1.0, 'margin': 0.0, 'fix_hinges': False, 'anchor_weight': 0.001, 'margin_skip': '', 'a': None, 'bounds': 'bounds/precise_qa_planar.json', 'device': 'gpu', 'vacuum': True, 'maxiter': 200, 'check_every': 50, 'ckpt_every': 50, 'diag_log': None, 'dcc_backoff': 0.025, 'dpc_backoff': 0.02, 'no_arc_backoffs': False, 'convex_form': 'signed', 'convex_kmin': 0.0, 'convex_backoff': 0.5, 'demount_margin': None, 'demount_backoff': 0.02, 'demount_arcs': False, 'demount_delta': 0.5, 'demount_eps': 0.25, 'level_hinges': False, 'fix_hinge_z': None, 'corner_max': None, 'planarity': 'auto', 'planarity_tol': 0.0, 'speed_floor': 0.0, 'arclength_weight': 0.0, 'torsion_weight': 0.0, 'coil_grid_n': 150, 'kappa_grid_n': None, 'eval_m': 25, 'eval_n': 25, 'plasma_m': 64, 'plasma_n': 64, 'src_gl': 24, 'src_n': 400, 'vc_m': None, 'vc_n': None, 'vc_chunk': 64, 'dcc_k': 20000, 'dpc_k': 20000, 'no_signed': False, 'dcc_neighbors': None, 'dcc_chunk': 4, 'dpc_chunk': 1, 'qf_chunk': 5, 'coil_jac_chunk': None, 'no_second_order': False, 'so_chunk': 16, 'so_rtol': 0.05, 'max_tr': 0.5, 'max_inner_iter': 100, 'ctol': 0.0001}
BOUNDS (judged, absolute, a=0.17236) L 3.2  Ltot -  kappa 8  kms 8  convex -  planar -  dcc 0.1  dpc 0.05
ENFORCED L 3.2  Ltot -  kappa 8  kms 8  convex -  planar -  dcc 0.1025  dpc 0.051
START  bn 1.2221e-01  L 0.846  kappa 0.290  kMS 0.673  d_cc 1.563  d_pc 2.015  linked 0  coils 16  -> FEASIBLE
Building objective: Quadratic flux
Precomputing transforms
Timer: Precomputing transforms = 1.64 sec
ObjectiveFunction deriv_mode : blocked
Quadratic flux jac_chunk_size: 5
Timer: Objective build = 2.15 sec
Building objective: summed coil current
Building objective: fixed shift
Building objective: fixed rotation
ObjectiveFunction deriv_mode : blocked
summed coil current jac_chunk_size: None
fixed shift jac_chunk_size: None
fixed rotation jac_chunk_size: None
Timer: Objective build = 352 ms
Building objective: coil length
Precomputing transforms
Timer: Precomputing transforms = 189 ms
Building objective: coil curvature
Precomputing transforms
Timer: Precomputing transforms = 3.14 ms
Building objective: coil mean squared curvature
Precomputing transforms
Timer: Precomputing transforms = 3.03 ms
Building objective: coil-coil distance penalty
Building objective: plasma-coil distance penalty
ObjectiveFunction deriv_mode : blocked
coil length jac_chunk_size: None
coil curvature jac_chunk_size: None
coil mean squared curvature jac_chunk_size: None
coil-coil distance penalty jac_chunk_size: 4
plasma-coil distance penalty jac_chunk_size: 1
Timer: Objective build = 5.23 sec
Timer: LinearConstraintProjection build = 2.24 sec
Timer: LinearConstraintProjection build = 111 ms
Number of parameters: 87
Number of objectives: 1326
  [mem] RSS 3.11 GB  peak 3.11 GB
Number of equality constraints: 0
Number of inequality constraints: 1256
Timer: Initializing the optimization = 10.8 sec

Starting optimization
Using method: lsq-auglag
E0923 18:49:03.385451 1372153 cuda_timer.cc:87] Delay kernel timed out: measured time has sub-optimal accuracy. There may be a missing warmup execution, please investigate in Nsight Systems.
E0923 18:49:10.783356 1372137 cuda_timer.cc:87] Delay kernel timed out: measured time has sub-optimal accuracy. There may be a missing warmup execution, please investigate in Nsight Systems.
E0923 18:49:22.361339 1372148 cuda_timer.cc:87] Delay kernel timed out: measured time has sub-optimal accuracy. There may be a missing warmup execution, please investigate in Nsight Systems.
  [mem] RSS 3.68 GB  peak 3.68 GB
Solver options:
------------------------------------------------------------
Maximum Function Evaluations       : 1001
Maximum Allowed Total Δx Norm      : inf
Scaled Termination                 : True
Trust Region Method                : svd
Initial Trust Radius               : 2.504e-01
Maximum Trust Radius               : 5.000e-01
Minimum Trust Radius               : 2.220e-16
Trust Radius Increase Ratio        : 4.000e+00
Trust Radius Decrease Ratio        : 2.500e-01
Trust Radius Increase Threshold    : 7.500e-01
Trust Radius Decrease Threshold    : 5.000e-01
Alpha Omega                        : 1.000e+00
Beta Omega                         : 1.000e+00
Alpha Eta                          : 1.000e-01
Beta Eta                           : 9.000e-01
Omega                              : 1.000e-02
Eta                                : 1.000e-02
Tau                                : 1.000e+01
------------------------------------------------------------ 

   Iteration     Total nfev        Cost      Cost reduction    Step norm     Optimality    Constr viol.   Penalty param  max(|mltplr|)      gtolk     
       0              1          2.847e+02                                    1.205e+01      0.000e+00      1.000e+01      0.000e+00      1.000e-03   
second_order: compiling constraint Hessian for blocks CoilLength, CoilCurvature, CoilMeanSquaredCurvature
E0923 18:49:49.105437 1372140 cuda_timer.cc:87] Delay kernel timed out: measured time has sub-optimal accuracy. There may be a missing warmup execution, please investigate in Nsight Systems.
E0923 18:49:49.526899 1372147 cuda_timer.cc:87] Delay kernel timed out: measured time has sub-optimal accuracy. There may be a missing warmup execution, please investigate in Nsight Systems.
  [mem] RSS 4.32 GB  peak 4.32 GB
       1              2          2.757e+02      8.962e+00      7.148e-03      1.161e+01      0.000e+00      1.000e+01      0.000e+00      1.000e-03   
       2              3          2.588e+02      1.694e+01      1.417e-02      1.077e+01      0.000e+00      1.000e+01      0.000e+00      1.000e-03   
       3              4          2.430e+02      1.574e+01      1.404e-02      9.952e+00      0.000e+00      1.000e+01      0.000e+00      1.000e-03   
       4              5          2.284e+02      1.463e+01      1.396e-02      9.154e+00      0.000e+00      1.000e+01      0.000e+00      1.000e-03   
       5              6          2.148e+02      1.359e+01      1.396e-02      8.382e+00      0.000e+00      1.000e+01      0.000e+00      1.000e-03   
       6              7          2.022e+02      1.261e+01      1.409e-02      7.663e+00      0.000e+00      1.000e+01      0.000e+00      1.000e-03   
       7              8          1.905e+02      1.170e+01      1.442e-02      7.296e+00      0.000e+00      1.000e+01      0.000e+00      1.000e-03   
       8              9          1.797e+02      1.083e+01      1.496e-02      6.925e+00      0.000e+00      1.000e+01      0.000e+00      1.000e-03   
  [mem] RSS 4.32 GB  peak 4.32 GB
       9             10          1.697e+02      9.997e+00      1.579e-02      6.549e+00      0.000e+00      1.000e+01      0.000e+00      1.000e-03   
      10             11          1.605e+02      9.213e+00      1.696e-02      6.165e+00      0.000e+00      1.000e+01      0.000e+00      1.000e-03   
      11             12          1.520e+02      8.472e+00      1.853e-02      5.771e+00      0.000e+00      1.000e+01      0.000e+00      1.000e-03   
      12             13          1.442e+02      7.767e+00      2.057e-02      5.369e+00      0.000e+00      1.000e+01      0.000e+00      1.000e-03   
      13             14          1.371e+02      7.102e+00      2.309e-02      4.958e+00      0.000e+00      1.000e+01      0.000e+00      1.000e-03   
      14             15          1.307e+02      6.475e+00      2.612e-02      4.538e+00      0.000e+00      1.000e+01      0.000e+00      1.000e-03   
      15             16          1.248e+02      5.890e+00      2.964e-02      4.097e+00      0.000e+00      1.000e+01      0.000e+00      1.000e-03   
      16             17          1.194e+02      5.335e+00      3.361e-02      3.761e+00      0.000e+00      1.000e+01      0.000e+00      1.000e-03   
      17             18          1.146e+02      4.835e+00      3.781e-02      3.512e+00      0.000e+00      1.000e+01      0.000e+00      1.000e-03   
  [mem] RSS 4.32 GB  peak 4.32 GB
      18             19          1.102e+02      4.396e+00      4.196e-02      3.206e+00      0.000e+00      1.000e+01      0.000e+00      1.000e-03   
      19             20          1.062e+02      4.013e+00      4.613e-02      2.908e+00      0.000e+00      1.000e+01      0.000e+00      1.000e-03   
      20             21          1.025e+02      3.683e+00      4.999e-02      2.640e+00      0.000e+00      1.000e+01      0.000e+00      1.000e-03   
      21             22          9.912e+01      3.399e+00      5.340e-02      2.399e+00      0.000e+00      1.000e+01      0.000e+00      1.000e-03   
      22             23          9.596e+01      3.155e+00      5.625e-02      2.241e+00      0.000e+00      1.000e+01      0.000e+00      1.000e-03   
      23             24          9.302e+01      2.944e+00      5.862e-02      2.128e+00      0.000e+00      1.000e+01      0.000e+00      1.000e-03   
      24             25          9.026e+01      2.759e+00      6.052e-02      2.018e+00      0.000e+00      1.000e+01      0.000e+00      1.000e-03   
      25             26          8.767e+01      2.593e+00      6.211e-02      1.913e+00      0.000e+00      1.000e+01      0.000e+00      1.000e-03   
      26             27          8.523e+01      2.441e+00      6.353e-02      1.808e+00      0.000e+00      1.000e+01      0.000e+00      1.000e-03   
  [mem] RSS 4.32 GB  peak 4.32 GB
      27             28          8.293e+01      2.300e+00      6.483e-02      1.703e+00      0.000e+00      1.000e+01      0.000e+00      1.000e-03   
      28             29          8.076e+01      2.168e+00      6.607e-02      1.599e+00      0.000e+00      1.000e+01      0.000e+00      1.000e-03   
      29             30          7.871e+01      2.043e+00      6.720e-02      1.495e+00      0.000e+00      1.000e+01      0.000e+00      1.000e-03   
      30             31          7.679e+01      1.924e+00      6.825e-02      1.392e+00      0.000e+00      1.000e+01      0.000e+00      1.000e-03   
      31             32          7.498e+01      1.812e+00      6.928e-02      1.290e+00      0.000e+00      1.000e+01      0.000e+00      1.000e-03   
      32             33          7.327e+01      1.705e+00      7.020e-02      1.190e+00      0.000e+00      1.000e+01      0.000e+00      1.000e-03   
      33             34          7.167e+01      1.604e+00      7.104e-02      1.091e+00      0.000e+00      1.000e+01      0.000e+00      1.000e-03   
      34             35          7.016e+01      1.510e+00      7.172e-02      9.989e-01      0.000e+00      1.000e+01      0.000e+00      1.000e-03   
      35             36          6.874e+01      1.422e+00      7.221e-02      9.154e-01      0.000e+00      1.000e+01      0.000e+00      1.000e-03   
  [mem] RSS 4.32 GB  peak 4.32 GB
      36             37          6.739e+01      1.343e+00      7.245e-02      8.452e-01      0.000e+00      1.000e+01      0.000e+00      1.000e-03   
      37             38          6.613e+01      1.269e+00      7.239e-02      7.800e-01      0.000e+00      1.000e+01      0.000e+00      1.000e-03   
      38             39          6.492e+01      1.202e+00      7.201e-02      7.184e-01      0.000e+00      1.000e+01      0.000e+00      1.000e-03   
      39             40          6.378e+01      1.141e+00      7.130e-02      6.635e-01      0.000e+00      1.000e+01      0.000e+00      1.000e-03   
      40             41          6.270e+01      1.086e+00      7.022e-02      6.329e-01      0.000e+00      1.000e+01      0.000e+00      1.000e-03   
      41             42          6.166e+01      1.035e+00      6.881e-02      6.001e-01      0.000e+00      1.000e+01      0.000e+00      1.000e-03   
      42             43          6.067e+01      9.883e-01      6.706e-02      5.667e-01      0.000e+00      1.000e+01      0.000e+00      1.000e-03   
      43             44          5.973e+01      9.445e-01      6.498e-02      5.316e-01      0.000e+00      1.000e+01      0.000e+00      1.000e-03   
      44             45          5.882e+01      9.046e-01      6.244e-02      4.951e-01      2.589e-02      1.000e+01      0.000e+00      1.000e-03   
  [mem] RSS 4.32 GB  peak 4.32 GB
      45             46          5.796e+01      8.654e-01      5.951e-02      4.589e-01      6.327e-02      1.000e+01      0.000e+00      1.000e-03   
      46             47          5.713e+01      8.279e-01      5.649e-02      4.219e-01      9.934e-02      1.000e+01      0.000e+00      1.000e-03   
      47             48          5.634e+01      7.930e-01      5.334e-02      3.844e-01      1.339e-01      1.000e+01      0.000e+00      1.000e-03   
      48             49          5.558e+01      7.587e-01      4.999e-02      3.464e-01      1.666e-01      1.000e+01      0.000e+00      1.000e-03   
      49             50          5.485e+01      7.252e-01      4.633e-02      3.164e-01      1.973e-01      1.000e+01      0.000e+00      1.000e-03   
second_order: compiling constraint Hessian for blocks CoilLength, CoilCurvature
  [mem] RSS 4.35 GB  peak 4.35 GB
  [it   50] bn 5.2241e-02  L 1.030  kappa 0.756  kMS 0.920  d_cc 2.303  d_pc 2.893  -> FAILS L
      50             51          5.416e+01      6.910e-01      4.266e-02      2.974e-01      2.257e-01      1.000e+01      0.000e+00      1.000e-03   
      51             52          5.351e+01      6.571e-01      3.890e-02      2.786e-01      2.514e-01      1.000e+01      0.000e+00      1.000e-03   
      52             53          5.288e+01      6.213e-01      3.507e-02      2.600e-01      2.742e-01      1.000e+01      0.000e+00      1.000e-03   
      53             54          5.230e+01      5.830e-01      3.145e-02      2.414e-01      2.940e-01      1.000e+01      0.000e+00      1.000e-03   
      54             55          5.176e+01      5.427e-01      2.801e-02      2.229e-01      3.105e-01      1.000e+01      0.000e+00      1.000e-03   
      55             56          5.126e+01      5.012e-01      2.495e-02      2.045e-01      3.239e-01      1.000e+01      0.000e+00      1.000e-03   
      56             57          5.080e+01      4.575e-01      2.227e-02      1.863e-01      3.341e-01      1.000e+01      0.000e+00      1.000e-03   
second_order: compiling constraint Hessian for blocks CoilLength
  [mem] RSS 4.35 GB  peak 4.35 GB
E0923 18:53:32.075693 1372152 cuda_timer.cc:87] Delay kernel timed out: measured time has sub-optimal accuracy. There may be a missing warmup execution, please investigate in Nsight Systems.
      57             58          5.038e+01      4.160e-01      2.017e-02      1.686e-01      3.415e-01      1.000e+01      0.000e+00      1.000e-03   
      58             59          5.001e+01      3.754e-01      1.935e-02      1.514e-01      3.474e-01      1.000e+01      0.000e+00      1.000e-03   
      59             60          4.967e+01      3.347e-01      1.877e-02      1.481e-01      3.572e-01      1.000e+01      0.000e+00      1.000e-03   
      60             61          4.938e+01      2.978e-01      1.876e-02      1.462e-01      3.664e-01      1.000e+01      0.000e+00      1.000e-03   
      61             62          4.911e+01      2.652e-01      1.866e-02      1.428e-01      3.749e-01      1.000e+01      0.000e+00      1.000e-03   
second_order: compiling constraint Hessian for blocks CoilLength, CoilSetDistancePenalty
  [mem] RSS 4.56 GB  peak 4.56 GB
      62             64          4.905e+01      6.466e-02      4.512e-03      1.210e-01      3.775e-01      1.000e+01      0.000e+00      1.000e-03   
second_order: compiling constraint Hessian for blocks CoilLength, CoilMeanSquaredCurvature, CoilSetDistancePenalty
  [mem] RSS 4.91 GB  peak 4.91 GB
      63             65          4.888e+01      1.661e-01      2.109e-02      1.122e-01      3.777e-01      1.000e+01      0.000e+00      1.000e-03   
      64             66          4.874e+01      1.383e-01      2.135e-02      1.047e-01      3.780e-01      1.000e+01      0.000e+00      1.000e-03   
      65             67          4.862e+01      1.171e-01      2.141e-02      9.706e-02      3.783e-01      1.000e+01      0.000e+00      1.000e-03   
      66             68          4.852e+01      9.994e-02      2.122e-02      8.934e-02      3.785e-01      1.000e+01      0.000e+00      1.000e-03   
      67             69          4.844e+01      8.645e-02      2.136e-02      8.227e-02      3.785e-01      1.000e+01      0.000e+00      1.000e-03   
  [mem] RSS 4.92 GB  peak 4.92 GB
      68             70          4.836e+01      7.410e-02      2.081e-02      7.529e-02      3.786e-01      1.000e+01      0.000e+00      1.000e-03   
      69             71          4.830e+01      6.525e-02      2.022e-02      6.873e-02      3.784e-01      1.000e+01      0.000e+00      1.000e-03   
      70             72          4.824e+01      5.839e-02      1.940e-02      6.232e-02      3.781e-01      1.000e+01      0.000e+00      1.000e-03   
      71             73          4.819e+01      5.200e-02      1.851e-02      5.614e-02      3.776e-01      1.000e+01      0.000e+00      1.000e-03   
      72             74          4.814e+01      4.742e-02      1.794e-02      5.033e-02      3.769e-01      1.000e+01      0.000e+00      1.000e-03   
      73             75          4.810e+01      4.290e-02      1.720e-02      4.475e-02      3.761e-01      1.000e+01      0.000e+00      1.000e-03   
      74             76          4.806e+01      3.929e-02      1.721e-02      3.952e-02      3.752e-01      1.000e+01      0.000e+00      1.000e-03   
      75             77          4.802e+01      3.556e-02      1.685e-02      3.547e-02      3.741e-01      1.000e+01      0.000e+00      1.000e-03   
      76             78          4.799e+01      3.253e-02      1.633e-02      3.150e-02      3.728e-01      1.000e+01      0.000e+00      1.000e-03   
  [mem] RSS 4.92 GB  peak 4.92 GB
      77             79          4.796e+01      2.937e-02      1.629e-02      2.787e-02      3.715e-01      1.000e+01      0.000e+00      1.000e-03   
      78             80          4.793e+01      2.677e-02      1.700e-02      2.433e-02      3.700e-01      1.000e+01      0.000e+00      1.000e-03   
      79             81          4.791e+01      2.444e-02      1.732e-02      2.103e-02      3.684e-01      1.000e+01      0.000e+00      1.000e-03   
      80             82          4.789e+01      2.202e-02      1.742e-02      1.785e-02      3.668e-01      1.000e+01      0.000e+00      1.000e-03   
      81             83          4.787e+01      1.978e-02      1.746e-02      1.486e-02      3.650e-01      1.000e+01      0.000e+00      1.000e-03   
      82             84          4.785e+01      1.797e-02      1.841e-02      1.335e-02      3.632e-01      1.000e+01      0.000e+00      1.000e-03   
      83             85          4.783e+01      1.643e-02      1.878e-02      1.335e-02      3.612e-01      1.000e+01      0.000e+00      1.000e-03   
      84             86          4.782e+01      1.473e-02      1.882e-02      1.326e-02      3.593e-01      1.000e+01      0.000e+00      1.000e-03   
      85             87          4.781e+01      1.328e-02      1.983e-02      1.295e-02      3.574e-01      1.000e+01      0.000e+00      1.000e-03   
  [mem] RSS 4.92 GB  peak 4.92 GB
      86             88          4.779e+01      1.221e-02      1.976e-02      1.296e-02      3.556e-01      1.000e+01      0.000e+00      1.000e-03   
      87             89          4.778e+01      1.106e-02      1.956e-02      1.262e-02      3.538e-01      1.000e+01      0.000e+00      1.000e-03   
      88             90          4.777e+01      1.034e-02      1.992e-02      1.215e-02      3.523e-01      1.000e+01      0.000e+00      1.000e-03   
      89             91          4.776e+01      9.436e-03      1.957e-02      1.175e-02      3.508e-01      1.000e+01      0.000e+00      1.000e-03   
      90             92          4.775e+01      9.166e-03      1.927e-02      1.126e-02      3.495e-01      1.000e+01      0.000e+00      1.000e-03   
      91             93          4.775e+01      8.448e-03      1.905e-02      1.069e-02      3.494e-01      1.000e+01      0.000e+00      1.000e-03   
      92             94          4.774e+01      8.312e-03      1.916e-02      1.016e-02      3.504e-01      1.000e+01      0.000e+00      1.000e-03   
      93             95          4.773e+01      7.781e-03      1.871e-02      9.572e-03      3.514e-01      1.000e+01      0.000e+00      1.000e-03   
      94             96          4.772e+01      7.739e-03      1.825e-02      9.082e-03      3.522e-01      1.000e+01      0.000e+00      1.000e-03   
  [mem] RSS 4.92 GB  peak 4.92 GB
      95             97          4.771e+01      6.775e-03      1.855e-02      9.361e-03      3.530e-01      1.000e+01      0.000e+00      1.000e-03   
      96             98          4.771e+01      7.341e-03      1.783e-02      8.094e-03      3.537e-01      1.000e+01      0.000e+00      1.000e-03   
      97             99          4.770e+01      6.268e-03      1.753e-02      9.588e-03      3.543e-01      1.000e+01      0.000e+00      1.000e-03   
      98             100         4.769e+01      7.171e-03      1.749e-02      7.211e-03      3.549e-01      1.000e+01      0.000e+00      1.000e-03   
      99             101         4.769e+01      5.418e-03      1.731e-02      8.925e-03      3.554e-01      1.000e+01      0.000e+00      1.000e-03   
  [it  100] bn 4.9895e-02  L 1.048  kappa 1.035  kMS 1.016  d_cc 0.972  d_pc 2.857  -> FAILS L,kappa,kMS,d_cc
      100            102         4.768e+01      7.412e-03      1.687e-02      2.945e+00      3.560e-01      1.043e+01      2.644e-02      2.945e-01   
      101            103         4.794e+01     -2.617e-01      3.164e-03      2.739e+00      3.324e-01      1.043e+01      2.644e-02      2.945e-01   
      102            104         4.848e+01     -5.414e-01      1.442e-02      2.329e+00      2.930e-01      1.043e+01      2.644e-02      2.945e-01   
  [mem] RSS 4.92 GB  peak 4.92 GB
      103            105         4.904e+01     -5.597e-01      1.954e-02      1.926e+00      2.599e-01      1.043e+01      2.644e-02      2.945e-01   
      104            106         4.961e+01     -5.678e-01      2.291e-02      1.534e+00      2.256e-01      1.043e+01      2.644e-02      2.945e-01   
      105            107         5.017e+01     -5.630e-01      2.402e-02      1.202e+00      1.900e-01      1.043e+01      2.644e-02      2.945e-01   
      106            108         5.071e+01     -5.384e-01      2.192e-02      9.279e-01      1.530e-01      1.043e+01      2.644e-02      2.945e-01   
      107            109         5.119e+01     -4.767e-01      1.499e-02      6.366e-01      1.150e-01      1.043e+01      2.644e-02      2.945e-01   
      108            110         5.153e+01     -3.408e-01      1.259e-02      3.486e-01      7.970e-02      1.043e+01      2.644e-02      2.945e-01   
second_order: compiling constraint Hessian for blocks CoilLength, CoilMeanSquaredCurvature
  [mem] RSS 4.95 GB  peak 4.95 GB
      109            111         5.167e+01     -1.416e-01      2.482e-02      1.593e+00      5.599e-02      1.330e+01      5.352e-01      1.593e-01   
      110            112         5.200e+01     -3.285e-01      5.459e-03      1.057e+00      3.753e-02      1.330e+01      5.352e-01      1.593e-01   
      111            113         5.230e+01     -3.016e-01      2.335e-02      4.742e-01      1.860e-02      1.330e+01      5.352e-01      1.593e-01   
      112            114         5.240e+01     -9.886e-02      2.491e-02      7.416e-01      7.751e-03      2.046e+01      7.510e+00      7.416e-02   
      113            115         5.250e+01     -9.811e-02      2.955e-02      9.672e-02      1.908e-03      2.046e+01      7.510e+00      7.416e-02   
      114            116         5.247e+01      3.292e-02      3.639e-02      1.188e-01      5.500e-03      2.046e+01      7.258e+00      1.188e-02   
      115            117         5.242e+01      4.560e-02      3.260e-02      4.277e-02      3.178e-03      2.046e+01      7.258e+00      1.188e-02   
  [mem] RSS 4.95 GB  peak 4.95 GB
      116            118         5.240e+01      2.417e-02      2.601e-02      2.884e-02      2.496e-03      2.046e+01      7.258e+00      1.188e-02   
      117            119         5.238e+01      1.803e-02      2.205e-02      2.064e-02      2.505e-03      2.046e+01      7.258e+00      1.188e-02   
      118            120         5.237e+01      1.331e-02      1.851e-02      1.529e-02      2.591e-03      2.046e+01      7.258e+00      1.188e-02   
      119            121         5.236e+01      9.936e-03      1.516e-02      1.326e-02      2.668e-03      2.046e+01      7.258e+00      1.188e-02   
      120            122         5.235e+01      7.583e-03      1.232e-02      6.164e-02      2.728e-03      2.046e+01      5.024e+00      6.164e-03   
      121            123         5.233e+01      1.631e-02      5.202e-02      7.695e-03      2.157e-03      2.046e+01      5.024e+00      6.164e-03   
      122            124         5.233e+01      5.404e-03      2.323e-02      8.231e-03      2.122e-03      2.046e+01      5.024e+00      6.164e-03   
      123            125         5.232e+01      4.574e-03      1.259e-02      7.731e-03      2.122e-03      2.046e+01      5.024e+00      6.164e-03   
      124            126         5.232e+01      3.665e-03      1.058e-02      9.065e-03      2.150e-03      2.046e+01      5.024e+00      6.164e-03   
  [mem] RSS 4.95 GB  peak 4.95 GB
      125            127         5.232e+01      2.625e-03      1.122e-02      7.534e-03      2.146e-03      2.046e+01      4.456e+00      7.534e-04   
      126            128         5.231e+01      3.648e-03      1.976e-02      6.889e-03      1.770e-03      2.046e+01      4.456e+00      7.534e-04   
      127            129         5.231e+01      3.028e-03      1.199e-02      5.002e-03      1.753e-03      2.046e+01      4.456e+00      7.534e-04   
      128            130         5.231e+01      2.787e-03      1.159e-02      6.768e-03      1.733e-03      2.046e+01      4.456e+00      7.534e-04   
      129            131         5.230e+01      2.823e-03      1.258e-02      5.036e-03      1.703e-03      2.046e+01      4.456e+00      7.534e-04   
      130            132         5.230e+01      2.502e-03      1.255e-02      4.723e-03      1.599e-03      2.046e+01      4.456e+00      7.534e-04   
      131            133         5.230e+01      1.594e-03      8.102e-03      4.624e-03      1.582e-03      2.046e+01      4.456e+00      7.534e-04   
      132            134         5.230e+01      2.587e-03      1.147e-02      4.719e-03      1.552e-03      2.046e+01      4.456e+00      7.534e-04   
      133            135         5.229e+01      2.464e-03      1.132e-02      4.568e-03      1.547e-03      2.046e+01      4.456e+00      7.534e-04   
  [mem] RSS 4.95 GB  peak 4.95 GB
      134            136         5.229e+01      1.839e-03      9.506e-03      4.504e-03      1.562e-03      2.046e+01      4.456e+00      7.534e-04   
      135            137         5.229e+01      2.462e-03      1.104e-02      4.339e-03      1.610e-03      2.046e+01      4.456e+00      7.534e-04   
      136            138         5.229e+01      2.155e-03      1.058e-02      4.417e-03      1.539e-03      2.046e+01      4.456e+00      7.534e-04   
      137            139         5.228e+01      2.227e-03      1.046e-02      4.213e-03      1.597e-03      2.046e+01      4.456e+00      7.534e-04   
      138            140         5.228e+01      2.065e-03      1.124e-02      4.063e-03      1.560e-03      2.046e+01      4.456e+00      7.534e-04   
      139            141         5.228e+01      1.431e-03      7.473e-03      3.939e-03      1.571e-03      2.046e+01      4.456e+00      7.534e-04   
      140            142         5.228e+01      2.120e-03      9.749e-03      3.793e-03      1.593e-03      2.046e+01      4.456e+00      7.534e-04   
      141            143         5.228e+01      2.004e-03      9.161e-03      3.758e-03      1.647e-03      2.046e+01      4.456e+00      7.534e-04   
      142            144         5.228e+01      2.007e-03      9.260e-03      3.433e-03      1.721e-03      2.046e+01      4.456e+00      7.534e-04   
  [mem] RSS 4.95 GB  peak 4.95 GB
      143            145         5.227e+01      1.449e-03      7.120e-03      3.467e-03      1.810e-03      2.046e+01      4.456e+00      7.534e-04   
      144            146         5.227e+01      1.861e-03      8.909e-03      3.250e-03      1.799e-03      2.046e+01      4.456e+00      7.534e-04   
      145            147         5.227e+01      1.694e-03      8.444e-03      3.230e-03      1.782e-03      2.046e+01      4.456e+00      7.534e-04   
      146            148         5.227e+01      1.609e-03      8.366e-03      3.199e-03      1.746e-03      2.046e+01      4.456e+00      7.534e-04   
      147            149         5.227e+01      1.541e-03      8.182e-03      3.131e-03      1.714e-03      2.046e+01      4.456e+00      7.534e-04   
      148            150         5.227e+01      1.221e-03      7.278e-03      3.928e-03      1.615e-03      2.046e+01      4.456e+00      7.534e-04   
      149            151         5.226e+01      1.640e-03      9.247e-03      3.202e-03      1.580e-03      2.046e+01      4.456e+00      7.534e-04   
  [it  150] bn 5.2093e-02  L 1.000  kappa 0.843  kMS 1.000  d_cc 1.010  d_pc 2.868  -> FAILS L,kMS
      150            152         5.226e+01      1.491e-03      7.629e-03      3.550e-03      1.564e-03      2.046e+01      4.456e+00      7.534e-04   
  [mem] RSS 4.95 GB  peak 4.95 GB
      151            153         5.226e+01      1.540e-03      7.242e-03      3.275e-03      1.597e-03      2.046e+01      4.456e+00      7.534e-04   
      152            154         5.226e+01      1.404e-03      7.069e-03      3.244e-03      1.560e-03      2.046e+01      4.456e+00      7.534e-04   
      153            155         5.226e+01      1.420e-03      7.380e-03      3.243e-03      1.586e-03      2.046e+01      4.456e+00      7.534e-04   
      154            156         5.226e+01      1.442e-03      6.778e-03      3.254e-03      1.675e-03      2.046e+01      4.456e+00      7.534e-04   
      155            157         5.226e+01      1.192e-03      6.552e-03      3.223e-03      1.597e-03      2.046e+01      4.456e+00      7.534e-04   
      156            158         5.225e+01      1.293e-03      6.170e-03      3.895e-03      1.622e-03      2.046e+01      4.456e+00      7.534e-04   
      157            159         5.225e+01      1.415e-03      7.873e-03      3.153e-03      1.680e-03      2.046e+01      4.456e+00      7.534e-04   
      158            160         5.225e+01      6.383e-04      3.324e-03      3.142e-03      1.721e-03      2.046e+01      4.456e+00      7.534e-04   
      159            161         5.225e+01      9.523e-04      4.495e-03      2.996e-03      1.787e-03      2.046e+01      4.456e+00      7.534e-04   
  [mem] RSS 4.95 GB  peak 4.95 GB
      160            162         5.225e+01      3.978e-04      2.110e-03      2.978e-03      1.788e-03      2.046e+01      4.456e+00      7.534e-04   
      161            163         5.225e+01      1.339e-03      6.101e-03      3.197e-03      1.823e-03      2.046e+01      4.456e+00      7.534e-04   
      162            164         5.225e+01      1.113e-03      5.785e-03      3.134e-03      1.807e-03      2.046e+01      4.456e+00      7.534e-04   
      163            165         5.225e+01      1.040e-03      5.665e-03      3.094e-03      1.779e-03      2.046e+01      4.456e+00      7.534e-04   
      164            166         5.225e+01      6.161e-04      3.746e-03      2.490e-03      1.752e-03      2.046e+01      4.456e+00      7.534e-04   
      165            167         5.225e+01      9.132e-04      5.281e-03      3.038e-03      1.649e-03      2.046e+01      4.456e+00      7.534e-04   
      166            168         5.225e+01      1.608e-04      1.058e-03      2.616e-03      1.641e-03      2.046e+01      4.456e+00      7.534e-04   
      167            169         5.224e+01      9.739e-04      5.089e-03      3.628e-03      1.603e-03      2.046e+01      4.456e+00      7.534e-04   
      168            170         5.224e+01      2.397e-04      1.988e-03      3.320e-03      1.600e-03      2.046e+01      4.456e+00      7.534e-04   
  [mem] RSS 4.95 GB  peak 4.95 GB
      169            171         5.224e+01      1.063e-03      6.617e-03      2.884e-03      1.589e-03      2.046e+01      4.456e+00      7.534e-04   
      170            172         5.224e+01      1.043e-03      5.328e-03      4.315e-03      1.618e-03      2.046e+01      4.456e+00      7.534e-04   
      171            173         5.224e+01      1.048e-03      6.615e-03      2.714e-03      1.588e-03      2.046e+01      4.456e+00      7.534e-04   
      172            174         5.224e+01      9.835e-04      5.471e-03      2.812e-03      1.595e-03      2.046e+01      4.456e+00      7.534e-04   
      173            175         5.224e+01      1.722e-04      1.045e-03      2.479e-03      1.610e-03      2.046e+01      4.456e+00      7.534e-04   
      174            176         5.224e+01      6.120e-04      3.231e-03      2.187e-03      1.663e-03      2.046e+01      4.456e+00      7.534e-04   
      175            177         5.224e+01      7.251e-04      4.177e-03      2.342e-03      1.618e-03      2.046e+01      4.456e+00      7.534e-04   
      176            178         5.224e+01      6.720e-04      3.699e-03      2.250e-03      1.621e-03      2.046e+01      4.456e+00      7.534e-04   
      177            179         5.224e+01      6.045e-04      3.180e-03      2.098e-03      1.636e-03      2.046e+01      4.456e+00      7.534e-04   
  [mem] RSS 4.95 GB  peak 4.95 GB
      178            180         5.224e+01      5.035e-06      2.923e-05      2.088e-03      1.637e-03      2.046e+01      4.456e+00      7.534e-04   
      179            181         5.224e+01      1.002e-03      4.677e-03      3.889e-03      1.679e-03      2.046e+01      4.456e+00      7.534e-04   
      180            182         5.224e+01      1.020e-03      7.787e-03      2.593e-03      1.741e-03      2.046e+01      4.456e+00      7.534e-04   
      181            183         5.223e+01      8.061e-04      4.494e-03      2.938e-03      1.821e-03      2.046e+01      4.456e+00      7.534e-04   
      182            184         5.223e+01      2.409e-04      1.701e-03      2.651e-03      1.816e-03      2.046e+01      4.456e+00      7.534e-04   
      183            185         5.223e+01      6.826e-05      4.673e-04      2.631e-03      1.817e-03      2.046e+01      4.456e+00      7.534e-04   
      184            186         5.223e+01      3.050e-04      1.888e-03      2.523e-03      1.825e-03      2.046e+01      4.456e+00      7.534e-04   
      185            187         5.223e+01      4.422e-05      2.849e-04      2.525e-03      1.827e-03      2.046e+01      4.456e+00      7.534e-04   
      186            188         5.223e+01      4.681e-05      3.346e-04      2.523e-03      1.825e-03      2.046e+01      4.456e+00      7.534e-04   
  [mem] RSS 4.95 GB  peak 4.95 GB
      187            189         5.223e+01     -8.466e-05      2.522e-05      2.322e-03      1.821e-03      2.046e+01      4.456e+00      7.534e-04   
      188            190         5.223e+01      1.562e-05      9.906e-05      2.284e-03      1.821e-03      2.046e+01      4.456e+00      7.534e-04   
      189            191         5.223e+01      1.297e-04      7.931e-04      1.933e-03      1.818e-03      2.046e+01      4.456e+00      7.534e-04   
      190            192         5.223e+01      1.661e-04      1.000e-03      2.014e-03      1.815e-03      2.046e+01      4.456e+00      7.534e-04   
      191            193         5.223e+01      1.680e-04      1.006e-03      2.111e-03      1.814e-03      2.046e+01      4.456e+00      7.534e-04   
      192            194         5.223e+01      9.770e-04      4.879e-03      2.496e-03      1.822e-03      2.046e+01      4.456e+00      7.534e-04   
      193            195         5.223e+01      6.517e-05      6.095e-04      2.267e-03      1.817e-03      2.046e+01      4.456e+00      7.534e-04   
      194            196         5.223e+01      7.450e-05      6.588e-04      2.210e-03      1.812e-03      2.046e+01      4.456e+00      7.534e-04   
      195            197         5.223e+01      7.749e-04      5.030e-03      2.485e-03      1.791e-03      2.046e+01      4.456e+00      7.534e-04   
  [mem] RSS 4.95 GB  peak 4.95 GB
      196            198         5.223e+01      3.339e-05      3.266e-04      2.343e-03      1.788e-03      2.046e+01      4.456e+00      7.534e-04   
      197            199         5.223e+01      3.074e-04      2.464e-03      2.000e-03      1.770e-03      2.046e+01      4.456e+00      7.534e-04   
      198            200         5.223e+01      5.498e-05      5.610e-04      1.998e-03      1.756e-03      2.046e+01      4.456e+00      7.534e-04   
      199            201         5.223e+01      3.058e-04      2.518e-03      4.630e-03      1.699e-03      2.046e+01      4.456e+00      7.534e-04   
  [it  200] bn 5.2057e-02  L 1.000  kappa 0.800  kMS 1.000  d_cc 1.008  d_pc 2.872  -> FAILS L
      200            202         5.223e+01      2.336e-04      2.153e-03      3.041e-03      1.678e-03      2.046e+01      4.456e+00      7.534e-04   
Warning: Maximum number of iterations has been exceeded.
         Current function value: 5.223e+01
         Constraint violation: 1.678e-03
         Total delta_x: 6.478e-01
         Iterations: 200
         Function evaluations: 202
         Jacobian evaluations: 200
Timer: Solution time = 13.8 min
Timer: Avg time per step = 4.13 sec
==============================================================================================================
                                                                 Start  -->   End
Total (sum of squares):                                      2.847e+02  -->   5.223e+01, 
Maximum absolute Boundary normal field error:                2.021e-01  -->   1.037e-01 (T m^2)
Minimum absolute Boundary normal field error:                2.723e-04  -->   6.497e-05 (T m^2)
Average absolute Boundary normal field error:                6.109e-02  -->   2.628e-02 (T m^2)
Maximum absolute Boundary normal field error:                1.606e+00  -->   8.241e-01 (normalized)
Minimum absolute Boundary normal field error:                2.164e-03  -->   5.163e-04 (normalized)
Average absolute Boundary normal field error:                4.854e-01  -->   2.089e-01 (normalized)
Maximum Coil length:                                         2.707e+00  -->   3.200e+00 (m)
Minimum Coil length:                                         2.707e+00  -->   3.200e+00 (m)
Average Coil length:                                         2.707e+00  -->   3.200e+00 (m)
Maximum Coil length:                                         6.283e+00  -->   7.426e+00 (normalized)
Minimum Coil length:                                         6.283e+00  -->   7.426e+00 (normalized)
Average Coil length:                                         6.283e+00  -->   7.426e+00 (normalized)
Maximum Coil curvature:                                      2.321e+00  -->   6.398e+00 (m^-1)
Minimum Coil curvature:                                      2.321e+00  -->   7.610e-03 (m^-1)
Average Coil curvature:                                      2.321e+00  -->   2.158e+00 (m^-1)
Maximum Coil curvature:                                      1.000e+00  -->   2.757e+00 (normalized)
Minimum Coil curvature:                                      1.000e+00  -->   3.279e-03 (normalized)
Average Coil curvature:                                      1.000e+00  -->   9.301e-01 (normalized)
Maximum Coil mean squared curvature:                         5.385e+00  -->   7.999e+00 (m^-2)
Minimum Coil mean squared curvature:                         5.385e+00  -->   6.294e+00 (m^-2)
Average Coil mean squared curvature:                         5.385e+00  -->   6.922e+00 (m^-2)
Maximum Coil mean squared curvature:                         1.000e+00  -->   1.485e+00 (normalized)
Minimum Coil mean squared curvature:                         1.000e+00  -->   1.169e+00 (normalized)
Average Coil mean squared curvature:                         1.000e+00  -->   1.285e+00 (normalized)
Maximum Coil-coil distance penalty:                          0.000e+00  -->   1.678e-03 (dimensionless)
Minimum Coil-coil distance penalty:                          0.000e+00  -->   0.000e+00 (dimensionless)
Average Coil-coil distance penalty:                          0.000e+00  -->   4.662e-05 (dimensionless)
Maximum Plasma-coil distance penalty:                        0.000e+00  -->   0.000e+00 (dimensionless)
Minimum Plasma-coil distance penalty:                        0.000e+00  -->   0.000e+00 (dimensionless)
Average Plasma-coil distance penalty:                        0.000e+00  -->   0.000e+00 (dimensionless)
  [mem] RSS 4.96 GB  peak 4.96 GB
Summed coil current error:                                   0.000e+00  -->   0.000e+00 (A)
==============================================================================================================


SOLVER {'wall_s': 850.4145987033844, 'message': 'Maximum number of iterations has been exceeded.', 'nit': 200, 'n_outer': 6, 'constr_violation': 0.0016784466594800275, 'y_absmax_final': 4.455919535118369}
START  bn 1.2221e-01  L 0.846  kappa 0.290  kMS 0.673  d_cc 1.563  d_pc 2.015  -> FEASIBLE
RESULT bn 5.2057e-02  L 1.000  kappa 0.800  kMS 1.000  d_cc 1.008  d_pc 2.872  linked 0  -> FAILS L  active ['L', 'kMS', 'd_cc']
wrote 922_stage1opt_results/runs/coilval/aspin3_planar/result.h5, result.json, result.png
