Running as unit: run-p1326286-i1328348.scope; invocation ID: 3dfdb32db1a3411cafff40c605420519
E0923 15:19:34.311588 1326753 cuda_executor.cc:1743] Could not get kernel mode driver version: ( INVALID_ARGUMENT: Version does not match the format X.Y.Z )
E0923 15:19:34.323119 1326666 cuda_executor.cc:1743] Could not get kernel mode driver version: ( INVALID_ARGUMENT: Version does not match the format X.Y.Z )
DEVICE requested=gpu obtained=gpu (1x NVIDIA GeForce RTX 5070 Laptop GPU)
equilibrium L8 M8 N8 NFP2  dim_x=1462
eps_1 normal: LIVE (exact, rotation-invariant)
/home/singh/Documents/DESC2/coil_sandbox/vendor/desc/utils.py:590: UserWarning: Unequal number of field periods for grid 1 and basis 2.
  warnings.warn(msg, err)
/home/singh/Documents/DESC2/coil_sandbox/vendor/desc/utils.py:590: UserWarning: Unequal number of field periods for grid 1 and basis 2.
  warnings.warn(msg, err)
E0923 15:19:41.922997 1326768 xtile_compiler.cc:399] Fusion: input_reduce_fusion = f64[8,360]{1,0} fusion(a.1, b.1), kind=kCustom, calls=fused_reduce.clone, backend_config={"operation_queue_id":"0","wait_on_operation_queues":[],"fusion_backend_config":{"kind":"__triton","block_level_fusion_config":{"num_warps":"8","output_tiles":[{"sizes":["8","8"]}],"num_ctas":1,"num_stages":1,"is_tma_allowed":true,"is_warp_specialization_allowed":false}},"force_earliest_schedule":false,"reification_cost":[],"device_type":"DEVICE_TYPE_INVALID"}
E0923 15:19:41.923035 1326768 xtile_compiler.cc:401] Computation: fused_reduce.clone {
  param_0.4 = f64[8,360,144]{2,1,0} parameter(0)
  param_1.5 = f64[144]{0} parameter(1)
  broadcast.1.3 = f64[8,360,144]{2,1,0} broadcast(param_1.5), dimensions={2}
  multiply.1.3 = f64[8,360,144]{2,1,0} multiply(param_0.4, broadcast.1.3)
  constant_3 = f64[] constant(0)
  ROOT reduce.1.1 = f64[8,360]{1,0} reduce(multiply.1.3, constant_3), dimensions={2}, to_apply=scalar_add_computation
}
  clamshell: K=8 contours, worst frozen segment lambda_1/lambda_2 = 0.010
/home/singh/Documents/DESC2/coil_sandbox/vendor/desc/utils.py:590: FutureWarning: constants is deprecated and will be removed in a future release. Users should not include constants in the arguments of their objective compute methods. Instead declare all the constants in the build method and use as self._constants.
  warnings.warn(msg, err)
/home/singh/Documents/DESC2/coil_sandbox/vendor/desc/utils.py:590: UserWarning: Unequal number of field periods for grid 1 and basis 2.
  warnings.warn(msg, err)
/home/singh/Documents/DESC2/coil_sandbox/vendor/desc/utils.py:590: UserWarning: Unequal number of field periods for grid 1 and basis 2.
  warnings.warn(msg, err)
/home/singh/Documents/DESC2/coil_sandbox/vendor/desc/utils.py:590: FutureWarning: constants is deprecated and will be removed in a future release. Users should not include constants in the arguments of their objective compute methods. Instead declare all the constants in the build method and use as self._constants.
  warnings.warn(msg, err)
diagnostics: monotonic=True  dPhi/dzeta 6.105e+05..1.137e+06  I/G=-5.06e-18  newton_res=1.71e-16  gap_seg=0.0101
baseline C    mean 1.0077  range 0.8661-1.3723
baseline eps1 mean 0.0676  range 0.0462-0.0769
optimizing eps1: target = 0.60 x baseline (mean 0.0676 -> 0.0406)
objective residual at start = 1.000 (O(1) by construction)
baseline QS rms 5.1750e-04   iota 0.41970..0.42018
free boundary DOF: R 24 + Z 24 = 48
constraint handling: SOFT objective terms (2 bounded terms, residual 10 per bound-width of violation); constraints = force balance + linear fixes only
soft ForceBalance in the objective at weight 500
proximal re-solve: ftol=1e-06 xtol=1e-08 gtol=1e-10 maxiter=50
outer ftol = 1e-08
outer xtol = 1e-10
outer gtol = 1e-10
Building objective: clamshell eps1
/home/singh/Documents/DESC2/coil_sandbox/vendor/desc/utils.py:590: UserWarning: Unequal number of field periods for grid 1 and basis 2.
  warnings.warn(msg, err)
/home/singh/Documents/DESC2/coil_sandbox/vendor/desc/utils.py:590: UserWarning: Unequal number of field periods for grid 1 and basis 2.
  warnings.warn(msg, err)
  clamshell eps1: K=8 contours, worst frozen segment lambda_1/lambda_2 = 0.010
Building objective: aspect ratio
Precomputing transforms
Timer: Precomputing transforms = 629 ms
Building objective: Generic
Building objective: force (soft)
Precomputing transforms
Timer: Precomputing transforms = 887 ms
ObjectiveFunction deriv_mode : blocked
clamshell eps1 jac_chunk_size: None
aspect ratio jac_chunk_size: None
Generic jac_chunk_size: None
force (soft) jac_chunk_size: None
Timer: Objective build = 10.2 sec
Building objective: force
Precomputing transforms
Timer: Precomputing transforms = 47.9 ms
ObjectiveFunction deriv_mode : batched
ObjectiveFunction jac_chunk_size: 4382
Timer: Objective build = 54.5 ms
ObjectiveFunction deriv_mode : blocked
lcfs R jac_chunk_size: None
lcfs Z jac_chunk_size: None
fixed Psi jac_chunk_size: None
fixed pressure jac_chunk_size: None
fixed current jac_chunk_size: None
fixed sheet current jac_chunk_size: None
self_consistency R jac_chunk_size: None
self_consistency Z jac_chunk_size: None
lambda gauge jac_chunk_size: None
axis R self consistency jac_chunk_size: None
axis Z self consistency jac_chunk_size: None
Timer: Objective build = 1.31 ms
Timer: Eq Update LinearConstraintProjection build = 3.54 sec
Timer: Proximal projection build = 38.6 sec
Building objective: lcfs R
Building objective: lcfs Z
Building objective: fixed pressure
Building objective: fixed current
Building objective: fixed Psi
ObjectiveFunction deriv_mode : blocked
lcfs R jac_chunk_size: None
lcfs Z jac_chunk_size: None
fixed pressure jac_chunk_size: None
fixed current jac_chunk_size: None
fixed Psi jac_chunk_size: None
Timer: Objective build = 731 ms
Timer: LinearConstraintProjection build = 1.66 sec
Number of parameters: 48
Number of objectives: 5360
Timer: Initializing the optimization = 41.1 sec

Starting optimization
Using method: proximal-lsq-exact
/home/singh/Documents/DESC2/coil_sandbox/vendor/desc/utils.py:590: FutureWarning: constants is deprecated and will be removed in a future release. Users should not include constants in the arguments of their objective compute methods. Instead declare all the constants in the build method and use as self._constants.
  warnings.warn(msg, err)
Solver options:
------------------------------------------------------------
Maximum Function Evaluations       : 1501
Maximum Allowed Total Δx Norm      : inf
Scaled Termination                 : True
Trust Region Method                : qr
Initial Trust Radius               : 2.174e+00
Maximum Trust Radius               : inf
Minimum Trust Radius               : 2.220e-16
Trust Radius Increase Ratio        : 2.000e+00
Trust Radius Decrease Ratio        : 2.500e-01
Trust Radius Increase Threshold    : 7.500e-01
Trust Radius Decrease Threshold    : 2.500e-01
------------------------------------------------------------ 

   Iteration     Total nfev        Cost      Cost reduction    Step norm     Optimality   
       0              1          4.000e+00                                    2.657e+00   
       1              3          2.725e+00      1.276e+00      1.241e-02      2.050e+00   
       2              4          1.914e+00      8.108e-01      1.129e-02      1.524e+00   
       3              5          1.327e+00      5.874e-01      1.155e-02      1.007e+00   
       4              6          1.008e+00      3.187e-01      1.105e-02      6.994e-01   
       5              7          8.239e-01      1.841e-01      1.167e-02      5.279e-01   
       6              8          7.099e-01      1.140e-01      1.281e-02      4.717e-01   
       7              9          6.889e-01      2.093e-02      3.454e-03      4.267e-01   
       8             10          6.856e-01      3.389e-03      8.834e-04      4.137e-01   
       9             11          6.850e-01      5.231e-04      2.218e-04      4.100e-01   
      10             12          6.849e-01      9.414e-05      5.548e-05      4.091e-01   
      11             13          6.849e-01      3.166e-05      1.387e-05      4.089e-01   
      12             34          6.849e-01      0.000e+00      0.000e+00      4.089e-01   
Warning: A bad approximation caused failure to predict improvement.
         Current function value: 6.849e-01
         Total delta_x: 7.015e-02
         Iterations: 12
         Function evaluations: 34
         Jacobian evaluations: 12
Timer: Solution time = 2.81 min
Timer: Avg time per step = 12.9 sec
==============================================================================================================
                                                                 Start  -->   End
Total (sum of squares):                                      4.000e+00  -->   6.849e-01, 
Maximum Clamshell                                            7.686e-02  -->   5.707e-02 (dimensionless)
Minimum Clamshell                                            4.624e-02  -->   3.106e-02 (dimensionless)
Average Clamshell                                            6.763e-02  -->   4.903e-02 (dimensionless)
Aspect ratio:                                                6.000e+00  -->   6.251e+00 (dimensionless)
Maximum Generic objective value:                             4.202e-01  -->   4.077e-01 (~)
Minimum Generic objective value:                             4.197e-01  -->   3.703e-01 (~)
Average Generic objective value:                             4.200e-01  -->   3.873e-01 (~)
Maximum Generic objective value:                             4.202e-01  -->   4.077e-01 (normalized)
Minimum Generic objective value:                             4.197e-01  -->   3.703e-01 (normalized)
Average Generic objective value:                             4.200e-01  -->   3.873e-01 (normalized)
Maximum absolute Force error:                                2.345e+01  -->   1.054e+03 (N)
Minimum absolute Force error:                                3.419e-04  -->   5.496e-03 (N)
Average absolute Force error:                                8.188e-01  -->   1.780e+01 (N)
Maximum absolute Force error:                                2.151e-05  -->   9.669e-04 (normalized)
Minimum absolute Force error:                                3.135e-10  -->   5.040e-09 (normalized)
Average absolute Force error:                                7.508e-07  -->   1.632e-05 (normalized)
Maximum absolute Force error:                                2.252e+01  -->   1.054e+03 (N)
Minimum absolute Force error:                                3.916e-04  -->   5.496e-03 (N)
Average absolute Force error:                                8.294e-01  -->   1.780e+01 (N)
Maximum absolute Force error:                                2.065e-05  -->   9.669e-04 (normalized)
Minimum absolute Force error:                                3.591e-10  -->   5.040e-09 (normalized)
Average absolute Force error:                                7.605e-07  -->   1.632e-05 (normalized)
R boundary error:                                            1.140e-19  -->   6.081e-20 (m)
Z boundary error:                                            3.352e-19  -->   2.170e-19 (m)
Fixed pressure profile error:                                0.000e+00  -->   0.000e+00 (Pa)
Fixed current profile error:                                 0.000e+00  -->   0.000e+00 (A)
Fixed Psi error:                                             0.000e+00  -->   0.000e+00 (Wb)
==============================================================================================================


wall clock 213.4 s for 300 iterations -> 0.71 s/it
/home/singh/Documents/DESC2/coil_sandbox/vendor/desc/utils.py:590: UserWarning: Unequal number of field periods for grid 1 and basis 2.
  warnings.warn(msg, err)
/home/singh/Documents/DESC2/coil_sandbox/vendor/desc/utils.py:590: UserWarning: Unequal number of field periods for grid 1 and basis 2.
  warnings.warn(msg, err)
/home/singh/Documents/DESC2/coil_sandbox/vendor/desc/utils.py:590: FutureWarning: constants is deprecated and will be removed in a future release. Users should not include constants in the arguments of their objective compute methods. Instead declare all the constants in the build method and use as self._constants.
  warnings.warn(msg, err)
C    : mean 1.0077 -> 1.1485  (+13.97%)
/home/singh/Documents/DESC2/coil_sandbox/vendor/desc/utils.py:590: UserWarning: Unequal number of field periods for grid 1 and basis 2.
  warnings.warn(msg, err)
/home/singh/Documents/DESC2/coil_sandbox/vendor/desc/utils.py:590: UserWarning: Unequal number of field periods for grid 1 and basis 2.
  warnings.warn(msg, err)
/home/singh/Documents/DESC2/coil_sandbox/vendor/desc/utils.py:590: FutureWarning: constants is deprecated and will be removed in a future release. Users should not include constants in the arguments of their objective compute methods. Instead declare all the constants in the build method and use as self._constants.
  warnings.warn(msg, err)
eps1 : mean 0.0676 -> 0.0490  (-27.50%)
saved 922_stage1opt_results/runs/live_eps1_L1_lsqfb/eq_lo.h5
