Running as unit: run-p1335948-i1338020.scope; invocation ID: 52eda498d4004e519499adbfe7e11b9f
E0923 16:37:18.511411 1336415 cuda_executor.cc:1743] Could not get kernel mode driver version: ( INVALID_ARGUMENT: Version does not match the format X.Y.Z )
E0923 16:37:18.523032 1336328 cuda_executor.cc:1743] Could not get kernel mode driver version: ( INVALID_ARGUMENT: Version does not match the format X.Y.Z )
DEVICE requested=gpu obtained=gpu (1x NVIDIA GeForce RTX 5070 Laptop GPU)
equilibrium L8 M8 N8 NFP2  dim_x=1462
eps_1 normal: LIVE (exact, rotation-invariant)
/home/singh/Documents/DESC2/coil_sandbox/vendor/desc/utils.py:590: UserWarning: Unequal number of field periods for grid 1 and basis 2.
  warnings.warn(msg, err)
/home/singh/Documents/DESC2/coil_sandbox/vendor/desc/utils.py:590: UserWarning: Unequal number of field periods for grid 1 and basis 2.
  warnings.warn(msg, err)
E0923 16:37:26.021316 1336436 xtile_compiler.cc:399] Fusion: input_reduce_fusion = f64[8,360]{1,0} fusion(a.1, b.1), kind=kCustom, calls=fused_reduce.clone, backend_config={"operation_queue_id":"0","wait_on_operation_queues":[],"fusion_backend_config":{"kind":"__triton","block_level_fusion_config":{"num_warps":"8","output_tiles":[{"sizes":["8","8"]}],"num_ctas":1,"num_stages":1,"is_tma_allowed":true,"is_warp_specialization_allowed":false}},"force_earliest_schedule":false,"reification_cost":[],"device_type":"DEVICE_TYPE_INVALID"}
E0923 16:37:26.021353 1336436 xtile_compiler.cc:401] Computation: fused_reduce.clone {
  param_0.4 = f64[8,360,144]{2,1,0} parameter(0)
  param_1.5 = f64[144]{0} parameter(1)
  broadcast.1.3 = f64[8,360,144]{2,1,0} broadcast(param_1.5), dimensions={2}
  multiply.1.3 = f64[8,360,144]{2,1,0} multiply(param_0.4, broadcast.1.3)
  constant_3 = f64[] constant(0)
  ROOT reduce.1.1 = f64[8,360]{1,0} reduce(multiply.1.3, constant_3), dimensions={2}, to_apply=scalar_add_computation
}
  clamshell: K=8 contours, worst frozen segment lambda_1/lambda_2 = 0.010
/home/singh/Documents/DESC2/coil_sandbox/vendor/desc/utils.py:590: FutureWarning: constants is deprecated and will be removed in a future release. Users should not include constants in the arguments of their objective compute methods. Instead declare all the constants in the build method and use as self._constants.
  warnings.warn(msg, err)
/home/singh/Documents/DESC2/coil_sandbox/vendor/desc/utils.py:590: UserWarning: Unequal number of field periods for grid 1 and basis 2.
  warnings.warn(msg, err)
/home/singh/Documents/DESC2/coil_sandbox/vendor/desc/utils.py:590: UserWarning: Unequal number of field periods for grid 1 and basis 2.
  warnings.warn(msg, err)
/home/singh/Documents/DESC2/coil_sandbox/vendor/desc/utils.py:590: FutureWarning: constants is deprecated and will be removed in a future release. Users should not include constants in the arguments of their objective compute methods. Instead declare all the constants in the build method and use as self._constants.
  warnings.warn(msg, err)
diagnostics: monotonic=True  dPhi/dzeta 6.105e+05..1.137e+06  I/G=-5.06e-18  newton_res=1.71e-16  gap_seg=0.0101
baseline C    mean 1.0077  range 0.8661-1.3723
baseline eps1 mean 0.0676  range 0.0462-0.0769
optimizing eps1: target = 0.60 x baseline (mean 0.0676 -> 0.0406)
objective residual at start = 1.000 (O(1) by construction)
baseline QS rms 5.1750e-04   iota 0.41970..0.42018
free boundary DOF: R 24 + Z 24 = 48
constraint handling: SOFT objective terms (2 bounded terms, residual 10 per bound-width of violation); constraints = force balance + linear fixes only
soft ForceBalance in the objective at weight 165
proximal re-solve: ftol=1e-06 xtol=1e-08 gtol=1e-10 maxiter=50
outer ftol = 1e-08
outer xtol = 1e-10
outer gtol = 1e-10
Building objective: clamshell eps1
/home/singh/Documents/DESC2/coil_sandbox/vendor/desc/utils.py:590: UserWarning: Unequal number of field periods for grid 1 and basis 2.
  warnings.warn(msg, err)
/home/singh/Documents/DESC2/coil_sandbox/vendor/desc/utils.py:590: UserWarning: Unequal number of field periods for grid 1 and basis 2.
  warnings.warn(msg, err)
  clamshell eps1: K=8 contours, worst frozen segment lambda_1/lambda_2 = 0.010
Building objective: aspect ratio
Precomputing transforms
Timer: Precomputing transforms = 611 ms
Building objective: Generic
Building objective: force (soft)
Precomputing transforms
Timer: Precomputing transforms = 883 ms
ObjectiveFunction deriv_mode : blocked
clamshell eps1 jac_chunk_size: None
aspect ratio jac_chunk_size: None
Generic jac_chunk_size: None
force (soft) jac_chunk_size: None
Timer: Objective build = 10.0 sec
Building objective: force
Precomputing transforms
Timer: Precomputing transforms = 49.9 ms
ObjectiveFunction deriv_mode : batched
ObjectiveFunction jac_chunk_size: 4382
Timer: Objective build = 56.8 ms
ObjectiveFunction deriv_mode : blocked
lcfs R jac_chunk_size: None
lcfs Z jac_chunk_size: None
fixed Psi jac_chunk_size: None
fixed pressure jac_chunk_size: None
fixed current jac_chunk_size: None
fixed sheet current jac_chunk_size: None
self_consistency R jac_chunk_size: None
self_consistency Z jac_chunk_size: None
lambda gauge jac_chunk_size: None
axis R self consistency jac_chunk_size: None
axis Z self consistency jac_chunk_size: None
Timer: Objective build = 1.20 ms
Timer: Eq Update LinearConstraintProjection build = 3.47 sec
Timer: Proximal projection build = 38.3 sec
Building objective: lcfs R
Building objective: lcfs Z
Building objective: fixed pressure
Building objective: fixed current
Building objective: fixed Psi
ObjectiveFunction deriv_mode : blocked
lcfs R jac_chunk_size: None
lcfs Z jac_chunk_size: None
fixed pressure jac_chunk_size: None
fixed current jac_chunk_size: None
fixed Psi jac_chunk_size: None
Timer: Objective build = 740 ms
Timer: LinearConstraintProjection build = 1.65 sec
Number of parameters: 48
Number of objectives: 5360
Timer: Initializing the optimization = 40.8 sec

Starting optimization
Using method: proximal-lsq-exact
/home/singh/Documents/DESC2/coil_sandbox/vendor/desc/utils.py:590: FutureWarning: constants is deprecated and will be removed in a future release. Users should not include constants in the arguments of their objective compute methods. Instead declare all the constants in the build method and use as self._constants.
  warnings.warn(msg, err)
Solver options:
------------------------------------------------------------
Maximum Function Evaluations       : 1501
Maximum Allowed Total Δx Norm      : inf
Scaled Termination                 : True
Trust Region Method                : qr
Initial Trust Radius               : 2.173e+00
Maximum Trust Radius               : inf
Minimum Trust Radius               : 2.220e-16
Trust Radius Increase Ratio        : 2.000e+00
Trust Radius Decrease Ratio        : 2.500e-01
Trust Radius Increase Threshold    : 7.500e-01
Trust Radius Decrease Threshold    : 2.500e-01
------------------------------------------------------------ 

   Iteration     Total nfev        Cost      Cost reduction    Step norm     Optimality   
       0              1          4.000e+00                                    2.694e+00   
       1              3          2.695e+00      1.305e+00      1.235e-02      2.062e+00   
       2              4          1.861e+00      8.335e-01      1.122e-02      1.578e+00   
       3              5          1.256e+00      6.047e-01      1.121e-02      1.131e+00   
       4              6          8.558e-01      4.007e-01      1.044e-02      6.875e-01   
       5              7          7.017e-01      1.541e-01      9.197e-03      5.663e-01   
       6              8          6.569e-01      4.475e-02      2.152e-03      5.286e-01   
       7              9          6.462e-01      1.075e-02      5.429e-04      5.185e-01   
       8             10          6.435e-01      2.636e-03      1.360e-04      5.160e-01   
       9             11          6.429e-01      6.649e-04      3.402e-05      5.153e-01   
      10             12          6.427e-01      1.961e-04      8.506e-06      5.152e-01   
      11             13          6.426e-01      6.614e-05      2.127e-06      5.151e-01   
      12             14          6.426e-01      5.311e-05      2.127e-06      5.151e-01   
      13             15          6.425e-01      4.859e-05      2.126e-06      5.150e-01   
      14             35          6.425e-01      0.000e+00      0.000e+00      5.150e-01   
Warning: A bad approximation caused failure to predict improvement.
         Current function value: 6.425e-01
         Total delta_x: 5.383e-02
         Iterations: 14
         Function evaluations: 35
         Jacobian evaluations: 14
Timer: Solution time = 2.71 min
Timer: Avg time per step = 10.8 sec
==============================================================================================================
                                                                 Start  -->   End
Total (sum of squares):                                      4.000e+00  -->   6.425e-01, 
Maximum Clamshell                                            7.686e-02  -->   5.952e-02 (dimensionless)
Minimum Clamshell                                            4.624e-02  -->   3.033e-02 (dimensionless)
Average Clamshell                                            6.763e-02  -->   4.970e-02 (dimensionless)
Aspect ratio:                                                6.000e+00  -->   6.251e+00 (dimensionless)
Maximum Generic objective value:                             4.202e-01  -->   4.059e-01 (~)
Minimum Generic objective value:                             4.197e-01  -->   3.735e-01 (~)
Average Generic objective value:                             4.200e-01  -->   3.888e-01 (~)
Maximum Generic objective value:                             4.202e-01  -->   4.059e-01 (normalized)
Minimum Generic objective value:                             4.197e-01  -->   3.735e-01 (normalized)
Average Generic objective value:                             4.200e-01  -->   3.888e-01 (normalized)
Maximum absolute Force error:                                2.345e+01  -->   1.258e+03 (N)
Minimum absolute Force error:                                3.419e-04  -->   1.586e-02 (N)
Average absolute Force error:                                8.188e-01  -->   2.509e+01 (N)
Maximum absolute Force error:                                2.151e-05  -->   1.153e-03 (normalized)
Minimum absolute Force error:                                3.135e-10  -->   1.455e-08 (normalized)
Average absolute Force error:                                7.508e-07  -->   2.300e-05 (normalized)
Maximum absolute Force error:                                2.252e+01  -->   1.258e+03 (N)
Minimum absolute Force error:                                3.916e-04  -->   1.586e-02 (N)
Average absolute Force error:                                8.294e-01  -->   2.509e+01 (N)
Maximum absolute Force error:                                2.065e-05  -->   1.153e-03 (normalized)
Minimum absolute Force error:                                3.591e-10  -->   1.455e-08 (normalized)
Average absolute Force error:                                7.605e-07  -->   2.300e-05 (normalized)
R boundary error:                                            1.140e-19  -->   6.081e-20 (m)
Z boundary error:                                            3.352e-19  -->   2.170e-19 (m)
Fixed pressure profile error:                                0.000e+00  -->   0.000e+00 (Pa)
Fixed current profile error:                                 0.000e+00  -->   0.000e+00 (A)
Fixed Psi error:                                             0.000e+00  -->   0.000e+00 (Wb)
==============================================================================================================


wall clock 207.2 s for 300 iterations -> 0.69 s/it
/home/singh/Documents/DESC2/coil_sandbox/vendor/desc/utils.py:590: UserWarning: Unequal number of field periods for grid 1 and basis 2.
  warnings.warn(msg, err)
/home/singh/Documents/DESC2/coil_sandbox/vendor/desc/utils.py:590: UserWarning: Unequal number of field periods for grid 1 and basis 2.
  warnings.warn(msg, err)
/home/singh/Documents/DESC2/coil_sandbox/vendor/desc/utils.py:590: FutureWarning: constants is deprecated and will be removed in a future release. Users should not include constants in the arguments of their objective compute methods. Instead declare all the constants in the build method and use as self._constants.
  warnings.warn(msg, err)
C    : mean 1.0077 -> 1.1151  (+10.66%)
/home/singh/Documents/DESC2/coil_sandbox/vendor/desc/utils.py:590: UserWarning: Unequal number of field periods for grid 1 and basis 2.
  warnings.warn(msg, err)
/home/singh/Documents/DESC2/coil_sandbox/vendor/desc/utils.py:590: UserWarning: Unequal number of field periods for grid 1 and basis 2.
  warnings.warn(msg, err)
/home/singh/Documents/DESC2/coil_sandbox/vendor/desc/utils.py:590: FutureWarning: constants is deprecated and will be removed in a future release. Users should not include constants in the arguments of their objective compute methods. Instead declare all the constants in the build method and use as self._constants.
  warnings.warn(msg, err)
eps1 : mean 0.0676 -> 0.0497  (-26.52%)
saved 922_stage1opt_results/runs/live_eps1_L1_fb165/eq_lo.h5
