Running as unit: run-p1341946-i1344026.scope; invocation ID: 35cc1cee52324b7c9ed6f4ac61e68fb5
E0923 16:51:03.194335 1342033 cuda_executor.cc:1743] Could not get kernel mode driver version: ( INVALID_ARGUMENT: Version does not match the format X.Y.Z )
E0923 16:51:03.206840 1341946 cuda_executor.cc:1743] Could not get kernel mode driver version: ( INVALID_ARGUMENT: Version does not match the format X.Y.Z )
DEVICE requested=gpu obtained=gpu (1x NVIDIA GeForce RTX 5070 Laptop GPU)
  [mem] RSS 0.83 GB  peak 0.83 GB
/home/singh/Documents/DESC2/coil_sandbox/vendor/desc/utils.py:590: UserWarning: Unequal number of field periods for grid 1 and basis 2.
  warnings.warn(msg, err)
/home/singh/Documents/DESC2/coil_sandbox/vendor/desc/utils.py:590: UserWarning: Unequal number of field periods for grid 1 and basis 2.
  warnings.warn(msg, err)
eq 922_stage1opt_results/runs/live_eps1_L1_lsqfb/eq_lo.h5 (h5) NFP 2 sym True; start 922_stage1opt_results/runs/coilval/start_planar_fb500.h5: 4 unique coils, arc=False, expect 16 coils; source grid uniform (801 nodes/coil), length grid uniform (801), constraint grid 301, curvature grid 301; mode stage2; VACUUM (plasma field ignored)
SETTINGS {'eq': '922_stage1opt_results/runs/live_eps1_L1_lsqfb/eq_lo.h5', 'start': '922_stage1opt_results/runs/coilval/start_planar_fb500.h5', 'out': '922_stage1opt_results/runs/coilval/fb500_planar', 'mode': 'stage2', 'length_mult': 1.0, 'margin': 0.0, 'fix_hinges': False, 'anchor_weight': 0.001, 'margin_skip': '', 'a': None, 'bounds': 'bounds/precise_qa_planar.json', 'device': 'gpu', 'vacuum': True, 'maxiter': 200, 'check_every': 50, 'ckpt_every': 50, 'diag_log': None, 'dcc_backoff': 0.025, 'dpc_backoff': 0.02, 'no_arc_backoffs': False, 'convex_form': 'signed', 'convex_kmin': 0.0, 'convex_backoff': 0.5, 'demount_margin': None, 'demount_backoff': 0.02, 'demount_arcs': False, 'demount_delta': 0.5, 'demount_eps': 0.25, 'level_hinges': False, 'fix_hinge_z': None, 'corner_max': None, 'planarity': 'auto', 'planarity_tol': 0.0, 'speed_floor': 0.0, 'arclength_weight': 0.0, 'torsion_weight': 0.0, 'coil_grid_n': 150, 'kappa_grid_n': None, 'eval_m': 25, 'eval_n': 25, 'plasma_m': 64, 'plasma_n': 64, 'src_gl': 24, 'src_n': 400, 'vc_m': None, 'vc_n': None, 'vc_chunk': 64, 'dcc_k': 20000, 'dpc_k': 20000, 'no_signed': False, 'dcc_neighbors': None, 'dcc_chunk': 4, 'dpc_chunk': 1, 'qf_chunk': 5, 'coil_jac_chunk': None, 'no_second_order': False, 'so_chunk': 16, 'so_rtol': 0.05, 'max_tr': 0.5, 'max_inner_iter': 100, 'ctol': 0.0001}
BOUNDS (judged, absolute, a=0.16720) L 3.2  Ltot -  kappa 8  kms 8  convex -  planar -  dcc 0.1  dpc 0.05
ENFORCED L 3.2  Ltot -  kappa 8  kms 8  convex -  planar -  dcc 0.1025  dpc 0.051
START  bn 1.2830e-01  L 0.821  kappa 0.299  kMS 0.715  d_cc 2.243  d_pc 1.568  linked 0  coils 16  -> FEASIBLE
Building objective: Quadratic flux
Precomputing transforms
Timer: Precomputing transforms = 1.63 sec
ObjectiveFunction deriv_mode : blocked
Quadratic flux jac_chunk_size: 5
Timer: Objective build = 2.14 sec
Building objective: summed coil current
Building objective: fixed shift
Building objective: fixed rotation
ObjectiveFunction deriv_mode : blocked
summed coil current jac_chunk_size: None
fixed shift jac_chunk_size: None
fixed rotation jac_chunk_size: None
Timer: Objective build = 351 ms
Building objective: coil length
Precomputing transforms
Timer: Precomputing transforms = 188 ms
Building objective: coil curvature
Precomputing transforms
Timer: Precomputing transforms = 3.16 ms
Building objective: coil mean squared curvature
Precomputing transforms
Timer: Precomputing transforms = 3.03 ms
Building objective: coil-coil distance penalty
Building objective: plasma-coil distance penalty
ObjectiveFunction deriv_mode : blocked
coil length jac_chunk_size: None
coil curvature jac_chunk_size: None
coil mean squared curvature jac_chunk_size: None
coil-coil distance penalty jac_chunk_size: 4
plasma-coil distance penalty jac_chunk_size: 1
Timer: Objective build = 5.21 sec
Timer: LinearConstraintProjection build = 2.15 sec
Timer: LinearConstraintProjection build = 113 ms
Number of parameters: 87
Number of objectives: 1326
  [mem] RSS 3.14 GB  peak 3.14 GB
Number of equality constraints: 0
Number of inequality constraints: 1256
Timer: Initializing the optimization = 10.7 sec

Starting optimization
Using method: lsq-auglag
E0923 16:51:43.998542 1342058 cuda_timer.cc:87] Delay kernel timed out: measured time has sub-optimal accuracy. There may be a missing warmup execution, please investigate in Nsight Systems.
E0923 16:51:55.349014 1342058 cuda_timer.cc:87] Delay kernel timed out: measured time has sub-optimal accuracy. There may be a missing warmup execution, please investigate in Nsight Systems.
E0923 16:51:55.479795 1342052 cuda_timer.cc:87] Delay kernel timed out: measured time has sub-optimal accuracy. There may be a missing warmup execution, please investigate in Nsight Systems.
  [mem] RSS 3.69 GB  peak 3.69 GB
Solver options:
------------------------------------------------------------
Maximum Function Evaluations       : 1001
Maximum Allowed Total Δx Norm      : inf
Scaled Termination                 : True
Trust Region Method                : svd
Initial Trust Radius               : 2.868e-01
Maximum Trust Radius               : 5.000e-01
Minimum Trust Radius               : 2.220e-16
Trust Radius Increase Ratio        : 4.000e+00
Trust Radius Decrease Ratio        : 2.500e-01
Trust Radius Increase Threshold    : 7.500e-01
Trust Radius Decrease Threshold    : 5.000e-01
Alpha Omega                        : 1.000e+00
Beta Omega                         : 1.000e+00
Alpha Eta                          : 1.000e-01
Beta Eta                           : 9.000e-01
Omega                              : 1.000e-02
Eta                                : 1.000e-02
Tau                                : 1.000e+01
------------------------------------------------------------ 

   Iteration     Total nfev        Cost      Cost reduction    Step norm     Optimality    Constr viol.   Penalty param  max(|mltplr|)      gtolk     
       0              1          1.304e+02                                    5.819e+00      0.000e+00      1.000e+01      0.000e+00      1.000e-03   
second_order: compiling constraint Hessian for blocks CoilLength, CoilCurvature, CoilMeanSquaredCurvature
  [mem] RSS 4.31 GB  peak 4.31 GB
       1              2          1.247e+02      5.721e+00      1.268e-02      5.509e+00      0.000e+00      1.000e+01      0.000e+00      1.000e-03   
       2              3          1.156e+02      9.072e+00      2.177e-02      5.174e+00      0.000e+00      1.000e+01      0.000e+00      1.000e-03   
       3              4          1.076e+02      8.058e+00      2.183e-02      4.856e+00      0.000e+00      1.000e+01      0.000e+00      1.000e-03   
       4              5          1.004e+02      7.178e+00      2.271e-02      4.553e+00      0.000e+00      1.000e+01      0.000e+00      1.000e-03   
       5              6          9.398e+01      6.414e+00      2.479e-02      4.263e+00      0.000e+00      1.000e+01      0.000e+00      1.000e-03   
       6              7          8.823e+01      5.750e+00      2.822e-02      3.984e+00      0.000e+00      1.000e+01      0.000e+00      1.000e-03   
       7              8          8.306e+01      5.177e+00      3.285e-02      3.714e+00      0.000e+00      1.000e+01      0.000e+00      1.000e-03   
       8              9          7.838e+01      4.678e+00      3.837e-02      3.452e+00      0.000e+00      1.000e+01      0.000e+00      1.000e-03   
  [mem] RSS 4.31 GB  peak 4.31 GB
       9             10          7.415e+01      4.227e+00      4.438e-02      3.198e+00      0.000e+00      1.000e+01      0.000e+00      1.000e-03   
      10             11          7.032e+01      3.832e+00      5.046e-02      2.952e+00      0.000e+00      1.000e+01      0.000e+00      1.000e-03   
      11             12          6.684e+01      3.483e+00      5.633e-02      2.714e+00      0.000e+00      1.000e+01      0.000e+00      1.000e-03   
      12             13          6.366e+01      3.175e+00      6.181e-02      2.431e+00      0.000e+00      1.000e+01      0.000e+00      1.000e-03   
      13             14          6.077e+01      2.892e+00      6.692e-02      2.164e+00      0.000e+00      1.000e+01      0.000e+00      1.000e-03   
      14             15          5.813e+01      2.638e+00      7.148e-02      1.991e+00      0.000e+00      1.000e+01      0.000e+00      1.000e-03   
      15             16          5.572e+01      2.410e+00      7.541e-02      1.850e+00      0.000e+00      1.000e+01      0.000e+00      1.000e-03   
      16             17          5.352e+01      2.199e+00      7.944e-02      1.714e+00      0.000e+00      1.000e+01      0.000e+00      1.000e-03   
      17             18          5.152e+01      2.004e+00      8.308e-02      1.580e+00      0.000e+00      1.000e+01      0.000e+00      1.000e-03   
  [mem] RSS 4.31 GB  peak 4.31 GB
      18             19          4.969e+01      1.823e+00      8.628e-02      1.448e+00      0.000e+00      1.000e+01      0.000e+00      1.000e-03   
      19             20          4.803e+01      1.662e+00      8.912e-02      1.319e+00      0.000e+00      1.000e+01      0.000e+00      1.000e-03   
      20             21          4.652e+01      1.515e+00      9.181e-02      1.196e+00      0.000e+00      1.000e+01      0.000e+00      1.000e-03   
      21             22          4.514e+01      1.381e+00      9.459e-02      1.091e+00      0.000e+00      1.000e+01      0.000e+00      1.000e-03   
      22             23          4.388e+01      1.260e+00      9.701e-02      9.961e-01      0.000e+00      1.000e+01      0.000e+00      1.000e-03   
      23             24          4.273e+01      1.152e+00      9.898e-02      9.118e-01      0.000e+00      1.000e+01      0.000e+00      1.000e-03   
      24             25          4.167e+01      1.058e+00      9.933e-02      8.365e-01      0.000e+00      1.000e+01      0.000e+00      1.000e-03   
      25             26          4.069e+01      9.736e-01      1.011e-01      7.694e-01      0.000e+00      1.000e+01      0.000e+00      1.000e-03   
      26             27          3.980e+01      8.968e-01      1.021e-01      7.072e-01      0.000e+00      1.000e+01      0.000e+00      1.000e-03   
  [mem] RSS 4.31 GB  peak 4.31 GB
      27             28          3.897e+01      8.306e-01      1.024e-01      6.504e-01      0.000e+00      1.000e+01      0.000e+00      1.000e-03   
      28             29          3.819e+01      7.722e-01      1.020e-01      5.988e-01      0.000e+00      1.000e+01      0.000e+00      1.000e-03   
      29             30          3.747e+01      7.208e-01      1.010e-01      5.496e-01      0.000e+00      1.000e+01      0.000e+00      1.000e-03   
      30             31          3.680e+01      6.759e-01      9.953e-02      5.073e-01      0.000e+00      1.000e+01      0.000e+00      1.000e-03   
      31             32          3.616e+01      6.346e-01      9.753e-02      4.658e-01      0.000e+00      1.000e+01      0.000e+00      1.000e-03   
      32             33          3.557e+01      5.966e-01      9.504e-02      4.279e-01      0.000e+00      1.000e+01      0.000e+00      1.000e-03   
      33             34          3.500e+01      5.622e-01      9.205e-02      3.927e-01      0.000e+00      1.000e+01      0.000e+00      1.000e-03   
      34             35          3.448e+01      5.283e-01      8.848e-02      3.597e-01      0.000e+00      1.000e+01      0.000e+00      1.000e-03   
      35             36          3.398e+01      4.961e-01      8.437e-02      3.304e-01      0.000e+00      1.000e+01      0.000e+00      1.000e-03   
  [mem] RSS 4.31 GB  peak 4.31 GB
      36             37          3.351e+01      4.654e-01      7.956e-02      2.998e-01      2.663e-02      1.000e+01      0.000e+00      1.000e-03   
      37             38          3.308e+01      4.350e-01      7.408e-02      2.761e-01      6.727e-02      1.000e+01      0.000e+00      1.000e-03   
      38             39          3.268e+01      4.015e-01      6.820e-02      2.437e-01      1.036e-01      1.000e+01      0.000e+00      1.000e-03   
      39             40          3.231e+01      3.683e-01      6.173e-02      2.136e-01      1.350e-01      1.000e+01      0.000e+00      1.000e-03   
      40             41          3.198e+01      3.329e-01      5.464e-02      1.781e-01      1.609e-01      1.000e+01      0.000e+00      1.000e-03   
      41             42          3.168e+01      2.961e-01      4.691e-02      1.461e-01      1.811e-01      1.000e+01      0.000e+00      1.000e-03   
      42             43          3.142e+01      2.563e-01      3.894e-02      1.207e-01      1.958e-01      1.000e+01      0.000e+00      1.000e-03   
      43             44          3.121e+01      2.151e-01      3.162e-02      1.157e-01      2.054e-01      1.000e+01      0.000e+00      1.000e-03   
      44             45          3.103e+01      1.746e-01      2.644e-02      1.095e-01      2.110e-01      1.000e+01      0.000e+00      1.000e-03   
  [mem] RSS 4.31 GB  peak 4.31 GB
      45             46          3.089e+01      1.401e-01      2.391e-02      1.023e-01      2.138e-01      1.000e+01      0.000e+00      1.000e-03   
      46             47          3.078e+01      1.153e-01      2.299e-02      9.450e-02      2.151e-01      1.000e+01      0.000e+00      1.000e-03   
second_order: compiling constraint Hessian for blocks CoilLength, CoilMeanSquaredCurvature
      47             48          3.068e+01      9.813e-02      2.245e-02      8.721e-02      2.156e-01      1.000e+01      0.000e+00      1.000e-03   
      48             49          3.059e+01      8.676e-02      2.181e-02      8.279e-02      2.158e-01      1.000e+01      0.000e+00      1.000e-03   
  [mem] RSS 4.35 GB  peak 4.35 GB
      49             50          3.051e+01      7.896e-02      2.113e-02      7.980e-02      2.158e-01      1.000e+01      0.000e+00      1.000e-03   
  [it   50] bn 6.0200e-02  L 1.028  kappa 0.862  kMS 0.999  d_cc 2.794  d_pc 2.983  -> FAILS L
      50             51          3.044e+01      7.311e-02      2.050e-02      7.667e-02      2.157e-01      1.000e+01      0.000e+00      1.000e-03   
      51             52          3.037e+01      6.828e-02      1.998e-02      7.332e-02      2.155e-01      1.000e+01      0.000e+00      1.000e-03   
      52             53          3.031e+01      6.337e-02      1.947e-02      6.982e-02      2.153e-01      1.000e+01      0.000e+00      1.000e-03   
      53             54          3.025e+01      5.908e-02      1.901e-02      6.620e-02      2.151e-01      1.000e+01      0.000e+00      1.000e-03   
      54             55          3.020e+01      5.478e-02      1.861e-02      6.265e-02      2.148e-01      1.000e+01      0.000e+00      1.000e-03   
      55             56          3.015e+01      5.075e-02      1.837e-02      5.910e-02      2.144e-01      1.000e+01      0.000e+00      1.000e-03   
      56             57          3.010e+01      4.714e-02      1.844e-02      5.560e-02      2.139e-01      1.000e+01      0.000e+00      1.000e-03   
      57             58          3.005e+01      4.387e-02      1.846e-02      5.222e-02      2.149e-01      1.000e+01      0.000e+00      1.000e-03   
  [mem] RSS 4.35 GB  peak 4.35 GB
      58             59          3.001e+01      3.979e-02      1.871e-02      4.897e-02      2.166e-01      1.000e+01      0.000e+00      1.000e-03   
      59             60          2.998e+01      3.608e-02      1.916e-02      4.593e-02      2.181e-01      1.000e+01      0.000e+00      1.000e-03   
      60             61          2.995e+01      3.265e-02      1.965e-02      4.307e-02      2.194e-01      1.000e+01      0.000e+00      1.000e-03   
      61             62          2.992e+01      2.946e-02      1.949e-02      4.047e-02      2.205e-01      1.000e+01      0.000e+00      1.000e-03   
      62             63          2.989e+01      2.661e-02      1.902e-02      3.789e-02      2.214e-01      1.000e+01      0.000e+00      1.000e-03   
      63             64          2.987e+01      2.401e-02      1.879e-02      3.562e-02      2.220e-01      1.000e+01      0.000e+00      1.000e-03   
      64             65          2.984e+01      2.177e-02      1.875e-02      3.348e-02      2.223e-01      1.000e+01      0.000e+00      1.000e-03   
      65             66          2.982e+01      1.966e-02      1.840e-02      3.160e-02      2.224e-01      1.000e+01      0.000e+00      1.000e-03   
      66             67          2.981e+01      1.809e-02      1.801e-02      2.980e-02      2.223e-01      1.000e+01      0.000e+00      1.000e-03   
  [mem] RSS 4.35 GB  peak 4.35 GB
      67             68          2.979e+01      1.664e-02      1.813e-02      2.821e-02      2.220e-01      1.000e+01      0.000e+00      1.000e-03   
      68             69          2.977e+01      1.539e-02      1.745e-02      2.666e-02      2.216e-01      1.000e+01      0.000e+00      1.000e-03   
      69             70          2.976e+01      1.408e-02      1.728e-02      2.568e-02      2.211e-01      1.000e+01      0.000e+00      1.000e-03   
      70             71          2.975e+01      1.328e-02      1.760e-02      2.453e-02      2.205e-01      1.000e+01      0.000e+00      1.000e-03   
      71             72          2.973e+01      1.218e-02      1.765e-02      2.385e-02      2.198e-01      1.000e+01      0.000e+00      1.000e-03   
      72             73          2.972e+01      1.165e-02      1.833e-02      2.257e-02      2.192e-01      1.000e+01      0.000e+00      1.000e-03   
      73             74          2.971e+01      1.054e-02      1.796e-02      2.209e-02      2.185e-01      1.000e+01      0.000e+00      1.000e-03   
      74             75          2.970e+01      1.038e-02      1.858e-02      2.073e-02      2.179e-01      1.000e+01      0.000e+00      1.000e-03   
      75             76          2.969e+01      9.113e-03      1.863e-02      2.069e-02      2.172e-01      1.000e+01      0.000e+00      1.000e-03   
  [mem] RSS 4.35 GB  peak 4.35 GB
      76             77          2.968e+01      9.636e-03      1.961e-02      1.860e-02      2.166e-01      1.000e+01      0.000e+00      1.000e-03   
second_order: compiling constraint Hessian for blocks CoilLength
      77             78          2.968e+01      7.538e-03      1.946e-02      1.943e-02      2.160e-01      1.000e+01      0.000e+00      1.000e-03   
      78             79          2.967e+01      9.039e-03      1.988e-02      1.596e-02      2.154e-01      1.000e+01      0.000e+00      1.000e-03   
      79             80          2.966e+01      4.773e-03      1.958e-02      1.898e-02      2.150e-01      1.000e+01      0.000e+00      1.000e-03   
      80             81          2.965e+01      8.290e-03      1.893e-02      1.870e-02      2.145e-01      1.000e+01      0.000e+00      1.000e-03   
      81             82          2.965e+01      4.402e-04      1.869e-02      2.184e-02      2.142e-01      1.000e+01      0.000e+00      1.000e-03   
      82             83          2.965e+01      7.013e-03      3.962e-03      1.319e-02      2.140e-01      1.000e+01      0.000e+00      1.000e-03   
  [mem] RSS 4.38 GB  peak 4.38 GB
      83             84          2.964e+01      5.892e-03      1.833e-02      1.181e-02      2.137e-01      1.000e+01      0.000e+00      1.000e-03   
      84             85          2.964e+01      3.172e-03      2.224e-02      1.517e-02      2.134e-01      1.000e+01      0.000e+00      1.000e-03   
      85             86          2.963e+01      6.585e-03      1.800e-02      2.172e-02      2.130e-01      1.000e+01      0.000e+00      1.000e-03   
      86             87          2.963e+01      2.095e-04      4.025e-03      9.804e-03      2.129e-01      1.000e+01      0.000e+00      1.000e-03   
      87             88          2.962e+01      6.035e-03      2.118e-02      1.319e-02      2.128e-01      1.000e+01      0.000e+00      1.000e-03   
      88             89          2.962e+01      5.168e-03      2.064e-02      1.236e-02      2.122e-01      1.000e+01      0.000e+00      1.000e-03   
      89             90          2.962e+01      7.354e-04      1.991e-02      1.908e-02      2.121e-01      1.000e+01      0.000e+00      1.000e-03   
      90             91          2.961e+01      5.458e-03      3.968e-03      8.752e-03      2.119e-01      1.000e+01      0.000e+00      1.000e-03   
      91             92          2.961e+01      4.427e-03      1.841e-02      1.037e-02      2.117e-01      1.000e+01      0.000e+00      1.000e-03   
  [mem] RSS 4.38 GB  peak 4.38 GB
      92             93          2.961e+01      2.052e-03      2.299e-02      1.550e-02      2.115e-01      1.000e+01      0.000e+00      1.000e-03   
      93             94          2.960e+01      5.419e-03      1.809e-02      2.276e-02      2.113e-01      1.000e+01      0.000e+00      1.000e-03   
      94             95          2.960e+01     -1.538e-04      4.105e-03      6.138e-03      2.112e-01      1.000e+01      0.000e+00      1.000e-03   
      95             96          2.960e+01      5.172e-03      2.078e-02      9.854e-03      2.113e-01      1.000e+01      0.000e+00      1.000e-03   
      96             97          2.959e+01      4.137e-03      2.003e-02      1.456e-02      2.108e-01      1.000e+01      0.000e+00      1.000e-03   
      97             98          2.959e+01     -8.761e-04      1.959e-02      2.317e-02      2.108e-01      1.000e+01      0.000e+00      1.000e-03   
      98             99          2.959e+01      5.630e-03      3.978e-03      5.813e-03      2.107e-01      1.000e+01      0.000e+00      1.000e-03   
      99             100         2.958e+01      3.867e-03      1.821e-02      1.197e-02      2.107e-01      1.000e+01      0.000e+00      1.000e-03   
  [it  100] bn 5.9577e-02  L 1.028  kappa 1.093  kMS 1.007  d_cc 2.608  d_pc 3.118  -> FAILS L,kappa,kMS
      100            101         2.958e+01      4.040e-04      2.223e-02      1.781e+00      2.106e-01      1.043e+01      6.184e-02      1.781e-01   
  [mem] RSS 4.39 GB  peak 4.39 GB
      101            102         2.977e+01     -1.907e-01      3.520e-03      1.536e+00      1.842e-01      1.043e+01      6.184e-02      1.781e-01   
      102            103         3.011e+01     -3.393e-01      1.764e-02      1.112e+00      1.388e-01      1.043e+01      6.184e-02      1.781e-01   
      103            104         3.046e+01     -3.425e-01      2.157e-02      6.979e-01      9.490e-02      1.043e+01      6.184e-02      1.781e-01   
      104            105         3.078e+01     -3.261e-01      1.658e-02      3.052e-01      5.397e-02      1.043e+01      6.184e-02      1.781e-01   
      105            106         3.096e+01     -1.784e-01      2.737e-02      8.186e-01      2.829e-02      1.401e+01      3.311e-01      8.186e-02   
      106            107         3.111e+01     -1.526e-01      6.516e-03      2.532e-01      1.018e-02      1.401e+01      3.311e-01      8.186e-02   
      107            108         3.116e+01     -4.565e-02      2.852e-02      1.221e-01      3.046e-03      1.401e+01      3.046e+00      1.221e-02   
      108            109         3.117e+01     -1.417e-02      2.913e-02      1.680e-02      1.257e-03      1.401e+01      3.046e+00      1.221e-02   
      109            110         3.116e+01      8.549e-03      1.583e-02      1.520e-02      1.577e-03      1.401e+01      3.046e+00      1.221e-02   
  [mem] RSS 4.39 GB  peak 4.39 GB
      110            111         3.116e+01      5.437e-03      1.271e-02      2.617e-02      2.552e-03      1.408e+01      2.460e+00      2.617e-03   
      111            112         3.115e+01      8.208e-03      1.374e-02      6.857e-03      0.000e+00      1.408e+01      2.460e+00      2.617e-03   
      112            113         3.115e+01      3.654e-03      9.425e-03      6.878e-03      0.000e+00      1.408e+01      2.460e+00      2.617e-03   
      113            114         3.114e+01      3.259e-03      8.629e-03      6.542e-03      1.361e-04      1.408e+01      2.460e+00      2.617e-03   
      114            115         3.114e+01      2.971e-03      8.666e-03      5.627e-03      2.741e-04      1.408e+01      2.460e+00      2.617e-03   
      115            116         3.114e+01      2.781e-03      9.005e-03      4.892e-03      3.792e-04      1.408e+01      2.460e+00      2.617e-03   
      116            117         3.113e+01      2.636e-03      9.103e-03      6.125e-03      4.390e-04      1.408e+01      2.460e+00      2.617e-03   
      117            118         3.113e+01      2.593e-03      9.941e-03      5.370e-03      4.772e-04      1.408e+01      2.460e+00      2.617e-03   
  [mem] RSS 4.39 GB  peak 4.39 GB
      118            119         3.113e+01      2.437e-03      9.153e-03      6.026e-03      4.869e-04      1.408e+01      2.460e+00      2.617e-03   
      119            120         3.113e+01      2.462e-03      9.952e-03      5.468e-03      5.272e-04      1.408e+01      2.460e+00      2.617e-03   
      120            121         3.112e+01      2.340e-03      9.794e-03      5.577e-03      5.605e-04      1.408e+01      2.460e+00      2.617e-03   
      121            122         3.112e+01      2.304e-03      9.075e-03      5.311e-03      5.100e-04      1.408e+01      2.460e+00      2.617e-03   
      122            123         3.112e+01      2.254e-03      1.234e-02      5.340e-03      5.013e-04      1.408e+01      2.460e+00      2.617e-03   
      123            124         3.112e+01      2.211e-03      9.535e-03      5.187e-03      5.030e-04      1.408e+01      2.460e+00      2.617e-03   
      124            125         3.112e+01      2.130e-03      8.823e-03      5.261e-03      4.908e-04      1.408e+01      2.460e+00      2.617e-03   
      125            126         3.111e+01      2.103e-03      8.462e-03      5.161e-03      5.036e-04      1.408e+01      2.460e+00      2.617e-03   
      126            127         3.111e+01      2.004e-03      8.469e-03      5.271e-03      4.867e-04      1.408e+01      2.460e+00      2.617e-03   
  [mem] RSS 4.39 GB  peak 4.39 GB
      127            128         3.111e+01      1.952e-03      8.674e-03      7.282e-03      5.217e-04      1.408e+01      2.460e+00      2.617e-03   
      128            129         3.111e+01      1.744e-03      8.975e-03      9.233e-03      4.748e-04      1.408e+01      2.460e+00      2.617e-03   
      129            130         3.111e+01      1.597e-03      9.237e-03      1.374e-02      4.969e-04      1.408e+01      2.460e+00      2.617e-03   
      130            131         3.111e+01      1.166e-03      1.047e-02      1.801e-02      4.497e-04      1.408e+01      2.460e+00      2.617e-03   
      131            132         3.110e+01      6.635e-04      3.347e-03      6.137e-03      4.461e-04      1.408e+01      2.460e+00      2.617e-03   
      132            133         3.110e+01      5.782e-04      2.698e-03      3.099e-03      4.417e-04      1.408e+01      2.460e+00      2.617e-03   
      133            134         3.110e+01      2.101e-03      7.197e-03      5.710e-03      4.587e-04      1.408e+01      2.460e+00      2.617e-03   
      134            135         3.110e+01      1.716e-03      7.946e-03      7.004e-03      4.570e-04      1.408e+01      2.460e+00      2.617e-03   
      135            136         3.110e+01      1.510e-03      9.307e-03      1.096e-02      4.604e-04      1.408e+01      2.460e+00      2.617e-03   
  [mem] RSS 4.39 GB  peak 4.39 GB
      136            137         3.110e+01      1.163e-03      9.694e-03      1.493e-02      4.410e-04      1.408e+01      2.460e+00      2.617e-03   
      137            138         3.110e+01      8.133e-04      9.599e-03      2.030e-02      4.470e-04      1.408e+01      2.460e+00      2.617e-03   
      138            139         3.110e+01      9.273e-04      3.403e-03      6.189e-03      4.176e-04      1.408e+01      2.460e+00      2.617e-03   
      139            140         3.110e+01      5.274e-04      2.757e-03      3.033e-03      4.200e-04      1.408e+01      2.460e+00      2.617e-03   
      140            141         3.109e+01      1.842e-03      7.820e-03      4.378e-03      4.245e-04      1.408e+01      2.460e+00      2.617e-03   
      141            142         3.109e+01      1.517e-03      7.085e-03      6.805e-03      4.297e-04      1.408e+01      2.460e+00      2.617e-03   
      142            143         3.109e+01      1.260e-03      8.166e-03      9.984e-03      4.141e-04      1.408e+01      2.460e+00      2.617e-03   
      143            144         3.109e+01      1.010e-03      8.269e-03      1.468e-02      4.249e-04      1.408e+01      2.460e+00      2.617e-03   
      144            145         3.109e+01      4.637e-04      1.042e-02      2.054e-02      4.077e-04      1.408e+01      2.460e+00      2.617e-03   
  [mem] RSS 4.39 GB  peak 4.39 GB
      145            146         3.109e+01      9.594e-04      3.357e-03      6.250e-03      3.915e-04      1.408e+01      2.460e+00      2.617e-03   
      146            147         3.109e+01      5.029e-04      2.550e-03      3.354e-02      3.905e-04      1.408e+01      2.341e+00      3.354e-03   
      147            148         3.109e+01      2.035e-03      8.042e-03      4.381e-02      3.420e-04      1.408e+01      2.341e+00      3.354e-03   
      148            149         3.109e+01     -1.175e-03      2.199e-03      2.622e-01      1.566e-04      1.408e+01      2.341e+00      3.354e-03   
      149            150         3.109e+01      1.667e-04      2.335e-03      9.481e-03      1.472e-04      1.408e+01      2.341e+00      3.354e-03   
  [it  150] bn 6.0899e-02  L 1.000  kappa 0.925  kMS 1.000  d_cc 2.604  d_pc 3.116  -> FAILS L,kMS
      150            151         3.109e+01      1.669e-03      3.015e-02      3.415e-03      1.380e-04      1.408e+01      2.341e+00      3.354e-03   
      151            152         3.108e+01      1.399e-03      7.974e-03      3.878e-03      9.380e-05      1.408e+01      2.341e+00      3.354e-03   
      152            153         3.108e+01      1.256e-03      6.557e-03      3.855e-03      9.555e-05      1.408e+01      2.341e+00      3.354e-03   
      153            154         3.108e+01      1.130e-03      7.722e-03      5.145e-03      8.991e-05      1.408e+01      2.341e+00      3.354e-03   
  [mem] RSS 4.39 GB  peak 4.39 GB
      154            155         3.108e+01      8.636e-04      7.635e-03      8.438e-03      8.443e-05      1.408e+01      2.341e+00      3.354e-03   
      155            156         3.108e+01      3.996e-04      1.002e-02      1.264e-02      1.019e-04      1.408e+01      2.341e+00      3.354e-03   
      156            157         3.108e+01      6.694e-04      3.186e-03      6.300e-03      2.298e-06      1.408e+01      2.341e+00      3.354e-03   
      157            158         3.108e+01      4.418e-04      2.890e-03      3.015e-03      2.237e-06      1.408e+01      2.340e+00      3.015e-04   
      158            159         3.108e+01      1.310e-03      6.348e-03      5.581e-03      7.620e-05      1.408e+01      2.340e+00      3.015e-04   
      159            160         3.108e+01      9.514e-04      7.550e-03      8.167e-03      7.976e-05      1.408e+01      2.340e+00      3.015e-04   
      160            161         3.108e+01      6.047e-04      7.620e-03      1.299e-02      7.054e-05      1.408e+01      2.340e+00      3.015e-04   
      161            162         3.108e+01      3.142e-04      3.341e-03      7.258e-03      4.373e-06      1.408e+01      2.340e+00      3.015e-04   
      162            163         3.108e+01      1.517e-04      1.061e-03      1.856e-03      7.045e-06      1.408e+01      2.340e+00      3.015e-04   
  [mem] RSS 4.39 GB  peak 4.39 GB
      163            164         3.108e+01      8.364e-05      7.138e-04      1.183e-03      9.640e-06      1.408e+01      2.340e+00      3.015e-04   
      164            165         3.108e+01      3.167e-04      2.100e-03      9.932e-04      1.389e-05      1.408e+01      2.340e+00      3.015e-04   
      165            166         3.107e+01      1.221e-03      6.102e-03      2.931e-03      7.005e-05      1.408e+01      2.340e+00      3.015e-04   
      166            167         3.107e+01      1.038e-03      6.109e-03      3.178e-03      7.995e-05      1.408e+01      2.340e+00      3.015e-04   
      167            168         3.107e+01      9.323e-04      6.349e-03      3.053e-03      7.512e-05      1.408e+01      2.340e+00      3.015e-04   
      168            169         3.107e+01      8.894e-04      6.202e-03      4.235e-03      7.467e-05      1.408e+01      2.340e+00      3.015e-04   
      169            170         3.107e+01      7.233e-04      7.310e-03      6.968e-03      6.485e-05      1.408e+01      2.340e+00      3.015e-04   
      170            171         3.107e+01      4.749e-04      7.493e-03      1.172e-02      5.927e-05      1.408e+01      2.340e+00      3.015e-04   
      171            172         3.107e+01      1.696e-04      3.299e-03      7.906e-03      5.306e-06      1.408e+01      2.340e+00      3.015e-04   
  [mem] RSS 4.39 GB  peak 4.39 GB
      172            173         3.107e+01      1.526e-04      1.013e-03      1.636e-03      7.861e-06      1.408e+01      2.340e+00      3.015e-04   
      173            174         3.107e+01      7.135e-05      7.095e-04      9.956e-04      1.198e-05      1.408e+01      2.340e+00      3.015e-04   
      174            175         3.107e+01      2.563e-04      2.043e-03      8.086e-04      1.536e-05      1.408e+01      2.340e+00      3.015e-04   
      175            176         3.107e+01      9.730e-04      5.851e-03      2.418e-03      5.566e-05      1.408e+01      2.340e+00      3.015e-04   
      176            177         3.107e+01      8.205e-04      5.999e-03      2.615e-03      6.379e-05      1.408e+01      2.340e+00      3.015e-04   
      177            178         3.107e+01      7.228e-04      6.269e-03      2.485e-03      5.842e-05      1.408e+01      2.340e+00      3.015e-04   
      178            179         3.107e+01      6.681e-04      6.243e-03      4.412e-03      5.721e-05      1.408e+01      2.340e+00      3.015e-04   
      179            180         3.107e+01      4.735e-04      7.608e-03      7.747e-03      6.196e-05      1.408e+01      2.340e+00      3.015e-04   
      180            181         3.107e+01      1.301e-04      8.127e-03      1.328e-02      4.044e-05      1.408e+01      2.340e+00      3.015e-04   
  [mem] RSS 4.39 GB  peak 4.39 GB
      181            182         3.107e+01      3.330e-04      3.371e-03      7.509e-03      4.332e-06      1.408e+01      2.340e+00      3.015e-04   
      182            183         3.107e+01      1.385e-04      1.081e-03      1.879e-03      7.375e-06      1.408e+01      2.340e+00      3.015e-04   
      183            184         3.107e+01      5.805e-05      7.862e-04      1.239e-03      9.277e-06      1.408e+01      2.340e+00      3.015e-04   
      184            185         3.106e+01      2.108e-04      2.172e-03      6.598e-04      1.404e-05      1.408e+01      2.340e+00      3.015e-04   
      185            186         3.106e+01      7.733e-04      5.923e-03      1.983e-03      4.208e-05      1.408e+01      2.340e+00      3.015e-04   
      186            187         3.106e+01      6.314e-04      5.973e-03      2.098e-03      4.782e-05      1.408e+01      2.340e+00      3.015e-04   
      187            188         3.106e+01      5.330e-04      6.378e-03      3.528e-03      4.500e-05      1.408e+01      2.340e+00      3.015e-04   
      188            189         3.106e+01      3.570e-04      5.126e-03      4.376e-03      3.052e-05      1.408e+01      2.340e+00      3.015e-04   
      189            190         3.106e+01      3.610e-04      7.696e-03      8.040e-03      7.046e-05      1.408e+01      2.340e+00      3.015e-04   
  [mem] RSS 4.39 GB  peak 4.39 GB
      190            191         3.106e+01      3.890e-04      4.095e-03      2.421e-03      4.087e-05      1.408e+01      2.340e+00      3.015e-04   
      191            192         3.106e+01      4.894e-04      6.291e-03      3.880e-03      3.718e-05      1.408e+01      2.340e+00      3.015e-04   
      192            193         3.106e+01      2.868e-04      4.660e-03      3.555e-03      2.512e-05      1.408e+01      2.340e+00      3.015e-04   
      193            194         3.106e+01      3.353e-04      6.049e-03      4.700e-03      4.706e-05      1.408e+01      2.340e+00      3.015e-04   
      194            195         3.106e+01      1.977e-04      7.481e-03      9.009e-03      3.242e-05      1.408e+01      2.340e+00      3.015e-04   
      195            196         3.106e+01      5.633e-05      3.405e-03      7.638e-03      3.474e-06      1.408e+01      2.340e+00      3.015e-04   
      196            197         3.106e+01      1.489e-04      1.015e-03      1.742e-03      2.263e-06      1.408e+01      2.340e+00      3.015e-04   
      197            198         3.106e+01      5.501e-05      1.033e-03      7.771e-04      3.219e-06      1.408e+01      2.340e+00      3.015e-04   
      198            199         3.106e+01      1.601e-04      2.317e-03      5.480e-04      6.339e-06      1.408e+01      2.340e+00      3.015e-04   
  [mem] RSS 4.39 GB  peak 4.39 GB
      199            200         3.106e+01      5.630e-04      5.658e-03      1.459e-03      2.639e-05      1.408e+01      2.340e+00      3.015e-04   
  [it  200] bn 6.0826e-02  L 1.000  kappa 0.854  kMS 1.000  d_cc 2.601  d_pc 3.123  -> FAILS L,kMS
      200            201         3.106e+01      4.524e-04      6.188e-03      2.026e-03      4.625e-05      1.408e+01      2.340e+00      3.015e-04   
Warning: Maximum number of iterations has been exceeded.
         Current function value: 3.106e+01
         Constraint violation: 4.625e-05
         Total delta_x: 7.001e-01
         Iterations: 200
         Function evaluations: 201
         Jacobian evaluations: 200
Timer: Solution time = 12.6 min
Timer: Avg time per step = 3.77 sec
==============================================================================================================
                                                                 Start  -->   End
Total (sum of squares):                                      1.304e+02  -->   3.106e+01, 
Maximum absolute Boundary normal field error:                1.753e-01  -->   9.173e-02 (T m^2)
Minimum absolute Boundary normal field error:                4.789e-06  -->   6.716e-06 (T m^2)
Average absolute Boundary normal field error:                5.826e-02  -->   2.811e-02 (T m^2)
Maximum absolute Boundary normal field error:                1.037e+00  -->   5.428e-01 (normalized)
Minimum absolute Boundary normal field error:                2.834e-05  -->   3.974e-05 (normalized)
Average absolute Boundary normal field error:                3.448e-01  -->   1.663e-01 (normalized)
Maximum Coil length:                                         2.626e+00  -->   3.200e+00 (m)
Minimum Coil length:                                         2.626e+00  -->   3.200e+00 (m)
Average Coil length:                                         2.626e+00  -->   3.200e+00 (m)
Maximum Coil length:                                         6.283e+00  -->   7.656e+00 (normalized)
Minimum Coil length:                                         6.283e+00  -->   7.656e+00 (normalized)
Average Coil length:                                         6.283e+00  -->   7.656e+00 (normalized)
Maximum Coil curvature:                                      2.392e+00  -->   6.836e+00 (m^-1)
Minimum Coil curvature:                                      2.392e+00  -->   6.193e-04 (m^-1)
Average Coil curvature:                                      2.392e+00  -->   2.176e+00 (m^-1)
Maximum Coil curvature:                                      1.000e+00  -->   2.857e+00 (normalized)
Minimum Coil curvature:                                      1.000e+00  -->   2.589e-04 (normalized)
Average Coil curvature:                                      1.000e+00  -->   9.095e-01 (normalized)
Maximum Coil mean squared curvature:                         5.723e+00  -->   8.000e+00 (m^-2)
Minimum Coil mean squared curvature:                         5.723e+00  -->   7.483e+00 (m^-2)
Average Coil mean squared curvature:                         5.723e+00  -->   7.871e+00 (m^-2)
Maximum Coil mean squared curvature:                         1.000e+00  -->   1.398e+00 (normalized)
Minimum Coil mean squared curvature:                         1.000e+00  -->   1.307e+00 (normalized)
Average Coil mean squared curvature:                         1.000e+00  -->   1.375e+00 (normalized)
Maximum Coil-coil distance penalty:                          0.000e+00  -->   0.000e+00 (dimensionless)
Minimum Coil-coil distance penalty:                          0.000e+00  -->   0.000e+00 (dimensionless)
Average Coil-coil distance penalty:                          0.000e+00  -->   0.000e+00 (dimensionless)
Maximum Plasma-coil distance penalty:                        0.000e+00  -->   0.000e+00 (dimensionless)
Minimum Plasma-coil distance penalty:                        0.000e+00  -->   0.000e+00 (dimensionless)
Average Plasma-coil distance penalty:                        0.000e+00  -->   0.000e+00 (dimensionless)
Summed coil current error:                                   0.000e+00  -->   0.000e+00 (A)
==============================================================================================================


SOLVER {'wall_s': 777.3814086914062, 'message': 'Maximum number of iterations has been exceeded.', 'nit': 200, 'n_outer': 6, 'constr_violation': 4.624732620750471e-05, 'y_absmax_final': 2.340115446395785}
START  bn 1.2830e-01  L 0.821  kappa 0.299  kMS 0.715  d_cc 2.243  d_pc 1.568  -> FEASIBLE
RESULT bn 6.0826e-02  L 1.000  kappa 0.854  kMS 1.000  d_cc 2.601  d_pc 3.123  linked 0  -> FAILS L,kMS  active ['L', 'kMS']
wrote 922_stage1opt_results/runs/coilval/fb500_planar/result.h5, result.json, result.png
