Running as unit: run-p414797-i415752.scope; invocation ID: 852a8bd39a484fdeae273850cf59e172
E0917 14:06:00.285294  414884 cuda_executor.cc:1743] Could not get kernel mode driver version: ( INVALID_ARGUMENT: Version does not match the format X.Y.Z )
E0917 14:06:00.298620  414797 cuda_executor.cc:1743] Could not get kernel mode driver version: ( INVALID_ARGUMENT: Version does not match the format X.Y.Z )
DEVICE requested=gpu obtained=gpu (1x NVIDIA GeForce RTX 5070 Laptop GPU)
  [mem] RSS 0.83 GB  peak 0.83 GB
/home/singh/Documents/DESC2/coil_sandbox/vendor/desc/utils.py:590: UserWarning: Unequal number of field periods for grid 1 and basis 2.
  warnings.warn(msg, err)
/home/singh/Documents/DESC2/coil_sandbox/vendor/desc/utils.py:590: UserWarning: Unequal number of field periods for grid 1 and basis 2.
  warnings.warn(msg, err)
eq sample_equilibria/helios_repro.h5 (h5) NFP 2 sym True; start work/helios/scan_polar/cutc0x30_c1x120_c2x60/repair/result.h5: 3 unique coils, arc=True, expect 12 coils; source grid gl (48 nodes/coil); mode stage2; plasma field included (virtual casing)
SETTINGS {'eq': 'sample_equilibria/helios_repro.h5', 'start': 'work/helios/scan_polar/cutc0x30_c1x120_c2x60/repair/result.h5', 'out': 'work/helios/scan_polar/cutc0x30_c1x120_c2x60/legA', 'mode': 'stage2', 'length_mult': 1.0, 'margin': 0.0, 'fix_hinges': True, 'anchor_weight': 0.001, 'margin_skip': '', 'a': None, 'bounds': 'bounds/helios_kruger2026.json', 'device': None, 'vacuum': False, 'maxiter': 50, 'check_every': 25, 'ckpt_every': 25, 'diag_log': 'diag.jsonl', 'dcc_backoff': 0.025, 'dpc_backoff': 0.02, 'no_arc_backoffs': False, 'convex_form': 'signed', 'convex_kmin': 0.0, 'convex_backoff': 0.5, 'coil_grid_n': 150, 'eval_m': 25, 'eval_n': 25, 'plasma_m': 64, 'plasma_n': 64, 'src_gl': 24, 'src_n': 400, 'vc_m': None, 'vc_n': None, 'vc_chunk': 64, 'dcc_k': 20000, 'dpc_k': 20000, 'no_signed': False, 'dcc_neighbors': None, 'dcc_chunk': 4, 'dpc_chunk': 1, 'qf_chunk': 25, 'no_second_order': False, 'so_chunk': 16, 'so_rtol': 0.05, 'max_tr': 0.5, 'max_inner_iter': 100, 'ctol': 0.0001}
BOUNDS (judged, absolute, a=1.77186) L 36  kappa 1.5  kms -  convex 0.001  dcc 1.2  dpc 1.2
ENFORCED L 36  kappa 1.492  kms -  convex 0.0005  dcc 1.245  dpc 1.224  (convexity: signed, kappa_s >= 0.0)
  [mem] RSS 2.93 GB  peak 2.93 GB
START  bn 4.4896e-02  L 0.990  kappa 0.281  convex 0.759  d_cc 1.720  d_pc 1.579  linked 0  coils 12  -> FEASIBLE
Building objective: Quadratic flux
Precomputing transforms
/home/singh/Documents/DESC2/coil_sandbox/vendor/desc/utils.py:590: UserWarning: Could not build fft interpolator, switching to dft which is slow.
Reason: Got False for eval_grid.can_fft2.
  warnings.warn(msg, err)
  [mem] RSS 7.42 GB  peak 7.42 GB
  [mem] RSS 7.57 GB  peak 7.57 GB
