Running as unit: run-p2512456-i2516220.scope; invocation ID: 88da071e3fd84bc0a12f7051ddd51f63
E1008 17:41:22.055879 2512629 cuda_executor.cc:1743] Could not get kernel mode driver version: ( INVALID_ARGUMENT: Version does not match the format X.Y.Z )
E1008 17:41:22.069342 2512456 cuda_executor.cc:1743] Could not get kernel mode driver version: ( INVALID_ARGUMENT: Version does not match the format X.Y.Z )
DESC /home/singh/Documents/DESC2/desc
DEVICE requested=gpu obtained=gpu (1x NVIDIA GeForce RTX 5070 Laptop GPU)
--field-term bn is blind to the current scale: holding the coil current SUM fixed
  [mem] RSS 0.83 GB  peak 0.83 GB
JOINT PLANE: each coil's hinges snapped to their mean height and held level (heights free) (largest move 2.22e-16 m)
eq precise_QH (desc.examples) NFP 4 sym True L,M,N 8,8,8 dim_x 1462; start work/ss_qh/joint/base_level/result.h5: 4 unique coils (PiecewisePlanarArcCoil), 32 total
SETTINGS {'eq': 'precise_QH', 'start': 'work/ss_qh/joint/base_level/result.h5', 'out': 'work/ss_qh/joint/ss_level', 'bounds': 'bounds/precise_qh_gil.json', 'a': None, 'device': None, 'length_mult': 1.0, 'fix_coils': False, 'fix_hinge_z': None, 'horizontal_hinges': True, 'dry': False, 'field_term': 'bn', 'fix_current_sum': True, 'helicity': '1,4', 'qs_rho': '0.2,0.4,0.6,0.8,1.0', 'A_min': 7.5, 'A_max': 8.5, 'vol_band': 0.02, 'V0': 0.30352, 'bn_norm': 0.42526, 'qs_form': 'scale-invariant', 'iota_min': 1.19, 'kmin': 1, 'kmax': 4, 'maxiter': 100, 'ftol': 1e-06, 'xtol': 1e-12, 'gtol': 1e-08, 'max_tr': None, 'perturb_order': 2, 'solve_tol': 1e-10, 'tau_bn': 0.005, 'tau_qs': 0.01695, 'tau_qs_rel': 2.0, 'tau_A': 0.01, 'tau_V': 0.005, 'tau_iota': 0.01, 'tau_L': 0.01, 'tau_kappa': 0.01, 'tau_kms': 0.01, 'tau_dpc': 0.01, 'tau_dcc': 1e-06, 'dcc_backoff': 0.025, 'dpc_backoff': 0.02, 'no_arc_backoffs': False, 'eval_m': 25, 'eval_n': 25, 'plasma_m': 32, 'plasma_n': 32, 'coil_grid_n': 150, 'src_gl': 24, 'src_n': 400, 'bs_chunk': None, 'jac_chunk': None, 'dcc_k': 20000}
BOUNDS (judged, absolute) L 2.926  Ltot -  kappa 13.67  kms 18.69  convex -  planar -  dcc 0.05851  dpc 0.1097
ENFORCED L 2.926  Ltot -  kappa 13.6  kms 18.51  convex -  planar -  dcc 0.06088  dpc 0.1119
/home/singh/Documents/DESC2/desc/utils.py:590: UserWarning: Unequal number of field periods for grid 1 and basis 4.
  warnings.warn(msg, err)
/home/singh/Documents/DESC2/desc/utils.py:590: UserWarning: Unequal number of field periods for grid 1 and basis 4.
  warnings.warn(msg, err)
START physics  A 8.000  R0 0.9947  a 0.1243  iota [1.2523, 1.2562]  QS(Boozer, |B_nonsym|/<B>) rho 0.25 4.81e-04  rho 0.5 2.25e-04  rho 0.75 3.86e-04  rho 1 1.44e-03
START coils    bn 8.7680e-03 (max 4.960e-02)  L 1.000  kappa 1.001  kMS 0.925  d_cc 1.007  d_pc 1.006  linked 0  -> FAILS L,kappa
QS two-term rms at the start 0.001695 -> tau_qs 0.01695
B.n normalization frozen at the start: 0.42526; volume band around V0 = 0.30352
quadrature scales s (expected; compare the s(qw) column): bn 6.283  qs 41.41  iota 1  kappa 0.3622  dcc 9.06e+04
/home/singh/Documents/DESC2/desc/utils.py:590: FutureWarning: constants is deprecated and will be removed in a future release. Users should not include constants in the arguments of their objective compute methods. Instead declare all the constants in the build method and use as self._constants.
  warnings.warn(msg, err)
/home/singh/Documents/DESC2/desc/utils.py:590: FutureWarning: constants is deprecated and will be removed in a future release. Users should not include constants in the arguments of their objective compute methods. Instead declare all the constants in the build method and use as self._constants.
  warnings.warn(msg, err)
/home/singh/Documents/DESC2/desc/utils.py:590: FutureWarning: constants is deprecated and will be removed in a future release. Users should not include constants in the arguments of their objective compute methods. Instead declare all the constants in the build method and use as self._constants.
  warnings.warn(msg, err)
/home/singh/Documents/DESC2/desc/utils.py:590: FutureWarning: constants is deprecated and will be removed in a future release. Users should not include constants in the arguments of their objective compute methods. Instead declare all the constants in the build method and use as self._constants.
  warnings.warn(msg, err)
/home/singh/Documents/DESC2/desc/utils.py:590: FutureWarning: constants is deprecated and will be removed in a future release. Users should not include constants in the arguments of their objective compute methods. Instead declare all the constants in the build method and use as self._constants.
  warnings.warn(msg, err)
/home/singh/Documents/DESC2/desc/utils.py:590: FutureWarning: constants is deprecated and will be removed in a future release. Users should not include constants in the arguments of their objective compute methods. Instead declare all the constants in the build method and use as self._constants.
  warnings.warn(msg, err)

TERMS AT THE START
term                             dim_f    weight     norm    s(qw)  target/bounds           raw min    raw max       cost  err/tol  share
Vacuum B.n error                  1326      31.8   0.4253    6.283  = 0                    -0.01305    0.01694      2.137     2.07  67.5%
QS two-term (scale-invariant)     5445      1.42        -    41.41  = 0                    -0.01309    0.01309      0.005      0.1   0.2%
aspect ratio                         1      12.5        -        1  [7.5, 8.5]                    8          8          0        0   0.0%
rotational transform                20        84        -        1  [1.19, inf]               1.252      1.256          0        0   0.0%
volume                               1       659        -        1  [0.2974, 0.3096]         0.3035     0.3035          0        0   0.0%
coil length                          4      34.2        -        2  [0, 2.926]                2.926      2.926  6.049e-15  1.1e-07   0.0%
coil curvature                    1204      20.3        -    5.013  [0, 13.6]                     0      13.68    0.05052    0.318   1.6%
coil mean squared curvature          4       5.4        -        2  [0, 18.51]                9.988      17.33          0        0   0.0%
coil-coil distance penalty          72        11        -    8.485  [-inf, 0]                     0    0.02551    0.06414    0.358   2.0%
plasma-coil minimum distance         8       894        -    2.828  [0.1119, inf]            0.1104     0.1914     0.9112     1.35  28.8%
total cost 0.5 sum f^2                                                                                                       3.167

===== step k=1: 8 boundary modes free, maxiter 100 =====
Building objective: Vacuum B.n error
Precomputing transforms
Timer: Precomputing transforms = 21.8 ms
Building objective: QS two-term (scale-invariant)
Precomputing transforms
Timer: Precomputing transforms = 46.6 ms
Building objective: aspect ratio
Precomputing transforms
Timer: Precomputing transforms = 22.1 ms
Building objective: rotational transform
Precomputing transforms
Timer: Precomputing transforms = 22.7 ms
Building objective: volume
Precomputing transforms
Timer: Precomputing transforms = 21.3 ms
Building objective: coil length
Precomputing transforms
Timer: Precomputing transforms = 40.5 us
Building objective: coil curvature
Precomputing transforms
Timer: Precomputing transforms = 31.9 us
Building objective: coil mean squared curvature
Precomputing transforms
Timer: Precomputing transforms = 35.2 us
Building objective: coil-coil distance penalty
Building objective: plasma-coil minimum distance
ObjectiveFunction deriv_mode : blocked
Vacuum B.n error jac_chunk_size: None
QS two-term (scale-invariant) jac_chunk_size: None
aspect ratio jac_chunk_size: None
rotational transform jac_chunk_size: None
volume jac_chunk_size: None
coil length jac_chunk_size: None
coil curvature jac_chunk_size: None
coil mean squared curvature jac_chunk_size: None
coil-coil distance penalty jac_chunk_size: None
plasma-coil minimum distance jac_chunk_size: None
Timer: Objective build = 280 ms
Building objective: force
Precomputing transforms
Timer: Precomputing transforms = 827 ms
ObjectiveFunction deriv_mode : batched
ObjectiveFunction jac_chunk_size: 4382
Timer: Objective build = 876 ms
ObjectiveFunction deriv_mode : blocked
lcfs R jac_chunk_size: None
lcfs Z jac_chunk_size: None
fixed Psi jac_chunk_size: None
fixed pressure jac_chunk_size: None
fixed current jac_chunk_size: None
fixed sheet current jac_chunk_size: None
self_consistency R jac_chunk_size: None
self_consistency Z jac_chunk_size: None
lambda gauge jac_chunk_size: None
axis R self consistency jac_chunk_size: None
axis Z self consistency jac_chunk_size: None
Timer: Objective build = 1.30 ms
Timer: Eq Update LinearConstraintProjection build = 3.69 sec
Timer: Proximal projection build = 36.2 sec
Building objective: lcfs R
Building objective: fixed Psi
Building objective: fixed pressure
Building objective: fixed current
Building objective: fixed sheet current
Building objective: lcfs Z
Building objective: summed coil current
Building objective: hinge level
  hinge level: 4 residuals (4 coils, B=2), linear -- factorized out, not an AL constraint
Building objective: fixed shift
Building objective: fixed rotation
Building objective: fixed arc reference
ObjectiveFunction deriv_mode : blocked
lcfs R jac_chunk_size: None
fixed Psi jac_chunk_size: None
fixed pressure jac_chunk_size: None
fixed current jac_chunk_size: None
fixed sheet current jac_chunk_size: None
lcfs Z jac_chunk_size: None
summed coil current jac_chunk_size: None
hinge level jac_chunk_size: None
fixed shift jac_chunk_size: None
fixed rotation jac_chunk_size: None
fixed arc reference jac_chunk_size: None
Timer: Objective build = 1.53 sec
Timer: LinearConstraintProjection build = 3.53 sec
Number of parameters: 79
Number of objectives: 8085
Timer: Initializing the optimization = 41.4 sec

Starting optimization
Using method: proximal-lsq-exact
  [mem] RSS 4.93 GB  peak 4.93 GB
Solver options:
------------------------------------------------------------
Maximum Function Evaluations       : 501
Maximum Allowed Total Δx Norm      : inf
Scaled Termination                 : True
Trust Region Method                : qr
Initial Trust Radius               : 9.056e+01
Maximum Trust Radius               : inf
Minimum Trust Radius               : 2.220e-16
Trust Radius Increase Ratio        : 2.000e+00
Trust Radius Decrease Ratio        : 2.500e-01
Trust Radius Increase Threshold    : 7.500e-01
Trust Radius Decrease Threshold    : 2.500e-01
------------------------------------------------------------ 

   Iteration     Total nfev        Cost      Cost reduction    Step norm     Optimality   
       0              1          3.168e+00                                    1.307e+00   
       1              6          2.256e+00      9.113e-01      4.390e-03      3.228e-01   
  [mem] RSS 5.28 GB  peak 5.28 GB
       2              8          2.161e+00      9.543e-02      4.431e-03      6.459e-02   
       3              9          2.131e+00      2.966e-02      6.330e-03      5.732e-02   
       4             11          2.122e+00      8.987e-03      7.864e-03      8.344e-02   
       5             12          2.113e+00      9.596e-03      6.909e-03      4.486e-02   
       6             13          2.101e+00      1.117e-02      1.003e-02      1.182e-01   
       7             14          2.097e+00      4.786e-03      1.301e-02      1.399e-01   
       8             15          2.083e+00      1.335e-02      4.694e-03      4.163e-02   
       9             16          2.076e+00      7.208e-03      4.182e-03      1.899e-02   
      10             17          2.066e+00      1.051e-02      7.193e-03      3.384e-02   
      11             19          2.062e+00      3.674e-03      7.224e-03      4.263e-02   
      12             20          2.058e+00      4.186e-03      7.023e-03      3.661e-02   
      13             21          2.055e+00      3.038e-03      7.600e-03      5.061e-02   
      14             22          2.052e+00      2.876e-03      8.081e-03      4.916e-02   
      15             23          2.050e+00      2.001e-03      8.622e-03      6.618e-02   
      16             24          2.046e+00      3.406e-03      2.564e-03      2.069e-02   
      17             25          2.044e+00      2.058e-03      3.227e-03      1.101e-02   
  [mem] RSS 5.28 GB  peak 5.28 GB
      18             26          2.041e+00      3.499e-03      3.995e-03      1.662e-02   
      19             28          2.039e+00      1.668e-03      3.460e-03      9.774e-03   
      20             29          2.037e+00      1.684e-03      2.631e-03      1.000e-02   
      21             30          2.035e+00      2.771e-03      4.347e-03      2.147e-02   
      22             32          2.033e+00      1.374e-03      4.165e-03      1.416e-02   
      23             33          2.032e+00      1.443e-03      3.218e-03      1.143e-02   
      24             34          2.031e+00      1.319e-03      3.148e-03      1.160e-02   
      25             35          2.029e+00      1.276e-03      3.129e-03      1.171e-02   
      26             36          2.028e+00      1.198e-03      3.235e-03      1.256e-02   
      27             37          2.027e+00      1.153e-03      3.335e-03      1.319e-02   
      28             38          2.026e+00      1.055e-03      3.500e-03      1.418e-02   
      29             39          2.025e+00      1.038e-03      3.612e-03      1.486e-02   
      30             40          2.024e+00      9.197e-04      3.743e-03      1.551e-02   
      31             41          2.023e+00      9.592e-04      3.804e-03      1.600e-02   
      32             42          2.022e+00      7.971e-04      3.882e-03      1.619e-02   
      33             43          2.021e+00      9.180e-04      3.898e-03      1.657e-02   
      34             44          2.021e+00      6.875e-04      3.944e-03      1.644e-02   
      35             45          2.020e+00      8.946e-04      3.945e-03      1.690e-02   
      36             46          2.019e+00      5.140e-04      3.978e-03      1.658e-02   
  [mem] RSS 5.29 GB  peak 5.29 GB
      37             47          2.018e+00      8.474e-04      4.057e-03      1.790e-02   
      38             48          2.018e+00      4.091e-04      4.162e-03      1.757e-02   
      39             49          2.017e+00      6.704e-04      1.059e-03      8.496e-03   
      40             50          2.017e+00      4.940e-04      1.602e-03      4.996e-03   
      41             51          2.016e+00      4.898e-04      1.024e-03      5.090e-03   
      42             52          2.015e+00      9.036e-04      1.516e-03      5.893e-03   
      43             54          2.015e+00      4.166e-04      1.349e-03      5.146e-03   
      44             55          2.014e+00      4.506e-04      9.616e-04      4.578e-03   
      45             56          2.014e+00      6.488e-04      1.465e-03      1.423e-02   
      46             58          2.013e+00      3.632e-04      5.833e-04      4.371e-03   
      47             60          2.013e+00      7.793e-05      1.624e-04      6.997e-03   
      48             61          2.013e+00      1.150e-04      1.390e-04      2.939e-03   
      49             62          2.013e+00      1.908e-04      2.505e-04      2.843e-03   
      50             63          2.013e+00      3.701e-04      4.386e-04      2.807e-03   
      51             64          2.012e+00      7.113e-04      7.897e-04      2.722e-03   
      52             65          2.011e+00      1.331e-03      1.396e-03      2.548e-03   
      53             66          2.009e+00      2.066e-03      2.505e-03      9.079e-03   
      54             69          2.009e+00      9.143e-05      6.847e-04      1.911e-02   
      55             70          2.008e+00      2.757e-04      1.048e-04      5.735e-03   
      56             71          2.008e+00      1.545e-04      2.011e-04      2.372e-03   
  [mem] RSS 5.29 GB  peak 5.29 GB
      57             72          2.008e+00      1.183e-04      1.905e-04      3.398e-03   
      58             73          2.008e+00      1.317e-04      1.716e-04      2.148e-03   
      59             74          2.008e+00      2.072e-04      3.393e-04      6.196e-03   
      60             75          2.007e+00      1.831e-04      4.353e-04      4.362e-03   
      61             77          2.007e+00      9.377e-05      1.264e-04      2.428e-03   
      62             78          2.007e+00      6.977e-05      9.908e-05      1.982e-03   
      63             79          2.007e+00      1.316e-04      1.467e-04      1.980e-03   
      64             80          2.007e+00      2.576e-04      2.797e-04      2.026e-03   
      65             81          2.006e+00      5.003e-04      5.522e-04      1.958e-03   
      66             82          2.006e+00      3.756e-04      1.137e-03      2.170e-02   
      67             84          2.006e+00      2.069e-04      5.282e-04      2.021e-02   
      68             85          2.006e+00      2.898e-04      1.023e-04      6.572e-03   
      69             86          2.005e+00      1.209e-04      2.280e-04      2.607e-03   
      70             87          2.005e+00      6.830e-05      2.145e-04      4.659e-03   
      71             88          2.005e+00      9.345e-05      2.118e-04      2.418e-03   
      72             89          2.005e+00      6.763e-05      2.060e-04      4.508e-03   
      73             90          2.005e+00      8.984e-05      2.128e-04      2.395e-03   
      74             91          2.005e+00      6.335e-05      2.075e-04      4.521e-03   
      75             92          2.005e+00      8.697e-05      2.167e-04      2.448e-03   
      76             93          2.005e+00      5.987e-05      2.124e-04      4.787e-03   
      77             94          2.005e+00      8.469e-05      2.215e-04      2.500e-03   
      78             95          2.005e+00      5.648e-05      2.158e-04      4.925e-03   
      79             96          2.005e+00      8.328e-05      2.252e-04      2.542e-03   
      80             97          2.005e+00      5.336e-05      2.187e-04      5.043e-03   
      81             98          2.004e+00      8.195e-05      2.285e-04      2.579e-03   
      82             99          2.004e+00      5.043e-05      2.212e-04      5.151e-03   
      83             100         2.004e+00      8.070e-05      2.315e-04      2.613e-03   
  [mem] RSS 5.29 GB  peak 5.29 GB
      84             101         2.004e+00      4.763e-05      2.234e-04      5.257e-03   
      85             102         2.004e+00      7.949e-05      2.343e-04      2.646e-03   
      86             103         2.004e+00      4.495e-05      2.255e-04      5.359e-03   
      87             104         2.004e+00      7.836e-05      2.369e-04      2.678e-03   
      88             105         2.004e+00      4.238e-05      2.274e-04      5.454e-03   
      89             106         2.004e+00      7.733e-05      2.393e-04      2.709e-03   
      90             107         2.004e+00      3.991e-05      2.291e-04      5.544e-03   
      91             108         2.004e+00      7.638e-05      2.415e-04      2.738e-03   
      92             109         2.004e+00      3.750e-05      2.308e-04      5.629e-03   
      93             110         2.004e+00      7.553e-05      2.436e-04      2.767e-03   
      94             111         2.004e+00      3.515e-05      2.323e-04      5.716e-03   
      95             112         2.004e+00      7.474e-05      2.456e-04      2.795e-03   
      96             113         2.004e+00      3.288e-05      2.337e-04      5.801e-03   
      97             114         2.004e+00      4.407e-05      5.441e-05      1.827e-03   
      98             115         2.004e+00      4.044e-05      1.049e-04      1.593e-03   
      99             116         2.003e+00      7.811e-05      1.433e-04      1.684e-03   
      100            117         2.003e+00      1.153e-04      3.568e-04      3.407e-03   
Warning: Maximum number of iterations has been exceeded.
         Current function value: 2.003e+00
         Total delta_x: 6.401e-02
         Iterations: 100
         Function evaluations: 117
         Jacobian evaluations: 101
Timer: Solution time = 11.5 min
Timer: Avg time per step = 6.85 sec
==============================================================================================================
                                                                 Start  -->   End
Total (sum of squares):                                      3.168e+00  -->   2.003e+00, 
Maximum absolute Boundary normal field error:                1.694e-02  -->   1.438e-02 (T*m^2, T^2*m^2)
Minimum absolute Boundary normal field error:                1.039e-07  -->   6.171e-06 (T*m^2, T^2*m^2)
Average absolute Boundary normal field error:                3.491e-03  -->   3.346e-03 (T*m^2, T^2*m^2)
Maximum absolute Boundary normal field error:                3.984e-02  -->   3.381e-02 (normalized)
Minimum absolute Boundary normal field error:                2.442e-07  -->   1.451e-05 (normalized)
Average absolute Boundary normal field error:                8.209e-03  -->   7.868e-03 (normalized)
Maximum absolute Quasi-symmetry (1,4) two-term error:        1.314e-02  -->   3.659e-02 (dimensionless)
Minimum absolute Quasi-symmetry (1,4) two-term error:        6.796e-16  -->   6.728e-16 (dimensionless)
Average absolute Quasi-symmetry (1,4) two-term error:        1.239e-03  -->   6.036e-03 (dimensionless)
Aspect ratio:                                                8.000e+00  -->   7.926e+00 (dimensionless)
Maximum Rotational transform:                                1.256e+00  -->   1.251e+00 (dimensionless)
Minimum Rotational transform:                                1.252e+00  -->   1.247e+00 (dimensionless)
Average Rotational transform:                                1.256e+00  -->   1.251e+00 (dimensionless)
Plasma volume:                                               3.035e-01  -->   3.096e-01 (m^3)
Maximum Coil length:                                         2.926e+00  -->   2.927e+00 (m)
Minimum Coil length:                                         2.926e+00  -->   2.926e+00 (m)
Average Coil length:                                         2.926e+00  -->   2.926e+00 (m)
Maximum Coil curvature:                                      1.368e+01  -->   1.361e+01 (m^-1)
Minimum Coil curvature:                                      0.000e+00  -->   0.000e+00 (m^-1)
Average Coil curvature:                                      2.809e+00  -->   2.753e+00 (m^-1)
Maximum Coil mean squared curvature:                         1.733e+01  -->   1.645e+01 (m^-2)
Minimum Coil mean squared curvature:                         9.988e+00  -->   1.009e+01 (m^-2)
Average Coil mean squared curvature:                         1.246e+01  -->   1.220e+01 (m^-2)
Maximum Coil-coil distance penalty:                          2.551e-02  -->   3.784e-03 (dimensionless)
Minimum Coil-coil distance penalty:                          0.000e+00  -->   0.000e+00 (dimensionless)
Average Coil-coil distance penalty:                          8.668e-04  -->   1.298e-04 (dimensionless)
Maximum Minimum plasma-coil distance:                        1.914e-01  -->   1.974e-01 (m)
Minimum Minimum plasma-coil distance:                        1.104e-01  -->   1.119e-01 (m)
Average Minimum plasma-coil distance:                        1.438e-01  -->   1.459e-01 (m)
Maximum absolute Force error:                                8.838e+01  -->   8.447e+01 (N)
Minimum absolute Force error:                                4.932e-04  -->   8.056e-04 (N)
Average absolute Force error:                                2.904e+00  -->   2.563e+00 (N)
Maximum absolute Force error:                                1.398e-04  -->   1.336e-04 (normalized)
Minimum absolute Force error:                                7.802e-10  -->   1.275e-09 (normalized)
Average absolute Force error:                                4.594e-06  -->   4.055e-06 (normalized)
R boundary error:                                            3.477e-18  -->   4.376e-19 (m)
Fixed Psi error:                                             0.000e+00  -->   0.000e+00 (Wb)
Fixed pressure profile error:                                0.000e+00  -->   0.000e+00 (Pa)
Fixed current profile error:                                 0.000e+00  -->   0.000e+00 (A)
Fixed sheet current error:                                   0.000e+00  -->   0.000e+00 (~)
Z boundary error:                                            2.639e-18  -->   2.639e-18 (m)
Summed coil current error:                                   0.000e+00  -->   1.164e-10 (A)
Hinge level:                                                 0.000e+00  -->   8.210e-17 (m)
==============================================================================================================

/home/singh/Documents/DESC2/desc/utils.py:590: UserWarning: Unequal number of field periods for grid 1 and basis 4.
  warnings.warn(msg, err)
/home/singh/Documents/DESC2/desc/utils.py:590: UserWarning: Unequal number of field periods for grid 1 and basis 4.
  warnings.warn(msg, err)
/home/singh/Documents/DESC2/desc/utils.py:590: FutureWarning: constants is deprecated and will be removed in a future release. Users should not include constants in the arguments of their objective compute methods. Instead declare all the constants in the build method and use as self._constants.
  warnings.warn(msg, err)
/home/singh/Documents/DESC2/desc/utils.py:590: FutureWarning: constants is deprecated and will be removed in a future release. Users should not include constants in the arguments of their objective compute methods. Instead declare all the constants in the build method and use as self._constants.
  warnings.warn(msg, err)
/home/singh/Documents/DESC2/desc/utils.py:590: FutureWarning: constants is deprecated and will be removed in a future release. Users should not include constants in the arguments of their objective compute methods. Instead declare all the constants in the build method and use as self._constants.
  warnings.warn(msg, err)
/home/singh/Documents/DESC2/desc/utils.py:590: FutureWarning: constants is deprecated and will be removed in a future release. Users should not include constants in the arguments of their objective compute methods. Instead declare all the constants in the build method and use as self._constants.
  warnings.warn(msg, err)
/home/singh/Documents/DESC2/desc/utils.py:590: FutureWarning: constants is deprecated and will be removed in a future release. Users should not include constants in the arguments of their objective compute methods. Instead declare all the constants in the build method and use as self._constants.
  warnings.warn(msg, err)
/home/singh/Documents/DESC2/desc/utils.py:590: FutureWarning: constants is deprecated and will be removed in a future release. Users should not include constants in the arguments of their objective compute methods. Instead declare all the constants in the build method and use as self._constants.
  warnings.warn(msg, err)

TERMS AFTER k=1
term                             dim_f    weight     norm    s(qw)  target/bounds           raw min    raw max       cost  err/tol  share
Vacuum B.n error                  1326      31.8   0.4253    6.283  = 0                    -0.01188    0.01438       1.91     1.95  95.4%
QS two-term (scale-invariant)     5445      1.42        -    41.41  = 0                    -0.03659    0.03659    0.08909    0.422   4.4%
aspect ratio                         1      12.5        -        1  [7.5, 8.5]                7.926      7.926          0        0   0.0%
rotational transform                20        84        -        1  [1.19, inf]               1.247      1.251          0        0   0.0%
volume                               1       659        -        1  [0.2974, 0.3096]         0.3096     0.3096  3.993e-06  0.00283   0.0%
coil length                          4      34.2        -        2  [0, 2.926]                2.926      2.927   0.002347   0.0685   0.1%
coil curvature                    1204      20.3        -    5.013  [0, 13.6]                     0      13.61  1.536e-05  0.00554   0.0%
coil mean squared curvature          4       5.4        -        2  [0, 18.51]                10.09      16.45          0        0   0.0%
coil-coil distance penalty          72        11        -    8.485  [-inf, 0]                     0   0.003784   0.001656   0.0575   0.1%
plasma-coil minimum distance         8       894        -    2.828  [0.1119, inf]            0.1119     0.1974   1.94e-06  0.00197   0.0%
total cost 0.5 sum f^2                                                                                                       2.003
k=1 physics  A 7.926  R0 0.9951  a 0.1255  iota [1.2466, 1.2514]  QS(Boozer, |B_nonsym|/<B>) rho 0.25 7.05e-04  rho 0.5 1.35e-03  rho 0.75 2.42e-03  rho 1 3.81e-03
k=1 coils    bn 8.4554e-03 (max 4.224e-02)  L 1.001  kappa 1.000  kMS 0.882  d_cc 1.018  d_pc 1.020  linked 0  -> FAILS L
k=1 solver   Maximum number of iterations has been exceeded.  nit 100  wall 12.4 min
k=1 joint    max hinge-height spread 5.6e-17 m, coil z [-0.161, -0.046, -0.064, 0.061]

===== step k=2: 24 boundary modes free, maxiter 100 =====
Building objective: Vacuum B.n error
Precomputing transforms
Timer: Precomputing transforms = 24.3 ms
Building objective: QS two-term (scale-invariant)
Precomputing transforms
Timer: Precomputing transforms = 64.7 ms
Building objective: aspect ratio
Precomputing transforms
Timer: Precomputing transforms = 24.8 ms
Building objective: rotational transform
Precomputing transforms
Timer: Precomputing transforms = 27.4 ms
Building objective: volume
Precomputing transforms
Timer: Precomputing transforms = 26.2 ms
Building objective: coil length
Precomputing transforms
Timer: Precomputing transforms = 76.0 us
Building objective: coil curvature
Precomputing transforms
Timer: Precomputing transforms = 31.2 us
Building objective: coil mean squared curvature
Precomputing transforms
Timer: Precomputing transforms = 32.5 us
Building objective: coil-coil distance penalty
Building objective: plasma-coil minimum distance
ObjectiveFunction deriv_mode : blocked
Vacuum B.n error jac_chunk_size: None
QS two-term (scale-invariant) jac_chunk_size: None
aspect ratio jac_chunk_size: None
rotational transform jac_chunk_size: None
volume jac_chunk_size: None
coil length jac_chunk_size: None
coil curvature jac_chunk_size: None
coil mean squared curvature jac_chunk_size: None
coil-coil distance penalty jac_chunk_size: None
plasma-coil minimum distance jac_chunk_size: None
Timer: Objective build = 400 ms
Building objective: force
Precomputing transforms
Timer: Precomputing transforms = 55.5 ms
ObjectiveFunction deriv_mode : batched
ObjectiveFunction jac_chunk_size: 4382
Timer: Objective build = 68.8 ms
ObjectiveFunction deriv_mode : blocked
lcfs R jac_chunk_size: None
lcfs Z jac_chunk_size: None
fixed Psi jac_chunk_size: None
fixed pressure jac_chunk_size: None
fixed current jac_chunk_size: None
fixed sheet current jac_chunk_size: None
self_consistency R jac_chunk_size: None
self_consistency Z jac_chunk_size: None
lambda gauge jac_chunk_size: None
axis R self consistency jac_chunk_size: None
axis Z self consistency jac_chunk_size: None
Timer: Objective build = 830 us
Timer: Eq Update LinearConstraintProjection build = 138 ms
Timer: Proximal projection build = 1.95 sec
Building objective: lcfs R
Building objective: fixed Psi
Building objective: fixed pressure
Building objective: fixed current
Building objective: fixed sheet current
Building objective: lcfs Z
Building objective: summed coil current
Building objective: hinge level
  hinge level: 4 residuals (4 coils, B=2), linear -- factorized out, not an AL constraint
Building objective: fixed shift
Building objective: fixed rotation
Building objective: fixed arc reference
ObjectiveFunction deriv_mode : blocked
lcfs R jac_chunk_size: None
fixed Psi jac_chunk_size: None
fixed pressure jac_chunk_size: None
fixed current jac_chunk_size: None
fixed sheet current jac_chunk_size: None
lcfs Z jac_chunk_size: None
summed coil current jac_chunk_size: None
hinge level jac_chunk_size: None
fixed shift jac_chunk_size: None
fixed rotation jac_chunk_size: None
fixed arc reference jac_chunk_size: None
Timer: Objective build = 692 ms
Timer: LinearConstraintProjection build = 2.57 sec
Number of parameters: 95
Number of objectives: 8085
Timer: Initializing the optimization = 5.34 sec

Starting optimization
Using method: proximal-lsq-exact
Solver options:
------------------------------------------------------------
Maximum Function Evaluations       : 501
Maximum Allowed Total Δx Norm      : inf
Scaled Termination                 : True
Trust Region Method                : qr
Initial Trust Radius               : 8.432e+01
Maximum Trust Radius               : inf
Minimum Trust Radius               : 2.220e-16
Trust Radius Increase Ratio        : 2.000e+00
Trust Radius Decrease Ratio        : 2.500e-01
Trust Radius Increase Threshold    : 7.500e-01
Trust Radius Decrease Threshold    : 2.500e-01
------------------------------------------------------------ 

   Iteration     Total nfev        Cost      Cost reduction    Step norm     Optimality   
       0              1          2.003e+00                                    1.956e-01   
  [mem] RSS 5.76 GB  peak 5.76 GB
       1              5          1.824e+00      1.795e-01      1.500e-02      3.198e-01   
       2              7          1.738e+00      8.583e-02      7.516e-03      1.031e-01   
       3              8          1.664e+00      7.380e-02      7.971e-03      5.483e-02   
       4              9          1.588e+00      7.663e-02      1.991e-02      2.824e-01   
       5             11          1.542e+00      4.545e-02      1.152e-02      1.055e-01   
       6             12          1.509e+00      3.285e-02      3.736e-03      2.526e-02   
       7             13          1.465e+00      4.436e-02      5.514e-03      2.184e-02   
  [mem] RSS 5.77 GB  peak 5.77 GB
       8             14          1.429e+00      3.545e-02      1.195e-02      2.613e-01   
       9             16          1.381e+00      4.850e-02      4.126e-03      6.071e-02   
      10             17          1.346e+00      3.459e-02      5.563e-03      4.103e-02   
      11             19          1.332e+00      1.423e-02      4.187e-03      2.046e-02   
      12             20          1.321e+00      1.065e-02      6.320e-03      1.853e-01   
      13             22          1.301e+00      2.029e-02      3.003e-03      3.036e-02   
      14             23          1.288e+00      1.312e-02      2.682e-03      1.346e-02   
      15             24          1.270e+00      1.836e-02      4.544e-03      8.038e-02   
      16             26          1.260e+00      9.875e-03      1.512e-03      1.524e-02   
      17             27          1.249e+00      1.123e-02      2.452e-03      9.472e-03   
      18             28          1.231e+00      1.713e-02      4.283e-03      6.035e-02   
      19             30          1.221e+00      1.036e-02      2.517e-03      3.416e-02   
      20             31          1.210e+00      1.065e-02      2.019e-03      2.960e-02   
      21             33          1.205e+00      5.445e-03      1.334e-03      8.896e-03   
      22             34          1.196e+00      9.266e-03      2.095e-03      8.992e-03   
      23             35          1.189e+00      6.920e-03      4.797e-03      1.006e-01   
  [mem] RSS 5.77 GB  peak 5.77 GB
      24             37          1.176e+00      1.287e-02      1.336e-03      2.080e-02   
      25             38          1.167e+00      9.201e-03      1.939e-03      1.290e-02   
      26             40          1.163e+00      4.207e-03      1.227e-03      8.990e-03   
      27             41          1.155e+00      7.992e-03      1.918e-03      1.122e-02   
      28             43          1.151e+00      4.018e-03      1.183e-03      8.996e-03   
      29             44          1.143e+00      7.752e-03      1.910e-03      1.021e-02   
      30             46          1.139e+00      3.866e-03      1.179e-03      8.978e-03   
      31             47          1.131e+00      7.500e-03      1.898e-03      9.929e-03   
      32             49          1.128e+00      3.746e-03      1.185e-03      8.942e-03   
      33             50          1.120e+00      7.270e-03      1.890e-03      9.700e-03   
      34             52          1.117e+00      3.641e-03      1.193e-03      8.893e-03   
      35             53          1.110e+00      7.056e-03      1.885e-03      9.593e-03   
      36             55          1.106e+00      3.538e-03      1.205e-03      8.832e-03   
      37             56          1.099e+00      6.839e-03      1.883e-03      9.859e-03   
  [mem] RSS 5.77 GB  peak 5.77 GB
      38             58          1.096e+00      3.447e-03      1.227e-03      8.761e-03   
      39             59          1.089e+00      6.631e-03      1.885e-03      1.023e-02   
      40             61          1.086e+00      3.358e-03      1.255e-03      8.682e-03   
      41             62          1.079e+00      6.426e-03      1.893e-03      1.073e-02   
      42             64          1.076e+00      3.276e-03      1.288e-03      8.595e-03   
      43             65          1.070e+00      6.237e-03      1.906e-03      1.115e-02   
      44             67          1.067e+00      3.199e-03      1.325e-03      8.501e-03   
      45             68          1.061e+00      6.072e-03      1.926e-03      1.136e-02   
      46             70          1.058e+00      3.117e-03      1.364e-03      8.401e-03   
      47             71          1.052e+00      5.899e-03      1.954e-03      1.179e-02   
      48             73          1.049e+00      3.050e-03      1.417e-03      8.295e-03   
      49             74          1.043e+00      5.752e-03      1.995e-03      1.192e-02   
      50             76          1.040e+00      2.981e-03      1.485e-03      8.183e-03   
      51             77          1.034e+00      5.620e-03      2.060e-03      1.184e-02   
  [mem] RSS 5.77 GB  peak 5.77 GB
      52             79          1.031e+00      2.915e-03      1.585e-03      8.065e-03   
      53             80          1.026e+00      5.478e-03      2.161e-03      1.185e-02   
      54             82          1.023e+00      2.849e-03      1.739e-03      7.942e-03   
      55             83          1.018e+00      5.333e-03      2.327e-03      1.194e-02   
      56             85          1.015e+00      2.786e-03      1.974e-03      7.817e-03   
      57             86          1.010e+00      5.184e-03      2.584e-03      1.202e-02   
      58             88          1.007e+00      2.719e-03      2.316e-03      7.689e-03   
      59             89          1.002e+00      5.025e-03      2.960e-03      1.209e-02   
      60             91          9.993e-01      2.663e-03      2.785e-03      7.560e-03   
      61             92          9.944e-01      4.870e-03      3.470e-03      1.213e-02   
      62             94          9.919e-01      2.584e-03      3.370e-03      9.156e-03   
      63             95          9.893e-01      2.547e-03      2.410e-03      1.274e-02   
