Running as unit: run-p2124846-i2128277.scope; invocation ID: 79cd813c8ad5463a9e493405094aa7a0
E1008 01:33:20.014244 2124949 cuda_executor.cc:1743] Could not get kernel mode driver version: ( INVALID_ARGUMENT: Version does not match the format X.Y.Z )
E1008 01:33:20.027348 2124846 cuda_executor.cc:1743] Could not get kernel mode driver version: ( INVALID_ARGUMENT: Version does not match the format X.Y.Z )
DESC /home/singh/Documents/DESC2/desc
DEVICE requested=gpu obtained=gpu (1x NVIDIA GeForce RTX 5070 Laptop GPU)
--field-term bn is blind to the current scale: holding the coil current SUM fixed
  [mem] RSS 0.83 GB  peak 0.83 GB
eq precise_QH (desc.examples) NFP 4 sym True L,M,N 8,8,8 dim_x 1462; start work/ss_qh/matrix/base/xyzN6/result.h5: 4 unique coils (FourierXYZCoil), 32 total
SETTINGS {'eq': 'precise_QH', 'start': 'work/ss_qh/matrix/base/xyzN6/result.h5', 'out': 'work/ss_qh/matrix/ss/xyz', 'bounds': 'bounds/precise_qh_gil.json', 'a': None, 'device': None, 'length_mult': 1.0, 'fix_coils': False, 'dry': False, 'field_term': 'bn', 'fix_current_sum': True, 'helicity': '1,4', 'qs_rho': '0.2,0.4,0.6,0.8,1.0', 'A_min': 7.5, 'A_max': 8.5, 'vol_band': 0.02, 'V0': None, 'bn_norm': None, 'qs_form': 'scale-invariant', 'iota_min': 1.19, 'kmin': 1, 'kmax': 4, 'maxiter': 100, 'ftol': 1e-06, 'xtol': 1e-12, 'gtol': 1e-08, 'max_tr': None, 'perturb_order': 2, 'solve_tol': 1e-10, 'tau_bn': 0.005, 'tau_qs': None, 'tau_qs_rel': 10.0, 'tau_A': 0.01, 'tau_V': 0.005, 'tau_iota': 0.01, 'tau_L': 0.01, 'tau_kappa': 0.01, 'tau_kms': 0.01, 'tau_dpc': 0.01, 'tau_dcc': 1e-06, 'dcc_backoff': 0.025, 'dpc_backoff': 0.02, 'no_arc_backoffs': False, 'eval_m': 25, 'eval_n': 25, 'plasma_m': 32, 'plasma_n': 32, 'coil_grid_n': 150, 'src_gl': 24, 'src_n': 100, 'bs_chunk': 25, 'jac_chunk': 5, 'dcc_k': 20000}
BOUNDS (judged, absolute) L 2.926  Ltot -  kappa 13.67  kms 18.69  convex -  planar -  dcc 0.05851  dpc 0.1097
ENFORCED L 2.926  Ltot -  kappa 13.67  kms 18.69  convex -  planar -  dcc 0.05997  dpc 0.1119
/home/singh/Documents/DESC2/desc/utils.py:590: UserWarning: Unequal number of field periods for grid 1 and basis 4.
  warnings.warn(msg, err)
/home/singh/Documents/DESC2/desc/utils.py:590: UserWarning: Unequal number of field periods for grid 1 and basis 4.
  warnings.warn(msg, err)
START physics  A 8.000  R0 0.9947  a 0.1243  iota [1.2523, 1.2562]  QS(Boozer, |B_nonsym|/<B>) rho 0.25 4.81e-04  rho 0.5 2.25e-04  rho 0.75 3.86e-04  rho 1 1.44e-03
START coils    bn 9.3323e-04 (max 4.744e-03)  L 1.000  kappa 1.000  kMS 1.000  d_cc 1.022  d_pc 1.185  linked 0  -> FAILS L,kappa
QS two-term rms at the start 0.001695 -> tau_qs 0.01695
B.n normalization frozen at the start: 0.42526; volume band around V0 = 0.30352
quadrature scales s (expected; compare the s(qw) column): bn 6.283  qs 41.41  iota 1  kappa 0.3622  dcc 9.06e+04
/home/singh/Documents/DESC2/desc/utils.py:590: FutureWarning: constants is deprecated and will be removed in a future release. Users should not include constants in the arguments of their objective compute methods. Instead declare all the constants in the build method and use as self._constants.
  warnings.warn(msg, err)
/home/singh/Documents/DESC2/desc/utils.py:590: FutureWarning: constants is deprecated and will be removed in a future release. Users should not include constants in the arguments of their objective compute methods. Instead declare all the constants in the build method and use as self._constants.
  warnings.warn(msg, err)
/home/singh/Documents/DESC2/desc/utils.py:590: FutureWarning: constants is deprecated and will be removed in a future release. Users should not include constants in the arguments of their objective compute methods. Instead declare all the constants in the build method and use as self._constants.
  warnings.warn(msg, err)
/home/singh/Documents/DESC2/desc/utils.py:590: FutureWarning: constants is deprecated and will be removed in a future release. Users should not include constants in the arguments of their objective compute methods. Instead declare all the constants in the build method and use as self._constants.
  warnings.warn(msg, err)
/home/singh/Documents/DESC2/desc/utils.py:590: FutureWarning: constants is deprecated and will be removed in a future release. Users should not include constants in the arguments of their objective compute methods. Instead declare all the constants in the build method and use as self._constants.
  warnings.warn(msg, err)
/home/singh/Documents/DESC2/desc/utils.py:590: FutureWarning: constants is deprecated and will be removed in a future release. Users should not include constants in the arguments of their objective compute methods. Instead declare all the constants in the build method and use as self._constants.
  warnings.warn(msg, err)

TERMS AT THE START
term                             dim_f    weight     norm    s(qw)  target/bounds           raw min    raw max       cost  err/tol  share
Vacuum B.n error                  1326      31.8   0.4253    6.283  = 0                   -0.001405   0.001389    0.02232    0.211  81.7%
QS two-term (scale-invariant)     5445      1.42        -    41.41  = 0                    -0.01309    0.01309      0.005      0.1  18.3%
aspect ratio                         1      12.5        -        1  [7.5, 8.5]                    8          8          0        0   0.0%
rotational transform                20        84        -        1  [1.19, inf]               1.252      1.256          0        0   0.0%
volume                               1       659        -        1  [0.2975, 0.3096]         0.3035     0.3035          0        0   0.0%
coil length                          4      34.2        -        2  [0, 2.926]                2.926      2.926  1.336e-20 1.63e-10   0.0%
coil curvature                    1204      20.2        -    5.013  [0, 13.67]               0.1673      13.67          0        0   0.0%
coil mean squared curvature          4      5.35        -        2  [0, 18.69]                14.47      18.69          0        0   0.0%
coil-coil distance penalty          72        11        -    8.485  [-inf, 0]                     0  0.0001234  1.607e-06  0.00179   0.0%
plasma-coil minimum distance         8       894        -    2.828  [0.1119, inf]            0.1301     0.1705          0        0   0.0%
total cost 0.5 sum f^2                                                                                                     0.02732

===== step k=1: 8 boundary modes free, maxiter 100 =====
Building objective: Vacuum B.n error
Precomputing transforms
Timer: Precomputing transforms = 20.4 ms
Building objective: QS two-term (scale-invariant)
Precomputing transforms
Timer: Precomputing transforms = 47.0 ms
Building objective: aspect ratio
Precomputing transforms
Timer: Precomputing transforms = 23.0 ms
Building objective: rotational transform
Precomputing transforms
Timer: Precomputing transforms = 21.7 ms
Building objective: volume
Precomputing transforms
Timer: Precomputing transforms = 21.9 ms
Building objective: coil length
Precomputing transforms
Timer: Precomputing transforms = 2.75 ms
Building objective: coil curvature
Precomputing transforms
Timer: Precomputing transforms = 3.62 ms
Building objective: coil mean squared curvature
Precomputing transforms
Timer: Precomputing transforms = 3.60 ms
Building objective: coil-coil distance penalty
Building objective: plasma-coil minimum distance
ObjectiveFunction deriv_mode : blocked
Vacuum B.n error jac_chunk_size: 5
QS two-term (scale-invariant) jac_chunk_size: 5
aspect ratio jac_chunk_size: None
rotational transform jac_chunk_size: None
volume jac_chunk_size: None
coil length jac_chunk_size: None
coil curvature jac_chunk_size: None
coil mean squared curvature jac_chunk_size: None
coil-coil distance penalty jac_chunk_size: None
plasma-coil minimum distance jac_chunk_size: None
Timer: Objective build = 274 ms
Building objective: force
Precomputing transforms
Timer: Precomputing transforms = 830 ms
ObjectiveFunction deriv_mode : batched
ObjectiveFunction jac_chunk_size: 4382
Timer: Objective build = 876 ms
ObjectiveFunction deriv_mode : blocked
lcfs R jac_chunk_size: None
lcfs Z jac_chunk_size: None
fixed Psi jac_chunk_size: None
fixed pressure jac_chunk_size: None
fixed current jac_chunk_size: None
fixed sheet current jac_chunk_size: None
self_consistency R jac_chunk_size: None
self_consistency Z jac_chunk_size: None
lambda gauge jac_chunk_size: None
axis R self consistency jac_chunk_size: None
axis Z self consistency jac_chunk_size: None
Timer: Objective build = 1.39 ms
Timer: Eq Update LinearConstraintProjection build = 3.41 sec
Timer: Proximal projection build = 35.9 sec
Building objective: lcfs R
Building objective: fixed Psi
Building objective: fixed pressure
Building objective: fixed current
Building objective: fixed sheet current
Building objective: lcfs Z
Building objective: summed coil current
Building objective: fixed shift
Building objective: fixed rotation
ObjectiveFunction deriv_mode : blocked
lcfs R jac_chunk_size: None
fixed Psi jac_chunk_size: None
fixed pressure jac_chunk_size: None
fixed current jac_chunk_size: None
fixed sheet current jac_chunk_size: None
lcfs Z jac_chunk_size: None
summed coil current jac_chunk_size: None
fixed shift jac_chunk_size: None
fixed rotation jac_chunk_size: None
Timer: Objective build = 1.37 sec
Timer: LinearConstraintProjection build = 2.97 sec
Number of parameters: 167
Number of objectives: 8085
Timer: Initializing the optimization = 40.4 sec

Starting optimization
Using method: proximal-lsq-exact
  [mem] RSS 4.80 GB  peak 4.80 GB
Solver options:
------------------------------------------------------------
Maximum Function Evaluations       : 501
Maximum Allowed Total Δx Norm      : inf
Scaled Termination                 : True
Trust Region Method                : qr
Initial Trust Radius               : 3.819e+01
Maximum Trust Radius               : inf
Minimum Trust Radius               : 2.220e-16
Trust Radius Increase Ratio        : 2.000e+00
Trust Radius Decrease Ratio        : 2.500e-01
Trust Radius Increase Threshold    : 7.500e-01
Trust Radius Decrease Threshold    : 2.500e-01
------------------------------------------------------------ 

   Iteration     Total nfev        Cost      Cost reduction    Step norm     Optimality   
       0              1          2.742e-02                                    3.307e-02   
  [mem] RSS 4.92 GB  peak 4.92 GB
       1             11          2.740e-02      2.719e-05      2.482e-06      3.270e-02   
       2             12          2.738e-02      1.954e-05      2.307e-06      3.221e-02   
       3             13          2.734e-02      3.742e-05      4.455e-06      3.123e-02   
       4             14          2.727e-02      7.057e-05      8.275e-06      2.923e-02   
       5             15          2.714e-02      1.257e-04      1.411e-05      2.520e-02   
       6             16          2.695e-02      1.950e-04      2.240e-05      1.714e-02   
       7             17          2.676e-02      1.925e-04      6.326e-05      5.184e-03   
       8             19          2.675e-02      7.616e-06      4.601e-05      7.263e-03   
       9             20          2.672e-02      2.575e-05      5.586e-06      2.826e-03   
      10             21          2.671e-02      1.193e-05      2.298e-05      2.302e-03   
      11             22          2.669e-02      1.686e-05      4.403e-05      1.864e-03   
      12             23          2.667e-02      2.585e-05      7.679e-05      1.466e-03   
      13             24          2.664e-02      2.745e-05      1.368e-04      4.081e-03   
  [mem] RSS 4.94 GB  peak 4.94 GB
      14             25          2.661e-02      3.511e-05      1.419e-04      6.907e-04   
      15             26          2.657e-02      3.847e-05      3.323e-04      5.781e-04   
      16             27          2.651e-02      5.473e-05      7.463e-04      7.297e-04   
      17             30          2.651e-02      5.445e-06      9.553e-05      1.206e-03   
      18             32          2.650e-02      3.654e-06      4.690e-05      3.558e-04   
      19             33          2.650e-02      5.445e-06      9.541e-05      3.412e-04   
      20             36          2.650e-02      7.932e-07      1.246e-05      3.340e-04   
      21             39          2.650e-02      3.231e-08      1.401e-06      3.332e-04   
      22             40          2.650e-02      1.404e-07      1.485e-06      3.332e-04   
      23             49          2.650e-02      3.314e-12      4.540e-11      3.332e-04   
Optimization terminated successfully.
`ftol` condition satisfied. (ftol=1.00e-06)
         Current function value: 2.650e-02
         Total delta_x: 1.666e-03
         Iterations: 23
         Function evaluations: 49
         Jacobian evaluations: 24
Timer: Solution time = 5.98 min
Timer: Avg time per step = 14.9 sec
==============================================================================================================
                                                                 Start  -->   End
Total (sum of squares):                                      2.742e-02  -->   2.650e-02, 
Maximum absolute Boundary normal field error:                1.405e-03  -->   1.385e-03 (T*m^2, T^2*m^2)
Minimum absolute Boundary normal field error:                1.151e-07  -->   1.226e-06 (T*m^2, T^2*m^2)
Average absolute Boundary normal field error:                3.701e-04  -->   3.690e-04 (T*m^2, T^2*m^2)
Maximum absolute Boundary normal field error:                3.303e-03  -->   3.258e-03 (normalized)
Minimum absolute Boundary normal field error:                2.706e-07  -->   2.884e-06 (normalized)
Average absolute Boundary normal field error:                8.704e-04  -->   8.677e-04 (normalized)
Maximum absolute Quasi-symmetry (1,4) two-term error:        1.315e-02  -->   1.394e-02 (dimensionless)
Minimum absolute Quasi-symmetry (1,4) two-term error:        6.839e-16  -->   6.785e-16 (dimensionless)
Average absolute Quasi-symmetry (1,4) two-term error:        1.241e-03  -->   1.170e-03 (dimensionless)
Aspect ratio:                                                8.000e+00  -->   7.993e+00 (dimensionless)
Maximum Rotational transform:                                1.256e+00  -->   1.255e+00 (dimensionless)
Minimum Rotational transform:                                1.252e+00  -->   1.252e+00 (dimensionless)
Average Rotational transform:                                1.256e+00  -->   1.255e+00 (dimensionless)
Plasma volume:                                               3.035e-01  -->   3.040e-01 (m^3)
Maximum Coil length:                                         2.926e+00  -->   2.926e+00 (m)
Minimum Coil length:                                         2.926e+00  -->   2.926e+00 (m)
Average Coil length:                                         2.926e+00  -->   2.926e+00 (m)
Maximum Coil curvature:                                      1.367e+01  -->   1.367e+01 (m^-1)
Minimum Coil curvature:                                      1.673e-01  -->   1.743e-01 (m^-1)
Average Coil curvature:                                      4.008e+00  -->   4.025e+00 (m^-1)
Maximum Coil mean squared curvature:                         1.869e+01  -->   1.869e+01 (m^-2)
Minimum Coil mean squared curvature:                         1.447e+01  -->   1.495e+01 (m^-2)
Average Coil mean squared curvature:                         1.764e+01  -->   1.776e+01 (m^-2)
Maximum Coil-coil distance penalty:                          1.234e-04  -->   6.230e-04 (dimensionless)
Minimum Coil-coil distance penalty:                          0.000e+00  -->   0.000e+00 (dimensionless)
Average Coil-coil distance penalty:                          3.633e-06  -->   2.087e-05 (dimensionless)
Maximum Minimum plasma-coil distance:                        1.705e-01  -->   1.706e-01 (m)
Minimum Minimum plasma-coil distance:                        1.301e-01  -->   1.302e-01 (m)
Average Minimum plasma-coil distance:                        1.464e-01  -->   1.465e-01 (m)
Maximum absolute Force error:                                8.838e+01  -->   8.826e+01 (N)
Minimum absolute Force error:                                4.932e-04  -->   1.022e-06 (N)
Average absolute Force error:                                2.904e+00  -->   2.803e+00 (N)
Maximum absolute Force error:                                1.398e-04  -->   1.396e-04 (normalized)
Minimum absolute Force error:                                7.802e-10  -->   1.617e-12 (normalized)
Average absolute Force error:                                4.594e-06  -->   4.435e-06 (normalized)
R boundary error:                                            3.477e-18  -->   4.376e-19 (m)
Fixed Psi error:                                             0.000e+00  -->   0.000e+00 (Wb)
Fixed pressure profile error:                                0.000e+00  -->   0.000e+00 (Pa)
Fixed current profile error:                                 0.000e+00  -->   0.000e+00 (A)
Fixed sheet current error:                                   0.000e+00  -->   0.000e+00 (~)
Z boundary error:                                            2.639e-18  -->   2.639e-18 (m)
Summed coil current error:                                   0.000e+00  -->   1.164e-10 (A)
==============================================================================================================

/home/singh/Documents/DESC2/desc/utils.py:590: UserWarning: Unequal number of field periods for grid 1 and basis 4.
  warnings.warn(msg, err)
/home/singh/Documents/DESC2/desc/utils.py:590: UserWarning: Unequal number of field periods for grid 1 and basis 4.
  warnings.warn(msg, err)
/home/singh/Documents/DESC2/desc/utils.py:590: FutureWarning: constants is deprecated and will be removed in a future release. Users should not include constants in the arguments of their objective compute methods. Instead declare all the constants in the build method and use as self._constants.
  warnings.warn(msg, err)
/home/singh/Documents/DESC2/desc/utils.py:590: FutureWarning: constants is deprecated and will be removed in a future release. Users should not include constants in the arguments of their objective compute methods. Instead declare all the constants in the build method and use as self._constants.
  warnings.warn(msg, err)
/home/singh/Documents/DESC2/desc/utils.py:590: FutureWarning: constants is deprecated and will be removed in a future release. Users should not include constants in the arguments of their objective compute methods. Instead declare all the constants in the build method and use as self._constants.
  warnings.warn(msg, err)
/home/singh/Documents/DESC2/desc/utils.py:590: FutureWarning: constants is deprecated and will be removed in a future release. Users should not include constants in the arguments of their objective compute methods. Instead declare all the constants in the build method and use as self._constants.
  warnings.warn(msg, err)
/home/singh/Documents/DESC2/desc/utils.py:590: FutureWarning: constants is deprecated and will be removed in a future release. Users should not include constants in the arguments of their objective compute methods. Instead declare all the constants in the build method and use as self._constants.
  warnings.warn(msg, err)
/home/singh/Documents/DESC2/desc/utils.py:590: FutureWarning: constants is deprecated and will be removed in a future release. Users should not include constants in the arguments of their objective compute methods. Instead declare all the constants in the build method and use as self._constants.
  warnings.warn(msg, err)

TERMS AFTER k=1
term                             dim_f    weight     norm    s(qw)  target/bounds           raw min    raw max       cost  err/tol  share
Vacuum B.n error                  1326      31.8   0.4253    6.283  = 0                   -0.001385    0.00135    0.02208     0.21  83.3%
QS two-term (scale-invariant)     5445      1.42        -    41.41  = 0                    -0.01394    0.01394   0.004364   0.0934  16.5%
aspect ratio                         1      12.5        -        1  [7.5, 8.5]                7.993      7.993          0        0   0.0%
rotational transform                20        84        -        1  [1.19, inf]               1.252      1.255          0        0   0.0%
volume                               1       659        -        1  [0.2975, 0.3096]          0.304      0.304          0        0   0.0%
coil length                          4      34.2        -        2  [0, 2.926]                2.926      2.926  4.025e-07 0.000897   0.0%
coil curvature                    1204      20.2        -    5.013  [0, 13.67]               0.1743      13.67  8.409e-11  1.3e-05   0.0%
coil mean squared curvature          4      5.35        -        2  [0, 18.69]                14.95      18.69  9.823e-09  0.00014   0.0%
coil-coil distance penalty          72        11        -    8.485  [-inf, 0]                     0   0.000623   4.81e-05  0.00981   0.2%
plasma-coil minimum distance         8       894        -    2.828  [0.1119, inf]            0.1302     0.1706          0        0   0.0%
total cost 0.5 sum f^2                                                                                                      0.0265
k=1 physics  A 7.993  R0 0.9947  a 0.1244  iota [1.2517, 1.2555]  QS(Boozer, |B_nonsym|/<B>) rho 0.25 3.26e-04  rho 0.5 2.24e-04  rho 0.75 4.82e-04  rho 1 1.48e-03
k=1 coils    bn 9.2994e-04 (max 4.740e-03)  L 1.000  kappa 1.001  kMS 1.000  d_cc 1.016  d_pc 1.186  linked 0  -> FAILS L,kappa,kMS
k=1 solver   Optimization terminated successfully.
`ftol` condition satisfied. (ftol=1.00e-06)  nit 23  wall 6.8 min

===== step k=2: 24 boundary modes free, maxiter 100 =====
Building objective: Vacuum B.n error
Precomputing transforms
Timer: Precomputing transforms = 27.7 ms
Building objective: QS two-term (scale-invariant)
Precomputing transforms
Timer: Precomputing transforms = 56.0 ms
Building objective: aspect ratio
Precomputing transforms
Timer: Precomputing transforms = 24.3 ms
Building objective: rotational transform
Precomputing transforms
Timer: Precomputing transforms = 28.9 ms
Building objective: volume
Precomputing transforms
Timer: Precomputing transforms = 27.4 ms
Building objective: coil length
Precomputing transforms
Timer: Precomputing transforms = 3.51 ms
Building objective: coil curvature
Precomputing transforms
Timer: Precomputing transforms = 3.92 ms
Building objective: coil mean squared curvature
Precomputing transforms
Timer: Precomputing transforms = 4.14 ms
Building objective: coil-coil distance penalty
Building objective: plasma-coil minimum distance
ObjectiveFunction deriv_mode : blocked
Vacuum B.n error jac_chunk_size: 5
QS two-term (scale-invariant) jac_chunk_size: 5
aspect ratio jac_chunk_size: None
rotational transform jac_chunk_size: None
volume jac_chunk_size: None
coil length jac_chunk_size: None
coil curvature jac_chunk_size: None
coil mean squared curvature jac_chunk_size: None
coil-coil distance penalty jac_chunk_size: None
plasma-coil minimum distance jac_chunk_size: None
Timer: Objective build = 401 ms
Building objective: force
Precomputing transforms
Timer: Precomputing transforms = 60.5 ms
ObjectiveFunction deriv_mode : batched
ObjectiveFunction jac_chunk_size: 4382
Timer: Objective build = 76.4 ms
ObjectiveFunction deriv_mode : blocked
lcfs R jac_chunk_size: None
lcfs Z jac_chunk_size: None
fixed Psi jac_chunk_size: None
fixed pressure jac_chunk_size: None
fixed current jac_chunk_size: None
fixed sheet current jac_chunk_size: None
self_consistency R jac_chunk_size: None
self_consistency Z jac_chunk_size: None
lambda gauge jac_chunk_size: None
axis R self consistency jac_chunk_size: None
axis Z self consistency jac_chunk_size: None
Timer: Objective build = 1.03 ms
Timer: Eq Update LinearConstraintProjection build = 146 ms
Timer: Proximal projection build = 1.90 sec
Building objective: lcfs R
Building objective: fixed Psi
Building objective: fixed pressure
Building objective: fixed current
Building objective: fixed sheet current
Building objective: lcfs Z
Building objective: summed coil current
Building objective: fixed shift
Building objective: fixed rotation
ObjectiveFunction deriv_mode : blocked
lcfs R jac_chunk_size: None
fixed Psi jac_chunk_size: None
fixed pressure jac_chunk_size: None
fixed current jac_chunk_size: None
fixed sheet current jac_chunk_size: None
lcfs Z jac_chunk_size: None
summed coil current jac_chunk_size: None
fixed shift jac_chunk_size: None
fixed rotation jac_chunk_size: None
Timer: Objective build = 565 ms
Timer: LinearConstraintProjection build = 2.04 sec
Number of parameters: 183
Number of objectives: 8085
Timer: Initializing the optimization = 4.62 sec

Starting optimization
Using method: proximal-lsq-exact
  [mem] RSS 5.41 GB  peak 5.41 GB
Solver options:
------------------------------------------------------------
Maximum Function Evaluations       : 501
Maximum Allowed Total Δx Norm      : inf
Scaled Termination                 : True
Trust Region Method                : qr
Initial Trust Radius               : 4.993e+01
Maximum Trust Radius               : inf
Minimum Trust Radius               : 2.220e-16
Trust Radius Increase Ratio        : 2.000e+00
Trust Radius Decrease Ratio        : 2.500e-01
Trust Radius Increase Threshold    : 7.500e-01
Trust Radius Decrease Threshold    : 2.500e-01
------------------------------------------------------------ 

   Iteration     Total nfev        Cost      Cost reduction    Step norm     Optimality   
       0              1          2.650e-02                                    8.342e-03   
       1              5          2.632e-02      1.796e-04      3.368e-03      5.237e-02   
       2              7          2.457e-02      1.746e-03      3.541e-04      7.690e-03   
       3              8          2.449e-02      7.956e-05      5.992e-04      1.271e-02   
       4             10          2.434e-02      1.543e-04      2.025e-04      1.289e-03   
       5             11          2.425e-02      8.386e-05      1.786e-04      7.040e-04   
       6             12          2.410e-02      1.514e-04      3.892e-04      6.711e-04   
  [mem] RSS 5.79 GB  peak 5.79 GB
       7             13          2.382e-02      2.808e-04      7.562e-04      1.886e-03   
       8             14          2.334e-02      4.827e-04      1.489e-03      5.783e-03   
       9             17          2.331e-02      2.729e-05      2.826e-04      6.260e-03   
      10             18          2.325e-02      5.658e-05      3.665e-04      5.668e-03   
      11             19          2.320e-02      5.437e-05      2.859e-04      4.979e-03   
      12             20          2.315e-02      5.049e-05      3.496e-04      4.826e-03   
      13             21          2.311e-02      3.532e-05      2.987e-04      5.952e-03   
      14             22          2.306e-02      5.154e-05      3.609e-04      5.539e-03   
      15             23          2.302e-02      4.553e-05      2.942e-04      5.478e-03   
      16             24          2.297e-02      4.896e-05      3.554e-04      5.198e-03   
      17             25          2.293e-02      3.774e-05      2.995e-04      5.814e-03   
      18             26          2.288e-02      4.797e-05      3.609e-04      5.480e-03   
      19             27          2.284e-02      3.964e-05      3.001e-04      5.793e-03   
      20             28          2.280e-02      4.754e-05      3.593e-04      5.402e-03   
      21             29          2.276e-02      3.675e-05      3.029e-04      5.915e-03   
      22             30          2.271e-02      4.632e-05      3.613e-04      5.529e-03   
  [mem] RSS 5.79 GB  peak 5.79 GB
      23             31          2.267e-02      3.788e-05      3.021e-04      5.824e-03   
      24             32          2.263e-02      4.566e-05      3.592e-04      5.390e-03   
      25             33          2.259e-02      3.483e-05      3.047e-04      5.923e-03   
      26             34          2.255e-02      4.467e-05      3.608e-04      5.473e-03   
      27             35          2.251e-02      3.640e-05      3.032e-04      5.771e-03   
      28             36          2.247e-02      4.391e-05      3.584e-04      5.309e-03   
      29             37          2.244e-02      3.374e-05      3.054e-04      5.821e-03   
      30             38          2.239e-02      4.250e-05      3.597e-04      5.400e-03   
      31             39          2.236e-02      3.559e-05      3.036e-04      5.655e-03   
      32             40          2.232e-02      4.116e-05      3.569e-04      5.257e-03   
      33             41          2.228e-02      3.329e-05      3.063e-04      5.727e-03   
      34             42          2.224e-02      3.931e-05      3.580e-04      5.424e-03   
      35             43          2.221e-02      3.546e-05      3.050e-04      5.580e-03   
      36             44          2.217e-02      3.821e-05      3.552e-04      5.296e-03   
      37             45          2.214e-02      3.295e-05      3.077e-04      5.674e-03   
      38             46          2.210e-02      3.662e-05      3.565e-04      5.472e-03   
      39             47          2.207e-02      3.499e-05      3.065e-04      5.558e-03   
      40             48          2.203e-02      3.571e-05      3.539e-04      5.353e-03   
      41             49          2.200e-02      3.252e-05      3.091e-04      5.662e-03   
  [mem] RSS 5.79 GB  peak 5.79 GB
      42             50          2.196e-02      3.424e-05      3.552e-04      5.532e-03   
      43             51          2.193e-02      3.432e-05      3.079e-04      5.576e-03   
      44             52          2.190e-02      3.208e-05      3.549e-04      5.524e-03   
      45             53          2.187e-02      3.024e-05      3.125e-04      5.886e-03   
      46             54          2.183e-02      3.146e-05      3.581e-04      5.792e-03   
      47             55          2.180e-02      3.215e-05      3.132e-04      5.908e-03   
      48             56          2.177e-02      3.080e-05      3.575e-04      5.807e-03   
      49             57          2.174e-02      3.093e-05      3.139e-04      5.987e-03   
      50             58          2.171e-02      3.075e-05      3.572e-04      5.835e-03   
      51             59          2.168e-02      3.020e-05      3.143e-04      6.034e-03   
      52             60          2.165e-02      3.050e-05      3.566e-04      5.851e-03   
      53             61          2.162e-02      2.948e-05      3.147e-04      6.074e-03   
      54             62          2.159e-02      3.030e-05      3.561e-04      5.862e-03   
      55             63          2.156e-02      2.843e-05      3.152e-04      6.106e-03   
      56             64          2.153e-02      3.020e-05      3.557e-04      5.874e-03   
      57             65          2.150e-02      2.800e-05      3.154e-04      6.116e-03   
      58             66          2.147e-02      2.966e-05      3.552e-04      5.874e-03   
      59             67          2.145e-02      2.733e-05      3.159e-04      6.147e-03   
      60             68          2.142e-02      2.946e-05      3.547e-04      5.874e-03   
  [mem] RSS 5.79 GB  peak 5.79 GB
      61             69          2.139e-02      2.690e-05      3.162e-04      6.144e-03   
      62             70          2.136e-02      2.619e-05      3.548e-04      5.853e-03   
      63             71          2.133e-02      2.923e-05      3.169e-04      6.137e-03   
      64             72          2.131e-02      2.610e-05      3.541e-04      5.828e-03   
      65             73          2.128e-02      2.803e-05      3.176e-04      6.166e-03   
      66             74          2.125e-02      2.622e-05      3.540e-04      5.841e-03   
      67             75          2.123e-02      2.735e-05      3.183e-04      6.166e-03   
      68             76          2.120e-02      2.603e-05      3.541e-04      5.857e-03   
      69             77          2.117e-02      2.674e-05      3.180e-04      6.185e-03   
      70             78          2.114e-02      2.991e-05      3.524e-04      5.713e-03   
      71             79          2.112e-02      2.212e-05      3.189e-04      6.201e-03   
      72             80          2.109e-02      2.720e-05      3.547e-04      5.776e-03   
      73             81          2.107e-02      2.524e-05      3.178e-04      6.086e-03   
      74             82          2.104e-02      2.997e-05      3.530e-04      5.574e-03   
      75             83          2.102e-02      2.101e-05      3.196e-04      6.068e-03   
      76             84          2.099e-02      2.706e-05      3.566e-04      5.661e-03   
      77             85          2.097e-02      2.451e-05      3.193e-04      5.938e-03   
      78             86          2.094e-02      2.912e-05      3.557e-04      5.454e-03   
      79             87          2.092e-02      2.077e-05      3.205e-04      5.921e-03   
  [mem] RSS 5.79 GB  peak 5.79 GB
      80             88          2.089e-02      2.655e-05      3.572e-04      5.488e-03   
      81             89          2.087e-02      2.329e-05      3.196e-04      5.856e-03   
      82             90          2.084e-02      2.674e-05      3.540e-04      5.462e-03   
      83             91          2.082e-02      2.162e-05      3.185e-04      5.810e-03   
      84             92          2.079e-02      2.407e-05      3.528e-04      5.498e-03   
      85             93          2.077e-02      2.426e-05      3.189e-04      5.674e-03   
      86             94          2.075e-02      2.430e-05      3.504e-04      5.449e-03   
      87             95          2.072e-02      2.289e-05      3.195e-04      5.591e-03   
      88             96          2.070e-02      2.194e-05      3.505e-04      5.462e-03   
      89             97          2.068e-02      2.472e-05      3.204e-04      5.507e-03   
      90             98          2.065e-02      2.222e-05      3.494e-04      5.449e-03   
      91             99          2.063e-02      2.375e-05      3.206e-04      5.423e-03   
      92             100         2.061e-02      1.993e-05      3.495e-04      5.450e-03   
      93             101         2.057e-02      4.149e-05      1.206e-04      2.881e-04   
      94             102         2.055e-02      1.490e-05      9.031e-05      2.167e-04   
      95             103         2.053e-02      2.757e-05      1.488e-04      4.053e-04   
      96             104         2.048e-02      4.507e-05      3.072e-04      1.905e-03   
      97             106         2.047e-02      7.789e-06      3.265e-04      3.721e-03   
      98             107         2.045e-02      2.680e-05      1.224e-04      3.028e-04   
  [mem] RSS 5.79 GB  peak 5.79 GB
      99             108         2.043e-02      1.409e-05      7.621e-05      2.121e-04   
      100            109         2.041e-02      2.706e-05      1.333e-04      2.020e-04   
Warning: Maximum number of iterations has been exceeded.
         Current function value: 2.041e-02
         Total delta_x: 1.607e-02
         Iterations: 100
         Function evaluations: 109
         Jacobian evaluations: 101
Timer: Solution time = 12.2 min
Timer: Avg time per step = 7.29 sec
==============================================================================================================
                                                                 Start  -->   End
Total (sum of squares):                                      2.650e-02  -->   2.041e-02, 
Maximum absolute Boundary normal field error:                1.385e-03  -->   9.995e-04 (T*m^2, T^2*m^2)
Minimum absolute Boundary normal field error:                1.226e-06  -->   8.707e-08 (T*m^2, T^2*m^2)
Average absolute Boundary normal field error:                3.690e-04  -->   3.231e-04 (T*m^2, T^2*m^2)
Maximum absolute Boundary normal field error:                3.258e-03  -->   2.350e-03 (normalized)
Minimum absolute Boundary normal field error:                2.884e-06  -->   2.048e-07 (normalized)
Average absolute Boundary normal field error:                8.677e-04  -->   7.597e-04 (normalized)
Maximum absolute Quasi-symmetry (1,4) two-term error:        1.394e-02  -->   1.355e-02 (dimensionless)
Minimum absolute Quasi-symmetry (1,4) two-term error:        6.785e-16  -->   6.818e-16 (dimensionless)
Average absolute Quasi-symmetry (1,4) two-term error:        1.170e-03  -->   1.181e-03 (dimensionless)
Aspect ratio:                                                7.993e+00  -->   8.079e+00 (dimensionless)
Maximum Rotational transform:                                1.255e+00  -->   1.255e+00 (dimensionless)
Minimum Rotational transform:                                1.252e+00  -->   1.249e+00 (dimensionless)
Average Rotational transform:                                1.255e+00  -->   1.253e+00 (dimensionless)
Plasma volume:                                               3.040e-01  -->   2.988e-01 (m^3)
Maximum Coil length:                                         2.926e+00  -->   2.926e+00 (m)
Minimum Coil length:                                         2.926e+00  -->   2.926e+00 (m)
Average Coil length:                                         2.926e+00  -->   2.926e+00 (m)
Maximum Coil curvature:                                      1.367e+01  -->   1.367e+01 (m^-1)
Minimum Coil curvature:                                      1.743e-01  -->   2.731e-01 (m^-1)
Average Coil curvature:                                      4.025e+00  -->   3.979e+00 (m^-1)
Maximum Coil mean squared curvature:                         1.869e+01  -->   1.869e+01 (m^-2)
Minimum Coil mean squared curvature:                         1.495e+01  -->   1.383e+01 (m^-2)
Average Coil mean squared curvature:                         1.776e+01  -->   1.744e+01 (m^-2)
Maximum Coil-coil distance penalty:                          6.230e-04  -->   4.895e-04 (dimensionless)
Minimum Coil-coil distance penalty:                          0.000e+00  -->   0.000e+00 (dimensionless)
Average Coil-coil distance penalty:                          2.087e-05  -->   1.550e-05 (dimensionless)
Maximum Minimum plasma-coil distance:                        1.706e-01  -->   1.752e-01 (m)
Minimum Minimum plasma-coil distance:                        1.302e-01  -->   1.342e-01 (m)
Average Minimum plasma-coil distance:                        1.465e-01  -->   1.506e-01 (m)
Maximum absolute Force error:                                8.826e+01  -->   7.731e+01 (N)
Minimum absolute Force error:                                1.022e-06  -->   2.676e-05 (N)
Average absolute Force error:                                2.803e+00  -->   2.007e+00 (N)
Maximum absolute Force error:                                1.397e-04  -->   1.224e-04 (normalized)
Minimum absolute Force error:                                1.618e-12  -->   4.237e-11 (normalized)
Average absolute Force error:                                4.438e-06  -->   3.178e-06 (normalized)
R boundary error:                                            4.871e-19  -->   4.866e-19 (m)
Fixed Psi error:                                             0.000e+00  -->   0.000e+00 (Wb)
Fixed pressure profile error:                                0.000e+00  -->   0.000e+00 (Pa)
Fixed current profile error:                                 0.000e+00  -->   0.000e+00 (A)
Fixed sheet current error:                                   0.000e+00  -->   0.000e+00 (~)
Z boundary error:                                            2.217e-19  -->   4.303e-20 (m)
Summed coil current error:                                   0.000e+00  -->   0.000e+00 (A)
==============================================================================================================

/home/singh/Documents/DESC2/desc/utils.py:590: UserWarning: Unequal number of field periods for grid 1 and basis 4.
  warnings.warn(msg, err)
/home/singh/Documents/DESC2/desc/utils.py:590: UserWarning: Unequal number of field periods for grid 1 and basis 4.
  warnings.warn(msg, err)
/home/singh/Documents/DESC2/desc/utils.py:590: FutureWarning: constants is deprecated and will be removed in a future release. Users should not include constants in the arguments of their objective compute methods. Instead declare all the constants in the build method and use as self._constants.
  warnings.warn(msg, err)

TERMS AFTER k=2
term                             dim_f    weight     norm    s(qw)  target/bounds           raw min    raw max       cost  err/tol  share
Vacuum B.n error                  1326      31.8   0.4253    6.283  = 0                   -0.000997  0.0009995    0.01633    0.181  80.0%
QS two-term (scale-invariant)     5445      1.42        -    41.41  = 0                    -0.01355    0.01355   0.004053     0.09  19.9%
aspect ratio                         1      12.5        -        1  [7.5, 8.5]                8.079      8.079          0        0   0.0%
rotational transform                20        84        -        1  [1.19, inf]               1.249      1.255          0        0   0.0%
volume                               1       659        -        1  [0.2975, 0.3096]         0.2988     0.2988          0        0   0.0%
coil length                          4      34.2        -        2  [0, 2.926]                2.926      2.926   3.89e-07 0.000882   0.0%
coil curvature                    1204      20.2        -    5.013  [0, 13.67]               0.2731      13.67  6.463e-10  3.6e-05   0.0%
coil mean squared curvature          4      5.35        -        2  [0, 18.69]                13.83      18.69  2.488e-09 7.05e-05   0.0%
coil-coil distance penalty          72        11        -    8.485  [-inf, 0]                     0  0.0004895  2.719e-05  0.00737   0.1%
plasma-coil minimum distance         8       894        -    2.828  [0.1119, inf]            0.1342     0.1752          0        0   0.0%
total cost 0.5 sum f^2                                                                                                     0.02041
k=2 physics  A 8.079  R0 0.9960  a 0.1233  iota [1.2494, 1.2549]  QS(Boozer, |B_nonsym|/<B>) rho 0.25 2.56e-04  rho 0.5 2.24e-04  rho 0.75 4.59e-04  rho 1 1.45e-03
k=2 coils    bn 8.0884e-04 (max 3.836e-03)  L 1.000  kappa 1.001  kMS 1.000  d_cc 1.016  d_pc 1.222  linked 0  -> FAILS L,kappa,kMS
k=2 solver   Maximum number of iterations has been exceeded.  nit 100  wall 12.4 min

===== step k=3: 48 boundary modes free, maxiter 100 =====
Building objective: Vacuum B.n error
Precomputing transforms
Timer: Precomputing transforms = 26.9 ms
Building objective: QS two-term (scale-invariant)
Precomputing transforms
Timer: Precomputing transforms = 61.1 ms
Building objective: aspect ratio
Precomputing transforms
Timer: Precomputing transforms = 27.8 ms
Building objective: rotational transform
Precomputing transforms
Timer: Precomputing transforms = 28.3 ms
Building objective: volume
Precomputing transforms
Timer: Precomputing transforms = 25.8 ms
Building objective: coil length
Precomputing transforms
Timer: Precomputing transforms = 3.47 ms
Building objective: coil curvature
Precomputing transforms
Timer: Precomputing transforms = 4.05 ms
Building objective: coil mean squared curvature
Precomputing transforms
Timer: Precomputing transforms = 4.03 ms
Building objective: coil-coil distance penalty
Building objective: plasma-coil minimum distance
ObjectiveFunction deriv_mode : blocked
Vacuum B.n error jac_chunk_size: 5
QS two-term (scale-invariant) jac_chunk_size: 5
aspect ratio jac_chunk_size: None
rotational transform jac_chunk_size: None
volume jac_chunk_size: None
coil length jac_chunk_size: None
coil curvature jac_chunk_size: None
coil mean squared curvature jac_chunk_size: None
coil-coil distance penalty jac_chunk_size: None
plasma-coil minimum distance jac_chunk_size: None
Timer: Objective build = 363 ms
Building objective: force
Precomputing transforms
Timer: Precomputing transforms = 65.3 ms
ObjectiveFunction deriv_mode : batched
ObjectiveFunction jac_chunk_size: 4382
Timer: Objective build = 78.6 ms
ObjectiveFunction deriv_mode : blocked
lcfs R jac_chunk_size: None
lcfs Z jac_chunk_size: None
fixed Psi jac_chunk_size: None
fixed pressure jac_chunk_size: None
fixed current jac_chunk_size: None
fixed sheet current jac_chunk_size: None
self_consistency R jac_chunk_size: None
self_consistency Z jac_chunk_size: None
lambda gauge jac_chunk_size: None
axis R self consistency jac_chunk_size: None
axis Z self consistency jac_chunk_size: None
Timer: Objective build = 903 us
Timer: Eq Update LinearConstraintProjection build = 135 ms
Timer: Proximal projection build = 1.56 sec
Building objective: lcfs R
Building objective: fixed Psi
Building objective: fixed pressure
Building objective: fixed current
Building objective: fixed sheet current
Building objective: lcfs Z
Building objective: summed coil current
Building objective: fixed shift
Building objective: fixed rotation
ObjectiveFunction deriv_mode : blocked
lcfs R jac_chunk_size: None
fixed Psi jac_chunk_size: None
fixed pressure jac_chunk_size: None
fixed current jac_chunk_size: None
fixed sheet current jac_chunk_size: None
lcfs Z jac_chunk_size: None
summed coil current jac_chunk_size: None
fixed shift jac_chunk_size: None
fixed rotation jac_chunk_size: None
Timer: Objective build = 689 ms
Timer: LinearConstraintProjection build = 2.32 sec
Number of parameters: 207
Number of objectives: 8085
Timer: Initializing the optimization = 4.73 sec

Starting optimization
Using method: proximal-lsq-exact
Solver options:
------------------------------------------------------------
Maximum Function Evaluations       : 501
Maximum Allowed Total Δx Norm      : inf
Scaled Termination                 : True
Trust Region Method                : qr
Initial Trust Radius               : 4.813e+01
Maximum Trust Radius               : inf
Minimum Trust Radius               : 2.220e-16
Trust Radius Increase Ratio        : 2.000e+00
Trust Radius Decrease Ratio        : 2.500e-01
Trust Radius Increase Threshold    : 7.500e-01
Trust Radius Decrease Threshold    : 2.500e-01
------------------------------------------------------------ 

   Iteration     Total nfev        Cost      Cost reduction    Step norm     Optimality   
       0              1          2.041e-02                                    7.838e-03   
       1              6          1.963e-02      7.727e-04      9.885e-04      2.545e-03   
  [mem] RSS 6.12 GB  peak 6.12 GB
       2              9          1.962e-02      1.170e-05      1.716e-04      1.050e-02   
       3             10          1.955e-02      6.730e-05      3.527e-05      8.798e-04   
       4             11          1.953e-02      2.681e-05      6.539e-05      8.507e-04   
       5             12          1.948e-02      5.164e-05      1.321e-04      8.234e-04   
       6             13          1.938e-02      9.846e-05      2.704e-04      7.729e-04   
       7             16          1.937e-02      7.046e-06      3.338e-05      3.304e-03   
       8             17          1.935e-02      1.674e-05      3.314e-05      7.577e-04   
       9             18          1.933e-02      2.348e-05      6.677e-05      7.469e-04   
      10             19          1.928e-02      4.561e-05      1.355e-04      7.231e-04   
      11             20          1.920e-02      8.761e-05      2.759e-04      6.766e-04   
      12             23          1.919e-02      5.871e-06      3.385e-05      3.312e-03   
      13             24          1.918e-02      1.565e-05      3.379e-05      6.664e-04   
      14             25          1.915e-02      2.087e-05      6.792e-05      6.560e-04   
      15             26          1.911e-02      4.155e-05      1.373e-04      6.372e-04   
  [mem] RSS 6.12 GB  peak 6.12 GB
      16             27          1.903e-02      8.009e-05      2.782e-04      6.008e-04   
      17             28          1.888e-02      1.507e-04      5.632e-04      6.853e-04   
      18             32          1.888e-02      3.397e-06      1.719e-05      1.698e-03   
      19             33          1.887e-02      5.663e-06      1.673e-05      5.295e-04   
      20             34          1.886e-02      8.993e-06      3.346e-05      5.249e-04   
      21             35          1.885e-02      1.814e-05      6.755e-05      5.174e-04   
      22             36          1.881e-02      3.533e-05      1.367e-04      5.029e-04   
      23             37          1.874e-02      6.923e-05      2.758e-04      4.753e-04   
      24             38          1.861e-02      1.315e-04      5.528e-04      8.879e-04   
      25             41          1.859e-02      1.569e-05      6.414e-05      7.431e-04   
      26             42          1.856e-02      3.113e-05      1.220e-04      4.037e-04   
      27             43          1.850e-02      6.009e-05      2.435e-04      3.786e-04   
      28             44          1.839e-02      1.149e-04      4.899e-04      1.127e-03   
      29             45          1.819e-02      2.024e-04      9.079e-04      5.043e-03   
  [mem] RSS 6.12 GB  peak 6.12 GB
      30             47          1.808e-02      1.039e-04      5.646e-04      2.335e-03   
      31             50          1.806e-02      1.777e-05      1.210e-04      9.131e-04   
      32             51          1.804e-02      2.547e-05      1.060e-04      4.046e-04   
      33             52          1.799e-02      4.725e-05      2.030e-04      9.773e-04   
      34             53          1.791e-02      8.026e-05      5.522e-04      3.100e-03   
      35             56          1.789e-02      2.138e-05      1.311e-04      9.950e-04   
      36             57          1.786e-02      2.475e-05      9.584e-05      3.538e-04   
      37             58          1.782e-02      4.605e-05      1.915e-04      6.050e-04   
      38             59          1.773e-02      8.609e-05      4.701e-04      1.470e-03   
      39             62          1.772e-02      1.261e-05      1.079e-04      1.047e-03   
      40             63          1.771e-02      1.189e-05      6.310e-05      4.312e-04   
      41             64          1.769e-02      2.165e-05      1.004e-04      7.583e-04   
      42             65          1.764e-02      4.258e-05      2.390e-04      6.968e-04   
  [mem] RSS 6.12 GB  peak 6.12 GB
      43             67          1.763e-02      1.700e-05      1.513e-04      1.891e-03   
      44             68          1.760e-02      2.224e-05      1.753e-04      1.056e-03   
      45             69          1.759e-02      1.794e-05      1.502e-04      1.747e-03   
      46             70          1.757e-02      2.144e-05      1.757e-04      1.052e-03   
      47             71          1.755e-02      1.805e-05      1.484e-04      1.667e-03   
      48             72          1.753e-02      2.103e-05      1.749e-04      1.022e-03   
      49             73          1.751e-02      1.785e-05      1.477e-04      1.637e-03   
      50             74          1.749e-02      2.089e-05      1.740e-04      9.958e-04   
      51             75          1.747e-02      1.782e-05      1.463e-04      1.586e-03   
      52             77          1.747e-02      1.982e-06      6.164e-05      2.971e-03   
      53             78          1.746e-02      5.726e-06      4.964e-06      1.020e-03   
      54             79          1.746e-02      3.022e-06      1.487e-05      2.725e-04   
      55             80          1.745e-02      4.809e-06      2.808e-05      2.016e-04   
      56             81          1.744e-02      9.607e-06      5.300e-05      1.902e-04   
      57             84          1.744e-02      1.212e-06      6.553e-06      1.948e-04   
      58             85          1.744e-02      1.913e-06      1.288e-05      1.028e-03   
      59             86          1.744e-02      5.201e-06      2.504e-05      1.919e-04   
  [mem] RSS 6.12 GB  peak 6.12 GB
      60             87          1.743e-02      9.452e-06      4.932e-05      1.858e-04   
      61             88          1.741e-02      1.874e-05      9.761e-05      1.771e-04   
      62             89          1.737e-02      3.689e-05      1.935e-04      1.783e-04   
      63             92          1.737e-02      3.001e-06      2.333e-05      1.800e-03   
      64             93          1.736e-02      6.102e-06      2.426e-05      1.780e-04   
      65             94          1.735e-02      9.079e-06      4.766e-05      1.781e-04   
      66             95          1.733e-02      1.805e-05      9.567e-05      1.781e-04   
      67             96          1.730e-02      3.568e-05      1.917e-04      1.783e-04   
      68             99          1.730e-02      2.781e-06      2.321e-05      1.829e-03   
      69             100         1.729e-02      6.011e-06      2.421e-05      1.777e-04   
      70             101         1.728e-02      8.838e-06      4.754e-05      1.775e-04   
      71             102         1.726e-02      1.753e-05      9.556e-05      1.772e-04   
      72             103         1.723e-02      3.474e-05      1.918e-04      1.770e-04   
  [mem] RSS 6.12 GB  peak 6.12 GB
      73             106         1.723e-02      2.629e-06      2.319e-05      1.849e-03   
      74             107         1.722e-02      5.917e-06      2.422e-05      1.762e-04   
      75             108         1.721e-02      8.621e-06      4.753e-05      1.759e-04   
      76             109         1.719e-02      1.712e-05      9.555e-05      1.754e-04   
      77             110         1.716e-02      3.392e-05      1.915e-04      1.750e-04   
      78             113         1.716e-02      2.501e-06      2.315e-05      1.863e-03   
      79             114         1.715e-02      5.858e-06      2.417e-05      1.742e-04   
      80             115         1.714e-02      8.410e-06      4.742e-05      1.738e-04   
      81             116         1.713e-02      1.675e-05      9.521e-05      1.731e-04   
      82             117         1.709e-02      3.319e-05      1.908e-04      1.726e-04   
      83             120         1.709e-02      2.402e-06      2.307e-05      1.874e-03   
      84             121         1.709e-02      5.772e-06      2.409e-05      1.717e-04   
      85             122         1.708e-02      8.226e-06      4.722e-05      1.713e-04   
      86             123         1.706e-02      1.638e-05      9.479e-05      1.706e-04   
      87             124         1.703e-02      3.252e-05      1.898e-04      1.700e-04   
  [mem] RSS 6.12 GB  peak 6.12 GB
      88             127         1.703e-02      2.301e-06      2.300e-05      1.882e-03   
      89             128         1.702e-02      5.700e-06      2.401e-05      1.691e-04   
      90             129         1.701e-02      8.054e-06      4.706e-05      1.686e-04   
      91             130         1.700e-02      1.604e-05      9.446e-05      1.678e-04   
      92             131         1.697e-02      3.187e-05      1.892e-04      1.672e-04   
      93             134         1.696e-02      2.212e-06      2.298e-05      1.886e-03   
      94             135         1.696e-02      5.629e-06      2.397e-05      1.662e-04   
      95             136         1.695e-02      7.893e-06      4.698e-05      1.657e-04   
      96             137         1.693e-02      1.573e-05      9.427e-05      1.650e-04   
      97             138         1.690e-02      3.123e-05      1.888e-04      1.642e-04   
      98             141         1.690e-02      2.175e-06      2.298e-05      1.890e-03   
      99             142         1.689e-02      5.545e-06      2.395e-05      1.634e-04   
      100            143         1.689e-02      7.746e-06      4.695e-05      1.628e-04   
Warning: Maximum number of iterations has been exceeded.
         Current function value: 1.689e-02
         Total delta_x: 1.130e-02
         Iterations: 100
         Function evaluations: 143
         Jacobian evaluations: 101
Timer: Solution time = 15.2 min
Timer: Avg time per step = 9.07 sec
==============================================================================================================
                                                                 Start  -->   End
Total (sum of squares):                                      2.041e-02  -->   1.689e-02, 
Maximum absolute Boundary normal field error:                9.995e-04  -->   8.537e-04 (T*m^2, T^2*m^2)
Minimum absolute Boundary normal field error:                8.707e-08  -->   2.501e-07 (T*m^2, T^2*m^2)
Average absolute Boundary normal field error:                3.231e-04  -->   2.968e-04 (T*m^2, T^2*m^2)
Maximum absolute Boundary normal field error:                2.350e-03  -->   2.007e-03 (normalized)
Minimum absolute Boundary normal field error:                2.048e-07  -->   5.882e-07 (normalized)
Average absolute Boundary normal field error:                7.597e-04  -->   6.980e-04 (normalized)
Maximum absolute Quasi-symmetry (1,4) two-term error:        1.355e-02  -->   1.627e-02 (dimensionless)
Minimum absolute Quasi-symmetry (1,4) two-term error:        6.818e-16  -->   7.026e-16 (dimensionless)
Average absolute Quasi-symmetry (1,4) two-term error:        1.181e-03  -->   1.023e-03 (dimensionless)
Aspect ratio:                                                8.079e+00  -->   8.106e+00 (dimensionless)
Maximum Rotational transform:                                1.255e+00  -->   1.256e+00 (dimensionless)
Minimum Rotational transform:                                1.249e+00  -->   1.251e+00 (dimensionless)
Average Rotational transform:                                1.253e+00  -->   1.254e+00 (dimensionless)
Plasma volume:                                               2.988e-01  -->   2.975e-01 (m^3)
Maximum Coil length:                                         2.926e+00  -->   2.926e+00 (m)
Minimum Coil length:                                         2.926e+00  -->   2.926e+00 (m)
Average Coil length:                                         2.926e+00  -->   2.926e+00 (m)
Maximum Coil curvature:                                      1.367e+01  -->   1.367e+01 (m^-1)
Minimum Coil curvature:                                      2.731e-01  -->   2.342e-01 (m^-1)
Average Coil curvature:                                      3.979e+00  -->   3.900e+00 (m^-1)
Maximum Coil mean squared curvature:                         1.869e+01  -->   1.868e+01 (m^-2)
Minimum Coil mean squared curvature:                         1.383e+01  -->   1.249e+01 (m^-2)
Average Coil mean squared curvature:                         1.744e+01  -->   1.697e+01 (m^-2)
Maximum Coil-coil distance penalty:                          4.895e-04  -->   3.582e-04 (dimensionless)
Minimum Coil-coil distance penalty:                          0.000e+00  -->   0.000e+00 (dimensionless)
Average Coil-coil distance penalty:                          1.550e-05  -->   1.441e-05 (dimensionless)
Maximum Minimum plasma-coil distance:                        1.752e-01  -->   1.784e-01 (m)
Minimum Minimum plasma-coil distance:                        1.342e-01  -->   1.361e-01 (m)
Average Minimum plasma-coil distance:                        1.506e-01  -->   1.529e-01 (m)
Maximum absolute Force error:                                7.731e+01  -->   6.729e+01 (N)
Minimum absolute Force error:                                2.676e-05  -->   1.148e-03 (N)
Average absolute Force error:                                2.007e+00  -->   1.736e+00 (N)
Maximum absolute Force error:                                1.224e-04  -->   1.065e-04 (normalized)
Minimum absolute Force error:                                4.235e-11  -->   1.818e-09 (normalized)
Average absolute Force error:                                3.177e-06  -->   2.748e-06 (normalized)
R boundary error:                                            4.719e-20  -->   1.932e-20 (m)
Fixed Psi error:                                             0.000e+00  -->   0.000e+00 (Wb)
Fixed pressure profile error:                                0.000e+00  -->   0.000e+00 (Pa)
Fixed current profile error:                                 0.000e+00  -->   0.000e+00 (A)
Fixed sheet current error:                                   0.000e+00  -->   0.000e+00 (~)
Z boundary error:                                            4.374e-20  -->   1.596e-20 (m)
Summed coil current error:                                   0.000e+00  -->   1.164e-10 (A)
==============================================================================================================

/home/singh/Documents/DESC2/desc/utils.py:590: UserWarning: Unequal number of field periods for grid 1 and basis 4.
  warnings.warn(msg, err)
/home/singh/Documents/DESC2/desc/utils.py:590: UserWarning: Unequal number of field periods for grid 1 and basis 4.
  warnings.warn(msg, err)
/home/singh/Documents/DESC2/desc/utils.py:590: FutureWarning: constants is deprecated and will be removed in a future release. Users should not include constants in the arguments of their objective compute methods. Instead declare all the constants in the build method and use as self._constants.
  warnings.warn(msg, err)

TERMS AFTER k=3
term                             dim_f    weight     norm    s(qw)  target/bounds           raw min    raw max       cost  err/tol  share
Vacuum B.n error                  1326      31.8   0.4253    6.283  = 0                   -0.000849  0.0008537    0.01348    0.164  79.8%
QS two-term (scale-invariant)     5445      1.42        -    41.41  = 0                    -0.01627    0.01627   0.003392   0.0824  20.1%
aspect ratio                         1      12.5        -        1  [7.5, 8.5]                8.106      8.106          0        0   0.0%
rotational transform                20        84        -        1  [1.19, inf]               1.251      1.256          0        0   0.0%
volume                               1       659        -        1  [0.2975, 0.3096]         0.2975     0.2975  7.532e-09 0.000123   0.0%
coil length                          4      34.2        -        2  [0, 2.926]                2.926      2.926  3.486e-07 0.000835   0.0%
coil curvature                    1204      20.2        -    5.013  [0, 13.67]               0.2342      13.67  4.543e-10 3.01e-05   0.0%
coil mean squared curvature          4      5.35        -        2  [0, 18.69]                12.49      18.68          0        0   0.0%
coil-coil distance penalty          72        11        -    8.485  [-inf, 0]                     0  0.0003582  1.897e-05  0.00616   0.1%
plasma-coil minimum distance         8       894        -    2.828  [0.1119, inf]            0.1361     0.1784          0        0   0.0%
total cost 0.5 sum f^2                                                                                                     0.01689
k=3 physics  A 8.106  R0 0.9967  a 0.1230  iota [1.2506, 1.2560]  QS(Boozer, |B_nonsym|/<B>) rho 0.25 2.11e-04  rho 0.5 1.94e-04  rho 0.75 4.25e-04  rho 1 1.49e-03
k=3 coils    bn 7.3677e-04 (max 3.101e-03)  L 1.000  kappa 1.001  kMS 0.999  d_cc 1.017  d_pc 1.240  linked 0  -> FAILS L,kappa
k=3 solver   Maximum number of iterations has been exceeded.  nit 100  wall 15.4 min

===== step k=4: 80 boundary modes free, maxiter 100 =====
Building objective: Vacuum B.n error
Precomputing transforms
Timer: Precomputing transforms = 28.2 ms
Building objective: QS two-term (scale-invariant)
Precomputing transforms
Timer: Precomputing transforms = 68.5 ms
Building objective: aspect ratio
Precomputing transforms
Timer: Precomputing transforms = 28.8 ms
Building objective: rotational transform
Precomputing transforms
Timer: Precomputing transforms = 30.5 ms
Building objective: volume
Precomputing transforms
Timer: Precomputing transforms = 28.1 ms
Building objective: coil length
Precomputing transforms
Timer: Precomputing transforms = 3.56 ms
Building objective: coil curvature
Precomputing transforms
Timer: Precomputing transforms = 5.60 ms
Building objective: coil mean squared curvature
Precomputing transforms
Timer: Precomputing transforms = 4.19 ms
Building objective: coil-coil distance penalty
Building objective: plasma-coil minimum distance
ObjectiveFunction deriv_mode : blocked
Vacuum B.n error jac_chunk_size: 5
QS two-term (scale-invariant) jac_chunk_size: 5
aspect ratio jac_chunk_size: None
rotational transform jac_chunk_size: None
volume jac_chunk_size: None
coil length jac_chunk_size: None
coil curvature jac_chunk_size: None
coil mean squared curvature jac_chunk_size: None
coil-coil distance penalty jac_chunk_size: None
plasma-coil minimum distance jac_chunk_size: None
Timer: Objective build = 402 ms
Building objective: force
Precomputing transforms
Timer: Precomputing transforms = 68.0 ms
ObjectiveFunction deriv_mode : batched
ObjectiveFunction jac_chunk_size: 4382
Timer: Objective build = 82.6 ms
ObjectiveFunction deriv_mode : blocked
lcfs R jac_chunk_size: None
lcfs Z jac_chunk_size: None
fixed Psi jac_chunk_size: None
fixed pressure jac_chunk_size: None
fixed current jac_chunk_size: None
fixed sheet current jac_chunk_size: None
self_consistency R jac_chunk_size: None
self_consistency Z jac_chunk_size: None
lambda gauge jac_chunk_size: None
axis R self consistency jac_chunk_size: None
axis Z self consistency jac_chunk_size: None
Timer: Objective build = 913 us
Timer: Eq Update LinearConstraintProjection build = 130 ms
Timer: Proximal projection build = 1.89 sec
Building objective: lcfs R
Building objective: fixed Psi
Building objective: fixed pressure
Building objective: fixed current
Building objective: fixed sheet current
Building objective: lcfs Z
Building objective: summed coil current
Building objective: fixed shift
Building objective: fixed rotation
ObjectiveFunction deriv_mode : blocked
lcfs R jac_chunk_size: None
fixed Psi jac_chunk_size: None
fixed pressure jac_chunk_size: None
fixed current jac_chunk_size: None
fixed sheet current jac_chunk_size: None
lcfs Z jac_chunk_size: None
summed coil current jac_chunk_size: None
fixed shift jac_chunk_size: None
fixed rotation jac_chunk_size: None
Timer: Objective build = 684 ms
Timer: LinearConstraintProjection build = 2.57 sec
Number of parameters: 239
Number of objectives: 8085
Timer: Initializing the optimization = 5.28 sec

Starting optimization
Using method: proximal-lsq-exact
  [mem] RSS 6.22 GB  peak 6.22 GB
Solver options:
------------------------------------------------------------
Maximum Function Evaluations       : 501
Maximum Allowed Total Δx Norm      : inf
Scaled Termination                 : True
Trust Region Method                : qr
Initial Trust Radius               : 5.659e+01
Maximum Trust Radius               : inf
Minimum Trust Radius               : 2.220e-16
Trust Radius Increase Ratio        : 2.000e+00
Trust Radius Decrease Ratio        : 2.500e-01
Trust Radius Increase Threshold    : 7.500e-01
Trust Radius Decrease Threshold    : 2.500e-01
------------------------------------------------------------ 

   Iteration     Total nfev        Cost      Cost reduction    Step norm     Optimality   
       0              1          1.689e-02                                    5.947e-03   
       1              6          1.630e-02      5.847e-04      2.117e-03      1.826e-02   
       2              9          1.605e-02      2.534e-04      2.442e-04      4.694e-03   
  [mem] RSS 6.38 GB  peak 6.38 GB
       3             10          1.594e-02      1.104e-04      4.727e-04      2.741e-03   
       4             11          1.578e-02      1.599e-04      1.034e-03      2.301e-03   
       5             14          1.576e-02      2.107e-05      1.360e-04      4.197e-03   
       6             15          1.573e-02      2.674e-05      1.176e-04      2.678e-04   
       7             16          1.570e-02      3.515e-05      2.397e-04      2.558e-04   
       8             17          1.563e-02      6.647e-05      4.873e-04      3.206e-04   
       9             18          1.551e-02      1.213e-04      9.758e-04      7.682e-04   
      10             21          1.550e-02      6.852e-06      1.187e-04      4.184e-03   
      11             22          1.548e-02      2.272e-05      1.191e-04      1.975e-04   
      12             23          1.545e-02      2.797e-05      2.372e-04      1.922e-04   
      13             24          1.540e-02      5.403e-05      4.760e-04      2.320e-04   
  [mem] RSS 6.38 GB  peak 6.38 GB
      14             27          1.539e-02      4.187e-06      5.873e-05      2.297e-03   
      15             28          1.538e-02      9.028e-06      5.804e-05      1.947e-04   
      16             29          1.537e-02      1.304e-05      1.164e-04      1.952e-04   
      17             30          1.534e-02      2.568e-05      2.326e-04      1.962e-04   
      18             32          1.533e-02      1.267e-05      1.157e-04      1.963e-04   
      19             34          1.533e-02      1.563e-06      5.771e-05      3.085e-03   
      20             35          1.532e-02      6.148e-06      1.361e-05      2.063e-04   
      21             36          1.532e-02      3.079e-06      2.689e-05      1.938e-04   
      22             37          1.531e-02      6.125e-06      5.359e-05      1.926e-04   
      23             38          1.530e-02      1.213e-05      1.066e-04      1.911e-04   
      24             39          1.528e-02      2.389e-05      2.115e-04      1.897e-04   
      25             40          1.523e-02      4.645e-05      4.174e-04      2.127e-04   
      26             43          1.523e-02      3.417e-06      5.142e-05      2.237e-03   
      27             44          1.522e-02      8.025e-06      5.133e-05      1.871e-04   
      28             45          1.521e-02      1.129e-05      1.025e-04      1.867e-04   
      29             46          1.519e-02      2.230e-05      2.040e-04      1.864e-04   
      30             47          1.514e-02      4.353e-05      4.030e-04      1.960e-04   
  [mem] RSS 6.38 GB  peak 6.38 GB
      31             50          1.514e-02      2.944e-06      4.964e-05      2.258e-03   
      32             51          1.513e-02      7.821e-06      4.975e-05      1.840e-04   
      33             52          1.512e-02      1.063e-05      9.909e-05      1.836e-04   
      34             53          1.510e-02      2.105e-05      1.972e-04      1.832e-04   
      35             55          1.509e-02      9.017e-06      9.771e-05      1.712e-03   
      36             56          1.507e-02      2.153e-05      1.894e-04      1.814e-04   
      37             57          1.503e-02      3.950e-05      3.742e-04      1.833e-04   
      38             60          1.503e-02      1.446e-06      4.584e-05      2.447e-03   
      39             61          1.502e-02      8.334e-06      4.631e-05      1.795e-04   
      40             62          1.501e-02      9.682e-06      9.177e-05      1.793e-04   
      41             63          1.499e-02      1.922e-05      1.828e-04      1.791e-04   
      42             65          1.499e-02      6.861e-06      9.013e-05      2.191e-03   
      43             66          1.497e-02      1.212e-05      9.096e-05      1.777e-04   
      44             67          1.497e-02      8.411e-06      1.786e-04      4.390e-03   
      45             68          1.494e-02      2.895e-05      1.796e-04      1.768e-04   
  [mem] RSS 6.38 GB  peak 6.38 GB
      46             70          1.493e-02      6.355e-06      8.785e-05      2.285e-03   
      47             71          1.492e-02      1.208e-05      8.887e-05      1.763e-04   
      48             72          1.491e-02      7.626e-06      1.743e-04      4.421e-03   
      49             73          1.488e-02      2.864e-05      1.755e-04      1.756e-04   
      50             75          1.488e-02      6.155e-06      8.575e-05      2.254e-03   
      51             76          1.486e-02      1.176e-05      8.682e-05      1.750e-04   
      52             77          1.486e-02      7.137e-06      1.702e-04      4.405e-03   
      53             78          1.483e-02      2.814e-05      1.718e-04      1.742e-04   
      54             80          1.482e-02      5.932e-06      8.387e-05      2.239e-03   
      55             81          1.481e-02      1.150e-05      8.500e-05      1.734e-04   
      56             82          1.480e-02      6.764e-06      1.661e-04      4.370e-03   
      57             83          1.478e-02      2.756e-05      1.700e-04      1.725e-04   
      58             85          1.477e-02      5.711e-06      8.423e-05      2.205e-03   
      59             86          1.476e-02      1.112e-05      8.510e-05      1.711e-04   
      60             87          1.475e-02      6.452e-06      1.639e-04      4.258e-03   
      61             88          1.473e-02      2.562e-05      1.809e-04      3.419e-04   
  [mem] RSS 6.38 GB  peak 6.38 GB
      62             91          1.473e-02      1.642e-06      3.296e-05      1.257e-03   
      63             92          1.472e-02      2.991e-06      2.245e-05      1.755e-04   
      64             93          1.472e-02      4.152e-06      4.060e-05      1.734e-04   
      65             94          1.471e-02      8.297e-06      7.934e-05      1.712e-04   
      66             95          1.469e-02      1.646e-05      1.598e-04      1.706e-04   
      67             97          1.469e-02      5.533e-06      7.928e-05      2.232e-03   
      68             98          1.468e-02      1.083e-05      8.037e-05      1.700e-04   
      69             99          1.467e-02      5.706e-06      1.580e-04      4.382e-03   
      70             101         1.466e-02      1.223e-05      4.094e-05      2.204e-03   
      71             102         1.465e-02      1.032e-05      7.858e-05      1.690e-04   
      72             103         1.463e-02      1.600e-05      1.571e-04      1.689e-04   
      73             106         1.463e-02      1.325e-06      1.929e-05      1.066e-03   
      74             107         1.463e-02      2.679e-06      1.985e-05      1.680e-04   
      75             108         1.463e-02      4.007e-06      3.915e-05      1.679e-04   
      76             109         1.462e-02      7.919e-06      7.819e-05      1.678e-04   
      77             110         1.460e-02      1.578e-05      1.558e-04      1.677e-04   
  [mem] RSS 6.38 GB  peak 6.38 GB
      78             113         1.460e-02      1.285e-06      1.917e-05      1.076e-03   
      79             114         1.460e-02      2.660e-06      1.963e-05      1.672e-04   
      80             115         1.459e-02      3.951e-06      3.873e-05      1.670e-04   
      81             116         1.459e-02      7.810e-06      7.738e-05      1.668e-04   
      82             117         1.457e-02      1.557e-05      1.543e-04      1.667e-04   
      83             120         1.457e-02      1.289e-06      1.901e-05      1.044e-03   
      84             121         1.457e-02      2.604e-06      1.946e-05      1.662e-04   
      85             122         1.456e-02      3.899e-06      3.840e-05      1.660e-04   
      86             123         1.456e-02      7.707e-06      7.674e-05      1.658e-04   
      87             124         1.454e-02      1.536e-05      1.531e-04      1.658e-04   
      88             127         1.454e-02      1.289e-06      1.886e-05      1.016e-03   
      89             128         1.454e-02      2.554e-06      1.931e-05      1.652e-04   
      90             129         1.453e-02      3.849e-06      3.809e-05      1.650e-04   
      91             130         1.452e-02      7.605e-06      7.608e-05      1.648e-04   
      92             131         1.451e-02      1.516e-05      1.517e-04      1.648e-04   
      93             134         1.451e-02      1.289e-06      1.868e-05      9.870e-04   
  [mem] RSS 6.38 GB  peak 6.38 GB
      94             135         1.451e-02      2.504e-06      1.913e-05      1.642e-04   
      95             136         1.450e-02      3.798e-06      3.771e-05      1.640e-04   
      96             137         1.449e-02      7.504e-06      7.533e-05      1.638e-04   
      97             138         1.448e-02      1.496e-05      1.502e-04      1.637e-04   
      98             141         1.448e-02      1.282e-06      1.846e-05      9.628e-04   
      99             142         1.448e-02      2.461e-06      1.892e-05      1.631e-04   
      100            143         1.447e-02      3.748e-06      3.730e-05      1.629e-04   
Warning: Maximum number of iterations has been exceeded.
         Current function value: 1.447e-02
         Total delta_x: 1.402e-02
         Iterations: 100
         Function evaluations: 143
         Jacobian evaluations: 101
Timer: Solution time = 14.9 min
Timer: Avg time per step = 8.88 sec
==============================================================================================================
                                                                 Start  -->   End
Total (sum of squares):                                      1.689e-02  -->   1.447e-02, 
Maximum absolute Boundary normal field error:                8.537e-04  -->   7.479e-04 (T*m^2, T^2*m^2)
Minimum absolute Boundary normal field error:                2.501e-07  -->   1.598e-07 (T*m^2, T^2*m^2)
Average absolute Boundary normal field error:                2.968e-04  -->   2.759e-04 (T*m^2, T^2*m^2)
Maximum absolute Boundary normal field error:                2.007e-03  -->   1.759e-03 (normalized)
Minimum absolute Boundary normal field error:                5.882e-07  -->   3.758e-07 (normalized)
Average absolute Boundary normal field error:                6.980e-04  -->   6.489e-04 (normalized)
Maximum absolute Quasi-symmetry (1,4) two-term error:        1.627e-02  -->   1.624e-02 (dimensionless)
Minimum absolute Quasi-symmetry (1,4) two-term error:        7.026e-16  -->   7.204e-16 (dimensionless)
Average absolute Quasi-symmetry (1,4) two-term error:        1.023e-03  -->   9.273e-04 (dimensionless)
Aspect ratio:                                                8.106e+00  -->   8.109e+00 (dimensionless)
Maximum Rotational transform:                                1.256e+00  -->   1.256e+00 (dimensionless)
Minimum Rotational transform:                                1.251e+00  -->   1.251e+00 (dimensionless)
Average Rotational transform:                                1.254e+00  -->   1.253e+00 (dimensionless)
Plasma volume:                                               2.975e-01  -->   2.975e-01 (m^3)
Maximum Coil length:                                         2.926e+00  -->   2.926e+00 (m)
Minimum Coil length:                                         2.926e+00  -->   2.926e+00 (m)
Average Coil length:                                         2.926e+00  -->   2.926e+00 (m)
Maximum Coil curvature:                                      1.367e+01  -->   1.367e+01 (m^-1)
Minimum Coil curvature:                                      2.342e-01  -->   1.859e-01 (m^-1)
Average Coil curvature:                                      3.900e+00  -->   3.832e+00 (m^-1)
Maximum Coil mean squared curvature:                         1.868e+01  -->   1.856e+01 (m^-2)
Minimum Coil mean squared curvature:                         1.249e+01  -->   1.174e+01 (m^-2)
Average Coil mean squared curvature:                         1.697e+01  -->   1.660e+01 (m^-2)
Maximum Coil-coil distance penalty:                          3.582e-04  -->   2.995e-04 (dimensionless)
Minimum Coil-coil distance penalty:                          0.000e+00  -->   0.000e+00 (dimensionless)
Average Coil-coil distance penalty:                          1.441e-05  -->   1.176e-05 (dimensionless)
Maximum Minimum plasma-coil distance:                        1.784e-01  -->   1.804e-01 (m)
Minimum Minimum plasma-coil distance:                        1.361e-01  -->   1.385e-01 (m)
Average Minimum plasma-coil distance:                        1.529e-01  -->   1.556e-01 (m)
Maximum absolute Force error:                                6.729e+01  -->   6.119e+01 (N)
Minimum absolute Force error:                                1.148e-03  -->   5.616e-05 (N)
Average absolute Force error:                                1.736e+00  -->   1.489e+00 (N)
Maximum absolute Force error:                                1.060e-04  -->   9.637e-05 (normalized)
Minimum absolute Force error:                                1.808e-09  -->   8.845e-11 (normalized)
Average absolute Force error:                                2.734e-06  -->   2.345e-06 (normalized)
R boundary error:                                            1.714e-20  -->   1.031e-20 (m)
Fixed Psi error:                                             0.000e+00  -->   0.000e+00 (Wb)
Fixed pressure profile error:                                0.000e+00  -->   0.000e+00 (Pa)
Fixed current profile error:                                 0.000e+00  -->   0.000e+00 (A)
Fixed sheet current error:                                   0.000e+00  -->   0.000e+00 (~)
Z boundary error:                                            1.567e-20  -->   5.349e-23 (m)
Summed coil current error:                                   0.000e+00  -->   2.328e-10 (A)
==============================================================================================================

/home/singh/Documents/DESC2/desc/utils.py:590: UserWarning: Unequal number of field periods for grid 1 and basis 4.
  warnings.warn(msg, err)
/home/singh/Documents/DESC2/desc/utils.py:590: UserWarning: Unequal number of field periods for grid 1 and basis 4.
  warnings.warn(msg, err)
/home/singh/Documents/DESC2/desc/utils.py:590: FutureWarning: constants is deprecated and will be removed in a future release. Users should not include constants in the arguments of their objective compute methods. Instead declare all the constants in the build method and use as self._constants.
  warnings.warn(msg, err)

TERMS AFTER k=4
term                             dim_f    weight     norm    s(qw)  target/bounds           raw min    raw max       cost  err/tol  share
Vacuum B.n error                  1326      31.8   0.4253    6.283  = 0                  -0.0007278  0.0007479    0.01155    0.152  79.8%
QS two-term (scale-invariant)     5445      1.42        -    41.41  = 0                    -0.01624    0.01624   0.002907   0.0763  20.1%
aspect ratio                         1      12.5        -        1  [7.5, 8.5]                8.109      8.109          0        0   0.0%
rotational transform                20        84        -        1  [1.19, inf]               1.251      1.256          0        0   0.0%
volume                               1       659        -        1  [0.2975, 0.3096]         0.2975     0.2975  2.465e-08 0.000222   0.0%
coil length                          4      34.2        -        2  [0, 2.926]                2.926      2.926  3.294e-07 0.000812   0.0%
coil curvature                    1204      20.2        -    5.013  [0, 13.67]               0.1859      13.67   3.69e-11 8.59e-06   0.0%
coil mean squared curvature          4      5.35        -        2  [0, 18.69]                11.74      18.56          0        0   0.0%
coil-coil distance penalty          72        11        -    8.485  [-inf, 0]                     0  0.0002995  1.271e-05  0.00504   0.1%
plasma-coil minimum distance         8       894        -    2.828  [0.1119, inf]            0.1385     0.1804          0        0   0.0%
total cost 0.5 sum f^2                                                                                                     0.01447
k=4 physics  A 8.109  R0 0.9970  a 0.1229  iota [1.2507, 1.2557]  QS(Boozer, |B_nonsym|/<B>) rho 0.25 1.57e-04  rho 0.5 1.46e-04  rho 0.75 4.00e-04  rho 1 1.51e-03
k=4 coils    bn 6.8280e-04 (max 2.448e-03)  L 1.000  kappa 1.001  kMS 0.993  d_cc 1.018  d_pc 1.261  linked 0  -> FAILS L,kappa
k=4 solver   Maximum number of iterations has been exceeded.  nit 100  wall 15.1 min

wrote work/ss_qh/matrix/ss/xyz: eq_k*.h5, coils_k*.h5, result.json
