Running as unit: run-p579486-i580666.scope; invocation ID: 7fcaf8d2df064d178a82303ac868d585
E0918 12:03:24.464577  579575 cuda_executor.cc:1743] Could not get kernel mode driver version: ( INVALID_ARGUMENT: Version does not match the format X.Y.Z )
E0918 12:03:24.476700  579486 cuda_executor.cc:1743] Could not get kernel mode driver version: ( INVALID_ARGUMENT: Version does not match the format X.Y.Z )
DEVICE requested=gpu obtained=gpu (1x NVIDIA GeForce RTX 5070 Laptop GPU)
  [mem] RSS 0.83 GB  peak 0.83 GB
/home/singh/Documents/DESC2/coil_sandbox/vendor/desc/utils.py:590: UserWarning: Unequal number of field periods for grid 1 and basis 2.
  warnings.warn(msg, err)
/home/singh/Documents/DESC2/coil_sandbox/vendor/desc/utils.py:590: UserWarning: Unequal number of field periods for grid 1 and basis 2.
  warnings.warn(msg, err)
eq sample_equilibria/helios_repro.h5 (h5) NFP 2 sym True; start work/helios/arc16/cut30/legA/result.h5: 4 unique coils, arc=True, expect 16 coils; source grid gl (48 nodes/coil), length grid gl (48), constraint grid 301, curvature grid 301; mode stage2; plasma field included (virtual casing)
SETTINGS {'eq': 'sample_equilibria/helios_repro.h5', 'start': 'work/helios/arc16/cut30/legA/result.h5', 'out': 'work/helios/arc16/cut30/legB', 'mode': 'stage2', 'length_mult': 1.0, 'margin': 0.0, 'fix_hinges': False, 'anchor_weight': 0.001, 'margin_skip': '', 'a': None, 'bounds': 'bounds/helios_kruger2026.json', 'device': None, 'vacuum': False, 'maxiter': 250, 'check_every': 25, 'ckpt_every': 25, 'diag_log': 'diag.jsonl', 'dcc_backoff': 0.025, 'dpc_backoff': 0.02, 'no_arc_backoffs': False, 'convex_form': 'signed', 'convex_kmin': 0.0, 'convex_backoff': 0.5, 'planarity': 'auto', 'planarity_tol': 0.0, 'speed_floor': 0.0, 'arclength_weight': 0.0, 'torsion_weight': 0.0, 'coil_grid_n': 150, 'kappa_grid_n': None, 'eval_m': 25, 'eval_n': 25, 'plasma_m': 64, 'plasma_n': 64, 'src_gl': 24, 'src_n': 400, 'vc_m': None, 'vc_n': None, 'vc_chunk': 64, 'dcc_k': 20000, 'dpc_k': 20000, 'no_signed': False, 'dcc_neighbors': None, 'dcc_chunk': 4, 'dpc_chunk': 1, 'qf_chunk': 25, 'coil_jac_chunk': None, 'no_second_order': False, 'so_chunk': 16, 'so_rtol': 0.05, 'max_tr': 0.5, 'max_inner_iter': 100, 'ctol': 0.0001}
BOUNDS (judged, absolute, a=1.77186) L 36  Ltot -  kappa 1.5  kms -  convex 0.001  planar -  dcc 1.2  dpc 1.2
ENFORCED L 36  Ltot -  kappa 1.492  kms -  convex 0.0005  planar -  dcc 1.245  dpc 1.224  (convexity: signed, kappa_s >= 0.0)
  [mem] RSS 2.88 GB  peak 2.88 GB
START  bn 2.3135e-02  L 1.000  kappa 0.273  convex 4.159  d_cc 1.034  d_pc 1.062  linked 0  coils 16  -> FAILS L,convex
Building objective: Quadratic flux
Precomputing transforms
/home/singh/Documents/DESC2/coil_sandbox/vendor/desc/utils.py:590: UserWarning: Could not build fft interpolator, switching to dft which is slow.
Reason: Got False for eval_grid.can_fft2.
  warnings.warn(msg, err)
  [mem] RSS 7.42 GB  peak 7.42 GB
  [mem] RSS 7.68 GB  peak 7.68 GB
  [mem] RSS 5.99 GB  peak 7.77 GB
Timer: Precomputing transforms = 1.31 min
Timer: Objective build = 1.33 min
Building objective: summed coil current
Building objective: fixed shift
Building objective: fixed rotation
Building objective: fixed arc reference
Timer: Objective build = 575 ms
Timer: Objective build = 3.00 ms
Timer: LinearConstraintProjection build = 2.61 sec
Timer: LinearConstraintProjection build = 138 ms
Number of parameters: 75
Number of objectives: 1326
Number of equality constraints: 0
Number of inequality constraints: 2474
Timer: Initializing the optimization = 1.40 min

Starting optimization
Using method: lsq-auglag
E0918 12:05:36.918368  579591 cuda_timer.cc:87] Delay kernel timed out: measured time has sub-optimal accuracy. There may be a missing warmup execution, please investigate in Nsight Systems.
  [mem] RSS 5.06 GB  peak 7.77 GB
second_order: compiling constraint Hessian for blocks CoilLength, CoilSignedCurvature, CoilSetDistancePenalty
  [mem] RSS 5.64 GB  peak 7.77 GB
  [mem] RSS 6.90 GB  peak 7.77 GB
E0918 12:06:58.821449  579594 cuda_timer.cc:87] Delay kernel timed out: measured time has sub-optimal accuracy. There may be a missing warmup execution, please investigate in Nsight Systems.
E0918 12:07:00.093111  579591 cuda_timer.cc:87] Delay kernel timed out: measured time has sub-optimal accuracy. There may be a missing warmup execution, please investigate in Nsight Systems.
  [mem] RSS 7.08 GB  peak 7.77 GB
Solver options:
------------------------------------------------------------
Maximum Function Evaluations       : 1251
Maximum Allowed Total Δx Norm      : inf
Scaled Termination                 : True
Trust Region Method                : svd
Initial Trust Radius               : 1.154e+00
Maximum Trust Radius               : 5.000e-01
Minimum Trust Radius               : 2.220e-16
Trust Radius Increase Ratio        : 4.000e+00
Trust Radius Decrease Ratio        : 2.500e-01
Trust Radius Increase Threshold    : 7.500e-01
Trust Radius Decrease Threshold    : 5.000e-01
Alpha Omega                        : 1.000e+00
Beta Omega                         : 1.000e+00
Alpha Eta                          : 1.000e-01
Beta Eta                           : 9.000e-01
Omega                              : 1.000e-02
Eta                                : 4.343e-04
Tau                                : 1.000e+01
------------------------------------------------------------ 

   Iteration     Total nfev        Cost      Cost reduction    Step norm     Optimality    Constr viol.   Penalty param  max(|mltplr|)      gtolk     
       0              1          4.204e-02                                    5.301e-02      4.343e-04      1.000e+01      0.000e+00      1.000e-03   
second_order: compiling constraint Hessian for blocks CoilLength, CoilSignedCurvature
  [mem] RSS 7.20 GB  peak 7.77 GB
  [mem] RSS 7.24 GB  peak 7.77 GB
       1              2          3.893e-02      3.115e-03      1.640e-01      1.424e-01      1.139e-02      1.000e+01      0.000e+00      1.000e-03   
second_order: compiling constraint Hessian for blocks CoilLength
       2              3          3.097e-02      7.959e-03      4.910e-01      7.883e-02      1.187e-02      1.000e+01      0.000e+00      1.000e-03   
       3              4          2.824e-02      2.727e-03      2.108e-01      5.850e-02      5.511e-03      1.000e+01      0.000e+00      1.000e-03   
second_order: compiling constraint Hessian for blocks CoilLength, CoilCurvature, CoilSignedCurvature
  [mem] RSS 7.33 GB  peak 7.77 GB
  [mem] RSS 7.97 GB  peak 7.97 GB
       4              5          2.815e-02      9.174e-05      2.924e-02      1.467e-02      1.143e-03      1.000e+01      0.000e+00      1.000e-03   
       5              6          2.774e-02      4.134e-04      3.439e-02      1.408e-02      1.146e-03      1.000e+01      0.000e+00      1.000e-03   
       6              7          2.738e-02      3.521e-04      2.986e-02      1.381e-02      1.148e-03      1.000e+01      0.000e+00      1.000e-03   
       7              8          2.590e-02      1.484e-03      1.322e-01      1.346e-02      1.157e-03      1.000e+01      0.000e+00      1.000e-03   
  [mem] RSS 8.01 GB  peak 8.01 GB
       8              9          2.547e-02      4.257e-04      3.998e-02      1.820e-02      2.758e-03      1.000e+01      0.000e+00      1.000e-03   
second_order: compiling constraint Hessian for blocks CoilLength, CoilCurvature, CoilSignedCurvature, PlasmaCoilSetDistancePenalty
  [mem] RSS 8.12 GB  peak 8.12 GB
  [mem] RSS 8.79 GB  peak 8.79 GB
       9             10          1.970e-02      5.771e-03      7.048e-01      2.523e-02      7.294e-03      1.000e+01      0.000e+00      1.000e-03   
  [mem] RSS 8.84 GB  peak 8.84 GB
      10             11          1.688e-02      2.823e-03      5.786e-01      1.376e-02      4.158e-03      1.000e+01      0.000e+00      1.000e-03   
      11             12          1.518e-02      1.702e-03      5.026e-01      1.169e-02      3.798e-03      1.000e+01      0.000e+00      1.000e-03   
      12             13          1.410e-02      1.080e-03      4.851e-01      7.461e-03      1.951e-03      1.000e+01      0.000e+00      1.000e-03   
      13             14          1.330e-02      8.034e-04      4.632e-01      5.055e-03      1.493e-03      1.000e+01      0.000e+00      1.000e-03   
      14             15          1.264e-02      6.559e-04      4.867e-01      6.826e-03      1.511e-03      1.000e+01      0.000e+00      1.000e-03   
      15             16          1.247e-02      1.648e-04      1.363e-01      5.228e-03      1.512e-03      1.000e+01      0.000e+00      1.000e-03   
      16             17          1.248e-02     -5.716e-07      3.280e-03      3.969e-03      1.512e-03      1.000e+01      0.000e+00      1.000e-03   
      17             18          1.247e-02      7.377e-06      5.768e-03      3.890e-03      1.512e-03      1.000e+01      0.000e+00      1.000e-03   
second_order: compiling constraint Hessian for blocks CoilSignedCurvature
  [mem] RSS 8.85 GB  peak 8.85 GB
      18             19          1.247e-02      4.810e-07      4.493e-04      2.125e-02      1.512e-03      1.109e+01      3.076e-03      2.125e-03   
      19             20          1.255e-02     -8.419e-05      1.297e-02      1.360e-02      1.216e-03      1.109e+01      3.076e-03      2.125e-03   
      20             21          1.255e-02      7.991e-07      6.146e-03      1.066e-02      1.218e-03      1.109e+01      3.076e-03      2.125e-03   
      21             22          1.223e-02      3.198e-04      4.714e-01      9.215e-03      1.233e-03      1.109e+01      3.076e-03      2.125e-03   
  [mem] RSS 8.85 GB  peak 8.89 GB
      22             23          1.182e-02      4.127e-04      4.268e-01      4.066e-03      9.859e-04      1.109e+01      3.076e-03      2.125e-03   
      23             25          1.180e-02      1.736e-05      2.110e-02      2.912e-03      6.231e-04      1.109e+01      3.076e-03      2.125e-03   
second_order: compiling constraint Hessian for blocks CoilCurvature, CoilSignedCurvature
  [mem] RSS 8.91 GB  peak 8.95 GB
      24             26          1.180e-02     -2.105e-07      2.026e-03      1.421e-02      3.819e-04      1.182e+01      3.120e-02      1.421e-03   
  [mem] RSS 8.94 GB  peak 8.95 GB
  [it   25] bn 1.2724e-02  L 1.000  kappa 0.261  convex 3.498  d_cc 1.040  d_pc 1.198  -> FAILS L,convex
      25             27          1.181e-02     -1.101e-05      2.962e-03      4.978e-03      3.602e-04      1.182e+01      3.120e-02      1.421e-03   
second_order: compiling constraint Hessian for blocks CoilCurvature, CoilSignedCurvature, CoilSetDistancePenalty
  [mem] RSS 9.05 GB  peak 9.05 GB
  [mem] RSS 9.66 GB  peak 9.72 GB
      26             28          1.180e-02      1.500e-05      7.000e-02      1.110e-02      3.562e-03      1.182e+01      3.120e-02      1.421e-03   
  [mem] RSS 9.77 GB  peak 9.77 GB
      27             29          1.176e-02      3.671e-05      8.597e-02      2.261e-03      1.270e-03      1.182e+01      3.120e-02      1.421e-03   
second_order: compiling constraint Hessian for blocks CoilLength, CoilCurvature, CoilSignedCurvature, CoilSetDistancePenalty
  [mem] RSS 9.84 GB  peak 9.84 GB
  [mem] RSS 10.50 GB  peak 10.51 GB
  [mem] RSS 10.50 GB  peak 10.51 GB
      28             30          1.149e-02      2.680e-04      3.147e-01      4.670e-03      7.176e-04      1.182e+01      3.120e-02      1.421e-03   
      29             31          1.118e-02      3.163e-04      3.643e-01      1.507e-02      4.779e-03      1.182e+01      3.120e-02      1.421e-03   
      30             32          1.124e-02     -6.815e-05      1.032e-01      3.984e-03      1.522e-03      1.182e+01      3.120e-02      1.421e-03   
      31             33          1.119e-02      5.139e-05      2.668e-02      6.564e-03      7.300e-04      1.189e+01      3.772e-02      6.564e-04   
      32             34          1.115e-02      4.427e-05      8.202e-02      1.402e-03      2.681e-04      1.189e+01      3.772e-02      6.564e-04   
      33             35          1.107e-02      7.643e-05      9.324e-02      1.064e-03      2.489e-04      1.189e+01      4.472e-02      1.064e-04   
      34             36          1.082e-02      2.515e-04      3.356e-01      4.458e-03      1.978e-04      1.189e+01      4.472e-02      1.064e-04   
      35             37          1.070e-02      1.205e-04      1.618e-01      3.139e-03      2.111e-04      1.189e+01      4.472e-02      1.064e-04   
      36             38          1.069e-02      7.826e-06      1.048e-02      3.053e-03      2.137e-04      1.189e+01      4.472e-02      1.064e-04   
      37             39          1.069e-02      6.793e-06      9.118e-03      2.979e-03      2.159e-04      1.189e+01      4.472e-02      1.064e-04   
  [mem] RSS 10.55 GB  peak 10.55 GB
      38             40          1.060e-02      8.220e-05      1.112e-01      2.472e-03      2.420e-04      1.189e+01      4.472e-02      1.064e-04   
      39             41          1.058e-02      2.670e-05      3.663e-02      2.276e-03      2.490e-04      1.189e+01      4.472e-02      1.064e-04   
      40             42          1.055e-02      2.152e-05      2.985e-02      2.129e-03      2.544e-04      1.189e+01      4.472e-02      1.064e-04   
      41             43          1.029e-02      2.693e-04      3.843e-01      5.513e-03      3.218e-04      1.189e+01      4.472e-02      1.064e-04   
      42             44          1.009e-02      1.942e-04      2.849e-01      2.571e-03      3.998e-04      1.189e+01      4.472e-02      1.064e-04   
      43             45          1.009e-02     -5.639e-08      1.546e-03      4.151e-03      4.061e-04      1.189e+01      4.472e-02      1.064e-04   
      44             46          1.009e-02      7.703e-07      1.195e-03      3.537e-04      4.061e-04      1.189e+01      4.472e-02      1.064e-04   
      45             47          9.853e-03      2.379e-04      4.079e-01      8.276e-03      4.031e-04      1.189e+01      4.472e-02      1.064e-04   
      46             48          9.657e-03      1.957e-04      3.155e-01      2.571e-03      4.451e-04      1.189e+01      4.472e-02      1.064e-04   
      47             49          9.451e-03      2.061e-04      3.805e-01      6.310e-03      5.394e-04      1.189e+01      4.472e-02      1.064e-04   
      48             50          9.278e-03      1.726e-04      3.041e-01      2.170e-03      6.114e-04      1.189e+01      4.472e-02      1.064e-04   
      49             51          9.101e-03      1.779e-04      3.618e-01      5.490e-03      6.730e-04      1.189e+01      4.472e-02      1.064e-04   
  [mem] RSS 10.55 GB  peak 10.55 GB
  [it   50] bn 1.0560e-02  L 1.000  kappa 0.329  convex 5.877  d_cc 1.035  d_pc 1.369  -> FAILS L,convex
      50             52          9.004e-03      9.661e-05      1.823e-01      2.985e-03      7.074e-04      1.189e+01      4.472e-02      1.064e-04   
      51             53          9.004e-03     -1.910e-07      1.366e-03      5.273e-03      7.093e-04      1.189e+01      4.472e-02      1.064e-04   
      52             54          9.004e-03      3.168e-07      5.615e-04      5.265e-03      7.093e-04      1.189e+01      4.472e-02      1.064e-04   
      53             55          9.004e-03      1.252e-07      2.218e-04      1.616e-03      7.093e-04      1.189e+01      4.472e-02      1.064e-04   
      54             56          9.004e-03      1.376e-07      1.937e-04      2.786e-04      7.071e-04      1.189e+01      4.472e-02      1.064e-04   
      55             57          8.854e-03      1.499e-04      3.334e-01      5.906e-03      7.454e-04      1.189e+01      4.472e-02      1.064e-04   
      56             58          8.724e-03      1.298e-04      2.645e-01      2.108e-03      7.387e-04      1.189e+01      4.472e-02      1.064e-04   
      57             59          8.600e-03      1.240e-04      2.781e-01      3.694e-03      7.466e-04      1.189e+01      4.472e-02      1.064e-04   
      58             60          8.501e-03      9.849e-05      2.128e-01      2.824e-03      7.705e-04      1.189e+01      4.472e-02      1.064e-04   
      59             61          8.390e-03      1.114e-04      2.559e-01      3.320e-03      8.244e-04      1.189e+01      4.472e-02      1.064e-04   
      60             62          8.296e-03      9.432e-05      2.129e-01      2.963e-03      8.365e-04      1.189e+01      4.472e-02      1.064e-04   
      61             63          8.191e-03      1.049e-04      2.460e-01      3.322e-03      8.322e-04      1.189e+01      4.472e-02      1.064e-04   
  [mem] RSS 10.56 GB  peak 10.56 GB
      62             64          8.119e-03      7.129e-05      1.660e-01      2.765e-03      8.641e-04      1.189e+01      4.472e-02      1.064e-04   
      63             65          8.029e-03      9.051e-05      2.258e-01      3.156e-03      8.290e-04      1.189e+01      4.472e-02      1.064e-04   
      64             66          7.939e-03      8.947e-05      2.284e-01      3.126e-03      8.090e-04      1.189e+01      4.472e-02      1.064e-04   
      65             67          7.934e-03      5.270e-06      1.416e-02      2.981e-03      8.074e-04      1.189e+01      4.472e-02      1.064e-04   
      66             68          7.876e-03      5.807e-05      1.554e-01      2.626e-03      7.850e-04      1.189e+01      4.472e-02      1.064e-04   
      67             69          7.801e-03      7.551e-05      2.159e-01      3.116e-03      7.938e-04      1.189e+01      4.472e-02      1.064e-04   
      68             70          7.726e-03      7.461e-05      2.202e-01      2.903e-03      8.109e-04      1.189e+01      4.472e-02      1.064e-04   
      69             71          7.664e-03      6.244e-05      1.993e-01      2.662e-03      8.204e-04      1.189e+01      4.472e-02      1.064e-04   
      70             72          7.595e-03      6.838e-05      2.314e-01      2.921e-03      8.415e-04      1.189e+01      4.472e-02      1.064e-04   
      71             73          7.553e-03      4.193e-05      1.491e-01      2.222e-03      8.529e-04      1.189e+01      4.472e-02      1.064e-04   
      72             74          7.500e-03      5.369e-05      2.078e-01      2.361e-03      8.689e-04      1.189e+01      4.472e-02      1.064e-04   
      73             75          7.450e-03      4.910e-05      2.062e-01      2.229e-03      8.708e-04      1.189e+01      4.472e-02      1.064e-04   
  [mem] RSS 10.56 GB  peak 10.56 GB
      74             76          7.410e-03      4.008e-05      1.839e-01      2.018e-03      8.714e-04      1.189e+01      4.472e-02      1.064e-04   
  [it   75] bn 9.4754e-03  L 1.000  kappa 0.417  convex 8.865  d_cc 1.034  d_pc 1.436  -> FAILS L,convex
      75             77          7.365e-03      4.512e-05      2.156e-01      2.117e-03      8.763e-04      1.189e+01      4.472e-02      1.064e-04   
      76             78          7.327e-03      3.824e-05      1.923e-01      1.930e-03      8.781e-04      1.189e+01      4.472e-02      1.064e-04   
      77             79          7.289e-03      3.842e-05      2.053e-01      1.901e-03      8.810e-04      1.189e+01      4.472e-02      1.064e-04   
      78             80          7.254e-03      3.473e-05      2.036e-01      1.933e-03      8.790e-04      1.189e+01      4.472e-02      1.064e-04   
      79             81          7.225e-03      2.864e-05      1.678e-01      1.689e-03      8.737e-04      1.189e+01      4.472e-02      1.064e-04   
      80             82          7.192e-03      3.358e-05      2.060e-01      1.846e-03      8.669e-04      1.189e+01      4.472e-02      1.064e-04   
      81             83          7.172e-03      2.010e-05      1.257e-01      1.571e-03      8.610e-04      1.189e+01      4.472e-02      1.064e-04   
second_order: compiling constraint Hessian for blocks CoilSignedCurvature, CoilSetDistancePenalty
  [mem] RSS 10.57 GB  peak 10.57 GB
  [mem] RSS 10.62 GB  peak 10.65 GB
      82             84          7.172e-03     -3.123e-07      6.564e-04      4.696e-03      8.608e-04      1.189e+01      4.472e-02      1.064e-04   
      83             85          7.172e-03      1.897e-08      1.021e-04      2.052e-04      8.611e-04      1.189e+01      4.472e-02      1.064e-04   
  [mem] RSS 10.68 GB  peak 10.68 GB
      84             86          7.171e-03      5.395e-07      2.856e-03      2.038e-04      8.610e-04      1.189e+01      4.472e-02      1.064e-04   
      85             87          7.171e-03      2.774e-07      1.468e-03      2.031e-04      8.609e-04      1.189e+01      4.472e-02      1.064e-04   
      86             88          7.171e-03      2.747e-07      1.453e-03      2.024e-04      8.608e-04      1.189e+01      4.472e-02      1.064e-04   
      87             89          7.137e-03      3.347e-05      1.783e-01      1.831e-03      8.531e-04      1.189e+01      4.472e-02      1.064e-04   
      88             90          7.095e-03      4.238e-05      2.553e-01      2.015e-03      8.428e-04      1.189e+01      4.472e-02      1.064e-04   
      89             91          7.054e-03      4.124e-05      2.474e-01      2.058e-03      8.293e-04      1.189e+01      4.472e-02      1.064e-04   
      90             92          7.046e-03      7.326e-06      4.300e-02      1.837e-03      8.272e-04      1.189e+01      4.472e-02      1.064e-04   
      91             93          7.047e-03     -3.511e-07      7.576e-04      5.496e-03      8.277e-04      1.189e+01      4.472e-02      1.064e-04   
      92             94          7.047e-03      2.681e-08      1.232e-04      2.473e-04      8.280e-04      1.189e+01      4.472e-02      1.064e-04   
      93             95          7.046e-03      6.700e-07      3.389e-03      2.457e-04      8.279e-04      1.189e+01      4.472e-02      1.064e-04   
      94             96          7.046e-03      3.604e-07      1.822e-03      2.449e-04      8.278e-04      1.189e+01      4.472e-02      1.064e-04   
      95             97          7.045e-03      3.565e-07      1.802e-03      2.441e-04      8.278e-04      1.189e+01      4.472e-02      1.064e-04   
      96             98          7.010e-03      3.561e-05      1.806e-01      1.780e-03      8.218e-04      1.189e+01      4.472e-02      1.064e-04   
  [mem] RSS 10.68 GB  peak 10.68 GB
      97             99          6.949e-03      6.023e-05      3.186e-01      2.629e-03      8.125e-04      1.189e+01      4.472e-02      1.064e-04   
      98             100         6.889e-03      6.003e-05      3.048e-01      2.346e-03      7.893e-04      1.189e+01      4.472e-02      1.064e-04   
      99             101         6.890e-03     -5.199e-07      9.449e-04      6.120e-03      7.892e-04      1.189e+01      4.472e-02      1.064e-04   
  [it  100] bn 9.2634e-03  L 1.000  kappa 0.432  convex 7.648  d_cc 1.034  d_pc 1.375  -> FAILS convex
      100            102         6.890e-03      4.317e-08      1.528e-04      2.590e-04      7.895e-04      1.189e+01      4.472e-02      1.064e-04   
      101            103         6.878e-03      1.221e-05      5.403e-02      2.693e-04      7.847e-04      1.189e+01      4.472e-02      1.064e-04   
      102            104         6.877e-03      4.825e-07      2.118e-03      2.674e-04      7.846e-04      1.189e+01      4.472e-02      1.064e-04   
      103            105         6.877e-03      4.741e-07      2.080e-03      2.655e-04      7.844e-04      1.189e+01      4.472e-02      1.064e-04   
      104            106         6.876e-03      4.702e-07      2.060e-03      2.637e-04      7.842e-04      1.189e+01      4.472e-02      1.064e-04   
      105            107         6.875e-03      1.022e-06      4.488e-03      2.601e-04      7.839e-04      1.189e+01      4.472e-02      1.064e-04   
      106            108         6.874e-03      1.555e-06      6.835e-03      2.553e-04      7.833e-04      1.189e+01      4.472e-02      1.064e-04   
      107            109         6.872e-03      1.512e-06      6.635e-03      2.507e-04      7.828e-04      1.189e+01      4.472e-02      1.064e-04   
      108            110         6.871e-03      1.454e-06      6.364e-03      2.464e-04      7.823e-04      1.189e+01      4.472e-02      1.064e-04   
  [mem] RSS 10.70 GB  peak 10.70 GB
      109            111         6.869e-03      1.402e-06      6.126e-03      2.437e-04      7.818e-04      1.189e+01      4.472e-02      1.064e-04   
      110            112         6.830e-03      3.975e-05      1.711e-01      1.333e-03      7.682e-04      1.189e+01      4.472e-02      1.064e-04   
      111            113         6.756e-03      7.357e-05      3.119e-01      3.052e-03      7.347e-04      1.189e+01      4.472e-02      1.064e-04   
      112            114         6.673e-03      8.311e-05      3.332e-01      2.283e-03      6.878e-04      1.189e+01      4.472e-02      1.064e-04   
      113            115         6.615e-03      5.819e-05      2.113e-01      1.827e-03      6.644e-04      1.189e+01      4.472e-02      1.064e-04   
      114            116         6.612e-03      2.621e-06      9.167e-03      1.777e-03      6.634e-04      1.189e+01      4.472e-02      1.064e-04   
      115            117         6.612e-03     -4.154e-07      7.005e-04      4.556e-03      6.643e-04      1.189e+01      4.472e-02      1.064e-04   
      116            118         6.612e-03      1.799e-07      5.732e-04      4.411e-03      6.643e-04      1.189e+01      4.472e-02      1.064e-04   
      117            119         6.611e-03      1.543e-06      5.473e-03      4.335e-03      6.637e-04      1.189e+01      4.472e-02      1.064e-04   
      118            120         6.610e-03      2.689e-07      9.525e-04      4.323e-03      6.637e-04      1.189e+01      4.472e-02      1.064e-04   
      119            121         6.610e-03      2.601e-07      9.209e-04      4.312e-03      6.636e-04      1.189e+01      4.472e-02      1.064e-04   
      120            122         6.610e-03      2.568e-07      9.090e-04      4.301e-03      6.635e-04      1.189e+01      4.472e-02      1.064e-04   
      121            123         6.610e-03      2.535e-07      8.972e-04      4.290e-03      6.634e-04      1.189e+01      4.472e-02      1.064e-04   
      122            124         6.609e-03      2.503e-07      8.857e-04      4.279e-03      6.633e-04      1.189e+01      4.472e-02      1.064e-04   
  [mem] RSS 10.72 GB  peak 10.72 GB
      123            125         6.509e-03      9.994e-05      3.522e-01      8.429e-03      6.287e-04      1.189e+01      4.472e-02      1.064e-04   
      124            126         6.412e-03      9.775e-05      3.277e-01      2.121e-03      5.930e-04      1.189e+01      4.472e-02      1.064e-04   
  [it  125] bn 9.0624e-03  L 1.000  kappa 0.433  convex 5.688  d_cc 1.034  d_pc 1.260  -> FAILS convex
      125            127         6.310e-03      1.014e-04      3.249e-01      2.908e-03      5.284e-04      1.189e+01      4.472e-02      1.064e-04   
      126            128         6.275e-03      3.524e-05      1.083e-01      2.128e-03      5.198e-04      1.189e+01      4.472e-02      1.064e-04   
      127            129         6.276e-03     -6.001e-07      7.426e-04      6.665e-03      5.201e-04      1.189e+01      4.472e-02      1.064e-04   
      128            130         6.276e-03      1.497e-07      4.194e-04      3.825e-03      5.201e-04      1.189e+01      4.472e-02      1.064e-04   
      129            131         6.275e-03      2.457e-07      7.600e-04      3.816e-03      5.200e-04      1.189e+01      4.472e-02      1.064e-04   
      130            132         6.275e-03      2.993e-07      9.257e-04      3.806e-03      5.200e-04      1.189e+01      4.472e-02      1.064e-04   
      131            133         6.275e-03      2.959e-07      9.150e-04      3.795e-03      5.199e-04      1.189e+01      4.472e-02      1.064e-04   
      132            134         6.274e-03      2.920e-07      9.031e-04      3.785e-03      5.199e-04      1.189e+01      4.472e-02      1.064e-04   
      133            135         6.274e-03      2.885e-07      8.921e-04      8.332e-03      5.198e-04      1.229e+01      3.618e-02      8.332e-04   
  [mem] RSS 10.75 GB  peak 10.75 GB
      134            136         6.277e-03     -2.510e-06      2.113e-03      1.804e-02      4.582e-04      1.229e+01      3.618e-02      8.332e-04   
      135            137         6.270e-03      7.087e-06      2.086e-02      1.697e-02      4.400e-04      1.229e+01      3.618e-02      8.332e-04   
      136            138         6.270e-03     -8.246e-07      1.360e-03      9.955e-03      4.372e-04      1.229e+01      3.618e-02      8.332e-04   
      137            139         6.260e-03      1.014e-05      3.728e-02      8.620e-03      4.019e-04      1.229e+01      3.618e-02      8.332e-04   
      138            140         6.255e-03      5.104e-06      1.823e-02      8.090e-03      3.941e-04      1.229e+01      3.618e-02      8.332e-04   
      139            141         6.253e-03      1.778e-06      6.276e-03      7.926e-03      3.915e-04      1.229e+01      3.618e-02      8.332e-04   
      140            142         6.252e-03      1.701e-06      6.006e-03      7.773e-03      3.891e-04      1.229e+01      3.618e-02      8.332e-04   
      141            143         6.250e-03      1.251e-06      4.407e-03      7.663e-03      3.873e-04      1.229e+01      3.618e-02      8.332e-04   
      142            144         6.243e-03      7.854e-06      2.758e-02      6.920e-03      3.760e-04      1.229e+01      3.618e-02      8.332e-04   
      143            145         6.237e-03      5.806e-06      2.012e-02      6.444e-03      3.680e-04      1.229e+01      3.618e-02      8.332e-04   
      144            146         6.234e-03      2.377e-06      8.152e-03      6.274e-03      3.648e-04      1.229e+01      3.618e-02      8.332e-04   
      145            147         6.232e-03      2.276e-06      7.766e-03      6.116e-03      3.619e-04      1.229e+01      3.618e-02      8.332e-04   
      146            148         6.229e-03      3.371e-06      1.143e-02      5.886e-03      3.575e-04      1.229e+01      3.618e-02      8.332e-04   
  [mem] RSS 10.76 GB  peak 10.76 GB
      147            149         6.177e-03      5.197e-05      1.750e-01      1.346e-03      2.908e-04      1.229e+01      3.618e-02      1.346e-04   
      148            150         6.152e-03      2.507e-05      8.837e-02      1.024e-03      1.950e-04      1.229e+01      3.618e-02      1.346e-04   
      149            151         6.147e-03      4.703e-06      1.579e-02      9.747e-04      1.791e-04      1.229e+01      3.618e-02      1.346e-04   
  [it  150] bn 8.9957e-03  L 1.000  kappa 0.431  convex 1.207  d_cc 1.036  d_pc 1.224  -> FAILS convex
      150            152         6.148e-03     -1.106e-06      8.416e-04      1.520e-02      1.872e-04      1.229e+01      3.618e-02      1.346e-04   
      151            153         6.148e-03      6.867e-08      2.547e-04      5.711e-04      1.878e-04      1.229e+01      3.618e-02      1.346e-04   
      152            154         6.128e-03      1.971e-05      6.513e-02      5.783e-04      1.319e-04      1.229e+01      3.618e-02      1.346e-04   
      153            155         6.125e-03      3.499e-06      1.143e-02      5.567e-04      1.222e-04      1.229e+01      3.618e-02      1.346e-04   
      154            156         6.116e-03      8.347e-06      2.716e-02      6.857e-04      9.947e-05      1.229e+01      3.618e-02      1.346e-04   
      155            157         6.118e-03     -1.314e-06      1.015e-03      1.108e-02      1.214e-04      1.229e+01      3.618e-02      1.346e-04   
      156            158         6.117e-03      3.843e-07      1.075e-03      1.105e-02      1.209e-04      1.229e+01      3.618e-02      1.346e-04   
      157            159         6.117e-03      8.535e-08      1.926e-04      5.155e-04      1.196e-04      1.229e+01      3.618e-02      1.346e-04   
  [mem] RSS 10.78 GB  peak 10.78 GB
      158            160         6.111e-03      6.495e-06      2.032e-02      5.467e-04      1.094e-04      1.229e+01      3.618e-02      1.346e-04   
      159            161         6.097e-03      1.349e-05      4.218e-02      4.753e-04      8.889e-05      1.229e+01      3.618e-02      1.346e-04   
      160            162         6.043e-03      5.432e-05      1.700e-01      7.551e-04      5.656e-05      1.229e+01      3.618e-02      1.346e-04   
      161            163         5.964e-03      7.876e-05      2.515e-01      1.717e-03      1.482e-04      1.229e+01      3.618e-02      1.346e-04   
      162            164         5.867e-03      9.703e-05      3.056e-01      3.424e-03      2.784e-04      1.229e+01      3.618e-02      1.346e-04   
      163            165         5.777e-03      9.047e-05      2.958e-01      2.003e-03      2.812e-04      1.229e+01      3.618e-02      1.346e-04   
      164            166         5.778e-03     -9.054e-07      9.589e-04      9.115e-03      5.781e-05      1.229e+01      3.618e-02      1.346e-04   
      165            167         5.778e-03      6.449e-08      1.886e-04      4.999e-04      5.764e-05      1.229e+01      3.618e-02      1.346e-04   
      166            168         5.715e-03      6.225e-05      2.153e-01      3.164e-03      9.129e-05      1.229e+01      3.618e-02      1.346e-04   
      167            169         5.698e-03      1.751e-05      6.150e-02      2.605e-03      6.258e-05      1.229e+01      3.618e-02      1.346e-04   
      168            170         5.620e-03      7.824e-05      2.899e-01      3.181e-03      3.133e-04      1.229e+01      3.618e-02      1.346e-04   
      169            171         5.604e-03      1.597e-05      8.255e-02      2.582e-03      2.424e-04      1.229e+01      3.618e-02      1.346e-04   
  [mem] RSS 10.80 GB  peak 10.80 GB
      170            172         5.585e-03      1.823e-05      7.190e-02      2.133e-03      1.550e-04      1.229e+01      3.618e-02      1.346e-04   
      171            173         5.586e-03     -5.643e-07      5.877e-04      4.081e-03      8.777e-05      1.229e+01      3.618e-02      1.346e-04   
      172            174         5.586e-03      2.082e-07      7.151e-04      4.072e-03      8.774e-05      1.229e+01      3.618e-02      1.346e-04   
      173            175         5.584e-03      1.860e-06      7.878e-03      3.936e-03      8.759e-05      1.229e+01      3.618e-02      1.346e-04   
      174            176         5.583e-03      6.299e-07      2.681e-03      3.897e-03      8.747e-05      1.229e+01      3.618e-02      1.346e-04   
  [it  175] bn 8.7777e-03  L 1.000  kappa 0.428  convex 0.197  d_cc 1.035  d_pc 1.131  -> FEASIBLE
      175            177         5.583e-03      6.117e-07      2.606e-03      3.859e-03      8.736e-05      1.229e+01      3.618e-02      1.346e-04   
      176            178         5.582e-03      5.944e-07      2.534e-03      3.823e-03      8.725e-05      1.229e+01      3.618e-02      1.346e-04   
      177            179         5.581e-03      5.779e-07      2.466e-03      3.787e-03      8.714e-05      1.229e+01      3.618e-02      1.346e-04   
      178            180         5.581e-03      5.625e-07      2.402e-03      3.754e-03      8.704e-05      1.229e+01      3.618e-02      1.346e-04   
      179            181         5.580e-03      5.477e-07      2.341e-03      3.721e-03      8.694e-05      1.229e+01      3.618e-02      1.346e-04   
      180            182         5.576e-03      3.899e-06      1.674e-02      3.401e-03      8.624e-05      1.229e+01      3.618e-02      1.346e-04   
      181            183         5.534e-03      4.209e-05      1.916e-01      4.566e-03      8.039e-05      1.229e+01      3.618e-02      1.346e-04   
  [mem] RSS 10.82 GB  peak 10.82 GB
      182            184         5.502e-03      3.241e-05      1.542e-01      2.562e-03      1.145e-04      1.229e+01      3.618e-02      1.346e-04   
      183            185         5.488e-03      1.351e-05      7.253e-02      2.213e-03      1.412e-04      1.229e+01      3.618e-02      1.346e-04   
      184            186         5.488e-03      7.864e-07      4.245e-03      2.177e-03      1.429e-04      1.229e+01      3.618e-02      1.346e-04   
      185            187         5.488e-03     -5.987e-07      5.284e-04      2.764e-03      1.442e-04      1.229e+01      3.618e-02      1.346e-04   
      186            188         5.488e-03      2.346e-08      1.169e-04      4.552e-04      1.445e-04      1.229e+01      3.618e-02      1.346e-04   
      187            189         5.487e-03      1.487e-06      8.279e-03      4.484e-04      1.475e-04      1.229e+01      3.618e-02      1.346e-04   
      188            190         5.483e-03      3.790e-06      2.155e-02      4.660e-04      1.533e-04      1.229e+01      3.618e-02      1.346e-04   
      189            191         5.467e-03      1.587e-05      9.381e-02      1.345e-03      1.754e-04      1.229e+01      3.618e-02      1.346e-04   
      190            192         5.458e-03      8.839e-06      5.245e-02      1.294e-03      1.702e-04      1.229e+01      3.618e-02      1.346e-04   
      191            193         5.455e-03      3.668e-06      2.270e-02      1.224e-03      1.673e-04      1.229e+01      3.618e-02      1.346e-04   
      192            195         5.447e-03      7.084e-06      4.855e-02      4.253e-03      1.719e-04      1.229e+01      3.618e-02      4.253e-04   
      193            196         5.447e-03      1.843e-07      6.393e-04      4.475e-03      1.771e-04      1.229e+01      3.618e-02      4.253e-04   
  [mem] RSS 10.85 GB  peak 10.85 GB
      194            197         5.448e-03     -5.550e-07      7.299e-04      5.039e-03      1.815e-04      1.229e+01      3.618e-02      4.253e-04   
      195            198         5.448e-03      2.875e-08      3.412e-04      4.711e-03      1.826e-04      1.229e+01      3.618e-02      4.253e-04   
      196            199         5.446e-03      1.966e-06      9.524e-03      4.390e-03      1.746e-04      1.229e+01      3.618e-02      4.253e-04   
      197            200         5.445e-03      9.826e-07      5.542e-03      4.229e-03      1.701e-04      1.229e+01      3.618e-02      4.253e-04   
      198            201         5.442e-03      3.164e-06      1.816e-02      3.655e-03      1.555e-04      1.229e+01      3.618e-02      4.253e-04   
      199            202         5.437e-03      4.622e-06      2.997e-02      2.717e-03      1.594e-04      1.229e+01      3.618e-02      4.253e-04   
  [it  200] bn 8.7256e-03  L 1.000  kappa 0.436  convex 0.497  d_cc 1.034  d_pc 1.091  -> FEASIBLE
      200            203         5.437e-03     -1.180e-08      1.723e-04      2.036e-03      1.498e-04      1.229e+01      3.618e-02      4.253e-04   
      201            204         5.434e-03      2.965e-06      1.991e-02      1.805e-03      1.397e-04      1.229e+01      3.618e-02      4.253e-04   
      202            205         5.428e-03      6.529e-06      4.649e-02      1.449e-03      1.180e-04      1.229e+01      3.618e-02      4.253e-04   
      203            206         5.424e-03      3.724e-06      3.031e-02      1.364e-03      1.087e-04      1.229e+01      3.618e-02      4.253e-04   
      204            207         5.412e-03      1.167e-05      1.060e-01      2.506e-03      8.175e-05      1.229e+01      3.618e-02      4.253e-04   
      205            208         5.412e-03      3.548e-07      2.895e-03      2.459e-03      8.136e-05      1.229e+01      3.618e-02      4.253e-04   
  [mem] RSS 10.87 GB  peak 10.87 GB
      206            209         5.411e-03      3.927e-07      3.212e-03      2.407e-03      8.093e-05      1.229e+01      3.618e-02      4.253e-04   
      207            210         5.411e-03      3.747e-07      3.073e-03      2.358e-03      8.054e-05      1.229e+01      3.618e-02      4.253e-04   
      208            211         5.410e-03      6.549e-07      5.393e-03      2.276e-03      7.987e-05      1.229e+01      3.618e-02      4.253e-04   
      209            212         5.411e-03     -2.531e-07      2.134e-04      1.694e-03      8.055e-05      1.229e+01      3.618e-02      4.253e-04   
      210            213         5.409e-03      1.372e-06      1.242e-02      1.501e-03      7.938e-05      1.229e+01      3.618e-02      4.253e-04   
      211            214         5.408e-03      9.344e-07      8.530e-03      1.392e-03      7.869e-05      1.229e+01      3.618e-02      4.253e-04   
      212            215         5.408e-03      2.027e-07      1.855e-03      1.374e-03      7.855e-05      1.229e+01      3.618e-02      4.253e-04   
      213            216         5.408e-03      6.209e-07      5.721e-03      1.311e-03      7.814e-05      1.229e+01      3.618e-02      4.253e-04   
      214            217         5.402e-03      5.336e-06      5.152e-02      3.849e-04      8.090e-05      1.229e+01      3.618e-02      3.849e-05   
      215            218         5.398e-03      4.476e-06      4.980e-02      6.963e-04      6.522e-05      1.229e+01      3.618e-02      3.849e-05   
      216            219         5.395e-03      2.921e-06      3.349e-02      7.455e-04      5.807e-05      1.229e+01      3.618e-02      3.849e-05   
      217            220         5.392e-03      3.170e-06      3.956e-02      8.817e-04      5.523e-05      1.229e+01      3.618e-02      3.849e-05   
      218            221         5.391e-03      4.783e-07      6.289e-03      8.488e-04      5.629e-05      1.229e+01      3.618e-02      3.849e-05   
      219            222         5.391e-03      4.184e-07      5.586e-03      8.200e-04      5.725e-05      1.229e+01      3.618e-02      3.849e-05   
      220            223         5.390e-03      7.435e-07      1.007e-02      7.824e-04      5.903e-05      1.229e+01      3.618e-02      3.849e-05   
  [mem] RSS 10.89 GB  peak 10.89 GB
      221            224         5.389e-03      6.086e-07      8.452e-03      7.493e-04      6.036e-05      1.229e+01      3.618e-02      3.849e-05   
      222            225         5.385e-03      4.567e-06      6.793e-02      1.622e-03      7.070e-05      1.229e+01      3.618e-02      3.849e-05   
      223            226         5.385e-03      3.118e-07      4.915e-03      1.587e-03      7.109e-05      1.229e+01      3.618e-02      3.849e-05   
      224            227         5.384e-03      2.366e-07      4.682e-03      1.538e-03      7.183e-05      1.229e+01      3.618e-02      3.849e-05   
  [it  225] bn 8.7169e-03  L 1.000  kappa 0.461  convex 0.200  d_cc 1.036  d_pc 1.025  -> FAILS L
      225            228         5.384e-03      4.394e-07      8.741e-03      1.462e-03      7.322e-05      1.229e+01      3.618e-02      3.849e-05   
      226            229         5.383e-03      8.046e-07      1.591e-02      1.362e-03      7.148e-05      1.229e+01      3.618e-02      3.849e-05   
      227            230         5.383e-03      3.101e-07      5.786e-03      1.305e-03      7.087e-05      1.229e+01      3.618e-02      3.849e-05   
      228            231         5.382e-03      1.170e-06      2.192e-02      1.204e-03      7.244e-05      1.229e+01      3.618e-02      3.849e-05   
      229            232         5.382e-03     -9.598e-08      9.741e-05      8.232e-04      7.258e-05      1.229e+01      3.618e-02      3.849e-05   
      230            233         5.382e-03      1.494e-07      3.318e-03      7.918e-04      7.360e-05      1.229e+01      3.618e-02      3.849e-05   
      231            234         5.381e-03      2.656e-07      5.959e-03      7.228e-04      7.542e-05      1.229e+01      3.618e-02      3.849e-05   
      232            235         5.381e-03      4.730e-07      1.065e-02      5.599e-04      7.870e-05      1.229e+01      3.618e-02      3.849e-05   
      233            236         5.380e-03      7.426e-07      1.629e-02      2.480e-04      8.390e-05      1.229e+01      3.618e-02      3.849e-05   
  [mem] RSS 10.91 GB  peak 10.91 GB
      234            237         5.379e-03      8.077e-07      1.621e-02      5.014e-05      8.929e-05      1.229e+01      3.618e-02      3.849e-05   
      235            238         5.378e-03      1.022e-06      1.847e-02      1.278e-04      9.594e-05      1.229e+01      3.618e-02      3.849e-05   
      236            239         5.378e-03      7.080e-07      2.077e-02      2.728e-04      1.015e-04      1.229e+01      3.618e-02      3.849e-05   
      237            240         5.377e-03      3.295e-07      6.921e-03      2.656e-04      1.042e-04      1.229e+01      3.618e-02      3.849e-05   
      238            241         5.377e-03     -1.664e-08      3.941e-05      6.285e-04      1.042e-04      1.229e+01      3.618e-02      3.849e-05   
      239            242         5.377e-03      1.233e-08      2.576e-04      6.265e-04      1.043e-04      1.229e+01      3.618e-02      3.849e-05   
      240            243         5.377e-03      5.109e-09      1.069e-04      6.257e-04      1.043e-04      1.229e+01      3.618e-02      3.849e-05   
      241            244         5.377e-03      5.077e-09      1.064e-04      6.249e-04      1.044e-04      1.229e+01      3.618e-02      3.849e-05   
      242            245         5.377e-03      5.048e-09      1.059e-04      6.240e-04      1.044e-04      1.229e+01      3.618e-02      3.849e-05   
      243            246         5.377e-03      5.017e-09      1.054e-04      6.232e-04      1.044e-04      1.229e+01      3.618e-02      3.849e-05   
      244            247         5.377e-03      4.989e-09      1.049e-04      6.224e-04      1.045e-04      1.229e+01      3.618e-02      3.849e-05   
      245            248         5.377e-03      1.676e-08      4.105e-04      6.194e-04      1.046e-04      1.229e+01      3.618e-02      3.849e-05   
      246            249         5.377e-03      1.069e-07      3.049e-03      5.898e-04      1.055e-04      1.229e+01      3.618e-02      3.849e-05   
      247            250         5.377e-03      1.482e-07      4.305e-03      5.424e-04      1.068e-04      1.229e+01      3.618e-02      3.849e-05   
  [mem] RSS 10.93 GB  peak 10.93 GB
      248            251         5.377e-03      2.686e-07      7.828e-03      4.250e-04      1.091e-04      1.229e+01      3.618e-02      3.849e-05   
      249            252         5.376e-03      4.497e-07      1.372e-02      1.583e-04      1.127e-04      1.229e+01      3.618e-02      3.849e-05   
  [it  250] bn 8.7195e-03  L 1.000  kappa 0.467  convex 0.199  d_cc 1.036  d_pc 1.018  -> FEASIBLE
      250            253         5.376e-03      3.035e-07      6.615e-03      9.442e-05      1.148e-04      1.229e+01      3.618e-02      3.849e-05   
Warning: Maximum number of iterations has been exceeded.
         Current function value: 5.376e-03
         Constraint violation: 1.148e-04
         Total delta_x: 1.628e+01
         Iterations: 250
         Function evaluations: 253
         Jacobian evaluations: 250
Timer: Solution time = 21.1 min
Timer: Avg time per step = 5.04 sec
==============================================================================================================
                                                                 Start  -->   End
Total (sum of squares):                                      4.204e-02  -->   5.376e-03, 
Maximum absolute Boundary normal field error:                3.292e+00  -->   1.205e+00 (T m^2)
Minimum absolute Boundary normal field error:                1.428e-03  -->   4.001e-05 (T m^2)
Average absolute Boundary normal field error:                5.781e-01  -->   2.231e-01 (T m^2)
Maximum absolute Boundary normal field error:                2.917e-02  -->   1.068e-02 (normalized)
Minimum absolute Boundary normal field error:                1.266e-05  -->   3.546e-07 (normalized)
Average absolute Boundary normal field error:                5.123e-03  -->   1.977e-03 (normalized)
Maximum Coil length:                                         3.600e+01  -->   3.600e+01 (m)
Minimum Coil length:                                         3.386e+01  -->   2.519e+01 (m)
Average Coil length:                                         3.522e+01  -->   3.330e+01 (m)
Maximum Coil length:                                         6.411e+00  -->   6.411e+00 (normalized)
Minimum Coil length:                                         6.030e+00  -->   4.485e+00 (normalized)
Average Coil length:                                         6.271e+00  -->   5.929e+00 (normalized)
Maximum Coil curvature:                                      4.093e-01  -->   7.005e-01 (m^-1)
Minimum Coil curvature:                                      2.459e-06  -->   2.256e-05 (m^-1)
Average Coil curvature:                                      1.485e-01  -->   2.086e-01 (m^-1)
Maximum Coil curvature:                                      2.298e+00  -->   3.934e+00 (normalized)
Minimum Coil curvature:                                      1.381e-05  -->   1.267e-04 (normalized)
Average Coil curvature:                                      8.338e-01  -->   1.172e+00 (normalized)
Maximum Signed in-plane curvature:                           4.093e-01  -->   7.005e-01 (m^-1)
Minimum Signed in-plane curvature:                          -3.705e-03  -->  -9.790e-04 (m^-1)
Average Signed in-plane curvature:                           1.484e-01  -->   2.086e-01 (m^-1)
Maximum Signed in-plane curvature:                           2.298e+00  -->   3.934e+00 (normalized)
Minimum Signed in-plane curvature:                          -2.080e-02  -->  -5.498e-03 (normalized)
Average Signed in-plane curvature:                           8.333e-01  -->   1.172e+00 (normalized)
Maximum Coil-coil distance penalty:                          9.591e-05  -->   4.443e-05 (dimensionless)
Minimum Coil-coil distance penalty:                          0.000e+00  -->   0.000e+00 (dimensionless)
Average Coil-coil distance penalty:                          1.776e-06  -->   1.692e-06 (dimensionless)
  [mem] RSS 10.94 GB  peak 10.94 GB
Maximum Plasma-coil distance penalty:                        0.000e+00  -->   3.290e-06 (dimensionless)
Minimum Plasma-coil distance penalty:                        0.000e+00  -->   0.000e+00 (dimensionless)
Average Plasma-coil distance penalty:                        0.000e+00  -->   4.112e-07 (dimensionless)
Summed coil current error:                                   0.000e+00  -->   7.451e-09 (A)
==============================================================================================================


SOLVER {'wall_s': 1368.5592646598816, 'message': 'Maximum number of iterations has been exceeded.', 'nit': 250, 'n_outer': 8, 'constr_violation': 0.00011475723787021205, 'y_absmax_final': 0.03617545131604548}
START  bn 2.3135e-02  L 1.000  kappa 0.273  convex 4.159  d_cc 1.034  d_pc 1.062  -> FAILS L,convex
RESULT bn 8.7195e-03  L 1.000  kappa 0.467  convex 0.199  d_cc 1.036  d_pc 1.018  linked 0  -> FEASIBLE  active ['L']
wrote work/helios/arc16/cut30/legB/result.h5, result.json, result.png
