E0929 18:39:14.086837 1720322 cuda_executor.cc:1743] Could not get kernel mode driver version: ( INVALID_ARGUMENT: Version does not match the format X.Y.Z )
E0929 18:39:14.098819 1720229 cuda_executor.cc:1743] Could not get kernel mode driver version: ( INVALID_ARGUMENT: Version does not match the format X.Y.Z )
DEVICE requested=gpu obtained=gpu (1x NVIDIA GeForce RTX 5070 Laptop GPU)
--field-term bn is blind to the current scale: holding the coil current SUM fixed
  [mem] RSS 0.83 GB  peak 0.83 GB
eq precise_QH (desc.examples) NFP 4 sym True L,M,N 8,8,8 dim_x 1462; start work/ss_qh/xyz/stage2/result.h5: 4 unique coils (FourierXYZCoil), 32 total
SETTINGS {'eq': 'precise_QH', 'start': 'work/ss_qh/xyz/stage2/result.h5', 'out': 'work/ss_qh/xyz/ss', 'bounds': 'bounds/precise_qh_gil.json', 'a': None, 'device': None, 'length_mult': 1.0, 'fix_coils': False, 'dry': False, 'field_term': 'bn', 'fix_current_sum': True, 'helicity': '1,4', 'qs_rho': '0.2,0.4,0.6,0.8,1.0', 'A_min': 7.5, 'A_max': 8.5, 'vol_band': 0.02, 'V0': None, 'bn_norm': None, 'qs_form': 'scale-invariant', 'iota_min': 1.19, 'kmin': 1, 'kmax': 4, 'maxiter': 100, 'ftol': 1e-06, 'xtol': 1e-06, 'gtol': 1e-08, 'max_tr': None, 'perturb_order': 2, 'solve_tol': 1e-10, 'tau_bn': 0.005, 'tau_qs': None, 'tau_qs_rel': 10.0, 'tau_A': 0.01, 'tau_V': 0.005, 'tau_iota': 0.01, 'tau_L': 0.01, 'tau_kappa': 0.01, 'tau_kms': 0.01, 'tau_dpc': 0.01, 'tau_dcc': 1e-06, 'dcc_backoff': 0.025, 'dpc_backoff': 0.02, 'no_arc_backoffs': False, 'eval_m': 25, 'eval_n': 25, 'plasma_m': 32, 'plasma_n': 32, 'coil_grid_n': 150, 'src_gl': 24, 'src_n': 100, 'bs_chunk': None, 'jac_chunk': None, 'dcc_k': 20000}
BOUNDS (judged, absolute) L 2.926  Ltot -  kappa 13.67  kms 18.69  convex -  planar -  dcc 0.05851  dpc 0.1097
ENFORCED L 2.926  Ltot -  kappa 13.67  kms 18.69  convex -  planar -  dcc 0.05997  dpc 0.1119
/home/singh/Documents/DESC2/coil_sandbox/vendor/desc/utils.py:590: UserWarning: Unequal number of field periods for grid 1 and basis 4.
  warnings.warn(msg, err)
/home/singh/Documents/DESC2/coil_sandbox/vendor/desc/utils.py:590: UserWarning: Unequal number of field periods for grid 1 and basis 4.
  warnings.warn(msg, err)
START physics  A 8.000  R0 0.9947  a 0.1243  iota [1.2523, 1.2562]  QS(Boozer, |B_nonsym|/<B>) rho 0.25 4.81e-04  rho 0.5 2.25e-04  rho 0.75 3.86e-04  rho 1 1.44e-03
START coils    bn 9.3469e-04 (max 4.748e-03)  L 1.000  kappa 1.002  kMS 1.000  d_cc 1.023  d_pc 1.188  linked 0  -> FAILS L,kappa,kMS
QS two-term rms at the start 0.001695 -> tau_qs 0.01695
B.n normalization frozen at the start: 0.42526; volume band around V0 = 0.30352
quadrature scales s (expected; compare the s(qw) column): bn 6.283  qs 41.41  iota 1  kappa 0.3622  dcc 9.06e+04
/home/singh/Documents/DESC2/coil_sandbox/vendor/desc/utils.py:590: FutureWarning: constants is deprecated and will be removed in a future release. Users should not include constants in the arguments of their objective compute methods. Instead declare all the constants in the build method and use as self._constants.
  warnings.warn(msg, err)
E0929 18:39:52.183743 1720329 cuda_timer.cc:87] Delay kernel timed out: measured time has sub-optimal accuracy. There may be a missing warmup execution, please investigate in Nsight Systems.
/home/singh/Documents/DESC2/coil_sandbox/vendor/desc/utils.py:590: FutureWarning: constants is deprecated and will be removed in a future release. Users should not include constants in the arguments of their objective compute methods. Instead declare all the constants in the build method and use as self._constants.
  warnings.warn(msg, err)
/home/singh/Documents/DESC2/coil_sandbox/vendor/desc/utils.py:590: FutureWarning: constants is deprecated and will be removed in a future release. Users should not include constants in the arguments of their objective compute methods. Instead declare all the constants in the build method and use as self._constants.
  warnings.warn(msg, err)
E0929 18:39:56.474864 1720229 cuda_fft.cc:256] Failed to make cuFFT batched plan: 5
E0929 18:39:56.474915 1720229 cuda_fft.cc:323] Initialize Params: rank: 1 elem_count: 301 input_embed: 301 input_stride: 1 input_distance: 301 output_embed: 301 output_stride: 1 output_distance: 301 batch_count: 4
E0929 18:39:56.474927 1720229 cuda_fft.cc:332] Failed to initialize batched cufft plan with customized allocator: Failed to make cuFFT batched plan.
E0929 18:39:56.475916 1720229 status_macros.cc:58] INTERNAL: RET_CHECK failure (external/xla/xla/backends/gpu/runtime/fft_thunk.cc:199) fft_plan != nullptr Failed to create cuFFT batched plan with scratch allocator
*** Begin stack trace ***
	
	
	
	
	
	
	
	
	
	
	
	
	
	
	
	
	
	
	
	
	
	
	PyObject_Vectorcall
	_PyEval_EvalFrameDefault
	_PyObject_FastCallDictTstate
	_PyObject_Call_Prepend
	
	_PyObject_Call
	_PyEval_EvalFrameDefault
	PyObject_Vectorcall
	
	
	
	_PyEval_EvalFrameDefault
	PyEval_EvalCode
	
	
	
	_PyRun_SimpleFileObject
	_PyRun_AnyFileObject
	Py_RunMain
	Py_BytesMain
	
	__libc_start_main
	
*** End stack trace ***

Traceback (most recent call last):
  File "/home/singh/Documents/DESC2/coil_sandbox/single_stage.py", line 460, in <module>
    main()
  File "/home/singh/Documents/DESC2/coil_sandbox/single_stage.py", line 418, in main
    table0 = term_table(terms, "TERMS AT THE START")
             ^^^^^^^^^^^^^^^^^^^^^^^^^^^^^^^^^^^^^^^
  File "/home/singh/Documents/DESC2/coil_sandbox/single_stage.py", line 297, in term_table
    err = np.atleast_1d(np.asarray(t.compute_scaled_error(*p)))
                        ^^^^^^^^^^^^^^^^^^^^^^^^^^^^^^^^^^^^^^
  File "/home/singh/miniforge3/envs/desc-env2/lib/python3.12/site-packages/jax/_src/array.py", line 441, in __array__
    return np.asarray(self._value, dtype=dtype, **kwds)  # pyrefly: ignore[no-matching-overload]
                      ^^^^^^^^^^^
  File "/home/singh/miniforge3/envs/desc-env2/lib/python3.12/site-packages/jax/_src/profiler.py", line 384, in wrapper
    return func(*args, **kwargs)
           ^^^^^^^^^^^^^^^^^^^^^
  File "/home/singh/miniforge3/envs/desc-env2/lib/python3.12/site-packages/jax/_src/array.py", line 641, in _value
    npy_value, did_copy = self._single_device_array_to_np_array_did_copy()
                          ^^^^^^^^^^^^^^^^^^^^^^^^^^^^^^^^^^^^^^^^^^^^^^^^
jax.errors.JaxRuntimeError: INTERNAL: RET_CHECK failure (external/xla/xla/backends/gpu/runtime/fft_thunk.cc:199) fft_plan != nullptr Failed to create cuFFT batched plan with scratch allocator
E0929 18:39:56.544427 1720229 cuda_executor.cc:279] [0] failed to unload module 0x64875c1c99e0; leaking: INTERNAL: CUDA error: : CUDA_ERROR_ILLEGAL_ADDRESS: an illegal memory access was encountered
E0929 18:39:56.548411 1720229 cuda_executor.cc:279] [0] failed to unload module 0x64875bdf0a40; leaking: INTERNAL: CUDA error: : CUDA_ERROR_ILLEGAL_ADDRESS: an illegal memory access was encountered
E0929 18:39:56.549010 1720229 cuda_executor.cc:279] [0] failed to unload module 0x6487573ef500; leaking: INTERNAL: CUDA error: : CUDA_ERROR_ILLEGAL_ADDRESS: an illegal memory access was encountered
E0929 18:39:56.550433 1720229 cuda_executor.cc:279] [0] failed to unload module 0x6487637663a0; leaking: INTERNAL: CUDA error: : CUDA_ERROR_ILLEGAL_ADDRESS: an illegal memory access was encountered
E0929 18:39:56.555490 1720229 cuda_executor.cc:279] [0] failed to unload module 0x64875ac401b0; leaking: INTERNAL: CUDA error: : CUDA_ERROR_ILLEGAL_ADDRESS: an illegal memory access was encountered
E0929 18:39:56.556202 1720229 cuda_executor.cc:279] [0] failed to unload module 0x7dc6400ec3c0; leaking: INTERNAL: CUDA error: : CUDA_ERROR_ILLEGAL_ADDRESS: an illegal memory access was encountered
E0929 18:39:56.557094 1720229 cuda_executor.cc:279] [0] failed to unload module 0x6487639666b0; leaking: INTERNAL: CUDA error: : CUDA_ERROR_ILLEGAL_ADDRESS: an illegal memory access was encountered
E0929 18:39:56.557863 1720229 cuda_executor.cc:279] [0] failed to unload module 0x64875b4320b0; leaking: INTERNAL: CUDA error: : CUDA_ERROR_ILLEGAL_ADDRESS: an illegal memory access was encountered
E0929 18:39:56.559179 1720229 cuda_executor.cc:279] [0] failed to unload module 0x6487636ce6f0; leaking: INTERNAL: CUDA error: : CUDA_ERROR_ILLEGAL_ADDRESS: an illegal memory access was encountered
E0929 18:39:56.560290 1720229 cuda_executor.cc:279] [0] failed to unload module 0x64875c04f3e0; leaking: INTERNAL: CUDA error: : CUDA_ERROR_ILLEGAL_ADDRESS: an illegal memory access was encountered
E0929 18:39:56.561519 1720229 cuda_executor.cc:279] [0] failed to unload module 0x648762b8ff40; leaking: INTERNAL: CUDA error: : CUDA_ERROR_ILLEGAL_ADDRESS: an illegal memory access was encountered
E0929 18:39:56.563920 1720229 cuda_executor.cc:279] [0] failed to unload module 0x64875b61bfb0; leaking: INTERNAL: CUDA error: : CUDA_ERROR_ILLEGAL_ADDRESS: an illegal memory access was encountered
E0929 18:39:56.564685 1720229 cuda_executor.cc:279] [0] failed to unload module 0x648757fc2a30; leaking: INTERNAL: CUDA error: : CUDA_ERROR_ILLEGAL_ADDRESS: an illegal memory access was encountered
E0929 18:39:56.565440 1720229 cuda_executor.cc:279] [0] failed to unload module 0x6487574ddf50; leaking: INTERNAL: CUDA error: : CUDA_ERROR_ILLEGAL_ADDRESS: an illegal memory access was encountered
E0929 18:39:56.566122 1720229 cuda_executor.cc:279] [0] failed to unload module 0x648762439720; leaking: INTERNAL: CUDA error: : CUDA_ERROR_ILLEGAL_ADDRESS: an illegal memory access was encountered
E0929 18:39:56.566796 1720229 cuda_executor.cc:279] [0] failed to unload module 0x6487572dbda0; leaking: INTERNAL: CUDA error: : CUDA_ERROR_ILLEGAL_ADDRESS: an illegal memory access was encountered
E0929 18:39:56.594176 1720229 cuda_executor.cc:279] [0] failed to unload module 0x6487574f21a0; leaking: INTERNAL: CUDA error: : CUDA_ERROR_ILLEGAL_ADDRESS: an illegal memory access was encountered
E0929 18:39:56.595418 1720229 cuda_executor.cc:279] [0] failed to unload module 0x64875a796e40; leaking: INTERNAL: CUDA error: : CUDA_ERROR_ILLEGAL_ADDRESS: an illegal memory access was encountered
E0929 18:39:56.597515 1720229 cuda_executor.cc:279] [0] failed to unload module 0x64875b7cb1d0; leaking: INTERNAL: CUDA error: : CUDA_ERROR_ILLEGAL_ADDRESS: an illegal memory access was encountered
E0929 18:39:56.598239 1720229 cuda_executor.cc:279] [0] failed to unload module 0x6487625050b0; leaking: INTERNAL: CUDA error: : CUDA_ERROR_ILLEGAL_ADDRESS: an illegal memory access was encountered
E0929 18:39:56.598966 1720229 cuda_executor.cc:279] [0] failed to unload module 0x64875a771970; leaking: INTERNAL: CUDA error: : CUDA_ERROR_ILLEGAL_ADDRESS: an illegal memory access was encountered
E0929 18:39:56.599612 1720229 cuda_executor.cc:279] [0] failed to unload module 0x648763260330; leaking: INTERNAL: CUDA error: : CUDA_ERROR_ILLEGAL_ADDRESS: an illegal memory access was encountered
E0929 18:39:56.604732 1720229 cuda_executor.cc:279] [0] failed to unload module 0x64875b08f040; leaking: INTERNAL: CUDA error: : CUDA_ERROR_ILLEGAL_ADDRESS: an illegal memory access was encountered
E0929 18:39:56.649454 1720229 cuda_executor.cc:279] [0] failed to unload module 0x648762b32220; leaking: INTERNAL: CUDA error: : CUDA_ERROR_ILLEGAL_ADDRESS: an illegal memory access was encountered
E0929 18:39:56.685457 1720229 cuda_executor.cc:279] [0] failed to unload module 0x64876304f1a0; leaking: INTERNAL: CUDA error: : CUDA_ERROR_ILLEGAL_ADDRESS: an illegal memory access was encountered
E0929 18:39:56.690546 1720229 cuda_executor.cc:279] [0] failed to unload module 0x64875b959830; leaking: INTERNAL: CUDA error: : CUDA_ERROR_ILLEGAL_ADDRESS: an illegal memory access was encountered
E0929 18:39:56.695323 1720229 cuda_executor.cc:279] [0] failed to unload module 0x648757d23b00; leaking: INTERNAL: CUDA error: : CUDA_ERROR_ILLEGAL_ADDRESS: an illegal memory access was encountered
E0929 18:39:56.700629 1720229 cuda_executor.cc:279] [0] failed to unload module 0x648761edf580; leaking: INTERNAL: CUDA error: : CUDA_ERROR_ILLEGAL_ADDRESS: an illegal memory access was encountered
E0929 18:39:56.702531 1720229 cuda_executor.cc:279] [0] failed to unload module 0x64875a1f8510; leaking: INTERNAL: CUDA error: : CUDA_ERROR_ILLEGAL_ADDRESS: an illegal memory access was encountered
E0929 18:39:56.705377 1720229 cuda_executor.cc:279] [0] failed to unload module 0x64875bb42940; leaking: INTERNAL: CUDA error: : CUDA_ERROR_ILLEGAL_ADDRESS: an illegal memory access was encountered
E0929 18:39:56.717150 1720229 cuda_executor.cc:279] [0] failed to unload module 0x648757844d80; leaking: INTERNAL: CUDA error: : CUDA_ERROR_ILLEGAL_ADDRESS: an illegal memory access was encountered
E0929 18:39:56.729317 1720229 cuda_executor.cc:279] [0] failed to unload module 0x6487632abc70; leaking: INTERNAL: CUDA error: : CUDA_ERROR_ILLEGAL_ADDRESS: an illegal memory access was encountered
E0929 18:39:56.732257 1720229 cuda_executor.cc:279] [0] failed to unload module 0x64875ad12f00; leaking: INTERNAL: CUDA error: : CUDA_ERROR_ILLEGAL_ADDRESS: an illegal memory access was encountered
E0929 18:39:56.772651 1720229 cuda_executor.cc:279] [0] failed to unload module 0x648757b47ee0; leaking: INTERNAL: CUDA error: : CUDA_ERROR_ILLEGAL_ADDRESS: an illegal memory access was encountered
E0929 18:39:56.799179 1720229 cuda_executor.cc:279] [0] failed to unload module 0x64875b38c8c0; leaking: INTERNAL: CUDA error: : CUDA_ERROR_ILLEGAL_ADDRESS: an illegal memory access was encountered
E0929 18:39:56.963632 1720229 cuda_executor.cc:279] [0] failed to unload module 0x648762598430; leaking: INTERNAL: CUDA error: : CUDA_ERROR_ILLEGAL_ADDRESS: an illegal memory access was encountered
E0929 18:39:56.998436 1720229 cuda_executor.cc:279] [0] failed to unload module 0x648759459a90; leaking: INTERNAL: CUDA error: : CUDA_ERROR_ILLEGAL_ADDRESS: an illegal memory access was encountered
E0929 18:39:57.003085 1720229 cuda_executor.cc:279] [0] failed to unload module 0x648760f928a0; leaking: INTERNAL: CUDA error: : CUDA_ERROR_ILLEGAL_ADDRESS: an illegal memory access was encountered
E0929 18:39:57.009713 1720229 cuda_executor.cc:279] [0] failed to unload module 0x648762a5d320; leaking: INTERNAL: CUDA error: : CUDA_ERROR_ILLEGAL_ADDRESS: an illegal memory access was encountered
E0929 18:39:57.045121 1720229 cuda_executor.cc:279] [0] failed to unload module 0x648757b002a0; leaking: INTERNAL: CUDA error: : CUDA_ERROR_ILLEGAL_ADDRESS: an illegal memory access was encountered
E0929 18:39:57.082534 1720229 cuda_executor.cc:603] [0] error deallocating host memory at 0x204c00800: INTERNAL: CUDA error: : CUDA_ERROR_ILLEGAL_ADDRESS: an illegal memory access was encountered
E0929 18:39:57.087785 1720229 cuda_executor.cc:279] [0] failed to unload module 0x64873c1ceeb0; leaking: INTERNAL: CUDA error: : CUDA_ERROR_ILLEGAL_ADDRESS: an illegal memory access was encountered
E0929 18:39:57.090022 1720229 cuda_executor.cc:279] [0] failed to unload module 0x6487412bede0; leaking: INTERNAL: CUDA error: : CUDA_ERROR_ILLEGAL_ADDRESS: an illegal memory access was encountered
E0929 18:39:57.093468 1720229 cuda_executor.cc:279] [0] failed to unload module 0x648741f772d0; leaking: INTERNAL: CUDA error: : CUDA_ERROR_ILLEGAL_ADDRESS: an illegal memory access was encountered
E0929 18:39:57.095175 1720229 cuda_executor.cc:279] [0] failed to unload module 0x64873fffc7c0; leaking: INTERNAL: CUDA error: : CUDA_ERROR_ILLEGAL_ADDRESS: an illegal memory access was encountered
E0929 18:39:57.100581 1720229 cuda_executor.cc:279] [0] failed to unload module 0x64873ad7fd90; leaking: INTERNAL: CUDA error: : CUDA_ERROR_ILLEGAL_ADDRESS: an illegal memory access was encountered
E0929 18:39:57.105750 1720229 cuda_executor.cc:279] [0] failed to unload module 0x64873ba23f50; leaking: INTERNAL: CUDA error: : CUDA_ERROR_ILLEGAL_ADDRESS: an illegal memory access was encountered
E0929 18:39:57.111222 1720229 cuda_executor.cc:603] [0] error deallocating host memory at 0x204c00a00: INTERNAL: CUDA error: : CUDA_ERROR_ILLEGAL_ADDRESS: an illegal memory access was encountered
E0929 18:39:57.111576 1720229 cuda_executor.cc:279] [0] failed to unload module 0x64874345cde0; leaking: INTERNAL: CUDA error: : CUDA_ERROR_ILLEGAL_ADDRESS: an illegal memory access was encountered
E0929 18:39:57.112734 1720229 cuda_executor.cc:603] [0] error deallocating host memory at 0x204c00c00: INTERNAL: CUDA error: : CUDA_ERROR_ILLEGAL_ADDRESS: an illegal memory access was encountered
E0929 18:39:57.112988 1720229 cuda_executor.cc:279] [0] failed to unload module 0x6487476b3d70; leaking: INTERNAL: CUDA error: : CUDA_ERROR_ILLEGAL_ADDRESS: an illegal memory access was encountered
E0929 18:39:57.113339 1720229 cuda_executor.cc:603] [0] error deallocating host memory at 0x204c00e00: INTERNAL: CUDA error: : CUDA_ERROR_ILLEGAL_ADDRESS: an illegal memory access was encountered
E0929 18:39:57.113492 1720229 cuda_executor.cc:279] [0] failed to unload module 0x648749e09c80; leaking: INTERNAL: CUDA error: : CUDA_ERROR_ILLEGAL_ADDRESS: an illegal memory access was encountered
E0929 18:39:57.114000 1720229 cuda_executor.cc:279] [0] failed to unload module 0x648745c04fe0; leaking: INTERNAL: CUDA error: : CUDA_ERROR_ILLEGAL_ADDRESS: an illegal memory access was encountered
E0929 18:39:57.114290 1720229 cuda_executor.cc:603] [0] error deallocating host memory at 0x204c01200: INTERNAL: CUDA error: : CUDA_ERROR_ILLEGAL_ADDRESS: an illegal memory access was encountered
E0929 18:39:57.114552 1720229 cuda_executor.cc:279] [0] failed to unload module 0x64874a7eef70; leaking: INTERNAL: CUDA error: : CUDA_ERROR_ILLEGAL_ADDRESS: an illegal memory access was encountered
E0929 18:39:57.114761 1720229 cuda_executor.cc:279] [0] failed to unload module 0x64874713f6d0; leaking: INTERNAL: CUDA error: : CUDA_ERROR_ILLEGAL_ADDRESS: an illegal memory access was encountered
E0929 18:39:57.115229 1720229 cuda_executor.cc:603] [0] error deallocating host memory at 0x204c01400: INTERNAL: CUDA error: : CUDA_ERROR_ILLEGAL_ADDRESS: an illegal memory access was encountered
E0929 18:39:57.115237 1720229 cuda_executor.cc:279] [0] failed to unload module 0x64874a94a2f0; leaking: INTERNAL: CUDA error: : CUDA_ERROR_ILLEGAL_ADDRESS: an illegal memory access was encountered
E0929 18:39:57.115753 1720229 cuda_executor.cc:279] [0] failed to unload module 0x648749775650; leaking: INTERNAL: CUDA error: : CUDA_ERROR_ILLEGAL_ADDRESS: an illegal memory access was encountered
E0929 18:39:57.117436 1720229 cuda_executor.cc:279] [0] failed to unload module 0x6487413dc0a0; leaking: INTERNAL: CUDA error: : CUDA_ERROR_ILLEGAL_ADDRESS: an illegal memory access was encountered
E0929 18:39:57.118169 1720229 cuda_executor.cc:279] [0] failed to unload module 0x648756b84d30; leaking: INTERNAL: CUDA error: : CUDA_ERROR_ILLEGAL_ADDRESS: an illegal memory access was encountered
E0929 18:39:57.118931 1720229 cuda_executor.cc:279] [0] failed to unload module 0x64874a62f770; leaking: INTERNAL: CUDA error: : CUDA_ERROR_ILLEGAL_ADDRESS: an illegal memory access was encountered
E0929 18:39:57.119364 1720229 cuda_executor.cc:279] [0] failed to unload module 0x64875834b9b0; leaking: INTERNAL: CUDA error: : CUDA_ERROR_ILLEGAL_ADDRESS: an illegal memory access was encountered
E0929 18:39:57.119506 1720229 cuda_executor.cc:279] [0] failed to unload module 0x6487588a5aa0; leaking: INTERNAL: CUDA error: : CUDA_ERROR_ILLEGAL_ADDRESS: an illegal memory access was encountered
E0929 18:39:57.120267 1720229 cuda_executor.cc:279] [0] failed to unload module 0x64875fd06410; leaking: INTERNAL: CUDA error: : CUDA_ERROR_ILLEGAL_ADDRESS: an illegal memory access was encountered
E0929 18:39:57.120974 1720229 cuda_executor.cc:279] [0] failed to unload module 0x64875c44f420; leaking: INTERNAL: CUDA error: : CUDA_ERROR_ILLEGAL_ADDRESS: an illegal memory access was encountered
E0929 18:39:57.121588 1720229 cuda_executor.cc:279] [0] failed to unload module 0x648763ed52d0; leaking: INTERNAL: CUDA error: : CUDA_ERROR_ILLEGAL_ADDRESS: an illegal memory access was encountered
E0929 18:39:57.122324 1720229 cuda_executor.cc:279] [0] failed to unload module 0x648765b35120; leaking: INTERNAL: CUDA error: : CUDA_ERROR_ILLEGAL_ADDRESS: an illegal memory access was encountered
E0929 18:39:57.122848 1720229 cuda_executor.cc:279] [0] failed to unload module 0x64876601dc80; leaking: INTERNAL: CUDA error: : CUDA_ERROR_ILLEGAL_ADDRESS: an illegal memory access was encountered
E0929 18:39:57.123199 1720229 cuda_executor.cc:279] [0] failed to unload module 0x6487604aecd0; leaking: INTERNAL: CUDA error: : CUDA_ERROR_ILLEGAL_ADDRESS: an illegal memory access was encountered
E0929 18:39:57.124431 1720229 cuda_executor.cc:279] [0] failed to unload module 0x6487696192f0; leaking: INTERNAL: CUDA error: : CUDA_ERROR_ILLEGAL_ADDRESS: an illegal memory access was encountered
E0929 18:39:57.124795 1720229 cuda_executor.cc:279] [0] failed to unload module 0x648766c25740; leaking: INTERNAL: CUDA error: : CUDA_ERROR_ILLEGAL_ADDRESS: an illegal memory access was encountered
E0929 18:39:57.125432 1720229 cuda_executor.cc:279] [0] failed to unload module 0x64876a4488f0; leaking: INTERNAL: CUDA error: : CUDA_ERROR_ILLEGAL_ADDRESS: an illegal memory access was encountered
E0929 18:39:57.125932 1720229 cuda_executor.cc:279] [0] failed to unload module 0x64876c80fc70; leaking: INTERNAL: CUDA error: : CUDA_ERROR_ILLEGAL_ADDRESS: an illegal memory access was encountered
E0929 18:39:57.126923 1720229 cuda_executor.cc:603] [0] error deallocating host memory at 0x204c01a00: INTERNAL: CUDA error: : CUDA_ERROR_ILLEGAL_ADDRESS: an illegal memory access was encountered
E0929 18:39:57.127366 1720229 cuda_executor.cc:603] [0] error deallocating host memory at 0x204c01800: INTERNAL: CUDA error: : CUDA_ERROR_ILLEGAL_ADDRESS: an illegal memory access was encountered
E0929 18:39:57.127559 1720229 cuda_executor.cc:279] [0] failed to unload module 0x64876cf6ff00; leaking: INTERNAL: CUDA error: : CUDA_ERROR_ILLEGAL_ADDRESS: an illegal memory access was encountered
E0929 18:39:57.129038 1720229 cuda_executor.cc:279] [0] failed to unload module 0x64876ce21970; leaking: INTERNAL: CUDA error: : CUDA_ERROR_ILLEGAL_ADDRESS: an illegal memory access was encountered
E0929 18:39:57.129357 1720229 cuda_executor.cc:279] [0] failed to unload module 0x7dc69c2093a0; leaking: INTERNAL: CUDA error: : CUDA_ERROR_ILLEGAL_ADDRESS: an illegal memory access was encountered
E0929 18:39:57.129833 1720229 cuda_executor.cc:279] [0] failed to unload module 0x648722c0e9b0; leaking: INTERNAL: CUDA error: : CUDA_ERROR_ILLEGAL_ADDRESS: an illegal memory access was encountered
E0929 18:39:57.130581 1720229 cuda_executor.cc:279] [0] failed to unload module 0x6487647a9260; leaking: INTERNAL: CUDA error: : CUDA_ERROR_ILLEGAL_ADDRESS: an illegal memory access was encountered
E0929 18:39:57.130874 1720229 cuda_executor.cc:279] [0] failed to unload module 0x64876396f690; leaking: INTERNAL: CUDA error: : CUDA_ERROR_ILLEGAL_ADDRESS: an illegal memory access was encountered
E0929 18:39:57.131036 1720229 cuda_executor.cc:279] [0] failed to unload module 0x64875c1691c0; leaking: INTERNAL: CUDA error: : CUDA_ERROR_ILLEGAL_ADDRESS: an illegal memory access was encountered
E0929 18:39:57.131165 1720229 cuda_executor.cc:279] [0] failed to unload module 0x648737d2a300; leaking: INTERNAL: CUDA error: : CUDA_ERROR_ILLEGAL_ADDRESS: an illegal memory access was encountered
E0929 18:39:57.131753 1720229 cuda_executor.cc:279] [0] failed to unload module 0x64875e84bf70; leaking: INTERNAL: CUDA error: : CUDA_ERROR_ILLEGAL_ADDRESS: an illegal memory access was encountered
E0929 18:39:57.131890 1720229 cuda_executor.cc:279] [0] failed to unload module 0x64875fdf5870; leaking: INTERNAL: CUDA error: : CUDA_ERROR_ILLEGAL_ADDRESS: an illegal memory access was encountered
E0929 18:39:57.132216 1720229 cuda_executor.cc:279] [0] failed to unload module 0x648760abc340; leaking: INTERNAL: CUDA error: : CUDA_ERROR_ILLEGAL_ADDRESS: an illegal memory access was encountered
E0929 18:39:57.132609 1720229 cuda_executor.cc:279] [0] failed to unload module 0x64875efafc50; leaking: INTERNAL: CUDA error: : CUDA_ERROR_ILLEGAL_ADDRESS: an illegal memory access was encountered
E0929 18:39:57.133090 1720229 cuda_executor.cc:279] [0] failed to unload module 0x648764e311c0; leaking: INTERNAL: CUDA error: : CUDA_ERROR_ILLEGAL_ADDRESS: an illegal memory access was encountered
E0929 18:39:57.133372 1720229 cuda_executor.cc:279] [0] failed to unload module 0x648766896770; leaking: INTERNAL: CUDA error: : CUDA_ERROR_ILLEGAL_ADDRESS: an illegal memory access was encountered
E0929 18:39:57.133633 1720229 cuda_executor.cc:279] [0] failed to unload module 0x6487660c0980; leaking: INTERNAL: CUDA error: : CUDA_ERROR_ILLEGAL_ADDRESS: an illegal memory access was encountered
E0929 18:39:57.135089 1720229 cuda_executor.cc:279] [0] failed to unload module 0x648773216590; leaking: INTERNAL: CUDA error: : CUDA_ERROR_ILLEGAL_ADDRESS: an illegal memory access was encountered
E0929 18:39:57.135445 1720229 cuda_executor.cc:279] [0] failed to unload module 0x64874230a2a0; leaking: INTERNAL: CUDA error: : CUDA_ERROR_ILLEGAL_ADDRESS: an illegal memory access was encountered
E0929 18:39:57.135780 1720229 cuda_executor.cc:279] [0] failed to unload module 0x64876f0c9ae0; leaking: INTERNAL: CUDA error: : CUDA_ERROR_ILLEGAL_ADDRESS: an illegal memory access was encountered
E0929 18:39:57.136846 1720229 cuda_executor.cc:279] [0] failed to unload module 0x648748dfd690; leaking: INTERNAL: CUDA error: : CUDA_ERROR_ILLEGAL_ADDRESS: an illegal memory access was encountered
E0929 18:39:57.137162 1720229 cuda_executor.cc:279] [0] failed to unload module 0x64872c2eaf70; leaking: INTERNAL: CUDA error: : CUDA_ERROR_ILLEGAL_ADDRESS: an illegal memory access was encountered
E0929 18:39:57.137641 1720229 cuda_executor.cc:603] [0] error deallocating host memory at 0x204c02000: INTERNAL: CUDA error: : CUDA_ERROR_ILLEGAL_ADDRESS: an illegal memory access was encountered
E0929 18:39:57.137802 1720229 cuda_executor.cc:279] [0] failed to unload module 0x648777089660; leaking: INTERNAL: CUDA error: : CUDA_ERROR_ILLEGAL_ADDRESS: an illegal memory access was encountered
E0929 18:39:57.139026 1720229 cuda_executor.cc:279] [0] failed to unload module 0x648776a25410; leaking: INTERNAL: CUDA error: : CUDA_ERROR_ILLEGAL_ADDRESS: an illegal memory access was encountered
E0929 18:39:57.139554 1720229 cuda_executor.cc:603] [0] error deallocating host memory at 0x204c02200: INTERNAL: CUDA error: : CUDA_ERROR_ILLEGAL_ADDRESS: an illegal memory access was encountered
E0929 18:39:57.139702 1720229 cuda_executor.cc:279] [0] failed to unload module 0x6487776c0270; leaking: INTERNAL: CUDA error: : CUDA_ERROR_ILLEGAL_ADDRESS: an illegal memory access was encountered
E0929 18:39:57.140163 1720229 cuda_executor.cc:279] [0] failed to unload module 0x6487479faf20; leaking: INTERNAL: CUDA error: : CUDA_ERROR_ILLEGAL_ADDRESS: an illegal memory access was encountered
E0929 18:39:57.140441 1720229 cuda_executor.cc:279] [0] failed to unload module 0x64873c5760f0; leaking: INTERNAL: CUDA error: : CUDA_ERROR_ILLEGAL_ADDRESS: an illegal memory access was encountered
E0929 18:39:57.140892 1720229 cuda_executor.cc:279] [0] failed to unload module 0x6487772d43c0; leaking: INTERNAL: CUDA error: : CUDA_ERROR_ILLEGAL_ADDRESS: an illegal memory access was encountered
E0929 18:39:57.141366 1720229 cuda_executor.cc:279] [0] failed to unload module 0x6487481663a0; leaking: INTERNAL: CUDA error: : CUDA_ERROR_ILLEGAL_ADDRESS: an illegal memory access was encountered
E0929 18:39:57.141646 1720229 cuda_executor.cc:279] [0] failed to unload module 0x648738cac720; leaking: INTERNAL: CUDA error: : CUDA_ERROR_ILLEGAL_ADDRESS: an illegal memory access was encountered
E0929 18:39:57.141868 1720229 cuda_executor.cc:279] [0] failed to unload module 0x648749803970; leaking: INTERNAL: CUDA error: : CUDA_ERROR_ILLEGAL_ADDRESS: an illegal memory access was encountered
E0929 18:39:57.142272 1720229 cuda_executor.cc:279] [0] failed to unload module 0x648778068420; leaking: INTERNAL: CUDA error: : CUDA_ERROR_ILLEGAL_ADDRESS: an illegal memory access was encountered
E0929 18:39:57.142392 1720229 cuda_executor.cc:279] [0] failed to unload module 0x64877722a7b0; leaking: INTERNAL: CUDA error: : CUDA_ERROR_ILLEGAL_ADDRESS: an illegal memory access was encountered
E0929 18:39:57.142867 1720229 cuda_executor.cc:279] [0] failed to unload module 0x648779399760; leaking: INTERNAL: CUDA error: : CUDA_ERROR_ILLEGAL_ADDRESS: an illegal memory access was encountered
E0929 18:39:57.143636 1720229 cuda_executor.cc:279] [0] failed to unload module 0x648726c1c550; leaking: INTERNAL: CUDA error: : CUDA_ERROR_ILLEGAL_ADDRESS: an illegal memory access was encountered
E0929 18:39:57.144065 1720229 cuda_executor.cc:279] [0] failed to unload module 0x6487657aa910; leaking: INTERNAL: CUDA error: : CUDA_ERROR_ILLEGAL_ADDRESS: an illegal memory access was encountered
E0929 18:39:57.144541 1720229 cuda_executor.cc:279] [0] failed to unload module 0x64876f0b3160; leaking: INTERNAL: CUDA error: : CUDA_ERROR_ILLEGAL_ADDRESS: an illegal memory access was encountered
E0929 18:39:57.144839 1720229 cuda_executor.cc:279] [0] failed to unload module 0x648746234ed0; leaking: INTERNAL: CUDA error: : CUDA_ERROR_ILLEGAL_ADDRESS: an illegal memory access was encountered
E0929 18:39:57.145257 1720229 cuda_executor.cc:279] [0] failed to unload module 0x6487244b8b20; leaking: INTERNAL: CUDA error: : CUDA_ERROR_ILLEGAL_ADDRESS: an illegal memory access was encountered
E0929 18:39:57.145514 1720229 cuda_executor.cc:279] [0] failed to unload module 0x64876c49e800; leaking: INTERNAL: CUDA error: : CUDA_ERROR_ILLEGAL_ADDRESS: an illegal memory access was encountered
E0929 18:39:57.145699 1720229 cuda_executor.cc:279] [0] failed to unload module 0x648756906ec0; leaking: INTERNAL: CUDA error: : CUDA_ERROR_ILLEGAL_ADDRESS: an illegal memory access was encountered
E0929 18:39:57.146182 1720229 cuda_executor.cc:279] [0] failed to unload module 0x64875f64eb00; leaking: INTERNAL: CUDA error: : CUDA_ERROR_ILLEGAL_ADDRESS: an illegal memory access was encountered
E0929 18:39:57.146604 1720229 cuda_executor.cc:279] [0] failed to unload module 0x64876462f270; leaking: INTERNAL: CUDA error: : CUDA_ERROR_ILLEGAL_ADDRESS: an illegal memory access was encountered
E0929 18:39:57.146882 1720229 cuda_executor.cc:279] [0] failed to unload module 0x64876bca3da0; leaking: INTERNAL: CUDA error: : CUDA_ERROR_ILLEGAL_ADDRESS: an illegal memory access was encountered
E0929 18:39:57.147153 1720229 cuda_executor.cc:279] [0] failed to unload module 0x648765aa9a30; leaking: INTERNAL: CUDA error: : CUDA_ERROR_ILLEGAL_ADDRESS: an illegal memory access was encountered
E0929 18:39:57.147554 1720229 cuda_executor.cc:279] [0] failed to unload module 0x64875f8f59a0; leaking: INTERNAL: CUDA error: : CUDA_ERROR_ILLEGAL_ADDRESS: an illegal memory access was encountered
E0929 18:39:57.147802 1720229 cuda_executor.cc:279] [0] failed to unload module 0x648779646290; leaking: INTERNAL: CUDA error: : CUDA_ERROR_ILLEGAL_ADDRESS: an illegal memory access was encountered
E0929 18:39:57.148060 1720229 cuda_executor.cc:279] [0] failed to unload module 0x64873702aa20; leaking: INTERNAL: CUDA error: : CUDA_ERROR_ILLEGAL_ADDRESS: an illegal memory access was encountered
E0929 18:39:57.148328 1720229 cuda_executor.cc:279] [0] failed to unload module 0x64876539d4a0; leaking: INTERNAL: CUDA error: : CUDA_ERROR_ILLEGAL_ADDRESS: an illegal memory access was encountered
E0929 18:39:57.148595 1720229 cuda_executor.cc:279] [0] failed to unload module 0x64875e687840; leaking: INTERNAL: CUDA error: : CUDA_ERROR_ILLEGAL_ADDRESS: an illegal memory access was encountered
E0929 18:39:57.148885 1720229 cuda_executor.cc:279] [0] failed to unload module 0x648753b248d0; leaking: INTERNAL: CUDA error: : CUDA_ERROR_ILLEGAL_ADDRESS: an illegal memory access was encountered
E0929 18:39:57.149096 1720229 cuda_executor.cc:279] [0] failed to unload module 0x648766b9be50; leaking: INTERNAL: CUDA error: : CUDA_ERROR_ILLEGAL_ADDRESS: an illegal memory access was encountered
E0929 18:39:57.149360 1720229 cuda_executor.cc:279] [0] failed to unload module 0x64875fc7c6f0; leaking: INTERNAL: CUDA error: : CUDA_ERROR_ILLEGAL_ADDRESS: an illegal memory access was encountered
E0929 18:39:57.149617 1720229 cuda_executor.cc:279] [0] failed to unload module 0x648764f8d6a0; leaking: INTERNAL: CUDA error: : CUDA_ERROR_ILLEGAL_ADDRESS: an illegal memory access was encountered
E0929 18:39:57.149882 1720229 cuda_executor.cc:279] [0] failed to unload module 0x648769e117b0; leaking: INTERNAL: CUDA error: : CUDA_ERROR_ILLEGAL_ADDRESS: an illegal memory access was encountered
E0929 18:39:57.150165 1720229 cuda_executor.cc:279] [0] failed to unload module 0x648760ed1650; leaking: INTERNAL: CUDA error: : CUDA_ERROR_ILLEGAL_ADDRESS: an illegal memory access was encountered
E0929 18:39:57.150418 1720229 cuda_executor.cc:279] [0] failed to unload module 0x6487759e29f0; leaking: INTERNAL: CUDA error: : CUDA_ERROR_ILLEGAL_ADDRESS: an illegal memory access was encountered
E0929 18:39:57.150733 1720229 cuda_executor.cc:279] [0] failed to unload module 0x64875eef9310; leaking: INTERNAL: CUDA error: : CUDA_ERROR_ILLEGAL_ADDRESS: an illegal memory access was encountered
E0929 18:39:57.150990 1720229 cuda_executor.cc:279] [0] failed to unload module 0x648729a12070; leaking: INTERNAL: CUDA error: : CUDA_ERROR_ILLEGAL_ADDRESS: an illegal memory access was encountered
E0929 18:39:57.151822 1720229 cuda_executor.cc:279] [0] failed to unload module 0x64872a70a7f0; leaking: INTERNAL: CUDA error: : CUDA_ERROR_ILLEGAL_ADDRESS: an illegal memory access was encountered
E0929 18:39:57.152145 1720229 cuda_executor.cc:279] [0] failed to unload module 0x648747884640; leaking: INTERNAL: CUDA error: : CUDA_ERROR_ILLEGAL_ADDRESS: an illegal memory access was encountered
E0929 18:39:57.152496 1720229 cuda_executor.cc:279] [0] failed to unload module 0x648738802af0; leaking: INTERNAL: CUDA error: : CUDA_ERROR_ILLEGAL_ADDRESS: an illegal memory access was encountered
E0929 18:39:57.152815 1720229 cuda_executor.cc:279] [0] failed to unload module 0x64872a874cd0; leaking: INTERNAL: CUDA error: : CUDA_ERROR_ILLEGAL_ADDRESS: an illegal memory access was encountered
E0929 18:39:57.153094 1720229 cuda_executor.cc:279] [0] failed to unload module 0x6487361894f0; leaking: INTERNAL: CUDA error: : CUDA_ERROR_ILLEGAL_ADDRESS: an illegal memory access was encountered
E0929 18:39:57.153348 1720229 cuda_executor.cc:279] [0] failed to unload module 0x648748593860; leaking: INTERNAL: CUDA error: : CUDA_ERROR_ILLEGAL_ADDRESS: an illegal memory access was encountered
E0929 18:39:57.153625 1720229 cuda_executor.cc:279] [0] failed to unload module 0x64877292b290; leaking: INTERNAL: CUDA error: : CUDA_ERROR_ILLEGAL_ADDRESS: an illegal memory access was encountered
E0929 18:39:57.154398 1720229 cuda_executor.cc:279] [0] failed to unload module 0x6487419aab80; leaking: INTERNAL: CUDA error: : CUDA_ERROR_ILLEGAL_ADDRESS: an illegal memory access was encountered
E0929 18:39:57.154601 1720229 cuda_executor.cc:279] [0] failed to unload module 0x648777791b00; leaking: INTERNAL: CUDA error: : CUDA_ERROR_ILLEGAL_ADDRESS: an illegal memory access was encountered
E0929 18:39:57.154905 1720229 cuda_executor.cc:279] [0] failed to unload module 0x6487778e9ed0; leaking: INTERNAL: CUDA error: : CUDA_ERROR_ILLEGAL_ADDRESS: an illegal memory access was encountered
E0929 18:39:57.155158 1720229 cuda_executor.cc:279] [0] failed to unload module 0x6487418faef0; leaking: INTERNAL: CUDA error: : CUDA_ERROR_ILLEGAL_ADDRESS: an illegal memory access was encountered
E0929 18:39:57.155419 1720229 cuda_executor.cc:279] [0] failed to unload module 0x648738851920; leaking: INTERNAL: CUDA error: : CUDA_ERROR_ILLEGAL_ADDRESS: an illegal memory access was encountered
E0929 18:39:57.155718 1720229 cuda_executor.cc:279] [0] failed to unload module 0x64872a9b4740; leaking: INTERNAL: CUDA error: : CUDA_ERROR_ILLEGAL_ADDRESS: an illegal memory access was encountered
E0929 18:39:57.156015 1720229 cuda_executor.cc:279] [0] failed to unload module 0x6487364ff940; leaking: INTERNAL: CUDA error: : CUDA_ERROR_ILLEGAL_ADDRESS: an illegal memory access was encountered
E0929 18:39:57.156230 1720229 cuda_executor.cc:279] [0] failed to unload module 0x6487486fc740; leaking: INTERNAL: CUDA error: : CUDA_ERROR_ILLEGAL_ADDRESS: an illegal memory access was encountered
E0929 18:39:57.156437 1720229 cuda_executor.cc:279] [0] failed to unload module 0x648747d755e0; leaking: INTERNAL: CUDA error: : CUDA_ERROR_ILLEGAL_ADDRESS: an illegal memory access was encountered
E0929 18:39:57.156704 1720229 cuda_executor.cc:279] [0] failed to unload module 0x648772915af0; leaking: INTERNAL: CUDA error: : CUDA_ERROR_ILLEGAL_ADDRESS: an illegal memory access was encountered
E0929 18:39:57.157120 1720229 cuda_executor.cc:279] [0] failed to unload module 0x64873b7faab0; leaking: INTERNAL: CUDA error: : CUDA_ERROR_ILLEGAL_ADDRESS: an illegal memory access was encountered
E0929 18:39:57.157415 1720229 cuda_executor.cc:279] [0] failed to unload module 0x648738943b10; leaking: INTERNAL: CUDA error: : CUDA_ERROR_ILLEGAL_ADDRESS: an illegal memory access was encountered
E0929 18:39:57.157687 1720229 cuda_executor.cc:279] [0] failed to unload module 0x64872ac96ab0; leaking: INTERNAL: CUDA error: : CUDA_ERROR_ILLEGAL_ADDRESS: an illegal memory access was encountered
E0929 18:39:57.157946 1720229 cuda_executor.cc:279] [0] failed to unload module 0x6487367aeae0; leaking: INTERNAL: CUDA error: : CUDA_ERROR_ILLEGAL_ADDRESS: an illegal memory access was encountered
E0929 18:39:57.158243 1720229 cuda_executor.cc:279] [0] failed to unload module 0x648741c37ca0; leaking: INTERNAL: CUDA error: : CUDA_ERROR_ILLEGAL_ADDRESS: an illegal memory access was encountered
E0929 18:39:57.158585 1720229 cuda_executor.cc:279] [0] failed to unload module 0x648747ebc400; leaking: INTERNAL: CUDA error: : CUDA_ERROR_ILLEGAL_ADDRESS: an illegal memory access was encountered
E0929 18:39:57.158904 1720229 cuda_executor.cc:279] [0] failed to unload module 0x6487486553b0; leaking: INTERNAL: CUDA error: : CUDA_ERROR_ILLEGAL_ADDRESS: an illegal memory access was encountered
E0929 18:39:57.159275 1720229 cuda_executor.cc:279] [0] failed to unload module 0x648772d57650; leaking: INTERNAL: CUDA error: : CUDA_ERROR_ILLEGAL_ADDRESS: an illegal memory access was encountered
E0929 18:39:57.159553 1720229 cuda_executor.cc:279] [0] failed to unload module 0x648777a00a90; leaking: INTERNAL: CUDA error: : CUDA_ERROR_ILLEGAL_ADDRESS: an illegal memory access was encountered
E0929 18:39:57.159968 1720229 cuda_executor.cc:279] [0] failed to unload module 0x6487490b81a0; leaking: INTERNAL: CUDA error: : CUDA_ERROR_ILLEGAL_ADDRESS: an illegal memory access was encountered
E0929 18:39:57.160318 1720229 cuda_executor.cc:279] [0] failed to unload module 0x64872af32e90; leaking: INTERNAL: CUDA error: : CUDA_ERROR_ILLEGAL_ADDRESS: an illegal memory access was encountered
E0929 18:39:57.160620 1720229 cuda_executor.cc:279] [0] failed to unload module 0x648736ad77d0; leaking: INTERNAL: CUDA error: : CUDA_ERROR_ILLEGAL_ADDRESS: an illegal memory access was encountered
E0929 18:39:57.161067 1720229 cuda_executor.cc:279] [0] failed to unload module 0x64872b661ec0; leaking: INTERNAL: CUDA error: : CUDA_ERROR_ILLEGAL_ADDRESS: an illegal memory access was encountered
E0929 18:39:57.161391 1720229 cuda_executor.cc:279] [0] failed to unload module 0x64872b3c1c10; leaking: INTERNAL: CUDA error: : CUDA_ERROR_ILLEGAL_ADDRESS: an illegal memory access was encountered
E0929 18:39:57.161629 1720229 cuda_executor.cc:279] [0] failed to unload module 0x648736f90a00; leaking: INTERNAL: CUDA error: : CUDA_ERROR_ILLEGAL_ADDRESS: an illegal memory access was encountered
E0929 18:39:57.162061 1720229 cuda_executor.cc:279] [0] failed to unload module 0x64872bafc1e0; leaking: INTERNAL: CUDA error: : CUDA_ERROR_ILLEGAL_ADDRESS: an illegal memory access was encountered
E0929 18:39:57.162879 1720229 cuda_executor.cc:279] [0] failed to unload module 0x6487785acba0; leaking: INTERNAL: CUDA error: : CUDA_ERROR_ILLEGAL_ADDRESS: an illegal memory access was encountered
E0929 18:39:57.163187 1720229 cuda_executor.cc:279] [0] failed to unload module 0x648768c6b060; leaking: INTERNAL: CUDA error: : CUDA_ERROR_ILLEGAL_ADDRESS: an illegal memory access was encountered
E0929 18:39:57.163694 1720229 cuda_executor.cc:279] [0] failed to unload module 0x64872c965220; leaking: INTERNAL: CUDA error: : CUDA_ERROR_ILLEGAL_ADDRESS: an illegal memory access was encountered
E0929 18:39:57.163888 1720229 cuda_executor.cc:279] [0] failed to unload module 0x64872c9ffde0; leaking: INTERNAL: CUDA error: : CUDA_ERROR_ILLEGAL_ADDRESS: an illegal memory access was encountered
E0929 18:39:57.164112 1720229 cuda_executor.cc:279] [0] failed to unload module 0x6487786ebc90; leaking: INTERNAL: CUDA error: : CUDA_ERROR_ILLEGAL_ADDRESS: an illegal memory access was encountered
E0929 18:39:57.164370 1720229 cuda_executor.cc:279] [0] failed to unload module 0x64875576d420; leaking: INTERNAL: CUDA error: : CUDA_ERROR_ILLEGAL_ADDRESS: an illegal memory access was encountered
E0929 18:39:57.165362 1720229 cuda_executor.cc:279] [0] failed to unload module 0x64872ccfc190; leaking: INTERNAL: CUDA error: : CUDA_ERROR_ILLEGAL_ADDRESS: an illegal memory access was encountered
E0929 18:39:57.165586 1720229 cuda_executor.cc:279] [0] failed to unload module 0x6487530ea8a0; leaking: INTERNAL: CUDA error: : CUDA_ERROR_ILLEGAL_ADDRESS: an illegal memory access was encountered
E0929 18:39:57.165817 1720229 cuda_executor.cc:279] [0] failed to unload module 0x648768cab6c0; leaking: INTERNAL: CUDA error: : CUDA_ERROR_ILLEGAL_ADDRESS: an illegal memory access was encountered
E0929 18:39:57.165974 1720229 cuda_executor.cc:279] [0] failed to unload module 0x64877881a0a0; leaking: INTERNAL: CUDA error: : CUDA_ERROR_ILLEGAL_ADDRESS: an illegal memory access was encountered
E0929 18:39:57.166350 1720229 cuda_executor.cc:279] [0] failed to unload module 0x648739385310; leaking: INTERNAL: CUDA error: : CUDA_ERROR_ILLEGAL_ADDRESS: an illegal memory access was encountered
E0929 18:39:57.166620 1720229 cuda_executor.cc:279] [0] failed to unload module 0x64875311ba80; leaking: INTERNAL: CUDA error: : CUDA_ERROR_ILLEGAL_ADDRESS: an illegal memory access was encountered
E0929 18:39:57.166943 1720229 cuda_executor.cc:279] [0] failed to unload module 0x64875376ca90; leaking: INTERNAL: CUDA error: : CUDA_ERROR_ILLEGAL_ADDRESS: an illegal memory access was encountered
E0929 18:39:57.167249 1720229 cuda_executor.cc:279] [0] failed to unload module 0x64874c53a7a0; leaking: INTERNAL: CUDA error: : CUDA_ERROR_ILLEGAL_ADDRESS: an illegal memory access was encountered
E0929 18:39:57.167484 1720229 cuda_executor.cc:279] [0] failed to unload module 0x64876bd5d180; leaking: INTERNAL: CUDA error: : CUDA_ERROR_ILLEGAL_ADDRESS: an illegal memory access was encountered
E0929 18:39:57.167823 1720229 cuda_executor.cc:279] [0] failed to unload module 0x648769c62a20; leaking: INTERNAL: CUDA error: : CUDA_ERROR_ILLEGAL_ADDRESS: an illegal memory access was encountered
E0929 18:39:57.168264 1720229 cuda_executor.cc:279] [0] failed to unload module 0x64875bcb4890; leaking: INTERNAL: CUDA error: : CUDA_ERROR_ILLEGAL_ADDRESS: an illegal memory access was encountered
E0929 18:39:57.168547 1720229 cuda_executor.cc:279] [0] failed to unload module 0x64877ae08330; leaking: INTERNAL: CUDA error: : CUDA_ERROR_ILLEGAL_ADDRESS: an illegal memory access was encountered
E0929 18:39:57.168873 1720229 cuda_executor.cc:279] [0] failed to unload module 0x64876352f350; leaking: INTERNAL: CUDA error: : CUDA_ERROR_ILLEGAL_ADDRESS: an illegal memory access was encountered
E0929 18:39:57.169142 1720229 cuda_executor.cc:279] [0] failed to unload module 0x648775c07140; leaking: INTERNAL: CUDA error: : CUDA_ERROR_ILLEGAL_ADDRESS: an illegal memory access was encountered
E0929 18:39:57.169401 1720229 cuda_executor.cc:279] [0] failed to unload module 0x648741715260; leaking: INTERNAL: CUDA error: : CUDA_ERROR_ILLEGAL_ADDRESS: an illegal memory access was encountered
E0929 18:39:57.169770 1720229 cuda_executor.cc:279] [0] failed to unload module 0x6487460ed930; leaking: INTERNAL: CUDA error: : CUDA_ERROR_ILLEGAL_ADDRESS: an illegal memory access was encountered
E0929 18:39:57.170135 1720229 cuda_executor.cc:279] [0] failed to unload module 0x648736e6eb60; leaking: INTERNAL: CUDA error: : CUDA_ERROR_ILLEGAL_ADDRESS: an illegal memory access was encountered
E0929 18:39:57.170405 1720229 cuda_executor.cc:279] [0] failed to unload module 0x648779873d00; leaking: INTERNAL: CUDA error: : CUDA_ERROR_ILLEGAL_ADDRESS: an illegal memory access was encountered
E0929 18:39:57.170714 1720229 cuda_executor.cc:279] [0] failed to unload module 0x64876a6074a0; leaking: INTERNAL: CUDA error: : CUDA_ERROR_ILLEGAL_ADDRESS: an illegal memory access was encountered
E0929 18:39:57.171012 1720229 cuda_executor.cc:279] [0] failed to unload module 0x64875627ea30; leaking: INTERNAL: CUDA error: : CUDA_ERROR_ILLEGAL_ADDRESS: an illegal memory access was encountered
E0929 18:39:57.171324 1720229 cuda_executor.cc:279] [0] failed to unload module 0x648756a0b1b0; leaking: INTERNAL: CUDA error: : CUDA_ERROR_ILLEGAL_ADDRESS: an illegal memory access was encountered
E0929 18:39:57.171699 1720229 cuda_executor.cc:279] [0] failed to unload module 0x64876c54ef80; leaking: INTERNAL: CUDA error: : CUDA_ERROR_ILLEGAL_ADDRESS: an illegal memory access was encountered
E0929 18:39:57.172014 1720229 cuda_executor.cc:279] [0] failed to unload module 0x64877b66d750; leaking: INTERNAL: CUDA error: : CUDA_ERROR_ILLEGAL_ADDRESS: an illegal memory access was encountered
E0929 18:39:57.197727 1720229 cuda_executor.cc:279] [0] failed to unload module 0x64875ce977e0; leaking: INTERNAL: CUDA error: : CUDA_ERROR_ILLEGAL_ADDRESS: an illegal memory access was encountered
E0929 18:39:57.198918 1720229 cuda_executor.cc:279] [0] failed to unload module 0x64875cfc7c50; leaking: INTERNAL: CUDA error: : CUDA_ERROR_ILLEGAL_ADDRESS: an illegal memory access was encountered
E0929 18:39:57.199939 1720229 cuda_executor.cc:279] [0] failed to unload module 0x648748bb7140; leaking: INTERNAL: CUDA error: : CUDA_ERROR_ILLEGAL_ADDRESS: an illegal memory access was encountered
E0929 18:39:57.200427 1720229 cuda_executor.cc:279] [0] failed to unload module 0x64875d34fd10; leaking: INTERNAL: CUDA error: : CUDA_ERROR_ILLEGAL_ADDRESS: an illegal memory access was encountered
E0929 18:39:57.200984 1720229 cuda_executor.cc:279] [0] failed to unload module 0x64873b80e360; leaking: INTERNAL: CUDA error: : CUDA_ERROR_ILLEGAL_ADDRESS: an illegal memory access was encountered
E0929 18:39:57.201426 1720229 cuda_executor.cc:279] [0] failed to unload module 0x64876f0b9fa0; leaking: INTERNAL: CUDA error: : CUDA_ERROR_ILLEGAL_ADDRESS: an illegal memory access was encountered
E0929 18:39:57.204392 1720229 cuda_executor.cc:279] [0] failed to unload module 0x64874b4796a0; leaking: INTERNAL: CUDA error: : CUDA_ERROR_ILLEGAL_ADDRESS: an illegal memory access was encountered
E0929 18:39:57.205227 1720229 cuda_executor.cc:279] [0] failed to unload module 0x6487222fdf10; leaking: INTERNAL: CUDA error: : CUDA_ERROR_ILLEGAL_ADDRESS: an illegal memory access was encountered
E0929 18:39:57.206042 1720229 cuda_executor.cc:279] [0] failed to unload module 0x6487222fcbf0; leaking: INTERNAL: CUDA error: : CUDA_ERROR_ILLEGAL_ADDRESS: an illegal memory access was encountered
E0929 18:39:57.206365 1720229 cuda_executor.cc:279] [0] failed to unload module 0x6487662787f0; leaking: INTERNAL: CUDA error: : CUDA_ERROR_ILLEGAL_ADDRESS: an illegal memory access was encountered
E0929 18:39:57.206621 1720229 cuda_executor.cc:279] [0] failed to unload module 0x648753355ae0; leaking: INTERNAL: CUDA error: : CUDA_ERROR_ILLEGAL_ADDRESS: an illegal memory access was encountered
E0929 18:39:57.207003 1720229 cuda_executor.cc:279] [0] failed to unload module 0x64875cc173e0; leaking: INTERNAL: CUDA error: : CUDA_ERROR_ILLEGAL_ADDRESS: an illegal memory access was encountered
E0929 18:39:57.207879 1720229 cuda_executor.cc:279] [0] failed to unload module 0x648723759520; leaking: INTERNAL: CUDA error: : CUDA_ERROR_ILLEGAL_ADDRESS: an illegal memory access was encountered
E0929 18:39:57.208472 1720229 cuda_executor.cc:279] [0] failed to unload module 0x648760706f80; leaking: INTERNAL: CUDA error: : CUDA_ERROR_ILLEGAL_ADDRESS: an illegal memory access was encountered
E0929 18:39:57.208641 1720229 cuda_executor.cc:279] [0] failed to unload module 0x64876b7d3690; leaking: INTERNAL: CUDA error: : CUDA_ERROR_ILLEGAL_ADDRESS: an illegal memory access was encountered
E0929 18:39:57.209256 1720229 cuda_executor.cc:279] [0] failed to unload module 0x64876eca8db0; leaking: INTERNAL: CUDA error: : CUDA_ERROR_ILLEGAL_ADDRESS: an illegal memory access was encountered
E0929 18:39:57.209454 1720229 cuda_executor.cc:279] [0] failed to unload module 0x64873f9f6350; leaking: INTERNAL: CUDA error: : CUDA_ERROR_ILLEGAL_ADDRESS: an illegal memory access was encountered
E0929 18:39:57.209774 1720229 cuda_executor.cc:279] [0] failed to unload module 0x648740806260; leaking: INTERNAL: CUDA error: : CUDA_ERROR_ILLEGAL_ADDRESS: an illegal memory access was encountered
E0929 18:39:57.210970 1720229 cuda_executor.cc:279] [0] failed to unload module 0x64875d1fa2a0; leaking: INTERNAL: CUDA error: : CUDA_ERROR_ILLEGAL_ADDRESS: an illegal memory access was encountered
E0929 18:39:57.212413 1720229 cuda_executor.cc:279] [0] failed to unload module 0x648740dcb8f0; leaking: INTERNAL: CUDA error: : CUDA_ERROR_ILLEGAL_ADDRESS: an illegal memory access was encountered
E0929 18:39:57.212699 1720229 cuda_executor.cc:279] [0] failed to unload module 0x64873bf52d10; leaking: INTERNAL: CUDA error: : CUDA_ERROR_ILLEGAL_ADDRESS: an illegal memory access was encountered
E0929 18:39:57.213350 1720229 cuda_executor.cc:279] [0] failed to unload module 0x64874106f180; leaking: INTERNAL: CUDA error: : CUDA_ERROR_ILLEGAL_ADDRESS: an illegal memory access was encountered
E0929 18:39:57.214463 1720229 cuda_executor.cc:279] [0] failed to unload module 0x648747178450; leaking: INTERNAL: CUDA error: : CUDA_ERROR_ILLEGAL_ADDRESS: an illegal memory access was encountered
E0929 18:39:57.215080 1720229 cuda_executor.cc:279] [0] failed to unload module 0x648776a695c0; leaking: INTERNAL: CUDA error: : CUDA_ERROR_ILLEGAL_ADDRESS: an illegal memory access was encountered
E0929 18:39:57.215440 1720229 cuda_executor.cc:279] [0] failed to unload module 0x64873fcb4db0; leaking: INTERNAL: CUDA error: : CUDA_ERROR_ILLEGAL_ADDRESS: an illegal memory access was encountered
E0929 18:39:57.216544 1720229 cuda_executor.cc:279] [0] failed to unload module 0x6487408809f0; leaking: INTERNAL: CUDA error: : CUDA_ERROR_ILLEGAL_ADDRESS: an illegal memory access was encountered
E0929 18:39:57.217207 1720229 cuda_executor.cc:279] [0] failed to unload module 0x64876b35ac40; leaking: INTERNAL: CUDA error: : CUDA_ERROR_ILLEGAL_ADDRESS: an illegal memory access was encountered
E0929 18:39:57.217939 1720229 cuda_executor.cc:279] [0] failed to unload module 0x64877a372fc0; leaking: INTERNAL: CUDA error: : CUDA_ERROR_ILLEGAL_ADDRESS: an illegal memory access was encountered
E0929 18:39:57.218591 1720229 cuda_executor.cc:279] [0] failed to unload module 0x64876aa04f10; leaking: INTERNAL: CUDA error: : CUDA_ERROR_ILLEGAL_ADDRESS: an illegal memory access was encountered
E0929 18:39:57.219066 1720229 cuda_executor.cc:279] [0] failed to unload module 0x6487590d82b0; leaking: INTERNAL: CUDA error: : CUDA_ERROR_ILLEGAL_ADDRESS: an illegal memory access was encountered
E0929 18:39:57.219508 1720229 cuda_executor.cc:279] [0] failed to unload module 0x64876a97def0; leaking: INTERNAL: CUDA error: : CUDA_ERROR_ILLEGAL_ADDRESS: an illegal memory access was encountered
E0929 18:39:57.220060 1720229 cuda_executor.cc:279] [0] failed to unload module 0x648746f07320; leaking: INTERNAL: CUDA error: : CUDA_ERROR_ILLEGAL_ADDRESS: an illegal memory access was encountered
E0929 18:39:57.220507 1720229 cuda_executor.cc:279] [0] failed to unload module 0x64873b2198d0; leaking: INTERNAL: CUDA error: : CUDA_ERROR_ILLEGAL_ADDRESS: an illegal memory access was encountered
E0929 18:39:57.220915 1720229 cuda_executor.cc:279] [0] failed to unload module 0x64877b738ed0; leaking: INTERNAL: CUDA error: : CUDA_ERROR_ILLEGAL_ADDRESS: an illegal memory access was encountered
E0929 18:39:57.221267 1720229 cuda_executor.cc:279] [0] failed to unload module 0x6487373a6650; leaking: INTERNAL: CUDA error: : CUDA_ERROR_ILLEGAL_ADDRESS: an illegal memory access was encountered
E0929 18:39:57.221611 1720229 cuda_executor.cc:279] [0] failed to unload module 0x648758a528c0; leaking: INTERNAL: CUDA error: : CUDA_ERROR_ILLEGAL_ADDRESS: an illegal memory access was encountered
E0929 18:39:57.222065 1720229 cuda_executor.cc:279] [0] failed to unload module 0x64877648d850; leaking: INTERNAL: CUDA error: : CUDA_ERROR_ILLEGAL_ADDRESS: an illegal memory access was encountered
E0929 18:39:57.222693 1720229 cuda_executor.cc:279] [0] failed to unload module 0x64873b1d1b70; leaking: INTERNAL: CUDA error: : CUDA_ERROR_ILLEGAL_ADDRESS: an illegal memory access was encountered
E0929 18:39:57.223539 1720229 cuda_executor.cc:279] [0] failed to unload module 0x64873fd79550; leaking: INTERNAL: CUDA error: : CUDA_ERROR_ILLEGAL_ADDRESS: an illegal memory access was encountered
E0929 18:39:57.224786 1720229 cuda_executor.cc:279] [0] failed to unload module 0x648740a23ac0; leaking: INTERNAL: CUDA error: : CUDA_ERROR_ILLEGAL_ADDRESS: an illegal memory access was encountered
E0929 18:39:57.251676 1720229 cuda_executor.cc:279] [0] failed to unload module 0x648775adfb40; leaking: INTERNAL: CUDA error: : CUDA_ERROR_ILLEGAL_ADDRESS: an illegal memory access was encountered
E0929 18:39:57.253295 1720229 cuda_executor.cc:279] [0] failed to unload module 0x648746307f20; leaking: INTERNAL: CUDA error: : CUDA_ERROR_ILLEGAL_ADDRESS: an illegal memory access was encountered
E0929 18:39:57.253913 1720229 cuda_executor.cc:279] [0] failed to unload module 0x6487265a1230; leaking: INTERNAL: CUDA error: : CUDA_ERROR_ILLEGAL_ADDRESS: an illegal memory access was encountered
E0929 18:39:57.254729 1720229 cuda_executor.cc:279] [0] failed to unload module 0x64875361b770; leaking: INTERNAL: CUDA error: : CUDA_ERROR_ILLEGAL_ADDRESS: an illegal memory access was encountered
E0929 18:39:57.255208 1720229 cuda_executor.cc:279] [0] failed to unload module 0x648749a8b250; leaking: INTERNAL: CUDA error: : CUDA_ERROR_ILLEGAL_ADDRESS: an illegal memory access was encountered
E0929 18:39:57.255697 1720229 cuda_executor.cc:279] [0] failed to unload module 0x648749f6cb20; leaking: INTERNAL: CUDA error: : CUDA_ERROR_ILLEGAL_ADDRESS: an illegal memory access was encountered
E0929 18:39:57.256197 1720229 cuda_executor.cc:279] [0] failed to unload module 0x6487373a63f0; leaking: INTERNAL: CUDA error: : CUDA_ERROR_ILLEGAL_ADDRESS: an illegal memory access was encountered
E0929 18:39:57.259555 1720229 cuda_executor.cc:279] [0] failed to unload module 0x648769a164b0; leaking: INTERNAL: CUDA error: : CUDA_ERROR_ILLEGAL_ADDRESS: an illegal memory access was encountered
E0929 18:39:57.260331 1720229 cuda_executor.cc:279] [0] failed to unload module 0x648777ed0240; leaking: INTERNAL: CUDA error: : CUDA_ERROR_ILLEGAL_ADDRESS: an illegal memory access was encountered
E0929 18:39:57.260793 1720229 cuda_executor.cc:279] [0] failed to unload module 0x64872b8f45e0; leaking: INTERNAL: CUDA error: : CUDA_ERROR_ILLEGAL_ADDRESS: an illegal memory access was encountered
E0929 18:39:57.261185 1720229 cuda_executor.cc:279] [0] failed to unload module 0x64872bc09830; leaking: INTERNAL: CUDA error: : CUDA_ERROR_ILLEGAL_ADDRESS: an illegal memory access was encountered
E0929 18:39:57.261551 1720229 cuda_executor.cc:279] [0] failed to unload module 0x64877acfd6d0; leaking: INTERNAL: CUDA error: : CUDA_ERROR_ILLEGAL_ADDRESS: an illegal memory access was encountered
E0929 18:39:57.261944 1720229 cuda_executor.cc:279] [0] failed to unload module 0x6487434159f0; leaking: INTERNAL: CUDA error: : CUDA_ERROR_ILLEGAL_ADDRESS: an illegal memory access was encountered
E0929 18:39:57.262262 1720229 cuda_executor.cc:279] [0] failed to unload module 0x64877952ea20; leaking: INTERNAL: CUDA error: : CUDA_ERROR_ILLEGAL_ADDRESS: an illegal memory access was encountered
E0929 18:39:57.262556 1720229 cuda_executor.cc:279] [0] failed to unload module 0x64873ff84fd0; leaking: INTERNAL: CUDA error: : CUDA_ERROR_ILLEGAL_ADDRESS: an illegal memory access was encountered
E0929 18:39:57.262969 1720229 cuda_executor.cc:279] [0] failed to unload module 0x64872baec6d0; leaking: INTERNAL: CUDA error: : CUDA_ERROR_ILLEGAL_ADDRESS: an illegal memory access was encountered
E0929 18:39:57.263393 1720229 cuda_executor.cc:279] [0] failed to unload module 0x64874914d5b0; leaking: INTERNAL: CUDA error: : CUDA_ERROR_ILLEGAL_ADDRESS: an illegal memory access was encountered
E0929 18:39:57.264214 1720229 cuda_executor.cc:279] [0] failed to unload module 0x64875e090a90; leaking: INTERNAL: CUDA error: : CUDA_ERROR_ILLEGAL_ADDRESS: an illegal memory access was encountered
E0929 18:39:57.264601 1720229 cuda_executor.cc:279] [0] failed to unload module 0x7dc5f8002580; leaking: INTERNAL: CUDA error: : CUDA_ERROR_ILLEGAL_ADDRESS: an illegal memory access was encountered
E0929 18:39:57.264997 1720229 cuda_executor.cc:279] [0] failed to unload module 0x648739892d60; leaking: INTERNAL: CUDA error: : CUDA_ERROR_ILLEGAL_ADDRESS: an illegal memory access was encountered
E0929 18:39:57.265359 1720229 cuda_executor.cc:279] [0] failed to unload module 0x64877567a5c0; leaking: INTERNAL: CUDA error: : CUDA_ERROR_ILLEGAL_ADDRESS: an illegal memory access was encountered
E0929 18:39:57.265723 1720229 cuda_executor.cc:279] [0] failed to unload module 0x648736a41bc0; leaking: INTERNAL: CUDA error: : CUDA_ERROR_ILLEGAL_ADDRESS: an illegal memory access was encountered
E0929 18:39:57.266269 1720229 cuda_executor.cc:279] [0] failed to unload module 0x64872b4ee9e0; leaking: INTERNAL: CUDA error: : CUDA_ERROR_ILLEGAL_ADDRESS: an illegal memory access was encountered
E0929 18:39:57.266940 1720229 cuda_executor.cc:279] [0] failed to unload module 0x648745faf290; leaking: INTERNAL: CUDA error: : CUDA_ERROR_ILLEGAL_ADDRESS: an illegal memory access was encountered
E0929 18:39:57.267388 1720229 cuda_executor.cc:279] [0] failed to unload module 0x6487664e7050; leaking: INTERNAL: CUDA error: : CUDA_ERROR_ILLEGAL_ADDRESS: an illegal memory access was encountered
E0929 18:39:57.267678 1720229 cuda_executor.cc:279] [0] failed to unload module 0x6487382f3c90; leaking: INTERNAL: CUDA error: : CUDA_ERROR_ILLEGAL_ADDRESS: an illegal memory access was encountered
E0929 18:39:57.268139 1720229 cuda_executor.cc:279] [0] failed to unload module 0x648740b951c0; leaking: INTERNAL: CUDA error: : CUDA_ERROR_ILLEGAL_ADDRESS: an illegal memory access was encountered
E0929 18:39:57.268414 1720229 cuda_executor.cc:279] [0] failed to unload module 0x7dc6002aea60; leaking: INTERNAL: CUDA error: : CUDA_ERROR_ILLEGAL_ADDRESS: an illegal memory access was encountered
E0929 18:39:57.268987 1720229 cuda_executor.cc:279] [0] failed to unload module 0x648740f40af0; leaking: INTERNAL: CUDA error: : CUDA_ERROR_ILLEGAL_ADDRESS: an illegal memory access was encountered
E0929 18:39:57.269408 1720229 cuda_executor.cc:279] [0] failed to unload module 0x64874a00dcb0; leaking: INTERNAL: CUDA error: : CUDA_ERROR_ILLEGAL_ADDRESS: an illegal memory access was encountered
E0929 18:39:57.270146 1720229 cuda_executor.cc:279] [0] failed to unload module 0x64873928c9d0; leaking: INTERNAL: CUDA error: : CUDA_ERROR_ILLEGAL_ADDRESS: an illegal memory access was encountered
E0929 18:39:57.270722 1720229 cuda_executor.cc:279] [0] failed to unload module 0x64876ce12b90; leaking: INTERNAL: CUDA error: : CUDA_ERROR_ILLEGAL_ADDRESS: an illegal memory access was encountered
E0929 18:39:57.271554 1720229 cuda_executor.cc:279] [0] failed to unload module 0x64872b346100; leaking: INTERNAL: CUDA error: : CUDA_ERROR_ILLEGAL_ADDRESS: an illegal memory access was encountered
E0929 18:39:57.272027 1720229 cuda_executor.cc:279] [0] failed to unload module 0x648779a173f0; leaking: INTERNAL: CUDA error: : CUDA_ERROR_ILLEGAL_ADDRESS: an illegal memory access was encountered
E0929 18:39:57.273650 1720229 cuda_executor.cc:279] [0] failed to unload module 0x64875d5dda50; leaking: INTERNAL: CUDA error: : CUDA_ERROR_ILLEGAL_ADDRESS: an illegal memory access was encountered
E0929 18:39:57.274090 1720229 cuda_executor.cc:279] [0] failed to unload module 0x64877a42ff20; leaking: INTERNAL: CUDA error: : CUDA_ERROR_ILLEGAL_ADDRESS: an illegal memory access was encountered
E0929 18:39:57.274359 1720229 cuda_executor.cc:279] [0] failed to unload module 0x64872a417da0; leaking: INTERNAL: CUDA error: : CUDA_ERROR_ILLEGAL_ADDRESS: an illegal memory access was encountered
E0929 18:39:57.275507 1720229 cuda_executor.cc:279] [0] failed to unload module 0x6487531ea0e0; leaking: INTERNAL: CUDA error: : CUDA_ERROR_ILLEGAL_ADDRESS: an illegal memory access was encountered
E0929 18:39:57.276342 1720229 cuda_executor.cc:279] [0] failed to unload module 0x6487608e7080; leaking: INTERNAL: CUDA error: : CUDA_ERROR_ILLEGAL_ADDRESS: an illegal memory access was encountered
E0929 18:39:57.276904 1720229 cuda_executor.cc:279] [0] failed to unload module 0x6487649d4830; leaking: INTERNAL: CUDA error: : CUDA_ERROR_ILLEGAL_ADDRESS: an illegal memory access was encountered
E0929 18:39:57.277678 1720229 cuda_executor.cc:279] [0] failed to unload module 0x64875eaaef40; leaking: INTERNAL: CUDA error: : CUDA_ERROR_ILLEGAL_ADDRESS: an illegal memory access was encountered
E0929 18:39:57.278076 1720229 cuda_executor.cc:279] [0] failed to unload module 0x6487562c6a60; leaking: INTERNAL: CUDA error: : CUDA_ERROR_ILLEGAL_ADDRESS: an illegal memory access was encountered
E0929 18:39:57.279357 1720229 cuda_executor.cc:279] [0] failed to unload module 0x64876b72ae10; leaking: INTERNAL: CUDA error: : CUDA_ERROR_ILLEGAL_ADDRESS: an illegal memory access was encountered
E0929 18:39:57.279938 1720229 cuda_executor.cc:279] [0] failed to unload module 0x64876bfa1ad0; leaking: INTERNAL: CUDA error: : CUDA_ERROR_ILLEGAL_ADDRESS: an illegal memory access was encountered
E0929 18:39:57.280393 1720229 cuda_executor.cc:279] [0] failed to unload module 0x6487661d5e60; leaking: INTERNAL: CUDA error: : CUDA_ERROR_ILLEGAL_ADDRESS: an illegal memory access was encountered
E0929 18:39:57.283424 1720229 cuda_executor.cc:279] [0] failed to unload module 0x648779a19190; leaking: INTERNAL: CUDA error: : CUDA_ERROR_ILLEGAL_ADDRESS: an illegal memory access was encountered
E0929 18:39:57.284024 1720229 cuda_executor.cc:279] [0] failed to unload module 0x6487465bdf80; leaking: INTERNAL: CUDA error: : CUDA_ERROR_ILLEGAL_ADDRESS: an illegal memory access was encountered
E0929 18:39:57.284716 1720229 cuda_executor.cc:279] [0] failed to unload module 0x648741139cd0; leaking: INTERNAL: CUDA error: : CUDA_ERROR_ILLEGAL_ADDRESS: an illegal memory access was encountered
E0929 18:39:57.285124 1720229 cuda_executor.cc:279] [0] failed to unload module 0x6487372c6d40; leaking: INTERNAL: CUDA error: : CUDA_ERROR_ILLEGAL_ADDRESS: an illegal memory access was encountered
E0929 18:39:57.287167 1720229 cuda_executor.cc:279] [0] failed to unload module 0x64874342a7d0; leaking: INTERNAL: CUDA error: : CUDA_ERROR_ILLEGAL_ADDRESS: an illegal memory access was encountered
E0929 18:39:57.287508 1720229 cuda_executor.cc:279] [0] failed to unload module 0x64876eadf6c0; leaking: INTERNAL: CUDA error: : CUDA_ERROR_ILLEGAL_ADDRESS: an illegal memory access was encountered
E0929 18:39:57.287895 1720229 cuda_executor.cc:279] [0] failed to unload module 0x648775ec6770; leaking: INTERNAL: CUDA error: : CUDA_ERROR_ILLEGAL_ADDRESS: an illegal memory access was encountered
E0929 18:39:57.288587 1720229 cuda_executor.cc:279] [0] failed to unload module 0x64876f10abf0; leaking: INTERNAL: CUDA error: : CUDA_ERROR_ILLEGAL_ADDRESS: an illegal memory access was encountered
E0929 18:39:57.288996 1720229 cuda_executor.cc:279] [0] failed to unload module 0x6487413edf10; leaking: INTERNAL: CUDA error: : CUDA_ERROR_ILLEGAL_ADDRESS: an illegal memory access was encountered
E0929 18:39:57.289524 1720229 cuda_executor.cc:279] [0] failed to unload module 0x64874215be10; leaking: INTERNAL: CUDA error: : CUDA_ERROR_ILLEGAL_ADDRESS: an illegal memory access was encountered
E0929 18:39:57.290082 1720229 cuda_executor.cc:279] [0] failed to unload module 0x64876f540ec0; leaking: INTERNAL: CUDA error: : CUDA_ERROR_ILLEGAL_ADDRESS: an illegal memory access was encountered
E0929 18:39:57.290808 1720229 cuda_executor.cc:279] [0] failed to unload module 0x6487413b2800; leaking: INTERNAL: CUDA error: : CUDA_ERROR_ILLEGAL_ADDRESS: an illegal memory access was encountered
E0929 18:39:57.291368 1720229 cuda_executor.cc:279] [0] failed to unload module 0x64874151b800; leaking: INTERNAL: CUDA error: : CUDA_ERROR_ILLEGAL_ADDRESS: an illegal memory access was encountered
E0929 18:39:57.291830 1720229 cuda_executor.cc:279] [0] failed to unload module 0x64876f992dd0; leaking: INTERNAL: CUDA error: : CUDA_ERROR_ILLEGAL_ADDRESS: an illegal memory access was encountered
E0929 18:39:57.294056 1720229 cuda_executor.cc:279] [0] failed to unload module 0x7dc6441aed10; leaking: INTERNAL: CUDA error: : CUDA_ERROR_ILLEGAL_ADDRESS: an illegal memory access was encountered
E0929 18:39:57.294462 1720229 cuda_executor.cc:279] [0] failed to unload module 0x6487730d2c70; leaking: INTERNAL: CUDA error: : CUDA_ERROR_ILLEGAL_ADDRESS: an illegal memory access was encountered
E0929 18:39:57.295034 1720229 cuda_executor.cc:279] [0] failed to unload module 0x648765e9d450; leaking: INTERNAL: CUDA error: : CUDA_ERROR_ILLEGAL_ADDRESS: an illegal memory access was encountered
E0929 18:39:57.295521 1720229 cuda_executor.cc:279] [0] failed to unload module 0x6487426ab600; leaking: INTERNAL: CUDA error: : CUDA_ERROR_ILLEGAL_ADDRESS: an illegal memory access was encountered
E0929 18:39:57.297746 1720229 cuda_executor.cc:279] [0] failed to unload module 0x64875ff8d260; leaking: INTERNAL: CUDA error: : CUDA_ERROR_ILLEGAL_ADDRESS: an illegal memory access was encountered
E0929 18:39:57.298258 1720229 cuda_executor.cc:279] [0] failed to unload module 0x6487735cb740; leaking: INTERNAL: CUDA error: : CUDA_ERROR_ILLEGAL_ADDRESS: an illegal memory access was encountered
E0929 18:39:57.298893 1720229 cuda_executor.cc:279] [0] failed to unload module 0x64873c4a93f0; leaking: INTERNAL: CUDA error: : CUDA_ERROR_ILLEGAL_ADDRESS: an illegal memory access was encountered
E0929 18:39:57.299316 1720229 cuda_executor.cc:279] [0] failed to unload module 0x648726c8c110; leaking: INTERNAL: CUDA error: : CUDA_ERROR_ILLEGAL_ADDRESS: an illegal memory access was encountered
E0929 18:39:57.299898 1720229 cuda_executor.cc:279] [0] failed to unload module 0x6487439359e0; leaking: INTERNAL: CUDA error: : CUDA_ERROR_ILLEGAL_ADDRESS: an illegal memory access was encountered
E0929 18:39:57.300356 1720229 cuda_executor.cc:279] [0] failed to unload module 0x64873b1a82e0; leaking: INTERNAL: CUDA error: : CUDA_ERROR_ILLEGAL_ADDRESS: an illegal memory access was encountered
E0929 18:39:57.300836 1720229 cuda_executor.cc:279] [0] failed to unload module 0x64877846d760; leaking: INTERNAL: CUDA error: : CUDA_ERROR_ILLEGAL_ADDRESS: an illegal memory access was encountered
E0929 18:39:57.301434 1720229 cuda_executor.cc:279] [0] failed to unload module 0x64874935dea0; leaking: INTERNAL: CUDA error: : CUDA_ERROR_ILLEGAL_ADDRESS: an illegal memory access was encountered
E0929 18:39:57.301876 1720229 cuda_executor.cc:279] [0] failed to unload module 0x648729f0caf0; leaking: INTERNAL: CUDA error: : CUDA_ERROR_ILLEGAL_ADDRESS: an illegal memory access was encountered
E0929 18:39:57.302432 1720229 cuda_executor.cc:279] [0] failed to unload module 0x648739b5e050; leaking: INTERNAL: CUDA error: : CUDA_ERROR_ILLEGAL_ADDRESS: an illegal memory access was encountered
E0929 18:39:57.302858 1720229 cuda_executor.cc:279] [0] failed to unload module 0x648746d9c0f0; leaking: INTERNAL: CUDA error: : CUDA_ERROR_ILLEGAL_ADDRESS: an illegal memory access was encountered
E0929 18:39:57.303294 1720229 cuda_executor.cc:279] [0] failed to unload module 0x648758555a50; leaking: INTERNAL: CUDA error: : CUDA_ERROR_ILLEGAL_ADDRESS: an illegal memory access was encountered
E0929 18:39:57.303644 1720229 cuda_executor.cc:279] [0] failed to unload module 0x64875d8e7420; leaking: INTERNAL: CUDA error: : CUDA_ERROR_ILLEGAL_ADDRESS: an illegal memory access was encountered
E0929 18:39:57.303991 1720229 cuda_executor.cc:279] [0] failed to unload module 0x64875e14e5a0; leaking: INTERNAL: CUDA error: : CUDA_ERROR_ILLEGAL_ADDRESS: an illegal memory access was encountered
E0929 18:39:57.304261 1720229 cuda_executor.cc:279] [0] failed to unload module 0x6487764928a0; leaking: INTERNAL: CUDA error: : CUDA_ERROR_ILLEGAL_ADDRESS: an illegal memory access was encountered
E0929 18:39:57.304669 1720229 cuda_executor.cc:279] [0] failed to unload module 0x648779a18f30; leaking: INTERNAL: CUDA error: : CUDA_ERROR_ILLEGAL_ADDRESS: an illegal memory access was encountered
E0929 18:39:57.304979 1720229 cuda_executor.cc:279] [0] failed to unload module 0x64876b1b5310; leaking: INTERNAL: CUDA error: : CUDA_ERROR_ILLEGAL_ADDRESS: an illegal memory access was encountered
E0929 18:39:57.305453 1720229 cuda_executor.cc:279] [0] failed to unload module 0x64877b498a00; leaking: INTERNAL: CUDA error: : CUDA_ERROR_ILLEGAL_ADDRESS: an illegal memory access was encountered
E0929 18:39:57.305795 1720229 cuda_executor.cc:279] [0] failed to unload module 0x648746c64fa0; leaking: INTERNAL: CUDA error: : CUDA_ERROR_ILLEGAL_ADDRESS: an illegal memory access was encountered
E0929 18:39:57.306104 1720229 cuda_executor.cc:279] [0] failed to unload module 0x6487373a5f30; leaking: INTERNAL: CUDA error: : CUDA_ERROR_ILLEGAL_ADDRESS: an illegal memory access was encountered
E0929 18:39:57.306436 1720229 cuda_executor.cc:279] [0] failed to unload module 0x64873abb4180; leaking: INTERNAL: CUDA error: : CUDA_ERROR_ILLEGAL_ADDRESS: an illegal memory access was encountered
E0929 18:39:57.306781 1720229 cuda_executor.cc:279] [0] failed to unload module 0x6487585d2170; leaking: INTERNAL: CUDA error: : CUDA_ERROR_ILLEGAL_ADDRESS: an illegal memory access was encountered
E0929 18:39:57.307102 1720229 cuda_executor.cc:279] [0] failed to unload module 0x64876a2e94f0; leaking: INTERNAL: CUDA error: : CUDA_ERROR_ILLEGAL_ADDRESS: an illegal memory access was encountered
E0929 18:39:57.307439 1720229 cuda_executor.cc:279] [0] failed to unload module 0x64876b070e70; leaking: INTERNAL: CUDA error: : CUDA_ERROR_ILLEGAL_ADDRESS: an illegal memory access was encountered
E0929 18:39:57.307774 1720229 cuda_executor.cc:279] [0] failed to unload module 0x648779a18830; leaking: INTERNAL: CUDA error: : CUDA_ERROR_ILLEGAL_ADDRESS: an illegal memory access was encountered
E0929 18:39:57.308140 1720229 cuda_executor.cc:279] [0] failed to unload module 0x648776540e60; leaking: INTERNAL: CUDA error: : CUDA_ERROR_ILLEGAL_ADDRESS: an illegal memory access was encountered
E0929 18:39:57.308605 1720229 cuda_executor.cc:279] [0] failed to unload module 0x64877b62e880; leaking: INTERNAL: CUDA error: : CUDA_ERROR_ILLEGAL_ADDRESS: an illegal memory access was encountered
E0929 18:39:57.308881 1720229 cuda_executor.cc:279] [0] failed to unload module 0x648758947430; leaking: INTERNAL: CUDA error: : CUDA_ERROR_ILLEGAL_ADDRESS: an illegal memory access was encountered
E0929 18:39:57.309299 1720229 cuda_executor.cc:279] [0] failed to unload module 0x648746dc28f0; leaking: INTERNAL: CUDA error: : CUDA_ERROR_ILLEGAL_ADDRESS: an illegal memory access was encountered
E0929 18:39:57.309628 1720229 cuda_executor.cc:279] [0] failed to unload module 0x6487373a6190; leaking: INTERNAL: CUDA error: : CUDA_ERROR_ILLEGAL_ADDRESS: an illegal memory access was encountered
E0929 18:39:57.309933 1720229 cuda_executor.cc:279] [0] failed to unload module 0x64873ad4c240; leaking: INTERNAL: CUDA error: : CUDA_ERROR_ILLEGAL_ADDRESS: an illegal memory access was encountered
E0929 18:39:57.310528 1720229 cuda_executor.cc:279] [0] failed to unload module 0x64876a4fe140; leaking: INTERNAL: CUDA error: : CUDA_ERROR_ILLEGAL_ADDRESS: an illegal memory access was encountered
E0929 18:39:57.310864 1720229 cuda_executor.cc:279] [0] failed to unload module 0x6487765da470; leaking: INTERNAL: CUDA error: : CUDA_ERROR_ILLEGAL_ADDRESS: an illegal memory access was encountered
E0929 18:39:57.311263 1720229 cuda_executor.cc:279] [0] failed to unload module 0x64876b1b4ba0; leaking: INTERNAL: CUDA error: : CUDA_ERROR_ILLEGAL_ADDRESS: an illegal memory access was encountered
E0929 18:39:57.311689 1720229 cuda_executor.cc:279] [0] failed to unload module 0x64877a1b42f0; leaking: INTERNAL: CUDA error: : CUDA_ERROR_ILLEGAL_ADDRESS: an illegal memory access was encountered
E0929 18:39:57.312120 1720229 cuda_executor.cc:279] [0] failed to unload module 0x64876a5bf6d0; leaking: INTERNAL: CUDA error: : CUDA_ERROR_ILLEGAL_ADDRESS: an illegal memory access was encountered
E0929 18:39:57.312512 1720229 cuda_executor.cc:279] [0] failed to unload module 0x64873ace8df0; leaking: INTERNAL: CUDA error: : CUDA_ERROR_ILLEGAL_ADDRESS: an illegal memory access was encountered
E0929 18:39:57.312932 1720229 cuda_executor.cc:279] [0] failed to unload module 0x648758a15d30; leaking: INTERNAL: CUDA error: : CUDA_ERROR_ILLEGAL_ADDRESS: an illegal memory access was encountered
E0929 18:39:57.313278 1720229 cuda_executor.cc:279] [0] failed to unload module 0x64877b6a8da0; leaking: INTERNAL: CUDA error: : CUDA_ERROR_ILLEGAL_ADDRESS: an illegal memory access was encountered
E0929 18:39:57.313675 1720229 cuda_executor.cc:279] [0] failed to unload module 0x64876aa0fe30; leaking: INTERNAL: CUDA error: : CUDA_ERROR_ILLEGAL_ADDRESS: an illegal memory access was encountered
E0929 18:39:57.314130 1720229 cuda_executor.cc:279] [0] failed to unload module 0x6487580071f0; leaking: INTERNAL: CUDA error: : CUDA_ERROR_ILLEGAL_ADDRESS: an illegal memory access was encountered
E0929 18:39:57.314609 1720229 cuda_executor.cc:279] [0] failed to unload module 0x64873b259aa0; leaking: INTERNAL: CUDA error: : CUDA_ERROR_ILLEGAL_ADDRESS: an illegal memory access was encountered
E0929 18:39:57.315088 1720229 cuda_executor.cc:279] [0] failed to unload module 0x648758ef2530; leaking: INTERNAL: CUDA error: : CUDA_ERROR_ILLEGAL_ADDRESS: an illegal memory access was encountered
E0929 18:39:57.315593 1720229 cuda_executor.cc:279] [0] failed to unload module 0x64877bb4ad30; leaking: INTERNAL: CUDA error: : CUDA_ERROR_ILLEGAL_ADDRESS: an illegal memory access was encountered
E0929 18:39:57.316031 1720229 cuda_executor.cc:279] [0] failed to unload module 0x64874357ee40; leaking: INTERNAL: CUDA error: : CUDA_ERROR_ILLEGAL_ADDRESS: an illegal memory access was encountered
E0929 18:39:57.316502 1720229 cuda_executor.cc:279] [0] failed to unload module 0x64873b7f93d0; leaking: INTERNAL: CUDA error: : CUDA_ERROR_ILLEGAL_ADDRESS: an illegal memory access was encountered
E0929 18:39:57.316979 1720229 cuda_executor.cc:279] [0] failed to unload module 0x648776a25140; leaking: INTERNAL: CUDA error: : CUDA_ERROR_ILLEGAL_ADDRESS: an illegal memory access was encountered
E0929 18:39:57.317341 1720229 cuda_executor.cc:279] [0] failed to unload module 0x64873ba4bbf0; leaking: INTERNAL: CUDA error: : CUDA_ERROR_ILLEGAL_ADDRESS: an illegal memory access was encountered
E0929 18:39:57.317502 1720229 cuda_executor.cc:279] [0] failed to unload module 0x64874712be80; leaking: INTERNAL: CUDA error: : CUDA_ERROR_ILLEGAL_ADDRESS: an illegal memory access was encountered
E0929 18:39:57.317843 1720229 cuda_executor.cc:279] [0] failed to unload module 0x64877695dfa0; leaking: INTERNAL: CUDA error: : CUDA_ERROR_ILLEGAL_ADDRESS: an illegal memory access was encountered
E0929 18:39:57.318350 1720229 cuda_executor.cc:279] [0] failed to unload module 0x64873c3f3660; leaking: INTERNAL: CUDA error: : CUDA_ERROR_ILLEGAL_ADDRESS: an illegal memory access was encountered
E0929 18:39:57.318807 1720229 cuda_executor.cc:279] [0] failed to unload module 0x648747880c70; leaking: INTERNAL: CUDA error: : CUDA_ERROR_ILLEGAL_ADDRESS: an illegal memory access was encountered
E0929 18:39:57.319267 1720229 cuda_executor.cc:279] [0] failed to unload module 0x64873c566460; leaking: INTERNAL: CUDA error: : CUDA_ERROR_ILLEGAL_ADDRESS: an illegal memory access was encountered
E0929 18:39:57.319679 1720229 cuda_executor.cc:279] [0] failed to unload module 0x648738318960; leaking: INTERNAL: CUDA error: : CUDA_ERROR_ILLEGAL_ADDRESS: an illegal memory access was encountered
E0929 18:39:57.320417 1720229 cuda_executor.cc:279] [0] failed to unload module 0x7dc5f813f840; leaking: INTERNAL: CUDA error: : CUDA_ERROR_ILLEGAL_ADDRESS: an illegal memory access was encountered
E0929 18:39:57.320949 1720229 cuda_executor.cc:279] [0] failed to unload module 0x64873c71b150; leaking: INTERNAL: CUDA error: : CUDA_ERROR_ILLEGAL_ADDRESS: an illegal memory access was encountered
E0929 18:39:57.321424 1720229 cuda_executor.cc:279] [0] failed to unload module 0x648743a92810; leaking: INTERNAL: CUDA error: : CUDA_ERROR_ILLEGAL_ADDRESS: an illegal memory access was encountered
E0929 18:39:57.322029 1720229 cuda_executor.cc:279] [0] failed to unload module 0x64877b2b2cc0; leaking: INTERNAL: CUDA error: : CUDA_ERROR_ILLEGAL_ADDRESS: an illegal memory access was encountered
E0929 18:39:57.322473 1720229 cuda_executor.cc:279] [0] failed to unload module 0x64877aafdb00; leaking: INTERNAL: CUDA error: : CUDA_ERROR_ILLEGAL_ADDRESS: an illegal memory access was encountered
E0929 18:39:57.322907 1720229 cuda_executor.cc:279] [0] failed to unload module 0x64875ca34a60; leaking: INTERNAL: CUDA error: : CUDA_ERROR_ILLEGAL_ADDRESS: an illegal memory access was encountered
E0929 18:39:57.323294 1720229 cuda_executor.cc:279] [0] failed to unload module 0x6487392957c0; leaking: INTERNAL: CUDA error: : CUDA_ERROR_ILLEGAL_ADDRESS: an illegal memory access was encountered
E0929 18:39:57.323568 1720229 cuda_executor.cc:279] [0] failed to unload module 0x648749313620; leaking: INTERNAL: CUDA error: : CUDA_ERROR_ILLEGAL_ADDRESS: an illegal memory access was encountered
E0929 18:39:57.324163 1720229 cuda_executor.cc:279] [0] failed to unload module 0x64876a037c60; leaking: INTERNAL: CUDA error: : CUDA_ERROR_ILLEGAL_ADDRESS: an illegal memory access was encountered
E0929 18:39:57.324690 1720229 cuda_executor.cc:279] [0] failed to unload module 0x648746829220; leaking: INTERNAL: CUDA error: : CUDA_ERROR_ILLEGAL_ADDRESS: an illegal memory access was encountered
E0929 18:39:57.325133 1720229 cuda_executor.cc:279] [0] failed to unload module 0x6487373a5cd0; leaking: INTERNAL: CUDA error: : CUDA_ERROR_ILLEGAL_ADDRESS: an illegal memory access was encountered
E0929 18:39:57.325533 1720229 cuda_executor.cc:279] [0] failed to unload module 0x648757c56040; leaking: INTERNAL: CUDA error: : CUDA_ERROR_ILLEGAL_ADDRESS: an illegal memory access was encountered
E0929 18:39:57.325997 1720229 cuda_executor.cc:279] [0] failed to unload module 0x648775f07b50; leaking: INTERNAL: CUDA error: : CUDA_ERROR_ILLEGAL_ADDRESS: an illegal memory access was encountered
E0929 18:39:57.326441 1720229 cuda_executor.cc:279] [0] failed to unload module 0x648779a19650; leaking: INTERNAL: CUDA error: : CUDA_ERROR_ILLEGAL_ADDRESS: an illegal memory access was encountered
E0929 18:39:57.327602 1720229 cuda_executor.cc:279] [0] failed to unload module 0x6487556b1db0; leaking: INTERNAL: CUDA error: : CUDA_ERROR_ILLEGAL_ADDRESS: an illegal memory access was encountered
E0929 18:39:57.329290 1720229 cuda_executor.cc:279] [0] failed to unload module 0x64874412e1b0; leaking: INTERNAL: CUDA error: : CUDA_ERROR_ILLEGAL_ADDRESS: an illegal memory access was encountered
E0929 18:39:57.329721 1720229 cuda_executor.cc:279] [0] failed to unload module 0x648729a15730; leaking: INTERNAL: CUDA error: : CUDA_ERROR_ILLEGAL_ADDRESS: an illegal memory access was encountered
E0929 18:39:57.330753 1720229 cuda_executor.cc:279] [0] failed to unload module 0x648736175340; leaking: INTERNAL: CUDA error: : CUDA_ERROR_ILLEGAL_ADDRESS: an illegal memory access was encountered
E0929 18:39:57.332637 1720229 cuda_executor.cc:279] [0] failed to unload module 0x64876939b750; leaking: INTERNAL: CUDA error: : CUDA_ERROR_ILLEGAL_ADDRESS: an illegal memory access was encountered
E0929 18:39:57.333051 1720229 cuda_executor.cc:279] [0] failed to unload module 0x64874c557670; leaking: INTERNAL: CUDA error: : CUDA_ERROR_ILLEGAL_ADDRESS: an illegal memory access was encountered
E0929 18:39:57.333525 1720229 cuda_executor.cc:279] [0] failed to unload module 0x64877904db50; leaking: INTERNAL: CUDA error: : CUDA_ERROR_ILLEGAL_ADDRESS: an illegal memory access was encountered
E0929 18:39:57.334231 1720229 cuda_executor.cc:279] [0] failed to unload module 0x64877444ae10; leaking: INTERNAL: CUDA error: : CUDA_ERROR_ILLEGAL_ADDRESS: an illegal memory access was encountered
E0929 18:39:57.334837 1720229 cuda_executor.cc:279] [0] failed to unload module 0x6487465ddab0; leaking: INTERNAL: CUDA error: : CUDA_ERROR_ILLEGAL_ADDRESS: an illegal memory access was encountered
E0929 18:39:57.335292 1720229 cuda_executor.cc:279] [0] failed to unload module 0x648739378720; leaking: INTERNAL: CUDA error: : CUDA_ERROR_ILLEGAL_ADDRESS: an illegal memory access was encountered
E0929 18:39:57.335677 1720229 cuda_executor.cc:279] [0] failed to unload module 0x648749481c10; leaking: INTERNAL: CUDA error: : CUDA_ERROR_ILLEGAL_ADDRESS: an illegal memory access was encountered
E0929 18:39:57.336175 1720229 cuda_executor.cc:279] [0] failed to unload module 0x64875f0e1670; leaking: INTERNAL: CUDA error: : CUDA_ERROR_ILLEGAL_ADDRESS: an illegal memory access was encountered
E0929 18:39:57.336591 1720229 cuda_executor.cc:279] [0] failed to unload module 0x648769ed4be0; leaking: INTERNAL: CUDA error: : CUDA_ERROR_ILLEGAL_ADDRESS: an illegal memory access was encountered
E0929 18:39:57.337036 1720229 cuda_executor.cc:279] [0] failed to unload module 0x64874c1a3ef0; leaking: INTERNAL: CUDA error: : CUDA_ERROR_ILLEGAL_ADDRESS: an illegal memory access was encountered
E0929 18:39:57.337400 1720229 cuda_executor.cc:279] [0] failed to unload module 0x64876c937f30; leaking: INTERNAL: CUDA error: : CUDA_ERROR_ILLEGAL_ADDRESS: an illegal memory access was encountered
E0929 18:39:57.337924 1720229 cuda_executor.cc:279] [0] failed to unload module 0x6487798c1e80; leaking: INTERNAL: CUDA error: : CUDA_ERROR_ILLEGAL_ADDRESS: an illegal memory access was encountered
E0929 18:39:57.338363 1720229 cuda_executor.cc:279] [0] failed to unload module 0x64877a9daf40; leaking: INTERNAL: CUDA error: : CUDA_ERROR_ILLEGAL_ADDRESS: an illegal memory access was encountered
E0929 18:39:57.338801 1720229 cuda_executor.cc:279] [0] failed to unload module 0x64877b1829a0; leaking: INTERNAL: CUDA error: : CUDA_ERROR_ILLEGAL_ADDRESS: an illegal memory access was encountered
E0929 18:39:57.339451 1720229 cuda_executor.cc:279] [0] failed to unload module 0x648755d40ab0; leaking: INTERNAL: CUDA error: : CUDA_ERROR_ILLEGAL_ADDRESS: an illegal memory access was encountered
E0929 18:39:57.340005 1720229 cuda_executor.cc:279] [0] failed to unload module 0x648775ec79b0; leaking: INTERNAL: CUDA error: : CUDA_ERROR_ILLEGAL_ADDRESS: an illegal memory access was encountered
E0929 18:39:57.340320 1720229 cuda_executor.cc:279] [0] failed to unload module 0x64873741d550; leaking: INTERNAL: CUDA error: : CUDA_ERROR_ILLEGAL_ADDRESS: an illegal memory access was encountered
E0929 18:39:57.340760 1720229 cuda_executor.cc:279] [0] failed to unload module 0x648738db84d0; leaking: INTERNAL: CUDA error: : CUDA_ERROR_ILLEGAL_ADDRESS: an illegal memory access was encountered
E0929 18:39:57.341143 1720229 cuda_executor.cc:279] [0] failed to unload module 0x64874cc837a0; leaking: INTERNAL: CUDA error: : CUDA_ERROR_ILLEGAL_ADDRESS: an illegal memory access was encountered
E0929 18:39:57.341854 1720229 cuda_executor.cc:279] [0] failed to unload module 0x64875cca04c0; leaking: INTERNAL: CUDA error: : CUDA_ERROR_ILLEGAL_ADDRESS: an illegal memory access was encountered
E0929 18:39:57.342427 1720229 cuda_executor.cc:279] [0] failed to unload module 0x648765165260; leaking: INTERNAL: CUDA error: : CUDA_ERROR_ILLEGAL_ADDRESS: an illegal memory access was encountered
E0929 18:39:57.342916 1720229 cuda_executor.cc:603] [0] error deallocating host memory at 0x204c02400: INTERNAL: CUDA error: : CUDA_ERROR_ILLEGAL_ADDRESS: an illegal memory access was encountered
E0929 18:39:57.343370 1720229 cuda_executor.cc:279] [0] failed to unload module 0x64877a441860; leaking: INTERNAL: CUDA error: : CUDA_ERROR_ILLEGAL_ADDRESS: an illegal memory access was encountered
E0929 18:39:57.343922 1720229 cuda_executor.cc:603] [0] error deallocating host memory at 0x204c01e00: INTERNAL: CUDA error: : CUDA_ERROR_ILLEGAL_ADDRESS: an illegal memory access was encountered
E0929 18:39:57.344270 1720229 cuda_executor.cc:279] [0] failed to unload module 0x64876edf9290; leaking: INTERNAL: CUDA error: : CUDA_ERROR_ILLEGAL_ADDRESS: an illegal memory access was encountered
E0929 18:39:57.344502 1720229 cuda_executor.cc:603] [0] error deallocating host memory at 0x204c00600: INTERNAL: CUDA error: : CUDA_ERROR_ILLEGAL_ADDRESS: an illegal memory access was encountered
E0929 18:39:57.345119 1720229 cuda_executor.cc:279] [0] failed to unload module 0x64872a04c170; leaking: INTERNAL: CUDA error: : CUDA_ERROR_ILLEGAL_ADDRESS: an illegal memory access was encountered
E0929 18:39:57.345365 1720229 cuda_executor.cc:603] [0] error deallocating host memory at 0x204c01000: INTERNAL: CUDA error: : CUDA_ERROR_ILLEGAL_ADDRESS: an illegal memory access was encountered
E0929 18:39:57.345767 1720229 cuda_executor.cc:279] [0] failed to unload module 0x64874a1dc010; leaking: INTERNAL: CUDA error: : CUDA_ERROR_ILLEGAL_ADDRESS: an illegal memory access was encountered
E0929 18:39:57.346484 1720229 cuda_executor.cc:279] [0] failed to unload module 0x64877aa18dd0; leaking: INTERNAL: CUDA error: : CUDA_ERROR_ILLEGAL_ADDRESS: an illegal memory access was encountered
E0929 18:39:57.346999 1720229 cuda_executor.cc:279] [0] failed to unload module 0x648746948c00; leaking: INTERNAL: CUDA error: : CUDA_ERROR_ILLEGAL_ADDRESS: an illegal memory access was encountered
E0929 18:39:57.347132 1720229 cuda_executor.cc:279] [0] failed to unload module 0x64872b8a3750; leaking: INTERNAL: CUDA error: : CUDA_ERROR_ILLEGAL_ADDRESS: an illegal memory access was encountered
E0929 18:39:57.347681 1720229 cuda_executor.cc:279] [0] failed to unload module 0x648737e39f60; leaking: INTERNAL: CUDA error: : CUDA_ERROR_ILLEGAL_ADDRESS: an illegal memory access was encountered
E0929 18:39:57.348017 1720229 cuda_executor.cc:279] [0] failed to unload module 0x6487763ed670; leaking: INTERNAL: CUDA error: : CUDA_ERROR_ILLEGAL_ADDRESS: an illegal memory access was encountered
E0929 18:39:57.348444 1720229 cuda_executor.cc:279] [0] failed to unload module 0x64875db37ae0; leaking: INTERNAL: CUDA error: : CUDA_ERROR_ILLEGAL_ADDRESS: an illegal memory access was encountered
E0929 18:39:57.348719 1720229 cuda_executor.cc:279] [0] failed to unload module 0x64877775bf80; leaking: INTERNAL: CUDA error: : CUDA_ERROR_ILLEGAL_ADDRESS: an illegal memory access was encountered
E0929 18:39:57.349502 1720229 cuda_executor.cc:279] [0] failed to unload module 0x64876ead4220; leaking: INTERNAL: CUDA error: : CUDA_ERROR_ILLEGAL_ADDRESS: an illegal memory access was encountered
E0929 18:39:57.350090 1720229 cuda_executor.cc:279] [0] failed to unload module 0x64874a991d30; leaking: INTERNAL: CUDA error: : CUDA_ERROR_ILLEGAL_ADDRESS: an illegal memory access was encountered
E0929 18:39:57.350540 1720229 cuda_executor.cc:279] [0] failed to unload module 0x6487735ce1d0; leaking: INTERNAL: CUDA error: : CUDA_ERROR_ILLEGAL_ADDRESS: an illegal memory access was encountered
E0929 18:39:57.351459 1720229 cuda_executor.cc:279] [0] failed to unload module 0x648794aace60; leaking: INTERNAL: CUDA error: : CUDA_ERROR_ILLEGAL_ADDRESS: an illegal memory access was encountered
E0929 18:39:57.353809 1720229 cuda_executor.cc:603] [0] error deallocating host memory at 0x204c02e00: INTERNAL: CUDA error: : CUDA_ERROR_ILLEGAL_ADDRESS: an illegal memory access was encountered
E0929 18:39:57.354168 1720229 cuda_executor.cc:279] [0] failed to unload module 0x648791e8ff80; leaking: INTERNAL: CUDA error: : CUDA_ERROR_ILLEGAL_ADDRESS: an illegal memory access was encountered
E0929 18:39:57.356641 1720229 cuda_executor.cc:603] [0] error deallocating host memory at 0x204c01600: INTERNAL: CUDA error: : CUDA_ERROR_ILLEGAL_ADDRESS: an illegal memory access was encountered
E0929 18:39:57.357341 1720229 cuda_executor.cc:279] [0] failed to unload module 0x64874ca2ec00; leaking: INTERNAL: CUDA error: : CUDA_ERROR_ILLEGAL_ADDRESS: an illegal memory access was encountered
E0929 18:39:57.359381 1720229 cuda_executor.cc:603] [0] error deallocating host memory at 0x204c02800: INTERNAL: CUDA error: : CUDA_ERROR_ILLEGAL_ADDRESS: an illegal memory access was encountered
E0929 18:39:57.359423 1720229 cuda_executor.cc:603] [0] error deallocating host memory at 0x204c02600: INTERNAL: CUDA error: : CUDA_ERROR_ILLEGAL_ADDRESS: an illegal memory access was encountered
E0929 18:39:57.360213 1720229 cuda_executor.cc:279] [0] failed to unload module 0x648791379e40; leaking: INTERNAL: CUDA error: : CUDA_ERROR_ILLEGAL_ADDRESS: an illegal memory access was encountered
E0929 18:39:57.361839 1720229 cuda_executor.cc:603] [0] error deallocating host memory at 0x204c03200: INTERNAL: CUDA error: : CUDA_ERROR_ILLEGAL_ADDRESS: an illegal memory access was encountered
E0929 18:39:57.363141 1720229 cuda_executor.cc:279] [0] failed to unload module 0x648792f18e80; leaking: INTERNAL: CUDA error: : CUDA_ERROR_ILLEGAL_ADDRESS: an illegal memory access was encountered
E0929 18:39:57.364053 1720229 cuda_executor.cc:279] [0] failed to unload module 0x648794352f80; leaking: INTERNAL: CUDA error: : CUDA_ERROR_ILLEGAL_ADDRESS: an illegal memory access was encountered
E0929 18:39:57.364803 1720229 cuda_executor.cc:279] [0] failed to unload module 0x648791acba00; leaking: INTERNAL: CUDA error: : CUDA_ERROR_ILLEGAL_ADDRESS: an illegal memory access was encountered
E0929 18:39:57.366799 1720229 cuda_executor.cc:279] [0] failed to unload module 0x64879677c250; leaking: INTERNAL: CUDA error: : CUDA_ERROR_ILLEGAL_ADDRESS: an illegal memory access was encountered
E0929 18:39:57.368319 1720229 cuda_executor.cc:279] [0] failed to unload module 0x6487958582d0; leaking: INTERNAL: CUDA error: : CUDA_ERROR_ILLEGAL_ADDRESS: an illegal memory access was encountered
E0929 18:39:57.369446 1720229 cuda_executor.cc:279] [0] failed to unload module 0x64874cbaae60; leaking: INTERNAL: CUDA error: : CUDA_ERROR_ILLEGAL_ADDRESS: an illegal memory access was encountered
E0929 18:39:57.369873 1720229 cuda_executor.cc:279] [0] failed to unload module 0x7dc600135840; leaking: INTERNAL: CUDA error: : CUDA_ERROR_ILLEGAL_ADDRESS: an illegal memory access was encountered
E0929 18:39:57.370361 1720229 cuda_executor.cc:279] [0] failed to unload module 0x6487536427b0; leaking: INTERNAL: CUDA error: : CUDA_ERROR_ILLEGAL_ADDRESS: an illegal memory access was encountered
E0929 18:39:57.371194 1720229 cuda_executor.cc:279] [0] failed to unload module 0x64875c70d3b0; leaking: INTERNAL: CUDA error: : CUDA_ERROR_ILLEGAL_ADDRESS: an illegal memory access was encountered
E0929 18:39:57.371778 1720229 cuda_executor.cc:279] [0] failed to unload module 0x7dc6401337a0; leaking: INTERNAL: CUDA error: : CUDA_ERROR_ILLEGAL_ADDRESS: an illegal memory access was encountered
E0929 18:39:57.372430 1720229 cuda_executor.cc:279] [0] failed to unload module 0x648766750640; leaking: INTERNAL: CUDA error: : CUDA_ERROR_ILLEGAL_ADDRESS: an illegal memory access was encountered
E0929 18:39:57.373134 1720229 cuda_executor.cc:279] [0] failed to unload module 0x6487476decf0; leaking: INTERNAL: CUDA error: : CUDA_ERROR_ILLEGAL_ADDRESS: an illegal memory access was encountered
E0929 18:39:57.373700 1720229 cuda_executor.cc:279] [0] failed to unload module 0x648756435910; leaking: INTERNAL: CUDA error: : CUDA_ERROR_ILLEGAL_ADDRESS: an illegal memory access was encountered
E0929 18:39:57.374227 1720229 cuda_executor.cc:279] [0] failed to unload module 0x64875ea5b9c0; leaking: INTERNAL: CUDA error: : CUDA_ERROR_ILLEGAL_ADDRESS: an illegal memory access was encountered
E0929 18:39:57.374699 1720229 cuda_executor.cc:279] [0] failed to unload module 0x7dc6040975d0; leaking: INTERNAL: CUDA error: : CUDA_ERROR_ILLEGAL_ADDRESS: an illegal memory access was encountered
E0929 18:39:57.375128 1720229 cuda_executor.cc:279] [0] failed to unload module 0x64876c1e62a0; leaking: INTERNAL: CUDA error: : CUDA_ERROR_ILLEGAL_ADDRESS: an illegal memory access was encountered
E0929 18:39:57.375304 1720229 cuda_executor.cc:279] [0] failed to unload module 0x7dc6302e91c0; leaking: INTERNAL: CUDA error: : CUDA_ERROR_ILLEGAL_ADDRESS: an illegal memory access was encountered
E0929 18:39:57.375753 1720229 cuda_executor.cc:279] [0] failed to unload module 0x7dc6480ee070; leaking: INTERNAL: CUDA error: : CUDA_ERROR_ILLEGAL_ADDRESS: an illegal memory access was encountered
E0929 18:39:57.376209 1720229 cuda_executor.cc:279] [0] failed to unload module 0x7dc5fc08b6d0; leaking: INTERNAL: CUDA error: : CUDA_ERROR_ILLEGAL_ADDRESS: an illegal memory access was encountered
E0929 18:39:57.376887 1720229 cuda_executor.cc:279] [0] failed to unload module 0x648763534fb0; leaking: INTERNAL: CUDA error: : CUDA_ERROR_ILLEGAL_ADDRESS: an illegal memory access was encountered
E0929 18:39:57.377429 1720229 cuda_executor.cc:279] [0] failed to unload module 0x64875bcc3f60; leaking: INTERNAL: CUDA error: : CUDA_ERROR_ILLEGAL_ADDRESS: an illegal memory access was encountered
E0929 18:39:57.378604 1720229 cuda_executor.cc:279] [0] failed to unload module 0x648764458f80; leaking: INTERNAL: CUDA error: : CUDA_ERROR_ILLEGAL_ADDRESS: an illegal memory access was encountered
E0929 18:39:57.379157 1720229 cuda_executor.cc:279] [0] failed to unload module 0x64872c3bbd70; leaking: INTERNAL: CUDA error: : CUDA_ERROR_ILLEGAL_ADDRESS: an illegal memory access was encountered
E0929 18:39:57.379593 1720229 cuda_executor.cc:279] [0] failed to unload module 0x64875e265750; leaking: INTERNAL: CUDA error: : CUDA_ERROR_ILLEGAL_ADDRESS: an illegal memory access was encountered
E0929 18:39:57.380842 1720229 cuda_executor.cc:279] [0] failed to unload module 0x64875941adc0; leaking: INTERNAL: CUDA error: : CUDA_ERROR_ILLEGAL_ADDRESS: an illegal memory access was encountered
E0929 18:39:57.382957 1720229 cuda_executor.cc:279] [0] failed to unload module 0x64874b326910; leaking: INTERNAL: CUDA error: : CUDA_ERROR_ILLEGAL_ADDRESS: an illegal memory access was encountered
E0929 18:39:57.387138 1720229 cuda_executor.cc:279] [0] failed to unload module 0x648778f6c270; leaking: INTERNAL: CUDA error: : CUDA_ERROR_ILLEGAL_ADDRESS: an illegal memory access was encountered
E0929 18:39:57.387596 1720229 cuda_executor.cc:279] [0] failed to unload module 0x64872d99cf10; leaking: INTERNAL: CUDA error: : CUDA_ERROR_ILLEGAL_ADDRESS: an illegal memory access was encountered
E0929 18:39:57.387866 1720229 cuda_executor.cc:279] [0] failed to unload module 0x648769362ae0; leaking: INTERNAL: CUDA error: : CUDA_ERROR_ILLEGAL_ADDRESS: an illegal memory access was encountered
E0929 18:39:57.388590 1720229 cuda_executor.cc:279] [0] failed to unload module 0x64875de30af0; leaking: INTERNAL: CUDA error: : CUDA_ERROR_ILLEGAL_ADDRESS: an illegal memory access was encountered
E0929 18:39:57.390112 1720229 cuda_executor.cc:279] [0] failed to unload module 0x64875d5a3ac0; leaking: INTERNAL: CUDA error: : CUDA_ERROR_ILLEGAL_ADDRESS: an illegal memory access was encountered
E0929 18:39:57.393817 1720229 cuda_executor.cc:279] [0] failed to unload module 0x64875d787e80; leaking: INTERNAL: CUDA error: : CUDA_ERROR_ILLEGAL_ADDRESS: an illegal memory access was encountered
E0929 18:39:57.394453 1720229 cuda_executor.cc:279] [0] failed to unload module 0x64875e14e340; leaking: INTERNAL: CUDA error: : CUDA_ERROR_ILLEGAL_ADDRESS: an illegal memory access was encountered
E0929 18:39:57.395273 1720229 cuda_executor.cc:279] [0] failed to unload module 0x648794cbeff0; leaking: INTERNAL: CUDA error: : CUDA_ERROR_ILLEGAL_ADDRESS: an illegal memory access was encountered
E0929 18:39:57.396951 1720229 cuda_executor.cc:603] [0] error deallocating host memory at 0x204c02c00: INTERNAL: CUDA error: : CUDA_ERROR_ILLEGAL_ADDRESS: an illegal memory access was encountered
E0929 18:39:57.397374 1720229 cuda_executor.cc:603] [0] error deallocating host memory at 0x204c02a00: INTERNAL: CUDA error: : CUDA_ERROR_ILLEGAL_ADDRESS: an illegal memory access was encountered
E0929 18:39:57.397804 1720229 cuda_executor.cc:279] [0] failed to unload module 0x6487913b11b0; leaking: INTERNAL: CUDA error: : CUDA_ERROR_ILLEGAL_ADDRESS: an illegal memory access was encountered
E0929 18:39:57.400278 1720229 cuda_executor.cc:603] [0] error deallocating host memory at 0x204c01c00: INTERNAL: CUDA error: : CUDA_ERROR_ILLEGAL_ADDRESS: an illegal memory access was encountered
E0929 18:39:57.400819 1720229 cuda_executor.cc:279] [0] failed to unload module 0x64876eb3cca0; leaking: INTERNAL: CUDA error: : CUDA_ERROR_ILLEGAL_ADDRESS: an illegal memory access was encountered
E0929 18:39:57.403503 1720229 cuda_executor.cc:603] [0] error deallocating host memory at 0x204c03000: INTERNAL: CUDA error: : CUDA_ERROR_ILLEGAL_ADDRESS: an illegal memory access was encountered
E0929 18:39:57.403578 1720229 cuda_executor.cc:279] [0] failed to unload module 0x64879323d0d0; leaking: INTERNAL: CUDA error: : CUDA_ERROR_ILLEGAL_ADDRESS: an illegal memory access was encountered
E0929 18:39:57.405252 1720229 cuda_executor.cc:603] [0] error deallocating host memory at 0x204c03400: INTERNAL: CUDA error: : CUDA_ERROR_ILLEGAL_ADDRESS: an illegal memory access was encountered
E0929 18:39:57.406402 1720229 cuda_executor.cc:279] [0] failed to unload module 0x64876a0cbed0; leaking: INTERNAL: CUDA error: : CUDA_ERROR_ILLEGAL_ADDRESS: an illegal memory access was encountered
E0929 18:39:57.407368 1720229 cuda_executor.cc:279] [0] failed to unload module 0x64879403fa40; leaking: INTERNAL: CUDA error: : CUDA_ERROR_ILLEGAL_ADDRESS: an illegal memory access was encountered
E0929 18:39:57.410401 1720229 cuda_executor.cc:279] [0] failed to unload module 0x648793328a10; leaking: INTERNAL: CUDA error: : CUDA_ERROR_ILLEGAL_ADDRESS: an illegal memory access was encountered
E0929 18:39:57.411636 1720229 cuda_executor.cc:279] [0] failed to unload module 0x6487965385a0; leaking: INTERNAL: CUDA error: : CUDA_ERROR_ILLEGAL_ADDRESS: an illegal memory access was encountered
E0929 18:39:57.414099 1720229 cuda_executor.cc:279] [0] failed to unload module 0x648795abcec0; leaking: INTERNAL: CUDA error: : CUDA_ERROR_ILLEGAL_ADDRESS: an illegal memory access was encountered
E0929 18:39:57.414785 1720229 cuda_executor.cc:279] [0] failed to unload module 0x64873818bbb0; leaking: INTERNAL: CUDA error: : CUDA_ERROR_ILLEGAL_ADDRESS: an illegal memory access was encountered
E0929 18:39:57.416052 1720229 cuda_executor.cc:603] [0] error deallocating host memory at 0x204c00400: INTERNAL: CUDA error: : CUDA_ERROR_ILLEGAL_ADDRESS: an illegal memory access was encountered
E0929 18:39:57.416975 1720229 cuda_executor.cc:279] [0] failed to unload module 0x648729eb7a40; leaking: INTERNAL: CUDA error: : CUDA_ERROR_ILLEGAL_ADDRESS: an illegal memory access was encountered
E0929 18:39:57.418759 1720229 cuda_executor.cc:279] [0] failed to unload module 0x64872c383580; leaking: INTERNAL: CUDA error: : CUDA_ERROR_ILLEGAL_ADDRESS: an illegal memory access was encountered
