Running as unit: run-p2408744-i2412434.scope; invocation ID: 25602e539bce4e248976d1ab29ac604b
E1008 14:01:12.566485 2408908 cuda_executor.cc:1743] Could not get kernel mode driver version: ( INVALID_ARGUMENT: Version does not match the format X.Y.Z )
E1008 14:01:12.578809 2408744 cuda_executor.cc:1743] Could not get kernel mode driver version: ( INVALID_ARGUMENT: Version does not match the format X.Y.Z )
DESC /home/singh/Documents/DESC2/desc
DEVICE requested=gpu obtained=gpu (1x NVIDIA GeForce RTX 5070 Laptop GPU)
  [mem] RSS 0.82 GB  peak 0.82 GB
eq precise_QH NFP 4 sym True; start work/ss_qh/joint/starts/z0_start_packed.h5: 4 unique coils (PiecewisePlanarArcCoil), 4 top-level; VACUUM
BOUNDS L 2.926  Ltot -  kappa 13.67  kms 18.69  convex -  planar -  dcc 0.05851  dpc 0.1097
  built coil length in 2.1 s
  built coil curvature in 0.1 s
  built coil mean squared curvature in 0.1 s
  built coil-coil distance rows in 8.4 s
E1008 14:01:33.247410 2408929 xtile_compiler.cc:399] Fusion: input_reduce_fusion = f64[66177]{0} fusion(a.1, b.1), kind=kCustom, calls=fused_reduce.clone, backend_config={"operation_queue_id":"0","wait_on_operation_queues":[],"fusion_backend_config":{"kind":"__triton","block_level_fusion_config":{"num_warps":"8","output_tiles":[{"sizes":["64"]}],"num_ctas":1,"num_stages":1,"is_tma_allowed":true,"is_warp_specialization_allowed":false}},"force_earliest_schedule":false,"reification_cost":[],"device_type":"DEVICE_TYPE_INVALID"}
E1008 14:01:33.247470 2408929 xtile_compiler.cc:401] Computation: fused_reduce.clone {
  param_0.2 = f64[66177,144]{1,0} parameter(0)
  param_1.2 = f64[144]{0} parameter(1)
  broadcast.2 = f64[66177,144]{1,0} broadcast(param_1.2), dimensions={1}
  multiply.2 = f64[66177,144]{1,0} multiply(param_0.2, broadcast.2)
  constant_2 = f64[] constant(0)
  ROOT reduce.2 = f64[66177]{0} reduce(multiply.2, constant_2), dimensions={1}, to_apply=scalar_add_computation
}
E1008 14:01:36.950318 2408938 xtile_compiler.cc:399] Fusion: input_reduce_fusion = f64[65536]{0} fusion(a.1, b.1), kind=kCustom, calls=fused_reduce.clone, backend_config={"operation_queue_id":"0","wait_on_operation_queues":[],"fusion_backend_config":{"kind":"__triton","block_level_fusion_config":{"num_warps":"8","output_tiles":[{"sizes":["64"]}],"num_ctas":1,"num_stages":1,"is_tma_allowed":true,"is_warp_specialization_allowed":false}},"force_earliest_schedule":false,"reification_cost":[],"device_type":"DEVICE_TYPE_INVALID"}
E1008 14:01:36.950367 2408938 xtile_compiler.cc:401] Computation: fused_reduce.clone {
  param_0.2 = f64[65536,144]{1,0} parameter(0)
  param_1.2 = f64[144]{0} parameter(1)
  broadcast.2 = f64[65536,144]{1,0} broadcast(param_1.2), dimensions={1}
  multiply.2 = f64[65536,144]{1,0} multiply(param_0.2, broadcast.2)
  constant_2 = f64[] constant(0)
  ROOT reduce.2 = f64[65536]{0} reduce(multiply.2, constant_2), dimensions={1}, to_apply=scalar_add_computation
}
  [mem] RSS 2.81 GB  peak 3.60 GB
E1008 14:02:06.435048 2408921 xtile_compiler.cc:399] Fusion: input_reduce_fusion = f64[50000]{0} fusion(a.1, b.1), kind=kCustom, calls=fused_reduce.clone, backend_config={"operation_queue_id":"0","wait_on_operation_queues":[],"fusion_backend_config":{"kind":"__triton","block_level_fusion_config":{"num_warps":"8","output_tiles":[{"sizes":["64"]}],"num_ctas":1,"num_stages":1,"is_tma_allowed":true,"is_warp_specialization_allowed":false}},"force_earliest_schedule":false,"reification_cost":[],"device_type":"DEVICE_TYPE_INVALID"}
E1008 14:02:06.435098 2408921 xtile_compiler.cc:401] Computation: fused_reduce.clone {
  param_0.2 = f64[50000,144]{1,0} parameter(0)
  param_1.2 = f64[144]{0} parameter(1)
  broadcast.2 = f64[50000,144]{1,0} broadcast(param_1.2), dimensions={1}
  multiply.2 = f64[50000,144]{1,0} multiply(param_0.2, broadcast.2)
  constant_2 = f64[] constant(0)
  ROOT reduce.2 = f64[50000]{0} reduce(multiply.2, constant_2), dimensions={1}, to_apply=scalar_add_computation
}
  [mem] RSS 3.09 GB  peak 3.95 GB
  [mem] RSS 3.80 GB  peak 4.17 GB
  [mem] RSS 4.18 GB  peak 4.31 GB
  [mem] RSS 4.25 GB  peak 4.39 GB
E1008 14:03:53.516912 2408938 xtile_compiler.cc:399] Fusion: input_reduce_fusion = f64[49572]{0} fusion(a.1, b.1), kind=kCustom, calls=fused_reduce.clone, backend_config={"operation_queue_id":"0","wait_on_operation_queues":[],"fusion_backend_config":{"kind":"__triton","block_level_fusion_config":{"num_warps":"8","output_tiles":[{"sizes":["64"]}],"num_ctas":1,"num_stages":1,"is_tma_allowed":true,"is_warp_specialization_allowed":false}},"force_earliest_schedule":false,"reification_cost":[],"device_type":"DEVICE_TYPE_INVALID"}
E1008 14:03:53.517008 2408938 xtile_compiler.cc:401] Computation: fused_reduce.clone {
  param_0.2 = f64[49572,144]{1,0} parameter(0)
  param_1.2 = f64[144]{0} parameter(1)
  broadcast.2 = f64[49572,144]{1,0} broadcast(param_1.2), dimensions={1}
  multiply.2 = f64[49572,144]{1,0} multiply(param_0.2, broadcast.2)
  constant_2 = f64[] constant(0)
  ROOT reduce.2 = f64[49572]{0} reduce(multiply.2, constant_2), dimensions={1}, to_apply=scalar_add_computation
}
  built plasma-coil distance field in 158.7 s
  [mem] RSS 4.29 GB  peak 4.56 GB
BUILD 172.3 s; cc gap 1.060 mm on 1014 nodes/coil, pc node margin 1.060 mm on 514 nodes/coil; cc active rows at start 1313 of 80000; field {'max_error': 1.6603063480447044e-06, 'concave_radius': np.float64(0.23221138478099812), 'node_margin': 0.0010598051872147544}
INFO {'kind': 'PiecewisePlanarArcCoil', 'gauge': 'none', 'field_grid': 'gl (48 nodes)', 'n_nodes': 514, 'speed_ratio': 2.0, 'cc_gap_mode': 'coils', 'cc_gap': 'from the coils at build (see BUILD line)', 'pc_node_margin': 'from the coils at build (see field_info)'}
  coil length                      rows 4
  coil curvature                   rows 2404
  coil mean squared curvature      rows 4
  coil-coil distance rows          rows 74030184
  plasma-coil distance field       rows 4112
/home/singh/Documents/DESC2/desc/utils.py:590: UserWarning: Unequal number of field periods for grid 1 and basis 4.
  warnings.warn(msg, err)
/home/singh/Documents/DESC2/desc/utils.py:590: UserWarning: Unequal number of field periods for grid 1 and basis 4.
  warnings.warn(msg, err)
E1008 14:04:32.944655 2408921 xtile_compiler.cc:399] Fusion: input_reduce_fusion = f64[13824,3]{1,0} fusion(loop_divide_fusion, get-tuple-element.341), kind=kCustom, calls=fused_reduce.clone, backend_config={"operation_queue_id":"0","wait_on_operation_queues":[],"fusion_backend_config":{"kind":"__triton","block_level_fusion_config":{"num_warps":"8","output_tiles":[{"sizes":["256","1"]}],"num_ctas":1,"num_stages":1,"is_tma_allowed":true,"is_warp_specialization_allowed":false}},"force_earliest_schedule":false,"reification_cost":[],"device_type":"DEVICE_TYPE_INVALID"}
E1008 14:04:32.944712 2408921 xtile_compiler.cc:401] Computation: fused_reduce.clone {
  param_0.375 = f64[13824,48]{1,0} parameter(0)
  broadcast.120.4 = f64[13824,3,48]{2,1,0} broadcast(param_0.375), dimensions={0,2}
  param_1.429 = f64[3,48]{1,0} parameter(1)
  broadcast.128.1 = f64[13824,3,48]{2,1,0} broadcast(param_1.429), dimensions={1,2}
  multiply.56.3 = f64[13824,3,48]{2,1,0} multiply(broadcast.120.4, broadcast.128.1)
  constant_162_7 = f64[] constant(0)
  ROOT reduce_sum.78.1 = f64[13824,3]{1,0} reduce(multiply.56.3, constant_162_7), dimensions={2}, to_apply=region_2.4.clone.9
}
START  bn 2.6416e-01  L 0.994  kappa 1.361  kMS 0.582  d_cc 1.503  d_pc 1.008  linked 0  -> FAILS kappa
  [mem] RSS 5.37 GB  peak 5.50 GB
START  true: cc 0.08793 pc 0.11054 max L 2.9031 max |k| 18.601 linked [] gap {'used': 0.0010599364671386008, 'needed': 0.0011647447349340469}
LINK GUARD: initial mu 1.0e+08 on the 72 signed per-pair rows (ids 74032524..74032595); every other row starts at the solver default
Building objective: summed coil current
Building objective: fixed shift
Building objective: fixed rotation
Building objective: fixed arc reference
Number of parameters: 75
Number of objectives: 1326
Number of equality constraints: 0
Number of inequality constraints: 86596

Starting optimization
Using method: lsq-auglag-composite
E1008 14:04:56.762356 2408935 cuda_timer.cc:87] Delay kernel timed out: measured time has sub-optimal accuracy. There may be a missing warmup execution, please investigate in Nsight Systems.
  [mem] RSS 5.76 GB  peak 5.76 GB
Outer Inner its  Optimality     gtolk  Violation     ctolk   mu mean   max |y|
E1008 14:05:20.812508 2408915 cuda_timer.cc:87] Delay kernel timed out: measured time has sub-optimal accuracy. There may be a missing warmup execution, please investigate in Nsight Systems.
  [mem] RSS 5.82 GB  peak 5.82 GB
  [mem] RSS 5.82 GB  peak 5.82 GB
    1        55   8.698e-04  1.00e-03  2.083e-02  7.94e-03  8.32e+04  0.00e+00
[outer 1] 55 inner its, opt 8.70e-04 (gtolk 1.0e-03, met), violation 2.08e-02 (ctolk 7.9e-03), 110 s
   coil length                    rows      4 mu 1.0e+01/1.0e+01/1.0e+01 max|y| 0.00e+00 (nonzero 0) max viol 2.08e-02
   coil curvature                 rows   2404 mu 1.0e+01/1.0e+01/1.0e+01 max|y| 0.00e+00 (nonzero 0) max viol 6.45e-03
   coil mean squared curvature    rows      4 mu 1.0e+01/1.0e+01/1.0e+01 max|y| 0.00e+00 (nonzero 0) max viol 0.00e+00
   coil-coil distance rows        rows  23979 mu 1.0e+01/1.0e+01/1.0e+08 max|y| 0.00e+00 (nonzero 0) max viol 7.56e-03
   plasma-coil distance field     rows   4112 mu 1.0e+01/1.0e+01/1.0e+01 max|y| 0.00e+00 (nonzero 0) max viol 0.00e+00
   true: cc 0.05581 m, pc 0.13485 m, max L 2.9352, max |k| 13.819, linked [], gap {'used': 0.0010599364671386008, 'needed': 0.002167398529285686}
  [mem] RSS 5.91 GB  peak 6.23 GB
    2        20   6.540e-04  8.47e-04  7.190e-03  7.81e-03  8.32e+04  7.56e-02
[outer 2] 20 inner its, opt 6.54e-04 (gtolk 8.5e-04, met), violation 7.19e-03 (ctolk 7.8e-03), 141 s
   coil length                    rows      4 mu 1.1e+01/5.5e+01/1.0e+02 max|y| 3.30e-02 (nonzero 2) max viol 1.80e-03
   coil curvature                 rows   2404 mu 1.1e+01/1.1e+01/1.1e+01 max|y| 6.45e-02 (nonzero 13) max viol 2.15e-03
   coil mean squared curvature    rows      4 mu 1.1e+01/1.1e+01/1.1e+01 max|y| 0.00e+00 (nonzero 0) max viol 2.20e-04
   coil-coil distance rows        rows  23213 mu 1.1e+01/1.1e+01/1.0e+08 max|y| 7.56e-02 (nonzero 182) max viol 7.19e-03
   plasma-coil distance field     rows   4112 mu 1.1e+01/1.1e+01/1.1e+01 max|y| 0.00e+00 (nonzero 0) max viol 0.00e+00
   true: cc 0.05612 m, pc 0.13389 m, max L 2.9319, max |k| 13.727, linked [], gap {'used': 0.0010599364671386008, 'needed': 0.0019137456397335004}
  [mem] RSS 5.96 GB  peak 6.28 GB
  [mem] RSS 5.96 GB  peak 6.28 GB
  [mem] RSS 5.96 GB  peak 6.28 GB
    3        66   5.427e-05  6.75e-05  5.304e-03  8.02e-04  8.32e+04  1.80e-01
[outer 3] 66 inner its, opt 5.43e-05 (gtolk 6.8e-05, met), violation 5.30e-03 (ctolk 8.0e-04), 232 s
   coil length                    rows      4 mu 1.2e+01/5.6e+01/1.0e+02 max|y| 1.80e-01 (nonzero 4) max viol 4.16e-04
   coil curvature                 rows   2404 mu 1.2e+01/1.2e+01/1.2e+01 max|y| 6.36e-02 (nonzero 12) max viol 4.00e-03
   coil mean squared curvature    rows      4 mu 1.2e+01/1.2e+01/1.2e+01 max|y| 2.40e-03 (nonzero 1) max viol 7.69e-04
   coil-coil distance rows        rows  30938 mu 1.2e+01/1.2e+01/1.0e+08 max|y| 7.84e-02 (nonzero 199) max viol 5.30e-03
   plasma-coil distance field     rows   4112 mu 1.2e+01/1.2e+01/1.2e+01 max|y| 0.00e+00 (nonzero 0) max viol 0.00e+00
   true: cc 0.05687 m, pc 0.12753 m, max L 2.9314, max |k| 13.763, linked [], gap {'used': 0.0010599364671386008, 'needed': 0.001908638931169151}
  [mem] RSS 6.06 GB  peak 6.32 GB
    4         3   6.623e-05  1.17e-04  2.126e-03  6.41e-03  8.32e+04  1.46e-01
[outer 4] 3 inner its, opt 6.62e-05 (gtolk 1.2e-04, met), violation 2.13e-03 (ctolk 6.4e-03), 240 s
   coil length                    rows      4 mu 5.9e+01/8.0e+01/1.0e+02 max|y| 1.46e-01 (nonzero 3) max viol 3.29e-05
   coil curvature                 rows   2404 mu 5.9e+01/5.9e+01/1.2e+02 max|y| 1.67e-02 (nonzero 8) max viol 7.37e-04
   coil mean squared curvature    rows      4 mu 5.9e+01/5.9e+01/5.9e+01 max|y| 1.14e-02 (nonzero 2) max viol 1.67e-05
   coil-coil distance rows        rows  30866 mu 5.9e+01/5.9e+01/1.0e+08 max|y| 5.18e-02 (nonzero 145) max viol 2.13e-03
   plasma-coil distance field     rows   4112 mu 5.9e+01/5.9e+01/5.9e+01 max|y| 0.00e+00 (nonzero 0) max viol 0.00e+00
   true: cc 0.05820 m, pc 0.12689 m, max L 2.9315, max |k| 13.693, linked [], gap {'used': 0.0010599364671386008, 'needed': 0.0019078304769526387}
  [mem] RSS 6.05 GB  peak 6.44 GB
    5        30   6.049e-07  1.06e-06  2.218e-03  9.26e-05  8.32e+04  2.49e-01
[outer 5] 30 inner its, opt 6.05e-07 (gtolk 1.1e-06, met), violation 2.22e-03 (ctolk 9.3e-05), 274 s
   coil length                    rows      4 mu 9.8e+01/9.9e+01/1.0e+02 max|y| 1.49e-01 (nonzero 3) max viol 1.12e-05
   coil curvature                 rows   2404 mu 9.8e+01/9.8e+01/1.2e+02 max|y| 8.64e-02 (nonzero 9) max viol 8.21e-04
   coil mean squared curvature    rows      4 mu 9.8e+01/9.8e+01/9.8e+01 max|y| 1.24e-02 (nonzero 1) max viol 4.10e-06
   coil-coil distance rows        rows  31037 mu 9.8e+01/9.8e+01/1.0e+08 max|y| 2.49e-01 (nonzero 81) max viol 2.22e-03
   plasma-coil distance field     rows   4112 mu 9.8e+01/9.8e+01/9.8e+01 max|y| 0.00e+00 (nonzero 0) max viol 0.00e+00
   true: cc 0.05816 m, pc 0.12741 m, max L 2.9312, max |k| 13.694, linked [], gap {'used': 0.0010599364671386008, 'needed': 0.0019267050316063984}
    6        13   7.091e-06  1.24e-05  3.714e-04  5.12e-03  8.37e+04  1.48e-01
[outer 6] 13 inner its, opt 7.09e-06 (gtolk 1.2e-05, met), violation 3.71e-04 (ctolk 5.1e-03), 292 s
   coil length                    rows      4 mu 5.8e+02/5.8e+02/5.8e+02 max|y| 1.48e-01 (nonzero 3) max viol 2.67e-06
   coil curvature                 rows   2404 mu 5.8e+02/5.8e+02/1.2e+03 max|y| 8.41e-02 (nonzero 7) max viol 8.98e-05
   coil mean squared curvature    rows      4 mu 5.8e+02/5.8e+02/5.8e+02 max|y| 1.28e-02 (nonzero 1) max viol 1.41e-07
   coil-coil distance rows        rows  30761 mu 5.8e+02/5.8e+02/1.0e+08 max|y| 4.94e-02 (nonzero 43) max viol 3.71e-04
   plasma-coil distance field     rows   4112 mu 5.8e+02/5.8e+02/5.8e+02 max|y| 0.00e+00 (nonzero 0) max viol 0.00e+00
   true: cc 0.05872 m, pc 0.12710 m, max L 2.9313, max |k| 13.678, linked [], gap {'used': 0.0010599364671386008, 'needed': 0.0019214559394271939}
  [mem] RSS 6.06 GB  peak 6.44 GB
  [mem] RSS 6.06 GB  peak 6.44 GB
    7        42   9.064e-07  1.00e-06  3.491e-04  1.10e-05  8.40e+04  3.96e-01
[outer 7] 42 inner its, opt 9.06e-07 (gtolk 1.0e-06, met), violation 3.49e-04 (ctolk 1.1e-05), 340 s
   coil length                    rows      4 mu 8.1e+02/8.1e+02/8.1e+02 max|y| 1.49e-01 (nonzero 3) max viol 3.03e-06
   coil curvature                 rows   2404 mu 8.1e+02/8.1e+02/1.2e+03 max|y| 8.84e-02 (nonzero 9) max viol 1.29e-04
   coil mean squared curvature    rows      4 mu 8.1e+02/8.1e+02/8.1e+02 max|y| 1.29e-02 (nonzero 1) max viol 0.00e+00
   coil-coil distance rows        rows  31276 mu 8.1e+02/8.1e+02/1.0e+08 max|y| 3.96e-01 (nonzero 36) max viol 3.49e-04
   plasma-coil distance field     rows   4112 mu 8.1e+02/8.1e+02/8.1e+02 max|y| 0.00e+00 (nonzero 0) max viol 0.00e+00
   true: cc 0.05879 m, pc 0.12661 m, max L 2.9314, max |k| 13.678, linked [], gap {'used': 0.0010599364671386008, 'needed': 0.0019129222353494175}
    8         9   1.148e-06  1.43e-06  1.114e-04  4.13e-03  8.82e+04  3.18e-01
[outer 8] 9 inner its, opt 1.15e-06 (gtolk 1.4e-06, met), violation 1.11e-04 (ctolk 4.1e-03), 352 s
   coil length                    rows      4 mu 5.1e+03/5.1e+03/5.1e+03 max|y| 1.52e-01 (nonzero 3) max viol 1.82e-08
   coil curvature                 rows   2404 mu 5.1e+03/5.1e+03/8.1e+03 max|y| 6.99e-02 (nonzero 8) max viol 9.13e-06
   coil mean squared curvature    rows      4 mu 5.1e+03/5.1e+03/5.1e+03 max|y| 1.21e-02 (nonzero 1) max viol 3.08e-09
   coil-coil distance rows        rows  31259 mu 5.1e+03/5.1e+03/1.0e+08 max|y| 3.18e-01 (nonzero 16) max viol 1.11e-04
   plasma-coil distance field     rows   4112 mu 5.1e+03/5.1e+03/5.1e+03 max|y| 0.00e+00 (nonzero 0) max viol 0.00e+00
   true: cc 0.05880 m, pc 0.12656 m, max L 2.9314, max |k| 13.678, linked [], gap {'used': 0.0010599364671386008, 'needed': 0.001914837609336117}
  [mem] RSS 6.06 GB  peak 6.47 GB
  [mem] RSS 6.06 GB  peak 6.47 GB
    9        28   9.575e-07  1.00e-06  6.668e-05  1.26e-06  9.03e+04  1.31e+00
[outer 9] 28 inner its, opt 9.58e-07 (gtolk 1.0e-06, met), violation 6.67e-05 (ctolk 1.3e-06), 391 s
   coil length                    rows      4 mu 7.2e+03/7.2e+03/7.2e+03 max|y| 1.52e-01 (nonzero 3) max viol 3.80e-08
   coil curvature                 rows   2404 mu 7.2e+03/7.2e+03/8.1e+03 max|y| 7.44e-02 (nonzero 9) max viol 2.04e-06
   coil mean squared curvature    rows      4 mu 7.2e+03/7.2e+03/7.2e+03 max|y| 1.21e-02 (nonzero 1) max viol 6.72e-08
   coil-coil distance rows        rows  31008 mu 7.2e+03/7.2e+03/1.0e+08 max|y| 1.31e+00 (nonzero 17) max viol 6.67e-05
   plasma-coil distance field     rows   4112 mu 7.2e+03/7.2e+03/7.2e+03 max|y| 0.00e+00 (nonzero 0) max viol 0.00e+00
   true: cc 0.05880 m, pc 0.12663 m, max L 2.9313, max |k| 13.678, linked [], gap {'used': 0.0010599364671386008, 'needed': 0.001921420372979717}
   10         8   2.321e-07  1.00e-06  1.214e-05  3.36e-03  1.20e+05  6.05e-01
[outer 10] 8 inner its, opt 2.32e-07 (gtolk 1.0e-06, met), violation 1.21e-05 (ctolk 3.4e-03), 403 s
   coil length                    rows      4 mu 3.7e+04/3.7e+04/3.7e+04 max|y| 1.49e-01 (nonzero 3) max viol 9.85e-10
   coil curvature                 rows   2404 mu 3.7e+04/3.7e+04/7.2e+04 max|y| 7.93e-02 (nonzero 9) max viol 1.49e-07
   coil mean squared curvature    rows      4 mu 3.7e+04/3.7e+04/3.7e+04 max|y| 1.26e-02 (nonzero 1) max viol 0.00e+00
   coil-coil distance rows        rows  31014 mu 3.7e+04/3.7e+04/1.0e+08 max|y| 6.05e-01 (nonzero 10) max viol 1.21e-05
   plasma-coil distance field     rows   4112 mu 3.7e+04/3.7e+04/3.7e+04 max|y| 0.00e+00 (nonzero 0) max viol 0.00e+00
   true: cc 0.05880 m, pc 0.12661 m, max L 2.9313, max |k| 13.678, linked [], gap {'used': 0.0010599364671386008, 'needed': 0.00192145247092261}
   11         3   3.278e-07  1.00e-06  1.848e-07  1.00e-06  1.37e+05  2.03e+00
[outer 11] 3 inner its, opt 3.28e-07 (gtolk 1.0e-06, met), violation 1.85e-07 (ctolk 1.0e-06), 410 s
   coil length                    rows      4 mu 5.4e+04/5.4e+04/5.4e+04 max|y| 1.49e-01 (nonzero 3) max viol 1.50e-10
   coil curvature                 rows   2404 mu 5.4e+04/5.4e+04/7.2e+04 max|y| 7.96e-02 (nonzero 9) max viol 1.33e-07
   coil mean squared curvature    rows      4 mu 5.4e+04/5.4e+04/5.4e+04 max|y| 1.25e-02 (nonzero 1) max viol 9.95e-10
   coil-coil distance rows        rows  31013 mu 5.4e+04/5.4e+04/1.0e+08 max|y| 2.03e+00 (nonzero 15) max viol 1.85e-07
   plasma-coil distance field     rows   4112 mu 5.4e+04/5.4e+04/5.4e+04 max|y| 0.00e+00 (nonzero 0) max viol 0.00e+00
   true: cc 0.05880 m, pc 0.12661 m, max L 2.9313, max |k| 13.678, linked [], gap {'used': 0.0010599364671386008, 'needed': 0.0019214567938450962}
`gtol` condition satisfied.
         Max scaled gradient: 3.278e-07
         Max constraint violation: 1.848e-07
         Outer iterations: 11
         Iterations: 277
         Function evaluations: 399
         Jacobian evaluations: 279
==============================================================================================================
                                                                 Start  -->   End
Total (sum of squares):                                      1.413e+03  -->   7.192e-01, 
Maximum absolute Boundary normal field error:                3.017e-01  -->   1.269e-02 (T m^2)
Minimum absolute Boundary normal field error:                3.510e-04  -->   3.813e-07 (T m^2)
Average absolute Boundary normal field error:                1.233e-01  -->   2.509e-03 (T m^2)
Maximum absolute Boundary normal field error:                2.778e+00  -->   1.169e-01 (normalized)
Minimum absolute Boundary normal field error:                3.232e-03  -->   3.511e-06 (normalized)
Average absolute Boundary normal field error:                1.135e+00  -->   2.311e-02 (normalized)
Summed coil current error:                                   0.000e+00  -->   2.328e-10 (A)
  [mem] RSS 6.09 GB  peak 6.47 GB
Maximum Coil length:                                         2.909e+00  -->   2.926e+00 (m)
Minimum Coil length:                                         2.133e+00  -->   2.831e+00 (m)
Average Coil length:                                         2.592e+00  -->   2.902e+00 (m)
Maximum Coil length:                                         7.119e+00  -->   7.159e+00 (normalized)
Minimum Coil length:                                         5.219e+00  -->   6.928e+00 (normalized)
Average Coil length:                                         6.344e+00  -->   7.102e+00 (normalized)
Maximum Coil curvature:                                      1.861e+01  -->   1.367e+01 (m^-1)
Minimum Coil curvature:                                      0.000e+00  -->   0.000e+00 (m^-1)
Average Coil curvature:                                      2.242e+00  -->   3.289e+00 (m^-1)
Maximum Coil curvature:                                      7.603e+00  -->   5.587e+00 (normalized)
Minimum Coil curvature:                                      0.000e+00  -->   0.000e+00 (normalized)
Average Coil curvature:                                      9.163e-01  -->   1.344e+00 (normalized)
Maximum Coil mean squared curvature:                         1.117e+01  -->   1.869e+01 (m^-2)
Minimum Coil mean squared curvature:                         5.314e+00  -->   1.150e+01 (m^-2)
Average Coil mean squared curvature:                         7.314e+00  -->   1.486e+01 (m^-2)
Maximum Coil mean squared curvature:                         1.865e+00  -->   3.122e+00 (normalized)
Minimum Coil mean squared curvature:                         8.874e-01  -->   1.920e+00 (normalized)
Average Coil mean squared curvature:                         1.221e+00  -->   2.481e+00 (normalized)
Maximum Coil-coil distance rows:                             1.604e+00  -->   2.031e+00 (m)
Minimum Coil-coil distance rows:                             8.771e-02  -->   5.851e-02 (m)
Average Coil-coil distance rows:                             1.006e-01  -->   9.321e-02 (m)
Maximum Coil-coil distance rows:                             3.925e+00  -->   4.969e+00 (normalized)
Minimum Coil-coil distance rows:                             2.146e-01  -->   1.432e-01 (normalized)
Average Coil-coil distance rows:                             2.462e-01  -->   2.281e-01 (normalized)
Maximum Plasma-coil distance field:                          2.189e-01  -->   2.192e-01 (m)
Minimum Plasma-coil distance field:                          1.095e-01  -->   1.256e-01 (m)
Average Plasma-coil distance field:                          1.914e-01  -->   2.041e-01 (m)
Maximum Plasma-coil distance field:                          1.494e+00  -->   1.496e+00 (normalized)
Minimum Plasma-coil distance field:                          7.471e-01  -->   8.569e-01 (normalized)
Average Plasma-coil distance field:                          1.306e+00  -->   1.392e+00 (normalized)
==============================================================================================================

SOLVER `gtol` condition satisfied. | 11 outer / 277 inner its, opt 3.28e-07, violation 1.85e-07, 419 s
START  bn 2.6416e-01  L 0.994  kappa 1.361  kMS 0.582  d_cc 1.503  d_pc 1.008  -> FAILS kappa
RESULT bn 6.4207e-03  L 1.000  kappa 1.001  kMS 0.991  d_cc 1.007  d_pc 1.155  linked 0  -> FAILS L,kappa  active ['L', 'kappa', 'kMS', 'd_cc']
wrote work/ss_qh/joint/base_free_link/result.h5, result.json, outer.json
