E0917 17:37:01.008735  495307 cuda_executor.cc:1743] Could not get kernel mode driver version: ( INVALID_ARGUMENT: Version does not match the format X.Y.Z )
E0917 17:37:01.022477  495204 cuda_executor.cc:1743] Could not get kernel mode driver version: ( INVALID_ARGUMENT: Version does not match the format X.Y.Z )
DEVICE requested=gpu obtained=gpu (1x NVIDIA GeForce RTX 5070 Laptop GPU)
  [mem] RSS 0.83 GB  peak 0.83 GB
/home/singh/Documents/DESC2/coil_sandbox/vendor/desc/utils.py:590: UserWarning: Unequal number of field periods for grid 1 and basis 2.
  warnings.warn(msg, err)
/home/singh/Documents/DESC2/coil_sandbox/vendor/desc/utils.py:590: UserWarning: Unequal number of field periods for grid 1 and basis 2.
  warnings.warn(msg, err)
eq sample_equilibria/helios_repro.h5 (h5) NFP 2 sym True; start work/helios/spline/cold_start_n32.h5: 3 unique coils, arc=False, expect 12 coils; source grid uniform (801 nodes/coil), length grid gl/span (256); mode stage2; plasma field included (virtual casing)
SETTINGS {'eq': 'sample_equilibria/helios_repro.h5', 'start': 'work/helios/spline/cold_start_n32.h5', 'out': 'work/helios/spline/cold_stage2', 'mode': 'stage2', 'length_mult': 1.0, 'margin': 0.0, 'fix_hinges': False, 'anchor_weight': 0.001, 'margin_skip': '', 'a': None, 'bounds': 'bounds/helios_kruger2026.json', 'device': 'gpu', 'vacuum': False, 'maxiter': 400, 'check_every': 25, 'ckpt_every': 50, 'diag_log': None, 'dcc_backoff': 0.025, 'dpc_backoff': 0.02, 'no_arc_backoffs': False, 'convex_form': 'signed', 'convex_kmin': 0.0, 'convex_backoff': 0.5, 'planarity': 'auto', 'planarity_tol': 0.0, 'torsion_weight': 0.0, 'coil_grid_n': 150, 'eval_m': 25, 'eval_n': 25, 'plasma_m': 64, 'plasma_n': 64, 'src_gl': 24, 'src_n': 400, 'vc_m': None, 'vc_n': None, 'vc_chunk': 64, 'dcc_k': 20000, 'dpc_k': 20000, 'no_signed': False, 'dcc_neighbors': None, 'dcc_chunk': 4, 'dpc_chunk': 1, 'qf_chunk': 25, 'no_second_order': False, 'so_chunk': 16, 'so_rtol': 0.05, 'max_tr': 0.5, 'max_inner_iter': 100, 'ctol': 0.0001}
BOUNDS (judged, absolute, a=1.77186) L 36  Ltot -  kappa 1.5  kms -  convex 0.001  planar -  dcc 1.2  dpc 1.2
ENFORCED L 36  Ltot -  kappa 1.492  kms -  convex 0.0005  planar -  dcc 1.245  dpc 1.224  (convexity: signed, kappa_s >= 0.0)
PLANARITY enforced on the knots: exact (target 0)
  [mem] RSS 2.88 GB  peak 2.88 GB
START  bn 7.9668e-02  L 0.820  kappa 0.146  convex 0.000  d_cc 1.103  d_pc 1.143  linked 0  coils 12  -> FEASIBLE
Building objective: Quadratic flux
Precomputing transforms
/home/singh/Documents/DESC2/coil_sandbox/vendor/desc/utils.py:590: UserWarning: Could not build fft interpolator, switching to dft which is slow.
Reason: Got False for eval_grid.can_fft2.
  warnings.warn(msg, err)
  [mem] RSS 7.17 GB  peak 7.17 GB
  [mem] RSS 7.27 GB  peak 7.27 GB
Timer: Precomputing transforms = 1.28 min
Timer: Objective build = 1.30 min
Building objective: summed coil current
Building objective: fixed shift
Building objective: fixed rotation
Timer: Objective build = 398 ms
Building objective: coil length
Precomputing transforms
Timer: Precomputing transforms = 132 us
Building objective: coil curvature
Precomputing transforms
Timer: Precomputing transforms = 71.3 us
Building objective: coil signed curvature
Precomputing transforms
Timer: Precomputing transforms = 71.6 us
Building objective: coil-coil distance penalty
Building objective: plasma-coil distance penalty
  [mem] RSS 4.42 GB  peak 7.38 GB
Building objective: coil planarity
Timer: Objective build = 4.93 sec
Timer: LinearConstraintProjection build = 2.26 sec
Timer: LinearConstraintProjection build = 346 ms
Number of parameters: 290
Number of objectives: 1326
Number of equality constraints: 84
Number of inequality constraints: 1845
Timer: Initializing the optimization = 1.45 min

Starting optimization
Using method: lsq-auglag
  [mem] RSS 5.09 GB  peak 7.38 GB
E0917 17:39:50.335279  495331 cuda_timer.cc:87] Delay kernel timed out: measured time has sub-optimal accuracy. There may be a missing warmup execution, please investigate in Nsight Systems.
E0917 17:39:50.427919  495324 cuda_timer.cc:87] Delay kernel timed out: measured time has sub-optimal accuracy. There may be a missing warmup execution, please investigate in Nsight Systems.
  [mem] RSS 5.63 GB  peak 7.38 GB
second_order: compiling constraint Hessian for blocks CoilSetPlanarity
Solver options:
------------------------------------------------------------
Maximum Function Evaluations       : 2001
Maximum Allowed Total Δx Norm      : inf
Scaled Termination                 : True
Trust Region Method                : svd
Initial Trust Radius               : 3.327e+00
Maximum Trust Radius               : 5.000e-01
Minimum Trust Radius               : 2.220e-16
Trust Radius Increase Ratio        : 4.000e+00
Trust Radius Decrease Ratio        : 2.500e-01
Trust Radius Increase Threshold    : 7.500e-01
Trust Radius Decrease Threshold    : 5.000e-01
Alpha Omega                        : 1.000e+00
Beta Omega                         : 1.000e+00
Alpha Eta                          : 1.000e-01
Beta Eta                           : 9.000e-01
Omega                              : 1.000e-02
Eta                                : 1.000e-02
Tau                                : 1.000e+01
------------------------------------------------------------ 

   Iteration     Total nfev        Cost      Cost reduction    Step norm     Optimality    Constr viol.   Penalty param  max(|mltplr|)      gtolk     
       0              1          3.886e-01                                    4.813e-02      4.729e-16      1.000e+01      0.000e+00      1.000e-03   
second_order: compiling constraint Hessian for blocks CoilLength, CoilSetPlanarity
       1              2          2.885e-01      1.001e-01      1.913e+00      6.373e-01      9.366e-03      1.000e+01      0.000e+00      1.000e-03   
  [mem] RSS 5.80 GB  peak 7.38 GB
second_order: compiling constraint Hessian for blocks CoilLength, CoilCurvature, CoilSignedCurvature, CoilSetPlanarity
E0917 17:40:53.352186  495327 cuda_timer.cc:87] Delay kernel timed out: measured time has sub-optimal accuracy. There may be a missing warmup execution, please investigate in Nsight Systems.
  [mem] RSS 6.52 GB  peak 7.38 GB
       2              3          2.799e-01      8.575e-03      2.656e-01      3.622e-02      6.671e-03      1.000e+01      0.000e+00      1.000e-03   
second_order: compiling constraint Hessian for blocks CoilLength, CoilCurvature, CoilSignedCurvature, CoilSetDistancePenalty, CoilSetPlanarity
  [mem] RSS 7.08 GB  peak 7.38 GB
E0917 17:41:48.893931  495334 cuda_timer.cc:87] Delay kernel timed out: measured time has sub-optimal accuracy. There may be a missing warmup execution, please investigate in Nsight Systems.
  [mem] RSS 7.25 GB  peak 7.38 GB
       3              4          2.703e-01      9.553e-03      2.630e-01      1.116e-02      6.003e-03      1.000e+01      0.000e+00      1.000e-03   
second_order: compiling constraint Hessian for blocks CoilCurvature, CoilSignedCurvature, CoilSetDistancePenalty, CoilSetPlanarity
  [mem] RSS 7.31 GB  peak 7.38 GB
  [mem] RSS 7.54 GB  peak 7.54 GB
       4              6          2.679e-01      2.413e-03      6.381e-02      4.233e-03      6.093e-03      1.000e+01      0.000e+00      1.000e-03   
  [mem] RSS 7.57 GB  peak 7.57 GB
       5              7          2.587e-01      9.240e-03      2.529e-01      9.606e-03      5.754e-03      1.000e+01      0.000e+00      1.000e-03   
       6             10          2.581e-01      5.780e-04      1.506e-02      3.943e-03      5.885e-03      1.000e+01      0.000e+00      1.000e-03   
       7             11          2.559e-01      2.226e-03      5.997e-02      4.261e-03      6.015e-03      1.000e+01      0.000e+00      1.000e-03   
       8             12          2.474e-01      8.449e-03      2.339e-01      8.635e-03      5.897e-03      1.000e+01      0.000e+00      1.000e-03   
       9             14          2.454e-01      2.027e-03      5.546e-02      4.038e-03      6.225e-03      1.000e+01      0.000e+00      1.000e-03   
      10             15          2.377e-01      7.710e-03      2.190e-01      1.898e-02      6.183e-03      1.000e+01      0.000e+00      1.000e-03   
  [mem] RSS 7.57 GB  peak 7.57 GB
      11             18          2.373e-01      4.490e-04      1.220e-02      4.893e-03      6.590e-03      1.000e+01      0.000e+00      1.000e-03   
      12             19          2.354e-01      1.811e-03      5.162e-02      2.866e-03      6.565e-03      1.000e+01      0.000e+00      1.000e-03   
      13             20          2.285e-01      6.905e-03      2.016e-01      1.407e-02      6.705e-03      1.000e+01      0.000e+00      1.000e-03   
      14             24          2.284e-01      9.529e-05      2.742e-03      3.737e-03      6.767e-03      1.000e+01      0.000e+00      1.000e-03   
second_order: compiling constraint Hessian for blocks CoilCurvature, CoilSetDistancePenalty, CoilSetPlanarity
  [mem] RSS 7.62 GB  peak 7.62 GB
      15             25          2.280e-01      4.226e-04      1.237e-02      2.434e-03      6.738e-03      1.000e+01      0.000e+00      1.000e-03   
  [mem] RSS 7.69 GB  peak 7.69 GB
second_order: compiling constraint Hessian for blocks CoilSetDistancePenalty, CoilSetPlanarity
  [mem] RSS 7.75 GB  peak 7.75 GB
      16             26          2.264e-01      1.647e-03      4.914e-02      2.391e-03      6.912e-03      1.000e+01      0.000e+00      1.000e-03   
second_order: compiling constraint Hessian for blocks CoilSignedCurvature, CoilSetDistancePenalty, CoilSetPlanarity
  [mem] RSS 8.14 GB  peak 8.14 GB
      17             27          2.201e-01      6.308e-03      1.914e-01      3.985e-03      6.949e-03      1.000e+01      0.000e+00      1.000e-03   
      18             28          2.141e-01      5.978e-03      1.856e-01      3.399e-03      7.470e-03      1.000e+01      0.000e+00      1.000e-03   
      19             29          2.084e-01      5.660e-03      1.794e-01      3.177e-03      7.750e-03      1.000e+01      0.000e+00      1.000e-03   
  [mem] RSS 8.16 GB  peak 8.16 GB
      20             30          2.030e-01      5.380e-03      1.736e-01      2.970e-03      8.064e-03      1.000e+01      0.000e+00      1.000e-03   
      21             31          1.979e-01      5.115e-03      1.679e-01      2.764e-03      8.342e-03      1.000e+01      0.000e+00      1.000e-03   
      22             32          1.931e-01      4.874e-03      1.628e-01      2.586e-03      8.636e-03      1.000e+01      0.000e+00      1.000e-03   
      23             33          1.884e-01      4.646e-03      1.580e-01      2.421e-03      8.881e-03      1.000e+01      0.000e+00      1.000e-03   
      24             34          1.840e-01      4.436e-03      1.540e-01      2.274e-03      9.094e-03      1.000e+01      0.000e+00      1.000e-03   
  [it   25] bn 5.5596e-02  L 0.843  kappa 0.430  convex 0.000  d_cc 1.032  d_pc 1.380  -> FEASIBLE
      25             35          1.797e-01      4.243e-03      1.503e-01      2.135e-03      9.277e-03      1.000e+01      0.000e+00      1.000e-03   
  [mem] RSS 8.16 GB  peak 8.16 GB
      26             36          1.757e-01      4.064e-03      1.471e-01      2.020e-03      9.434e-03      1.000e+01      0.000e+00      1.000e-03   
      27             37          1.718e-01      3.901e-03      1.442e-01      1.914e-03      9.574e-03      1.000e+01      0.000e+00      1.000e-03   
      28             38          1.680e-01      3.750e-03      1.417e-01      1.822e-03      9.699e-03      1.000e+01      0.000e+00      1.000e-03   
      29             39          1.644e-01      3.611e-03      1.394e-01      1.745e-03      9.816e-03      1.000e+01      0.000e+00      1.000e-03   
      30             40          1.609e-01      3.481e-03      1.374e-01      1.676e-03      9.928e-03      1.000e+01      0.000e+00      1.000e-03   
      31             41          1.576e-01      3.363e-03      1.356e-01      1.625e-03      1.004e-02      1.000e+01      0.000e+00      1.000e-03   
      32             42          1.543e-01      3.250e-03      1.340e-01      1.569e-03      1.015e-02      1.000e+01      0.000e+00      1.000e-03   
  [mem] RSS 8.16 GB  peak 8.16 GB
      33             43          1.512e-01      3.146e-03      1.326e-01      1.536e-03      1.026e-02      1.000e+01      0.000e+00      1.000e-03   
      34             44          1.481e-01      3.046e-03      1.312e-01      1.493e-03      1.038e-02      1.000e+01      0.000e+00      1.000e-03   
      35             45          1.452e-01      2.954e-03      1.301e-01      1.460e-03      1.050e-02      1.000e+01      0.000e+00      1.000e-03   
      36             46          1.423e-01      2.865e-03      1.290e-01      1.431e-03      1.062e-02      1.000e+01      0.000e+00      1.000e-03   
      37             47          1.395e-01      2.782e-03      1.280e-01      1.396e-03      1.075e-02      1.000e+01      0.000e+00      1.000e-03   
      38             48          1.368e-01      2.700e-03      1.271e-01      1.391e-03      1.088e-02      1.000e+01      0.000e+00      1.000e-03   
      39             49          1.342e-01      2.624e-03      1.263e-01      1.354e-03      1.101e-02      1.000e+01      0.000e+00      1.000e-03   
  [mem] RSS 8.16 GB  peak 8.16 GB
      40             50          1.317e-01      2.550e-03      1.255e-01      1.361e-03      1.114e-02      1.000e+01      0.000e+00      1.000e-03   
      41             51          1.292e-01      2.478e-03      1.247e-01      1.322e-03      1.127e-02      1.000e+01      0.000e+00      1.000e-03   
      42             52          1.268e-01      2.408e-03      1.239e-01      1.329e-03      1.140e-02      1.000e+01      0.000e+00      1.000e-03   
      43             53          1.244e-01      2.340e-03      1.232e-01      1.292e-03      1.153e-02      1.000e+01      0.000e+00      1.000e-03   
      44             54          1.222e-01      2.274e-03      1.224e-01      1.291e-03      1.167e-02      1.000e+01      0.000e+00      1.000e-03   
      45             55          1.199e-01      2.208e-03      1.217e-01      1.256e-03      1.180e-02      1.000e+01      0.000e+00      1.000e-03   
      46             56          1.178e-01      2.145e-03      1.209e-01      1.264e-03      1.193e-02      1.000e+01      0.000e+00      1.000e-03   
  [mem] RSS 8.16 GB  peak 8.16 GB
      47             57          1.157e-01      2.083e-03      1.202e-01      1.244e-03      1.205e-02      1.000e+01      0.000e+00      1.000e-03   
      48             58          1.137e-01      2.021e-03      1.195e-01      1.240e-03      1.217e-02      1.000e+01      0.000e+00      1.000e-03   
      49             59          1.117e-01      1.962e-03      1.188e-01      1.223e-03      1.229e-02      1.000e+01      0.000e+00      1.000e-03   
  [it   50] bn 4.2667e-02  L 0.872  kappa 0.919  convex 0.000  d_cc 1.032  d_pc 1.645  -> FEASIBLE
      50             60          1.098e-01      1.903e-03      1.180e-01      1.215e-03      1.241e-02      1.000e+01      0.000e+00      1.000e-03   
      51             61          1.080e-01      1.845e-03      1.172e-01      1.200e-03      1.252e-02      1.000e+01      0.000e+00      1.000e-03   
      52             62          1.062e-01      1.789e-03      1.164e-01      1.196e-03      1.263e-02      1.000e+01      0.000e+00      1.000e-03   
  [mem] RSS 8.17 GB  peak 8.17 GB
      53             63          1.045e-01      1.733e-03      1.156e-01      1.185e-03      1.273e-02      1.000e+01      0.000e+00      1.000e-03   
      54             64          1.028e-01      1.677e-03      1.148e-01      1.173e-03      1.283e-02      1.000e+01      0.000e+00      1.000e-03   
      55             65          1.012e-01      1.623e-03      1.140e-01      1.169e-03      1.292e-02      1.000e+01      0.000e+00      1.000e-03   
      56             66          9.959e-02      1.569e-03      1.130e-01      1.149e-03      1.301e-02      1.000e+01      0.000e+00      1.000e-03   
      57             67          9.807e-02      1.518e-03      1.122e-01      1.150e-03      1.309e-02      1.000e+01      0.000e+00      1.000e-03   
      58             68          9.661e-02      1.467e-03      1.112e-01      1.131e-03      1.316e-02      1.000e+01      0.000e+00      1.000e-03   
      59             69          9.519e-02      1.417e-03      1.103e-01      1.135e-03      1.323e-02      1.000e+01      0.000e+00      1.000e-03   
  [mem] RSS 8.17 GB  peak 8.17 GB
      60             70          9.383e-02      1.366e-03      1.092e-01      1.129e-03      1.329e-02      1.000e+01      0.000e+00      1.000e-03   
      61             71          9.251e-02      1.320e-03      1.081e-01      1.127e-03      1.335e-02      1.000e+01      0.000e+00      1.000e-03   
      62             72          9.123e-02      1.272e-03      1.070e-01      1.107e-03      1.341e-02      1.000e+01      0.000e+00      1.000e-03   
      63             73          9.001e-02      1.228e-03      1.059e-01      1.102e-03      1.346e-02      1.000e+01      0.000e+00      1.000e-03   
      64             74          8.882e-02      1.184e-03      1.047e-01      1.077e-03      1.350e-02      1.000e+01      0.000e+00      1.000e-03   
      65             75          8.768e-02      1.141e-03      1.035e-01      1.057e-03      1.353e-02      1.000e+01      0.000e+00      1.000e-03   
  [mem] RSS 8.17 GB  peak 8.17 GB
      66             76          8.658e-02      1.100e-03      1.024e-01      1.041e-03      1.355e-02      1.000e+01      0.000e+00      1.000e-03   
      67             77          8.552e-02      1.061e-03      1.013e-01      1.016e-03      1.357e-02      1.000e+01      0.000e+00      1.000e-03   
      68             78          8.450e-02      1.022e-03      1.002e-01      4.089e-02      1.358e-02      1.005e+01      6.509e-02      4.089e-03   
      69             79          8.706e-02     -2.566e-03      2.022e-01      4.326e-03      6.118e-03      1.005e+01      6.509e-02      4.089e-03   
      70             80          8.712e-02     -5.970e-05      9.391e-02      5.934e-03      7.144e-03      1.005e+01      6.509e-02      4.089e-03   
      71             81          8.648e-02      6.380e-04      8.040e-02      5.191e-03      6.378e-03      1.005e+01      3.188e-01      5.191e-04   
      72             82          8.637e-02      1.134e-04      7.696e-02      1.759e-03      6.203e-03      1.005e+01      3.188e-01      5.191e-04   
      73             83          8.578e-02      5.932e-04      7.308e-02      8.125e-04      4.697e-03      1.005e+01      3.188e-01      5.191e-04   
  [mem] RSS 8.17 GB  peak 8.17 GB
      74             84          8.508e-02      6.952e-04      7.637e-02      7.516e-04      3.196e-03      1.005e+01      3.188e-01      5.191e-04   
  [it   75] bn 3.6197e-02  L 0.909  kappa 1.745  convex 0.900  d_cc 1.032  d_pc 1.471  -> FAILS kappa
      75             85          8.434e-02      7.388e-04      7.873e-02      7.306e-04      2.445e-03      1.005e+01      3.188e-01      5.191e-04   
      76             86          8.359e-02      7.502e-04      8.071e-02      7.482e-04      2.619e-03      1.005e+01      3.188e-01      5.191e-04   
      77             87          8.285e-02      7.446e-04      8.167e-02      8.513e-03      2.584e-03      1.005e+01      3.188e-01      5.191e-04   
      78             88          8.211e-02      7.427e-04      8.282e-02      4.119e-03      2.308e-03      1.005e+01      3.188e-01      5.191e-04   
      79             89          8.137e-02      7.321e-04      8.316e-02      2.081e-03      2.543e-03      1.005e+01      3.188e-01      5.191e-04   
  [mem] RSS 8.17 GB  peak 8.17 GB
      80             90          8.065e-02      7.222e-04      8.348e-02      1.972e-03      3.364e-03      1.005e+01      3.188e-01      5.191e-04   
      81             91          7.994e-02      7.075e-04      8.350e-02      1.111e-03      4.018e-03      1.005e+01      3.188e-01      5.191e-04   
      82             92          7.925e-02      6.927e-04      8.347e-02      6.147e-04      4.529e-03      1.005e+01      3.188e-01      5.191e-04   
      83             93          7.858e-02      6.758e-04      8.315e-02      5.747e-04      4.928e-03      1.005e+01      3.188e-01      5.191e-04   
      84             94          7.792e-02      6.584e-04      8.285e-02      6.987e-04      5.236e-03      1.005e+01      3.188e-01      5.191e-04   
      85             95          7.728e-02      6.371e-04      8.219e-02      8.677e-03      5.474e-03      1.093e+01      3.188e-01      8.677e-04   
      86             96          7.704e-02      2.452e-04      2.937e-02      4.994e-03      4.229e-03      1.093e+01      3.188e-01      8.677e-04   
  [mem] RSS 8.17 GB  peak 8.17 GB
      87             97          7.688e-02      1.606e-04      2.012e-02      3.651e-03      3.571e-03      1.093e+01      3.188e-01      8.677e-04   
      88             98          7.629e-02      5.873e-04      7.517e-02      2.055e-03      1.577e-03      1.093e+01      3.188e-01      8.677e-04   
      89             100         7.629e-02      7.955e-07      7.417e-04      2.134e-03      1.573e-03      1.093e+01      1.261e-01      2.134e-04   
      90             101         7.627e-02      1.792e-05      2.363e-03      1.996e-03      1.548e-03      1.093e+01      1.261e-01      2.134e-04   
      91             102         7.622e-02      4.515e-05      7.073e-03      1.719e-03      1.233e-03      1.093e+01      1.261e-01      2.134e-04   
      92             103         7.603e-02      1.941e-04      2.945e-02      9.912e-04      1.526e-03      1.093e+01      1.261e-01      2.134e-04   
  [mem] RSS 8.17 GB  peak 8.17 GB
      93             104         7.547e-02      5.604e-04      7.661e-02      3.607e-03      1.202e-03      1.093e+01      1.261e-01      2.134e-04   
      94             106         7.543e-02      3.921e-05      5.450e-03      4.128e-04      1.058e-03      1.093e+01      1.261e-01      2.134e-04   
      95             107         7.527e-02      1.578e-04      2.153e-02      4.446e-04      1.019e-03      1.093e+01      1.261e-01      2.134e-04   
      96             108         7.471e-02      5.666e-04      7.944e-02      8.682e-03      1.126e-03      1.093e+01      1.261e-01      2.134e-04   
      97             110         7.457e-02      1.384e-04      1.988e-02      3.536e-04      1.122e-03      1.093e+01      1.261e-01      2.134e-04   
      98             111         7.402e-02      5.480e-04      7.964e-02      6.940e-03      1.193e-03      1.093e+01      1.261e-01      2.134e-04   
      99             115         7.402e-02     -1.305e-06      1.433e-03      8.440e-04      1.193e-03      1.093e+01      1.261e-01      2.134e-04   
  [mem] RSS 8.17 GB  peak 8.17 GB
  [it  100] bn 3.3115e-02  L 0.938  kappa 2.371  convex 2.212  d_cc 1.034  d_pc 1.388  -> FAILS kappa,convex
      100            116         7.399e-02      3.177e-05      4.986e-03      3.927e-04      1.198e-03      1.093e+01      1.261e-01      2.134e-04   
      101            117         7.386e-02      1.314e-04      1.983e-02      3.012e-04      1.214e-03      1.093e+01      1.261e-01      2.134e-04   
      102            118         7.333e-02      5.250e-04      7.929e-02      1.134e-03      1.247e-03      1.093e+01      1.261e-01      2.134e-04   
      103            119         7.283e-02      5.064e-04      7.864e-02      4.419e-04      1.258e-03      1.093e+01      1.261e-01      2.134e-04   
      104            120         7.234e-02      4.914e-04      7.836e-02      9.537e-04      1.259e-03      1.093e+01      1.261e-01      2.134e-04   
      105            121         7.189e-02      4.463e-04      7.196e-02      1.081e-03      1.282e-03      1.093e+01      1.261e-01      2.134e-04   
  [mem] RSS 8.18 GB  peak 8.18 GB
      106            122         7.142e-02      4.705e-04      7.751e-02      2.048e-03      1.420e-03      1.093e+01      1.261e-01      2.134e-04   
      107            123         7.096e-02      4.557e-04      7.676e-02      2.096e-03      1.497e-03      1.093e+01      1.261e-01      2.134e-04   
      108            124         7.052e-02      4.431e-04      7.644e-02      4.287e-04      1.592e-03      1.093e+01      1.261e-01      2.134e-04   
      109            125         7.009e-02      4.328e-04      7.580e-02      6.025e-04      1.672e-03      1.093e+01      1.261e-01      2.134e-04   
      110            126         6.967e-02      4.210e-04      7.551e-02      9.710e-04      1.806e-03      1.093e+01      1.261e-01      2.134e-04   
      111            127         6.926e-02      4.089e-04      7.497e-02      4.166e-04      1.964e-03      1.093e+01      1.261e-01      2.134e-04   
  [mem] RSS 8.18 GB  peak 8.18 GB
      112            128         6.886e-02      3.997e-04      7.459e-02      2.293e-03      2.229e-03      1.093e+01      1.261e-01      2.134e-04   
      113            129         6.847e-02      3.879e-04      7.433e-02      9.334e-04      2.354e-03      1.093e+01      1.261e-01      2.134e-04   
      114            130         6.810e-02      3.716e-04      7.342e-02      4.330e-03      2.443e-03      1.093e+01      1.261e-01      2.134e-04   
      115            131         6.774e-02      3.615e-04      7.312e-02      4.705e-04      2.459e-03      1.093e+01      1.261e-01      2.134e-04   
      116            132         6.739e-02      3.429e-04      7.262e-02      1.400e-03      2.370e-03      1.093e+01      1.261e-01      2.134e-04   
      117            133         6.706e-02      3.349e-04      7.240e-02      4.786e-04      2.429e-03      1.093e+01      1.261e-01      2.134e-04   
      118            134         6.674e-02      3.210e-04      7.208e-02      4.840e-04      2.455e-03      1.093e+01      1.261e-01      2.134e-04   
  [mem] RSS 8.18 GB  peak 8.18 GB
      119            135         6.642e-02      3.129e-04      7.184e-02      4.844e-04      2.541e-03      1.093e+01      1.261e-01      2.134e-04   
      120            136         6.612e-02      3.027e-04      7.168e-02      4.898e-04      2.595e-03      1.093e+01      1.261e-01      2.134e-04   
      121            137         6.583e-02      2.947e-04      7.138e-02      4.936e-04      2.650e-03      1.093e+01      1.261e-01      2.134e-04   
