E0928 20:15:22.770485 1655573 cuda_executor.cc:1743] Could not get kernel mode driver version: ( INVALID_ARGUMENT: Version does not match the format X.Y.Z )
E0928 20:15:22.782986 1655485 cuda_executor.cc:1743] Could not get kernel mode driver version: ( INVALID_ARGUMENT: Version does not match the format X.Y.Z )
DEVICE requested=gpu obtained=gpu (1x NVIDIA GeForce RTX 5070 Laptop GPU)
--field-term bn is blind to the current scale: holding the coil current SUM fixed
  [mem] RSS 0.83 GB  peak 0.83 GB
eq work/ss_qa/qsladder/qs100/eq_k4.h5 (h5) NFP 2 sym True L,M,N 8,8,8 dim_x 1462; start work/ss_qa/qsladder/qs100/coils_k4.h5: 4 unique coils (PiecewisePlanarArcCoil), 16 total
SETTINGS {'eq': 'work/ss_qa/qsladder/qs100/eq_k4.h5', 'start': 'work/ss_qa/qsladder/qs100/coils_k4.h5', 'out': 'work/ss_qa/qsladder/qs1000', 'bounds': '/home/singh/Documents/DESC2/coil_sandbox/bounds/precise_qa_sweep910.json', 'a': None, 'device': None, 'length_mult': 0.8, 'fix_coils': False, 'dry': False, 'field_term': 'bn', 'fix_current_sum': True, 'helicity': '1,0', 'qs_rho': '0.2,0.4,0.6,0.8,1.0', 'A_min': 5.5, 'A_max': 6.5, 'vol_band': 0.02, 'V0': 0.60032, 'bn_norm': 0.48316, 'qs_form': 'scale-invariant', 'iota_min': 0.4, 'kmin': 4, 'kmax': 4, 'maxiter': 100, 'ftol': 1e-06, 'xtol': 1e-06, 'gtol': 1e-08, 'max_tr': None, 'perturb_order': 2, 'solve_tol': 1e-10, 'tau_bn': 0.005, 'tau_qs': 0.2046, 'tau_qs_rel': 2.0, 'tau_A': 0.01, 'tau_V': 0.005, 'tau_iota': 0.01, 'tau_L': 0.01, 'tau_kappa': 0.01, 'tau_kms': 0.01, 'tau_dpc': 0.01, 'tau_dcc': 1e-06, 'dcc_backoff': 0.025, 'dpc_backoff': 0.02, 'no_arc_backoffs': False, 'eval_m': 25, 'eval_n': 25, 'plasma_m': 32, 'plasma_n': 32, 'coil_grid_n': 150, 'src_gl': 24, 'src_n': 400, 'bs_chunk': None, 'jac_chunk': None, 'dcc_k': 20000}
BOUNDS (judged, absolute) L 4.123  Ltot -  kappa 11.64  kms 5.648  convex -  planar -  dcc 0.08555  dpc 0.1711
ENFORCED L 4.123  Ltot -  kappa 11.58  kms 5.592  convex -  planar -  dcc 0.08922  dpc 0.1745
/home/singh/Documents/DESC2/coil_sandbox/vendor/desc/utils.py:590: UserWarning: Unequal number of field periods for grid 1 and basis 2.
  warnings.warn(msg, err)
/home/singh/Documents/DESC2/coil_sandbox/vendor/desc/utils.py:590: UserWarning: Unequal number of field periods for grid 1 and basis 2.
  warnings.warn(msg, err)
START physics  A 6.109  R0 1.0362  a 0.1696  iota [0.3993, 0.4172]  QS(Boozer, |B_nonsym|/<B>) rho 0.25 5.17e-04  rho 0.5 1.01e-03  rho 0.75 2.15e-03  rho 1 4.75e-03
START coils    bn 2.8292e-03 (max 1.197e-02)  L 1.000  kappa 0.656  kMS 0.736  d_cc 1.889  d_pc 1.409  linked 0  -> FAILS L
QS two-term rms at the start 0.00419 -> tau_qs 0.2046
B.n normalization frozen at the start: 0.48316; volume band around V0 = 0.60032
quadrature scales s (expected; compare the s(qw) column): bn 6.283  qs 41.41  iota 1  kappa 0.3622  dcc 9.06e+04
/home/singh/Documents/DESC2/coil_sandbox/vendor/desc/utils.py:590: FutureWarning: constants is deprecated and will be removed in a future release. Users should not include constants in the arguments of their objective compute methods. Instead declare all the constants in the build method and use as self._constants.
  warnings.warn(msg, err)
/home/singh/Documents/DESC2/coil_sandbox/vendor/desc/utils.py:590: FutureWarning: constants is deprecated and will be removed in a future release. Users should not include constants in the arguments of their objective compute methods. Instead declare all the constants in the build method and use as self._constants.
  warnings.warn(msg, err)
/home/singh/Documents/DESC2/coil_sandbox/vendor/desc/utils.py:590: FutureWarning: constants is deprecated and will be removed in a future release. Users should not include constants in the arguments of their objective compute methods. Instead declare all the constants in the build method and use as self._constants.
  warnings.warn(msg, err)
/home/singh/Documents/DESC2/coil_sandbox/vendor/desc/utils.py:590: FutureWarning: constants is deprecated and will be removed in a future release. Users should not include constants in the arguments of their objective compute methods. Instead declare all the constants in the build method and use as self._constants.
  warnings.warn(msg, err)
/home/singh/Documents/DESC2/coil_sandbox/vendor/desc/utils.py:590: FutureWarning: constants is deprecated and will be removed in a future release. Users should not include constants in the arguments of their objective compute methods. Instead declare all the constants in the build method and use as self._constants.
  warnings.warn(msg, err)
/home/singh/Documents/DESC2/coil_sandbox/vendor/desc/utils.py:590: FutureWarning: constants is deprecated and will be removed in a future release. Users should not include constants in the arguments of their objective compute methods. Instead declare all the constants in the build method and use as self._constants.
  warnings.warn(msg, err)

TERMS AT THE START
term                             dim_f    weight     norm    s(qw)  target/bounds           raw min    raw max       cost  err/tol  share
Vacuum B.n error                  1326      31.8   0.4832    6.283  = 0                   -0.004374   0.004491     0.2087    0.646  99.6%
QS two-term (scale-invariant)     5445     0.118        -    41.41  = 0                     -0.0464     0.0464  0.0002097   0.0205   0.1%
aspect ratio                         1      16.7        -        1  [5.5, 6.5]                6.109      6.109          0        0   0.0%
rotational transform                20       250        -        1  [0.4, inf]               0.3993     0.4172  0.0003867   0.0278   0.2%
volume                               1       333        -        1  [0.5883, 0.6123]         0.5883     0.5883  6.267e-06  0.00354   0.0%
coil length                          4      24.3        -        2  [0, 4.123]                4.123      4.123  0.0001834   0.0192   0.1%
coil curvature                    1204      23.8        -   0.7243  [0, 11.58]                    0      7.631          0        0   0.0%
coil mean squared curvature          4      17.9        -        2  [0, 5.592]                3.747      4.131          0        0   0.0%
coil-coil distance penalty          54        11        -    7.348  [-inf, 0]                     0          0          0        0   0.0%
plasma-coil minimum distance         8       573        -    2.828  [0.1745, inf]            0.2412     0.2913          0        0   0.0%
total cost 0.5 sum f^2                                                                                                      0.2095

===== step k=4: 80 boundary modes free, maxiter 100 =====
Building objective: Vacuum B.n error
Precomputing transforms
Timer: Precomputing transforms = 20.6 ms
Building objective: QS two-term (scale-invariant)
Precomputing transforms
Timer: Precomputing transforms = 48.2 ms
Building objective: aspect ratio
Precomputing transforms
Timer: Precomputing transforms = 21.6 ms
Building objective: rotational transform
Precomputing transforms
Timer: Precomputing transforms = 22.4 ms
Building objective: volume
Precomputing transforms
Timer: Precomputing transforms = 22.3 ms
Building objective: coil length
Precomputing transforms
Timer: Precomputing transforms = 84.2 us
Building objective: coil curvature
Precomputing transforms
Timer: Precomputing transforms = 62.0 us
Building objective: coil mean squared curvature
Precomputing transforms
Timer: Precomputing transforms = 63.2 us
Building objective: coil-coil distance penalty
Building objective: plasma-coil minimum distance
ObjectiveFunction deriv_mode : blocked
Vacuum B.n error jac_chunk_size: None
QS two-term (scale-invariant) jac_chunk_size: None
aspect ratio jac_chunk_size: None
rotational transform jac_chunk_size: None
volume jac_chunk_size: None
coil length jac_chunk_size: None
coil curvature jac_chunk_size: None
coil mean squared curvature jac_chunk_size: None
coil-coil distance penalty jac_chunk_size: None
plasma-coil minimum distance jac_chunk_size: None
Timer: Objective build = 314 ms
Building objective: force
Precomputing transforms
Timer: Precomputing transforms = 819 ms
ObjectiveFunction deriv_mode : batched
ObjectiveFunction jac_chunk_size: 4382
Timer: Objective build = 866 ms
ObjectiveFunction deriv_mode : blocked
lcfs R jac_chunk_size: None
lcfs Z jac_chunk_size: None
fixed Psi jac_chunk_size: None
fixed pressure jac_chunk_size: None
fixed current jac_chunk_size: None
fixed sheet current jac_chunk_size: None
self_consistency R jac_chunk_size: None
self_consistency Z jac_chunk_size: None
lambda gauge jac_chunk_size: None
axis R self consistency jac_chunk_size: None
axis Z self consistency jac_chunk_size: None
Timer: Objective build = 1.26 ms
Timer: Eq Update LinearConstraintProjection build = 3.70 sec
Timer: Proximal projection build = 17.0 sec
Building objective: lcfs R
Building objective: fixed Psi
Building objective: fixed pressure
Building objective: fixed current
Building objective: fixed sheet current
Building objective: lcfs Z
Building objective: summed coil current
Building objective: fixed shift
Building objective: fixed rotation
Building objective: fixed arc reference
ObjectiveFunction deriv_mode : blocked
lcfs R jac_chunk_size: None
fixed Psi jac_chunk_size: None
fixed pressure jac_chunk_size: None
fixed current jac_chunk_size: None
fixed sheet current jac_chunk_size: None
lcfs Z jac_chunk_size: None
summed coil current jac_chunk_size: None
fixed shift jac_chunk_size: None
fixed rotation jac_chunk_size: None
fixed arc reference jac_chunk_size: None
Timer: Objective build = 1.45 sec
Timer: LinearConstraintProjection build = 3.75 sec
Number of parameters: 155
Number of objectives: 8067
Timer: Initializing the optimization = 22.3 sec

Starting optimization
Using method: proximal-lsq-exact
  [mem] RSS 5.52 GB  peak 5.52 GB
Solver options:
------------------------------------------------------------
Maximum Function Evaluations       : 501
Maximum Allowed Total Δx Norm      : inf
Scaled Termination                 : True
Trust Region Method                : qr
Initial Trust Radius               : 4.102e+01
Maximum Trust Radius               : inf
Minimum Trust Radius               : 2.220e-16
Trust Radius Increase Ratio        : 2.000e+00
Trust Radius Decrease Ratio        : 2.500e-01
Trust Radius Increase Threshold    : 7.500e-01
Trust Radius Decrease Threshold    : 2.500e-01
------------------------------------------------------------ 

   Iteration     Total nfev        Cost      Cost reduction    Step norm     Optimality   
       0              1          2.095e-01                                    4.551e-02   
       1              5          2.046e-01      4.894e-03      2.634e-02      9.911e-02   
  [mem] RSS 5.60 GB  peak 5.60 GB
       2              8          1.948e-01      9.814e-03      2.186e-03      3.113e-02   
       3              9          1.926e-01      2.200e-03      4.335e-03      7.577e-03   
       4             10          1.903e-01      2.202e-03      6.518e-03      7.770e-03   
       5             11          1.867e-01      3.653e-03      9.807e-03      1.513e-02   
       6             12          1.815e-01      5.246e-03      1.804e-02      3.798e-02   
       7             16          1.809e-01      5.816e-04      9.571e-04      2.575e-02   
       8             17          1.804e-01      5.048e-04      6.550e-04      2.703e-03   
       9             18          1.800e-01      3.589e-04      1.327e-03      2.228e-03   
      10             19          1.793e-01      6.756e-04      2.451e-03      2.729e-03   
      11             20          1.781e-01      1.270e-03      4.285e-03      3.152e-03   
      12             21          1.757e-01      2.390e-03      7.846e-03      2.224e-03   
      13             22          1.713e-01      4.358e-03      1.537e-02      4.767e-03   
      14             27          1.713e-01      4.589e-05      1.302e-04      5.028e-03   
      15             28          1.712e-01      4.686e-05      1.137e-04      1.989e-03   
      16             29          1.711e-01      7.139e-05      2.210e-04      1.915e-03   
      17             30          1.710e-01      1.390e-04      4.343e-04      1.889e-03   
  [mem] RSS 5.61 GB  peak 5.61 GB
      18             31          1.707e-01      2.732e-04      8.563e-04      1.874e-03   
      19             32          1.702e-01      5.392e-04      1.710e-03      1.870e-03   
      20             33          1.691e-01      1.067e-03      3.432e-03      1.915e-03   
      21             34          1.670e-01      2.110e-03      6.827e-03      2.478e-03   
      22             35          1.629e-01      4.163e-03      1.332e-02      3.613e-03   
      23             40          1.628e-01      4.779e-05      9.304e-05      3.507e-03   
      24             41          1.627e-01      7.551e-05      2.130e-04      1.941e-03   
      25             42          1.626e-01      1.375e-04      4.104e-04      1.904e-03   
      26             43          1.623e-01      2.688e-04      7.876e-04      1.884e-03   
      27             44          1.618e-01      5.328e-04      1.546e-03      1.875e-03   
      28             45          1.607e-01      1.065e-03      3.115e-03      1.917e-03   
      29             46          1.586e-01      2.138e-03      6.297e-03      2.821e-03   
      30             47          1.543e-01      4.264e-03      1.269e-02      3.916e-03   
      31             52          1.543e-01      5.438e-05      9.838e-05      2.789e-03   
      32             53          1.542e-01      7.417e-05      2.270e-04      1.953e-03   
  [mem] RSS 5.61 GB  peak 5.61 GB
      33             54          1.541e-01      1.373e-04      4.243e-04      1.937e-03   
      34             55          1.538e-01      2.715e-04      7.968e-04      1.908e-03   
      35             56          1.532e-01      5.418e-04      1.542e-03      1.884e-03   
      36             57          1.522e-01      1.082e-03      3.116e-03      1.902e-03   
      37             58          1.500e-01      2.137e-03      6.361e-03      2.964e-03   
      38             59          1.460e-01      3.996e-03      1.295e-02      4.049e-03   
      39             64          1.460e-01      5.084e-05      9.365e-05      3.763e-03   
      40             65          1.459e-01      3.995e-05      1.239e-04      2.091e-03   
      41             66          1.459e-01      6.701e-05      2.393e-04      1.971e-03   
      42             67          1.457e-01      1.304e-04      4.487e-04      1.944e-03   
      43             68          1.455e-01      2.556e-04      8.394e-04      1.920e-03   
      44             69          1.450e-01      5.032e-04      1.607e-03      1.918e-03   
      45             70          1.441e-01      8.656e-04      3.217e-03      2.373e-03   
      46             71          1.422e-01      1.892e-03      6.453e-03      3.309e-03   
      47             72          1.387e-01      3.512e-03      1.303e-02      4.499e-03   
  [mem] RSS 5.61 GB  peak 5.61 GB
      48             77          1.387e-01      4.102e-05      8.174e-05      5.437e-03   
      49             78          1.386e-01      4.312e-05      1.262e-04      2.210e-03   
      50             79          1.386e-01      6.182e-05      2.581e-04      2.112e-03   
      51             80          1.385e-01      1.143e-04      4.836e-04      2.075e-03   
      52             81          1.382e-01      2.171e-04      8.757e-04      2.050e-03   
      53             82          1.378e-01      4.252e-04      1.624e-03      2.015e-03   
      54             83          1.370e-01      8.422e-04      3.226e-03      2.044e-03   
      55             84          1.353e-01      1.655e-03      6.468e-03      3.104e-03   
      56             85          1.322e-01      3.140e-03      1.310e-02      4.207e-03   
      57             90          1.321e-01      3.023e-05      1.062e-04      6.310e-03   
  [mem] RSS 5.61 GB  peak 5.61 GB
      58             91          1.321e-01      4.294e-05      1.852e-04      2.148e-03   
      59             92          1.320e-01      5.507e-05      3.800e-04      2.057e-03   
      60             93          1.319e-01      1.013e-04      6.658e-04      2.052e-03   
      61             94          1.318e-01      1.915e-04      1.046e-03      2.045e-03   
      62             95          1.314e-01      3.771e-04      1.657e-03      1.942e-03   
      63             96          1.306e-01      7.496e-04      3.224e-03      1.934e-03   
      64             97          1.292e-01      1.470e-03      6.455e-03      2.840e-03   
      65             98          1.265e-01      2.642e-03      1.380e-02      1.192e-02   
      66             103         1.264e-01      1.077e-04      2.051e-04      4.240e-03   
      67             104         1.263e-01      7.360e-05      7.537e-04      2.943e-03   
      68             105         1.262e-01      1.042e-04      1.387e-03      2.245e-03   
      69             106         1.261e-01      1.739e-04      2.004e-03      2.534e-03   
      70             107         1.257e-01      3.354e-04      1.914e-03      1.978e-03   
      71             108         1.251e-01      6.695e-04      3.270e-03      1.830e-03   
      72             109         1.238e-01      1.288e-03      6.880e-03      5.098e-03   
  [mem] RSS 5.61 GB  peak 5.61 GB
      73             111         1.232e-01      5.409e-04      6.261e-03      1.149e-02   
      74             112         1.230e-01      1.773e-04      8.751e-03      3.126e-02   
      75             113         1.224e-01      6.067e-04      2.316e-03      3.386e-03   
      76             114         1.221e-01      3.279e-04      2.855e-03      2.592e-03   
      77             115         1.215e-01      6.311e-04      3.132e-03      1.599e-03   
      78             116         1.203e-01      1.213e-03      6.225e-03      2.752e-03   
      79             117         1.180e-01      2.240e-03      1.287e-02      6.322e-03   
      80             122         1.180e-01      5.292e-05      1.139e-04      6.045e-03   
      81             123         1.179e-01      4.389e-05      1.566e-04      1.640e-03   
      82             124         1.179e-01      5.584e-05      3.625e-04      1.470e-03   
      83             125         1.178e-01      8.767e-05      7.262e-04      1.470e-03   
      84             126         1.176e-01      1.481e-04      1.268e-03      1.574e-03   
      85             127         1.174e-01      2.813e-04      1.870e-03      1.582e-03   
      86             128         1.168e-01      5.634e-04      3.047e-03      1.592e-03   
  [mem] RSS 5.61 GB  peak 5.61 GB
      87             129         1.157e-01      1.114e-03      6.094e-03      3.151e-03   
      88             130         1.135e-01      2.166e-03      1.229e-02      5.214e-03   
      89             135         1.135e-01      3.113e-05      5.094e-05      6.907e-03   
      90             136         1.134e-01      4.594e-05      7.431e-05      1.750e-03   
      91             137         1.134e-01      5.716e-05      1.848e-04      1.353e-03   
      92             138         1.133e-01      8.630e-05      3.811e-04      1.133e-03   
      93             139         1.132e-01      1.427e-04      7.484e-04      1.102e-03   
      94             140         1.129e-01      2.726e-04      1.489e-03      1.187e-03   
      95             141         1.123e-01      5.431e-04      3.005e-03      1.776e-03   
      96             142         1.113e-01      1.084e-03      6.137e-03      3.314e-03   
      97             143         1.088e-01      2.455e-03      1.262e-02      2.845e-03   
  [mem] RSS 5.61 GB  peak 5.61 GB
      98             148         1.088e-01      4.799e-06      7.225e-05      7.462e-03   
      99             149         1.088e-01      2.004e-05      1.104e-05      3.988e-03   
      100            150         1.088e-01      1.427e-05      4.674e-05      1.149e-03   
Warning: Maximum number of iterations has been exceeded.
         Current function value: 1.088e-01
         Total delta_x: 2.666e-01
         Iterations: 100
         Function evaluations: 150
         Jacobian evaluations: 101
Timer: Solution time = 17.0 min
Timer: Avg time per step = 10.1 sec
==============================================================================================================
                                                                 Start  -->   End
Total (sum of squares):                                      2.095e-01  -->   1.088e-01, 
Maximum absolute Boundary normal field error:                4.491e-03  -->   3.462e-03 (T*m^2, T^2*m^2)
Minimum absolute Boundary normal field error:                2.532e-06  -->   5.781e-07 (T*m^2, T^2*m^2)
Average absolute Boundary normal field error:                1.256e-03  -->   8.265e-04 (T*m^2, T^2*m^2)
Maximum absolute Boundary normal field error:                9.295e-03  -->   7.165e-03 (normalized)
Minimum absolute Boundary normal field error:                5.240e-06  -->   1.196e-06 (normalized)
Average absolute Boundary normal field error:                2.600e-03  -->   1.711e-03 (normalized)
Maximum absolute Quasi-symmetry (1,0) two-term error:        4.640e-02  -->   3.016e-01 (dimensionless)
Minimum absolute Quasi-symmetry (1,0) two-term error:        2.506e-18  -->   1.716e-17 (dimensionless)
Average absolute Quasi-symmetry (1,0) two-term error:        3.075e-03  -->   2.344e-02 (dimensionless)
Aspect ratio:                                                6.109e+00  -->   6.012e+00 (dimensionless)
Maximum Rotational transform:                                4.172e-01  -->   4.347e-01 (dimensionless)
Minimum Rotational transform:                                3.993e-01  -->   3.995e-01 (dimensionless)
Average Rotational transform:                                4.115e-01  -->   4.223e-01 (dimensionless)
Plasma volume:                                               5.883e-01  -->   5.883e-01 (m^3)
Maximum Coil length:                                         4.123e+00  -->   4.123e+00 (m)
Minimum Coil length:                                         4.123e+00  -->   4.123e+00 (m)
Average Coil length:                                         4.123e+00  -->   4.123e+00 (m)
Maximum Coil curvature:                                      7.631e+00  -->   7.699e+00 (m^-1)
Minimum Coil curvature:                                      0.000e+00  -->   0.000e+00 (m^-1)
Average Coil curvature:                                      1.593e+00  -->   1.598e+00 (m^-1)
Maximum Coil mean squared curvature:                         4.131e+00  -->   4.482e+00 (m^-2)
Minimum Coil mean squared curvature:                         3.747e+00  -->   3.428e+00 (m^-2)
Average Coil mean squared curvature:                         3.918e+00  -->   3.790e+00 (m^-2)
Maximum Coil-coil distance penalty:                          0.000e+00  -->   0.000e+00 (dimensionless)
Minimum Coil-coil distance penalty:                          0.000e+00  -->   0.000e+00 (dimensionless)
Average Coil-coil distance penalty:                          0.000e+00  -->   0.000e+00 (dimensionless)
Maximum Minimum plasma-coil distance:                        2.913e-01  -->   2.898e-01 (m)
Minimum Minimum plasma-coil distance:                        2.412e-01  -->   2.417e-01 (m)
Average Minimum plasma-coil distance:                        2.696e-01  -->   2.616e-01 (m)
Maximum absolute Force error:                                2.270e+02  -->   1.832e+03 (N)
Minimum absolute Force error:                                1.428e-04  -->   2.554e-03 (N)
Average absolute Force error:                                4.521e+00  -->   4.291e+01 (N)
Maximum absolute Force error:                                1.783e-04  -->   1.439e-03 (normalized)
Minimum absolute Force error:                                1.121e-10  -->   2.005e-09 (normalized)
Average absolute Force error:                                3.549e-06  -->   3.369e-05 (normalized)
R boundary error:                                            7.974e-20  -->   1.418e-20 (m)
Fixed Psi error:                                             0.000e+00  -->   0.000e+00 (Wb)
Fixed pressure profile error:                                0.000e+00  -->   0.000e+00 (Pa)
Fixed current profile error:                                 0.000e+00  -->   0.000e+00 (A)
Fixed sheet current error:                                   0.000e+00  -->   0.000e+00 (~)
Z boundary error:                                            3.071e-20  -->   6.013e-22 (m)
Summed coil current error:                                   0.000e+00  -->   2.328e-10 (A)
==============================================================================================================

/home/singh/Documents/DESC2/coil_sandbox/vendor/desc/utils.py:590: UserWarning: Unequal number of field periods for grid 1 and basis 2.
  warnings.warn(msg, err)
/home/singh/Documents/DESC2/coil_sandbox/vendor/desc/utils.py:590: UserWarning: Unequal number of field periods for grid 1 and basis 2.
  warnings.warn(msg, err)
/home/singh/Documents/DESC2/coil_sandbox/vendor/desc/utils.py:590: FutureWarning: constants is deprecated and will be removed in a future release. Users should not include constants in the arguments of their objective compute methods. Instead declare all the constants in the build method and use as self._constants.
  warnings.warn(msg, err)
/home/singh/Documents/DESC2/coil_sandbox/vendor/desc/utils.py:590: FutureWarning: constants is deprecated and will be removed in a future release. Users should not include constants in the arguments of their objective compute methods. Instead declare all the constants in the build method and use as self._constants.
  warnings.warn(msg, err)
/home/singh/Documents/DESC2/coil_sandbox/vendor/desc/utils.py:590: FutureWarning: constants is deprecated and will be removed in a future release. Users should not include constants in the arguments of their objective compute methods. Instead declare all the constants in the build method and use as self._constants.
  warnings.warn(msg, err)
/home/singh/Documents/DESC2/coil_sandbox/vendor/desc/utils.py:590: FutureWarning: constants is deprecated and will be removed in a future release. Users should not include constants in the arguments of their objective compute methods. Instead declare all the constants in the build method and use as self._constants.
  warnings.warn(msg, err)
/home/singh/Documents/DESC2/coil_sandbox/vendor/desc/utils.py:590: FutureWarning: constants is deprecated and will be removed in a future release. Users should not include constants in the arguments of their objective compute methods. Instead declare all the constants in the build method and use as self._constants.
  warnings.warn(msg, err)
/home/singh/Documents/DESC2/coil_sandbox/vendor/desc/utils.py:590: FutureWarning: constants is deprecated and will be removed in a future release. Users should not include constants in the arguments of their objective compute methods. Instead declare all the constants in the build method and use as self._constants.
  warnings.warn(msg, err)

TERMS AFTER k=4
term                             dim_f    weight     norm    s(qw)  target/bounds           raw min    raw max       cost  err/tol  share
Vacuum B.n error                  1326      31.8   0.4832    6.283  = 0                   -0.003219   0.003462    0.09745    0.441  89.6%
QS two-term (scale-invariant)     5445     0.118        -    41.41  = 0                     -0.3016     0.3016    0.01107    0.149  10.2%
aspect ratio                         1      16.7        -        1  [5.5, 6.5]                6.012      6.012          0        0   0.0%
rotational transform                20       250        -        1  [0.4, inf]               0.3995     0.4347  0.0001992     0.02   0.2%
volume                               1       333        -        1  [0.5883, 0.6123]         0.5883     0.5883  4.068e-06  0.00285   0.0%
coil length                          4      24.3        -        2  [0, 4.123]                4.123      4.123  3.628e-05  0.00852   0.0%
coil curvature                    1204      23.8        -   0.7243  [0, 11.58]                    0      7.699          0        0   0.0%
coil mean squared curvature          4      17.9        -        2  [0, 5.592]                3.428      4.482          0        0   0.0%
coil-coil distance penalty          54        11        -    7.348  [-inf, 0]                     0          0          0        0   0.0%
plasma-coil minimum distance         8       573        -    2.828  [0.1745, inf]            0.2417     0.2898          0        0   0.0%
total cost 0.5 sum f^2                                                                                                      0.1088
k=4 physics  A 6.012  R0 1.0251  a 0.1705  iota [0.3995, 0.4348]  QS(Boozer, |B_nonsym|/<B>) rho 0.25 5.94e-03  rho 0.5 7.52e-03  rho 0.75 1.10e-02  rho 1 1.74e-02
k=4 coils    bn 1.8145e-03 (max 7.495e-03)  L 1.000  kappa 0.662  kMS 0.801  d_cc 1.827  d_pc 1.412  linked 0  -> FAILS L
k=4 solver   Maximum number of iterations has been exceeded.  nit 100  wall 17.7 min

wrote work/ss_qa/qsladder/qs1000: eq_k*.h5, coils_k*.h5, result.json
