/home/jay/Documents/desc_dev/DESC/desc/__init__.py:94: FutureWarning: The pynvml package is deprecated. Please install nvidia-ml-py instead. If you did not install pynvml directly, please report this to the maintainers of the package that installed pynvml for you.
  from pynvml import (
DESC /home/jay/Documents/desc_dev/DESC/desc
DEVICE requested=gpu obtained=gpu (1x NVIDIA GeForce RTX 5070 Ti)
[    0.9s] NAE: iota 0.4198 helicity 0.0 max elong 5.00
[  121.0s] NAE fixed-boundary initial guess solved
[  128.6s] cos(B_eq, B_coils) on the initial boundary: mean 0.9974
[  140.7s] NAE fixed boundary: {"R0": 0.9286168125692894, "a": 0.17308291023695324, "A": 5.365155989681467, "helicity": [1, 0], "qs_booz_rho.25,.5,.75,1": [0.022919717364363736, 0.019078972660021436, 0.0301111845194241, 0.06074361957131284], "iota_axis": 0.4035164684298713, "iota_edge": 0.4305369667481667, "iota_min": 0.4035164684298713, "iota_max": 0.4305369667481667, "bn_rms": 0.040590909845675774, "bn_max": 0.24510477351813043, "axis_R0n": [0.93205, 0.22694, 0.02525, 0.00061, -0.00071, -0.00013, 1e-05, 0.0, -0.0, 0.0, 0.0], "axis_Z0n": [0.0, 0.0, 0.0, 0.0, -1e-05, 7e-05, 0.00031, -0.00063, -0.01, -0.08714]}
Building objective: Vacuum boundary error
Precomputing transforms
Building objective: force
Precomputing transforms
Building objective: fixed current
Building objective: fixed pressure
Building objective: fixed Psi
Building objective: lcfs R
Building objective: lcfs Z
Number of parameters: 25
Number of objectives: 3362

Starting optimization
Using method: proximal-lsq-exact
Warning: Maximum number of iterations has been exceeded.
         Current function value: 5.165e-02
         Total delta_x: 1.032e-01
         Iterations: 100
         Function evaluations: 105
         Jacobian evaluations: 101
==============================================================================================================
                                                                 Start  -->   End
Total (sum of squares):                                      4.235e-01  -->   5.165e-02, 
Maximum absolute Boundary normal field error:                2.565e-02  -->   1.642e-02 (T*m^2)
Minimum absolute Boundary normal field error:                6.677e-17  -->   4.442e-17 (T*m^2)
Average absolute Boundary normal field error:                5.786e-03  -->   4.213e-03 (T*m^2)
Maximum absolute Boundary normal field error:                1.685e-01  -->   1.079e-01 (normalized)
Minimum absolute Boundary normal field error:                4.386e-16  -->   2.918e-16 (normalized)
Average absolute Boundary normal field error:                3.801e-02  -->   2.768e-02 (normalized)
Maximum absolute Boundary magnetic pressure error:           6.159e-02  -->   1.639e-02 (T^2*m^2)
Minimum absolute Boundary magnetic pressure error:           6.087e-06  -->   9.166e-06 (T^2*m^2)
Average absolute Boundary magnetic pressure error:           1.125e-02  -->   3.363e-03 (T^2*m^2)
Maximum absolute Boundary magnetic pressure error:           5.260e-01  -->   1.400e-01 (normalized)
Minimum absolute Boundary magnetic pressure error:           5.199e-05  -->   7.829e-05 (normalized)
Average absolute Boundary magnetic pressure error:           9.609e-02  -->   2.873e-02 (normalized)
Maximum absolute Force error:                                2.566e+02  -->   2.538e+02 (N)
Minimum absolute Force error:                                1.074e-04  -->   2.660e-04 (N)
Average absolute Force error:                                4.901e+00  -->   5.963e+00 (N)
Maximum absolute Force error:                                2.790e-04  -->   2.760e-04 (normalized)
Minimum absolute Force error:                                1.168e-10  -->   2.893e-10 (normalized)
Average absolute Force error:                                5.329e-06  -->   6.484e-06 (normalized)
Fixed current profile error:                                 0.000e+00  -->   0.000e+00 (A)
Fixed pressure profile error:                                0.000e+00  -->   0.000e+00 (Pa)
Fixed Psi error:                                             0.000e+00  -->   0.000e+00 (Wb)
R boundary error:                                            8.507e-19  -->   1.246e-18 (m)
Z boundary error:                                            1.122e-18  -->   9.169e-19 (m)
==============================================================================================================

[  722.0s] free boundary shell k=2: B.n rms 2.977e-02 max 1.451e-01 (Maximum number of iterations has been exceeded.)
/home/jay/Documents/desc_dev/DESC/desc/utils.py:590: UserWarning: Optimizable object Equilibrium at 0x709e00a0a350 (L=10, M=10, N=10, NFP=2, sym=True, spectral_indexing=ansi) is constrained by <desc.objectives.linear_objectives.FixBoundaryR object at 0x709dfaf88910> but not included in objective.
  warnings.warn(msg, err)
/home/jay/Documents/desc_dev/DESC/desc/utils.py:590: UserWarning: Optimizable object Equilibrium at 0x709e00a0a350 (L=10, M=10, N=10, NFP=2, sym=True, spectral_indexing=ansi) is constrained by <desc.objectives.linear_objectives.FixBoundaryZ object at 0x709dfaf889f0> but not included in objective.
  warnings.warn(msg, err)
/home/jay/Documents/desc_dev/DESC/desc/utils.py:590: UserWarning: Optimizable object Equilibrium at 0x709e00a0a350 (L=10, M=10, N=10, NFP=2, sym=True, spectral_indexing=ansi) is constrained by <desc.objectives.linear_objectives.FixPsi object at 0x709dfaf88ad0> but not included in objective.
  warnings.warn(msg, err)
/home/jay/Documents/desc_dev/DESC/desc/utils.py:590: UserWarning: Optimizable object Equilibrium at 0x709e00a0a350 (L=10, M=10, N=10, NFP=2, sym=True, spectral_indexing=ansi) is constrained by <desc.objectives.linear_objectives.FixPressure object at 0x709dfaf88bb0> but not included in objective.
  warnings.warn(msg, err)
/home/jay/Documents/desc_dev/DESC/desc/utils.py:590: UserWarning: Optimizable object Equilibrium at 0x709e00a0a350 (L=10, M=10, N=10, NFP=2, sym=True, spectral_indexing=ansi) is constrained by <desc.objectives.linear_objectives.FixCurrent object at 0x709dfaf88c90> but not included in objective.
  warnings.warn(msg, err)
/home/jay/Documents/desc_dev/DESC/desc/utils.py:590: UserWarning: Optimizable object Equilibrium at 0x709e00a0a350 (L=10, M=10, N=10, NFP=2, sym=True, spectral_indexing=ansi) is constrained by <desc.objectives.linear_objectives.FixSheetCurrent object at 0x709dfaf88d70> but not included in objective.
  warnings.warn(msg, err)
/home/jay/Documents/desc_dev/DESC/desc/utils.py:590: UserWarning: Optimizable object Equilibrium at 0x709e00a0a350 (L=10, M=10, N=10, NFP=2, sym=True, spectral_indexing=ansi) is constrained by <desc.objectives.linear_objectives.BoundaryRSelfConsistency object at 0x709dfaf88f30> but not included in objective.
  warnings.warn(msg, err)
/home/jay/Documents/desc_dev/DESC/desc/utils.py:590: UserWarning: Optimizable object Equilibrium at 0x709e00a0a350 (L=10, M=10, N=10, NFP=2, sym=True, spectral_indexing=ansi) is constrained by <desc.objectives.linear_objectives.BoundaryZSelfConsistency object at 0x709dfaf89010> but not included in objective.
  warnings.warn(msg, err)
/home/jay/Documents/desc_dev/DESC/desc/utils.py:590: UserWarning: Optimizable object Equilibrium at 0x709e00a0a350 (L=10, M=10, N=10, NFP=2, sym=True, spectral_indexing=ansi) is constrained by <desc.objectives.linear_objectives.FixLambdaGauge object at 0x709dfaf890f0> but not included in objective.
  warnings.warn(msg, err)
/home/jay/Documents/desc_dev/DESC/desc/utils.py:590: UserWarning: Optimizable object Equilibrium at 0x709e00a0a350 (L=10, M=10, N=10, NFP=2, sym=True, spectral_indexing=ansi) is constrained by <desc.objectives.linear_objectives.AxisRSelfConsistency object at 0x709dfaf891d0> but not included in objective.
  warnings.warn(msg, err)
/home/jay/Documents/desc_dev/DESC/desc/utils.py:590: UserWarning: Optimizable object Equilibrium at 0x709e00a0a350 (L=10, M=10, N=10, NFP=2, sym=True, spectral_indexing=ansi) is constrained by <desc.objectives.linear_objectives.AxisZSelfConsistency object at 0x709dfaf892b0> but not included in objective.
  warnings.warn(msg, err)
Traceback (most recent call last):
  File "/home/jay/Documents/desc_dev/DESC/coil_sandbox/from_axis/na/score_fb.py", line 141, in <module>
    eq, res = eq.optimize(objective, constraints + bc, optimizer="proximal-lsq-exact", verbose=1,
              ~~~~~~~~~~~^^^^^^^^^^^^^^^^^^^^^^^^^^^^^^^^^^^^^^^^^^^^^^^^^^^^^^^^^^^^^^^^^^^^^^^^
                          maxiter=a.maxiter, ftol=1e-8, xtol=1e-10, gtol=1e-8, copy=True)
                          ^^^^^^^^^^^^^^^^^^^^^^^^^^^^^^^^^^^^^^^^^^^^^^^^^^^^^^^^^^^^^^^
  File "/home/jay/Documents/desc_dev/DESC/desc/equilibrium/equilibrium.py", line 2548, in optimize
    things, result = optimizer.optimize(
                     ~~~~~~~~~~~~~~~~~~^
        self,
        ^^^^^
    ...<10 lines>...
        copy=copy,
        ^^^^^^^^^^
    )
    ^
  File "/home/jay/Documents/desc_dev/DESC/desc/optimize/optimizer.py", line 255, in optimize
    objective, nonlinear_constraint = get_combined_constraint_objectives(
                                      ~~~~~~~~~~~~~~~~~~~~~~~~~~~~~~~~~~^
        eq,
        ^^^
    ...<6 lines>...
        options,
        ^^^^^^^^
    )
    ^
  File "/home/jay/Documents/desc_dev/DESC/desc/optimize/optimizer.py", line 649, in get_combined_constraint_objectives
    objective.build(verbose=verbose)
    ~~~~~~~~~~~~~~~^^^^^^^^^^^^^^^^^
  File "/home/jay/Documents/desc_dev/DESC/desc/optimize/_constraint_wrappers.py", line 744, in build
    errorif(
    ~~~~~~~^
        self._constraint.things != [self._eq],
        ^^^^^^^^^^^^^^^^^^^^^^^^^^^^^^^^^^^^^^
        ValueError,
        ^^^^^^^^^^^
        "ProximalProjection can only handle constraints on the equilibrium.",
        ^^^^^^^^^^^^^^^^^^^^^^^^^^^^^^^^^^^^^^^^^^^^^^^^^^^^^^^^^^^^^^^^^^^^^
    )
    ^
  File "/home/jay/Documents/desc_dev/DESC/desc/utils.py", line 578, in errorif
    raise err(colored(msg, "red"))
ValueError: ProximalProjection can only handle constraints on the equilibrium.
