ERROR:2026-10-09 18:41:41,073:jax._src.xla_bridge:487: Jax plugin configuration error: Exception when calling jax_plugins.xla_cuda12.initialize()
Traceback (most recent call last):
  File "/home/jay/miniconda3/envs/desc-dev/lib/python3.13/site-packages/jax/_src/xla_bridge.py", line 485, in discover_pjrt_plugins
    plugin_module.initialize()
    ~~~~~~~~~~~~~~~~~~~~~~~~^^
  File "/home/jay/miniconda3/envs/desc-dev/lib/python3.13/site-packages/jax_plugins/xla_cuda12/__init__.py", line 328, in initialize
    _check_cuda_versions(raise_on_first_error=True)
    ~~~~~~~~~~~~~~~~~~~~^^^^^^^^^^^^^^^^^^^^^^^^^^^
  File "/home/jay/miniconda3/envs/desc-dev/lib/python3.13/site-packages/jax_plugins/xla_cuda12/__init__.py", line 285, in _check_cuda_versions
    local_device_count = cuda_versions.cuda_device_count()
RuntimeError: jaxlib/cuda/versions_helpers.cc:113: operation cuInit(0) failed: CUDA_ERROR_NO_DEVICE
DESC /home/jay/Documents/desc_dev/DESC/desc
DEVICE requested=cpu obtained=cpu (1x cpu)
nfp 5 nc 3 mode z0 helicity -1.0 nparams 64 order 2 seed -1
{"tag": "init", "cost": 0.18709061129704005, "cost_targets": 0.187066184492225, "cost_bounds": 2.442680481505229e-05, "max_dB": 0.021861510090566208, "max_dG_rel": 0.03973354781823461, "iota": 1.2298937247598678, "eta": 2.5528451482116874, "hel": -1.0, "max_elong": 2.2982557177977005, "axis_rc": [0.91978, 0.13126, 0.01078, 0.00031, -8e-05, -1e-05], "axis_zs": [0.0, -0.11912, -0.01, -0.00035, 6e-05, 1e-05], "max_abs_Zaxis": 0.12042735507072296, "min_dpc": 0.0973291863986536, "min_dcc": 0.03999737393086672, "max_kappa": 15.445660906090058, "Lcoil": [2.597, 2.596, 2.597], "I_over_uniform": [1.357, 1.217, 0.801], "n_active_bounds": 22, "L_total": 7.7902386688460465, "coil_R_max": 1.4866377130385706, "coil_absz_max": 0.640216363037783, "mean_kappa2": 0.13836182329935065, "cost_reg": 0.0016415399966636906, "cost_field": 0.1854246444955613, "B2c": -1.1075835674989636, "B20_residual": 0.48033369404566656, "max_dGG_rel": 0.2534161499674794}
   Iteration     Total nfev        Cost      Cost reduction    Step norm     Optimality   
       0              1          1.871e-01                                    2.976e-02   
       1              2          1.786e-01      8.492e-03      1.772e+00      3.248e-03   
       2              3          1.727e-01      5.855e-03      3.989e+00      5.670e-03   
       3              4          1.633e-01      9.463e-03      8.759e+00      8.593e-03   
       4              6          1.626e-01      6.715e-04      1.066e+01      2.269e-02   
       5              7          1.574e-01      5.250e-03      5.726e+00      1.138e-02   
       6              8          1.483e-01      9.086e-03      5.035e+00      4.048e-03   
       7              9          1.425e-01      5.819e-03      1.076e+01      3.597e-03   
       8             12          1.411e-01      1.339e-03      3.473e+00      4.116e-03   
       9             13          1.394e-01      1.758e-03      3.161e+00      1.968e-03   
      10             14          1.380e-01      1.387e-03      3.711e+00      1.200e-03   
      11             15          1.349e-01      3.106e-03      9.242e+00      1.620e-03   
      12             16          1.316e-01      3.235e-03      1.837e+01      9.501e-03   
      13             17          1.289e-01      2.743e-03      1.301e+01      3.904e-03   
      14             19          1.286e-01      2.628e-04      7.321e+00      9.452e-03   
      15             20          1.271e-01      1.493e-03      5.014e+00      2.332e-03   
      16             21          1.263e-01      8.448e-04      9.147e+00      1.954e-03   
      17             22          1.251e-01      1.157e-03      1.681e+01      8.394e-04   
      18             23          1.241e-01      1.055e-03      3.314e+01      6.429e-03   
      19             24          1.236e-01      4.465e-04      6.725e-01      4.180e-03   
      20             25          1.229e-01      7.700e-04      2.546e+01      3.170e-03   
      21             26          1.228e-01      2.197e-05      2.575e-01      3.106e-03   
      22             27          1.224e-01      4.136e-04      2.104e+01      9.183e-04   
      23             28          1.224e-01      1.288e-05      7.418e-02      6.723e-04   
      24             29          1.222e-01      2.189e-04      2.464e+01      2.647e-03   
      25             36          1.222e-01      1.262e-05      2.956e-03      2.508e-03   
      26             37          1.222e-01      1.762e-05      6.762e-03      2.159e-03   
      27             38          1.221e-01      2.550e-05      1.358e-02      1.457e-03   
      28             39          1.221e-01      1.817e-05      1.687e-02      6.049e-04   
      29             40          1.221e-01      4.035e-06      1.114e-02      1.199e-04   
      30             41          1.221e-01      6.683e-07      1.039e-02      1.970e-05   
      31             42          1.221e-01      7.245e-07      2.164e-02      1.506e-05   
      32             43          1.221e-01      1.460e-06      5.513e-02      3.707e-05   
      33             44          1.221e-01      3.222e-06      1.408e-01      9.660e-06   
      34             45          1.221e-01      6.596e-06      3.489e-01      1.503e-05   
      35             46          1.221e-01      1.390e-05      8.742e-01      2.254e-05   
      36             47          1.221e-01      2.706e-05      2.097e+00      2.065e-05   
      37             48          1.220e-01      5.237e-05      5.036e+00      4.510e-05   
      38             49          1.219e-01      1.060e-04      1.235e+01      4.137e-04   
      39             50          1.219e-01      1.996e-06      1.308e-01      2.974e-05   
      40             51          1.219e-01      4.376e-05      3.386e+01      3.284e-03   
      41             52          1.217e-01      1.171e-04      1.244e-01      2.964e-03   
      42             53          1.217e-01      4.819e-05      2.823e+01      3.193e-03   
      43             59          1.216e-01      6.231e-05      2.137e-01      1.602e-03   
      44             60          1.216e-01      2.448e-05      3.341e-02      1.411e-04   
      45             61          1.216e-01      8.123e-06      4.714e-02      6.724e-05   
      46             62          1.216e-01      7.581e-06      8.398e-02      3.397e-05   
      47             63          1.216e-01      1.423e-05      1.979e-01      2.591e-05   
      48             64          1.215e-01      2.250e-05      4.235e-01      2.390e-05   
      49             65          1.215e-01      3.786e-05      9.756e-01      2.521e-05   
      50             66          1.215e-01      4.742e-05      1.666e+00      4.389e-05   
      51             67          1.214e-01      3.118e-05      3.172e+00      2.901e-04   
      52             68          1.214e-01      3.239e-05      2.540e+00      1.280e-04   
      53             69          1.214e-01      2.702e-05      4.623e+00      1.452e-04   
      54             70          1.214e-01      8.152e-07      9.048e-03      9.222e-06   
      55             71          1.214e-01      1.573e-05      8.231e+00      1.237e-04   
      56             78          1.214e-01      4.607e-08      2.250e-04      1.158e-04   
      57             79          1.214e-01      9.321e-08      5.235e-04      9.713e-05   
      58             80          1.214e-01      1.311e-07      9.974e-04      6.212e-05   
      59             81          1.214e-01      8.641e-08      1.231e-03      2.359e-05   
      60             82          1.214e-01      3.677e-08      1.513e-03      8.603e-06   
      61             83          1.214e-01      5.576e-08      3.747e-03      8.624e-06   
      62             84          1.214e-01      1.403e-07      1.030e-02      8.081e-06   
      63             85          1.214e-01      3.050e-07      2.560e-02      6.524e-06   
      64             86          1.214e-01      4.893e-07      5.422e-02      3.977e-06   
      65             87          1.214e-01      5.236e-07      8.881e-02      4.338e-06   
      66             92          1.214e-01      9.963e-10      2.603e-04      2.131e-06   
      67             93          1.214e-01      2.165e-09      5.309e-04      1.303e-06   
      68             94          1.214e-01      6.225e-09      1.568e-03      1.302e-06   
      69             95          1.214e-01      1.761e-08      4.545e-03      1.300e-06   
      70             96          1.214e-01      4.637e-08      1.266e-02      1.291e-06   
      71             97          1.214e-01      1.094e-07      3.326e-02      1.900e-06   
      72             98          1.214e-01      2.256e-07      8.522e-02      2.410e-05   
      73             99          1.214e-01      5.383e-07      2.238e-01      6.826e-06   
      74             100         1.214e-01      9.633e-07      5.063e-01      2.652e-06   
      75             101         1.214e-01      1.606e-06      1.112e+00      3.775e-06   
      76             102         1.213e-01      2.339e-06      2.340e+00      1.787e-05   
      77             103         1.213e-01      8.874e-07      4.273e+00      3.513e-05   
      78             104         1.213e-01      9.540e-07      4.870e-01      2.531e-06   
      79             107         1.213e-01      6.475e-07      1.298e+00      4.330e-06   
      80             108         1.213e-01      2.361e-07      9.009e-01      6.251e-06   
      81             109         1.213e-01      1.264e-07      5.443e-01      3.861e-06   
      82             110         1.213e-01      5.551e-08      3.974e-01      3.210e-06   
      83             111         1.213e-01      2.359e-08      3.612e-01      2.856e-06   
      84             112         1.213e-01      1.695e-08      2.709e-01      2.190e-06   
      85             113         1.213e-01      5.257e-09      1.528e-01      1.123e-06   
      86             114         1.213e-01      2.021e-09      1.063e-01      6.741e-07   
      87             115         1.213e-01      4.507e-10      8.849e-02      6.173e-07   
      88             116         1.213e-01      3.913e-10      5.175e-02      3.448e-07   
      89             117         1.213e-01      1.575e-10      2.863e-02      2.078e-07   
      90             118         1.213e-01      4.030e-11      1.614e-02      7.547e-08   
      91             119         1.213e-01      4.699e-12      4.895e-03      1.660e-08   
Optimization terminated successfully.
`ftol` condition satisfied. (ftol=1.00e-10)
         Current function value: 1.213e-01
         Max scaled gradient: 1.660e-08
         Total delta_x: 5.374e-01
         Iterations: 91
         Function evaluations: 119
         Jacobian evaluations: 92
{"tag": "final", "cost": 0.12134481768671959, "cost_targets": 0.12088174360584297, "cost_bounds": 0.0004630740808765857, "max_dB": 0.04696712571484554, "max_dG_rel": 0.05797900516185544, "iota": 1.2831803884577742, "eta": 2.5142028572565156, "hel": -1.0, "max_elong": 2.32049064684557, "axis_rc": [0.95892, 0.14281, 0.01235, 0.0006, -3e-05, -1e-05], "axis_zs": [0.0, -0.13409, -0.01185, -0.00063, 2e-05, 1e-05], "max_abs_Zaxis": 0.13554413475062607, "min_dpc": 0.09727789946029763, "min_dcc": 0.03999075999823264, "max_kappa": 15.446156332338386, "Lcoil": [2.599, 2.598, 2.603], "I_over_uniform": [1.456, 1.268, 0.898], "n_active_bounds": 20, "L_total": 7.799373238563822, "coil_R_max": 1.5165978454992703, "coil_absz_max": 0.5746562098968203, "mean_kappa2": 0.1172157427128964, "cost_reg": 0.0016247042417363328, "cost_field": 0.11925703936410664, "B2c": -0.6107475417081858, "B20_residual": 0.15868036720793682, "max_dGG_rel": 0.1873434875225618, "time_s": 206, "status": "Optimization terminated successfully.\n`ftol` condition satisfied. (ftol=1.00e-10)", "nit": 91, "optimality": 1.6598075765137138e-08}
