ERROR:2026-10-09 18:13:50,654:jax._src.xla_bridge:487: Jax plugin configuration error: Exception when calling jax_plugins.xla_cuda12.initialize()
Traceback (most recent call last):
  File "/home/jay/miniconda3/envs/desc-dev/lib/python3.13/site-packages/jax/_src/xla_bridge.py", line 485, in discover_pjrt_plugins
    plugin_module.initialize()
    ~~~~~~~~~~~~~~~~~~~~~~~~^^
  File "/home/jay/miniconda3/envs/desc-dev/lib/python3.13/site-packages/jax_plugins/xla_cuda12/__init__.py", line 328, in initialize
    _check_cuda_versions(raise_on_first_error=True)
    ~~~~~~~~~~~~~~~~~~~~^^^^^^^^^^^^^^^^^^^^^^^^^^^
  File "/home/jay/miniconda3/envs/desc-dev/lib/python3.13/site-packages/jax_plugins/xla_cuda12/__init__.py", line 285, in _check_cuda_versions
    local_device_count = cuda_versions.cuda_device_count()
RuntimeError: jaxlib/cuda/versions_helpers.cc:113: operation cuInit(0) failed: CUDA_ERROR_NO_DEVICE
DESC /home/jay/Documents/desc_dev/DESC/desc
DEVICE requested=cpu obtained=cpu (1x cpu)
nfp 2 nc 4 mode z0 helicity 0.0 nparams 81 order 2 seed -1
{"tag": "init", "cost": 0.06518525400274576, "cost_targets": 0.06518525221554353, "cost_bounds": 1.7872022812569502e-09, "max_dB": 0.0011040855641017682, "max_dG_rel": 0.008472939433925708, "iota": 0.41975336565137594, "eta": 0.7544260705225944, "hel": 0.0, "max_elong": 5.0000128929240235, "axis_rc": [0.93916, 0.22013, 0.02455, 0.00086, -0.0006, -0.00013], "axis_zs": [0.0, -0.08464, -0.00939, -0.00046, 0.00024, 5e-05], "max_abs_Zaxis": 0.08635343784129138, "min_dpc": 0.1477947712899554, "min_dcc": 0.03999996377210744, "max_kappa": 10.17366486206399, "Lcoil": [3.282, 3.638, 3.941, 3.396], "I_over_uniform": [0.835, 0.96, 1.265, 0.93], "n_active_bounds": 10, "L_total": 14.256905858454253, "coil_R_max": 1.7813035144668146, "coil_absz_max": 0.6432089682406334, "mean_kappa2": 0.08577713091751284, "cost_reg": 0.001762233329019262, "cost_field": 0.06342301888652427, "B2c": 1.2, "B20_residual": 0.47743540428677445, "max_dGG_rel": 0.9835675272151886}
   Iteration     Total nfev        Cost      Cost reduction    Step norm     Optimality   
       0              1          6.519e-02                                    2.110e-01   
       1              2          2.980e-02      3.539e-02      1.338e+00      2.177e-02   
       2              3          2.881e-02      9.870e-04      1.159e+00      3.256e-04   
       3              4          2.799e-02      8.234e-04      2.616e+00      1.833e-04   
       4              5          2.662e-02      1.370e-03      5.659e+00      1.854e-04   
       5              6          2.374e-02      2.876e-03      1.472e+01      4.352e-04   
       6              7          1.916e-02      4.581e-03      3.223e+01      1.228e-03   
       7              8          1.410e-02      5.064e-03      5.905e+01      7.838e-03   
       8              9          1.171e-02      2.389e-03      3.634e+01      5.765e-04   
       9             11          1.066e-02      1.053e-03      5.399e+01      7.073e-03   
      10             12          1.062e-02      4.031e-05      7.705e-01      8.611e-03   
      11             13          9.085e-03      1.531e-03      3.744e+01      4.266e-03   
      12             19          8.835e-03      2.499e-04      8.167e-02      3.318e-03   
      13             20          8.730e-03      1.046e-04      4.582e-02      1.673e-04   
      14             21          8.728e-03      2.331e-06      3.460e-02      2.364e-05   
      15             22          8.724e-03      3.962e-06      8.220e-02      1.920e-05   
      16             23          8.718e-03      6.088e-06      1.707e-01      1.295e-05   
      17             24          8.708e-03      9.494e-06      3.848e-01      9.582e-06   
      18             25          8.685e-03      2.329e-05      1.082e+00      1.162e-05   
      19             26          8.621e-03      6.424e-05      3.104e+00      2.347e-05   
      20             27          8.462e-03      1.589e-04      8.472e+00      2.258e-04   
      21             28          8.094e-03      3.684e-04      2.242e+01      9.335e-04   
      22             32          8.059e-03      3.434e-05      1.095e+00      1.409e-05   
      23             33          8.041e-03      1.799e-05      1.067e+00      6.583e-06   
      24             34          7.992e-03      4.888e-05      3.096e+00      1.396e-05   
      25             35          7.858e-03      1.339e-04      8.821e+00      8.253e-05   
      26             36          7.568e-03      2.907e-04      2.238e+01      7.692e-04   
      27             37          7.405e-03      1.630e-04      2.819e+01      2.864e-03   
      28             42          7.245e-03      1.602e-04      1.435e+00      6.964e-04   
      29             43          7.238e-03      6.417e-06      9.562e-02      1.072e-05   
      30             44          7.234e-03      4.709e-06      1.834e-01      1.097e-05   
      31             45          7.227e-03      6.347e-06      3.554e-01      6.184e-06   
      32             46          7.217e-03      1.063e-05      8.715e-01      7.906e-06   
      33             47          7.190e-03      2.674e-05      2.427e+00      9.928e-06   
      34             48          7.118e-03      7.181e-05      6.870e+00      1.341e-05   
      35             49          7.053e-03      6.535e-05      6.741e+00      2.817e-04   
      36             50          6.726e-03      3.268e-04      4.509e+01      2.310e-03   
      37             54          6.683e-03      4.295e-05      1.756e+00      3.259e-04   
      38             55          6.665e-03      1.773e-05      1.086e+00      7.361e-06   
      39             56          6.646e-03      1.896e-05      2.620e+00      1.374e-05   
      40             57          6.597e-03      4.921e-05      7.299e+00      2.336e-05   
      41             58          6.482e-03      1.152e-04      1.908e+01      9.623e-05   
      42             59          6.274e-03      2.078e-04      4.333e+01      2.548e-04   
      43             61          6.148e-03      1.262e-04      4.172e+01      2.231e-03   
      44             62          5.969e-03      1.785e-04      5.118e+01      6.050e-04   
      45             63          5.810e-03      1.591e-04      6.057e+01      1.372e-03   
      46             64          5.722e-03      8.777e-05      7.627e+01      7.417e-04   
      47             67          5.607e-03      1.152e-04      1.376e+01      2.827e-05   
      48             68          5.561e-03      4.620e-05      1.790e+01      1.743e-05   
      49             69          5.483e-03      7.770e-05      4.365e+01      5.559e-05   
      50             70          5.329e-03      1.546e-04      1.073e+02      2.826e-04   
      51             73          5.261e-03      6.795e-05      3.895e+01      6.360e-05   
      52             75          5.200e-03      6.059e-05      5.009e+01      5.812e-05   
      53             78          5.175e-03      2.491e-05      1.943e+01      4.687e-05   
      54             81          5.166e-03      9.148e-06      7.313e+00      6.378e-06   
      55             84          5.162e-03      4.236e-06      3.123e+00      5.600e-06   
      56             86          5.156e-03      5.780e-06      4.514e+00      5.672e-06   
      57             89          5.154e-03      2.227e-06      1.708e+00      5.686e-06   
      58             90          5.151e-03      2.762e-06      4.827e+00      1.430e-04   
      59             91          5.143e-03      8.274e-06      4.764e+00      6.622e-05   
      60             93          5.139e-03      4.348e-06      6.527e+00      1.976e-04   
      61             94          5.131e-03      7.817e-06      6.269e+00      1.927e-04   
      62             95          5.124e-03      6.738e-06      6.764e+00      2.285e-04   
      63             96          5.116e-03      8.250e-06      6.787e+00      1.938e-04   
      64             97          5.107e-03      8.398e-06      7.449e+00      2.342e-05   
      65             98          5.094e-03      1.323e-05      2.016e+01      2.300e-04   
      66             99          5.076e-03      1.829e-05      2.692e+01      2.696e-04   
      67             100         5.054e-03      2.155e-05      3.541e+01      1.614e-04   
      68             101         5.036e-03      1.775e-05      6.488e+01      4.739e-05   
      69             107         5.029e-03      7.783e-06      2.428e-01      6.776e-05   
      70             108         5.027e-03      1.459e-06      7.856e-02      8.674e-06   
      71             109         5.026e-03      9.486e-07      1.010e-01      3.733e-06   
      72             110         5.026e-03      2.847e-07      9.101e-02      1.366e-06   
      73             111         5.026e-03      2.053e-07      1.693e-01      8.066e-07   
      74             112         5.025e-03      3.706e-07      4.024e-01      1.453e-06   
      75             113         5.025e-03      7.186e-07      9.762e-01      2.403e-06   
      76             114         5.023e-03      1.413e-06      2.372e+00      8.943e-07   
      77             115         5.021e-03      2.685e-06      5.604e+00      1.154e-05   
      78             116         5.020e-03      2.001e-07      4.333e-01      7.065e-07   
      79             117         5.010e-03      1.050e-05      3.435e+01      1.087e-04   
      80             118         5.010e-03      3.941e-07      1.141e-02      1.742e-04   
      81             121         5.008e-03      1.335e-06      9.355e+00      3.107e-05   
      82             123         5.006e-03      2.451e-06      5.630e+00      6.957e-06   
      83             124         5.005e-03      3.971e-07      5.008e-02      1.047e-05   
      84             125         5.004e-03      1.755e-06      9.394e+00      5.152e-05   
      85             126         5.003e-03      2.813e-07      3.780e-02      1.994e-05   
      86             128         5.003e-03      7.939e-07      6.420e+00      7.733e-06   
      87             129         5.002e-03      1.056e-07      9.026e-03      8.960e-06   
      88             131         5.002e-03      7.326e-07      7.617e+00      2.879e-05   
      89             132         5.001e-03      8.410e-07      1.742e-01      1.418e-05   
      90             134         5.000e-03      1.252e-06      4.265e+00      4.330e-06   
      91             135         4.999e-03      8.506e-07      2.471e+00      5.629e-06   
      92             136         4.997e-03      1.550e-06      6.466e+00      2.891e-05   
      93             137         4.996e-03      1.538e-06      6.800e+00      4.789e-05   
      94             140         4.994e-03      1.604e-06      6.503e+00      1.250e-05   
      95             141         4.994e-03      1.064e-08      2.888e-03      8.944e-07   
      96             144         4.993e-03      1.479e-06      6.995e+00      2.236e-05   
      97             145         4.992e-03      6.673e-07      1.820e+01      1.857e-04   
      98             146         4.991e-03      1.321e-06      1.139e-02      1.028e-04   
      99             149         4.989e-03      1.814e-06      3.194e+00      4.079e-06   
      100            150         4.989e-03      1.867e-08      6.330e-03      1.510e-06   
      101            151         4.988e-03      1.106e-06      6.977e+00      1.051e-05   
      102            152         4.988e-03      6.501e-09      9.219e-04      3.773e-06   
      103            154         4.987e-03      2.441e-07      5.837e+00      9.007e-06   
      104            155         4.987e-03      4.679e-09      5.218e-04      4.744e-06   
      105            157         4.987e-03      8.525e-07      3.581e+00      4.205e-06   
      106            158         4.986e-03      6.453e-08      1.797e-02      2.542e-05   
      107            159         4.986e-03      4.668e-07      2.618e+00      4.904e-06   
      108            160         4.986e-03      6.180e-09      8.706e-03      1.414e-07   
      109            161         4.985e-03      9.411e-07      7.591e+00      1.774e-05   
      110            162         4.985e-03      3.413e-08      3.538e-03      2.115e-06   
      111            165         4.985e-03      3.678e-07      3.756e+00      4.628e-06   
      112            166         4.985e-03      3.100e-09      5.183e-04      2.592e-06   
      113            167         4.984e-03      3.900e-07      4.019e+00      4.666e-06   
      114            168         4.984e-03      2.304e-09      3.242e-04      2.690e-06   
      115            169         4.984e-03      2.869e-07      4.262e+00      5.008e-06   
      116            170         4.984e-03      3.978e-09      4.737e-04      3.668e-06   
      117            171         4.984e-03      2.541e-07      4.455e+00      4.645e-06   
      118            172         4.984e-03      4.368e-09      4.928e-04      4.254e-06   
      119            173         4.983e-03      4.184e-07      3.995e+00      4.315e-06   
      120            174         4.983e-03      2.347e-09      3.017e-04      3.741e-06   
      121            175         4.983e-03      4.597e-07      3.260e+00      4.625e-06   
      122            176         4.983e-03      2.069e-09      2.973e-04      2.333e-06   
      123            177         4.982e-03      3.412e-07      2.717e+00      4.467e-06   
      124            178         4.982e-03      1.634e-09      2.688e-04      1.256e-06   
      125            179         4.982e-03      2.808e-07      2.338e+00      4.615e-06   
      126            180         4.982e-03      1.762e-09      2.860e-04      1.313e-06   
      127            181         4.982e-03      2.541e-07      2.158e+00      4.525e-06   
      128            182         4.982e-03      2.646e-07      2.275e+00      4.604e-06   
      129            183         4.981e-03      3.146e-07      2.902e+00      4.386e-06   
      130            184         4.981e-03      3.230e-07      3.721e+00      4.671e-06   
      131            185         4.981e-03      1.111e-07      4.352e+00      4.428e-06   
      132            187         4.980e-03      4.129e-07      2.804e+00      4.420e-06   
      133            188         4.980e-03      2.245e-07      1.571e+00      4.589e-06   
      134            189         4.980e-03      1.589e-07      1.444e+00      4.601e-06   
      135            190         4.980e-03      3.096e-07      2.984e+00      4.540e-06   
      136            191         4.979e-03      6.388e-07      7.941e+00      1.083e-05   
      137            194         4.979e-03      2.379e-07      2.162e+00      3.432e-06   
      138            195         4.979e-03      1.101e-08      6.022e-03      5.502e-07   
      139            196         4.979e-03      1.832e-07      4.089e+00      4.769e-06   
      140            197         4.979e-03      1.308e-08      2.002e-03      6.787e-06   
      141            199         4.979e-03      1.465e-07      3.015e+00      4.632e-06   
      142            200         4.979e-03      2.800e-09      4.516e-04      2.332e-06   
      143            201         4.978e-03      2.379e-07      2.166e+00      4.468e-06   
      144            202         4.978e-03      1.468e-09      2.603e-04      1.806e-06   
      145            203         4.978e-03      1.442e-07      1.525e+00      4.563e-06   
      146            204         4.978e-03      1.079e-07      1.218e+00      4.465e-06   
      147            205         4.978e-03      8.222e-08      1.312e+00      9.474e-06   
      148            206         4.978e-03      9.714e-08      1.343e+00      3.701e-06   
      149            207         4.978e-03      4.225e-08      2.561e+00      3.036e-05   
      150            208         4.978e-03      1.172e-07      7.302e-01      1.948e-06   
      151            211         4.978e-03      1.746e-08      3.294e-01      8.215e-06   
      152            212         4.978e-03      2.135e-08      2.775e-01      8.318e-07   
      153            213         4.978e-03      3.735e-08      7.859e-01      2.988e-06   
      154            214         4.978e-03      8.264e-08      2.162e+00      1.079e-05   
      155            219         4.978e-03      2.074e-09      3.091e-02      9.564e-07   
      156            220         4.978e-03      1.003e-08      1.009e-02      2.348e-07   
      157            221         4.978e-03      1.251e-09      1.002e-02      7.635e-08   
      158            222         4.978e-03      1.313e-09      1.824e-02      6.725e-08   
      159            223         4.978e-03      2.184e-09      4.328e-02      7.512e-08   
      160            224         4.978e-03      5.448e-09      1.206e-01      5.860e-08   
      161            225         4.978e-03      1.498e-08      3.476e-01      2.567e-07   
      162            226         4.977e-03      4.091e-08      9.945e-01      5.303e-07   
      163            227         4.977e-03      9.921e-08      2.661e+00      2.443e-06   
      164            228         4.977e-03      1.419e-07      7.136e+00      1.583e-05   
      165            232         4.977e-03      4.641e-08      3.091e-01      9.379e-07   
      166            233         4.977e-03      1.561e-08      2.126e-01      4.378e-06   
      167            234         4.977e-03      9.556e-09      1.708e-01      2.807e-07   
      168            235         4.977e-03      1.187e-08      3.841e-01      5.535e-07   
      169            236         4.977e-03      2.033e-08      7.946e-01      1.769e-06   
      170            237         4.977e-03      4.671e-08      2.143e+00      2.319e-06   
      171            238         4.977e-03      8.568e-10      2.605e-03      4.817e-07   
      172            239         4.977e-03      5.498e-08      5.653e+00      3.822e-06   
      173            240         4.977e-03      1.818e-09      6.992e-04      1.915e-06   
      174            244         4.977e-03      3.545e-08      4.407e-01      9.764e-07   
      175            245         4.977e-03      7.478e-09      1.841e-01      2.545e-07   
      176            246         4.977e-03      8.079e-09      3.262e-01      4.421e-07   
      177            247         4.977e-03      2.044e-11      6.224e-05      1.342e-07   
      178            248         4.977e-03      1.047e-08      8.234e-01      1.089e-06   
      179            249         4.977e-03      1.330e-10      1.302e-04      6.744e-07   
      180            250         4.977e-03      3.601e-09      9.527e-01      1.274e-06   
      181            252         4.977e-03      1.264e-08      4.296e-01      7.006e-07   
      182            255         4.977e-03      1.952e-09      1.233e-01      6.538e-07   
      183            256         4.977e-03      1.915e-09      1.296e-01      7.604e-08   
      184            257         4.977e-03      4.719e-09      3.676e-01      8.310e-07   
      185            258         4.977e-03      1.257e-08      1.025e+00      5.057e-07   
      186            259         4.977e-03      2.509e-08      2.534e+00      3.817e-07   
      187            262         4.977e-03      6.377e-09      5.347e-01      7.199e-07   
      188            263         4.977e-03      1.075e-08      1.287e+00      4.062e-07   
      189            264         4.977e-03      1.752e-08      2.894e+00      8.227e-07   
      190            265         4.977e-03      7.291e-09      1.654e+00      1.091e-06   
      191            266         4.977e-03      5.016e-09      2.267e+00      6.469e-07   
      192            267         4.977e-03      5.954e-10      5.188e-02      1.078e-07   
      193            271         4.977e-03      1.441e-09      2.828e-01      4.484e-07   
      194            272         4.977e-03      5.247e-10      1.793e-01      2.778e-07   
      195            273         4.977e-03      4.696e-11      1.748e-01      2.028e-07   
      196            274         4.977e-03      4.868e-10      9.816e-02      2.149e-07   
      197            275         4.977e-03      3.713e-10      1.884e-01      2.874e-07   
      198            277         4.977e-03      3.195e-10      3.301e-01      5.763e-07   
      199            280         4.977e-03      1.831e-10      6.511e-02      2.695e-08   
      200            281         4.977e-03      9.780e-11      3.813e-02      2.935e-07   
      201            282         4.977e-03      1.071e-10      7.031e-02      3.992e-08   
      202            283         4.977e-03      2.220e-10      1.776e-01      8.596e-08   
      203            284         4.977e-03      3.597e-10      3.844e-01      3.839e-07   
      204            285         4.977e-03      5.831e-12      2.919e-05      2.747e-08   
      205            288         4.977e-03      8.854e-11      2.932e-01      1.569e-07   
      206            289         4.977e-03      1.896e-10      1.891e-01      3.591e-08   
      207            290         4.977e-03      4.808e-11      2.354e-01      3.944e-08   
      208            291         4.977e-03      5.859e-11      1.446e-01      4.445e-08   
      209            292         4.977e-03      6.537e-12      1.159e-01      5.443e-08   
      210            293         4.977e-03      1.159e-11      6.333e-02      1.768e-08   
      211            294         4.977e-03      1.401e-12      4.215e-02      8.611e-09   
`gtol` condition satisfied. (gtol=1.00e-08)
         Current function value: 4.977e-03
         Max scaled gradient: 8.611e-09
         Total delta_x: 1.826e+00
         Iterations: 211
         Function evaluations: 294
         Jacobian evaluations: 212
{"tag": "final", "cost": 0.0049768709878047065, "cost_targets": 0.0049763093064703594, "cost_bounds": 5.616813343477468e-07, "max_dB": 0.0031107091913647467, "max_dG_rel": 0.015399507631671482, "iota": 0.4182391627877272, "eta": 0.7694985724373916, "hel": 0.0, "max_elong": 4.691018872840415, "axis_rc": [0.93252, 0.20758, 0.02326, 0.00071, -0.00038, -6e-05], "axis_zs": [0.0, -0.10038, -0.012, -0.00054, 0.00015, 2e-05], "max_abs_Zaxis": 0.10266212428268455, "min_dpc": 0.1518337312845476, "min_dcc": 0.03999990812230936, "max_kappa": 10.17367438197301, "Lcoil": [3.941, 3.941, 3.942, 3.941], "I_over_uniform": [1.199, 0.951, 0.861, 0.944], "n_active_bounds": 16, "L_total": 15.765365240118266, "coil_R_max": 1.8559040451274003, "coil_absz_max": 0.7413187160422527, "mean_kappa2": 0.1175149861284682, "cost_reg": 0.0021508233225179347, "cost_field": 0.0028254859839524247, "B2c": -0.4924938231219818, "B20_residual": 0.40269211891499584, "max_dGG_rel": 0.8051982558711857, "time_s": 414, "status": "`gtol` condition satisfied. (gtol=1.00e-08)", "nit": 211, "optimality": 8.611005270301998e-09}
