ERROR:2026-10-09 18:13:50,654:jax._src.xla_bridge:487: Jax plugin configuration error: Exception when calling jax_plugins.xla_cuda12.initialize()
Traceback (most recent call last):
  File "/home/jay/miniconda3/envs/desc-dev/lib/python3.13/site-packages/jax/_src/xla_bridge.py", line 485, in discover_pjrt_plugins
    plugin_module.initialize()
    ~~~~~~~~~~~~~~~~~~~~~~~~^^
  File "/home/jay/miniconda3/envs/desc-dev/lib/python3.13/site-packages/jax_plugins/xla_cuda12/__init__.py", line 328, in initialize
    _check_cuda_versions(raise_on_first_error=True)
    ~~~~~~~~~~~~~~~~~~~~^^^^^^^^^^^^^^^^^^^^^^^^^^^
  File "/home/jay/miniconda3/envs/desc-dev/lib/python3.13/site-packages/jax_plugins/xla_cuda12/__init__.py", line 285, in _check_cuda_versions
    local_device_count = cuda_versions.cuda_device_count()
RuntimeError: jaxlib/cuda/versions_helpers.cc:113: operation cuInit(0) failed: CUDA_ERROR_NO_DEVICE
DESC /home/jay/Documents/desc_dev/DESC/desc
DEVICE requested=cpu obtained=cpu (1x cpu)
nfp 5 nc 3 mode z0 helicity -1.0 nparams 64 order 2 seed -1
{"tag": "init", "cost": 0.13899772905701094, "cost_targets": 0.13899764422864866, "cost_bounds": 8.48283622823211e-08, "max_dB": 0.0018255930868097427, "max_dG_rel": 0.004975485544641699, "iota": 1.2952435642738036, "eta": 1.2691495602358185, "hel": -1.0, "max_elong": 5.000083911558976, "axis_rc": [0.95497, 0.07306, 0.00388, -0.00013, -7e-05, -1e-05], "axis_zs": [0.0, -0.04689, -0.00067, 8e-05, 5e-05, 0.0], "max_abs_Zaxis": 0.04699477652076256, "min_dpc": 0.09734740593119391, "min_dcc": 0.03999988398543422, "max_kappa": 15.445466835191164, "Lcoil": [1.993, 2.317, 2.596], "I_over_uniform": [0.736, 0.911, 1.366], "n_active_bounds": 20, "L_total": 6.905945161558415, "coil_R_max": 1.3204906064487547, "coil_absz_max": 0.4639271441079676, "mean_kappa2": 0.16359945677352608, "cost_reg": 0.0013439411098283627, "cost_field": 0.1376537031188203, "B2c": 0.5, "B20_residual": 1.8490276555875351, "max_dGG_rel": 0.9647367639488637}
   Iteration     Total nfev        Cost      Cost reduction    Step norm     Optimality   
       0              1          1.390e-01                                    4.939e-01   
       1              2          1.185e-02      1.271e-01      8.233e-01      6.136e-04   
       2              3          1.161e-02      2.364e-04      7.823e-01      1.900e-04   
       3              4          1.123e-02      3.874e-04      1.810e+00      2.434e-04   
       4              5          1.063e-02      5.918e-04      3.790e+00      4.977e-04   
       5              9          1.061e-02      2.216e-05      1.623e-01      5.515e-05   
       6             10          1.056e-02      5.653e-05      4.600e-01      4.562e-05   
       7             11          1.042e-02      1.357e-04      1.211e+00      1.649e-04   
       8             12          1.015e-02      2.744e-04      2.868e+00      5.289e-05   
       9             13          9.715e-03      4.299e-04      6.175e+00      3.574e-04   
      10             14          9.710e-03      5.109e-06      7.039e-02      2.451e-05   
      11             15          9.072e-03      6.378e-04      2.674e+01      3.102e-03   
      12             16          8.476e-03      5.960e-04      1.520e+01      1.426e-03   
      13             17          8.236e-03      2.402e-04      2.410e+01      2.178e-03   
      14             18          7.838e-03      3.979e-04      2.194e+01      3.181e-04   
      15             20          7.739e-03      9.899e-05      2.540e+01      1.989e-03   
      16             21          7.514e-03      2.254e-04      2.100e+01      1.429e-03   
      17             22          7.353e-03      1.609e-04      1.942e+01      6.426e-04   
      18             24          7.284e-03      6.837e-05      2.069e+01      1.100e-03   
      19             25          7.160e-03      1.247e-04      1.874e+01      4.118e-04   
      20             27          7.122e-03      3.799e-05      1.549e+01      6.227e-04   
      21             33          7.113e-03      8.525e-06      2.773e-02      4.618e-04   
      22             34          7.104e-03      8.792e-06      1.837e-02      3.235e-05   
      23             35          7.104e-03      1.514e-07      7.235e-03      3.808e-06   
      24             36          7.104e-03      1.153e-07      1.473e-02      2.607e-06   
      25             37          7.104e-03      1.249e-07      2.122e-02      1.210e-06   
      26             38          7.104e-03      9.145e-08      4.021e-02      1.213e-06   
      27             39          7.104e-03      2.341e-07      1.142e-01      1.195e-06   
      28             40          7.103e-03      6.546e-07      3.309e-01      1.167e-06   
      29             41          7.101e-03      1.803e-06      9.504e-01      4.169e-06   
      30             42          7.097e-03      4.658e-06      2.628e+00      3.232e-05   
      31             43          7.096e-03      6.532e-07      3.553e-01      3.116e-06   
      32             45          7.087e-03      8.810e-06      9.691e+00      3.202e-04   
      33             51          7.084e-03      3.426e-06      2.951e-02      2.047e-04   
      34             52          7.082e-03      1.896e-06      8.955e-03      2.183e-05   
      35             53          7.082e-03      1.071e-07      6.183e-03      4.789e-06   
      36             54          7.082e-03      4.922e-08      6.624e-03      1.805e-06   
      37             55          7.082e-03      2.447e-08      1.004e-02      6.918e-07   
      38             56          7.082e-03      3.987e-08      2.435e-02      7.132e-07   
      39             57          7.081e-03      9.369e-08      6.500e-02      7.181e-07   
      40             58          7.081e-03      2.255e-07      1.919e-01      2.677e-05   
      41             59          7.081e-03      4.213e-07      2.847e-01      6.828e-07   
      42             60          7.080e-03      1.095e-06      8.343e-01      1.652e-06   
      43             61          7.077e-03      2.979e-06      2.373e+00      1.610e-05   
      44             62          7.077e-03      2.362e-08      6.847e-03      2.587e-06   
      45             63          7.071e-03      5.243e-06      1.173e+01      3.579e-04   
      46             64          7.063e-03      8.681e-06      9.861e+00      3.618e-04   
      47             66          7.053e-03      1.026e-05      4.435e+00      1.560e-04   
      48             68          7.049e-03      3.217e-06      3.375e+00      9.569e-05   
      49             69          7.047e-03      1.836e-06      4.188e+00      1.387e-04   
      50             70          7.045e-03      2.660e-06      3.415e+00      5.448e-05   
      51             71          7.043e-03      1.580e-06      5.997e+00      1.239e-04   
      52             72          7.041e-03      2.581e-06      4.377e+00      1.270e-05   
      53             74          7.040e-03      8.013e-07      5.702e+00      6.682e-05   
      54             75          7.039e-03      6.230e-07      3.138e-01      2.932e-05   
      55             76          7.038e-03      1.119e-06      5.327e+00      1.313e-05   
      56             78          7.038e-03      2.274e-07      5.529e+00      8.009e-06   
      57             79          7.038e-03      2.622e-08      9.206e-03      3.562e-06   
      58             81          7.037e-03      6.108e-07      4.305e+00      1.465e-05   
      59             82          7.037e-03      6.458e-09      6.295e-04      6.765e-06   
      60             83          7.037e-03      4.432e-07      2.878e+00      2.648e-05   
      61             84          7.037e-03      3.477e-08      1.374e-03      6.011e-06   
      62             85          7.037e-03      1.080e-07      4.039e+00      1.666e-05   
      63             86          7.037e-03      2.646e-08      2.413e-03      2.189e-06   
      64             89          7.036e-03      4.875e-07      1.488e+00      8.937e-06   
      65             90          7.036e-03      4.991e-09      1.784e-03      5.512e-06   
      66             91          7.036e-03      2.027e-07      1.336e+00      1.543e-06   
      67             92          7.036e-03      2.741e-10      3.175e-04      4.375e-07   
      68             93          7.036e-03      2.487e-07      1.731e+00      2.712e-06   
      69             94          7.036e-03      2.710e-10      2.757e-04      1.195e-06   
      70             95          7.035e-03      4.136e-07      4.263e+00      6.341e-06   
      71             96          7.035e-03      3.928e-09      5.986e-04      1.245e-06   
      72             99          7.035e-03      3.199e-08      2.604e+00      1.696e-05   
      73             100         7.035e-03      1.299e-08      7.913e-04      5.055e-06   
      74             103         7.035e-03      2.173e-07      9.733e-01      5.813e-06   
      75             104         7.035e-03      2.591e-09      3.388e-03      1.903e-06   
      76             105         7.035e-03      1.096e-07      1.271e+00      1.491e-06   
      77             106         7.035e-03      2.175e-10      3.690e-04      4.837e-07   
      78             107         7.035e-03      1.173e-07      1.664e+00      2.620e-06   
      79             114         7.035e-03      3.630e-11      1.492e-05      1.239e-06   
      80             115         7.035e-03      8.096e-11      4.066e-05      1.119e-06   
      81             116         7.035e-03      3.825e-11      4.331e-05      4.253e-07   
      82             117         7.035e-03      6.183e-11      1.141e-04      4.068e-07   
      83             118         7.035e-03      1.317e-10      2.551e-04      2.816e-07   
      84             122         7.035e-03      1.071e-12      1.178e-05      3.970e-07   
      85             123         7.035e-03      2.685e-12      7.024e-06      1.019e-07   
      86             124         7.035e-03      4.223e-12      1.802e-05      1.006e-07   
      87             125         7.035e-03      1.190e-11      5.258e-05      9.708e-08   
      88             126         7.035e-03      3.211e-11      1.483e-04      9.054e-08   
      89             127         7.035e-03      7.762e-11      3.944e-04      8.935e-08   
      90             128         7.035e-03      1.755e-10      1.028e-03      8.687e-08   
      91             129         7.035e-03      4.378e-10      2.856e-03      8.216e-08   
      92             130         7.035e-03      1.212e-09      8.295e-03      7.633e-08   
      93             131         7.035e-03      3.396e-09      2.402e-02      7.207e-08   
      94             132         7.035e-03      8.915e-09      6.658e-02      6.154e-08   
      95             133         7.035e-03      2.079e-08      1.738e-01      1.686e-07   
      96             134         7.035e-03      4.330e-08      4.316e-01      4.242e-07   
      97             135         7.035e-03      3.584e-10      3.685e-03      5.898e-08   
      98             136         7.035e-03      1.565e-07      3.384e+00      4.315e-06   
      99             137         7.035e-03      1.013e-09      6.370e-04      4.005e-06   
      100            140         7.034e-03      9.704e-08      6.399e-01      3.820e-06   
      101            141         7.034e-03      2.352e-08      2.755e-01      8.559e-06   
      102            142         7.034e-03      4.714e-08      6.871e-01      1.193e-06   
      103            145         7.034e-03      1.683e-08      2.657e-01      7.446e-06   
      104            146         7.034e-03      3.686e-08      5.943e-01      6.493e-07   
      105            147         7.034e-03      8.518e-08      1.541e+00      1.266e-06   
      106            148         7.034e-03      1.065e-07      3.822e+00      1.618e-05   
      107            149         7.034e-03      1.489e-08      3.071e-03      8.145e-06   
      108            153         7.034e-03      2.388e-08      1.670e-01      2.882e-06   
      109            154         7.034e-03      9.853e-09      1.370e-01      5.146e-07   
      110            155         7.034e-03      9.423e-09      1.903e-01      8.740e-07   
      111            162         7.034e-03      9.511e-12      7.069e-06      5.757e-07   
      112            163         7.034e-03      1.464e-11      1.455e-05      4.307e-07   
      113            164         7.034e-03      7.914e-12      1.702e-05      1.585e-07   
      114            165         7.034e-03      4.864e-12      2.426e-05      6.862e-08   
      115            166         7.034e-03      2.802e-12      3.106e-05      2.090e-08   
      116            167         7.034e-03      3.177e-12      6.840e-05      2.160e-08   
      117            168         7.034e-03      8.782e-12      2.021e-04      2.156e-08   
      118            169         7.034e-03      2.616e-11      6.045e-04      2.137e-08   
      119            170         7.034e-03      7.787e-11      1.806e-03      2.118e-08   
      120            171         7.034e-03      2.298e-10      5.365e-03      2.113e-08   
      121            172         7.034e-03      6.601e-10      1.569e-02      2.122e-08   
      122            173         7.034e-03      1.780e-09      4.424e-02      2.212e-08   
      123            174         7.034e-03      4.344e-09      1.186e-01      6.560e-08   
      124            175         7.034e-03      9.988e-09      3.116e-01      4.300e-07   
      125            176         7.034e-03      2.197e-08      8.079e-01      1.256e-06   
      126            177         7.034e-03      2.498e-08      1.858e+00      1.390e-06   
      127            180         7.034e-03      6.733e-09      6.785e-01      1.177e-06   
      128            181         7.034e-03      1.049e-08      2.309e-01      1.258e-06   
      129            182         7.034e-03      1.099e-09      4.542e-02      2.179e-07   
      130            183         7.034e-03      1.062e-08      8.384e-01      5.167e-06   
      131            185         7.034e-03      2.826e-09      9.780e-01      1.271e-06   
      132            186         7.034e-03      9.641e-11      1.035e-04      7.726e-07   
      133            190         7.034e-03      3.179e-09      9.092e-02      3.345e-07   
      134            191         7.034e-03      1.011e-09      4.945e-02      2.568e-07   
      135            192         7.034e-03      9.972e-10      8.032e-02      2.778e-07   
      136            193         7.034e-03      9.030e-10      1.408e-01      5.026e-07   
      137            194         7.034e-03      1.167e-09      2.780e-01      5.796e-07   
      138            197         7.034e-03      2.139e-10      9.827e-02      1.202e-07   
      139            198         7.034e-03      3.037e-10      7.087e-02      2.228e-07   
      140            199         7.034e-03      3.680e-10      1.533e-01      9.141e-08   
      141            200         7.034e-03      3.269e-10      2.504e-01      3.532e-07   
      142            204         7.034e-03      2.714e-11      1.072e-02      2.782e-08   
      143            205         7.034e-03      1.202e-11      7.414e-03      2.699e-08   
      144            206         7.034e-03      1.651e-11      1.460e-02      2.213e-08   
      145            207         7.034e-03      2.290e-11      3.022e-02      3.252e-08   
      146            208         7.034e-03      2.619e-11      5.493e-02      8.332e-08   
      147            209         7.034e-03      1.116e-11      5.211e-02      2.705e-08   
      148            213         7.034e-03      1.194e-12      2.711e-03      3.332e-09   
`gtol` condition satisfied. (gtol=1.00e-08)
         Current function value: 7.034e-03
         Max scaled gradient: 3.332e-09
         Total delta_x: 5.599e+00
         Iterations: 148
         Function evaluations: 213
         Jacobian evaluations: 149
{"tag": "final", "cost": 0.007033977344273671, "cost_targets": 0.007031002727602035, "cost_bounds": 2.9746166716362758e-06, "max_dB": 0.018737612238182697, "max_dG_rel": 0.013053528161139022, "iota": 1.2627350352730087, "eta": 1.3038088823294065, "hel": -1.0, "max_elong": 5.000310961325988, "axis_rc": [0.94937, 0.07547, 0.00415, -0.00014, -8e-05, -1e-05], "axis_zs": [0.0, -0.04741, -0.00121, 0.00012, 5e-05, 0.0], "max_abs_Zaxis": 0.047592393876056766, "min_dpc": 0.09734786938905043, "min_dcc": 0.039999374018796593, "max_kappa": 15.445571487369888, "Lcoil": [2.147, 2.596, 2.597], "I_over_uniform": [0.861, 0.909, 1.23], "n_active_bounds": 21, "L_total": 7.339902370202542, "coil_R_max": 1.354731397141776, "coil_absz_max": 0.5326179063162696, "mean_kappa2": 0.15649009325124702, "cost_reg": 0.0014817688716147884, "cost_field": 0.005549233855987246, "B2c": -5.092570561633425, "B20_residual": 5.912140943574781, "max_dGG_rel": 0.6172931562817264, "time_s": 341, "status": "`gtol` condition satisfied. (gtol=1.00e-08)", "nit": 148, "optimality": 3.331777480236714e-09}
