ERROR:2026-10-09 18:19:44,760:jax._src.xla_bridge:487: Jax plugin configuration error: Exception when calling jax_plugins.xla_cuda12.initialize()
Traceback (most recent call last):
  File "/home/jay/miniconda3/envs/desc-dev/lib/python3.13/site-packages/jax/_src/xla_bridge.py", line 485, in discover_pjrt_plugins
    plugin_module.initialize()
    ~~~~~~~~~~~~~~~~~~~~~~~~^^
  File "/home/jay/miniconda3/envs/desc-dev/lib/python3.13/site-packages/jax_plugins/xla_cuda12/__init__.py", line 328, in initialize
    _check_cuda_versions(raise_on_first_error=True)
    ~~~~~~~~~~~~~~~~~~~~^^^^^^^^^^^^^^^^^^^^^^^^^^^
  File "/home/jay/miniconda3/envs/desc-dev/lib/python3.13/site-packages/jax_plugins/xla_cuda12/__init__.py", line 285, in _check_cuda_versions
    local_device_count = cuda_versions.cuda_device_count()
RuntimeError: jaxlib/cuda/versions_helpers.cc:113: operation cuInit(0) failed: CUDA_ERROR_NO_DEVICE
DESC /home/jay/Documents/desc_dev/DESC/desc
DEVICE requested=cpu obtained=cpu (1x cpu)
nfp 5 nc 3 mode z0 helicity -1.0 nparams 64 order 2 seed -1
{"tag": "init", "cost": 0.041862241295028635, "cost_targets": 0.041859266678356995, "cost_bounds": 2.9746166716362758e-06, "max_dB": 0.018737612238182697, "max_dG_rel": 0.013053528161139022, "iota": 1.2627350352730087, "eta": 1.3038088823294065, "hel": -1.0, "max_elong": 5.000310961325988, "axis_rc": [0.94937, 0.07547, 0.00415, -0.00014, -8e-05, -1e-05], "axis_zs": [0.0, -0.04741, -0.00121, 0.00012, 5e-05, 0.0], "max_abs_Zaxis": 0.047592393876056766, "min_dpc": 0.09734786938905043, "min_dcc": 0.039999374018796593, "max_kappa": 15.445571487369888, "Lcoil": [2.147, 2.596, 2.597], "I_over_uniform": [0.861, 0.909, 1.23], "n_active_bounds": 21, "L_total": 7.339902370202542, "coil_R_max": 1.354731397141776, "coil_absz_max": 0.5326179063162696, "mean_kappa2": 0.15649009325124702, "cost_reg": 0.0014817688716147884, "cost_field": 0.040377497806742206, "B2c": -5.092570561633425, "B20_residual": 5.912140943574781, "max_dGG_rel": 0.6172931562817264}
   Iteration     Total nfev        Cost      Cost reduction    Step norm     Optimality   
       0              1          4.186e-02                                    1.975e-02   
       1              2          3.577e-02      6.092e-03      1.106e+00      1.329e-03   
       2              3          3.528e-02      4.930e-04      1.040e+00      3.752e-04   
       3              4          3.476e-02      5.195e-04      1.987e+00      1.358e-03   
       4              5          3.408e-02      6.813e-04      3.988e+00      7.597e-04   
       5              6          3.404e-02      3.339e-05      1.967e-01      5.459e-05   
       6              9          3.360e-02      4.470e-04      3.630e+00      4.573e-04   
       7             10          3.337e-02      2.264e-04      8.130e+00      2.225e-03   
       8             15          3.288e-02      4.933e-04      3.360e-01      1.357e-03   
       9             16          3.284e-02      3.771e-05      4.052e-02      3.097e-04   
      10             17          3.282e-02      2.149e-05      6.163e-02      1.271e-04   
      11             18          3.281e-02      5.190e-06      8.707e-02      3.211e-04   
      12             19          3.280e-02      1.517e-05      7.435e-02      3.814e-05   
      13             20          3.278e-02      1.857e-05      1.907e-01      3.221e-05   
      14             21          3.273e-02      4.894e-05      5.373e-01      3.508e-05   
      15             22          3.262e-02      1.094e-04      1.390e+00      1.750e-04   
      16             23          3.236e-02      2.614e-04      3.670e+00      3.412e-04   
      17             24          3.185e-02      5.049e-04      8.691e+00      1.023e-03   
      18             25          3.106e-02      7.908e-04      1.888e+01      2.271e-03   
      19             26          3.101e-02      5.381e-05      6.537e-01      3.666e-04   
      20             27          3.059e-02      4.177e-04      5.659e+01      7.241e-03   
      21             28          2.974e-02      8.468e-04      3.614e-01      8.785e-04   
      22             29          2.874e-02      1.008e-03      4.363e+01      2.271e-03   
      23             30          2.858e-02      1.529e-04      7.954e+01      5.702e-03   
      24             31          2.830e-02      2.805e-04      5.015e-01      5.459e-03   
      25             33          2.745e-02      8.519e-04      2.678e+01      8.922e-04   
      26             34          2.734e-02      1.138e-04      1.199e+00      4.165e-04   
      27             36          2.723e-02      1.102e-04      2.061e+01      3.304e-04   
      28             37          2.718e-02      4.594e-05      5.227e+00      1.648e-04   
      29             38          2.710e-02      8.245e-05      1.410e+01      1.437e-04   
      30             39          2.705e-02      4.945e-05      1.183e+01      1.596e-04   
      31             40          2.698e-02      7.393e-05      2.276e+01      1.321e-04   
      32             42          2.695e-02      2.999e-05      1.666e+01      1.087e-04   
      33             43          2.694e-02      6.402e-06      6.499e-01      3.416e-05   
      34             45          2.691e-02      2.483e-05      1.142e+01      5.982e-05   
      35             46          2.691e-02      1.006e-06      2.873e-02      1.475e-05   
      36             47          2.690e-02      1.688e-05      1.403e+01      1.020e-04   
      37             48          2.690e-02      4.657e-07      6.065e-03      1.841e-05   
      38             50          2.688e-02      1.696e-05      1.218e+01      6.048e-05   
      39             51          2.686e-02      2.153e-05      8.904e+00      9.063e-05   
      40             52          2.684e-02      1.468e-05      7.104e+00      2.882e-05   
      41             53          2.683e-02      1.113e-05      5.519e+00      5.696e-05   
      42             54          2.682e-02      9.361e-06      5.563e+00      1.578e-05   
      43             55          2.681e-02      1.029e-05      6.400e+00      5.942e-05   
      44             56          2.681e-02      4.186e-07      1.309e-01      1.006e-05   
      45             57          2.680e-02      1.014e-05      1.060e+01      3.192e-05   
      46             59          2.679e-02      7.781e-06      8.497e+00      1.004e-04   
      47             60          2.679e-02      1.055e-06      1.251e-01      2.151e-05   
      48             61          2.678e-02      9.074e-06      7.305e+00      3.662e-05   
      49             62          2.678e-02      7.003e-08      4.188e-03      4.941e-05   
      50             63          2.677e-02      8.104e-06      6.141e+00      6.951e-05   
      51             64          2.677e-02      7.626e-06      5.796e+00      2.762e-05   
      52             65          2.677e-02      5.735e-08      3.133e-03      6.156e-06   
      53             66          2.676e-02      7.677e-06      6.040e+00      6.356e-05   
      54             67          2.676e-02      3.131e-08      1.934e-03      3.594e-05   
      55             68          2.675e-02      6.949e-06      5.676e+00      2.941e-05   
      56             69          2.675e-02      4.957e-09      4.097e-04      2.710e-05   
      57             70          2.675e-02      3.554e-06      4.923e+00      5.457e-04   
      58             71          2.675e-02      2.413e-06      1.133e+00      3.862e-05   
      59             72          2.674e-02      3.847e-06      2.301e+00      5.235e-06   
      60             73          2.674e-02      5.398e-06      3.856e+00      1.363e-05   
      61             74          2.674e-02      1.184e-07      5.846e-02      7.337e-06   
      62             75          2.671e-02      2.316e-05      2.356e+01      2.031e-04   
      63             76          2.671e-02      2.338e-06      4.455e-02      1.434e-04   
      64             77          2.671e-02      1.598e-06      1.969e+01      6.987e-04   
      65             78          2.669e-02      1.820e-05      3.155e-02      8.487e-05   
      66             81          2.668e-02      9.944e-06      5.677e+00      7.260e-05   
      67             82          2.668e-02      5.197e-07      4.963e-02      8.797e-06   
      68             84          2.668e-02      1.534e-06      3.622e+00      3.240e-05   
      69             85          2.668e-02      1.183e-06      3.385e+00      4.985e-05   
      70             86          2.668e-02      1.151e-06      2.750e+00      2.634e-05   
      71             87          2.668e-02      1.456e-07      1.120e-01      3.412e-06   
      72             88          2.668e-02      8.349e-07      1.506e+00      2.081e-05   
      73             89          2.668e-02      5.800e-07      1.026e+00      2.945e-06   
      74             90          2.667e-02      1.694e-06      2.883e+00      1.471e-05   
      75             91          2.667e-02      1.762e-06      6.287e+00      1.592e-05   
      76             92          2.667e-02      7.917e-08      7.235e-03      2.946e-05   
      77             95          2.667e-02      1.449e-06      2.829e+00      2.653e-05   
      78             96          2.667e-02      5.281e-09      2.116e-03      1.416e-05   
      79             97          2.667e-02      9.813e-07      1.664e+00      9.765e-06   
      80             98          2.667e-02      5.413e-09      3.329e-03      1.639e-06   
      81             99          2.667e-02      1.001e-06      2.128e+00      2.106e-05   
      82             100         2.667e-02      1.377e-06      2.139e+00      8.450e-06   
      83             101         2.666e-02      3.371e-06      4.945e+00      4.812e-05   
      84             103         2.666e-02      2.181e-06      6.202e+00      4.268e-05   
      85             104         2.666e-02      8.885e-07      8.907e+00      7.733e-05   
      86             105         2.666e-02      1.397e-06      4.388e-02      2.671e-05   
      87             106         2.665e-02      1.294e-05      8.019e+00      5.770e-05   
      88             107         2.665e-02      1.597e-07      1.012e-02      1.429e-04   
      89             108         2.664e-02      7.438e-06      3.014e+00      3.144e-05   
      90             109         2.663e-02      5.154e-06      2.798e+00      2.295e-05   
      91             110         2.662e-02      1.494e-05      7.680e+00      6.984e-05   
      92             111         2.657e-02      5.215e-05      2.404e+01      2.768e-04   
      93             113         2.651e-02      5.886e-05      2.715e+01      7.062e-04   
      94             114         2.645e-02      5.871e-05      1.779e+01      2.695e-04   
      95             117         2.643e-02      1.516e-05      9.111e+00      2.339e-04   
      96             118         2.642e-02      9.931e-06      7.526e+00      2.845e-05   
      97             119         2.642e-02      3.642e-07      1.685e-02      9.450e-06   
      98             120         2.642e-02      7.618e-06      1.090e+01      3.774e-05   
      99             121         2.642e-02      9.751e-08      3.317e-03      1.878e-05   
      100            124         2.641e-02      1.082e-05      3.901e+00      5.875e-05   
      101            125         2.641e-02      5.795e-08      2.815e-03      2.506e-05   
      102            126         2.640e-02      3.141e-06      1.936e+00      2.315e-05   
      103            127         2.639e-02      8.011e-06      5.627e+00      8.925e-05   
      104            128         2.638e-02      1.869e-05      1.628e+01      4.912e-04   
      105            129         2.629e-02      8.265e-05      1.794e+01      1.522e-04   
      106            132         2.627e-02      2.610e-05      9.721e+00      1.469e-04   
      107            133         2.626e-02      5.956e-06      4.914e-01      4.495e-05   
      108            134         2.624e-02      2.114e-05      7.245e+00      4.723e-05   
      109            135         2.621e-02      2.814e-05      1.119e+01      3.417e-04   
      110            136         2.621e-02      5.720e-06      8.976e-02      3.178e-05   
      111            137         2.618e-02      2.849e-05      1.476e+01      6.416e-04   
      112            138         2.617e-02      8.859e-06      5.440e-02      6.046e-04   
      113            139         2.614e-02      3.080e-05      1.449e+01      5.225e-05   
      114            140         2.613e-02      6.338e-06      1.429e-01      1.911e-05   
      115            143         2.610e-02      3.392e-05      6.735e+00      6.471e-05   
      116            144         2.607e-02      2.416e-05      5.948e+00      2.049e-05   
      117            145         2.607e-02      1.020e-07      1.170e-02      6.282e-06   
      118            147         2.601e-02      6.172e-05      2.343e+01      7.436e-04   
      119            148         2.600e-02      1.129e-05      4.632e-02      5.724e-04   
      120            149         2.592e-02      7.852e-05      2.047e+01      1.091e-04   
      121            152         2.590e-02      2.201e-05      9.584e+00      3.331e-05   
      122            153         2.590e-02      3.304e-07      9.034e-03      3.918e-05   
      123            154         2.589e-02      4.951e-06      1.688e+01      1.207e-04   
      124            155         2.587e-02      2.445e-05      2.918e+00      3.205e-05   
      125            158         2.586e-02      1.439e-05      3.786e+00      3.413e-05   
      126            159         2.586e-02      1.123e-07      6.411e-03      1.084e-05   
      127            160         2.584e-02      1.268e-05      5.481e+00      3.421e-05   
      128            161         2.583e-02      1.549e-05      6.462e+00      3.569e-05   
      129            162         2.579e-02      3.406e-05      1.699e+01      8.566e-05   
      130            165         2.577e-02      1.833e-05      8.533e+00      5.020e-05   
      131            166         2.576e-02      1.958e-05      8.205e+00      3.968e-05   
      132            167         2.573e-02      2.246e-05      8.991e+00      5.370e-05   
      133            168         2.571e-02      2.346e-05      1.087e+01      7.345e-05   
      134            169         2.570e-02      1.425e-05      1.299e+01      3.293e-04   
      135            170         2.568e-02      1.554e-05      1.445e+00      3.413e-04   
      136            171         2.567e-02      1.207e-05      1.472e+01      8.636e-05   
      137            172         2.567e-02      1.526e-06      2.115e-02      3.306e-05   
      138            174         2.565e-02      1.514e-05      1.291e+01      3.804e-04   
      139            175         2.564e-02      1.004e-05      8.490e-02      3.675e-05   
      140            176         2.562e-02      2.032e-05      9.531e+00      1.702e-04   
      141            177         2.562e-02      4.560e-06      2.318e-01      1.572e-05   
      142            180         2.561e-02      7.090e-06      2.928e+00      1.753e-05   
      143            181         2.560e-02      4.953e-06      2.695e+00      2.675e-05   
      144            182         2.559e-02      1.078e-05      7.068e+00      1.912e-04   
      145            183         2.558e-02      8.852e-06      1.301e+01      4.139e-04   
      146            184         2.557e-02      1.591e-05      1.253e+01      1.367e-04   
      147            187         2.556e-02      8.370e-06      3.287e+00      3.491e-05   
      148            188         2.556e-02      1.972e-06      1.509e+00      1.347e-05   
      149            189         2.555e-02      4.362e-06      3.976e+00      1.899e-05   
      150            195         2.555e-02      2.758e-08      2.421e-03      1.018e-05   
      151            196         2.555e-02      3.865e-09      7.352e-04      7.078e-07   
      152            197         2.555e-02      2.548e-09      1.647e-03      5.084e-07   
      153            198         2.555e-02      5.850e-09      4.366e-03      4.819e-07   
      154            199         2.555e-02      1.418e-08      1.169e-02      4.379e-07   
      155            203         2.555e-02      4.748e-10      5.471e-04      2.867e-06   
      156            204         2.555e-02      8.128e-10      6.201e-04      4.105e-07   
      157            205         2.555e-02      2.038e-09      1.839e-03      4.036e-07   
      158            206         2.555e-02      6.015e-09      5.470e-03      3.913e-07   
      159            207         2.555e-02      1.774e-08      1.627e-02      3.749e-07   
      160            208         2.555e-02      5.242e-08      4.846e-02      3.551e-07   
      161            209         2.555e-02      1.550e-07      1.443e-01      3.604e-07   
      162            210         2.555e-02      4.575e-07      4.310e-01      9.112e-07   
      163            211         2.555e-02      1.327e-06      1.262e+00      2.363e-06   
      164            212         2.555e-02      2.947e-08      2.624e-02      6.406e-07   
      165            213         2.554e-02      7.012e-06      9.193e+00      1.832e-04   
      166            214         2.553e-02      1.148e-05      1.025e+01      2.669e-05   
      167            217         2.553e-02      3.613e-06      5.500e+00      3.692e-05   
      168            218         2.553e-02      1.949e-07      1.211e-02      9.191e-06   
      169            221         2.553e-02      3.209e-06      2.608e+00      2.130e-05   
      170            222         2.552e-02      1.971e-06      1.715e+00      1.513e-05   
      171            223         2.552e-02      5.444e-06      4.868e+00      3.696e-05   
      172            224         2.550e-02      1.487e-05      1.288e+01      4.189e-05   
      173            225         2.548e-02      2.140e-05      2.830e+01      1.415e-04   
      174            226         2.547e-02      9.236e-06      3.126e-01      1.769e-04   
      175            230         2.545e-02      2.506e-05      2.643e+00      2.599e-05   
      176            236         2.545e-02      6.029e-08      1.647e-03      1.867e-05   
      177            237         2.545e-02      1.085e-08      5.988e-04      3.803e-06   
      178            238         2.545e-02      8.402e-09      1.220e-03      3.723e-06   
      179            239         2.545e-02      1.359e-08      2.597e-03      2.605e-06   
      180            240         2.545e-02      2.881e-08      6.867e-03      2.000e-06   
      181            241         2.545e-02      7.409e-08      1.915e-02      1.764e-06   
      182            242         2.545e-02      1.988e-07      5.465e-02      1.416e-06   
      183            243         2.545e-02      5.534e-07      1.582e-01      1.246e-06   
      184            244         2.545e-02      1.495e-06      4.481e-01      3.227e-06   
      185            245         2.544e-02      3.703e-06      1.210e+00      1.949e-05   
      186            246         2.544e-02      8.075e-08      2.049e-02      2.210e-06   
      187            247         2.543e-02      1.591e-05      8.728e+00      3.453e-05   
      188            248         2.542e-02      1.126e-06      1.876e-02      2.190e-05   
      189            249         2.541e-02      1.718e-05      1.039e+01      4.047e-05   
      190            250         2.541e-02      2.747e-07      5.415e-03      2.075e-05   
      191            251         2.539e-02      1.634e-05      1.212e+01      3.416e-05   
      192            252         2.538e-02      6.212e-06      1.512e+01      7.767e-05   
      193            253         2.538e-02      6.770e-07      7.879e-03      2.902e-05   
      194            255         2.535e-02      3.794e-05      9.107e+00      3.470e-05   
      195            256         2.533e-02      1.461e-05      4.566e+00      3.334e-05   
      196            257         2.531e-02      2.662e-05      1.163e+01      3.280e-05   
      197            258         2.527e-02      3.368e-05      2.164e+01      1.848e-04   
      198            261         2.525e-02      2.239e-05      6.710e+00      4.194e-05   
      199            262         2.524e-02      1.329e-05      6.300e+00      4.835e-05   
      200            263         2.522e-02      1.644e-05      6.239e+00      7.649e-05   
      201            264         2.519e-02      3.233e-05      1.675e+01      8.070e-05   
      202            265         2.511e-02      7.618e-05      1.020e+01      2.176e-04   
      203            266         2.507e-02      3.745e-05      1.283e+01      1.585e-04   
      204            267         2.507e-02      4.092e-06      2.242e+01      1.803e-04   
      205            273         2.507e-02      9.924e-07      1.310e-02      2.912e-04   
      206            274         2.506e-02      3.558e-06      2.476e-02      4.032e-05   
      207            275         2.506e-02      4.255e-06      5.622e-02      2.883e-05   
      208            276         2.505e-02      7.527e-06      1.207e-01      2.241e-05   
      209            277         2.505e-02      4.189e-06      1.428e-01      8.743e-06   
      210            278         2.505e-02      2.728e-06      2.136e-01      4.202e-06   
      211            279         2.504e-02      4.531e-06      5.317e-01      4.245e-06   
      212            280         2.503e-02      1.090e-05      1.444e+00      1.419e-05   
      213            281         2.501e-02      2.436e-05      3.681e+00      2.904e-05   
      214            282         2.501e-02      6.252e-07      1.339e-02      5.506e-06   
      215            284         2.497e-02      3.603e-05      1.325e+01      4.972e-04   
      216            291         2.497e-02      8.087e-07      9.611e-04      4.858e-04   
      217            292         2.497e-02      2.109e-06      2.625e-03      4.547e-04   
      218            293         2.496e-02      4.667e-06      6.556e-03      3.774e-04   
      219            294         2.496e-02      6.545e-06      1.243e-02      2.338e-04   
      220            295         2.495e-02      4.252e-06      1.526e-02      8.547e-05   
      221            296         2.495e-02      1.445e-06      1.703e-02      2.313e-05   
      222            297         2.495e-02      8.566e-07      1.927e-02      2.094e-05   
      223            298         2.495e-02      1.912e-06      4.968e-02      1.571e-05   
      224            299         2.494e-02      3.893e-06      1.218e-01      1.334e-05   
      225            300         2.494e-02      2.743e-06      1.264e-01      4.484e-06   
      226            305         2.494e-02      3.570e-09      3.841e-04      5.106e-06   
      227            306         2.494e-02      5.589e-09      5.954e-04      4.823e-06   
      228            307         2.494e-02      1.613e-08      1.751e-03      4.572e-06   
      229            308         2.494e-02      4.478e-08      5.019e-03      4.202e-06   
      230            309         2.494e-02      1.126e-07      1.361e-02      3.549e-06   
      231            310         2.494e-02      2.542e-07      3.515e-02      2.669e-06   
      232            311         2.494e-02      5.863e-07      9.329e-02      2.291e-06   
      233            312         2.494e-02      1.531e-06      2.640e-01      4.018e-06   
      234            313         2.493e-02      4.412e-06      7.790e-01      1.483e-05   
      235            314         2.492e-02      1.282e-05      2.315e+00      3.081e-05   
      236            315         2.489e-02      3.456e-05      6.602e+00      6.176e-05   
      237            316         2.484e-02      4.460e-05      9.978e+00      7.341e-05   
      238            319         2.479e-02      5.497e-05      4.771e+00      2.839e-05   
      239            321         2.479e-02      2.993e-07      5.599e+00      6.279e-04   
      240            322         2.477e-02      1.231e-05      4.278e+00      3.752e-04   
      241            323         2.475e-02      2.433e-05      1.539e+00      2.363e-05   
      242            324         2.474e-02      1.223e-05      3.543e+00      3.048e-05   
      243            325         2.472e-02      1.464e-05      7.834e+00      3.329e-05   
      244            326         2.468e-02      3.835e-05      1.496e+01      6.602e-05   
      245            330         2.467e-02      1.542e-05      8.957e-01      5.279e-05   
      246            331         2.466e-02      5.079e-06      9.686e-01      6.783e-06   
      247            332         2.465e-02      8.711e-06      2.656e+00      1.778e-05   
      248            333         2.464e-02      1.153e-05      4.791e+00      3.664e-05   
      249            336         2.464e-02      3.661e-06      8.617e-01      1.601e-05   
      250            337         2.464e-02      2.486e-06      1.680e+00      1.770e-05   
      251            338         2.463e-02      2.998e-06      3.878e+00      2.161e-05   
      252            341         2.463e-02      1.836e-06      9.187e-01      2.753e-05   
      253            342         2.463e-02      1.611e-06      9.340e-01      1.270e-05   
      254            343         2.463e-02      4.776e-06      2.957e+00      2.814e-05   
      255            344         2.460e-02      2.505e-05      1.193e+01      6.379e-05   
      256            345         2.457e-02      2.751e-05      2.394e+01      4.293e-04   
      257            350         2.451e-02      6.157e-05      7.123e-01      4.288e-04   
      258            351         2.449e-02      2.323e-05      2.667e-01      1.978e-05   
      259            352         2.448e-02      1.139e-05      5.026e-01      1.332e-05   
      260            353         2.445e-02      2.403e-05      1.369e+00      1.076e-04   
      261            354         2.444e-02      1.083e-05      1.799e+00      2.713e-04   
      262            355         2.441e-02      3.148e-05      1.393e+00      1.856e-04   
      263            356         2.439e-02      2.072e-05      1.234e+00      1.076e-04   
      264            357         2.437e-02      1.554e-05      1.436e+00      8.280e-05   
      265            358         2.435e-02      2.028e-05      2.052e+00      4.498e-05   
      266            359         2.431e-02      4.689e-05      5.390e+00      6.427e-05   
      267            360         2.420e-02      1.061e-04      1.401e+01      9.642e-05   
      268            361         2.400e-02      2.037e-04      3.334e+01      3.561e-04   
      269            362         2.383e-02      1.661e-04      3.979e+01      2.860e-04   
      270            363         2.372e-02      1.157e-04      4.345e+00      2.782e-04   
      271            365         2.364e-02      7.166e-05      2.955e+01      1.278e-03   
      272            371         2.358e-02      6.582e-05      1.015e-01      1.640e-04   
      273            372         2.357e-02      4.919e-06      2.139e-02      9.467e-05   
      274            373         2.356e-02      1.078e-05      5.835e-02      9.134e-05   
      275            374         2.354e-02      2.287e-05      1.430e-01      7.468e-05   
      276            375         2.350e-02      3.547e-05      2.905e-01      5.397e-05   
      277            376         2.348e-02      2.847e-05      4.043e-01      2.770e-05   
      278            377         2.346e-02      1.273e-05      4.683e-01      1.079e-05   
      279            378         2.345e-02      1.153e-05      9.148e-01      1.820e-05   
      280            379         2.342e-02      2.715e-05      2.515e+00      1.799e-05   
      281            380         2.337e-02      5.424e-05      6.031e+00      1.823e-05   
      282            381         2.324e-02      1.308e-04      1.527e+01      4.260e-05   
      283            382         2.294e-02      2.957e-04      3.531e+01      4.338e-04   
      284            383         2.249e-02      4.583e-04      6.931e+01      1.631e-03   
      285            386         2.202e-02      4.628e-04      2.953e+01      1.784e-04   
      286            387         2.176e-02      2.609e-04      2.226e+01      8.108e-05   
      287            388         2.160e-02      1.627e-04      1.939e+01      2.163e-04   
      288            390         2.146e-02      1.358e-04      3.586e+01      4.802e-04   
      289            391         2.143e-02      3.518e-05      4.220e+00      6.770e-04   
      290            392         2.132e-02      1.069e-04      1.901e+01      6.504e-04   
      291            393         2.132e-02      2.633e-06      6.806e-02      5.479e-04   
      292            394         2.125e-02      6.805e-05      1.766e+01      1.778e-04   
      293            395         2.122e-02      3.364e-05      1.758e+01      5.556e-05   
      294            396         2.120e-02      1.713e-05      1.733e+01      1.289e-04   
      295            397         2.116e-02      3.721e-05      2.138e+00      7.943e-05   
      296            398         2.114e-02      2.573e-05      1.314e+01      3.482e-05   
      297            399         2.114e-02      1.543e-06      2.577e-02      2.268e-05   
      298            401         2.111e-02      2.945e-05      1.170e+01      2.256e-04   
      299            402         2.108e-02      2.457e-05      1.081e+01      3.248e-05   
      300            403         2.108e-02      1.990e-07      5.585e-03      1.377e-05   
      301            404         2.106e-02      1.938e-05      9.965e+00      7.524e-05   
      302            405         2.106e-02      5.913e-08      9.176e-03      1.286e-04   
      303            406         2.105e-02      1.368e-05      5.339e+00      1.627e-05   
      304            407         2.104e-02      1.260e-05      6.091e+00      4.677e-05   
      305            408         2.101e-02      2.879e-05      1.596e+01      1.637e-04   
      306            409         2.098e-02      3.137e-05      3.250e+01      4.643e-04   
      307            412         2.095e-02      2.638e-05      7.475e+00      3.235e-05   
      308            413         2.094e-02      8.637e-06      5.418e+00      6.428e-05   
      309            414         2.094e-02      1.870e-07      5.877e-02      1.348e-05   
      310            415         2.093e-02      1.057e-05      1.049e+01      1.140e-04   
      311            416         2.093e-02      5.702e-07      2.371e-02      2.938e-05   
      312            418         2.092e-02      5.292e-06      7.247e+00      8.939e-05   
      313            419         2.092e-02      6.809e-06      7.270e+00      3.858e-05   
      314            420         2.091e-02      3.986e-06      7.335e+00      8.554e-05   
      315            421         2.091e-02      1.454e-06      3.139e-01      4.776e-06   
      316            423         2.091e-02      2.239e-06      9.027e+00      4.777e-05   
      317            425         2.090e-02      6.006e-06      5.712e+00      5.187e-05   
      318            426         2.090e-02      2.230e-07      1.794e-02      5.560e-06   
      319            427         2.090e-02      4.332e-06      5.949e+00      2.847e-05   
      320            428         2.090e-02      1.561e-06      6.928e+00      6.995e-05   
      321            429         2.089e-02      4.209e-06      6.551e+00      1.467e-05   
      322            430         2.089e-02      2.836e-06      6.120e+00      6.116e-05   
      323            431         2.089e-02      3.960e-06      5.934e+00      1.290e-05   
      324            432         2.088e-02      2.963e-06      5.734e+00      5.660e-05   
      325            433         2.088e-02      3.048e-06      5.331e+00      1.099e-05   
      326            434         2.088e-02      3.186e-07      4.493e-02      3.605e-06   
      327            437         2.088e-02      1.925e-06      2.085e+00      1.697e-05   
      328            438         2.088e-02      2.997e-09      7.213e-04      2.447e-06   
      329            439         2.088e-02      1.102e-06      1.515e+00      1.008e-05   
      330            440         2.087e-02      2.893e-06      4.193e+00      3.580e-05   
      331            441         2.087e-02      5.758e-06      1.066e+01      1.307e-04   
      332            442         2.086e-02      4.260e-06      1.586e+01      2.702e-04   
      333            445         2.085e-02      1.262e-05      4.283e+00      3.561e-05   
      334            446         2.085e-02      4.075e-06      6.805e+00      6.893e-05   
      335            448         2.084e-02      3.496e-06      5.429e+00      4.219e-05   
      336            449         2.084e-02      2.664e-07      1.267e-02      6.396e-06   
      337            450         2.084e-02      3.994e-06      1.196e+01      3.288e-04   
      338            451         2.084e-02      3.513e-06      2.541e-02      8.722e-05   
      339            454         2.083e-02      8.889e-06      3.508e+00      3.165e-05   
      340            455         2.082e-02      6.121e-06      4.074e+00      8.684e-05   
      341            456         2.080e-02      1.933e-05      1.296e+01      1.557e-04   
      342            457         2.079e-02      9.312e-06      4.417e-01      3.596e-05   
      343            458         2.079e-02      4.053e-06      2.386e+01      1.406e-03   
      344            465         2.076e-02      3.127e-05      2.016e-02      9.425e-05   
      345            466         2.076e-02      1.367e-07      9.219e-04      4.776e-05   
      346            467         2.076e-02      2.730e-07      2.342e-03      4.391e-05   
      347            468         2.076e-02      5.901e-07      5.950e-03      3.756e-05   
      348            469         2.075e-02      1.229e-06      1.481e-02      3.581e-05   
      349            470         2.075e-02      2.521e-06      3.669e-02      3.166e-05   
      350            471         2.075e-02      4.555e-06      8.309e-02      2.330e-05   
      351            472         2.074e-02      6.361e-06      1.650e-01      1.417e-05   
      352            473         2.074e-02      4.214e-06      1.785e-01      4.920e-06   
      353            474         2.074e-02      1.467e-06      2.382e-01      2.087e-06   
      354            475         2.073e-02      1.267e-06      3.838e-01      6.557e-06   
      355            476         2.073e-02      1.912e-06      8.773e-01      6.076e-06   
      356            477         2.073e-02      4.233e-06      2.288e+00      2.058e-05   
      357            478         2.072e-02      3.482e-06      2.044e+00      1.811e-05   
      358            479         2.072e-02      2.068e-06      1.250e+00      7.018e-06   
      359            480         2.072e-02      2.097e-06      1.297e+00      5.455e-06   
      360            481         2.072e-02      3.263e-06      2.062e+00      4.427e-05   
      361            482         2.071e-02      4.917e-06      3.149e+00      4.183e-05   
      362            483         2.071e-02      4.403e-06      3.052e+00      4.057e-05   
      363            488         2.070e-02      6.410e-06      3.962e+00      4.628e-05   
      364            489         2.068e-02      1.723e-05      1.131e+01      1.544e-04   
      365            490         2.064e-02      4.291e-05      3.195e+01      1.857e-04   
      366            493         2.060e-02      4.048e-05      1.042e+01      4.770e-04   
      367            494         2.056e-02      4.050e-05      1.864e+01      1.298e-04   
      368            495         2.053e-02      3.064e-05      5.266e+01      4.516e-04   
      369            496         2.048e-02      5.295e-05      1.984e+00      7.858e-04   
      370            499         2.042e-02      5.944e-05      8.846e+00      9.040e-05   
      371            500         2.037e-02      5.188e-05      1.692e+01      2.488e-04   
      372            501         2.022e-02      1.424e-04      4.344e+01      2.543e-04   
      373            503         2.007e-02      1.530e-04      6.231e+01      1.639e-03   
      374            505         1.999e-02      7.992e-05      4.368e+01      6.043e-04   
      375            508         1.983e-02      1.615e-04      9.763e+00      6.507e-05   
      376            509         1.976e-02      6.431e-05      1.845e+01      5.810e-05   
      377            510         1.969e-02      7.179e-05      1.969e+01      1.761e-04   
      378            511         1.969e-02      2.109e-06      7.088e-02      1.145e-05   
      379            513         1.965e-02      3.727e-05      4.694e+01      6.573e-04   
      380            516         1.957e-02      8.697e-05      9.403e+00      4.722e-05   
      381            517         1.954e-02      2.773e-05      1.025e+01      3.564e-05   
      382            518         1.948e-02      5.745e-05      2.846e+01      2.810e-04   
      383            519         1.945e-02      3.459e-05      3.655e+01      2.874e-04   
      384            520         1.944e-02      1.104e-05      1.282e-01      4.654e-04   
      385            521         1.943e-02      6.008e-06      2.923e+01      1.414e-04   
      386            524         1.937e-02      5.676e-05      5.476e+00      1.958e-05   
      387            525         1.937e-02      7.269e-06      7.317e+00      2.441e-05   
      388            526         1.936e-02      3.249e-06      3.146e+00      1.850e-05   
      389            527         1.936e-02      3.643e-06      5.976e+00      1.962e-05   
      390            528         1.935e-02      5.748e-06      1.548e+01      5.688e-05   
      391            529         1.935e-02      2.148e-07      2.065e-02      3.448e-05   
      392            532         1.935e-02      3.249e-06      3.699e+00      1.459e-05   
      393            533         1.935e-02      4.777e-08      5.719e-03      7.105e-05   
      394            534         1.935e-02      1.201e-06      1.534e+00      9.414e-06   
      395            535         1.934e-02      2.802e-06      4.520e+00      9.426e-06   
      396            537         1.934e-02      3.755e-06      6.327e+00      1.070e-04   
      397            538         1.934e-02      3.580e-06      6.311e+00      1.434e-05   
      398            539         1.934e-02      1.463e-06      1.276e+01      1.505e-04   
      399            540         1.933e-02      2.110e-06      1.537e-01      2.343e-05   
      400            543         1.933e-02      2.070e-06      2.743e+00      1.743e-05   
      401            544         1.933e-02      3.716e-07      9.603e-01      4.203e-06   
      402            545         1.933e-02      4.437e-07      2.114e+00      1.286e-05   
      403            546         1.933e-02      7.361e-08      2.571e+00      3.715e-05   
      404            549         1.933e-02      2.056e-07      6.309e-01      3.172e-06   
      405            550         1.933e-02      1.958e-08      2.761e-01      7.111e-07   
      406            551         1.933e-02      8.765e-09      1.923e-01      5.055e-07   
      407            552         1.933e-02      1.504e-08      4.406e-01      5.636e-07   
      408            554         1.933e-02      2.045e-09      6.097e-01      2.418e-06   
      409            555         1.933e-02      4.176e-09      4.582e-02      5.095e-07   
      410            556         1.933e-02      1.684e-08      6.001e-01      1.353e-06   
      411            559         1.933e-02      1.603e-09      2.282e-01      2.955e-07   
      412            561         1.933e-02      8.896e-10      1.851e-01      5.380e-07   
      413            562         1.933e-02      1.350e-09      7.528e-02      1.049e-07   
      414            563         1.933e-02      1.065e-09      1.316e-01      1.491e-07   
      415            566         1.933e-02      2.833e-10      4.774e-02      6.975e-07   
      416            567         1.933e-02      3.144e-10      5.301e-02      1.398e-07   
      417            568         1.933e-02      2.794e-10      8.193e-02      1.772e-07   
      418            571         1.933e-02      1.114e-10      1.881e-02      2.893e-08   
      419            572         1.933e-02      4.308e-11      1.050e-02      2.354e-08   
      420            573         1.933e-02      9.910e-11      2.758e-02      5.006e-08   
      421            574         1.933e-02      1.737e-10      6.062e-02      1.162e-08   
      422            575         1.933e-02      8.754e-11      1.024e-01      1.470e-07   
      423            578         1.933e-02      5.459e-12      4.960e-02      9.608e-08   
      424            579         1.933e-02      7.211e-11      1.484e-02      1.987e-08   
      425            580         1.933e-02      1.881e-11      1.423e-02      2.501e-08   
      426            581         1.933e-02      7.031e-12      1.242e-02      2.063e-08   
      427            582         1.933e-02      4.851e-12      8.722e-03      1.669e-08   
      428            583         1.933e-02      3.740e-12      1.258e-02      7.323e-09   
`gtol` condition satisfied. (gtol=1.00e-08)
         Current function value: 1.933e-02
         Max scaled gradient: 7.323e-09
         Total delta_x: 2.317e+00
         Iterations: 428
         Function evaluations: 583
         Jacobian evaluations: 429
{"tag": "final", "cost": 0.019330735335665053, "cost_targets": 0.01932345648574758, "cost_bounds": 7.278849917475753e-06, "max_dB": 0.019556808024158885, "max_dG_rel": 0.028349572734730114, "iota": 1.2388682701484626, "eta": 1.4455172894280017, "hel": -1.0, "max_elong": 4.0375007558322, "axis_rc": [0.96924, 0.08312, 0.00477, -6e-05, -7e-05, -1e-05], "axis_zs": [0.0, -0.0618, -0.00253, 9e-05, 5e-05, 0.0], "max_abs_Zaxis": 0.06203827030354463, "min_dpc": 0.09733959235944491, "min_dcc": 0.039998952244139005, "max_kappa": 15.445752117474292, "Lcoil": [2.596, 2.597, 2.597], "I_over_uniform": [1.088, 1.274, 0.737], "n_active_bounds": 23, "L_total": 7.789449792792951, "coil_R_max": 1.4080543012006272, "coil_absz_max": 0.5152024157900109, "mean_kappa2": 0.14706779729561373, "cost_reg": 0.001640666884873843, "cost_field": 0.017682789600873737, "B2c": -2.943393926004823, "B20_residual": 3.8667157088695907, "max_dGG_rel": 0.3412564710021692, "time_s": 940, "status": "`gtol` condition satisfied. (gtol=1.00e-08)", "nit": 428, "optimality": 7.323445113684826e-09}
