ERROR:2026-10-09 12:35:37,085:jax._src.xla_bridge:487: Jax plugin configuration error: Exception when calling jax_plugins.xla_cuda12.initialize()
Traceback (most recent call last):
  File "/home/jay/miniconda3/envs/desc-dev/lib/python3.13/site-packages/jax/_src/xla_bridge.py", line 485, in discover_pjrt_plugins
    plugin_module.initialize()
    ~~~~~~~~~~~~~~~~~~~~~~~~^^
  File "/home/jay/miniconda3/envs/desc-dev/lib/python3.13/site-packages/jax_plugins/xla_cuda12/__init__.py", line 328, in initialize
    _check_cuda_versions(raise_on_first_error=True)
    ~~~~~~~~~~~~~~~~~~~~^^^^^^^^^^^^^^^^^^^^^^^^^^^
  File "/home/jay/miniconda3/envs/desc-dev/lib/python3.13/site-packages/jax_plugins/xla_cuda12/__init__.py", line 285, in _check_cuda_versions
    local_device_count = cuda_versions.cuda_device_count()
RuntimeError: jaxlib/cuda/versions_helpers.cc:113: operation cuInit(0) failed: CUDA_ERROR_NO_DEVICE
DESC /home/jay/Documents/desc_dev/DESC/desc
DEVICE requested=cpu obtained=cpu (1x cpu)
nfp 4 nc 5 mode z0 helicity -1.0 nparams 97 seed -1
{"tag": "init", "cost": 142.05366977828623, "cost_targets": 20.248164302388805, "cost_bounds": 121.80550547589742, "max_dB": 0.553973339519957, "max_dG_rel": 1.03709680273247, "iota": 1.4405960026786364, "eta": 1.6, "hel": -1.0, "max_elong": 3.3434278845165757, "axis_rc": [1.0, 0.17, 0.0, 0.0, 0.0, 0.0], "axis_zs": [0.0, -0.13, 0.0, 0.0, 0.0, 0.0], "max_abs_Zaxis": 0.1299046035366053, "min_dpc": 0.05305329390100117, "min_dcc": 0.06564207939773874, "max_kappa": 7.693144020123509, "Lcoil": [2.52, 2.623, 2.663, 2.623, 2.52], "I_over_uniform": [1.0, 1.0, 1.0, 1.0, 1.0], "n_active_bounds": 28}
   Iteration     Total nfev        Cost      Cost reduction    Step norm     Optimality   
       0              1          1.421e+02                                    3.990e+00   
       1              4          1.008e+01      1.320e+02      8.617e+01      9.130e-02   
       2              5          6.853e+00      3.226e+00      5.789e+01      2.949e-02   
       3              7          6.062e+00      7.910e-01      5.184e+01      2.496e-02   
       4              9          5.475e+00      5.869e-01      5.703e+01      9.367e-03   
       5             10          4.601e+00      8.745e-01      1.187e+02      4.725e-02   
       6             12          3.595e+00      1.006e+00      1.367e+02      1.853e-02   
       7             14          2.560e+00      1.034e+00      1.710e+02      1.749e-02   
       8             15          2.553e+00      7.873e-03      3.005e+02      4.414e-01   
       9             16          1.178e+00      1.374e+00      1.201e+02      6.743e-02   
      10             17          7.171e-01      4.613e-01      2.333e+02      8.495e-03   
      11             19          4.936e-01      2.235e-01      2.401e+02      1.871e-02   
      12             20          2.762e-01      2.174e-01      2.781e+02      9.842e-03   
      13             23          2.147e-01      6.150e-02      9.457e+01      1.153e-02   
      14             24          1.385e-01      7.620e-02      1.602e+02      2.456e-03   
      15             27          1.263e-01      1.216e-02      5.568e+01      1.159e-02   
      16             28          1.036e-01      2.271e-02      4.634e+01      7.530e-04   
      17             29          8.282e-02      2.082e-02      9.794e+01      3.194e-03   
      18             30          6.529e-02      1.753e-02      1.393e+02      2.767e-03   
      19             32          5.948e-02      5.802e-03      8.657e+01      1.018e-02   
      20             38          5.515e-02      4.336e-03      5.153e-01      7.851e-04   
      21             39          5.509e-02      6.293e-05      4.731e-02      3.991e-04   
      22             40          5.502e-02      6.247e-05      7.928e-02      2.156e-04   
      23             41          5.497e-02      5.161e-05      1.290e-01      1.151e-04   
      24             42          5.490e-02      6.734e-05      2.631e-01      7.353e-05   
      25             43          5.483e-02      7.901e-05      4.657e-01      4.460e-05   
      26             44          5.474e-02      8.165e-05      8.733e-01      2.898e-05   
      27             45          5.456e-02      1.878e-04      2.430e+00      7.256e-05   
      28             46          5.416e-02      3.970e-04      6.055e+00      1.506e-04   
      29             47          5.312e-02      1.036e-03      1.709e+01      1.102e-04   
      30             48          5.052e-02      2.606e-03      4.543e+01      4.495e-04   
      31             50          4.805e-02      2.463e-03      6.107e+01      5.330e-03   
