ERROR:2026-10-09 14:56:29,881:jax._src.xla_bridge:487: Jax plugin configuration error: Exception when calling jax_plugins.xla_cuda12.initialize()
Traceback (most recent call last):
  File "/home/jay/miniconda3/envs/desc-dev/lib/python3.13/site-packages/jax/_src/xla_bridge.py", line 485, in discover_pjrt_plugins
    plugin_module.initialize()
    ~~~~~~~~~~~~~~~~~~~~~~~~^^
  File "/home/jay/miniconda3/envs/desc-dev/lib/python3.13/site-packages/jax_plugins/xla_cuda12/__init__.py", line 328, in initialize
    _check_cuda_versions(raise_on_first_error=True)
    ~~~~~~~~~~~~~~~~~~~~^^^^^^^^^^^^^^^^^^^^^^^^^^^
  File "/home/jay/miniconda3/envs/desc-dev/lib/python3.13/site-packages/jax_plugins/xla_cuda12/__init__.py", line 285, in _check_cuda_versions
    local_device_count = cuda_versions.cuda_device_count()
RuntimeError: jaxlib/cuda/versions_helpers.cc:113: operation cuInit(0) failed: CUDA_ERROR_NO_DEVICE
DESC /home/jay/Documents/desc_dev/DESC/desc
DEVICE requested=cpu obtained=cpu (1x cpu)
nfp 5 nc 3 mode z0 helicity -1.0 nparams 63 seed -1
{"tag": "init", "cost": 0.0015491868274539742, "cost_targets": 0.0015491860491602953, "cost_bounds": 7.782936784346486e-10, "max_dB": 0.00046214839626773266, "max_dG_rel": 0.002247729405218448, "iota": 1.300338103797568, "eta": 1.1784239586952097, "hel": -1.0, "max_elong": 5.917867933661825, "axis_rc": [0.9556, 0.07275, 0.00403, -0.00015, -8e-05, -1e-05], "axis_zs": [0.0, -0.04134, -0.00071, 0.00011, 5e-05, 0.0], "max_abs_Zaxis": 0.04147428308686668, "min_dpc": 0.09734970463994132, "min_dcc": 0.039999989606031565, "max_kappa": 15.445456290192656, "Lcoil": [2.233, 2.596, 2.596], "I_over_uniform": [0.664, 1.077, 1.261], "n_active_bounds": 21, "L_total": 7.424823046907435, "coil_R_max": 1.3347760944147984, "coil_absz_max": 0.5476542752039636, "mean_kappa2": 0.15730187031765588, "cost_reg": 0.0015084807777334432, "cost_field": 4.070527142685217e-05}
   Iteration     Total nfev        Cost      Cost reduction    Step norm     Optimality   
       0              1          1.549e-03                                    9.157e-07   
       1              2          1.549e-03      3.599e-08      1.747e-02      6.414e-07   
       2              3          1.549e-03      9.250e-08      4.870e-02      6.624e-07   
       3              4          1.549e-03      2.308e-07      1.326e-01      6.249e-07   
       4              5          1.548e-03      4.813e-07      3.631e-01      1.036e-04   
       5              6          1.548e-03      8.409e-07      5.058e-01      6.019e-07   
       6              7          1.546e-03      1.979e-06      1.417e+00      2.670e-06   
       7              8          1.541e-03      4.766e-06      3.760e+00      6.795e-06   
       8              9          1.541e-03      6.763e-09      1.132e-03      1.345e-06   
       9             10          1.525e-03      1.546e-05      1.560e+01      1.412e-04   
      10             17          1.525e-03      2.581e-07      2.817e-03      3.832e-05   
      11             18          1.525e-03      3.345e-08      7.884e-04      1.509e-05   
      12             19          1.525e-03      2.319e-08      1.131e-03      6.703e-06   
      13             20          1.525e-03      2.132e-08      2.029e-03      5.475e-06   
      14             21          1.525e-03      3.629e-08      4.835e-03      4.222e-06   
      15             22          1.525e-03      4.667e-08      7.823e-03      2.019e-06   
      16             23          1.525e-03      2.266e-08      1.075e-02      5.065e-07   
      17             24          1.525e-03      3.468e-08      2.392e-02      4.164e-07   
      18             25          1.525e-03      5.865e-08      5.599e-02      4.216e-07   
      19             26          1.525e-03      1.384e-07      1.513e-01      4.511e-07   
      20             27          1.524e-03      3.936e-07      4.461e-01      4.583e-07   
      21             28          1.523e-03      1.140e-06      1.314e+00      2.884e-06   
      22             29          1.520e-03      3.167e-06      3.779e+00      6.132e-06   
      23             30          1.520e-03      1.703e-08      1.190e-02      4.519e-07   
      24             31          1.502e-03      1.753e-05      2.688e+01      2.638e-04   
      25             32          1.486e-03      1.626e-05      3.479e+01      3.690e-04   
      26             33          1.478e-03      8.599e-06      2.446e+01      7.766e-04   
      27             40          1.475e-03      2.945e-06      1.198e-02      3.240e-05   
      28             41          1.475e-03      6.165e-08      1.540e-03      1.402e-05   
      29             42          1.474e-03      4.947e-08      2.497e-03      1.029e-05   
      30             43          1.474e-03      6.004e-08      5.022e-03      5.973e-06   
      31             44          1.474e-03      7.612e-08      8.810e-03      3.450e-06   
      32             45          1.474e-03      1.809e-08      7.825e-03      5.736e-07   
      33             46          1.474e-03      2.614e-08      1.776e-02      5.144e-07   
      34             47          1.474e-03      5.510e-08      4.484e-02      4.608e-07   
      35             48          1.474e-03      1.145e-07      1.145e-01      3.656e-07   
      36             49          1.474e-03      1.196e-07      1.560e-01      3.471e-07   
      37             55          1.474e-03      7.711e-12      1.299e-05      1.584e-07   
      38             56          1.474e-03      1.798e-11      4.149e-05      1.589e-07   
      39             57          1.474e-03      5.059e-11      1.213e-04      1.606e-07   
      40             58          1.474e-03      1.409e-10      3.491e-04      1.625e-07   
      41             59          1.474e-03      3.737e-10      9.808e-04      1.626e-07   
      42             60          1.474e-03      9.656e-10      2.725e-03      1.570e-07   
      43             61          1.474e-03      2.390e-09      7.376e-03      1.396e-07   
      44             62          1.474e-03      5.644e-09      1.960e-02      1.135e-07   
      45             63          1.474e-03      1.374e-08      5.327e-02      9.748e-08   
      46             64          1.474e-03      3.475e-08      1.471e-01      9.337e-08   
      47             65          1.474e-03      9.218e-08      4.176e-01      3.089e-07   
      48             66          1.474e-03      2.513e-07      1.193e+00      3.320e-06   
      49             67          1.473e-03      6.541e-07      3.359e+00      2.974e-05   
      50             68          1.472e-03      1.379e-06      8.134e+00      6.446e-05   
      51             75          1.471e-03      8.091e-08      2.719e-03      7.486e-06   
      52             76          1.471e-03      2.945e-09      3.692e-04      2.923e-06   
      53             77          1.471e-03      1.426e-09      4.179e-04      7.106e-07   
      54             78          1.471e-03      7.402e-10      6.678e-04      5.203e-07   
      55             79          1.471e-03      1.132e-09      1.421e-03      3.632e-07   
      56             80          1.471e-03      2.474e-09      3.793e-03      3.480e-07   
      57             81          1.471e-03      4.406e-09      7.317e-03      2.150e-07   
      58             82          1.471e-03      1.644e-09      9.223e-03      7.854e-08   
      59             83          1.471e-03      4.488e-09      2.685e-02      7.818e-08   
      60             84          1.471e-03      1.293e-08      7.898e-02      7.833e-08   
      61             85          1.471e-03      3.714e-08      2.317e-01      3.036e-07   
      62             86          1.471e-03      1.062e-07      6.784e-01      1.172e-06   
      63             87          1.471e-03      2.114e-10      6.012e-04      7.674e-08   
      64             88          1.471e-03      6.757e-07      5.530e+00      7.956e-05   
      65             89          1.470e-03      7.770e-07      7.338e+00      1.248e-04   
      66             90          1.469e-03      1.087e-06      6.463e+00      6.238e-05   
      67             91          1.469e-03      2.980e-08      5.523e-03      5.472e-05   
      68             93          1.469e-03      2.580e-08      1.655e+01      2.066e-04   
      69             94          1.467e-03      1.814e-06      6.746e+00      2.195e-05   
      70             96          1.467e-03      2.976e-07      7.375e+00      5.994e-05   
      71             97          1.466e-03      2.877e-07      5.834e+00      3.361e-05   
      72             98          1.466e-03      1.392e-07      6.588e+00      4.023e-05   
      73             99          1.466e-03      1.226e-07      4.387e+00      1.965e-05   
      74             100         1.466e-03      4.095e-08      4.402e+00      2.050e-05   
      75             101         1.466e-03      2.700e-08      2.177e+00      7.110e-06   
      76             104         1.466e-03      2.035e-09      5.813e-01      3.881e-06   
      77             105         1.466e-03      1.488e-09      2.563e-01      7.936e-07   
      78             106         1.466e-03      7.721e-10      3.853e-01      4.429e-07   
      79             107         1.466e-03      6.105e-10      5.932e-01      7.368e-07   
      80             108         1.466e-03      1.570e-10      3.007e-01      2.012e-07   
      81             109         1.466e-03      1.518e-11      1.608e-01      4.982e-08   
      82             110         1.466e-03      4.405e-12      3.196e-02      5.928e-09   
`gtol` condition satisfied. (gtol=1.00e-08)
         Current function value: 1.466e-03
         Max scaled gradient: 5.928e-09
         Total delta_x: 2.268e-01
         Iterations: 82
         Function evaluations: 110
         Jacobian evaluations: 83
{"tag": "final", "cost": 0.0014659641449110779, "cost_targets": 0.0014659501059979085, "cost_bounds": 1.403891316949668e-08, "max_dB": 0.0012484547228264191, "max_dG_rel": 0.0036609066222656156, "iota": 1.300249186883935, "eta": 1.2048221176655218, "hel": -1.0, "max_elong": 5.592310198881469, "axis_rc": [0.95715, 0.0727, 0.00397, -0.00014, -8e-05, -1e-05], "axis_zs": [0.0, -0.04303, -0.00061, 0.0001, 5e-05, 0.0], "max_abs_Zaxis": 0.043154442090681804, "min_dpc": 0.09734859465540378, "min_dcc": 0.039999938015810234, "max_kappa": 15.445458990868092, "Lcoil": [2.075, 2.324, 2.596], "I_over_uniform": [0.711, 0.995, 1.305], "n_active_bounds": 20, "L_total": 6.9954135648477, "coil_R_max": 1.3273391777641799, "coil_absz_max": 0.49050641297835035, "mean_kappa2": 0.146031795614852, "cost_reg": 0.0013536494408284425, "cost_field": 0.00011230066516946602, "time_s": 87, "status": "`gtol` condition satisfied. (gtol=1.00e-08)", "nit": 82, "optimality": 5.927696368069771e-09}
