ERROR:2026-10-09 14:15:04,261:jax._src.xla_bridge:487: Jax plugin configuration error: Exception when calling jax_plugins.xla_cuda12.initialize()
Traceback (most recent call last):
  File "/home/jay/miniconda3/envs/desc-dev/lib/python3.13/site-packages/jax/_src/xla_bridge.py", line 485, in discover_pjrt_plugins
    plugin_module.initialize()
    ~~~~~~~~~~~~~~~~~~~~~~~~^^
  File "/home/jay/miniconda3/envs/desc-dev/lib/python3.13/site-packages/jax_plugins/xla_cuda12/__init__.py", line 328, in initialize
    _check_cuda_versions(raise_on_first_error=True)
    ~~~~~~~~~~~~~~~~~~~~^^^^^^^^^^^^^^^^^^^^^^^^^^^
  File "/home/jay/miniconda3/envs/desc-dev/lib/python3.13/site-packages/jax_plugins/xla_cuda12/__init__.py", line 285, in _check_cuda_versions
    local_device_count = cuda_versions.cuda_device_count()
RuntimeError: jaxlib/cuda/versions_helpers.cc:113: operation cuInit(0) failed: CUDA_ERROR_NO_DEVICE
DESC /home/jay/Documents/desc_dev/DESC/desc
DEVICE requested=cpu obtained=cpu (1x cpu)
nfp 4 nc 4 mode z0 helicity -1.0 nparams 80 seed 3
{"tag": "init", "cost": 20.74577348398845, "cost_targets": 10.925557430112287, "cost_bounds": 9.820216053876159, "max_dB": 0.3156599776474904, "max_dG_rel": 1.0866466084136077, "iota": 1.2847375995051598, "eta": 1.828324275800474, "hel": -1.0, "max_elong": 4.770690442543889, "axis_rc": [1.0, 0.10979, 0.0, 0.0, 0.0, 0.0], "axis_zs": [0.0, -0.09694, 0.0, 0.0, 0.0, 0.0], "max_abs_Zaxis": 0.09687274645470545, "min_dpc": 0.1005323200448135, "min_dcc": 0.0664169863689317, "max_kappa": 17.20659244745306, "Lcoil": [2.28, 2.514, 2.783, 2.856], "I_over_uniform": [1.0, 1.0, 1.0, 1.0], "n_active_bounds": 12}
   Iteration     Total nfev        Cost      Cost reduction    Step norm     Optimality   
       0              1          2.075e+01                                    1.890e+00   
       1              2          9.158e+00      1.159e+01      7.042e+01      3.275e-01   
       2              3          6.034e+00      3.124e+00      8.053e+01      2.101e-02   
       3              5          4.825e+00      1.210e+00      9.153e+01      2.723e-02   
       4              6          4.811e+00      1.345e-02      7.745e-01      2.499e-02   
       5              7          3.172e+00      1.639e+00      1.793e+02      8.407e-02   
       6              8          2.352e+00      8.198e-01      2.480e+02      1.670e-01   
       7              9          1.058e+00      1.295e+00      1.769e+02      2.368e-02   
       8             10          1.039e+00      1.906e-02      1.051e+00      1.389e-02   
       9             11          6.936e-01      3.450e-01      3.043e+02      5.438e-02   
      10             12          5.553e-01      1.383e-01      1.994e+02      2.263e-01   
      11             14          4.427e-01      1.126e-01      8.250e+01      1.171e-01   
      12             15          1.872e-01      2.556e-01      5.766e+01      1.204e-03   
      13             18          1.778e-01      9.331e-03      2.156e+01      4.333e-03   
      14             19          1.659e-01      1.188e-02      2.261e+01      6.813e-04   
      15             23          1.649e-01      1.027e-03      1.355e+00      5.200e-04   
      16             25          1.640e-01      9.011e-04      1.902e+00      6.044e-04   
      17             28          1.638e-01      2.617e-04      7.488e-01      3.613e-03   
      18             29          1.635e-01      2.649e-04      6.823e-01      7.026e-04   
      19             31          1.634e-01      1.287e-04      3.780e-01      3.033e-03   
      20             32          1.632e-01      1.769e-04      3.008e-01      1.982e-04   
      21             33          1.629e-01      3.373e-04      8.815e-01      1.981e-04   
      22             34          1.619e-01      9.751e-04      2.589e+00      1.973e-04   
      23             35          1.602e-01      1.627e-03      4.405e+00      3.178e-04   
      24             36          1.589e-01      1.309e-03      3.671e+00      7.494e-04   
      25             37          1.408e-01      1.817e-02      5.602e+01      9.266e-04   
      26             38          1.130e-01      2.773e-02      1.205e+02      5.485e-03   
      27             39          8.693e-02      2.611e-02      1.436e+02      8.897e-03   
      28             42          7.865e-02      8.279e-03      2.873e+01      3.938e-03   
      29             43          7.423e-02      4.414e-03      1.594e+01      1.203e-03   
      30             46          7.395e-02      2.814e-04      6.865e+00      1.915e-03   
      31             47          7.337e-02      5.826e-04      1.082e+00      7.990e-04   
      32             48          7.259e-02      7.741e-04      5.169e+00      1.842e-04   
      33             49          7.145e-02      1.146e-03      1.114e+01      1.623e-04   
      34             50          6.976e-02      1.690e-03      2.496e+01      2.473e-04   
      35             51          6.976e-02      1.746e-06      2.296e-02      4.666e-04   
      36             52          6.649e-02      3.269e-03      7.709e+01      4.264e-03   
      37             53          6.630e-02      1.864e-04      5.177e-01      1.092e-03   
      38             54          6.382e-02      2.484e-03      5.064e+01      1.441e-03   
      39             56          6.247e-02      1.349e-03      5.584e+01      8.277e-04   
      40             63          6.246e-02      4.087e-06      1.745e-03      8.138e-04   
      41             64          6.245e-02      1.072e-05      4.810e-03      7.748e-04   
      42             65          6.243e-02      2.343e-05      1.197e-02      6.758e-04   
      43             66          6.240e-02      3.565e-05      2.418e-02      4.780e-04   
      44             67          6.236e-02      3.386e-05      3.918e-02      2.247e-04   
      45             68          6.233e-02      2.924e-05      6.739e-02      2.005e-04   
      46             69          6.227e-02      5.923e-05      1.751e-01      1.827e-04   
      47             70          6.216e-02      1.142e-04      4.018e-01      1.419e-04   
      48             74          6.215e-02      3.977e-06      1.910e-02      2.449e-04   
      49             75          6.215e-02      6.633e-06      2.546e-02      1.113e-04   
      50             76          6.213e-02      1.697e-05      7.306e-02      1.118e-04   
      51             77          6.209e-02      4.266e-05      1.974e-01      9.824e-05   
      52             78          6.201e-02      8.092e-05      4.499e-01      8.138e-05   
      53             79          6.190e-02      1.075e-04      8.945e-01      6.853e-05   
      54             80          6.175e-02      1.474e-04      1.904e+00      6.429e-05   
      55             81          6.145e-02      3.075e-04      5.043e+00      1.163e-04   
      56             82          6.111e-02      3.385e-04      7.355e+00      4.459e-04   
      57             83          6.032e-02      7.904e-04      1.991e+01      4.240e-04   
      58             84          6.024e-02      7.212e-05      9.145e-01      3.407e-04   
      59             85          5.859e-02      1.655e-03      2.742e+01      5.889e-04   
      60             87          5.718e-02      1.412e-03      2.877e+01      5.302e-03   
      61             93          5.681e-02      3.643e-04      1.606e-01      3.697e-03   
      62             94          5.672e-02      9.332e-05      2.880e-02      6.504e-04   
      63             95          5.670e-02      2.083e-05      3.151e-02      1.569e-04   
      64             96          5.669e-02      1.333e-05      4.698e-02      1.052e-04   
      65             97          5.668e-02      8.887e-06      6.265e-02      3.614e-05   
      66             98          5.667e-02      1.002e-05      1.292e-01      2.878e-05   
      67             99          5.665e-02      1.458e-05      2.612e-01      2.127e-05   
      68             100         5.663e-02      2.655e-05      6.518e-01      2.633e-05   
      69             101         5.656e-02      6.533e-05      1.796e+00      4.880e-05   
      70             102         5.642e-02      1.357e-04      5.002e+00      1.144e-03   
      71             108         5.640e-02      2.739e-05      1.560e-02      3.304e-04   
      72             109         5.640e-02      1.663e-06      2.755e-03      1.973e-04   
      73             110         5.639e-02      8.825e-07      3.067e-03      7.720e-05   
      74             111         5.639e-02      4.347e-07      4.379e-03      3.734e-05   
      75             112         5.639e-02      7.714e-07      1.108e-02      3.143e-05   
      76             113         5.639e-02      6.071e-07      1.711e-02      1.986e-05   
      77             114         5.639e-02      1.601e-06      4.863e-02      1.988e-05   
      78             115         5.639e-02      4.605e-06      1.444e-01      1.987e-05   
      79             116         5.637e-02      1.375e-05      4.314e-01      1.981e-05   
      80             117         5.633e-02      3.999e-05      1.283e+00      4.481e-05   
      81             118         5.623e-02      1.074e-04      3.779e+00      2.180e-04   
      82             119         5.622e-02      7.439e-06      6.026e-02      6.785e-05   
      83             120         5.597e-02      2.481e-04      8.913e+00      3.732e-04   
      84             126         5.596e-02      1.084e-05      1.442e-02      2.201e-04   
      85             127         5.595e-02      4.309e-06      9.476e-03      1.397e-04   
      86             128         5.595e-02      3.401e-06      1.332e-02      7.478e-05   
      87             129         5.595e-02      2.203e-06      2.015e-02      4.381e-05   
      88             130         5.595e-02      2.166e-06      3.620e-02      1.986e-05   
      89             131         5.594e-02      3.463e-06      8.167e-02      1.855e-05   
      90             132         5.594e-02      8.197e-06      2.265e-01      1.833e-05   
      91             133         5.591e-02      2.134e-05      6.220e-01      1.886e-05   
      92             134         5.586e-02      5.297e-05      1.780e+00      1.106e-04   
      93             135         5.586e-02      1.447e-06      1.951e-02      3.824e-05   
      94             136         5.571e-02      1.465e-04      5.455e+00      3.370e-04   
      95             137         5.570e-02      1.367e-05      5.073e-02      9.767e-05   
      96             138         5.549e-02      2.092e-04      8.731e+00      5.033e-04   
      97             139         5.545e-02      4.419e-05      8.282e-02      5.381e-04   
      98             140         5.516e-02      2.876e-04      9.734e+00      6.059e-04   
      99             141         5.514e-02      1.527e-05      3.136e-02      4.506e-04   
      100            142         5.467e-02      4.751e-04      1.555e+01      1.089e-04   
      101            143         5.365e-02      1.021e-03      4.595e+01      1.342e-03   
      102            150         5.363e-02      1.282e-05      3.975e-03      1.263e-03   
      103            151         5.361e-02      2.803e-05      9.511e-03      1.083e-03   
      104            152         5.356e-02      4.968e-05      2.116e-02      7.740e-04   
      105            153         5.350e-02      6.102e-05      3.736e-02      5.536e-04   
      106            154         5.342e-02      7.187e-05      7.279e-02      2.718e-04   
      107            155         5.333e-02      9.820e-05      1.484e-01      2.303e-04   
      108            158         5.331e-02      1.518e-05      5.040e-02      4.219e-04   
      109            159         5.330e-02      1.320e-05      3.368e-02      9.920e-05   
      110            160         5.327e-02      2.611e-05      8.898e-02      1.003e-04   
      111            161         5.321e-02      5.826e-05      2.267e-01      1.542e-04   
      112            162         5.309e-02      1.269e-04      5.849e-01      7.584e-05   
      113            163         5.292e-02      1.674e-04      1.232e+00      5.610e-04   
      114            164         5.275e-02      1.727e-04      1.323e+00      2.662e-04   
      115            166         5.273e-02      1.473e-05      1.263e+00      7.025e-04   
      116            170         5.266e-02      7.026e-05      9.555e-02      1.759e-04   
      117            171         5.265e-02      1.305e-05      3.381e-02      1.240e-04   
      118            172         5.264e-02      5.507e-06      3.847e-02      4.499e-05   
      119            173         5.263e-02      7.697e-06      8.865e-02      3.009e-05   
      120            174         5.262e-02      1.671e-05      2.331e-01      1.081e-04   
      121            175         5.257e-02      4.432e-05      6.450e-01      6.441e-05   
      122            176         5.249e-02      8.380e-05      1.936e+00      4.602e-04   
      123            177         5.248e-02      1.327e-05      1.465e-01      7.173e-04   
      124            178         5.231e-02      1.650e-04      2.477e+00      4.324e-04   
      125            179         5.206e-02      2.500e-04      2.487e+00      1.848e-04   
      126            180         5.186e-02      2.051e-04      4.043e+00      8.368e-05   
      127            181         5.165e-02      2.101e-04      9.365e+00      7.542e-04   
      128            182         5.163e-02      1.661e-05      3.108e-01      4.949e-04   
      129            183         5.150e-02      1.307e-04      8.568e+00      9.314e-04   
      130            189         5.147e-02      2.668e-05      1.531e-02      7.435e-04   
      131            190         5.143e-02      3.866e-05      3.028e-02      4.395e-04   
      132            191         5.141e-02      2.732e-05      4.080e-02      1.938e-04   
      133            192         5.139e-02      1.482e-05      5.356e-02      9.137e-05   
      134            193         5.138e-02      1.223e-05      9.043e-02      6.192e-05   
      135            194         5.137e-02      1.274e-05      1.600e-01      3.271e-05   
      136            195         5.135e-02      1.318e-05      3.416e-01      5.929e-05   
      137            196         5.135e-02      1.700e-06      2.900e-01      1.843e-04   
      138            198         5.135e-02      4.357e-06      1.602e-01      1.939e-04   
      139            199         5.134e-02      8.484e-06      1.314e-01      3.086e-05   
      140            200         5.134e-02      3.352e-06      2.581e-01      1.384e-04   
      141            202         5.133e-02      3.417e-06      1.509e-01      1.482e-04   
      142            203         5.133e-02      5.030e-06      1.840e-01      7.540e-05   
      143            204         5.132e-02      5.664e-06      1.305e-01      3.117e-05   
      144            205         5.132e-02      1.594e-06      3.758e-01      1.765e-04   
      145            206         5.131e-02      1.206e-05      2.683e-01      6.220e-05   
      146            209         5.131e-02      1.429e-06      1.513e-01      8.806e-05   
      147            210         5.130e-02      4.138e-06      8.773e-02      4.872e-05   
      148            211         5.130e-02      3.395e-06      2.479e-01      1.022e-04   
      149            212         5.129e-02      8.895e-06      2.302e-01      4.644e-05   
      150            213         5.127e-02      1.643e-05      6.517e-01      2.600e-05   
      151            214         5.123e-02      4.815e-05      1.931e+00      2.606e-05   
      152            215         5.109e-02      1.400e-04      5.713e+00      6.563e-05   
      153            218         5.108e-02      5.018e-07      2.306e+00      6.558e-04   
      154            219         5.105e-02      3.678e-05      1.482e+00      4.734e-04   
      155            220         5.100e-02      5.068e-05      1.410e+00      1.782e-04   
      156            221         5.096e-02      4.105e-05      1.244e+00      1.258e-04   
      157            224         5.095e-02      2.300e-06      3.876e-01      2.045e-04   
      158            225         5.095e-02      8.022e-06      2.321e-01      6.159e-05   
      159            226         5.094e-02      9.771e-06      2.429e-01      1.192e-05   
      160            227         5.093e-02      9.454e-06      5.975e-01      1.450e-04   
      161            228         5.092e-02      1.055e-05      3.081e-01      1.137e-04   
      162            231         5.091e-02      2.186e-06      1.541e-01      8.934e-05   
      163            232         5.091e-02      4.485e-06      1.093e-01      1.123e-05   
      164            233         5.091e-02      3.115e-06      3.190e-01      1.271e-04   
      165            234         5.090e-02      1.056e-05      2.954e-01      3.753e-05   
      166            237         5.090e-02      5.345e-07      1.577e-01      9.686e-05   
      167            238         5.089e-02      3.700e-06      7.812e-02      3.360e-05   
      168            239         5.089e-02      3.769e-06      2.303e-01      8.260e-05   
      169            240         5.088e-02      6.801e-06      2.251e-01      1.821e-05   
      170            241         5.087e-02      9.123e-06      3.566e-01      2.359e-05   
      171            242         5.087e-02      3.496e-06      1.131e+00      3.497e-04   
      172            243         5.083e-02      3.601e-05      7.729e-01      4.190e-05   
      173            246         5.082e-02      9.137e-06      3.713e-01      7.158e-05   
      174            247         5.081e-02      8.773e-06      3.094e-01      7.763e-05   
      175            250         5.081e-02      1.259e-06      7.640e-02      4.089e-05   
      176            251         5.081e-02      2.090e-06      5.623e-02      1.291e-05   
      177            252         5.081e-02      1.112e-06      1.768e-01      1.029e-04   
      178            253         5.080e-02      5.484e-06      1.372e-01      2.231e-05   
      179            256         5.080e-02      1.019e-06      7.238e-02      3.409e-05   
      180            257         5.080e-02      1.850e-06      5.120e-02      2.291e-05   
      181            258         5.080e-02      7.257e-07      1.635e-01      1.034e-04   
      182            259         5.080e-02      4.967e-06      1.175e-01      2.434e-05   
      183            262         5.080e-02      8.741e-07      6.021e-02      3.221e-05   
      184            263         5.079e-02      1.527e-06      4.182e-02      2.316e-05   
      185            264         5.079e-02      4.729e-07      1.343e-01      9.321e-05   
      186            265         5.079e-02      3.856e-06      8.685e-02      2.139e-05   
      187            267         5.079e-02      2.078e-07      1.666e-01      9.995e-05   
      188            268         5.079e-02      3.890e-06      7.722e-02      4.246e-05   
      189            269         5.078e-02      3.633e-06      2.259e-01      8.830e-05   
      190            270         5.077e-02      7.129e-06      2.065e-01      5.290e-05   
      191            271         5.076e-02      1.464e-05      5.920e-01      2.000e-05   
      192            275         5.076e-02      5.610e-07      4.138e-02      4.503e-05   
      193            276         5.076e-02      4.239e-07      3.457e-02      3.835e-05   
      194            277         5.076e-02      1.102e-06      2.834e-02      2.121e-05   
      195            280         5.076e-02      1.908e-07      1.703e-02      1.974e-05   
      196            281         5.076e-02      3.346e-07      9.576e-03      1.332e-05   
      197            282         5.076e-02      2.068e-07      3.280e-02      3.563e-05   
      198            283         5.076e-02      9.513e-07      2.352e-02      1.983e-05   
      199            286         5.076e-02      1.697e-07      1.397e-02      1.922e-05   
      200            287         5.076e-02      2.774e-07      8.002e-03      1.387e-05   
      201            288         5.076e-02      1.312e-07      2.774e-02      3.366e-05   
      202            289         5.075e-02      7.500e-07      1.806e-02      1.961e-05   
      203            291         5.075e-02      2.619e-08      3.862e-02      2.968e-05   
      204            292         5.075e-02      6.524e-07      1.502e-02      1.442e-05   
      205            293         5.075e-02      9.174e-07      4.804e-02      3.139e-05   
      206            294         5.075e-02      1.345e-06      4.116e-02      1.711e-05   
      207            295         5.075e-02      2.905e-06      1.162e-01      1.940e-05   
      208            296         5.074e-02      8.632e-06      3.473e-01      1.282e-05   
      209            297         5.071e-02      2.581e-05      1.040e+00      1.991e-05   
      210            300         5.071e-02      1.235e-06      4.273e-01      1.991e-04   
      211            301         5.070e-02      1.020e-05      3.600e-01      1.151e-04   
      212            302         5.069e-02      1.047e-05      3.026e-01      8.752e-05   
      213            303         5.069e-02      3.489e-06      4.255e-01      1.786e-04   
      214            304         5.067e-02      1.572e-05      3.756e-01      1.713e-05   
      215            308         5.067e-02      3.422e-07      2.576e-02      2.352e-05   
      216            309         5.067e-02      5.611e-07      2.322e-02      2.278e-05   
      217            310         5.067e-02      6.101e-07      1.777e-02      1.528e-05   
      218            311         5.067e-02      1.198e-06      4.933e-02      1.742e-05   
      219            312         5.067e-02      3.742e-06      1.469e-01      1.742e-05   
      220            317         5.067e-02      1.436e-08      7.744e-04      1.449e-05   
      221            318         5.067e-02      1.568e-08      4.620e-04      1.437e-05   
      222            321         5.067e-02      7.034e-09      2.364e-04      1.724e-05   
      223            323         5.067e-02      4.566e-11      1.868e-04      1.438e-05   
      224            324         5.067e-02      2.149e-09      6.025e-05      1.436e-05   
      225            325         5.067e-02      3.968e-09      2.286e-04      1.725e-05   
      226            326         5.067e-02      1.909e-09      2.842e-04      1.443e-05   
      227            327         5.067e-02      4.428e-09      1.277e-04      1.439e-05   
      228            328         5.067e-02      2.036e-09      5.001e-04      1.732e-05   
      229            329         5.067e-02      1.255e-08      4.282e-04      1.441e-05   
      230            330         5.067e-02      8.577e-09      2.564e-04      1.434e-05   
      231            334         5.067e-02      6.115e-10      1.650e-05      1.433e-05   
      232            336         5.067e-02      1.308e-11      2.471e-05      1.721e-05   
      233            337         5.067e-02      7.478e-10      1.614e-05      1.720e-05   
      234            342         5.067e-02      2.190e-12      4.729e-08      1.720e-05   
Optimization terminated successfully.
`ftol` condition satisfied. (ftol=1.00e-10)
         Current function value: 5.067e-02
         Max scaled gradient: 1.720e-05
         Total delta_x: 1.866e+00
         Iterations: 234
         Function evaluations: 342
         Jacobian evaluations: 235
{"tag": "final", "cost": 0.05066666023162786, "cost_targets": 0.05054775169887006, "cost_bounds": 0.00011890853275779501, "max_dB": 0.13336884503818575, "max_dG_rel": 0.07878834663308482, "iota": 1.1752418998499292, "eta": 1.2473800456378272, "hel": -1.0, "max_elong": 4.065768030597219, "axis_rc": [1.01084, 0.13722, 0.0117, -0.00013, -0.00024, -2e-05], "axis_zs": [0.0, -0.11336, -0.00777, -0.00024, 0.00012, 1e-05], "max_abs_Zaxis": 0.11406199931422857, "min_dpc": 0.10970697266932941, "min_dcc": 0.03999457748226614, "max_kappa": 13.70670304951021, "Lcoil": [2.927, 2.93, 2.758, 2.923], "I_over_uniform": [1.741, 1.907, 0.405, 0.561], "n_active_bounds": 32, "time_s": 171, "status": "Optimization terminated successfully.\n`ftol` condition satisfied. (ftol=1.00e-10)", "nit": 234, "optimality": 1.7204208541866362e-05}
