ERROR:2026-10-09 13:30:40,439:jax._src.xla_bridge:487: Jax plugin configuration error: Exception when calling jax_plugins.xla_cuda12.initialize()
Traceback (most recent call last):
  File "/home/jay/miniconda3/envs/desc-dev/lib/python3.13/site-packages/jax/_src/xla_bridge.py", line 485, in discover_pjrt_plugins
    plugin_module.initialize()
    ~~~~~~~~~~~~~~~~~~~~~~~~^^
  File "/home/jay/miniconda3/envs/desc-dev/lib/python3.13/site-packages/jax_plugins/xla_cuda12/__init__.py", line 328, in initialize
    _check_cuda_versions(raise_on_first_error=True)
    ~~~~~~~~~~~~~~~~~~~~^^^^^^^^^^^^^^^^^^^^^^^^^^^
  File "/home/jay/miniconda3/envs/desc-dev/lib/python3.13/site-packages/jax_plugins/xla_cuda12/__init__.py", line 285, in _check_cuda_versions
    local_device_count = cuda_versions.cuda_device_count()
RuntimeError: jaxlib/cuda/versions_helpers.cc:113: operation cuInit(0) failed: CUDA_ERROR_NO_DEVICE
DESC /home/jay/Documents/desc_dev/DESC/desc
DEVICE requested=cpu obtained=cpu (1x cpu)
nfp 3 nc 4 mode z0 helicity -1.0 nparams 80 seed 2
{"tag": "init", "cost": 22.926540534431872, "cost_targets": 22.642485328652096, "cost_bounds": 0.2840552057797776, "max_dB": 0.4533926600548092, "max_dG_rel": 1.046063513794255, "iota": 1.1760850281415804, "eta": 1.0692429593258468, "hel": -1.0, "max_elong": 5.878467878564952, "axis_rc": [1.0, 0.19283, 0.0, 0.0, 0.0, 0.0], "axis_zs": [0.0, -0.11137, 0.0, 0.0, 0.0, 0.0], "max_abs_Zaxis": 0.11128874169978055, "min_dpc": 0.12155664306811832, "min_dcc": 0.07585515527141484, "max_kappa": 12.447284669057442, "Lcoil": [2.789, 3.174, 3.417, 3.054], "I_over_uniform": [1.0, 1.0, 1.0, 1.0], "n_active_bounds": 6}
   Iteration     Total nfev        Cost      Cost reduction    Step norm     Optimality   
       0              1          2.293e+01                                    1.893e-01   
       1              5          1.082e+01      1.211e+01      3.981e+01      1.367e-01   
       2              6          7.740e+00      3.075e+00      2.620e+01      1.533e-01   
       3              7          6.471e+00      1.270e+00      3.437e+01      7.868e-03   
       4              8          5.796e+00      6.744e-01      6.343e+01      4.144e-02   
       5              9          4.661e+00      1.136e+00      1.351e+02      3.043e-02   
       6             12          4.131e+00      5.304e-01      5.082e+01      1.374e-02   
       7             13          3.381e+00      7.491e-01      1.223e+02      2.199e-02   
       8             14          3.131e+00      2.504e-01      2.348e+02      3.927e-01   
       9             18          2.529e+00      6.018e-01      2.048e+01      1.130e-01   
      10             19          2.404e+00      1.250e-01      3.947e+00      2.494e-03   
      11             20          2.379e+00      2.462e-02      6.029e+00      1.579e-03   
      12             21          2.326e+00      5.396e-02      1.639e+01      1.580e-03   
      13             22          2.195e+00      1.303e-01      4.350e+01      3.334e-03   
      14             23          2.154e+00      4.168e-02      1.507e+01      2.055e-03   
      15             24          2.151e+00      2.293e-03      7.386e-01      1.552e-03   
      16             25          2.124e+00      2.771e-02      3.206e+02      1.054e-01   
      17             26          1.535e+00      5.889e-01      1.997e+01      3.565e-02   
      18             27          1.121e+00      4.139e-01      1.665e+02      5.378e-02   
      19             32          1.085e+00      3.609e-02      6.213e+00      1.488e-02   
      20             33          1.076e+00      9.024e-03      7.281e-01      3.589e-03   
      21             34          1.070e+00      5.422e-03      1.158e+00      1.500e-03   
      22             35          1.063e+00      6.800e-03      2.379e+00      1.092e-03   
      23             36          1.049e+00      1.397e-02      6.110e+00      1.104e-03   
      24             37          1.014e+00      3.513e-02      1.691e+01      5.635e-03   
      25             38          9.268e-01      8.752e-02      4.471e+01      6.555e-03   
      26             39          7.949e-01      1.319e-01      7.062e+01      3.608e-03   
      27             40          6.424e-01      1.525e-01      1.574e+02      2.826e-02   
      28             41          5.792e-01      6.315e-02      1.635e+00      1.230e-02   
      29             42          4.220e-01      1.572e-01      1.375e+02      2.918e-02   
      30             43          4.032e-01      1.877e-02      1.961e+02      8.343e-02   
      31             44          2.956e-01      1.076e-01      2.281e+00      3.428e-02   
      32             45          2.021e-01      9.353e-02      1.003e+02      8.191e-03   
      33             47          1.753e-01      2.682e-02      8.574e+01      1.442e-02   
      34             48          1.626e-01      1.262e-02      9.257e+01      1.790e-02   
      35             49          1.480e-01      1.468e-02      7.546e+01      1.735e-02   
      36             50          1.367e-01      1.125e-02      6.754e+01      1.731e-02   
      37             51          1.228e-01      1.389e-02      6.254e+01      7.700e-03   
      38             53          1.196e-01      3.278e-03      5.594e+01      1.802e-02   
      39             54          1.116e-01      7.903e-03      5.248e+01      1.710e-02   
      40             55          1.031e-01      8.498e-03      4.790e+01      1.197e-02   
      41             56          9.633e-02      6.820e-03      5.350e+01      9.629e-03   
      42             58          9.161e-02      4.721e-03      3.296e+01      1.467e-04   
      43             62          9.146e-02      1.528e-04      1.582e+00      5.666e-05   
      44             64          9.138e-02      7.445e-05      2.319e+00      1.914e-03   
      45             65          9.111e-02      2.696e-04      2.212e+00      7.160e-04   
      46             67          9.109e-02      1.779e-05      1.137e+00      1.850e-03   
      47             68          9.091e-02      1.832e-04      7.922e-01      3.910e-05   
      48             69          9.072e-02      1.949e-04      2.335e+00      3.875e-05   
      49             70          9.016e-02      5.595e-04      6.816e+00      4.545e-05   
      50             71          8.862e-02      1.541e-03      1.968e+01      5.718e-04   
      51             72          8.515e-02      3.464e-03      5.106e+01      5.480e-03   
      52             73          7.832e-02      6.833e-03      1.195e+02      4.853e-03   
      53             76          7.571e-02      2.611e-03      4.253e+01      5.351e-04   
      54             79          7.489e-02      8.157e-04      1.577e+01      6.757e-05   
      55             83          7.485e-02      3.934e-05      7.532e-01      2.627e-05   
      56             84          7.484e-02      1.239e-05      2.240e+00      1.825e-03   
      57             90          7.482e-02      1.741e-05      4.085e-03      1.653e-03   
      58             91          7.479e-02      3.234e-05      8.901e-03      1.273e-03   
      59             92          7.476e-02      3.423e-05      1.414e-02      6.690e-04   
      60             93          7.474e-02      1.240e-05      1.165e-02      1.785e-04   
      61             94          7.474e-02      1.190e-06      5.539e-03      3.056e-05   
      62             95          7.474e-02      6.128e-07      1.167e-02      2.633e-05   
      63             96          7.474e-02      1.766e-06      3.469e-02      2.628e-05   
      64             97          7.474e-02      5.249e-06      1.037e-01      2.621e-05   
      65             98          7.472e-02      1.529e-05      3.045e-01      2.616e-05   
      66             99          7.472e-02      3.739e-06      9.056e-01      1.576e-03   
      67             100         7.465e-02      6.869e-05      5.749e-01      2.607e-05   
      68             101         7.456e-02      8.379e-05      1.713e+00      2.594e-05   
      69             102         7.432e-02      2.483e-04      5.096e+00      2.657e-05   
      70             103         7.406e-02      2.551e-04      5.262e+00      2.724e-05   
      71             104         7.399e-02      7.409e-05      1.531e+00      2.522e-05   
      72             105         7.388e-02      1.078e-04      2.236e+00      3.475e-05   
      73             106         7.311e-02      7.665e-04      2.369e+01      1.187e-03   
      74             107         7.239e-02      7.204e-04      1.956e+02      6.080e-03   
      75             108         6.952e-02      2.872e-03      1.573e+00      2.338e-03   
      76             109         6.189e-02      7.629e-03      9.595e+01      7.606e-04   
      77             112         5.871e-02      3.176e-03      3.764e+01      2.447e-04   
      78             114         5.595e-02      2.766e-03      6.179e+01      3.874e-04   
      79             115         5.582e-02      1.318e-04      3.274e-01      2.340e-04   
      80             119         5.406e-02      1.755e-03      1.253e+01      1.337e-04   
      81             121         5.295e-02      1.112e-03      1.886e+01      4.101e-03   
      82             125         5.285e-02      9.773e-05      1.173e-01      2.138e-03   
      83             126         5.270e-02      1.553e-04      5.297e-01      3.223e-05   
      84             127         5.259e-02      1.068e-04      1.452e+00      4.984e-05   
      85             128         5.227e-02      3.193e-04      4.349e+00      1.300e-04   
      86             129         5.158e-02      6.949e-04      9.781e+00      1.252e-04   
      87             130         4.987e-02      1.705e-03      2.950e+01      1.220e-04   
      88             131         4.636e-02      3.515e-03      6.800e+01      3.893e-04   
      89             132         4.493e-02      1.427e-03      1.853e+01      5.948e-04   
      90             134         3.865e-02      6.278e-03      1.808e+02      1.256e-03   
      91             137         3.497e-02      3.684e-03      8.020e+01      2.277e-04   
      92             140         3.381e-02      1.155e-03      3.272e+01      1.191e-04   
      93             143         3.346e-02      3.491e-04      1.113e+01      4.915e-05   
      94             144         3.299e-02      4.709e-04      2.691e+01      3.937e-03   
      95             149         3.295e-02      4.148e-05      2.504e+00      3.222e-03   
      96             150         3.280e-02      1.491e-04      7.337e-02      5.717e-05   
      97             151         3.280e-02      3.112e-06      6.695e-02      1.296e-05   
      98             152         3.279e-02      5.972e-06      1.734e-01      1.201e-05   
      99             153         3.278e-02      1.414e-05      4.751e-01      1.851e-05   
      100            154         3.276e-02      1.281e-05      1.388e+00      6.286e-04   
      101            155         3.271e-02      5.349e-05      1.253e+00      1.970e-04   
      102            158         3.271e-02      4.400e-06      4.246e-01      3.972e-04   
      103            159         3.269e-02      1.729e-05      3.850e-01      1.627e-05   
      104            160         3.267e-02      2.116e-05      7.682e-01      1.170e-05   
      105            161         3.261e-02      5.319e-05      2.077e+00      2.700e-05   
      106            166         3.261e-02      3.494e-08      1.056e-02      5.999e-05   
      107            167         3.261e-02      1.757e-07      3.781e-03      1.159e-05   
      108            168         3.261e-02      2.824e-07      1.042e-02      1.111e-05   
      109            169         3.261e-02      6.937e-07      2.824e-02      1.106e-05   
      110            170         3.261e-02      2.014e-06      8.445e-02      1.105e-05   
      111            171         3.261e-02      6.031e-06      2.531e-01      1.107e-05   
      112            172         3.259e-02      1.806e-05      7.587e-01      1.483e-05   
      113            173         3.259e-02      7.143e-08      2.821e-03      1.041e-05   
      114            174         3.243e-02      1.576e-04      6.690e+00      4.647e-05   
      115            175         3.200e-02      4.325e-04      1.882e+01      5.080e-05   
      116            176         3.096e-02      1.033e-03      4.996e+01      6.188e-05   
      117            177         2.908e-02      1.889e-03      1.170e+02      4.574e-04   
      118            178         2.902e-02      5.657e-05      1.772e-01      1.229e-04   
      119            179         2.651e-02      2.508e-03      2.224e+02      4.131e-03   
      120            180         2.591e-02      5.971e-04      1.751e+02      6.658e-03   
      121            183         2.579e-02      1.224e-04      3.883e+01      9.138e-03   
      122            184         2.245e-02      3.338e-03      2.190e+01      1.450e-04   
      123            185         2.182e-02      6.340e-04      4.957e+01      5.014e-04   
      124            186         2.103e-02      7.887e-04      1.321e+02      3.964e-03   
      125            187         2.032e-02      7.123e-04      1.210e+01      9.193e-04   
      126            188         1.945e-02      8.649e-04      1.375e+02      1.260e-02   
      127            189         1.570e-02      3.753e-03      1.278e+02      9.622e-03   
      128            190         1.297e-02      2.731e-03      1.334e+02      4.212e-03   
      129            193         1.185e-02      1.115e-03      5.197e+01      2.078e-03   
      130            200         1.182e-02      3.365e-05      1.029e-02      1.871e-03   
      131            201         1.176e-02      6.127e-05      2.244e-02      1.445e-03   
      132            202         1.169e-02      6.922e-05      3.744e-02      8.100e-04   
      133            203         1.166e-02      3.131e-05      3.885e-02      2.984e-04   
      134            204         1.164e-02      1.697e-05      5.744e-02      1.186e-04   
      135            205         1.163e-02      1.319e-05      9.248e-02      2.701e-04   
      136            206         1.162e-02      9.226e-06      8.552e-02      3.251e-05   
      137            209         1.162e-02      1.210e-06      2.866e-02      1.521e-04   
      138            210         1.162e-02      2.011e-06      2.630e-02      3.980e-05   
      139            211         1.161e-02      3.299e-06      6.551e-02      2.865e-05   
      140            212         1.161e-02      5.473e-06      1.612e-01      1.697e-04   
      141            213         1.160e-02      7.023e-06      1.855e-01      2.895e-05   
      142            217         1.160e-02      1.002e-07      9.759e-03      9.116e-05   
      143            218         1.160e-02      4.362e-07      8.542e-03      2.950e-05   
      144            219         1.160e-02      7.616e-07      2.340e-02      2.776e-05   
      145            222         1.160e-02      9.098e-08      9.869e-03      9.266e-05   
      146            223         1.160e-02      4.337e-07      8.418e-03      2.997e-05   
      147            224         1.160e-02      7.392e-07      2.293e-02      2.775e-05   
      148            227         1.160e-02      8.564e-08      9.698e-03      9.197e-05   
      149            228         1.160e-02      4.202e-07      8.180e-03      3.006e-05   
      150            229         1.160e-02      7.100e-07      2.222e-02      2.775e-05   
      151            232         1.160e-02      8.256e-08      9.423e-03      9.030e-05   
      152            233         1.160e-02      4.034e-07      7.933e-03      2.994e-05   
      153            234         1.160e-02      6.826e-07      2.155e-02      2.775e-05   
      154            237         1.160e-02      8.039e-08      9.156e-03      8.855e-05   
      155            238         1.159e-02      3.878e-07      7.714e-03      2.975e-05   
      156            239         1.159e-02      6.590e-07      2.096e-02      2.775e-05   
      157            242         1.159e-02      6.719e-08      8.801e-03      8.783e-05   
      158            243         1.159e-02      3.527e-07      7.097e-03      3.026e-05   
      159            244         1.159e-02      5.795e-07      1.899e-02      2.885e-05   
      160            247         1.159e-02      6.155e-08      8.195e-03      8.431e-05   
      161            248         1.159e-02      3.259e-07      6.565e-03      3.033e-05   
      162            249         1.159e-02      5.303e-07      1.759e-02      2.902e-05   
      163            252         1.159e-02      6.408e-08      7.614e-03      7.960e-05   
      164            253         1.159e-02      3.006e-07      6.285e-03      2.941e-05   
      165            254         1.159e-02      5.076e-07      1.697e-02      2.892e-05   
      166            257         1.159e-02      6.414e-08      7.359e-03      7.756e-05   
      167            258         1.159e-02      2.884e-07      6.128e-03      2.902e-05   
      168            259         1.159e-02      4.931e-07      1.658e-02      2.884e-05   
      169            262         1.159e-02      6.337e-08      7.205e-03      7.642e-05   
      170            263         1.159e-02      2.805e-07      6.011e-03      2.885e-05   
      171            264         1.159e-02      4.814e-07      1.628e-02      2.881e-05   
      172            267         1.159e-02      6.248e-08      7.082e-03      7.555e-05   
      173            268         1.159e-02      2.740e-07      5.910e-03      2.874e-05   
      174            269         1.159e-02      4.712e-07      1.601e-02      2.882e-05   
      175            272         1.159e-02      6.162e-08      6.974e-03      7.479e-05   
      176            273         1.159e-02      2.682e-07      5.819e-03      2.864e-05   
      177            274         1.159e-02      4.619e-07      1.576e-02      2.883e-05   
      178            277         1.159e-02      6.083e-08      6.876e-03      7.410e-05   
      179            278         1.159e-02      2.631e-07      5.737e-03      2.855e-05   
      180            279         1.159e-02      4.536e-07      1.554e-02      2.884e-05   
      181            282         1.159e-02      6.010e-08      6.788e-03      7.347e-05   
      182            283         1.159e-02      2.584e-07      5.662e-03      2.847e-05   
      183            284         1.159e-02      4.459e-07      1.534e-02      2.884e-05   
      184            287         1.159e-02      5.941e-08      6.707e-03      7.289e-05   
      185            288         1.159e-02      2.540e-07      5.593e-03      2.839e-05   
      186            289         1.159e-02      4.388e-07      1.515e-02      2.884e-05   
      187            292         1.159e-02      5.878e-08      6.632e-03      7.236e-05   
      188            293         1.159e-02      2.501e-07      5.529e-03      2.832e-05   
      189            294         1.158e-02      4.323e-07      1.498e-02      2.884e-05   
      190            297         1.158e-02      5.818e-08      6.563e-03      7.187e-05   
      191            298         1.158e-02      2.464e-07      5.470e-03      2.825e-05   
      192            299         1.158e-02      4.263e-07      1.482e-02      2.884e-05   
      193            302         1.158e-02      5.762e-08      6.499e-03      7.140e-05   
      194            303         1.158e-02      2.430e-07      5.415e-03      2.819e-05   
      195            304         1.158e-02      4.206e-07      1.467e-02      2.884e-05   
      196            307         1.158e-02      5.709e-08      6.439e-03      7.097e-05   
      197            308         1.158e-02      2.399e-07      5.364e-03      2.813e-05   
      198            309         1.158e-02      4.154e-07      1.453e-02      2.884e-05   
      199            312         1.158e-02      5.659e-08      6.384e-03      7.057e-05   
      200            313         1.158e-02      2.369e-07      5.316e-03      2.807e-05   
      201            314         1.158e-02      4.104e-07      1.440e-02      2.883e-05   
      202            317         1.158e-02      5.612e-08      6.331e-03      7.019e-05   
      203            318         1.158e-02      2.342e-07      5.271e-03      2.801e-05   
      204            319         1.158e-02      4.058e-07      1.428e-02      2.883e-05   
      205            322         1.158e-02      5.567e-08      6.282e-03      6.983e-05   
      206            323         1.158e-02      2.316e-07      5.228e-03      2.796e-05   
      207            324         1.158e-02      4.014e-07      1.417e-02      2.882e-05   
      208            327         1.158e-02      5.524e-08      6.236e-03      6.949e-05   
      209            328         1.158e-02      2.291e-07      5.188e-03      2.791e-05   
      210            329         1.158e-02      3.972e-07      1.406e-02      2.882e-05   
      211            332         1.158e-02      5.482e-08      6.191e-03      6.917e-05   
      212            333         1.158e-02      2.268e-07      5.150e-03      2.786e-05   
      213            334         1.158e-02      3.932e-07      1.395e-02      2.881e-05   
      214            337         1.158e-02      5.443e-08      6.150e-03      6.886e-05   
      215            338         1.158e-02      2.245e-07      5.113e-03      2.781e-05   
      216            339         1.158e-02      3.895e-07      1.385e-02      2.881e-05   
      217            342         1.158e-02      5.405e-08      6.110e-03      6.856e-05   
      218            343         1.158e-02      2.224e-07      5.079e-03      2.776e-05   
      219            344         1.158e-02      3.858e-07      1.376e-02      2.880e-05   
      220            347         1.158e-02      5.369e-08      6.072e-03      6.828e-05   
      221            348         1.158e-02      2.204e-07      5.045e-03      2.772e-05   
      222            349         1.158e-02      3.824e-07      1.367e-02      2.879e-05   
      223            352         1.158e-02      5.334e-08      6.035e-03      6.801e-05   
      224            353         1.158e-02      2.185e-07      5.014e-03      2.768e-05   
      225            354         1.158e-02      3.791e-07      1.358e-02      2.879e-05   
      226            357         1.158e-02      5.300e-08      6.000e-03      6.775e-05   
      227            358         1.158e-02      2.167e-07      4.983e-03      2.763e-05   
      228            359         1.158e-02      3.759e-07      1.350e-02      2.878e-05   
      229            362         1.158e-02      5.266e-08      5.966e-03      6.750e-05   
      230            363         1.158e-02      2.149e-07      4.953e-03      2.759e-05   
      231            364         1.158e-02      3.728e-07      1.342e-02      2.877e-05   
      232            367         1.158e-02      5.211e-08      5.928e-03      6.727e-05   
      233            368         1.158e-02      2.024e-07      4.801e-03      2.936e-05   
      234            369         1.157e-02      3.569e-07      1.304e-02      2.920e-05   
      235            370         1.157e-02      7.469e-07      3.027e-02      1.117e-05   
      236            371         1.157e-02      4.444e-08      2.097e-03      2.327e-05   
      237            372         1.157e-02      4.498e-06      2.324e-01      2.426e-05   
      238            373         1.156e-02      1.141e-05      6.348e-01      3.088e-05   
      239            378         1.156e-02      1.652e-08      2.797e-03      4.329e-05   
      240            379         1.156e-02      6.413e-08      2.012e-03      2.796e-05   
      241            383         1.156e-02      2.284e-09      1.740e-04      1.783e-05   
      242            384         1.156e-02      1.811e-09      7.492e-05      1.707e-05   
      243            385         1.156e-02      1.871e-09      2.546e-04      2.729e-05   
      244            386         1.156e-02      1.552e-09      3.657e-04      2.000e-05   
      245            387         1.156e-02      3.871e-09      1.444e-04      1.839e-05   
      246            388         1.156e-02      6.026e-09      4.691e-04      2.684e-05   
      247            389         1.156e-02      1.351e-09      6.300e-04      2.314e-05   
      248            390         1.156e-02      7.500e-09      2.596e-04      2.014e-05   
      249            391         1.156e-02      1.092e-08      7.939e-04      2.718e-05   
      250            392         1.156e-02      2.370e-09      1.037e-03      2.803e-05   
      251            393         1.156e-02      1.446e-08      4.766e-04      2.241e-05   
      252            394         1.156e-02      1.924e-08      1.359e-03      2.798e-05   
      253            395         1.156e-02      7.802e-10      1.807e-03      3.754e-05   
      254            396         1.156e-02      2.807e-08      8.113e-04      2.672e-05   
      255            397         1.156e-02      3.395e-08      2.078e-03      2.858e-05   
      256            399         1.156e-02      6.801e-09      1.524e-03      3.288e-05   
      257            400         1.156e-02      2.582e-08      8.467e-04      2.323e-05   
      258            401         1.156e-02      3.240e-08      2.279e-03      2.870e-05   
      259            403         1.156e-02      9.698e-09      1.666e-03      3.330e-05   
      260            404         1.156e-02      2.990e-08      1.007e-03      2.239e-05   
      261            405         1.156e-02      3.796e-08      2.704e-03      2.886e-05   
      262            407         1.156e-02      8.923e-09      2.000e-03      3.711e-05   
      263            408         1.156e-02      3.664e-08      1.170e-03      2.367e-05   
      264            409         1.156e-02      4.465e-08      3.037e-03      2.896e-05   
      265            411         1.156e-02      5.740e-09      2.287e-03      4.102e-05   
      266            412         1.156e-02      4.144e-08      1.225e-03      2.567e-05   
      267            413         1.156e-02      4.712e-08      3.049e-03      2.898e-05   
      268            415         1.156e-02      3.909e-09      2.318e-03      4.195e-05   
      269            416         1.156e-02      4.121e-08      1.182e-03      2.659e-05   
      270            417         1.156e-02      4.587e-08      2.902e-03      2.896e-05   
      271            419         1.156e-02      4.195e-09      2.200e-03      4.078e-05   
      272            420         1.156e-02      3.873e-08      1.128e-03      2.629e-05   
      273            421         1.156e-02      4.385e-08      2.800e-03      2.893e-05   
      274            423         1.156e-02      5.122e-09      2.109e-03      3.959e-05   
      275            424         1.156e-02      3.718e-08      1.108e-03      2.568e-05   
      276            425         1.156e-02      4.289e-08      2.788e-03      2.892e-05   
      277            427         1.156e-02      5.708e-09      2.093e-03      3.921e-05   
      278            428         1.156e-02      3.710e-08      1.118e-03      2.536e-05   
      279            429         1.156e-02      4.307e-08      2.826e-03      2.893e-05   
      280            431         1.156e-02      5.729e-09      2.122e-03      3.948e-05   
      281            432         1.156e-02      3.774e-08      1.134e-03      2.539e-05   
      282            433         1.156e-02      4.363e-08      2.860e-03      2.894e-05   
      283            435         1.156e-02      5.454e-09      2.152e-03      3.986e-05   
      284            436         1.156e-02      3.824e-08      1.141e-03      2.557e-05   
      285            437         1.156e-02      4.390e-08      2.866e-03      2.894e-05   
      286            439         1.156e-02      5.242e-09      2.158e-03      3.999e-05   
      287            440         1.156e-02      3.827e-08      1.138e-03      2.568e-05   
      288            441         1.156e-02      4.378e-08      2.852e-03      2.894e-05   
      289            443         1.156e-02      5.223e-09      2.147e-03      3.990e-05   
      290            444         1.156e-02      3.802e-08      1.131e-03      2.567e-05   
      291            445         1.156e-02      4.350e-08      2.837e-03      2.894e-05   
      292            447         1.156e-02      5.312e-09      2.135e-03      3.974e-05   
      293            448         1.156e-02      3.777e-08      1.127e-03      2.560e-05   
      294            449         1.156e-02      4.330e-08      2.831e-03      2.894e-05   
      295            451         1.156e-02      5.391e-09      2.129e-03      3.966e-05   
      296            452         1.156e-02      3.768e-08      1.126e-03      2.555e-05   
      297            453         1.156e-02      4.321e-08      2.832e-03      2.894e-05   
      298            455         1.156e-02      5.414e-09      2.129e-03      3.965e-05   
      299            456         1.156e-02      3.768e-08      1.127e-03      2.553e-05   
      300            457         1.156e-02      4.320e-08      2.834e-03      2.894e-05   
      301            459         1.156e-02      5.397e-09      2.130e-03      3.967e-05   
      302            460         1.156e-02      3.770e-08      1.127e-03      2.554e-05   
      303            461         1.156e-02      4.317e-08      2.833e-03      2.894e-05   
      304            463         1.156e-02      5.378e-09      2.130e-03      3.967e-05   
      305            464         1.156e-02      3.767e-08      1.126e-03      2.554e-05   
      306            465         1.156e-02      4.310e-08      2.830e-03      2.894e-05   
      307            467         1.156e-02      5.376e-09      2.127e-03      3.964e-05   
      308            468         1.156e-02      3.761e-08      1.125e-03      2.554e-05   
      309            469         1.156e-02      4.301e-08      2.827e-03      2.894e-05   
      310            471         1.156e-02      5.388e-09      2.124e-03      3.961e-05   
      311            472         1.156e-02      3.754e-08      1.124e-03      2.552e-05   
      312            473         1.156e-02      4.292e-08      2.824e-03      2.894e-05   
      313            475         1.156e-02      5.402e-09      2.122e-03      3.958e-05   
      314            476         1.156e-02      3.748e-08      1.123e-03      2.551e-05   
      315            477         1.156e-02      4.284e-08      2.822e-03      2.894e-05   
      316            479         1.156e-02      5.410e-09      2.120e-03      3.956e-05   
      317            480         1.156e-02      3.744e-08      1.122e-03      2.550e-05   
      318            481         1.156e-02      4.277e-08      2.820e-03      2.894e-05   
      319            483         1.156e-02      5.414e-09      2.119e-03      3.954e-05   
      320            484         1.156e-02      3.740e-08      1.121e-03      2.549e-05   
      321            485         1.156e-02      4.271e-08      2.818e-03      2.895e-05   
      322            487         1.156e-02      5.417e-09      2.117e-03      3.952e-05   
      323            488         1.156e-02      3.736e-08      1.120e-03      2.548e-05   
      324            489         1.156e-02      4.264e-08      2.816e-03      2.895e-05   
      325            491         1.156e-02      5.421e-09      2.115e-03      3.950e-05   
      326            492         1.156e-02      3.732e-08      1.119e-03      2.547e-05   
      327            493         1.156e-02      4.257e-08      2.814e-03      2.895e-05   
      328            495         1.156e-02      5.426e-09      2.113e-03      3.948e-05   
      329            496         1.156e-02      3.727e-08      1.118e-03      2.546e-05   
      330            497         1.156e-02      4.250e-08      2.812e-03      2.895e-05   
      331            499         1.156e-02      5.432e-09      2.112e-03      3.946e-05   
      332            500         1.156e-02      3.723e-08      1.117e-03      2.545e-05   
      333            501         1.156e-02      4.244e-08      2.810e-03      2.895e-05   
      334            503         1.156e-02      5.438e-09      2.110e-03      3.944e-05   
      335            504         1.156e-02      3.718e-08      1.117e-03      2.544e-05   
      336            505         1.156e-02      4.237e-08      2.808e-03      2.895e-05   
      337            507         1.156e-02      5.443e-09      2.108e-03      3.942e-05   
      338            508         1.156e-02      3.714e-08      1.116e-03      2.543e-05   
      339            509         1.156e-02      4.231e-08      2.806e-03      2.895e-05   
      340            511         1.156e-02      5.447e-09      2.107e-03      3.940e-05   
      341            512         1.156e-02      3.710e-08      1.115e-03      2.543e-05   
      342            513         1.156e-02      4.224e-08      2.805e-03      2.895e-05   
      343            515         1.156e-02      5.452e-09      2.105e-03      3.939e-05   
      344            516         1.156e-02      3.706e-08      1.114e-03      2.542e-05   
      345            517         1.156e-02      4.218e-08      2.803e-03      2.895e-05   
      346            519         1.156e-02      5.456e-09      2.103e-03      3.937e-05   
      347            520         1.156e-02      3.702e-08      1.113e-03      2.541e-05   
      348            521         1.156e-02      4.212e-08      2.801e-03      2.895e-05   
      349            523         1.156e-02      5.461e-09      2.102e-03      3.935e-05   
      350            524         1.156e-02      3.698e-08      1.113e-03      2.540e-05   
      351            525         1.156e-02      4.205e-08      2.799e-03      2.895e-05   
      352            527         1.156e-02      5.466e-09      2.100e-03      3.933e-05   
      353            528         1.156e-02      3.695e-08      1.112e-03      2.539e-05   
      354            529         1.156e-02      4.199e-08      2.797e-03      2.895e-05   
      355            531         1.156e-02      5.470e-09      2.099e-03      3.931e-05   
      356            532         1.155e-02      3.691e-08      1.111e-03      2.538e-05   
      357            533         1.155e-02      4.193e-08      2.796e-03      2.895e-05   
      358            535         1.155e-02      5.475e-09      2.097e-03      3.930e-05   
      359            536         1.155e-02      3.687e-08      1.110e-03      2.538e-05   
      360            537         1.155e-02      4.187e-08      2.794e-03      2.895e-05   
      361            539         1.155e-02      5.479e-09      2.096e-03      3.928e-05   
      362            540         1.155e-02      3.683e-08      1.110e-03      2.537e-05   
      363            541         1.155e-02      4.181e-08      2.792e-03      2.895e-05   
      364            543         1.155e-02      5.483e-09      2.094e-03      3.926e-05   
      365            544         1.155e-02      3.680e-08      1.109e-03      2.536e-05   
      366            545         1.155e-02      4.176e-08      2.791e-03      2.895e-05   
      367            547         1.155e-02      5.487e-09      2.093e-03      3.925e-05   
      368            548         1.155e-02      3.676e-08      1.108e-03      2.535e-05   
      369            549         1.155e-02      4.170e-08      2.789e-03      2.895e-05   
      370            551         1.155e-02      5.491e-09      2.091e-03      3.923e-05   
      371            552         1.155e-02      3.672e-08      1.107e-03      2.534e-05   
      372            553         1.155e-02      4.164e-08      2.787e-03      2.895e-05   
      373            555         1.155e-02      5.495e-09      2.090e-03      3.921e-05   
      374            556         1.155e-02      3.669e-08      1.107e-03      2.534e-05   
      375            557         1.155e-02      4.159e-08      2.786e-03      2.895e-05   
      376            559         1.155e-02      5.499e-09      2.089e-03      3.920e-05   
      377            560         1.155e-02      3.666e-08      1.106e-03      2.533e-05   
      378            561         1.155e-02      4.153e-08      2.784e-03      2.895e-05   
      379            563         1.155e-02      5.503e-09      2.087e-03      3.918e-05   
      380            564         1.155e-02      3.662e-08      1.105e-03      2.532e-05   
      381            565         1.155e-02      4.148e-08      2.783e-03      2.895e-05   
      382            567         1.155e-02      5.507e-09      2.086e-03      3.917e-05   
      383            568         1.155e-02      3.659e-08      1.105e-03      2.532e-05   
      384            569         1.155e-02      4.142e-08      2.781e-03      2.895e-05   
      385            571         1.155e-02      5.511e-09      2.084e-03      3.915e-05   
      386            572         1.155e-02      3.656e-08      1.104e-03      2.531e-05   
      387            573         1.155e-02      4.137e-08      2.779e-03      2.895e-05   
      388            575         1.155e-02      5.515e-09      2.083e-03      3.914e-05   
      389            576         1.155e-02      3.652e-08      1.103e-03      2.530e-05   
      390            577         1.155e-02      4.132e-08      2.778e-03      2.895e-05   
      391            579         1.155e-02      5.519e-09      2.082e-03      3.912e-05   
      392            580         1.155e-02      3.649e-08      1.103e-03      2.529e-05   
      393            581         1.155e-02      4.126e-08      2.776e-03      2.895e-05   
      394            583         1.155e-02      5.522e-09      2.081e-03      3.911e-05   
      395            584         1.155e-02      3.646e-08      1.102e-03      2.529e-05   
      396            585         1.155e-02      4.121e-08      2.775e-03      2.895e-05   
      397            587         1.155e-02      5.526e-09      2.079e-03      3.909e-05   
      398            588         1.155e-02      3.643e-08      1.101e-03      2.528e-05   
      399            589         1.155e-02      4.116e-08      2.774e-03      2.895e-05   
      400            591         1.155e-02      5.530e-09      2.078e-03      3.908e-05   
Warning: Maximum number of iterations has been exceeded.
         Current function value: 1.155e-02
         Max scaled gradient: 3.908e-05
         Total delta_x: 2.247e+00
         Iterations: 400
         Function evaluations: 591
         Jacobian evaluations: 401
{"tag": "final", "cost": 0.011553766123086836, "cost_targets": 0.011549135492938506, "cost_bounds": 4.630630148329766e-06, "max_dB": 0.04203790268141875, "max_dG_rel": 0.03216289740324021, "iota": 1.0138562415414665, "eta": 0.9897139109916558, "hel": -1.0, "max_elong": 6.0003334078804755, "axis_rc": [0.89749, 0.18194, 0.01941, 0.00029, -0.00043, -8e-05], "axis_zs": [0.0, -0.11584, -0.01378, -0.00081, 0.0002, 5e-05], "max_abs_Zaxis": 0.11830236859300972, "min_dpc": 0.12654338056111936, "min_dcc": 0.03999848992112127, "max_kappa": 11.881656715045931, "Lcoil": [3.375, 3.375, 3.375, 3.376], "I_over_uniform": [1.55, 1.072, 0.364, 1.05], "n_active_bounds": 25, "time_s": 294, "status": "Maximum number of iterations has been exceeded.", "nit": 400, "optimality": 3.907940702174766e-05}
