ERROR:2026-10-09 13:18:59,525:jax._src.xla_bridge:487: Jax plugin configuration error: Exception when calling jax_plugins.xla_cuda12.initialize()
Traceback (most recent call last):
  File "/home/jay/miniconda3/envs/desc-dev/lib/python3.13/site-packages/jax/_src/xla_bridge.py", line 485, in discover_pjrt_plugins
    plugin_module.initialize()
    ~~~~~~~~~~~~~~~~~~~~~~~~^^
  File "/home/jay/miniconda3/envs/desc-dev/lib/python3.13/site-packages/jax_plugins/xla_cuda12/__init__.py", line 328, in initialize
    _check_cuda_versions(raise_on_first_error=True)
    ~~~~~~~~~~~~~~~~~~~~^^^^^^^^^^^^^^^^^^^^^^^^^^^
  File "/home/jay/miniconda3/envs/desc-dev/lib/python3.13/site-packages/jax_plugins/xla_cuda12/__init__.py", line 285, in _check_cuda_versions
    local_device_count = cuda_versions.cuda_device_count()
RuntimeError: jaxlib/cuda/versions_helpers.cc:113: operation cuInit(0) failed: CUDA_ERROR_NO_DEVICE
DESC /home/jay/Documents/desc_dev/DESC/desc
DEVICE requested=cpu obtained=cpu (1x cpu)
nfp 3 nc 4 mode z0 helicity 0.0 nparams 80 seed 1
{"tag": "init", "cost": 43.90831571606799, "cost_targets": 3.638025533336779, "cost_bounds": 40.270290182731216, "max_dB": 0.16620018580796012, "max_dG_rel": 1.0819098601041295, "iota": 0.45205591751575835, "eta": 0.7078461908686022, "hel": 0.0, "max_elong": 3.3949883898629087, "axis_rc": [1.0, 0.04547, 0.0, 0.0, 0.0, 0.0], "axis_zs": [0.0, -0.05041, 0.0, 0.0, 0.0, 0.0], "max_abs_Zaxis": 0.05037784291877794, "min_dpc": 0.1393903780579908, "min_dcc": 0.0958708882600777, "max_kappa": 18.459955603163838, "Lcoil": [2.733, 2.898, 2.834, 2.719], "I_over_uniform": [1.0, 1.0, 1.0, 1.0], "n_active_bounds": 7}
   Iteration     Total nfev        Cost      Cost reduction    Step norm     Optimality   
       0              1          4.391e+01                                    4.323e+00   
       1              2          1.469e+00      4.244e+01      5.641e+01      3.346e-02   
       2              3          6.865e-01      7.823e-01      5.195e+01      6.508e-03   
       3              4          4.904e-01      1.960e-01      4.729e+01      1.712e-03   
       4              5          4.847e-01      5.748e-03      2.158e+01      1.774e-02   
       5              7          4.555e-01      2.922e-02      2.387e+01      6.025e-04   
       6              8          4.157e-01      3.979e-02      4.971e+01      1.116e-03   
       7              9          3.311e-01      8.459e-02      1.250e+02      3.099e-03   
       8             12          2.898e-01      4.132e-02      4.956e+01      7.703e-04   
       9             15          2.747e-01      1.503e-02      2.059e+01      3.804e-03   
      10             17          2.533e-01      2.139e-02      2.951e+01      7.107e-04   
      11             18          2.116e-01      4.174e-02      6.940e+01      4.262e-03   
      12             19          1.985e-01      1.311e-02      1.428e+02      4.684e-02   
      13             20          1.652e-01      3.325e-02      1.190e+01      3.093e-02   
      14             21          1.447e-01      2.048e-02      5.666e+01      4.551e-02   
      15             22          1.132e-01      3.149e-02      5.034e+01      4.029e-04   
      16             23          8.815e-02      2.510e-02      1.117e+02      2.011e-03   
      17             24          8.764e-02      5.094e-04      1.469e+00      5.791e-04   
      18             25          5.650e-02      3.114e-02      2.176e+02      7.954e-03   
      19             26          3.540e-02      2.109e-02      2.796e+02      6.029e-03   
      20             27          1.969e-02      1.571e-02      1.830e+02      9.444e-04   
      21             30          1.666e-02      3.031e-03      5.132e+01      1.069e-04   
      22             32          1.639e-02      2.700e-04      6.597e+01      3.361e-03   
      23             38          1.615e-02      2.402e-04      1.832e-01      3.165e-03   
      24             39          1.546e-02      6.876e-04      1.356e-01      2.331e-03   
      25             40          1.482e-02      6.401e-04      2.133e-01      1.262e-03   
      26             41          1.452e-02      3.034e-04      2.191e-01      4.435e-04   
      27             42          1.445e-02      7.117e-05      1.847e-01      1.380e-04   
      28             43          1.441e-02      3.380e-05      2.554e-01      4.942e-05   
      29             44          1.439e-02      2.604e-05      4.031e-01      2.380e-05   
      30             45          1.435e-02      3.710e-05      8.982e-01      2.376e-05   
      31             46          1.427e-02      7.979e-05      2.376e+00      2.312e-05   
      32             47          1.407e-02      1.994e-04      6.475e+00      4.764e-05   
      33             48          1.404e-02      3.568e-05      1.246e+00      3.149e-05   
      34             49          1.256e-02      1.475e-03      5.233e+01      1.116e-04   
      35             50          1.003e-02      2.534e-03      1.175e+02      1.049e-03   
      36             51          8.189e-03      1.837e-03      2.214e+02      1.022e-03   
      37             52          5.964e-03      2.225e-03      1.490e+02      2.229e-03   
      38             55          4.479e-03      1.485e-03      2.361e+01      5.927e-05   
      39             56          4.131e-03      3.485e-04      5.078e+01      1.473e-03   
      40             58          3.763e-03      3.679e-04      2.966e+01      9.217e-05   
      41             59          3.419e-03      3.440e-04      6.760e+01      7.144e-04   
      42             64          3.315e-03      1.039e-04      6.826e-01      2.693e-05   
      43             65          3.307e-03      8.704e-06      3.760e-01      3.947e-06   
      44             66          3.301e-03      6.017e-06      8.203e-01      3.346e-06   
      45             67          3.286e-03      1.494e-05      2.228e+00      2.563e-05   
      46             68          3.248e-03      3.760e-05      6.202e+00      1.582e-05   
      47             69          3.146e-03      1.021e-04      1.771e+01      7.793e-05   
      48             70          3.144e-03      2.022e-06      1.310e-01      2.668e-05   
      49             71          3.030e-03      1.138e-04      6.807e+01      7.394e-04   
      50             72          2.857e-03      1.727e-04      6.810e+01      1.732e-03   
      51             75          2.352e-03      5.050e-04      1.072e+01      1.554e-05   
      52             77          2.334e-03      1.790e-05      1.559e+01      7.452e-04   
      53             78          2.258e-03      7.625e-05      6.553e-01      5.698e-05   
      54             79          2.179e-03      7.928e-05      1.303e+01      2.371e-05   
      55             80          2.008e-03      1.706e-04      3.342e+01      1.046e-04   
      56             82          1.835e-03      1.736e-04      4.587e+01      3.679e-04   
      57             83          1.828e-03      6.450e-06      8.883e-01      7.140e-04   
      58             84          1.609e-03      2.192e-04      2.952e+01      1.087e-04   
      59             85          1.597e-03      1.215e-05      4.295e-01      4.422e-05   
      60             91          1.597e-03      2.450e-07      7.969e-03      1.564e-05   
      61             92          1.597e-03      1.032e-07      1.335e-02      8.578e-06   
      62             96          1.597e-03      3.159e-09      7.135e-04      1.351e-05   
      63             97          1.597e-03      5.967e-09      6.570e-04      6.111e-06   
      64             98          1.597e-03      1.118e-08      1.828e-03      8.377e-06   
      65             99          1.597e-03      2.320e-08      3.447e-03      5.024e-06   
      66             102         1.597e-03      1.002e-09      1.469e-03      2.385e-05   
      67             103         1.597e-03      1.220e-08      9.599e-04      8.965e-06   
      68             104         1.597e-03      1.562e-08      2.493e-03      8.465e-06   
      69             105         1.596e-03      3.894e-08      5.976e-03      4.434e-06   
      70             109         1.596e-03      1.343e-09      3.214e-04      8.084e-06   
      71             110         1.596e-03      2.273e-09      2.868e-04      5.683e-06   
      72             111         1.596e-03      4.550e-09      8.494e-04      8.143e-06   
      73             112         1.596e-03      7.188e-09      1.031e-03      5.143e-06   
      74             115         1.596e-03      1.670e-09      4.431e-04      9.933e-06   
      75             116         1.596e-03      3.258e-09      3.982e-04      6.143e-06   
      76             117         1.596e-03      6.531e-09      1.162e-03      8.251e-06   
      77             118         1.596e-03      1.107e-08      1.643e-03      4.903e-06   
      78             121         1.596e-03      2.099e-09      7.047e-04      1.332e-05   
      79             122         1.596e-03      5.596e-09      6.398e-04      6.748e-06   
      80             123         1.596e-03      1.079e-08      1.834e-03      8.351e-06   
      81             124         1.596e-03      2.236e-08      3.438e-03      4.644e-06   
      82             127         1.596e-03      8.541e-10      1.475e-03      2.372e-05   
      83             128         1.596e-03      1.190e-08      9.395e-04      8.682e-06   
      84             129         1.596e-03      1.480e-08      2.430e-03      8.441e-06   
      85             130         1.596e-03      3.612e-08      5.647e-03      4.413e-06   
      86             134         1.596e-03      1.301e-09      3.047e-04      7.692e-06   
      87             135         1.596e-03      2.108e-09      2.716e-04      5.460e-06   
      88             136         1.596e-03      4.179e-09      8.057e-04      8.102e-06   
      89             137         1.596e-03      6.570e-09      9.512e-04      5.197e-06   
      90             140         1.596e-03      1.545e-09      4.101e-04      9.512e-06   
      91             141         1.596e-03      2.953e-09      3.670e-04      6.008e-06   
      92             142         1.596e-03      5.867e-09      1.073e-03      8.218e-06   
      93             143         1.596e-03      9.689e-09      1.447e-03      4.946e-06   
      94             146         1.596e-03      1.936e-09      6.223e-04      1.227e-05   
      95             147         1.596e-03      4.782e-09      5.636e-04      6.549e-06   
      96             148         1.596e-03      9.319e-09      1.623e-03      8.323e-06   
      97             149         1.596e-03      1.806e-08      2.789e-03      4.691e-06   
      98             152         1.596e-03      1.585e-09      1.200e-03      2.005e-05   
      99             153         1.596e-03      9.860e-09      9.185e-04      7.802e-06   
      100            154         1.596e-03      1.483e-08      2.488e-03      8.447e-06   
      101            155         1.596e-03      2.963e-08      5.219e-03      7.323e-06   
      102            159         1.596e-03      2.090e-09      3.124e-04      6.115e-06   
      103            160         1.596e-03      1.943e-09      3.376e-04      5.836e-06   
      104            161         1.596e-03      4.782e-09      8.442e-04      5.068e-06   
      105            162         1.596e-03      1.376e-08      2.516e-03      6.339e-06   
      106            163         1.596e-03      4.082e-08      7.500e-03      5.676e-06   
      107            164         1.596e-03      1.185e-07      2.204e-02      6.959e-06   
      108            165         1.596e-03      3.151e-07      6.455e-02      1.471e-05   
      109            166         1.595e-03      9.151e-07      1.741e-01      1.005e-05   
      110            171         1.595e-03      7.138e-10      6.851e-04      1.665e-05   
      111            172         1.595e-03      4.686e-09      4.490e-04      7.911e-06   
      112            173         1.595e-03      4.592e-09      1.087e-03      9.944e-06   
      113            176         1.595e-03      1.585e-09      2.290e-04      7.842e-06   
      114            177         1.595e-03      1.224e-09      1.638e-04      5.355e-06   
      115            178         1.595e-03      1.123e-09      4.644e-04      9.662e-06   
      116            179         1.595e-03      4.817e-10      6.051e-04      1.587e-05   
      117            180         1.595e-03      3.921e-09      3.714e-04      8.367e-06   
      118            181         1.595e-03      3.744e-09      8.987e-04      9.922e-06   
      119            183         1.595e-03      3.981e-10      6.272e-04      1.643e-05   
      120            184         1.595e-03      4.085e-09      3.741e-04      8.630e-06   
      121            185         1.595e-03      3.726e-09      8.846e-04      9.930e-06   
      122            187         1.595e-03      4.115e-10      6.168e-04      1.629e-05   
      123            188         1.595e-03      4.015e-09      3.697e-04      8.610e-06   
      124            189         1.595e-03      3.685e-09      8.773e-04      9.929e-06   
      125            191         1.595e-03      4.347e-10      6.108e-04      1.618e-05   
      126            192         1.595e-03      3.981e-09      3.691e-04      8.559e-06   
      127            193         1.595e-03      3.684e-09      8.795e-04      9.929e-06   
      128            195         1.595e-03      4.318e-10      6.125e-04      1.620e-05   
      129            196         1.595e-03      3.991e-09      3.697e-04      8.562e-06   
      130            197         1.595e-03      3.687e-09      8.802e-04      9.931e-06   
      131            199         1.595e-03      4.274e-10      6.131e-04      1.621e-05   
      132            200         1.595e-03      3.993e-09      3.695e-04      8.571e-06   
      133            201         1.595e-03      3.682e-09      8.790e-04      9.932e-06   
      134            203         1.595e-03      4.284e-10      6.122e-04      1.620e-05   
      135            204         1.595e-03      3.986e-09      3.690e-04      8.569e-06   
      136            205         1.595e-03      3.677e-09      8.782e-04      9.933e-06   
      137            207         1.595e-03      4.296e-10      6.115e-04      1.619e-05   
      138            208         1.595e-03      3.982e-09      3.687e-04      8.565e-06   
      139            209         1.595e-03      3.673e-09      8.777e-04      9.934e-06   
      140            211         1.595e-03      4.296e-10      6.112e-04      1.619e-05   
      141            212         1.595e-03      3.979e-09      3.685e-04      8.564e-06   
      142            213         1.595e-03      3.669e-09      8.772e-04      9.935e-06   
      143            215         1.595e-03      4.296e-10      6.108e-04      1.618e-05   
      144            216         1.595e-03      3.975e-09      3.683e-04      8.564e-06   
      145            217         1.595e-03      3.665e-09      8.766e-04      9.936e-06   
      146            219         1.595e-03      4.298e-10      6.103e-04      1.618e-05   
      147            220         1.595e-03      3.972e-09      3.680e-04      8.562e-06   
      148            221         1.595e-03      3.661e-09      8.760e-04      9.937e-06   
      149            223         1.595e-03      4.300e-10      6.099e-04      1.617e-05   
      150            224         1.595e-03      3.968e-09      3.678e-04      8.561e-06   
      151            225         1.595e-03      3.657e-09      8.755e-04      9.938e-06   
      152            227         1.595e-03      4.302e-10      6.095e-04      1.616e-05   
      153            228         1.595e-03      3.965e-09      3.675e-04      8.560e-06   
      154            229         1.595e-03      3.653e-09      8.750e-04      9.939e-06   
      155            231         1.595e-03      4.304e-10      6.091e-04      1.616e-05   
      156            232         1.595e-03      3.962e-09      3.673e-04      8.559e-06   
      157            233         1.595e-03      3.650e-09      8.744e-04      9.940e-06   
      158            235         1.595e-03      4.305e-10      6.087e-04      1.615e-05   
      159            236         1.595e-03      3.958e-09      3.671e-04      8.558e-06   
      160            237         1.595e-03      3.646e-09      8.739e-04      9.941e-06   
      161            239         1.595e-03      4.307e-10      6.083e-04      1.615e-05   
      162            240         1.595e-03      3.955e-09      3.668e-04      8.556e-06   
      163            241         1.595e-03      3.642e-09      8.734e-04      9.941e-06   
      164            243         1.595e-03      4.309e-10      6.079e-04      1.614e-05   
      165            244         1.595e-03      3.952e-09      3.666e-04      8.555e-06   
      166            245         1.595e-03      3.639e-09      8.729e-04      9.942e-06   
      167            247         1.595e-03      4.310e-10      6.075e-04      1.614e-05   
      168            248         1.595e-03      3.949e-09      3.664e-04      8.554e-06   
      169            249         1.595e-03      3.635e-09      8.724e-04      9.943e-06   
      170            251         1.595e-03      4.312e-10      6.071e-04      1.613e-05   
      171            252         1.595e-03      3.945e-09      3.661e-04      8.553e-06   
      172            253         1.595e-03      3.631e-09      8.719e-04      9.944e-06   
      173            255         1.595e-03      4.313e-10      6.068e-04      1.613e-05   
      174            256         1.595e-03      3.942e-09      3.659e-04      8.552e-06   
      175            257         1.595e-03      3.628e-09      8.714e-04      9.944e-06   
      176            259         1.595e-03      4.315e-10      6.064e-04      1.612e-05   
      177            260         1.595e-03      3.939e-09      3.657e-04      8.551e-06   
      178            261         1.595e-03      3.624e-09      8.709e-04      9.945e-06   
      179            263         1.595e-03      4.316e-10      6.060e-04      1.612e-05   
      180            264         1.595e-03      3.936e-09      3.655e-04      8.550e-06   
      181            265         1.595e-03      3.621e-09      8.704e-04      9.946e-06   
      182            267         1.595e-03      4.318e-10      6.057e-04      1.611e-05   
      183            268         1.595e-03      3.933e-09      3.653e-04      8.548e-06   
      184            269         1.595e-03      3.618e-09      8.699e-04      9.947e-06   
      185            271         1.595e-03      4.319e-10      6.053e-04      1.611e-05   
      186            272         1.595e-03      3.930e-09      3.651e-04      8.547e-06   
      187            273         1.595e-03      3.614e-09      8.694e-04      9.947e-06   
      188            275         1.595e-03      4.320e-10      6.050e-04      1.610e-05   
      189            276         1.595e-03      3.927e-09      3.648e-04      8.546e-06   
      190            277         1.595e-03      3.611e-09      8.690e-04      9.948e-06   
      191            279         1.595e-03      4.322e-10      6.046e-04      1.610e-05   
      192            280         1.595e-03      3.924e-09      3.646e-04      8.545e-06   
      193            281         1.595e-03      3.608e-09      8.685e-04      9.949e-06   
      194            283         1.595e-03      4.323e-10      6.043e-04      1.609e-05   
      195            284         1.595e-03      3.921e-09      3.644e-04      8.544e-06   
      196            285         1.595e-03      3.604e-09      8.680e-04      9.949e-06   
      197            287         1.595e-03      4.324e-10      6.039e-04      1.609e-05   
      198            288         1.595e-03      3.918e-09      3.642e-04      8.543e-06   
      199            289         1.595e-03      3.601e-09      8.676e-04      9.950e-06   
      200            291         1.595e-03      4.326e-10      6.036e-04      1.608e-05   
      201            292         1.595e-03      3.916e-09      3.640e-04      8.542e-06   
      202            293         1.595e-03      3.598e-09      8.671e-04      9.951e-06   
      203            295         1.595e-03      4.327e-10      6.032e-04      1.608e-05   
      204            296         1.595e-03      3.913e-09      3.638e-04      8.541e-06   
      205            297         1.595e-03      3.595e-09      8.667e-04      9.951e-06   
      206            299         1.595e-03      4.328e-10      6.029e-04      1.607e-05   
      207            300         1.595e-03      3.910e-09      3.636e-04      8.540e-06   
      208            301         1.595e-03      3.591e-09      8.662e-04      9.952e-06   
      209            303         1.595e-03      4.329e-10      6.026e-04      1.607e-05   
      210            304         1.595e-03      3.907e-09      3.634e-04      8.539e-06   
      211            305         1.595e-03      3.588e-09      8.658e-04      9.953e-06   
      212            307         1.595e-03      4.331e-10      6.022e-04      1.606e-05   
      213            308         1.595e-03      3.904e-09      3.632e-04      8.538e-06   
      214            309         1.595e-03      3.585e-09      8.653e-04      9.953e-06   
      215            311         1.595e-03      4.332e-10      6.019e-04      1.606e-05   
      216            312         1.595e-03      3.902e-09      3.630e-04      8.537e-06   
      217            313         1.595e-03      3.582e-09      8.649e-04      9.954e-06   
      218            315         1.595e-03      4.333e-10      6.016e-04      1.605e-05   
      219            316         1.594e-03      3.899e-09      3.628e-04      8.536e-06   
      220            317         1.594e-03      3.579e-09      8.645e-04      9.955e-06   
      221            319         1.594e-03      4.334e-10      6.013e-04      1.605e-05   
      222            320         1.594e-03      3.896e-09      3.626e-04      8.535e-06   
      223            321         1.594e-03      3.576e-09      8.640e-04      9.955e-06   
      224            323         1.594e-03      4.335e-10      6.009e-04      1.605e-05   
      225            324         1.594e-03      3.894e-09      3.625e-04      8.534e-06   
      226            325         1.594e-03      3.573e-09      8.636e-04      9.956e-06   
      227            327         1.594e-03      4.336e-10      6.006e-04      1.604e-05   
      228            328         1.594e-03      3.891e-09      3.623e-04      8.533e-06   
      229            329         1.594e-03      3.570e-09      8.632e-04      9.957e-06   
      230            331         1.594e-03      4.337e-10      6.003e-04      1.604e-05   
      231            332         1.594e-03      3.888e-09      3.621e-04      8.532e-06   
      232            333         1.594e-03      3.567e-09      8.628e-04      9.957e-06   
      233            335         1.594e-03      4.339e-10      6.000e-04      1.603e-05   
      234            336         1.594e-03      3.886e-09      3.619e-04      8.531e-06   
      235            337         1.594e-03      3.564e-09      8.624e-04      9.958e-06   
      236            339         1.594e-03      4.340e-10      5.997e-04      1.603e-05   
      237            340         1.594e-03      3.883e-09      3.617e-04      8.530e-06   
      238            341         1.594e-03      3.561e-09      8.620e-04      9.958e-06   
      239            343         1.594e-03      4.341e-10      5.994e-04      1.602e-05   
      240            344         1.594e-03      3.881e-09      3.615e-04      8.529e-06   
      241            345         1.594e-03      3.558e-09      8.615e-04      9.959e-06   
      242            347         1.594e-03      4.342e-10      5.991e-04      1.602e-05   
      243            348         1.594e-03      3.878e-09      3.614e-04      8.528e-06   
      244            349         1.594e-03      3.555e-09      8.611e-04      9.959e-06   
      245            351         1.594e-03      4.343e-10      5.988e-04      1.601e-05   
      246            352         1.594e-03      3.876e-09      3.612e-04      8.527e-06   
      247            353         1.594e-03      3.552e-09      8.607e-04      9.960e-06   
      248            355         1.594e-03      4.344e-10      5.985e-04      1.601e-05   
      249            356         1.594e-03      3.873e-09      3.610e-04      8.526e-06   
      250            357         1.594e-03      3.550e-09      8.603e-04      9.961e-06   
      251            359         1.594e-03      4.345e-10      5.982e-04      1.601e-05   
      252            360         1.594e-03      3.871e-09      3.608e-04      8.525e-06   
      253            361         1.594e-03      3.547e-09      8.599e-04      9.961e-06   
      254            363         1.594e-03      4.346e-10      5.979e-04      1.600e-05   
      255            364         1.594e-03      3.868e-09      3.606e-04      8.524e-06   
      256            365         1.594e-03      3.544e-09      8.595e-04      9.962e-06   
      257            367         1.594e-03      4.347e-10      5.976e-04      1.600e-05   
      258            368         1.594e-03      3.866e-09      3.605e-04      8.523e-06   
      259            369         1.594e-03      3.541e-09      8.592e-04      9.962e-06   
      260            371         1.594e-03      4.348e-10      5.973e-04      1.599e-05   
      261            372         1.594e-03      3.863e-09      3.603e-04      8.522e-06   
      262            373         1.594e-03      3.538e-09      8.588e-04      9.963e-06   
      263            375         1.594e-03      4.349e-10      5.970e-04      1.599e-05   
      264            376         1.594e-03      3.861e-09      3.601e-04      8.521e-06   
      265            377         1.594e-03      3.536e-09      8.584e-04      9.963e-06   
      266            379         1.594e-03      4.350e-10      5.968e-04      1.599e-05   
      267            380         1.594e-03      3.859e-09      3.600e-04      8.521e-06   
      268            381         1.594e-03      3.533e-09      8.580e-04      9.964e-06   
      269            383         1.594e-03      4.351e-10      5.965e-04      1.598e-05   
      270            384         1.594e-03      3.856e-09      3.598e-04      8.520e-06   
      271            385         1.594e-03      3.530e-09      8.576e-04      9.965e-06   
      272            387         1.594e-03      4.352e-10      5.962e-04      1.598e-05   
      273            388         1.594e-03      3.854e-09      3.596e-04      8.519e-06   
      274            389         1.594e-03      3.528e-09      8.572e-04      9.965e-06   
      275            391         1.594e-03      4.352e-10      5.959e-04      1.597e-05   
      276            392         1.594e-03      3.852e-09      3.595e-04      8.518e-06   
      277            393         1.594e-03      3.525e-09      8.569e-04      9.966e-06   
      278            395         1.594e-03      4.353e-10      5.956e-04      1.597e-05   
      279            396         1.594e-03      3.849e-09      3.593e-04      8.517e-06   
      280            397         1.594e-03      3.522e-09      8.565e-04      9.966e-06   
      281            399         1.594e-03      4.354e-10      5.954e-04      1.597e-05   
      282            400         1.594e-03      3.847e-09      3.591e-04      8.516e-06   
      283            401         1.594e-03      3.520e-09      8.561e-04      9.967e-06   
      284            403         1.594e-03      4.355e-10      5.951e-04      1.596e-05   
      285            404         1.594e-03      3.845e-09      3.590e-04      8.515e-06   
      286            405         1.594e-03      3.517e-09      8.558e-04      9.967e-06   
      287            407         1.594e-03      4.356e-10      5.948e-04      1.596e-05   
      288            408         1.594e-03      3.842e-09      3.588e-04      8.514e-06   
      289            409         1.594e-03      3.514e-09      8.554e-04      9.968e-06   
      290            411         1.594e-03      4.357e-10      5.946e-04      1.595e-05   
      291            412         1.594e-03      3.840e-09      3.586e-04      8.514e-06   
      292            413         1.594e-03      3.512e-09      8.550e-04      9.968e-06   
      293            415         1.594e-03      4.358e-10      5.943e-04      1.595e-05   
      294            416         1.594e-03      3.838e-09      3.585e-04      8.513e-06   
      295            417         1.594e-03      3.509e-09      8.547e-04      9.969e-06   
      296            419         1.594e-03      4.359e-10      5.940e-04      1.595e-05   
      297            420         1.594e-03      3.836e-09      3.583e-04      8.512e-06   
      298            421         1.594e-03      3.507e-09      8.543e-04      9.969e-06   
      299            423         1.594e-03      4.359e-10      5.938e-04      1.594e-05   
      300            424         1.594e-03      3.834e-09      3.582e-04      8.511e-06   
      301            425         1.594e-03      3.504e-09      8.539e-04      9.970e-06   
      302            427         1.594e-03      4.360e-10      5.935e-04      1.594e-05   
      303            428         1.594e-03      3.831e-09      3.580e-04      8.510e-06   
      304            429         1.594e-03      3.502e-09      8.536e-04      9.970e-06   
      305            431         1.594e-03      4.361e-10      5.933e-04      1.594e-05   
      306            432         1.594e-03      3.829e-09      3.578e-04      8.509e-06   
      307            433         1.594e-03      3.499e-09      8.532e-04      9.971e-06   
      308            435         1.594e-03      4.362e-10      5.930e-04      1.593e-05   
      309            436         1.594e-03      3.827e-09      3.577e-04      8.509e-06   
      310            437         1.594e-03      3.497e-09      8.529e-04      9.971e-06   
      311            439         1.594e-03      4.363e-10      5.927e-04      1.593e-05   
      312            440         1.594e-03      3.825e-09      3.575e-04      8.508e-06   
      313            441         1.594e-03      3.494e-09      8.525e-04      9.972e-06   
      314            443         1.594e-03      4.363e-10      5.925e-04      1.593e-05   
      315            444         1.594e-03      3.823e-09      3.574e-04      8.507e-06   
      316            445         1.594e-03      3.492e-09      8.522e-04      9.972e-06   
      317            447         1.594e-03      4.364e-10      5.922e-04      1.592e-05   
      318            448         1.594e-03      3.821e-09      3.572e-04      8.506e-06   
      319            449         1.594e-03      3.489e-09      8.519e-04      9.973e-06   
      320            451         1.594e-03      4.365e-10      5.920e-04      1.592e-05   
      321            452         1.594e-03      3.819e-09      3.571e-04      8.505e-06   
      322            453         1.594e-03      3.487e-09      8.515e-04      9.973e-06   
      323            455         1.594e-03      4.366e-10      5.917e-04      1.591e-05   
      324            456         1.594e-03      3.816e-09      3.569e-04      8.505e-06   
      325            457         1.594e-03      3.485e-09      8.512e-04      9.974e-06   
      326            459         1.594e-03      4.366e-10      5.915e-04      1.591e-05   
      327            460         1.594e-03      3.814e-09      3.568e-04      8.504e-06   
      328            461         1.594e-03      3.482e-09      8.508e-04      9.974e-06   
      329            463         1.594e-03      4.367e-10      5.913e-04      1.591e-05   
      330            464         1.594e-03      3.812e-09      3.566e-04      8.503e-06   
      331            465         1.594e-03      3.480e-09      8.505e-04      9.975e-06   
      332            467         1.594e-03      4.368e-10      5.910e-04      1.590e-05   
      333            468         1.594e-03      3.810e-09      3.565e-04      8.502e-06   
      334            469         1.594e-03      3.478e-09      8.502e-04      9.975e-06   
      335            471         1.594e-03      4.369e-10      5.908e-04      1.590e-05   
      336            472         1.594e-03      3.808e-09      3.563e-04      8.501e-06   
      337            473         1.594e-03      3.475e-09      8.499e-04      9.976e-06   
      338            475         1.594e-03      4.369e-10      5.905e-04      1.590e-05   
      339            476         1.594e-03      3.806e-09      3.562e-04      8.501e-06   
      340            477         1.594e-03      3.473e-09      8.495e-04      9.976e-06   
      341            479         1.594e-03      4.370e-10      5.903e-04      1.589e-05   
      342            480         1.594e-03      3.804e-09      3.561e-04      8.500e-06   
      343            481         1.594e-03      3.471e-09      8.492e-04      9.977e-06   
      344            483         1.594e-03      4.371e-10      5.901e-04      1.589e-05   
      345            484         1.594e-03      3.802e-09      3.559e-04      8.499e-06   
      346            485         1.594e-03      3.468e-09      8.489e-04      9.977e-06   
      347            487         1.594e-03      4.371e-10      5.898e-04      1.589e-05   
      348            488         1.594e-03      3.800e-09      3.558e-04      8.498e-06   
      349            489         1.594e-03      3.466e-09      8.486e-04      9.978e-06   
      350            491         1.594e-03      4.372e-10      5.896e-04      1.588e-05   
      351            492         1.594e-03      3.798e-09      3.556e-04      8.498e-06   
      352            493         1.594e-03      3.464e-09      8.482e-04      9.978e-06   
      353            495         1.594e-03      4.373e-10      5.894e-04      1.588e-05   
      354            496         1.594e-03      3.796e-09      3.555e-04      8.497e-06   
      355            497         1.594e-03      3.462e-09      8.479e-04      9.978e-06   
      356            499         1.594e-03      4.373e-10      5.891e-04      1.588e-05   
      357            500         1.594e-03      3.795e-09      3.554e-04      8.496e-06   
      358            501         1.594e-03      3.459e-09      8.476e-04      9.979e-06   
      359            503         1.594e-03      4.374e-10      5.889e-04      1.587e-05   
      360            504         1.594e-03      3.793e-09      3.552e-04      8.496e-06   
      361            505         1.594e-03      3.457e-09      8.473e-04      9.979e-06   
      362            507         1.594e-03      4.375e-10      5.887e-04      1.587e-05   
      363            508         1.594e-03      3.791e-09      3.551e-04      8.495e-06   
      364            509         1.594e-03      3.455e-09      8.470e-04      9.980e-06   
      365            511         1.594e-03      4.375e-10      5.884e-04      1.587e-05   
      366            512         1.594e-03      3.789e-09      3.549e-04      8.494e-06   
      367            513         1.594e-03      3.453e-09      8.467e-04      9.980e-06   
      368            515         1.594e-03      4.376e-10      5.882e-04      1.586e-05   
      369            516         1.594e-03      3.787e-09      3.548e-04      8.493e-06   
      370            517         1.594e-03      3.451e-09      8.464e-04      9.981e-06   
      371            519         1.594e-03      4.377e-10      5.880e-04      1.586e-05   
      372            520         1.594e-03      3.785e-09      3.547e-04      8.493e-06   
      373            521         1.594e-03      3.449e-09      8.461e-04      9.981e-06   
      374            523         1.594e-03      4.377e-10      5.878e-04      1.586e-05   
      375            524         1.594e-03      3.783e-09      3.545e-04      8.492e-06   
      376            525         1.594e-03      3.446e-09      8.458e-04      9.982e-06   
      377            527         1.594e-03      4.378e-10      5.876e-04      1.586e-05   
      378            528         1.594e-03      3.781e-09      3.544e-04      8.491e-06   
      379            529         1.594e-03      3.444e-09      8.455e-04      9.982e-06   
      380            531         1.594e-03      4.379e-10      5.873e-04      1.585e-05   
      381            532         1.594e-03      3.780e-09      3.543e-04      8.491e-06   
      382            533         1.594e-03      3.442e-09      8.452e-04      9.982e-06   
      383            535         1.594e-03      4.379e-10      5.871e-04      1.585e-05   
      384            536         1.594e-03      3.778e-09      3.541e-04      8.490e-06   
      385            537         1.594e-03      3.440e-09      8.449e-04      9.983e-06   
      386            539         1.594e-03      4.380e-10      5.869e-04      1.585e-05   
      387            540         1.594e-03      3.776e-09      3.540e-04      8.489e-06   
      388            541         1.594e-03      3.438e-09      8.446e-04      9.983e-06   
      389            543         1.594e-03      4.380e-10      5.867e-04      1.584e-05   
      390            544         1.594e-03      3.774e-09      3.539e-04      8.489e-06   
      391            545         1.594e-03      3.436e-09      8.443e-04      9.984e-06   
      392            547         1.594e-03      4.381e-10      5.865e-04      1.584e-05   
      393            548         1.594e-03      3.772e-09      3.537e-04      8.488e-06   
      394            549         1.594e-03      3.434e-09      8.440e-04      9.984e-06   
      395            551         1.594e-03      4.381e-10      5.863e-04      1.584e-05   
      396            552         1.594e-03      3.771e-09      3.536e-04      8.487e-06   
      397            553         1.594e-03      3.432e-09      8.437e-04      9.985e-06   
      398            555         1.594e-03      4.382e-10      5.861e-04      1.583e-05   
      399            556         1.594e-03      3.769e-09      3.535e-04      8.486e-06   
      400            557         1.594e-03      3.430e-09      8.434e-04      9.985e-06   
Warning: Maximum number of iterations has been exceeded.
         Current function value: 1.594e-03
         Max scaled gradient: 9.985e-06
         Total delta_x: 1.596e+00
         Iterations: 400
         Function evaluations: 557
         Jacobian evaluations: 401
{"tag": "final", "cost": 0.0015940282566524386, "cost_targets": 0.001593594250290967, "cost_bounds": 4.3400636147159506e-07, "max_dB": 0.013789607110243664, "max_dG_rel": 0.0183003839316579, "iota": 0.39892917322182364, "eta": 0.7464650810074437, "hel": 0.0, "max_elong": 4.2924735405124705, "axis_rc": [0.97946, 0.06632, 0.00277, -0.00036, -5e-05, 1e-05], "axis_zs": [0.0, -0.02876, -0.00041, 0.00024, 3e-05, -1e-05], "max_abs_Zaxis": 0.029034056171048185, "min_dpc": 0.12655367080512991, "min_dcc": 0.039999735088346755, "max_kappa": 11.881156968693155, "Lcoil": [3.375, 3.375, 3.375, 3.375], "I_over_uniform": [1.616, 1.403, 0.296, 0.651], "n_active_bounds": 14, "time_s": 296, "status": "Maximum number of iterations has been exceeded.", "nit": 400, "optimality": 9.985033529788267e-06}
