ERROR:2026-10-09 14:21:26,650:jax._src.xla_bridge:487: Jax plugin configuration error: Exception when calling jax_plugins.xla_cuda12.initialize()
Traceback (most recent call last):
  File "/home/jay/miniconda3/envs/desc-dev/lib/python3.13/site-packages/jax/_src/xla_bridge.py", line 485, in discover_pjrt_plugins
    plugin_module.initialize()
    ~~~~~~~~~~~~~~~~~~~~~~~~^^
  File "/home/jay/miniconda3/envs/desc-dev/lib/python3.13/site-packages/jax_plugins/xla_cuda12/__init__.py", line 328, in initialize
    _check_cuda_versions(raise_on_first_error=True)
    ~~~~~~~~~~~~~~~~~~~~^^^^^^^^^^^^^^^^^^^^^^^^^^^
  File "/home/jay/miniconda3/envs/desc-dev/lib/python3.13/site-packages/jax_plugins/xla_cuda12/__init__.py", line 285, in _check_cuda_versions
    local_device_count = cuda_versions.cuda_device_count()
RuntimeError: jaxlib/cuda/versions_helpers.cc:113: operation cuInit(0) failed: CUDA_ERROR_NO_DEVICE
DESC /home/jay/Documents/desc_dev/DESC/desc
DEVICE requested=cpu obtained=cpu (1x cpu)
nfp 5 nc 3 mode z0 helicity -1.0 nparams 63 seed 3
{"tag": "init", "cost": 25.417237339732868, "cost_targets": 23.678534404428206, "cost_bounds": 1.7387029353046606, "max_dB": 0.3068920809670656, "max_dG_rel": 1.031934586494522, "iota": 1.4491330807528962, "eta": 1.535801862627015, "hel": -1.0, "max_elong": 5.923491593834427, "axis_rc": [1.0, 0.07726, 0.0, 0.0, 0.0, 0.0], "axis_zs": [0.0, -0.03452, 0.0, 0.0, 0.0, 0.0], "max_abs_Zaxis": 0.03449284473675926, "min_dpc": 0.08644579008470729, "min_dcc": 0.09032837286780594, "max_kappa": 14.614491686516713, "Lcoil": [2.005, 2.276, 2.516], "I_over_uniform": [1.0, 1.0, 1.0], "n_active_bounds": 7}
   Iteration     Total nfev        Cost      Cost reduction    Step norm     Optimality   
       0              1          2.542e+01                                    7.087e-01   
       1              2          8.275e+00      1.714e+01      2.467e+02      1.069e-01   
       2              5          5.802e+00      2.473e+00      6.188e+01      3.367e-02   
       3              6          3.799e+00      2.003e+00      1.536e+02      5.047e-02   
       4              7          1.931e+00      1.867e+00      2.527e+02      1.109e-01   
       5              8          6.791e-01      1.252e+00      3.018e+02      4.427e-02   
       6              9          2.764e-01      4.027e-01      2.990e+02      4.475e-02   
       7             10          1.001e-01      1.763e-01      1.661e+02      1.221e-02   
       8             11          9.177e-02      8.348e-03      1.597e+02      1.999e-02   
       9             12          6.876e-02      2.301e-02      8.105e+01      7.254e-03   
      10             13          5.222e-02      1.654e-02      6.527e+01      6.776e-04   
      11             14          5.034e-02      1.883e-03      7.206e+01      3.128e-03   
      12             15          4.388e-02      6.459e-03      5.491e+01      1.009e-03   
      13             16          4.243e-02      1.452e-03      1.046e+01      1.290e-04   
      14             18          4.121e-02      1.216e-03      9.876e+01      1.359e-03   
      15             20          3.709e-02      4.121e-03      5.208e+01      2.388e-04   
      16             23          3.644e-02      6.550e-04      1.848e+01      1.859e-03   
      17             24          3.543e-02      1.007e-03      1.645e+01      1.039e-04   
      18             26          3.521e-02      2.197e-04      2.238e+01      5.948e-03   
      19             27          3.498e-02      2.293e-04      5.909e-01      2.373e-03   
      20             28          3.441e-02      5.710e-04      1.112e+01      6.771e-05   
      21             29          3.350e-02      9.051e-04      3.133e+01      9.394e-05   
      22             32          3.309e-02      4.167e-04      1.290e+01      8.979e-05   
      23             35          3.293e-02      1.606e-04      5.030e+00      4.794e-05   
      24             37          3.278e-02      1.430e-04      7.507e+00      1.262e-03   
      25             43          3.275e-02      3.640e-05      1.600e-02      7.217e-04   
      26             44          3.273e-02      2.103e-05      1.684e-02      4.503e-04   
      27             45          3.271e-02      1.271e-05      2.068e-02      2.060e-04   
      28             46          3.271e-02      5.653e-06      2.524e-02      7.799e-05   
      29             47          3.270e-02      3.413e-06      3.184e-02      2.369e-05   
      30             48          3.270e-02      2.033e-06      5.683e-02      2.517e-04   
      31             49          3.270e-02      2.361e-06      5.665e-02      2.019e-05   
      32             50          3.269e-02      5.106e-06      1.620e-01      2.015e-05   
      33             51          3.268e-02      1.460e-05      4.759e-01      2.005e-05   
      34             52          3.264e-02      4.229e-05      1.406e+00      2.400e-05   
      35             53          3.252e-02      1.218e-04      4.124e+00      6.503e-05   
      36             54          3.250e-02      1.958e-05      6.437e-01      3.911e-05   
      37             55          3.154e-02      9.570e-04      3.319e+01      9.312e-05   
      38             56          2.930e-02      2.245e-03      8.704e+01      6.603e-04   
      39             59          2.871e-02      5.812e-04      3.549e+01      2.551e-03   
      40             60          2.704e-02      1.669e-03      3.429e+01      1.964e-04   
      41             61          2.514e-02      1.909e-03      9.060e+01      6.720e-04   
      42             62          2.469e-02      4.500e-04      1.135e+02      2.837e-03   
      43             63          1.995e-02      4.732e-03      8.818e+01      7.785e-04   
      44             66          1.878e-02      1.168e-03      3.644e+01      1.577e-04   
      45             67          1.729e-02      1.490e-03      7.998e+01      7.221e-04   
      46             70          1.683e-02      4.603e-04      5.414e+01      3.631e-03   
      47             71          1.348e-02      3.357e-03      5.761e+01      1.583e-03   
      48             72          1.107e-02      2.409e-03      8.529e+01      1.913e-03   
      49             73          9.382e-03      1.686e-03      9.156e+01      1.999e-03   
      50             74          7.717e-03      1.666e-03      7.171e+01      6.435e-04   
      51             76          6.935e-03      7.820e-04      3.788e+01      1.354e-04   
      52             79          6.736e-03      1.989e-04      1.462e+01      5.539e-05   
      53             81          6.528e-03      2.080e-04      2.138e+01      7.249e-05   
      54             82          6.186e-03      3.420e-04      4.807e+01      6.341e-04   
      55             83          6.050e-03      1.354e-04      4.707e+00      4.661e-04   
      56             84          5.842e-03      2.082e-04      4.675e+01      1.568e-03   
      57             85          5.767e-03      7.493e-05      1.670e+00      7.142e-04   
      58             86          5.395e-03      3.724e-04      2.070e+01      5.068e-04   
      59             87          5.290e-03      1.049e-04      4.398e+01      4.727e-04   
      60             88          5.105e-03      1.850e-04      3.504e+01      7.519e-04   
      61             89          5.062e-03      4.331e-05      4.424e+01      1.277e-03   
      62             90          4.931e-03      1.308e-04      3.150e+01      1.330e-04   
      63             91          4.899e-03      3.125e-05      3.803e+01      1.506e-04   
      64             92          4.824e-03      7.564e-05      2.894e+01      5.380e-05   
      65             94          4.774e-03      4.940e-05      2.725e+01      1.415e-04   
      66             96          4.739e-03      3.588e-05      1.919e+01      3.534e-04   
      67             97          4.705e-03      3.333e-05      2.557e+01      2.344e-04   
      68             98          4.688e-03      1.731e-05      3.373e+01      4.313e-04   
      69             99          4.642e-03      4.596e-05      3.149e+01      3.165e-04   
      70             100         4.627e-03      1.450e-05      3.803e+01      4.541e-04   
      71             101         4.587e-03      4.063e-05      3.589e+01      7.238e-04   
      72             103         4.547e-03      3.977e-05      1.956e+01      6.225e-05   
      73             105         4.542e-03      4.854e-06      2.800e+01      6.399e-04   
      74             106         4.527e-03      1.525e-05      2.482e+01      4.347e-04   
      75             107         4.514e-03      1.327e-05      2.450e+01      5.182e-04   
      76             108         4.495e-03      1.859e-05      2.454e+01      2.926e-04   
      77             109         4.483e-03      1.186e-05      2.760e+01      3.600e-04   
      78             110         4.476e-03      7.348e-06      2.886e+01      5.674e-04   
      79             111         4.471e-03      4.464e-06      2.688e-01      9.185e-04   
      80             112         4.445e-03      2.597e-05      1.882e+01      2.928e-04   
      81             114         4.433e-03      1.204e-05      1.683e+01      2.798e-04   
      82             115         4.422e-03      1.165e-05      2.017e+01      2.798e-04   
      83             116         4.408e-03      1.383e-05      2.108e+01      2.694e-04   
      84             117         4.393e-03      1.468e-05      2.268e+01      2.648e-04   
      85             118         4.369e-03      2.441e-05      2.509e+01      5.123e-05   
      86             121         4.358e-03      1.088e-05      1.159e+01      9.997e-06   
      87             122         4.358e-03      2.675e-07      2.625e-02      4.982e-06   
      88             125         4.349e-03      8.525e-06      1.200e+01      5.624e-05   
      89             126         4.346e-03      2.724e-06      3.396e+01      3.993e-04   
      90             133         4.335e-03      1.094e-05      1.933e-02      1.198e-04   
      91             134         4.335e-03      7.691e-07      3.665e-03      8.365e-05   
      92             135         4.334e-03      8.367e-07      6.563e-03      4.790e-05   
      93             136         4.333e-03      9.269e-07      1.197e-02      2.233e-05   
      94             137         4.332e-03      1.006e-06      2.357e-02      1.027e-04   
      95             138         4.331e-03      1.285e-06      3.553e-02      1.356e-05   
      96             139         4.329e-03      1.307e-06      5.879e-02      7.539e-06   
      97             140         4.329e-03      5.725e-07      5.968e-02      2.703e-06   
      98             141         4.329e-03      2.524e-07      7.590e-02      4.529e-06   
      99             142         4.328e-03      2.610e-07      1.448e-01      6.255e-07   
      100            143         4.328e-03      2.614e-07      2.486e-01      7.868e-07   
      101            144         4.327e-03      5.076e-07      6.538e-01      8.706e-07   
      102            145         4.326e-03      1.324e-06      1.821e+00      3.435e-06   
      103            146         4.323e-03      3.556e-06      5.148e+00      8.004e-06   
      104            147         4.323e-03      2.807e-08      1.374e-02      3.307e-06   
      105            148         4.313e-03      9.784e-06      1.692e+01      1.076e-04   
      106            150         4.301e-03      1.222e-05      1.706e+01      1.141e-04   
      107            152         4.288e-03      1.221e-05      1.509e+01      1.024e-04   
      108            154         4.276e-03      1.269e-05      1.527e+01      9.384e-05   
      109            156         4.262e-03      1.413e-05      1.789e+01      1.075e-04   
      110            157         4.253e-03      8.462e-06      3.088e+01      2.756e-04   
      111            158         4.222e-03      3.145e-05      3.115e+01      4.462e-04   
      112            159         4.175e-03      4.649e-05      3.124e+01      3.628e-04   
      113            162         4.156e-03      1.876e-05      7.237e+00      4.400e-04   
      114            163         4.138e-03      1.809e-05      8.562e+00      1.985e-05   
      115            164         4.104e-03      3.388e-05      2.519e+01      5.157e-05   
      116            168         4.100e-03      4.149e-06      2.069e+00      7.179e-05   
      117            172         4.098e-03      2.681e-06      1.597e-01      1.108e-05   
      118            175         4.097e-03      1.799e-07      2.397e-02      6.799e-06   
      119            179         4.097e-03      1.162e-08      1.505e-03      3.811e-06   
      120            180         4.097e-03      2.926e-09      4.324e-04      2.689e-06   
      121            184         4.097e-03      2.956e-10      4.234e-05      2.641e-06   
      122            185         4.097e-03      8.260e-10      1.222e-04      2.576e-06   
      123            189         4.097e-03      3.797e-11      5.718e-06      2.574e-06   
      124            190         4.097e-03      9.552e-11      1.708e-05      5.757e-06   
      125            194         4.097e-03      1.274e-11      8.838e-07      2.568e-06   
      126            198         4.097e-03      5.457e-14      1.765e-08      5.755e-06   
Optimization terminated successfully.
`ftol` condition satisfied. (ftol=1.00e-10)
         Current function value: 4.097e-03
         Max scaled gradient: 5.755e-06
         Total delta_x: 2.062e+00
         Iterations: 126
         Function evaluations: 198
         Jacobian evaluations: 127
{"tag": "final", "cost": 0.004097402418173628, "cost_targets": 0.00409562009954316, "cost_bounds": 1.7823186304678767e-06, "max_dB": 0.00811049024414085, "max_dG_rel": 0.021350875178446242, "iota": 1.307809318364437, "eta": 1.1461752651462418, "hel": -1.0, "max_elong": 6.000118909701413, "axis_rc": [0.98843, 0.07538, 0.00442, -0.00011, -6e-05, -1e-05], "axis_zs": [0.0, -0.04462, -0.0002, 0.00019, 7e-05, 0.0], "max_abs_Zaxis": 0.044793935180766305, "min_dpc": 0.0973396096925797, "min_dcc": 0.039998990805873054, "max_kappa": 15.446346206803721, "Lcoil": [2.596, 2.596, 2.596], "I_over_uniform": [1.432, 1.487, 0.204], "n_active_bounds": 21, "time_s": 39, "status": "Optimization terminated successfully.\n`ftol` condition satisfied. (ftol=1.00e-10)", "nit": 126, "optimality": 5.754642339259127e-06}
