ERROR:2026-10-09 13:11:37,127:jax._src.xla_bridge:487: Jax plugin configuration error: Exception when calling jax_plugins.xla_cuda12.initialize()
Traceback (most recent call last):
  File "/home/jay/miniconda3/envs/desc-dev/lib/python3.13/site-packages/jax/_src/xla_bridge.py", line 485, in discover_pjrt_plugins
    plugin_module.initialize()
    ~~~~~~~~~~~~~~~~~~~~~~~~^^
  File "/home/jay/miniconda3/envs/desc-dev/lib/python3.13/site-packages/jax_plugins/xla_cuda12/__init__.py", line 328, in initialize
    _check_cuda_versions(raise_on_first_error=True)
    ~~~~~~~~~~~~~~~~~~~~^^^^^^^^^^^^^^^^^^^^^^^^^^^
  File "/home/jay/miniconda3/envs/desc-dev/lib/python3.13/site-packages/jax_plugins/xla_cuda12/__init__.py", line 285, in _check_cuda_versions
    local_device_count = cuda_versions.cuda_device_count()
RuntimeError: jaxlib/cuda/versions_helpers.cc:113: operation cuInit(0) failed: CUDA_ERROR_NO_DEVICE
DESC /home/jay/Documents/desc_dev/DESC/desc
DEVICE requested=cpu obtained=cpu (1x cpu)
nfp 2 nc 4 mode z0 helicity 0.0 nparams 80 seed 1
{"tag": "init", "cost": 31.91148126370959, "cost_targets": 3.052455163922999, "cost_bounds": 28.859026099786586, "max_dB": 0.2661980577516617, "max_dG_rel": 1.127541674096348, "iota": 0.1685809982090459, "eta": 0.6137315927589401, "hel": 0.0, "max_elong": 3.6655648931105453, "axis_rc": [1.0, 0.07831, 0.0, 0.0, 0.0, 0.0], "axis_zs": [0.0, -0.11028, 0.0, 0.0, 0.0, 0.0], "max_abs_Zaxis": 0.11020012237071634, "min_dpc": 0.1357884160012544, "min_dcc": 0.1370979109650064, "max_kappa": 14.918118460125601, "Lcoil": [3.239, 3.528, 3.384, 3.188], "I_over_uniform": [1.0, 1.0, 1.0, 1.0], "n_active_bounds": 9}
   Iteration     Total nfev        Cost      Cost reduction    Step norm     Optimality   
       0              1          3.191e+01                                    3.801e+00   
       1              2          1.253e+00      3.066e+01      5.308e+01      1.371e-02   
       2              3          6.792e-01      5.741e-01      5.257e+01      4.433e-03   
       3              4          5.414e-01      1.378e-01      4.112e+01      1.035e-03   
       4              5          5.122e-01      2.925e-02      4.449e+01      1.356e-03   
       5              6          4.955e-01      1.664e-02      5.377e+01      6.834e-04   
       6              7          4.725e-01      2.299e-02      1.250e+02      1.699e-03   
       7              9          4.619e-01      1.058e-02      9.438e+01      1.623e-03   
       8             10          4.443e-01      1.760e-02      5.439e+01      4.349e-04   
       9             11          4.246e-01      1.970e-02      1.446e+02      1.856e-02   
      10             14          4.143e-01      1.036e-02      4.883e+01      1.387e-02   
      11             15          4.009e-01      1.340e-02      1.481e+01      2.467e-04   
      12             16          3.864e-01      1.449e-02      3.902e+01      3.925e-04   
      13             17          3.609e-01      2.554e-02      8.916e+01      8.289e-04   
      14             19          3.502e-01      1.070e-02      1.241e+02      4.681e-02   
      15             20          3.404e-01      9.782e-03      5.028e+01      1.206e-02   
      16             21          3.075e-01      3.291e-02      7.039e+01      8.255e-04   
      17             22          2.829e-01      2.461e-02      1.005e+02      1.252e-03   
      18             24          2.645e-01      1.831e-02      1.108e+02      1.691e-03   
      19             25          2.481e-01      1.647e-02      1.227e+02      2.759e-03   
      20             26          2.399e-01      8.190e-03      3.261e+01      3.683e-03   
      21             28          2.245e-01      1.542e-02      6.172e+01      1.510e-03   
      22             29          2.087e-01      1.577e-02      5.937e+01      5.427e-04   
      23             30          1.753e-01      3.335e-02      1.582e+02      1.657e-03   
      24             31          1.101e-01      6.528e-02      3.666e+02      3.870e-03   
      25             33          6.221e-02      4.786e-02      3.672e+02      5.781e-03   
      26             36          4.050e-02      2.171e-02      6.590e+01      5.062e-04   
      27             37          3.044e-02      1.006e-02      1.144e+02      3.403e-04   
      28             39          2.707e-02      3.370e-03      1.087e+02      7.526e-03   
      29             41          2.495e-02      2.117e-03      5.043e+01      5.255e-04   
      30             42          2.158e-02      3.370e-03      4.259e+01      3.157e-04   
      31             43          1.918e-02      2.402e-03      1.017e+02      3.383e-03   
      32             45          1.777e-02      1.405e-03      5.866e+01      9.922e-04   
      33             46          1.686e-02      9.095e-04      5.358e+01      3.340e-04   
      34             47          1.593e-02      9.361e-04      4.919e+01      3.220e-04   
      35             50          1.501e-02      9.184e-04      7.109e+00      3.688e-05   
      36             51          1.478e-02      2.255e-04      1.652e+01      1.960e-03   
      37             52          1.464e-02      1.428e-04      4.548e+00      1.002e-03   
      38             53          1.431e-02      3.324e-04      1.830e+01      2.809e-05   
      39             54          1.353e-02      7.783e-04      4.872e+01      2.236e-04   
      40             55          1.212e-02      1.410e-03      1.198e+02      1.231e-03   
      41             58          1.159e-02      5.269e-04      2.309e+01      4.528e-05   
      42             59          1.085e-02      7.445e-04      6.160e+01      1.687e-04   
      43             62          1.050e-02      3.485e-04      2.539e+01      4.401e-05   
      44             63          9.814e-03      6.860e-04      6.204e+01      8.134e-04   
      45             64          8.721e-03      1.093e-03      1.570e+02      1.209e-03   
      46             67          8.073e-03      6.488e-04      2.778e+01      1.318e-04   
      47             68          7.662e-03      4.102e-04      2.745e+01      3.139e-05   
      48             69          6.982e-03      6.804e-04      7.597e+01      5.675e-04   
      49             71          6.289e-03      6.927e-04      1.080e+02      4.402e-04   
      50             72          6.245e-03      4.388e-05      6.742e-01      1.748e-04   
      51             74          5.970e-03      2.757e-04      3.478e+01      1.890e-04   
      52             75          5.441e-03      5.287e-04      3.147e+01      5.676e-05   
      53             76          4.921e-03      5.197e-04      7.910e+01      1.868e-04   
      54             79          4.673e-03      2.486e-04      1.444e+01      2.842e-05   
      55             80          4.371e-03      3.011e-04      3.779e+01      3.955e-05   
      56             81          3.697e-03      6.746e-04      9.798e+01      2.518e-04   
      57             84          3.382e-03      3.149e-04      3.922e+01      7.342e-05   
      58             85          3.156e-03      2.258e-04      2.851e+01      1.102e-04   
      59             86          2.912e-03      2.446e-04      5.463e+01      1.088e-04   
      60             87          2.495e-03      4.166e-04      5.124e+01      5.929e-05   
      61             88          1.975e-03      5.202e-04      1.088e+02      2.990e-04   
      62             91          1.754e-03      2.209e-04      3.573e+01      5.484e-05   
      63             92          1.517e-03      2.365e-04      7.833e+01      3.058e-04   
      64             94          1.435e-03      8.239e-05      6.448e+01      2.078e-04   
      65             95          1.275e-03      1.598e-04      5.206e+01      1.896e-04   
      66             97          1.230e-03      4.481e-05      2.788e+01      2.996e-05   
      67             98          1.180e-03      5.025e-05      2.536e+01      1.814e-05   
      68             99          1.120e-03      5.978e-05      6.156e+01      8.721e-05   
      69             101         1.107e-03      1.361e-05      3.482e+01      4.886e-05   
      70             107         1.099e-03      7.291e-06      8.280e-02      4.337e-05   
      71             108         1.088e-03      1.171e-05      1.642e-01      3.236e-05   
      72             109         1.077e-03      1.072e-05      2.393e-01      1.634e-05   
      73             110         1.074e-03      3.484e-06      1.971e-01      4.673e-06   
      74             111         1.073e-03      1.023e-06      2.397e-01      1.355e-06   
      75             112         1.072e-03      8.644e-07      3.442e-01      1.324e-06   
      76             117         1.072e-03      1.435e-09      8.995e-04      3.457e-06   
      77             118         1.072e-03      2.220e-09      1.413e-03      5.368e-07   
      78             119         1.072e-03      5.707e-09      4.156e-03      5.359e-07   
      79             120         1.072e-03      1.643e-08      1.221e-02      5.336e-07   
      80             121         1.072e-03      4.742e-08      3.593e-02      5.283e-07   
      81             122         1.071e-03      1.356e-07      1.051e-01      5.192e-07   
      82             123         1.071e-03      3.806e-07      3.044e-01      1.495e-06   
      83             124         1.070e-03      1.018e-06      8.744e-01      1.369e-05   
      84             125         1.067e-03      2.915e-06      2.542e+00      1.362e-06   
      85             126         1.067e-03      6.642e-07      5.883e-01      1.449e-06   
      86             127         1.055e-03      1.198e-05      2.012e+01      2.294e-05   
      87             128         1.049e-03      5.603e-06      2.244e-01      1.679e-05   
      88             129         1.034e-03      1.529e-05      1.765e+01      9.850e-06   
      89             130         1.013e-03      2.037e-05      2.637e+01      8.114e-06   
      90             132         1.004e-03      9.696e-06      2.558e+01      2.501e-05   
      91             134         9.908e-04      1.275e-05      1.288e+01      1.642e-05   
      92             135         9.801e-04      1.072e-05      1.233e+01      4.487e-06   
      93             136         9.633e-04      1.685e-05      3.279e+01      3.885e-05   
      94             139         9.578e-04      5.454e-06      8.773e+00      3.382e-06   
      95             140         9.464e-04      1.140e-05      2.311e+01      2.084e-05   
      96             141         9.369e-04      9.513e-06      6.018e+01      1.409e-04   
      97             144         9.249e-04      1.199e-05      1.109e+01      2.603e-05   
      98             145         9.133e-04      1.157e-05      7.718e+00      2.922e-06   
      99             146         9.043e-04      9.068e-06      2.153e+01      2.099e-05   
      100            147         8.826e-04      2.162e-05      5.908e+01      1.427e-04   
      101            151         8.791e-04      3.512e-06      3.686e+00      1.504e-06   
      102            152         8.750e-04      4.129e-06      9.704e+00      5.497e-06   
      103            153         8.683e-04      6.684e-06      2.617e+01      4.470e-04   
      104            154         8.647e-04      3.599e-06      6.937e-01      4.333e-05   
      105            155         8.584e-04      6.286e-06      1.394e+01      1.035e-05   
      106            156         8.442e-04      1.425e-05      3.923e+01      6.665e-05   
      107            161         8.441e-04      6.561e-08      1.883e-01      8.452e-05   
      108            162         8.432e-04      9.668e-07      1.103e-01      1.997e-06   
      109            163         8.430e-04      1.541e-07      2.910e-01      3.640e-07   
      110            164         8.426e-04      3.974e-07      8.185e-01      1.974e-07   
      111            165         8.415e-04      1.063e-06      2.328e+00      8.656e-07   
      112            166         8.414e-04      1.366e-07      3.055e-01      1.883e-07   
      113            167         8.354e-04      6.003e-06      1.854e+01      1.873e-05   
      114            168         8.352e-04      2.351e-07      1.537e-02      8.133e-06   
      115            170         8.300e-04      5.176e-06      1.468e+01      1.277e-05   
      116            171         8.235e-04      6.486e-06      1.546e+01      1.445e-05   
      117            172         8.175e-04      6.033e-06      2.008e+01      2.277e-05   
      118            175         8.134e-04      4.043e-06      2.895e+00      1.827e-05   
      119            176         8.101e-04      3.290e-06      8.017e+00      3.941e-06   
      120            177         8.009e-04      9.207e-06      2.214e+01      2.349e-05   
      121            178         7.823e-04      1.867e-05      5.951e+01      1.546e-04   
      122            184         7.773e-04      4.990e-06      2.461e-01      1.115e-05   
      123            185         7.771e-04      1.853e-07      3.043e-02      2.372e-06   
      124            186         7.770e-04      1.182e-07      4.066e-02      9.269e-07   
      125            187         7.769e-04      6.611e-08      5.484e-02      3.525e-07   
      126            188         7.768e-04      7.558e-08      1.144e-01      2.242e-07   
      127            189         7.767e-04      1.646e-07      3.016e-01      2.394e-07   
      128            190         7.762e-04      4.096e-07      8.266e-01      3.182e-07   
      129            191         7.752e-04      1.050e-06      2.293e+00      3.618e-07   
      130            192         7.752e-04      1.034e-08      2.270e-02      2.156e-07   
      131            193         7.674e-04      7.741e-06      1.849e+01      2.128e-05   
      132            194         7.674e-04      7.534e-09      2.354e-03      6.996e-06   
      133            195         7.567e-04      1.072e-05      2.673e+01      3.027e-05   
      134            196         7.452e-04      1.156e-05      7.054e+01      1.758e-04   
      135            198         7.372e-04      7.999e-06      3.897e+01      3.980e-04   
      136            201         7.121e-04      2.511e-05      6.811e+00      4.806e-06   
      137            202         7.061e-04      5.982e-06      1.710e+01      1.253e-05   
      138            203         6.935e-04      1.260e-05      1.920e+01      1.844e-05   
      139            204         6.716e-04      2.187e-05      4.447e+01      5.374e-05   
      140            206         6.660e-04      5.624e-06      2.381e+01      2.340e-05   
      141            209         6.560e-04      9.934e-06      6.683e+00      6.143e-06   
      142            211         6.520e-04      4.059e-06      8.075e+00      5.009e-06   
      143            212         6.456e-04      6.331e-06      1.378e+01      1.107e-04   
      144            213         6.308e-04      1.484e-05      3.722e+01      5.152e-05   
      145            214         6.307e-04      8.509e-08      1.088e-02      1.472e-05   
      146            215         6.093e-04      2.139e-05      4.328e+01      5.566e-05   
      147            216         6.036e-04      5.712e-06      3.020e+00      2.460e-05   
      148            219         5.933e-04      1.031e-05      2.653e+01      2.609e-05   
      149            221         5.799e-04      1.341e-05      3.777e+01      4.602e-05   
      150            224         5.732e-04      6.668e-06      1.468e+01      8.334e-06   
      151            227         5.711e-04      2.160e-06      5.668e+00      1.340e-06   
      152            230         5.703e-04      8.099e-07      2.156e+00      3.577e-07   
      153            232         5.691e-04      1.215e-06      3.253e+00      3.972e-07   
      154            235         5.686e-04      4.533e-07      1.218e+00      2.980e-07   
      155            239         5.686e-04      2.123e-08      5.711e-02      1.452e-07   
      156            240         5.685e-04      6.364e-08      1.712e-01      1.949e-07   
      157            244         5.685e-04      2.984e-09      8.029e-03      1.450e-07   
      158            245         5.685e-04      8.949e-09      2.408e-02      1.449e-07   
      159            248         5.685e-04      3.356e-09      9.032e-03      1.449e-07   
      160            251         5.685e-04      1.259e-09      3.387e-03      1.449e-07   
      161            253         5.685e-04      1.888e-09      5.080e-03      1.449e-07   
      162            256         5.685e-04      1.449e-11      1.905e-03      6.509e-06   
      163            257         5.685e-04      1.004e-09      1.034e-03      2.019e-06   
      164            259         5.685e-04      2.234e-11      1.274e-03      5.545e-06   
      165            260         5.685e-04      7.224e-10      7.413e-04      8.746e-07   
      166            262         5.685e-04      9.583e-12      9.317e-04      4.733e-06   
      167            263         5.685e-04      5.099e-10      5.266e-04      8.653e-07   
      168            264         5.685e-04      4.876e-10      1.319e-03      1.452e-07   
      169            267         5.685e-04      9.283e-11      5.035e-04      2.797e-06   
      170            268         5.685e-04      2.687e-10      5.020e-04      1.453e-07   
      171            269         5.685e-04      5.418e-10      1.483e-03      1.453e-07   
      172            272         5.685e-04      5.999e-11      5.665e-04      3.338e-06   
      173            273         5.685e-04      3.313e-10      5.245e-04      1.454e-07   
      174            274         5.685e-04      5.639e-10      1.544e-03      1.454e-07   
      175            277         5.685e-04      2.617e-11      5.902e-04      3.690e-06   
      176            278         5.685e-04      3.320e-10      4.150e-04      1.455e-07   
      177            279         5.685e-04      4.398e-10      1.204e-03      1.455e-07   
      178            282         5.685e-04      2.149e-11      4.606e-04      3.325e-06   
      179            283         5.685e-04      2.596e-10      3.284e-04      1.456e-07   
      180            286         5.685e-04      2.139e-11      1.218e-04      1.848e-06   
      181            287         5.685e-04      6.582e-11      1.213e-04      1.456e-07   
      182            288         5.685e-04      1.306e-10      3.575e-04      1.456e-07   
      183            291         5.685e-04      1.822e-11      1.368e-04      2.002e-06   
      184            292         5.685e-04      7.863e-11      1.332e-04      1.456e-07   
      185            294         5.685e-04      1.333e-11      2.005e-04      2.401e-06   
      186            295         5.685e-04      1.136e-10      1.593e-04      1.399e-06   
      187            296         5.685e-04      1.340e-10      4.752e-04      1.943e-06   
      188            297         5.685e-04      1.546e-10      4.847e-04      2.406e-06   
      189            298         5.685e-04      2.417e-10      5.305e-04      1.915e-07   
      190            299         5.685e-04      4.203e-11      8.409e-04      4.253e-06   
      191            300         5.685e-04      4.749e-10      6.125e-04      1.457e-07   
      192            302         5.685e-04      1.602e-11      8.018e-04      4.327e-06   
      193            303         5.685e-04      4.383e-10      4.832e-04      1.458e-07   
      194            304         5.685e-04      5.021e-10      1.376e-03      1.458e-07   
      195            307         5.685e-04      5.635e-11      5.270e-04      3.230e-06   
      196            308         5.685e-04      3.067e-10      4.891e-04      1.459e-07   
      197            309         5.685e-04      5.239e-10      1.437e-03      1.459e-07   
      198            312         5.685e-04      2.362e-11      5.504e-04      3.585e-06   
      199            313         5.685e-04      3.080e-10      3.841e-04      1.460e-07   
      200            314         5.685e-04      4.048e-10      1.110e-03      1.460e-07   
      201            317         5.685e-04      1.959e-11      4.254e-04      3.217e-06   
      202            318         5.685e-04      2.387e-10      3.025e-04      1.460e-07   
      203            321         5.685e-04      2.070e-11      1.121e-04      1.787e-06   
      204            322         5.685e-04      5.928e-11      1.115e-04      1.515e-07   
      205            323         5.685e-04      1.197e-10      3.283e-04      1.460e-07   
      206            326         5.685e-04      1.718e-11      1.259e-04      1.944e-06   
      207            327         5.685e-04      7.181e-11      1.229e-04      1.460e-07   
      208            329         5.685e-04      1.172e-11      1.852e-04      2.340e-06   
      209            330         5.685e-04      1.049e-10      1.448e-04      1.370e-06   
      210            331         5.685e-04      1.181e-10      4.316e-04      1.917e-06   
      211            332         5.685e-04      1.421e-10      4.368e-04      2.316e-06   
      212            333         5.685e-04      2.175e-10      4.822e-04      2.279e-07   
      213            334         5.685e-04      4.687e-11      7.363e-04      3.940e-06   
      214            335         5.685e-04      4.200e-10      5.782e-04      1.461e-07   
      215            337         5.685e-04      1.077e-11      7.373e-04      4.194e-06   
      216            338         5.685e-04      3.996e-10      4.293e-04      1.543e-07   
      217            339         5.685e-04      4.419e-10      1.213e-03      1.462e-07   
      218            342         5.685e-04      5.057e-11      4.652e-04      3.063e-06   
      219            343         5.685e-04      2.697e-10      4.335e-04      1.462e-07   
      220            344         5.685e-04      4.632e-10      1.272e-03      1.463e-07   
      221            347         5.685e-04      2.010e-11      4.881e-04      3.415e-06   
      222            348         5.685e-04      2.717e-10      3.373e-04      1.463e-07   
      223            349         5.685e-04      3.538e-10      9.715e-04      1.463e-07   
      224            352         5.685e-04      1.518e-11      3.729e-04      3.069e-06   
      225            353         5.685e-04      2.074e-10      2.568e-04      1.464e-07   
      226            356         5.685e-04      1.551e-11      9.494e-05      1.755e-06   
      227            357         5.685e-04      5.195e-11      9.416e-05      1.550e-07   
      228            358         5.685e-04      1.008e-10      2.768e-04      1.464e-07   
      229            361         5.685e-04      1.215e-11      1.064e-04      1.899e-06   
      230            362         5.685e-04      6.144e-11      1.000e-04      1.528e-07   
      231            364         5.685e-04      7.006e-12      1.507e-04      2.223e-06   
      232            365         5.685e-04      8.186e-11      1.073e-04      1.402e-06   
      233            366         5.685e-04      8.147e-11      3.211e-04      1.861e-06   
      234            367         5.685e-04      1.243e-10      3.192e-04      1.895e-06   
      235            368         5.685e-04      1.516e-10      4.711e-04      1.954e-06   
      236            369         5.685e-04      1.989e-10      4.845e-04      7.414e-07   
      237            370         5.685e-04      9.145e-11      9.648e-04      4.253e-06   
      238            371         5.685e-04      5.588e-10      8.614e-04      6.540e-07   
      239            373         5.685e-04      1.491e-10      5.840e-04      2.525e-06   
      240            374         5.685e-04      2.463e-10      6.081e-04      1.954e-06   
      241            375         5.685e-04      2.620e-10      6.963e-04      1.396e-06   
      242            376         5.685e-04      3.576e-11      1.036e-03      4.846e-06   
      243            377         5.685e-04      5.740e-10      6.881e-04      1.224e-06   
      244            378         5.685e-04      1.189e-10      8.285e-04      3.748e-06   
      245            379         5.685e-04      4.739e-10      8.124e-04      3.411e-07   
      246            381         5.685e-04      1.304e-10      5.398e-04      2.515e-06   
      247            382         5.685e-04      2.584e-10      5.494e-04      3.668e-07   
      248            383         5.685e-04      7.932e-11      7.113e-04      3.619e-06   
      249            384         5.685e-04      4.103e-10      6.671e-04      1.467e-07   
      250            386         5.685e-04      8.388e-11      5.600e-04      3.074e-06   
      251            387         5.685e-04      3.120e-10      5.541e-04      2.243e-07   
      252            389         5.685e-04      7.606e-11      5.006e-04      2.938e-06   
      253            390         5.685e-04      2.781e-10      4.958e-04      1.467e-07   
      254            392         5.685e-04      5.310e-11      5.113e-04      3.190e-06   
      255            393         5.685e-04      2.950e-10      4.704e-04      1.468e-07   
      256            394         5.685e-04      4.768e-10      1.312e-03      1.468e-07   
      257            397         5.685e-04      2.893e-11      5.047e-04      3.385e-06   
      258            398         5.685e-04      2.843e-10      3.832e-04      1.468e-07   
      259            399         5.685e-04      4.025e-10      1.107e-03      1.468e-07   
      260            402         5.685e-04      1.649e-11      4.262e-04      3.234e-06   
      261            403         5.685e-04      2.354e-10      2.904e-04      1.468e-07   
      262            404         5.685e-04      3.023e-10      8.314e-04      1.469e-07   
      263            407         5.685e-04      1.129e-11      3.202e-04      2.903e-06   
      264            408         5.685e-04      1.762e-10      2.134e-04      1.469e-07   
      265            411         5.685e-04      1.167e-11      7.857e-05      1.698e-06   
      266            412         5.685e-04      4.370e-11      7.729e-05      1.624e-07   
      267            413         5.685e-04      8.243e-11      2.266e-04      1.469e-07   
      268            416         5.685e-04      8.282e-12      8.737e-05      1.830e-06   
      269            417         5.685e-04      5.028e-11      7.775e-05      1.653e-07   
      270            419         5.685e-04      3.167e-12      1.170e-04      2.087e-06   
      271            420         5.685e-04      6.054e-11      7.377e-05      1.411e-06   
      272            421         5.685e-04      4.906e-11      2.223e-04      1.782e-06   
      273            422         5.685e-04      1.005e-10      2.163e-04      1.559e-06   
      274            423         5.685e-04      1.927e-10      6.324e-04      1.974e-06   
      275            424         5.685e-04      2.684e-10      6.808e-04      7.570e-07   
      276            426         5.685e-04      1.624e-10      7.590e-04      3.082e-06   
      277            427         5.685e-04      3.769e-10      7.587e-04      7.644e-07   
      278            428         5.685e-04      1.164e-10      8.472e-04      3.754e-06   
      279            429         5.685e-04      4.792e-10      8.280e-04      3.398e-07   
      280            431         5.685e-04      1.421e-10      5.042e-04      2.188e-06   
      281            432         5.685e-04      2.101e-10      5.673e-04      1.922e-06   
      282            433         5.685e-04      1.351e-10      6.499e-04      2.313e-06   
      283            434         5.685e-04      3.014e-10      6.620e-04      2.266e-06   
      284            435         5.685e-04      2.612e-10      7.255e-04      2.056e-06   
      285            436         5.685e-04      3.342e-10      8.292e-04      5.299e-07   
      286            439         5.685e-04      1.214e-10      3.182e-04      1.471e-07   
      287            442         5.685e-04      2.635e-11      1.193e-04      1.746e-06   
      288            443         5.685e-04      5.853e-11      1.187e-04      1.695e-07   
      289            444         5.685e-04      1.273e-10      3.503e-04      1.471e-07   
      290            447         5.685e-04      1.612e-11      1.351e-04      1.995e-06   
      291            448         5.685e-04      7.730e-11      1.283e-04      1.529e-07   
      292            450         5.685e-04      4.714e-12      1.935e-04      2.446e-06   
      293            451         5.685e-04      1.043e-10      1.203e-04      1.334e-06   
      294            452         5.685e-04      9.071e-11      3.510e-04      1.851e-06   
      295            453         5.685e-04      1.154e-10      3.523e-04      2.196e-06   
      296            454         5.685e-04      1.730e-10      3.822e-04      2.633e-07   
      297            455         5.685e-04      4.674e-11      5.403e-04      3.345e-06   
      298            456         5.685e-04      3.096e-10      4.695e-04      1.472e-07   
      299            458         5.685e-04      1.412e-11      5.528e-04      3.647e-06   
      300            459         5.685e-04      3.001e-10      3.480e-04      1.650e-07   
      301            460         5.685e-04      3.561e-10      9.803e-04      1.472e-07   
      302            463         5.685e-04      3.088e-11      3.783e-04      2.920e-06   
      303            464         5.685e-04      2.161e-10      3.221e-04      1.472e-07   
      304            465         5.685e-04      3.396e-10      9.356e-04      1.472e-07   
      305            468         5.685e-04      9.095e-12      3.611e-04      3.070e-06   
      306            469         5.685e-04      1.959e-10      2.260e-04      1.472e-07   
      307            472         5.685e-04      1.623e-11      8.255e-05      1.628e-06   
      308            473         5.685e-04      4.202e-11      8.180e-05      1.699e-07   
      309            474         5.685e-04      8.706e-11      2.396e-04      1.472e-07   
      310            477         5.685e-04      1.212e-11      9.261e-05      1.789e-06   
      311            478         5.685e-04      5.237e-11      8.946e-05      1.670e-07   
      312            480         5.685e-04      5.894e-12      1.351e-04      2.138e-06   
      313            481         5.685e-04      7.426e-11      9.468e-05      1.331e-06   
      314            482         5.685e-04      6.686e-11      2.820e-04      1.813e-06   
      315            483         5.685e-04      1.070e-10      2.807e-04      1.895e-06   
      316            484         5.685e-04      1.184e-10      3.719e-04      1.896e-06   
      317            485         5.685e-04      1.570e-10      3.742e-04      6.574e-07   
      318            486         5.685e-04      1.034e-10      7.064e-04      3.418e-06   
      319            487         5.685e-04      3.940e-10      6.954e-04      5.800e-07   
      320            489         5.685e-04      1.141e-10      4.751e-04      2.433e-06   
      321            490         5.685e-04      2.265e-10      4.819e-04      1.473e-07   
      322            491         5.685e-04      5.944e-11      6.138e-04      3.462e-06   
      323            492         5.685e-04      3.516e-10      5.530e-04      1.528e-07   
      324            494         5.685e-04      7.215e-11      4.610e-04      2.812e-06   
      325            495         5.685e-04      2.522e-10      4.571e-04      1.473e-07   
      326            497         5.685e-04      6.261e-11      4.042e-04      2.683e-06   
      327            498         5.685e-04      2.216e-10      4.004e-04      1.474e-07   
      328            500         5.685e-04      4.271e-11      4.107e-04      2.919e-06   
      329            501         5.685e-04      2.351e-10      3.775e-04      1.474e-07   
      330            502         5.685e-04      3.985e-10      1.099e-03      1.474e-07   
      331            505         5.685e-04      1.447e-11      4.246e-04      3.237e-06   
      332            506         5.685e-04      2.320e-10      2.817e-04      1.474e-07   
      333            507         5.685e-04      2.899e-10      7.990e-04      1.474e-07   
      334            510         5.685e-04      1.160e-11      3.089e-04      2.846e-06   
      335            511         5.685e-04      1.693e-10      2.092e-04      1.492e-07   
      336            514         5.685e-04      1.434e-11      7.700e-05      1.621e-06   
      337            515         5.685e-04      3.988e-11      7.627e-05      1.729e-07   
      338            516         5.685e-04      8.103e-11      2.232e-04      1.474e-07   
      339            519         5.685e-04      1.023e-11      8.641e-05      1.775e-06   
      340            520         5.685e-04      4.917e-11      8.168e-05      1.715e-07   
      341            522         5.685e-04      3.919e-12      1.234e-04      2.097e-06   
      342            523         5.685e-04      6.597e-11      8.036e-05      1.344e-06   
      343            524         5.685e-04      5.334e-11      2.394e-04      1.778e-06   
      344            525         5.685e-04      9.816e-11      2.362e-04      1.732e-06   
      345            526         5.685e-04      1.142e-10      3.834e-04      1.895e-06   
      346            527         5.685e-04      1.605e-10      3.871e-04      6.738e-07   
      347            528         5.685e-04      1.062e-10      7.079e-04      3.396e-06   
      348            529         5.685e-04      3.916e-10      6.987e-04      6.102e-07   
      349            531         5.685e-04      1.226e-10      4.459e-04      2.181e-06   
      350            532         5.685e-04      1.798e-10      4.863e-04      1.896e-06   
      351            533         5.685e-04      1.747e-10      5.260e-04      1.957e-06   
      352            534         5.685e-04      1.303e-10      5.778e-04      2.974e-06   
      353            535         5.685e-04      2.990e-10      5.588e-04      1.838e-07   
      354            536         5.685e-04      9.135e-11      6.205e-04      3.209e-06   
      355            537         5.685e-04      3.433e-10      6.116e-04      1.475e-07   
      356            539         5.685e-04      9.543e-11      4.291e-04      2.406e-06   
      357            540         5.685e-04      2.075e-10      4.293e-04      1.609e-07   
      358            541         5.685e-04      3.213e-11      5.873e-04      3.603e-06   
      359            542         5.685e-04      3.270e-10      4.408e-04      1.475e-07   
      360            544         5.685e-04      5.039e-11      4.151e-04      2.851e-06   
      361            545         5.685e-04      2.354e-10      3.967e-04      1.568e-07   
      362            547         5.685e-04      2.634e-11      4.343e-04      3.158e-06   
      363            548         5.685e-04      2.430e-10      3.361e-04      1.476e-07   
      364            549         5.685e-04      3.493e-10      9.636e-04      1.476e-07   
      365            552         5.685e-04      1.527e-11      3.731e-04      3.046e-06   
      366            553         5.685e-04      2.047e-10      2.582e-04      1.493e-07   
      367            554         5.685e-04      2.661e-10      7.339e-04      1.476e-07   
      368            557         5.685e-04      7.784e-12      2.843e-04      2.784e-06   
      369            558         5.685e-04      1.538e-10      1.807e-04      1.555e-07   
      370            561         5.685e-04      1.059e-11      6.600e-05      1.604e-06   
      371            562         5.685e-04      3.568e-11      6.510e-05      1.758e-07   
      372            563         5.685e-04      6.901e-11      1.902e-04      1.476e-07   
      373            566         5.685e-04      6.833e-12      7.379e-05      1.743e-06   
      374            567         5.685e-04      4.202e-11      6.495e-05      1.800e-07   
      375            569         5.685e-04      1.163e-12      9.786e-05      1.989e-06   
      376            570         5.685e-04      4.947e-11      5.592e-05      1.376e-06   
      377            571         5.685e-04      3.130e-11      1.683e-04      1.708e-06   
      378            572         5.685e-04      8.131e-11      1.565e-04      1.476e-07   
      379            575         5.685e-04      5.166e-12      5.814e-05      1.729e-06   
      380            576         5.685e-04      3.226e-11      5.024e-05      1.403e-06   
      381            577         5.685e-04      2.573e-11      1.582e-04      1.737e-06   
      382            578         5.685e-04      7.685e-11      1.427e-04      1.476e-07   
      383            580         5.685e-04      9.724e-12      2.110e-04      2.485e-06   
      384            581         5.685e-04      1.169e-10      1.489e-04      1.315e-06   
      385            582         5.685e-04      1.202e-10      4.375e-04      1.871e-06   
      386            583         5.685e-04      9.665e-11      4.509e-04      2.856e-06   
      387            584         5.685e-04      2.481e-10      4.470e-04      1.476e-07   
      388            586         5.685e-04      6.439e-11      3.610e-04      2.467e-06   
      389            587         5.685e-04      1.892e-10      3.588e-04      2.294e-07   
      390            589         5.685e-04      5.310e-11      3.170e-04      2.411e-06   
      391            590         5.685e-04      1.696e-10      3.149e-04      1.477e-07   
      392            591         5.685e-04      2.353e-10      6.490e-04      1.477e-07   
      393            594         5.685e-04      4.192e-11      2.516e-04      2.234e-06   
      394            595         5.685e-04      1.347e-10      2.494e-04      1.510e-07   
      395            596         5.685e-04      2.642e-10      7.291e-04      1.477e-07   
      396            599         5.685e-04      1.835e-11      2.826e-04      2.662e-06   
      397            600         5.685e-04      1.585e-10      2.229e-04      1.487e-07   
      398            601         5.685e-04      2.324e-10      6.413e-04      1.477e-07   
      399            604         5.685e-04      2.759e-12      2.487e-04      2.692e-06   
      400            605         5.685e-04      1.323e-10      1.421e-04      1.699e-07   
Warning: Maximum number of iterations has been exceeded.
         Current function value: 5.685e-04
         Max scaled gradient: 1.699e-07
         Total delta_x: 2.385e+00
         Iterations: 400
         Function evaluations: 605
         Jacobian evaluations: 401
{"tag": "final", "cost": 0.0005684607289420239, "cost_targets": 0.0005683400984692979, "cost_bounds": 1.206304727261218e-07, "max_dB": 0.0021579435110158267, "max_dG_rel": 0.01072622868095457, "iota": 0.419823615790309, "eta": 0.7661235869916356, "hel": 0.0, "max_elong": 5.09337250208307, "axis_rc": [0.92992, 0.22922, 0.02614, 0.00033, -0.00044, -5e-05], "axis_zs": [0.0, -0.08362, -0.00886, 5e-05, 0.00012, 0.0], "max_abs_Zaxis": 0.08552368794915322, "min_dpc": 0.16120923589317343, "min_dcc": 0.039999972373083566, "max_kappa": 10.173662923961777, "Lcoil": [3.941, 3.941, 3.941, 3.941], "I_over_uniform": [1.137, 1.101, 1.114, 0.619], "n_active_bounds": 13, "time_s": 207, "status": "Maximum number of iterations has been exceeded.", "nit": 400, "optimality": 1.6989869284201e-07}
