ERROR:2026-10-09 13:18:28,997:jax._src.xla_bridge:487: Jax plugin configuration error: Exception when calling jax_plugins.xla_cuda12.initialize()
Traceback (most recent call last):
  File "/home/jay/miniconda3/envs/desc-dev/lib/python3.13/site-packages/jax/_src/xla_bridge.py", line 485, in discover_pjrt_plugins
    plugin_module.initialize()
    ~~~~~~~~~~~~~~~~~~~~~~~~^^
  File "/home/jay/miniconda3/envs/desc-dev/lib/python3.13/site-packages/jax_plugins/xla_cuda12/__init__.py", line 328, in initialize
    _check_cuda_versions(raise_on_first_error=True)
    ~~~~~~~~~~~~~~~~~~~~^^^^^^^^^^^^^^^^^^^^^^^^^^^
  File "/home/jay/miniconda3/envs/desc-dev/lib/python3.13/site-packages/jax_plugins/xla_cuda12/__init__.py", line 285, in _check_cuda_versions
    local_device_count = cuda_versions.cuda_device_count()
RuntimeError: jaxlib/cuda/versions_helpers.cc:113: operation cuInit(0) failed: CUDA_ERROR_NO_DEVICE
DESC /home/jay/Documents/desc_dev/DESC/desc
DEVICE requested=cpu obtained=cpu (1x cpu)
nfp 3 nc 4 mode z0 helicity 0.0 nparams 80 seed 0
{"tag": "init", "cost": 9.023402909721696, "cost_targets": 2.759703925197996, "cost_bounds": 6.263698984523699, "max_dB": 0.13512565380850391, "max_dG_rel": 0.9633000798082202, "iota": 0.3227099980603911, "eta": 0.6521257029255451, "hel": 0.0, "max_elong": 4.314682708156138, "axis_rc": [1.0, 0.05048, 0.0, 0.0, 0.0, 0.0], "axis_zs": [0.0, -0.02863, 0.0, 0.0, 0.0, 0.0], "max_abs_Zaxis": 0.028612163274170464, "min_dpc": 0.12453141161215102, "min_dcc": 0.1172826022468904, "max_kappa": 14.792614603228593, "Lcoil": [2.744, 2.778, 2.768, 2.646], "I_over_uniform": [1.0, 1.0, 1.0, 1.0], "n_active_bounds": 11}
   Iteration     Total nfev        Cost      Cost reduction    Step norm     Optimality   
       0              1          9.023e+00                                    1.313e+00   
       1              2          1.083e+00      7.940e+00      5.374e+01      1.433e-02   
       2              3          5.988e-01      4.841e-01      4.686e+01      4.567e-03   
       3              4          4.983e-01      1.006e-01      4.572e+01      1.003e-03   
       4              5          4.489e-01      4.936e-02      7.852e+01      1.292e-03   
       5              8          4.295e-01      1.941e-02      2.930e+01      4.975e-04   
       6             11          4.208e-01      8.715e-03      1.237e+01      3.269e-04   
       7             14          4.173e-01      3.493e-03      4.942e+00      2.383e-04   
       8             16          4.122e-01      5.131e-03      7.430e+00      2.110e-04   
       9             17          4.001e-01      1.209e-02      1.934e+01      4.815e-03   
      10             18          3.671e-01      3.299e-02      5.466e+01      1.283e-03   
      11             19          2.970e-01      7.008e-02      1.300e+02      2.996e-03   
      12             21          2.618e-01      3.524e-02      1.437e+02      3.264e-02   
      13             23          2.152e-01      4.658e-02      6.911e+01      1.006e-02   
      14             24          2.124e-01      2.756e-03      1.266e-01      7.858e-03   
      15             25          1.583e-01      5.416e-02      1.994e+02      5.836e-03   
      16             26          1.533e-01      4.960e-03      9.041e-01      1.173e-03   
      17             27          9.731e-02      5.600e-02      3.374e+02      6.235e-03   
      18             30          7.631e-02      2.100e-02      9.454e+01      7.774e-04   
      19             32          6.006e-02      1.625e-02      1.204e+02      7.598e-04   
      20             33          4.342e-02      1.664e-02      2.508e+02      2.445e-02   
      21             40          4.170e-02      1.718e-03      5.412e-02      2.140e-02   
      22             41          3.903e-02      2.670e-03      1.043e-01      1.555e-02   
      23             42          3.668e-02      2.347e-03      1.477e-01      7.358e-03   
      24             43          3.601e-02      6.768e-04      1.087e-01      1.689e-03   
      25             44          3.591e-02      9.917e-05      9.169e-02      2.009e-04   
      26             45          3.577e-02      1.367e-04      2.238e-01      1.850e-04   
      27             46          3.551e-02      2.633e-04      5.198e-01      1.487e-04   
      28             47          3.519e-02      3.236e-04      9.295e-01      9.114e-05   
      29             48          3.493e-02      2.530e-04      1.397e+00      4.465e-05   
      30             49          3.464e-02      2.871e-04      2.886e+00      4.348e-05   
      31             50          3.396e-02      6.837e-04      7.918e+00      8.492e-05   
      32             51          3.219e-02      1.768e-03      2.195e+01      8.592e-05   
      33             52          2.796e-02      4.229e-03      5.785e+01      2.060e-04   
      34             53          1.992e-02      8.043e-03      1.338e+02      4.516e-04   
      35             54          1.188e-02      8.040e-03      2.380e+02      1.460e-03   
      36             55          8.045e-03      3.836e-03      1.857e+02      8.677e-04   
      37             56          4.845e-03      3.200e-03      1.470e+02      5.525e-04   
      38             57          4.592e-03      2.530e-04      2.463e+01      1.840e-04   
      39             60          4.061e-03      5.309e-04      2.284e+01      1.888e-05   
      40             62          3.727e-03      3.344e-04      2.947e+01      2.208e-03   
      41             68          3.695e-03      3.146e-05      3.585e-01      3.627e-05   
      42             69          3.695e-03      2.679e-07      4.363e-03      3.446e-05   
      43             70          3.694e-03      6.858e-07      1.205e-02      3.171e-05   
      44             71          3.693e-03      1.493e-06      2.990e-02      2.549e-05   
      45             72          3.691e-03      2.077e-06      5.684e-02      1.462e-05   
      46             73          3.689e-03      1.832e-06      9.089e-02      5.807e-06   
      47             74          3.686e-03      2.769e-06      2.173e-01      5.794e-06   
      48             75          3.679e-03      7.694e-06      6.402e-01      5.735e-06   
      49             76          3.658e-03      2.047e-05      1.778e+00      5.637e-06   
      50             77          3.604e-03      5.434e-05      5.074e+00      5.513e-06   
      51             78          3.458e-03      1.460e-04      1.436e+01      8.918e-06   
      52             79          3.112e-03      3.459e-04      3.801e+01      8.895e-05   
      53             80          3.092e-03      2.008e-05      1.969e+00      9.413e-06   
      54             82          2.586e-03      5.053e-04      1.244e+02      1.388e-03   
      55             85          2.168e-03      4.183e-04      1.460e+01      5.743e-04   
      56             86          1.921e-03      2.474e-04      3.774e+01      3.052e-04   
      57             90          1.895e-03      2.541e-05      1.947e+00      7.362e-06   
      58             91          1.870e-03      2.558e-05      5.043e+00      1.014e-05   
      59             92          1.804e-03      6.623e-05      1.416e+01      2.763e-05   
      60             93          1.645e-03      1.584e-04      3.809e+01      1.860e-04   
      61             94          1.639e-03      5.699e-06      7.140e-01      1.045e-05   
      62             96          1.440e-03      1.992e-04      1.056e+02      1.314e-03   
      63             103         1.431e-03      8.732e-06      7.705e-03      1.144e-03   
      64             104         1.410e-03      2.168e-05      2.474e-02      3.979e-04   
      65             105         1.400e-03      1.007e-05      3.333e-02      1.018e-04   
      66             106         1.382e-03      1.745e-05      8.408e-02      9.108e-05   
      67             107         1.348e-03      3.380e-05      1.954e-01      6.582e-05   
      68             108         1.310e-03      3.862e-05      3.292e-01      3.003e-05   
      69             109         1.292e-03      1.812e-05      3.246e-01      9.331e-06   
      70             110         1.289e-03      2.932e-06      2.061e-01      2.044e-06   
      71             111         1.287e-03      1.364e-06      3.565e-01      1.342e-06   
      72             112         1.284e-03      3.060e-06      9.631e-01      2.805e-06   
      73             113         1.276e-03      8.214e-06      2.759e+00      1.107e-06   
      74             114         1.270e-03      6.538e-06      2.239e+00      1.342e-06   
      75             115         1.263e-03      6.362e-06      2.204e+00      1.288e-06   
      76             116         1.257e-03      6.242e-06      2.184e+00      1.301e-06   
      77             117         1.251e-03      6.138e-06      2.167e+00      1.287e-06   
      78             118         1.245e-03      6.042e-06      2.150e+00      1.260e-06   
      79             119         1.239e-03      5.951e-06      2.134e+00      1.229e-06   
      80             120         1.233e-03      5.866e-06      2.119e+00      1.216e-06   
      81             121         1.227e-03      5.785e-06      2.104e+00      1.207e-06   
      82             122         1.222e-03      5.709e-06      2.090e+00      1.198e-06   
      83             123         1.216e-03      5.634e-06      2.077e+00      1.189e-06   
      84             124         1.210e-03      5.562e-06      2.063e+00      1.182e-06   
      85             125         1.205e-03      5.493e-06      2.051e+00      1.185e-06   
      86             126         1.204e-03      8.286e-07      3.103e-01      1.020e-06   
      87             133         1.189e-03      1.490e-05      5.629e+00      4.814e-06   
      88             134         1.189e-03      5.503e-08      2.011e-02      1.537e-06   
      89             135         1.082e-03      1.071e-04      4.506e+01      2.266e-04   
      90             136         1.011e-03      7.055e-05      1.088e+02      1.991e-03   
      91             137         7.510e-04      2.604e-04      7.951e+01      7.916e-04   
      92             138         6.870e-04      6.398e-05      8.308e+01      1.171e-03   
      93             139         5.431e-04      1.439e-04      6.205e+01      5.375e-04   
      94             140         5.426e-04      5.063e-07      2.800e-01      5.266e-04   
      95             141         4.841e-04      5.846e-05      3.825e+01      2.438e-04   
      96             143         4.488e-04      3.528e-05      5.213e+01      4.192e-04   
      97             144         4.179e-04      3.095e-05      4.486e+01      1.602e-04   
      98             145         3.885e-04      2.941e-05      4.782e+01      1.071e-04   
      99             146         3.674e-04      2.101e-05      6.273e+01      2.081e-04   
      100            147         3.378e-04      2.962e-05      5.731e+01      3.250e-04   
      101            148         3.287e-04      9.169e-06      1.929e+00      4.431e-04   
      102            149         2.942e-04      3.447e-05      3.543e+01      9.903e-05   
      103            151         2.723e-04      2.192e-05      4.989e+01      2.184e-04   
      104            152         2.410e-04      3.127e-05      5.450e+01      2.379e-04   
      105            154         2.094e-04      3.159e-05      3.167e+01      3.564e-04   
      106            156         1.990e-04      1.038e-05      2.667e+01      8.917e-04   
      107            157         1.839e-04      1.510e-05      2.721e+01      9.617e-04   
      108            158         1.681e-04      1.585e-05      2.501e+01      9.409e-04   
      109            159         1.531e-04      1.496e-05      2.454e+01      8.630e-04   
      110            160         1.382e-04      1.495e-05      2.483e+01      7.534e-04   
      111            161         1.197e-04      1.846e-05      2.216e+01      5.636e-05   
      112            163         1.100e-04      9.710e-06      2.533e+01      8.047e-05   
      113            167         1.075e-04      2.528e-06      7.570e-01      5.414e-06   
      114            173         1.075e-04      9.381e-10      2.477e-04      3.904e-06   
      115            174         1.075e-04      2.497e-10      1.271e-04      1.121e-06   
      116            175         1.075e-04      1.273e-10      2.583e-04      1.063e-06   
      117            176         1.075e-04      2.338e-10      4.610e-04      7.398e-07   
      118            177         1.075e-04      7.053e-10      1.413e-03      1.139e-06   
      119            182         1.075e-04      1.399e-11      1.020e-05      4.528e-07   
      120            185         1.075e-04      7.048e-13      1.601e-06      9.430e-07   
      121            186         1.075e-04      7.252e-13      1.236e-06      4.284e-07   
      122            187         1.075e-04      6.990e-13      1.217e-06      4.216e-07   
      123            191         1.075e-04      6.512e-14      8.593e-08      4.186e-07   
      124            193         1.075e-04      4.031e-14      1.280e-07      9.382e-07   
      125            194         1.075e-04      7.022e-14      9.769e-08      4.167e-07   
      126            195         1.075e-04      9.023e-14      1.657e-07      4.162e-07   
      127            200         1.075e-04      5.312e-16      7.322e-10      4.162e-07   
Optimization terminated successfully.
`ftol` condition satisfied. (ftol=1.00e-10)
`xtol` condition satisfied. (xtol=1.00e-12)
         Current function value: 1.075e-04
         Max scaled gradient: 4.162e-07
         Total delta_x: 2.265e+00
         Iterations: 127
         Function evaluations: 200
         Jacobian evaluations: 128
{"tag": "final", "cost": 0.00010745649955683753, "cost_targets": 0.00010745326132220934, "cost_bounds": 3.238234628194299e-09, "max_dB": 0.0010637586650555071, "max_dG_rel": 0.005546490522167301, "iota": 0.3999522610961182, "eta": 0.7164000961284368, "hel": 0.0, "max_elong": 5.539726146129119, "axis_rc": [0.98443, 0.07644, 0.00434, 0.00023, -2e-05, -1e-05], "axis_zs": [0.0, -0.02355, -0.00041, 2e-05, 3e-05, 1e-05], "max_abs_Zaxis": 0.023584518808802166, "min_dpc": 0.12655497404799157, "min_dcc": 0.03999998041302452, "max_kappa": 11.881121304653592, "Lcoil": [3.375, 3.375, 3.375, 3.375], "I_over_uniform": [1.159, 1.431, 1.214, 0.192], "n_active_bounds": 16, "time_s": 97, "status": "Optimization terminated successfully.\n`ftol` condition satisfied. (ftol=1.00e-10)\n`xtol` condition satisfied. (xtol=1.00e-12)", "nit": 127, "optimality": 4.161578498533982e-07}
