ERROR:2026-10-09 13:14:44,025:jax._src.xla_bridge:487: Jax plugin configuration error: Exception when calling jax_plugins.xla_cuda12.initialize()
Traceback (most recent call last):
  File "/home/jay/miniconda3/envs/desc-dev/lib/python3.13/site-packages/jax/_src/xla_bridge.py", line 485, in discover_pjrt_plugins
    plugin_module.initialize()
    ~~~~~~~~~~~~~~~~~~~~~~~~^^
  File "/home/jay/miniconda3/envs/desc-dev/lib/python3.13/site-packages/jax_plugins/xla_cuda12/__init__.py", line 328, in initialize
    _check_cuda_versions(raise_on_first_error=True)
    ~~~~~~~~~~~~~~~~~~~~^^^^^^^^^^^^^^^^^^^^^^^^^^^
  File "/home/jay/miniconda3/envs/desc-dev/lib/python3.13/site-packages/jax_plugins/xla_cuda12/__init__.py", line 285, in _check_cuda_versions
    local_device_count = cuda_versions.cuda_device_count()
RuntimeError: jaxlib/cuda/versions_helpers.cc:113: operation cuInit(0) failed: CUDA_ERROR_NO_DEVICE
DESC /home/jay/Documents/desc_dev/DESC/desc
DEVICE requested=cpu obtained=cpu (1x cpu)
nfp 2 nc 4 mode z0 helicity 0.0 nparams 80 seed 2
{"tag": "init", "cost": 2.7082700495206815, "cost_targets": 2.708270049520682, "cost_bounds": 0.0, "max_dB": 0.15604924337815435, "max_dG_rel": 1.1639613222043064, "iota": 0.2304457766908804, "eta": 0.7131212666139409, "hel": 0.0, "max_elong": 2.972888275629151, "axis_rc": [1.0, 0.10639, 0.0, 0.0, 0.0, 0.0], "axis_zs": [0.0, -0.07388, 0.0, 0.0, 0.0, 0.0], "max_abs_Zaxis": 0.07382507744909415, "min_dpc": 0.1802318383296951, "min_dcc": 0.11690724753501944, "max_kappa": 9.447395382625256, "Lcoil": [3.079, 3.279, 3.213, 3.206], "I_over_uniform": [1.0, 1.0, 1.0, 1.0], "n_active_bounds": 0}
   Iteration     Total nfev        Cost      Cost reduction    Step norm     Optimality   
       0              1          2.708e+00                                    7.880e-02   
       1              2          8.832e-01      1.825e+00      1.613e+02      8.942e-03   
       2              3          5.144e-01      3.688e-01      1.428e+02      2.450e-03   
       3              5          4.515e-01      6.296e-02      1.120e+02      1.292e-03   
       4              8          4.358e-01      1.569e-02      3.583e+01      1.641e-03   
       5             10          4.185e-01      1.723e-02      4.746e+01      6.218e-03   
       6             11          4.064e-01      1.212e-02      3.050e+01      2.869e-04   
       7             12          3.825e-01      2.393e-02      7.849e+01      9.217e-04   
       8             13          3.708e-01      1.169e-02      1.761e+02      2.897e-02   
       9             14          3.636e-01      7.217e-03      1.435e+01      2.421e-02   
      10             16          3.290e-01      3.456e-02      4.627e+01      6.034e-04   
      11             17          3.158e-01      1.322e-02      1.157e+02      1.337e-02   
      12             20          3.132e-01      2.569e-03      1.277e+00      1.537e-02   
      13             21          3.016e-01      1.163e-02      1.514e+01      1.682e-04   
      14             22          2.929e-01      8.637e-03      4.374e+01      1.236e-03   
      15             23          2.750e-01      1.796e-02      1.230e+02      1.175e-02   
      16             24          2.716e-01      3.383e-03      2.511e+00      1.135e-02   
      17             25          2.531e-01      1.856e-02      8.173e+01      3.803e-03   
      18             26          2.322e-01      2.087e-02      2.269e+02      2.761e-02   
      19             27          1.638e-01      6.840e-02      2.244e+02      1.330e-02   
      20             28          1.420e-01      2.183e-02      4.824e+02      3.955e-02   
      21             34          1.040e-01      3.793e-02      1.736e+00      2.019e-02   
      22             35          9.219e-02      1.184e-02      9.655e-01      4.074e-03   
      23             36          8.728e-02      4.912e-03      1.440e+00      1.488e-03   
      24             37          7.938e-02      7.904e-03      3.286e+00      1.174e-03   
      25             38          6.828e-02      1.109e-02      6.357e+00      7.005e-04   
      26             39          5.949e-02      8.788e-03      8.867e+00      3.118e-04   
      27             40          5.531e-02      4.184e-03      1.076e+01      1.563e-04   
      28             41          5.091e-02      4.397e-03      2.166e+01      2.571e-04   
      29             42          4.343e-02      7.479e-03      4.883e+01      7.115e-04   
      30             43          3.175e-02      1.168e-02      1.012e+02      9.687e-04   
      31             44          2.116e-02      1.059e-02      1.711e+02      1.150e-03   
      32             45          1.441e-02      6.756e-03      1.570e+02      7.135e-04   
      33             46          1.264e-02      1.770e-03      2.225e+02      5.591e-04   
      34             47          9.779e-03      2.858e-03      4.552e+00      1.838e-04   
      35             50          9.403e-03      3.762e-04      5.020e+01      4.027e-04   
      36             51          8.391e-03      1.012e-03      4.584e+00      2.980e-04   
      37             52          7.722e-03      6.692e-04      3.456e+01      6.817e-05   
      38             53          6.389e-03      1.333e-03      8.745e+01      1.477e-04   
      39             54          4.663e-03      1.726e-03      1.830e+02      8.032e-04   
      40             61          4.648e-03      1.489e-05      1.225e-02      7.169e-04   
      41             62          4.623e-03      2.468e-05      2.659e-02      5.210e-04   
      42             63          4.596e-03      2.684e-05      4.568e-02      2.457e-04   
      43             64          4.567e-03      2.933e-05      8.859e-02      1.250e-04   
      44             65          4.509e-03      5.807e-05      2.232e-01      1.103e-04   
      45             66          4.410e-03      9.865e-05      4.771e-01      7.913e-05   
      46             67          4.322e-03      8.774e-05      6.960e-01      3.656e-05   
      47             68          4.278e-03      4.412e-05      8.654e-01      1.557e-05   
      48             69          4.231e-03      4.723e-05      1.731e+00      1.252e-05   
      49             70          4.183e-03      4.771e-05      3.104e+00      1.338e-05   
      50             71          4.074e-03      1.089e-04      8.376e+00      3.732e-05   
      51             72          3.839e-03      2.355e-04      2.088e+01      4.064e-05   
      52             73          3.408e-03      4.309e-04      4.834e+01      7.558e-05   
      53             74          2.752e-03      6.559e-04      1.132e+02      3.309e-04   
      54             76          2.468e-03      2.841e-04      6.685e+01      1.978e-04   
      55             77          2.315e-03      1.532e-04      2.343e+01      1.009e-04   
      56             80          2.157e-03      1.582e-04      8.516e+00      4.670e-06   
      57             81          2.051e-03      1.057e-04      2.123e+01      8.334e-06   
      58             82          2.037e-03      1.359e-05      2.814e+00      4.158e-06   
      59             83          1.692e-03      3.457e-04      1.278e+02      3.179e-04   
      60             86          1.532e-03      1.599e-04      1.706e+01      1.564e-05   
      61             87          1.439e-03      9.262e-05      4.172e+01      4.434e-05   
      62             88          1.326e-03      1.132e-04      4.401e+01      4.710e-05   
      63             90          1.296e-03      3.011e-05      4.927e+01      7.436e-05   
      64             92          1.283e-03      1.317e-05      2.229e+01      8.190e-05   
      65             93          1.217e-03      6.536e-05      1.506e+01      4.136e-05   
      66             94          1.203e-03      1.410e-05      5.864e-01      5.711e-05   
      67             95          1.187e-03      1.640e-05      1.534e+01      1.019e-05   
      68             96          1.170e-03      1.708e-05      2.653e+01      3.079e-05   
      69             98          1.158e-03      1.169e-05      1.371e+01      3.089e-05   
      70             99          1.144e-03      1.425e-05      1.184e+01      2.119e-05   
      71             100         1.134e-03      1.010e-05      1.099e+01      1.106e-05   
      72             105         1.133e-03      8.433e-07      6.382e-02      5.406e-06   
      73             106         1.133e-03      3.029e-07      7.002e-02      5.217e-07   
      74             107         1.133e-03      9.675e-08      1.321e-01      3.251e-07   
      75             108         1.132e-03      2.748e-07      3.917e-01      3.291e-07   
      76             109         1.132e-03      7.863e-07      1.141e+00      3.241e-07   
      77             110         1.129e-03      2.208e-06      3.306e+00      3.969e-07   
      78             111         1.129e-03      9.390e-08      1.401e-01      3.183e-07   
      79             112         1.117e-03      1.191e-05      2.848e+01      2.238e-05   
      80             113         1.116e-03      1.675e-06      1.072e-01      1.757e-05   
      81             116         1.111e-03      5.024e-06      3.427e+00      4.044e-06   
      82             117         1.107e-03      3.932e-06      6.810e+00      4.249e-06   
      83             118         1.100e-03      7.042e-06      1.216e+01      3.351e-06   
      84             120         1.094e-03      5.857e-06      1.842e+01      2.003e-05   
      85             123         1.088e-03      5.660e-06      2.972e+00      3.394e-06   
      86             124         1.084e-03      3.766e-06      7.215e+00      6.444e-06   
      87             125         1.079e-03      5.516e-06      9.311e+00      3.719e-06   
      88             126         1.079e-03      1.795e-07      9.565e-02      7.473e-07   
      89             129         1.073e-03      5.607e-06      1.046e+01      5.591e-06   
      90             130         1.073e-03      2.455e-07      4.230e-02      3.695e-06   
      91             132         1.068e-03      5.099e-06      1.146e+01      1.133e-05   
      92             133         1.067e-03      6.561e-07      4.782e-02      7.529e-06   
      93             135         1.063e-03      3.879e-06      7.134e+00      8.884e-06   
      94             136         1.058e-03      5.054e-06      7.446e+00      2.452e-06   
      95             137         1.046e-03      1.185e-05      2.162e+01      9.166e-06   
      96             140         1.042e-03      4.003e-06      7.144e+00      1.036e-05   
      97             141         1.041e-03      8.449e-07      7.201e-02      3.870e-06   
      98             142         1.036e-03      5.553e-06      9.070e+00      2.795e-06   
      99             145         1.034e-03      2.234e-06      3.480e+00      5.103e-07   
      100            146         1.027e-03      6.359e-06      1.016e+01      1.479e-06   
      101            147         1.011e-03      1.592e-05      2.987e+01      6.166e-04   
      102            153         1.009e-03      1.963e-06      7.163e-01      2.677e-05   
      103            154         1.009e-03      1.709e-07      9.400e-03      2.679e-06   
      104            155         1.009e-03      1.233e-07      2.109e-02      2.325e-06   
      105            156         1.009e-03      3.106e-07      5.856e-02      2.344e-06   
      106            157         1.008e-03      3.590e-07      8.180e-02      1.065e-06   
      107            158         1.008e-03      1.038e-07      1.052e-01      1.434e-06   
      108            159         1.008e-03      9.927e-08      8.812e-02      3.795e-07   
      109            160         1.008e-03      1.697e-07      2.280e-01      3.572e-07   
      110            161         1.008e-03      4.579e-07      6.582e-01      3.464e-07   
      111            162         1.006e-03      1.324e-06      1.941e+00      3.392e-07   
      112            163         1.002e-03      3.789e-06      5.661e+00      1.615e-05   
      113            169         1.002e-03      8.835e-10      1.171e-02      1.549e-06   
      114            170         1.002e-03      7.426e-10      4.505e-04      4.026e-07   
      115            171         1.002e-03      9.722e-10      1.041e-03      3.151e-07   
      116            172         1.002e-03      2.247e-09      2.745e-03      3.219e-07   
      117            173         1.002e-03      5.331e-09      7.402e-03      3.313e-07   
      118            174         1.002e-03      1.480e-08      2.168e-02      3.376e-07   
      119            175         1.002e-03      4.370e-08      6.448e-02      3.392e-07   
      120            179         1.002e-03      2.009e-10      3.021e-03      1.525e-05   
      121            180         1.002e-03      3.152e-09      1.999e-03      3.384e-07   
      122            181         1.002e-03      3.994e-09      5.952e-03      3.380e-07   
      123            182         1.002e-03      1.198e-08      1.785e-02      3.379e-07   
      124            183         1.002e-03      3.592e-08      5.355e-02      3.380e-07   
      125            184         1.002e-03      1.077e-07      1.606e-01      3.391e-07   
      126            185         1.002e-03      3.234e-07      4.824e-01      3.398e-07   
      127            186         1.001e-03      9.566e-07      1.454e+00      3.239e-07   
      128            187         9.981e-04      2.832e-06      4.241e+00      2.354e-06   
      129            188         9.897e-04      8.401e-06      1.256e+01      1.596e-05   
      130            189         9.649e-04      2.482e-05      3.680e+01      1.464e-04   
      131            191         9.262e-04      3.876e-05      5.577e+01      3.572e-04   
      132            194         9.098e-04      1.635e-05      2.230e+01      3.023e-05   
      133            198         9.076e-04      2.155e-06      8.551e-01      3.693e-07   
      134            203         9.076e-04      1.572e-09      2.499e-03      5.591e-06   
      135            204         9.076e-04      2.696e-09      2.914e-03      8.724e-07   
      136            206         9.076e-04      8.143e-10      4.351e-03      1.308e-05   
      137            207         9.076e-04      5.469e-09      3.796e-03      6.152e-07   
      138            208         9.076e-04      8.722e-09      1.129e-02      3.859e-07   
      139            209         9.076e-04      2.604e-08      3.384e-02      7.720e-07   
      140            210         9.076e-04      6.897e-11      8.307e-05      3.727e-07   
      141            211         9.074e-04      2.263e-07      2.990e-01      3.542e-06   
      142            212         9.067e-04      6.588e-07      8.841e-01      6.019e-07   
      143            217         9.067e-04      1.082e-09      2.592e-03      7.651e-06   
      144            218         9.067e-04      2.743e-09      2.598e-03      4.821e-07   
      145            219         9.067e-04      5.712e-09      7.710e-03      4.135e-07   
      146            220         9.067e-04      1.587e-08      2.311e-02      8.547e-06   
      147            221         9.066e-04      4.822e-08      6.388e-02      4.158e-07   
      148            222         9.065e-04      1.405e-07      1.912e-01      4.811e-07   
      149            223         9.061e-04      4.147e-07      5.679e-01      7.353e-07   
      150            224         9.061e-04      7.870e-11      9.067e-05      1.022e-06   
      151            225         9.049e-04      1.210e-06      1.683e+00      6.268e-07   
      152            226         9.049e-04      1.389e-10      1.421e-04      4.088e-07   
      153            227         9.001e-04      4.815e-06      7.003e+00      2.285e-06   
      154            228         9.001e-04      3.243e-09      2.218e-03      2.542e-06   
      155            229         8.867e-04      1.333e-05      1.975e+01      3.462e-06   
      156            230         8.528e-04      3.389e-05      5.510e+01      3.255e-05   
      157            234         8.486e-04      4.231e-06      3.254e+00      1.210e-06   
      158            235         8.429e-04      5.743e-06      8.702e+00      3.314e-06   
      159            236         8.269e-04      1.594e-05      2.422e+01      8.380e-06   
      160            238         8.164e-04      1.049e-05      3.620e+01      6.473e-05   
      161            244         8.110e-04      5.425e-06      1.166e-01      3.125e-05   
      162            245         8.087e-04      2.328e-06      5.796e-02      1.925e-05   
      163            246         8.061e-04      2.566e-06      9.851e-02      1.089e-05   
      164            247         8.050e-04      1.172e-06      9.576e-02      3.280e-06   
      165            248         8.047e-04      2.130e-07      6.771e-02      3.698e-06   
      166            249         8.046e-04      1.275e-07      1.279e-01      3.173e-07   
      167            250         8.043e-04      3.105e-07      3.602e-01      7.653e-07   
      168            251         8.035e-04      8.140e-07      1.011e+00      5.665e-07   
      169            252         8.017e-04      1.796e-06      2.756e+00      1.214e-04   
      170            253         7.984e-04      3.316e-06      4.486e+00      2.652e-06   
      171            254         7.982e-04      1.632e-07      1.418e-01      2.848e-06   
      172            255         7.878e-04      1.041e-05      1.860e+01      1.086e-05   
      173            256         7.868e-04      9.601e-07      7.216e-02      2.409e-05   
      174            258         7.794e-04      7.390e-06      1.518e+01      1.530e-05   
      175            259         7.794e-04      5.842e-10      3.981e-03      1.585e-05   
      176            260         7.717e-04      7.784e-06      8.212e+00      3.832e-06   
      177            261         7.566e-04      1.504e-05      2.273e+01      7.917e-06   
      178            262         7.566e-04      4.621e-09      5.076e-04      3.233e-06   
      179            264         7.067e-04      4.994e-05      8.984e+01      9.857e-05   
      180            268         6.967e-04      9.936e-06      5.263e+00      1.824e-06   
      181            269         6.874e-04      9.345e-06      1.403e+01      6.107e-06   
      182            270         6.630e-04      2.440e-05      3.860e+01      3.693e-05   
      183            271         6.625e-04      5.104e-07      1.281e-01      1.464e-05   
      184            274         6.532e-04      9.285e-06      1.585e+01      9.003e-06   
      185            275         6.532e-04      1.450e-08      1.547e-03      1.024e-05   
      186            276         6.384e-04      1.481e-05      2.762e+01      1.598e-05   
      187            278         6.346e-04      3.756e-06      1.957e+01      3.140e-05   
      188            284         6.322e-04      2.424e-06      4.593e-02      2.762e-05   
      189            285         6.283e-04      3.870e-06      8.968e-02      2.026e-05   
      190            286         6.248e-04      3.483e-06      1.294e-01      9.683e-06   
      191            287         6.238e-04      1.073e-06      9.959e-02      2.453e-06   
      192            291         6.238e-04      1.039e-09      4.156e-03      2.833e-05   
      193            292         6.237e-04      2.420e-08      2.322e-03      1.997e-06   
      194            293         6.237e-04      1.765e-08      5.413e-03      1.618e-06   
      195            294         6.237e-04      2.468e-08      1.043e-02      9.850e-07   
      196            295         6.237e-04      2.488e-08      1.823e-02      4.096e-07   
      197            296         6.236e-04      3.921e-08      4.253e-02      4.903e-07   
      198            297         6.236e-04      9.040e-08      1.142e-01      6.767e-07   
      199            298         6.233e-04      2.105e-07      3.034e-01      3.272e-07   
      200            299         6.228e-04      5.689e-07      8.915e-01      3.616e-05   
      201            300         6.210e-04      1.747e-06      2.641e+00      2.115e-06   
      202            301         6.163e-04      4.747e-06      7.605e+00      2.202e-06   
      203            302         6.162e-04      6.947e-08      4.936e-02      1.484e-06   
      204            303         6.010e-04      1.522e-05      2.478e+01      1.361e-05   
      205            304         5.733e-04      2.772e-05      6.709e+01      1.019e-04   
      206            305         5.704e-04      2.866e-06      6.334e-02      5.466e-05   
      207            308         5.585e-04      1.189e-05      1.171e+01      1.878e-05   
      208            309         5.478e-04      1.075e-05      1.095e+01      4.493e-06   
      209            310         5.299e-04      1.788e-05      3.055e+01      3.154e-05   
      210            311         5.045e-04      2.536e-05      8.027e+01      7.408e-04   
      211            312         4.554e-04      4.910e-05      7.362e+01      2.363e-04   
      212            316         4.430e-04      1.248e-05      2.872e+00      1.354e-06   
      213            317         4.386e-04      4.309e-06      7.534e+00      3.200e-06   
      214            320         4.370e-04      1.624e-06      2.774e+00      1.144e-06   
      215            322         4.348e-04      2.254e-06      4.082e+00      1.853e-06   
      216            323         4.348e-04      2.784e-09      4.242e-03      2.788e-07   
      217            328         4.347e-04      2.017e-08      3.659e-02      2.805e-07   
      218            329         4.347e-04      6.022e-08      1.096e-01      2.811e-07   
      219            330         4.345e-04      1.443e-07      3.285e-01      5.496e-05   
      220            331         4.343e-04      2.644e-07      4.172e-01      1.405e-06   
      221            336         4.343e-04      6.731e-10      1.230e-03      2.313e-06   
      222            337         4.343e-04      2.035e-09      3.675e-03      5.616e-07   
      223            338         4.343e-04      6.034e-09      1.102e-02      3.028e-07   
      224            341         4.343e-04      1.172e-09      4.144e-03      9.918e-06   
      225            342         4.343e-04      3.351e-09      4.142e-03      2.858e-07   
      226            344         4.343e-04      7.228e-10      6.215e-03      1.526e-05   
      227            345         4.343e-04      5.518e-09      5.223e-03      2.867e-07   
      228            346         4.342e-04      8.542e-09      1.561e-02      2.780e-07   
      229            349         4.342e-04      7.707e-10      5.870e-03      1.458e-05   
      230            350         4.342e-04      5.238e-09      5.144e-03      2.775e-07   
      231            353         4.342e-04      7.160e-10      1.929e-03      5.741e-06   
      232            354         4.342e-04      1.437e-09      2.017e-03      2.762e-07   
      233            355         4.342e-04      3.302e-09      6.035e-03      2.778e-07   
      234            358         4.342e-04      7.912e-10      2.269e-03      6.533e-06   
      235            359         4.342e-04      1.710e-09      2.315e-03      2.775e-07   
      236            360         4.342e-04      1.435e-10      6.945e-03      1.775e-05   
      237            361         4.342e-04      5.762e-09      3.899e-03      2.765e-07   
      238            363         4.342e-04      3.635e-10      5.819e-03      1.564e-05   
      239            364         4.342e-04      4.984e-09      3.995e-03      2.760e-07   
      240            366         4.342e-04      2.574e-10      5.976e-03      1.615e-05   
      241            367         4.342e-04      5.041e-09      3.752e-03      2.767e-07   
      242            369         4.342e-04      2.838e-10      5.606e-03      1.554e-05   
      243            370         4.342e-04      4.757e-09      3.648e-03      2.759e-07   
      244            372         4.342e-04      2.815e-10      5.453e-03      1.531e-05   
      245            373         4.342e-04      4.628e-09      3.564e-03      1.408e-06   
      246            374         4.342e-04      5.783e-09      1.063e-02      1.401e-06   
      247            377         4.342e-04      1.228e-09      3.997e-03      9.440e-06   
      248            378         4.342e-04      3.139e-09      3.998e-03      8.521e-07   
      249            381         4.342e-04      3.935e-10      1.510e-03      6.444e-06   
      250            382         4.342e-04      1.241e-09      1.508e-03      1.044e-06   
      251            383         4.342e-04      1.384e-09      4.497e-03      9.941e-06   
      252            384         4.342e-04      3.528e-09      4.498e-03      8.260e-07   
      253            387         4.342e-04      4.455e-10      1.697e-03      6.743e-06   
      254            388         4.342e-04      1.390e-09      1.696e-03      1.047e-06   
      255            389         4.342e-04      1.390e-09      4.925e-03      1.088e-05   
      256            390         4.342e-04      3.984e-09      4.919e-03      8.386e-07   
      257            393         4.342e-04      4.723e-10      1.855e-03      7.115e-06   
      258            394         4.342e-04      1.536e-09      1.853e-03      1.042e-06   
      259            395         4.342e-04      1.383e-09      5.197e-03      1.147e-05   
      260            396         4.342e-04      4.286e-09      5.191e-03      8.439e-07   
      261            399         4.342e-04      4.916e-10      1.956e-03      7.331e-06   
      262            400         4.342e-04      1.628e-09      1.954e-03      1.037e-06   
      263            401         4.342e-04      1.387e-09      5.253e-03      1.157e-05   
      264            402         4.342e-04      4.343e-09      5.246e-03      8.439e-07   
      265            405         4.342e-04      5.062e-10      1.977e-03      7.313e-06   
      266            406         4.342e-04      1.637e-09      1.976e-03      1.031e-06   
      267            407         4.342e-04      1.418e-09      5.006e-03      1.094e-05   
      268            408         4.342e-04      4.044e-09      5.000e-03      8.359e-07   
      269            411         4.342e-04      5.177e-10      1.885e-03      6.942e-06   
      270            412         4.342e-04      1.526e-09      1.886e-03      1.020e-06   
      271            413         4.342e-04      1.449e-09      4.364e-03      9.325e-06   
      272            414         4.342e-04      3.332e-09      4.393e-03      8.116e-07   
      273            417         4.342e-04      5.210e-10      1.657e-03      6.097e-06   
      274            418         4.342e-04      1.273e-09      1.659e-03      9.952e-07   
      275            419         4.341e-04      1.372e-09      3.351e-03      6.758e-06   
      276            420         4.341e-04      2.513e-09      3.752e-03      7.473e-07   
      277            423         4.341e-04      5.225e-10      1.417e-03      5.032e-06   
      278            424         4.341e-04      1.022e-09      1.448e-03      9.413e-07   
      279            425         4.341e-04      1.206e-09      2.562e-03      4.711e-06   
      280            426         4.341e-04      2.307e-09      3.845e-03      4.896e-07   
      281            428         4.341e-04      7.847e-10      5.780e-03      1.440e-05   
      282            429         4.341e-04      5.158e-09      5.124e-03      4.492e-07   
      283            431         4.341e-04      2.597e-11      7.678e-03      1.894e-05   
      284            432         4.341e-04      6.289e-09      3.939e-03      5.163e-07   
      285            435         4.341e-04      5.062e-10      1.474e-03      5.358e-06   
      286            436         4.341e-04      1.078e-09      1.488e-03      9.810e-07   
      287            437         4.341e-04      1.236e-09      2.623e-03      4.786e-06   
      288            438         4.341e-04      2.350e-09      3.912e-03      5.103e-07   
      289            440         4.341e-04      6.811e-10      5.881e-03      1.486e-05   
      290            441         4.341e-04      5.211e-09      4.935e-03      4.623e-07   
      291            443         4.341e-04      7.708e-11      7.392e-03      1.847e-05   
      292            444         4.341e-04      6.081e-09      3.937e-03      5.201e-07   
      293            447         4.341e-04      5.021e-10      1.474e-03      5.391e-06   
      294            448         4.341e-04      1.081e-09      1.486e-03      9.802e-07   
      295            449         4.341e-04      1.224e-09      2.610e-03      4.824e-06   
      296            450         4.341e-04      2.311e-09      3.832e-03      5.159e-07   
      297            452         4.341e-04      6.635e-10      5.761e-03      1.472e-05   
      298            453         4.341e-04      5.103e-09      4.825e-03      4.683e-07   
      299            455         4.341e-04      8.470e-11      7.227e-03      1.825e-05   
      300            456         4.341e-04      5.949e-09      3.876e-03      5.212e-07   
      301            459         4.341e-04      4.935e-10      1.451e-03      5.362e-06   
      302            460         4.341e-04      1.065e-09      1.463e-03      9.776e-07   
      303            461         4.341e-04      1.199e-09      2.547e-03      4.731e-06   
      304            462         4.341e-04      2.277e-09      3.789e-03      5.016e-07   
      305            464         4.341e-04      6.399e-10      5.697e-03      1.469e-05   
      306            465         4.341e-04      5.039e-09      4.730e-03      4.512e-07   
      307            467         4.341e-04      7.756e-11      7.083e-03      1.808e-05   
      308            468         4.341e-04      5.827e-09      3.784e-03      5.125e-07   
      309            471         4.341e-04      4.832e-10      1.417e-03      5.290e-06   
      310            472         4.341e-04      1.037e-09      1.429e-03      9.747e-07   
      311            473         4.341e-04      1.169e-09      2.463e-03      4.584e-06   
      312            474         4.341e-04      2.249e-09      3.765e-03      4.781e-07   
      313            476         4.341e-04      6.117e-10      5.661e-03      1.471e-05   
      314            477         4.341e-04      4.995e-09      4.637e-03      4.238e-07   
      315            479         4.341e-04      6.815e-11      6.943e-03      1.792e-05   
      316            480         4.341e-04      5.707e-09      3.688e-03      4.995e-07   
      317            483         4.341e-04      4.725e-10      1.380e-03      5.210e-06   
      318            484         4.341e-04      1.008e-09      1.393e-03      9.723e-07   
      319            485         4.341e-04      1.139e-09      2.384e-03      4.445e-06   
      320            486         4.341e-04      2.223e-09      3.742e-03      4.551e-07   
      321            488         4.341e-04      5.833e-10      5.626e-03      1.473e-05   
      322            489         4.341e-04      4.952e-09      4.542e-03      3.975e-07   
      323            491         4.341e-04      6.326e-11      6.800e-03      1.775e-05   
      324            492         4.340e-04      5.588e-09      3.603e-03      3.581e-07   
      325            494         4.340e-04      4.123e-10      5.365e-03      1.481e-05   
      326            495         4.340e-04      4.638e-09      3.919e-03      3.912e-07   
      327            497         4.340e-04      3.410e-10      5.859e-03      1.575e-05   
      328            498         4.340e-04      4.992e-09      3.949e-03      3.408e-07   
      329            500         4.340e-04      7.607e-11      5.903e-03      1.651e-05   
      330            501         4.340e-04      4.862e-09      3.191e-03      3.451e-07   
      331            503         4.340e-04      5.788e-10      4.746e-03      1.329e-05   
      332            504         4.340e-04      4.212e-09      4.056e-03      2.824e-07   
      333            507         4.340e-04      6.226e-10      1.520e-03      4.629e-06   
      334            508         4.340e-04      1.144e-09      1.722e-03      3.076e-07   
      335            509         4.340e-04      3.975e-10      5.168e-03      1.454e-05   
      336            510         4.340e-04      4.467e-09      3.775e-03      2.848e-07   
      337            513         4.340e-04      5.614e-10      1.413e-03      4.651e-06   
      338            514         4.340e-04      1.052e-09      1.550e-03      3.142e-07   
      339            515         4.340e-04      4.692e-10      4.648e-03      1.346e-05   
      340            516         4.340e-04      4.082e-09      3.717e-03      2.840e-07   
      341            519         4.340e-04      5.271e-10      1.392e-03      4.864e-06   
      342            520         4.340e-04      1.032e-09      1.471e-03      3.092e-07   
      343            521         4.340e-04      2.403e-09      4.397e-03      2.769e-07   
      344            524         4.340e-04      6.007e-10      1.655e-03      5.459e-06   
      345            525         4.340e-04      1.233e-09      1.712e-03      2.763e-07   
      346            526         4.340e-04      2.798e-09      5.120e-03      2.768e-07   
      347            529         4.340e-04      6.235e-10      1.927e-03      6.387e-06   
      348            530         4.340e-04      1.481e-09      1.938e-03      2.764e-07   
      349            531         4.340e-04      3.165e-09      5.794e-03      2.769e-07   
      350            534         4.340e-04      6.231e-10      2.181e-03      7.269e-06   
      351            535         4.340e-04      1.751e-09      2.180e-03      2.764e-07   
      352            537         4.340e-04      5.319e-10      3.271e-03      1.057e-05   
      353            538         4.340e-04      2.917e-09      3.065e-03      2.758e-07   
      354            540         4.340e-04      1.334e-10      4.596e-03      1.439e-05   
      355            541         4.340e-04      3.828e-09      2.697e-03      2.758e-07   
      356            543         4.340e-04      2.193e-10      4.020e-03      1.316e-05   
      357            544         4.340e-04      3.415e-09      2.667e-03      2.748e-07   
      358            546         4.340e-04      2.020e-10      3.983e-03      1.315e-05   
      359            547         4.340e-04      3.370e-09      2.596e-03      1.376e-06   
      360            548         4.340e-04      4.191e-09      7.724e-03      1.382e-06   
      361            551         4.340e-04      9.475e-10      2.907e-03      7.859e-06   
      362            552         4.340e-04      2.233e-09      2.918e-03      7.960e-07   
      363            555         4.340e-04      2.944e-10      1.107e-03      5.549e-06   
      364            556         4.340e-04      8.943e-10      1.104e-03      1.004e-06   
      365            557         4.340e-04      1.046e-09      2.717e-03      6.612e-06   
      366            558         4.340e-04      2.011e-09      2.875e-03      7.300e-07   
      367            561         4.340e-04      3.362e-10      1.090e-03      5.080e-06   
      368            562         4.340e-04      8.289e-10      1.088e-03      9.933e-07   
      369            563         4.340e-04      9.977e-10      2.311e-03      5.333e-06   
      370            564         4.340e-04      1.785e-09      2.769e-03      6.722e-07   
      371            566         4.340e-04      2.270e-11      4.165e-03      1.387e-05   
      372            567         4.340e-04      3.392e-09      2.176e-03      9.989e-07   
      373            568         4.340e-04      3.987e-10      6.428e-03      1.648e-05   
      374            569         4.340e-04      5.484e-09      4.394e-03      8.262e-07   
      375            572         4.340e-04      3.473e-10      1.655e-03      7.223e-06   
      376            573         4.340e-04      1.426e-09      1.622e-03      9.988e-07   
      377            574         4.340e-04      1.126e-09      4.080e-03      1.005e-05   
      378            575         4.340e-04      3.318e-09      4.074e-03      8.074e-07   
      379            578         4.340e-04      3.880e-10      1.539e-03      6.551e-06   
      380            579         4.340e-04      1.271e-09      1.536e-03      1.001e-06   
      381            580         4.339e-04      1.163e-09      3.501e-03      8.408e-06   
      382            581         4.339e-04      2.668e-09      3.522e-03      7.782e-07   
      383            584         4.339e-04      3.997e-10      1.332e-03      5.666e-06   
      384            585         4.339e-04      1.034e-09      1.331e-03      9.755e-07   
      385            586         4.339e-04      1.094e-09      2.615e-03      5.880e-06   
      386            587         4.339e-04      1.976e-09      2.998e-03      6.990e-07   
      387            590         4.339e-04      4.107e-10      1.135e-03      4.623e-06   
      388            591         4.339e-04      8.142e-10      1.152e-03      9.192e-07   
      389            592         4.339e-04      9.468e-10      1.964e-03      3.985e-06   
      390            593         4.339e-04      1.896e-09      3.222e-03      3.767e-07   
      391            595         4.339e-04      5.772e-10      4.847e-03      1.346e-05   
      392            596         4.339e-04      4.294e-09      4.109e-03      3.247e-07   
      393            599         4.339e-04      6.930e-10      1.539e-03      4.014e-06   
      394            600         4.339e-04      1.280e-09      2.084e-03      2.780e-07   
      395            602         4.339e-04      8.463e-10      3.131e-03      8.854e-06   
      396            603         4.339e-04      2.561e-09      3.131e-03      2.740e-07   
      397            605         4.339e-04      5.305e-10      4.696e-03      1.335e-05   
      398            606         4.339e-04      4.148e-09      3.908e-03      2.771e-07   
      399            609         4.339e-04      6.177e-10      1.464e-03      4.368e-06   
      400            610         4.339e-04      1.121e-09      1.730e-03      2.738e-07   
Warning: Maximum number of iterations has been exceeded.
         Current function value: 4.339e-04
         Max scaled gradient: 2.738e-07
         Total delta_x: 2.431e+00
         Iterations: 400
         Function evaluations: 610
         Jacobian evaluations: 401
{"tag": "final", "cost": 0.00043392146039440753, "cost_targets": 0.0004338557873458293, "cost_bounds": 6.567304857814515e-08, "max_dB": 0.0017364717018475298, "max_dG_rel": 0.010529529971803571, "iota": 0.41985585683900223, "eta": 0.771300712330095, "hel": 0.0, "max_elong": 4.680767178142242, "axis_rc": [0.93736, 0.21616, 0.02245, -1e-05, -0.00035, -1e-05], "axis_zs": [0.0, -0.0858, -0.00813, 4e-05, 9e-05, -2e-05], "max_abs_Zaxis": 0.08736986965059194, "min_dpc": 0.14779490350161756, "min_dcc": 0.03999997647439896, "max_kappa": 10.173660498872456, "Lcoil": [3.941, 3.941, 3.941, 3.634], "I_over_uniform": [1.134, 1.116, 1.14, 0.585], "n_active_bounds": 12, "time_s": 212, "status": "Maximum number of iterations has been exceeded.", "nit": 400, "optimality": 2.737749993271292e-07}
