ERROR:2026-10-09 14:13:09,476:jax._src.xla_bridge:487: Jax plugin configuration error: Exception when calling jax_plugins.xla_cuda12.initialize()
Traceback (most recent call last):
  File "/home/jay/miniconda3/envs/desc-dev/lib/python3.13/site-packages/jax/_src/xla_bridge.py", line 485, in discover_pjrt_plugins
    plugin_module.initialize()
    ~~~~~~~~~~~~~~~~~~~~~~~~^^
  File "/home/jay/miniconda3/envs/desc-dev/lib/python3.13/site-packages/jax_plugins/xla_cuda12/__init__.py", line 328, in initialize
    _check_cuda_versions(raise_on_first_error=True)
    ~~~~~~~~~~~~~~~~~~~~^^^^^^^^^^^^^^^^^^^^^^^^^^^
  File "/home/jay/miniconda3/envs/desc-dev/lib/python3.13/site-packages/jax_plugins/xla_cuda12/__init__.py", line 285, in _check_cuda_versions
    local_device_count = cuda_versions.cuda_device_count()
RuntimeError: jaxlib/cuda/versions_helpers.cc:113: operation cuInit(0) failed: CUDA_ERROR_NO_DEVICE
DESC /home/jay/Documents/desc_dev/DESC/desc
DEVICE requested=cpu obtained=cpu (1x cpu)
nfp 4 nc 4 mode z0 helicity -1.0 nparams 80 seed 0
{"tag": "init", "cost": 83.98919171550327, "cost_targets": 23.67519491515599, "cost_bounds": 60.313996800347276, "max_dB": 0.3761339736071921, "max_dG_rel": 1.0358787747681426, "iota": 1.358588312890469, "eta": 1.159334582978747, "hel": -1.0, "max_elong": 4.938233478993427, "axis_rc": [1.0, 0.13124, 0.0, 0.0, 0.0, 0.0], "axis_zs": [0.0, -0.07158, 0.0, 0.0, 0.0, 0.0], "max_abs_Zaxis": 0.07153040818542615, "min_dpc": 0.06568891540409866, "min_dcc": 0.06611877335337525, "max_kappa": 16.157724544141203, "Lcoil": [2.488, 2.757, 2.838, 2.502], "I_over_uniform": [1.0, 1.0, 1.0, 1.0], "n_active_bounds": 21}
   Iteration     Total nfev        Cost      Cost reduction    Step norm     Optimality   
       0              1          8.399e+01                                    3.153e+00   
       1              4          1.212e+01      7.187e+01      8.110e+01      3.469e-01   
       2              5          7.535e+00      4.586e+00      5.278e+01      5.441e-02   
       3              6          5.999e+00      1.535e+00      8.263e+01      1.975e-02   
       4              8          5.113e+00      8.863e-01      9.036e+01      1.642e-02   
       5             11          5.090e+00      2.329e-02      1.624e+01      2.311e-02   
       6             12          4.792e+00      2.975e-01      2.201e+01      4.023e-03   
       7             13          4.534e+00      2.585e-01      5.946e+01      1.714e-01   
       8             17          4.425e+00      1.093e-01      1.012e+01      1.740e-01   
       9             18          4.373e+00      5.173e-02      1.283e+00      9.848e-03   
      10             19          4.347e+00      2.548e-02      2.065e+00      4.817e-03   
      11             20          4.306e+00      4.137e-02      4.964e+00      2.678e-03   
      12             21          4.208e+00      9.850e-02      1.357e+01      2.805e-03   
      13             22          3.958e+00      2.490e-01      3.663e+01      7.386e-03   
      14             23          3.351e+00      6.076e-01      9.368e+01      1.669e-02   
      15             24          2.580e+00      7.710e-01      1.882e+02      7.250e-02   
      16             25          1.768e+00      8.114e-01      1.910e+02      1.751e-02   
      17             26          1.036e+00      7.321e-01      3.441e+02      2.628e-02   
      18             28          6.488e-01      3.876e-01      3.305e+02      3.417e-02   
      19             30          5.103e-01      1.385e-01      1.809e+02      7.372e-02   
      20             31          2.462e-01      2.641e-01      1.384e+02      3.034e-02   
      21             32          1.645e-01      8.171e-02      1.726e+02      1.661e-02   
      22             33          1.074e-01      5.708e-02      1.048e+02      2.344e-02   
      23             34          9.365e-02      1.376e-02      4.000e+00      9.438e-03   
      24             36          9.181e-02      1.842e-03      4.930e+01      1.006e-02   
      25             38          8.918e-02      2.625e-03      2.271e+01      1.684e-02   
      26             39          7.427e-02      1.491e-02      1.353e+01      4.801e-04   
      27             43          7.409e-02      1.776e-04      7.454e-01      8.232e-04   
      28             44          7.389e-02      1.992e-04      1.154e+00      8.310e-04   
      29             45          7.374e-02      1.481e-04      9.290e-01      4.781e-04   
      30             48          7.366e-02      8.778e-05      8.798e-01      1.686e-03   
      31             49          7.346e-02      1.948e-04      8.409e-01      2.523e-04   
      32             50          7.346e-02      7.080e-06      1.356e+00      2.430e-03   
      33             51          7.311e-02      3.417e-04      7.619e-01      2.266e-04   
      34             53          7.310e-02      1.445e-05      5.165e-01      1.474e-03   
      35             54          7.296e-02      1.375e-04      3.789e-01      2.821e-04   
      36             55          7.290e-02      6.003e-05      5.425e-01      9.747e-04   
      37             56          7.278e-02      1.238e-04      5.324e-01      3.161e-04   
      38             57          7.275e-02      2.740e-05      1.335e+00      2.255e-03   
      39             58          7.241e-02      3.386e-04      9.127e-01      1.126e-03   
      40             59          7.230e-02      1.162e-04      2.481e+00      3.018e-03   
      41             60          7.156e-02      7.395e-04      2.199e+00      8.693e-05   
      42             63          7.147e-02      8.468e-05      8.387e-01      1.330e-03   
      43             64          7.125e-02      2.186e-04      8.286e-01      1.365e-04   
      44             66          7.122e-02      2.906e-05      1.303e+00      2.147e-03   
      45             67          7.094e-02      2.872e-04      8.567e-01      3.371e-04   
      46             70          7.089e-02      5.035e-05      1.543e-01      6.215e-04   
      47             71          7.085e-02      3.126e-05      2.180e-01      5.573e-04   
      48             72          7.082e-02      3.786e-05      2.278e-01      6.961e-04   
      49             73          7.077e-02      4.407e-05      2.974e-01      3.294e-04   
      50             76          7.076e-02      1.040e-05      5.359e-02      6.854e-04   
      51             77          7.075e-02      1.059e-05      4.172e-02      2.937e-04   
      52             78          7.075e-02      4.805e-06      4.768e-02      5.721e-04   
      53             79          7.073e-02      1.237e-05      4.717e-02      1.688e-04   
      54             80          7.071e-02      2.034e-05      1.293e-01      2.235e-04   
      55             81          7.066e-02      5.018e-05      2.983e-01      9.878e-05   
      56             83          7.064e-02      2.301e-05      4.699e-01      1.143e-03   
      57             84          7.053e-02      1.154e-04      4.202e-01      1.295e-04   
      58             85          7.044e-02      8.623e-05      1.260e+00      2.699e-03   
      59             86          7.014e-02      2.958e-04      1.304e+00      3.329e-04   
      60             87          6.987e-02      2.696e-04      1.654e+00      1.038e-03   
      61             88          6.942e-02      4.533e-04      2.659e+00      3.349e-04   
      62             89          6.908e-02      3.382e-04      2.836e+00      2.130e-03   
      63             90          6.848e-02      6.047e-04      2.771e+00      8.008e-04   
      64             94          6.842e-02      6.230e-05      8.606e-02      1.275e-04   
      65             95          6.838e-02      3.782e-05      1.628e-01      9.557e-05   
      66             96          6.830e-02      8.269e-05      4.508e-01      3.052e-04   
      67             97          6.806e-02      2.379e-04      1.286e+00      2.358e-04   
      68             98          6.796e-02      9.243e-05      5.069e-01      2.328e-04   
      69             102         6.794e-02      2.663e-05      1.952e-01      5.227e-04   
      70             103         6.789e-02      4.360e-05      1.917e-01      2.087e-04   
      71             104         6.782e-02      7.686e-05      5.840e-01      9.336e-04   
      72             105         6.769e-02      1.274e-04      5.760e-01      1.829e-04   
      73             106         6.738e-02      3.149e-04      1.722e+00      2.054e-04   
      74             107         6.647e-02      9.091e-04      5.068e+00      2.774e-04   
      75             108         6.430e-02      2.165e-03      1.320e+01      2.414e-04   
      76             109         6.195e-02      2.354e-03      3.188e+01      3.189e-03   
      77             110         6.025e-02      1.699e-03      2.103e+00      4.255e-03   
      78             113         6.018e-02      6.425e-05      1.373e+01      9.083e-03   
      79             114         5.768e-02      2.500e-03      1.873e+00      1.235e-03   
      80             115         5.705e-02      6.326e-04      5.699e+00      3.958e-03   
      81             116         5.625e-02      8.068e-04      5.196e+00      1.569e-03   
      82             117         5.504e-02      1.201e-03      4.889e+00      2.215e-04   
      83             118         5.321e-02      1.838e-03      1.420e+01      2.143e-04   
      84             119         4.901e-02      4.199e-03      3.554e+01      2.311e-04   
      85             120         4.826e-02      7.503e-04      3.046e+00      1.592e-04   
      86             121         4.099e-02      7.271e-03      1.579e+02      2.666e-03   
      87             123         3.457e-02      6.413e-03      7.646e+01      6.751e-04   
      88             125         3.126e-02      3.318e-03      5.374e+01      2.435e-04   
      89             128         3.021e-02      1.050e-03      1.825e+01      1.814e-04   
      90             132         3.018e-02      2.448e-05      8.608e-01      7.587e-04   
      91             133         3.015e-02      2.814e-05      4.383e-01      4.638e-04   
      92             134         3.012e-02      3.439e-05      8.000e-01      3.772e-05   
      93             135         3.004e-02      7.615e-05      2.351e+00      2.522e-05   
      94             136         2.983e-02      2.156e-04      6.832e+00      7.005e-05   
      95             137         2.927e-02      5.531e-04      1.863e+01      1.032e-04   
      96             138         2.807e-02      1.201e-03      4.646e+01      1.749e-04   
      97             140         2.679e-02      1.285e-03      5.895e+01      1.483e-03   
      98             142         2.572e-02      1.071e-03      6.182e+01      2.799e-03   
      99             147         2.547e-02      2.451e-04      3.497e-01      3.351e-04   
      100            148         2.545e-02      2.119e-05      4.796e-01      3.055e-05   
      101            149         2.542e-02      2.579e-05      1.095e+00      2.091e-05   
      102            150         2.537e-02      5.391e-05      2.742e+00      2.168e-05   
      103            151         2.523e-02      1.362e-04      7.565e+00      3.480e-05   
      104            152         2.492e-02      3.190e-04      1.936e+01      9.164e-05   
      105            153         2.414e-02      7.736e-04      5.281e+01      2.730e-04   
      106            155         2.398e-02      1.588e-04      6.934e+01      1.833e-03   
      107            159         2.341e-02      5.687e-04      2.742e+00      3.678e-03   
      108            160         2.269e-02      7.252e-04      1.262e+00      7.529e-05   
      109            161         2.265e-02      4.217e-05      2.793e+00      4.038e-05   
      110            162         2.255e-02      9.803e-05      7.338e+00      5.692e-05   
      111            167         2.255e-02      7.173e-07      3.927e-02      1.230e-04   
      112            169         2.255e-02      6.750e-08      2.037e-02      1.136e-04   
      113            170         2.255e-02      8.467e-07      9.771e-03      8.173e-06   
      114            171         2.255e-02      2.683e-07      1.827e-02      5.025e-06   
      115            172         2.255e-02      6.611e-07      5.210e-02      8.262e-06   
      116            173         2.254e-02      2.006e-06      1.559e-01      5.247e-06   
      117            174         2.254e-02      5.940e-06      4.665e-01      1.428e-05   
      118            175         2.252e-02      1.787e-05      1.397e+00      2.329e-05   
      119            176         2.252e-02      3.617e-08      1.435e-03      1.773e-05   
      120            177         2.237e-02      1.545e-04      1.214e+01      7.944e-05   
      121            178         2.195e-02      4.145e-04      3.132e+01      8.876e-05   
      122            179         2.117e-02      7.801e-04      7.327e+01      2.311e-04   
      123            182         2.058e-02      5.894e-04      3.250e+01      8.435e-05   
      124            183         2.023e-02      3.561e-04      6.270e+01      1.591e-03   
      125            184         2.002e-02      2.049e-04      2.711e+01      1.447e-04   
      126            185         1.954e-02      4.779e-04      3.656e+01      2.041e-04   
      127            186         1.925e-02      2.883e-04      4.327e+01      3.445e-04   
      128            187         1.877e-02      4.825e-04      3.994e+01      4.834e-04   
      129            189         1.843e-02      3.400e-04      4.906e+01      7.291e-04   
      130            190         1.830e-02      1.300e-04      5.842e+01      2.560e-03   
      131            193         1.804e-02      2.638e-04      9.304e+00      6.894e-04   
      132            194         1.794e-02      1.015e-04      8.795e+00      5.617e-04   
      133            196         1.790e-02      3.998e-05      4.970e+00      3.876e-04   
      134            197         1.786e-02      3.287e-05      5.921e-01      4.844e-05   
      135            200         1.786e-02      6.754e-06      9.094e-01      2.745e-05   
      136            203         1.786e-02      1.421e-06      3.415e-01      5.429e-05   
      137            204         1.785e-02      1.892e-06      2.874e-01      2.386e-05   
      138            205         1.785e-02      2.273e-07      3.136e-02      1.461e-05   
      139            208         1.785e-02      2.198e-07      5.325e-02      5.004e-05   
      140            209         1.785e-02      3.074e-07      4.235e-02      1.710e-05   
      141            210         1.785e-02      1.610e-07      2.451e-02      1.363e-05   
      142            214         1.785e-02      3.504e-08      4.118e-03      1.116e-05   
      143            215         1.785e-02      2.438e-08      2.637e-03      3.208e-06   
      144            217         1.785e-02      1.605e-08      4.132e-03      4.926e-05   
      145            218         1.785e-02      2.463e-08      3.469e-03      7.991e-06   
      146            219         1.785e-02      2.029e-08      3.524e-03      8.117e-06   
      147            220         1.785e-02      2.269e-08      3.392e-03      8.002e-06   
      148            224         1.785e-02      3.603e-09      3.059e-04      5.250e-06   
      149            226         1.785e-02      2.434e-09      4.055e-04      4.539e-05   
      150            230         1.785e-02      1.382e-09      4.428e-05      5.327e-06   
      151            231         1.785e-02      4.926e-11      5.131e-06      5.286e-06   
      152            232         1.785e-02      2.022e-10      2.003e-05      4.982e-06   
      153            235         1.785e-02      2.950e-11      7.452e-06      4.447e-05   
      154            238         1.785e-02      4.323e-12      6.210e-06      5.070e-06   
      155            239         1.785e-02      3.901e-12      3.982e-07      5.066e-06   
      156            240         1.785e-02      1.451e-11      1.446e-06      5.043e-06   
      157            241         1.785e-02      4.317e-11      4.317e-06      4.977e-06   
      158            244         1.785e-02      1.520e-11      1.616e-06      4.440e-05   
      159            249         1.785e-02      7.017e-13      3.176e-08      4.954e-06   
Optimization terminated successfully.
`ftol` condition satisfied. (ftol=1.00e-10)
         Current function value: 1.785e-02
         Max scaled gradient: 4.954e-06
         Total delta_x: 1.769e+00
         Iterations: 159
         Function evaluations: 249
         Jacobian evaluations: 160
{"tag": "final", "cost": 0.017853288906253262, "cost_targets": 0.01782505084214492, "cost_bounds": 2.8238064108341333e-05, "max_dB": 0.027531567878358882, "max_dG_rel": 0.04976722079491127, "iota": 1.1918713051076923, "eta": 1.0610293961178774, "hel": -1.0, "max_elong": 6.000917025773415, "axis_rc": [0.99053, 0.11757, 0.00887, -0.00013, -0.00011, -1e-05], "axis_zs": [0.0, -0.07706, -0.00275, 0.00032, 0.00012, 1e-05], "max_abs_Zaxis": 0.07754418071978815, "min_dpc": 0.10971835214966738, "min_dcc": 0.039997223468184274, "max_kappa": 13.706123072763884, "Lcoil": [2.927, 2.928, 2.538, 2.6], "I_over_uniform": [2.0, 1.87, 0.02, 0.415], "n_active_bounds": 35, "time_s": 107, "status": "Optimization terminated successfully.\n`ftol` condition satisfied. (ftol=1.00e-10)", "nit": 159, "optimality": 4.9541069443880736e-06}
