ERROR:2026-10-09 13:20:19,580:jax._src.xla_bridge:487: Jax plugin configuration error: Exception when calling jax_plugins.xla_cuda12.initialize()
Traceback (most recent call last):
  File "/home/jay/miniconda3/envs/desc-dev/lib/python3.13/site-packages/jax/_src/xla_bridge.py", line 485, in discover_pjrt_plugins
    plugin_module.initialize()
    ~~~~~~~~~~~~~~~~~~~~~~~~^^
  File "/home/jay/miniconda3/envs/desc-dev/lib/python3.13/site-packages/jax_plugins/xla_cuda12/__init__.py", line 328, in initialize
    _check_cuda_versions(raise_on_first_error=True)
    ~~~~~~~~~~~~~~~~~~~~^^^^^^^^^^^^^^^^^^^^^^^^^^^
  File "/home/jay/miniconda3/envs/desc-dev/lib/python3.13/site-packages/jax_plugins/xla_cuda12/__init__.py", line 285, in _check_cuda_versions
    local_device_count = cuda_versions.cuda_device_count()
RuntimeError: jaxlib/cuda/versions_helpers.cc:113: operation cuInit(0) failed: CUDA_ERROR_NO_DEVICE
DESC /home/jay/Documents/desc_dev/DESC/desc
DEVICE requested=cpu obtained=cpu (1x cpu)
nfp 3 nc 4 mode z0 helicity 0.0 nparams 80 seed 2
{"tag": "init", "cost": 1.7910438121864718, "cost_targets": 1.791043812186472, "cost_bounds": 0.0, "max_dB": 0.08402415336277914, "max_dG_rel": 0.735926142124974, "iota": 0.2095479713681958, "eta": 1.0696818999209114, "hel": 0.0, "max_elong": 2.4148399287053985, "axis_rc": [1.0, 0.03546, 0.0, 0.0, 0.0, 0.0], "axis_zs": [0.0, -0.02955, 0.0, 0.0, 0.0, 0.0], "max_abs_Zaxis": 0.029530030979637658, "min_dpc": 0.14711203212604054, "min_dcc": 0.09846197991780227, "max_kappa": 10.267532570470737, "Lcoil": [2.471, 2.646, 2.641, 2.797], "I_over_uniform": [1.0, 1.0, 1.0, 1.0], "n_active_bounds": 0}
   Iteration     Total nfev        Cost      Cost reduction    Step norm     Optimality   
       0              1          1.791e+00                                    2.353e-02   
       1              2          6.818e-01      1.109e+00      1.325e+02      9.157e-02   
       2              4          4.601e-01      2.217e-01      8.157e+01      2.441e-03   
       3              7          4.344e-01      2.575e-02      2.627e+01      6.924e-04   
       4              8          3.854e-01      4.900e-02      6.005e+01      1.579e-03   
       5              9          3.171e-01      6.827e-02      1.301e+02      1.535e-02   
       6             10          2.927e-01      2.435e-02      1.737e+02      1.039e-02   
       7             11          2.426e-01      5.010e-02      2.135e+01      2.775e-03   
       8             12          2.047e-01      3.799e-02      1.127e+02      4.125e-03   
       9             13          1.441e-01      6.059e-02      2.762e+02      7.416e-03   
      10             14          7.413e-02      6.994e-02      3.251e+02      7.116e-03   
      11             17          5.152e-02      2.261e-02      1.138e+02      8.868e-03   
      12             18          3.040e-02      2.113e-02      1.043e+02      9.428e-04   
      13             19          1.714e-02      1.325e-02      1.430e+02      3.549e-03   
      14             20          8.788e-03      8.357e-03      1.339e+02      5.048e-04   
      15             21          6.383e-03      2.405e-03      1.579e+02      2.807e-03   
      16             22          3.431e-03      2.952e-03      1.023e+02      3.270e-04   
      17             23          2.349e-03      1.081e-03      8.514e+01      3.972e-04   
      18             24          1.598e-03      7.517e-04      6.784e+01      1.391e-04   
      19             25          1.577e-03      2.103e-05      2.486e+00      2.846e-04   
      20             26          1.256e-03      3.208e-04      3.600e+01      7.076e-04   
      21             27          1.004e-03      2.521e-04      7.465e+01      3.290e-04   
      22             28          7.382e-04      2.654e-04      6.060e+01      2.093e-04   
      23             35          7.371e-04      1.079e-06      3.369e-03      1.316e-04   
      24             36          7.356e-04      1.541e-06      7.036e-03      7.880e-05   
      25             37          7.325e-04      3.132e-06      1.816e-02      7.626e-05   
      26             38          7.250e-04      7.439e-06      4.820e-02      6.945e-05   
      27             39          7.107e-04      1.431e-05      1.114e-01      5.373e-05   
      28             40          6.947e-04      1.600e-05      1.839e-01      2.890e-05   
      29             41          6.882e-04      6.557e-06      1.677e-01      8.423e-06   
      30             42          6.868e-04      1.318e-06      1.442e-01      2.087e-06   
      31             43          6.855e-04      1.307e-06      3.117e-01      1.999e-06   
      32             44          6.830e-04      2.548e-06      7.606e-01      1.743e-06   
      33             49          6.830e-04      5.836e-09      2.234e-03      4.806e-06   
      34             50          6.830e-04      1.031e-08      3.001e-03      2.533e-06   
      35             51          6.830e-04      2.791e-08      8.939e-03      1.743e-06   
      36             52          6.829e-04      8.328e-08      2.678e-02      1.743e-06   
      37             53          6.826e-04      2.489e-07      8.017e-02      1.743e-06   
      38             54          6.823e-04      3.339e-07      2.395e-01      1.245e-04   
      39             55          6.811e-04      1.137e-06      2.377e-01      1.735e-06   
      40             56          6.790e-04      2.170e-06      7.095e-01      1.720e-06   
      41             57          6.726e-04      6.389e-06      2.106e+00      2.189e-06   
      42             58          6.726e-04      5.863e-10      1.741e-04      1.685e-06   
      43             59          6.466e-04      2.594e-05      8.773e+00      1.344e-05   
      44             60          6.466e-04      1.146e-08      6.622e-04      7.463e-06   
      45             61          5.514e-04      9.529e-05      3.920e+01      7.893e-05   
      46             62          5.510e-04      3.485e-07      4.872e-03      3.075e-05   
      47             63          4.674e-04      8.356e-05      6.142e+01      3.841e-04   
      48             64          4.515e-04      1.595e-05      8.906e-02      1.181e-04   
      49             66          4.242e-04      2.725e-05      2.631e+01      8.235e-04   
      50             67          4.109e-04      1.331e-05      1.156e-02      7.020e-04   
      51             70          3.607e-04      5.021e-05      9.133e+00      3.642e-04   
      52             73          3.489e-04      1.179e-05      1.695e+00      7.713e-05   
      53             76          3.478e-04      1.138e-06      6.079e-01      6.534e-05   
      54             77          3.476e-04      1.981e-07      2.387e-02      3.187e-05   
      55             79          3.474e-04      1.719e-07      4.227e-01      8.088e-05   
      56             85          3.474e-04      6.698e-08      5.617e-04      7.487e-05   
      57             86          3.472e-04      1.689e-07      1.607e-03      5.721e-05   
      58             87          3.470e-04      1.715e-07      2.517e-03      3.023e-05   
      59             88          3.469e-04      7.492e-08      2.575e-03      9.361e-06   
      60             89          3.469e-04      3.314e-08      3.414e-03      5.039e-06   
      61             90          3.469e-04      3.118e-08      5.914e-03      2.815e-06   
      62             91          3.469e-04      2.934e-08      9.905e-03      1.212e-06   
      63             92          3.468e-04      4.276e-08      2.287e-02      8.475e-07   
      64             93          3.467e-04      1.144e-07      6.649e-02      8.551e-07   
      65             94          3.464e-04      3.327e-07      1.973e-01      2.698e-06   
      66             98          3.464e-04      3.916e-09      1.185e-02      7.569e-06   
      67             101         3.464e-04      6.998e-10      2.057e-03      9.408e-06   
      68             102         3.463e-04      7.573e-09      9.242e-04      1.779e-06   
      69             103         3.463e-04      3.463e-09      1.642e-03      8.635e-07   
      70             104         3.463e-04      8.243e-09      4.503e-03      8.654e-07   
      71             105         3.463e-04      2.229e-08      1.296e-02      8.664e-07   
      72             106         3.463e-04      3.842e-08      3.859e-02      1.099e-05   
      73             107         3.462e-04      4.305e-08      4.463e-02      1.514e-05   
      74             108         3.461e-04      8.416e-08      3.755e-02      8.062e-06   
      75             109         3.461e-04      8.879e-08      6.242e-02      9.638e-06   
      76             110         3.459e-04      1.225e-07      7.794e-02      7.811e-06   
      77             111         3.458e-04      1.773e-07      1.104e-01      1.102e-05   
      78             112         3.457e-04      7.968e-08      2.868e-01      6.511e-05   
      79             113         3.452e-04      4.581e-07      2.539e-01      4.676e-05   
      80             114         3.447e-04      5.124e-07      2.222e-01      2.178e-05   
      81             115         3.441e-04      6.386e-07      3.709e-01      1.806e-06   
      82             116         3.423e-04      1.743e-06      1.102e+00      2.336e-06   
      83             117         3.423e-04      3.908e-08      2.373e-02      8.668e-07   
      84             118         3.361e-04      6.214e-06      7.997e+00      1.991e-04   
      85             121         3.316e-04      4.439e-06      1.241e+00      1.276e-04   
      86             122         3.299e-04      1.760e-06      1.398e+00      1.507e-04   
      87             123         3.275e-04      2.331e-06      1.392e+00      1.261e-04   
      88             128         3.263e-04      1.198e-06      1.627e-02      2.555e-05   
      89             129         3.262e-04      1.116e-07      1.066e-02      2.782e-06   
      90             130         3.262e-04      4.023e-08      1.520e-02      7.943e-07   
      91             131         3.261e-04      6.326e-08      3.795e-02      7.583e-07   
      92             132         3.260e-04      1.770e-07      1.109e-01      7.732e-07   
      93             133         3.258e-04      1.792e-07      3.295e-01      1.028e-04   
      94             134         3.253e-04      5.162e-07      3.194e-01      5.714e-05   
      95             135         3.247e-04      5.438e-07      3.325e-01      4.277e-05   
      96             136         3.242e-04      5.134e-07      3.433e-01      4.269e-05   
      97             137         3.235e-04      6.711e-07      3.621e-01      1.338e-05   
      98             140         3.235e-04      5.556e-08      6.557e-02      2.347e-05   
      99             141         3.233e-04      1.410e-07      6.389e-02      4.254e-06   
      100            142         3.233e-04      4.052e-08      7.691e-02      2.314e-05   
      101            143         3.232e-04      1.417e-07      6.589e-02      7.966e-06   
      102            144         3.230e-04      1.341e-07      8.118e-02      2.464e-06   
      103            145         3.227e-04      2.767e-07      2.305e-01      2.109e-05   
      104            146         3.225e-04      2.725e-07      2.794e-01      4.390e-05   
      105            147         3.221e-04      4.136e-07      2.829e-01      3.702e-05   
      106            148         3.215e-04      5.230e-07      2.790e-01      8.839e-06   
      107            149         3.214e-04      1.492e-07      5.875e-01      9.431e-05   
      108            150         3.202e-04      1.195e-06      4.568e-01      3.453e-05   
      109            151         3.190e-04      1.195e-06      7.368e-01      7.686e-06   
      110            154         3.189e-04      8.311e-08      2.900e-01      5.793e-05   
      111            155         3.183e-04      6.386e-07      2.257e-01      3.423e-06   
      112            156         3.181e-04      1.353e-07      2.251e-01      4.471e-05   
      113            157         3.178e-04      3.600e-07      2.321e-01      3.428e-05   
      114            158         3.174e-04      3.795e-07      2.233e-01      2.426e-05   
      115            160         3.171e-04      2.974e-07      3.499e-01      5.434e-05   
      116            161         3.170e-04      6.133e-08      9.160e-02      4.109e-05   
      117            162         3.165e-04      5.695e-07      3.620e-01      3.127e-05   
      118            163         3.158e-04      6.832e-07      4.539e-01      8.982e-06   
      119            164         3.156e-04      2.285e-07      4.830e-01      7.109e-05   
      120            165         3.155e-04      7.052e-08      7.334e-01      7.312e-05   
      121            166         3.143e-04      1.196e-06      2.764e-01      7.751e-07   
      122            167         3.142e-04      1.333e-07      7.821e-01      1.055e-04   
      123            168         3.132e-04      9.264e-07      2.198e-02      4.222e-06   
      124            170         3.123e-04      9.104e-07      7.760e-01      5.531e-05   
      125            171         3.123e-04      3.382e-08      3.310e-03      4.518e-05   
      126            173         3.122e-04      1.200e-07      7.695e-01      1.144e-04   
      127            179         3.119e-04      2.794e-07      1.672e-03      9.580e-05   
      128            180         3.115e-04      3.676e-07      2.941e-03      6.328e-05   
      129            181         3.113e-04      2.477e-07      3.632e-03      2.588e-05   
      130            182         3.112e-04      8.299e-08      3.624e-03      8.952e-06   
      131            183         3.111e-04      5.146e-08      5.629e-03      5.014e-06   
      132            184         3.111e-04      4.585e-08      8.957e-03      2.509e-06   
      133            185         3.111e-04      3.270e-08      1.340e-02      3.007e-06   
      134            186         3.110e-04      5.256e-08      3.316e-02      7.201e-07   
      135            187         3.109e-04      1.471e-07      9.757e-02      7.309e-07   
      136            188         3.104e-04      4.351e-07      2.911e-01      7.455e-07   
      137            190         3.103e-04      1.649e-07      4.349e-01      6.666e-05   
      138            191         3.097e-04      5.447e-07      4.119e-01      6.744e-05   
      139            196         3.094e-04      2.864e-07      8.493e-03      5.983e-05   
      140            197         3.094e-04      6.523e-08      2.057e-03      4.435e-06   
      141            198         3.093e-04      1.800e-08      3.335e-03      2.827e-06   
      142            199         3.093e-04      1.939e-08      5.942e-03      1.611e-06   
      143            200         3.093e-04      2.225e-08      1.149e-02      7.302e-07   
      144            201         3.093e-04      4.816e-08      3.134e-02      7.357e-07   
      145            202         3.091e-04      1.385e-07      9.263e-02      7.416e-07   
      146            203         3.088e-04      3.087e-07      2.761e-01      2.802e-05   
      147            204         3.087e-04      9.144e-08      3.282e-01      6.713e-05   
      148            210         3.087e-04      5.368e-08      5.247e-04      6.129e-05   
      149            211         3.086e-04      9.885e-08      1.135e-03      4.867e-05   
      150            212         3.084e-04      1.146e-07      1.920e-03      2.778e-05   
      151            213         3.084e-04      5.752e-08      2.075e-03      9.061e-06   
      152            214         3.084e-04      2.392e-08      2.607e-03      4.645e-06   
      153            215         3.083e-04      2.227e-08      4.592e-03      2.678e-06   
      154            216         3.083e-04      2.177e-08      7.745e-03      1.218e-06   
      155            217         3.083e-04      2.836e-08      1.677e-02      7.320e-07   
      156            218         3.082e-04      7.223e-08      4.805e-02      7.357e-07   
      157            219         3.080e-04      2.129e-07      1.435e-01      7.421e-07   
      158            220         3.078e-04      1.648e-07      4.280e-01      7.008e-05   
      159            221         3.072e-04      6.701e-07      4.028e-01      5.320e-05   
      160            222         3.065e-04      7.186e-07      3.875e-01      4.664e-05   
      161            223         3.063e-04      1.793e-07      4.296e-01      7.798e-05   
      162            224         3.055e-04      7.466e-07      3.970e-01      1.713e-05   
      163            225         3.050e-04      5.220e-07      3.973e-01      4.822e-05   
      164            226         3.044e-04      6.576e-07      3.923e-01      1.389e-05   
      165            227         3.041e-04      2.343e-07      3.984e-01      6.428e-05   
      166            228         3.033e-04      8.437e-07      3.732e-01      1.220e-05   
      167            229         3.031e-04      2.095e-07      3.957e-01      6.773e-05   
      168            230         3.025e-04      5.205e-07      2.061e-01      7.152e-05   
      169            231         3.023e-04      2.831e-07      6.822e-01      9.156e-05   
      170            232         3.015e-04      7.951e-07      1.894e-01      1.279e-05   
      171            233         3.008e-04      6.783e-07      5.909e-01      5.899e-05   
      172            234         3.004e-04      3.434e-07      6.294e-01      9.310e-05   
      173            238         3.004e-04      1.781e-08      6.747e-02      3.336e-05   
      174            239         2.997e-04      6.845e-07      2.856e-02      5.435e-06   
      175            240         2.997e-04      4.788e-08      1.689e-02      1.099e-06   
      176            241         2.996e-04      6.268e-08      4.110e-02      7.122e-07   
      177            242         2.995e-04      1.759e-07      1.212e-01      7.167e-07   
      178            243         2.990e-04      5.023e-07      3.595e-01      7.167e-06   
      179            247         2.989e-04      2.149e-08      2.110e-02      7.744e-06   
      180            251         2.989e-04      4.771e-09      1.280e-03      4.723e-06   
      181            252         2.989e-04      2.280e-09      5.018e-04      1.455e-06   
      182            253         2.989e-04      2.190e-09      1.048e-03      8.897e-07   
      183            254         2.989e-04      4.713e-09      2.699e-03      7.248e-07   
      184            255         2.989e-04      1.112e-08      7.277e-03      7.257e-07   
      185            256         2.989e-04      2.534e-08      2.120e-02      4.181e-06   
      186            257         2.989e-04      7.082e-09      3.495e-02      1.662e-05   
      187            258         2.988e-04      5.270e-08      2.014e-02      5.706e-06   
      188            259         2.988e-04      4.796e-08      3.119e-02      7.266e-07   
      189            260         2.987e-04      9.987e-08      9.262e-02      1.362e-05   
      190            261         2.985e-04      1.655e-07      1.034e-01      5.208e-06   
      191            264         2.985e-04      3.875e-09      4.558e-02      2.057e-05   
      192            265         2.984e-04      7.127e-08      2.303e-02      3.304e-06   
      193            266         2.983e-04      8.299e-08      5.612e-02      7.285e-07   
      194            267         2.982e-04      1.277e-07      1.666e-01      3.045e-05   
      195            268         2.979e-04      2.918e-07      1.619e-01      7.254e-06   
      196            270         2.979e-04      1.004e-08      2.428e-01      5.805e-05   
      197            271         2.976e-04      3.136e-07      1.208e-01      5.415e-05   
      198            272         2.973e-04      3.478e-07      1.443e-01      7.202e-07   
      199            273         2.970e-04      2.870e-07      4.292e-01      5.790e-05   
      200            274         2.965e-04      4.824e-07      4.464e-01      6.333e-05   
      201            275         2.957e-04      7.777e-07      4.182e-01      1.222e-05   
      202            276         2.952e-04      5.509e-07      4.269e-01      4.347e-05   
      203            277         2.949e-04      2.419e-07      4.935e-01      7.861e-05   
      204            278         2.945e-04      4.237e-07      5.509e-01      1.449e-05   
      205            279         2.936e-04      9.189e-07      2.652e-01      7.403e-07   
      206            280         2.925e-04      1.056e-06      7.512e-01      7.197e-07   
      207            282         2.918e-04      6.772e-07      1.118e+00      1.021e-04   
      208            284         2.910e-04      8.062e-07      6.077e-01      9.249e-05   
      209            285         2.896e-04      1.477e-06      5.564e-01      3.035e-06   
      210            289         2.896e-04      1.402e-09      3.200e-02      1.688e-05   
      211            290         2.895e-04      4.566e-08      1.969e-02      1.608e-06   
      212            291         2.895e-04      2.555e-08      1.756e-02      7.017e-07   
      213            292         2.894e-04      6.693e-08      5.110e-02      3.783e-06   
      214            293         2.892e-04      2.011e-07      1.482e-01      1.149e-06   
      215            294         2.892e-04      1.741e-08      1.401e-02      1.072e-05   
      216            296         2.890e-04      1.665e-07      4.164e-01      6.680e-05   
      217            297         2.887e-04      3.255e-07      4.265e-01      7.914e-05   
      218            298         2.885e-04      2.445e-07      1.983e-01      8.259e-05   
      219            299         2.876e-04      8.292e-07      3.542e-01      6.924e-07   
      220            300         2.875e-04      1.274e-07      1.050e+00      1.272e-04   
      221            301         2.859e-04      1.599e-06      7.170e-01      7.675e-05   
      222            302         2.854e-04      5.119e-07      5.490e-02      1.036e-05   
      223            303         2.847e-04      6.806e-07      8.193e-01      7.138e-05   
      224            304         2.836e-04      1.085e-06      7.812e-01      3.865e-05   
      225            305         2.826e-04      1.000e-06      8.452e-01      5.677e-05   
      226            306         2.811e-04      1.481e-06      9.669e-01      1.179e-05   
      227            307         2.811e-04      1.603e-08      1.100e+00      1.382e-04   
      228            308         2.790e-04      2.134e-06      5.956e-01      1.154e-05   
      229            309         2.787e-04      3.433e-07      6.648e-01      8.198e-05   
      230            310         2.773e-04      1.348e-06      6.613e-01      3.454e-06   
      231            311         2.768e-04      5.464e-07      8.450e-01      8.159e-05   
      232            312         2.753e-04      1.484e-06      8.301e-01      1.175e-05   
      233            314         2.749e-04      3.343e-07      5.190e-01      6.740e-05   
      234            315         2.740e-04      9.324e-07      4.962e-01      1.132e-05   
      235            317         2.740e-04      5.579e-08      2.672e-01      6.192e-05   
      236            318         2.735e-04      4.855e-07      1.945e-01      1.117e-05   
      237            321         2.734e-04      6.371e-08      2.875e-02      1.660e-05   
      238            322         2.734e-04      5.252e-08      2.210e-02      1.730e-06   
      239            323         2.733e-04      8.472e-08      6.460e-02      6.724e-07   
      240            324         2.731e-04      1.623e-07      1.929e-01      2.726e-05   
      241            325         2.728e-04      3.090e-07      1.948e-01      3.476e-06   
      242            328         2.727e-04      5.206e-08      8.635e-02      2.336e-05   
      243            329         2.726e-04      1.232e-07      7.328e-02      1.123e-05   
      244            330         2.725e-04      1.211e-07      7.785e-02      6.738e-07   
      245            331         2.723e-04      2.409e-07      2.313e-01      2.108e-05   
      246            332         2.719e-04      3.893e-07      2.924e-01      1.105e-05   
      247            334         2.719e-04      2.022e-08      2.977e-01      6.340e-05   
      248            335         2.713e-04      5.453e-07      1.706e-01      1.032e-05   
      249            336         2.711e-04      1.940e-07      1.577e-01      9.448e-06   
      250            339         2.711e-04      2.434e-08      5.507e-02      2.077e-05   
      251            340         2.710e-04      9.455e-08      4.096e-02      1.814e-06   
      252            341         2.709e-04      1.403e-07      1.201e-01      8.068e-06   
      253            342         2.705e-04      3.277e-07      2.516e-01      3.290e-06   
      254            343         2.702e-04      3.281e-07      7.619e-01      8.749e-05   
      255            344         2.702e-04      2.036e-08      4.830e-02      8.126e-05   
      256            346         2.700e-04      1.581e-07      1.157e+00      1.490e-04   
      257            351         2.690e-04      1.010e-06      4.142e-02      3.948e-05   
      258            352         2.684e-04      6.459e-07      1.177e-02      1.732e-05   
      259            353         2.683e-04      7.924e-08      7.553e-03      2.931e-06   
      260            354         2.682e-04      4.483e-08      1.063e-02      1.441e-06   
      261            355         2.682e-04      3.585e-08      1.835e-02      6.014e-07   
      262            356         2.681e-04      6.910e-08      4.594e-02      6.134e-07   
      263            357         2.680e-04      1.656e-07      1.285e-01      6.300e-07   
      264            358         2.675e-04      4.880e-07      3.823e-01      6.470e-07   
      265            359         2.673e-04      1.316e-07      1.038e-01      6.415e-07   
      266            361         2.660e-04      1.310e-06      1.701e+00      1.006e-04   
      267            362         2.655e-04      5.689e-07      1.065e-02      2.796e-05   
      268            365         2.650e-04      4.784e-07      2.565e-01      1.301e-05   
      269            366         2.650e-04      2.218e-08      6.410e-03      5.589e-06   
      270            367         2.646e-04      3.396e-07      5.647e-01      6.476e-05   
      271            371         2.644e-04      2.771e-07      1.712e-02      1.167e-05   
      272            372         2.643e-04      4.157e-08      1.596e-02      7.500e-07   
      273            373         2.642e-04      7.018e-08      4.184e-02      6.468e-07   
      274            374         2.641e-04      1.060e-07      1.150e-01      1.997e-05   
      275            375         2.640e-04      1.666e-07      1.009e-01      3.343e-06   
      276            376         2.636e-04      3.626e-07      2.939e-01      2.363e-06   
      277            377         2.636e-04      7.192e-10      3.149e-04      1.308e-06   
      278            378         2.604e-04      3.215e-06      2.617e+00      1.656e-06   
      279            381         2.599e-04      5.249e-07      9.847e-01      9.084e-05   
      280            382         2.598e-04      7.480e-08      1.047e+00      1.459e-04   
      281            387         2.588e-04      9.541e-07      2.885e-02      1.170e-04   
      282            388         2.582e-04      6.282e-07      8.507e-03      1.148e-05   
      283            389         2.581e-04      6.627e-08      7.763e-03      3.115e-06   
      284            390         2.581e-04      6.719e-08      1.319e-02      1.476e-06   
      285            391         2.580e-04      2.825e-08      1.551e-02      5.779e-07   
      286            392         2.580e-04      5.287e-08      4.142e-02      5.917e-07   
      287            393         2.578e-04      1.515e-07      1.222e-01      6.078e-07   
      288            394         2.574e-04      4.459e-07      3.635e-01      6.244e-07   
      289            395         2.561e-04      1.275e-06      1.082e+00      5.199e-05   
      290            397         2.554e-04      7.587e-07      1.610e+00      1.244e-04   
      291            398         2.539e-04      1.414e-06      3.121e-01      1.387e-05   
      292            402         2.538e-04      9.632e-08      4.437e-02      2.007e-06   
      293            403         2.538e-04      8.600e-08      9.784e-02      1.808e-05   
      294            408         2.537e-04      1.840e-08      1.385e-03      2.927e-06   
      295            409         2.537e-04      1.964e-09      3.403e-04      1.909e-06   
      296            410         2.537e-04      1.336e-09      5.204e-04      9.029e-07   
      297            411         2.537e-04      2.816e-09      1.382e-03      7.020e-07   
      298            412         2.537e-04      7.190e-09      3.840e-03      6.682e-07   
      299            413         2.537e-04      1.853e-08      1.068e-02      6.298e-07   
      300            414         2.537e-04      1.772e-08      2.961e-02      1.046e-05   
      301            415         2.537e-04      4.502e-08      2.410e-02      5.732e-07   
      302            416         2.536e-04      6.927e-08      6.847e-02      8.408e-06   
      303            417         2.535e-04      1.220e-07      9.100e-02      2.751e-06   
      304            418         2.532e-04      2.261e-07      2.730e-01      3.055e-05   
      305            419         2.528e-04      4.331e-07      2.859e-01      1.085e-06   
      306            423         2.528e-04      8.750e-09      1.721e-02      7.681e-06   
      307            424         2.528e-04      2.157e-08      1.371e-02      4.473e-06   
      308            425         2.527e-04      2.314e-08      1.762e-02      6.181e-07   
      309            426         2.527e-04      5.581e-08      5.213e-02      5.258e-06   
      310            427         2.526e-04      1.179e-07      9.433e-02      1.188e-06   
      311            428         2.525e-04      9.349e-08      9.659e-02      1.138e-05   
      312            429         2.524e-04      9.334e-08      6.402e-02      1.409e-06   
      313            433         2.524e-04      6.139e-09      7.830e-03      3.089e-06   
      314            434         2.524e-04      9.050e-09      6.026e-03      1.852e-06   
      315            435         2.524e-04      1.984e-08      1.759e-02      2.686e-06   
      316            436         2.523e-04      4.430e-08      3.640e-02      6.216e-07   
      317            437         2.522e-04      6.243e-08      5.242e-02      6.215e-07   
      318            438         2.520e-04      2.862e-07      3.279e-01      3.102e-05   
      319            439         2.519e-04      6.267e-08      3.958e-03      4.983e-06   
      320            442         2.518e-04      9.380e-08      8.403e-02      1.399e-05   
      321            443         2.517e-04      1.059e-07      7.345e-02      6.535e-06   
      322            444         2.516e-04      8.288e-08      7.659e-02      7.376e-06   
      323            447         2.516e-04      1.699e-08      2.137e-02      1.008e-05   
      324            448         2.516e-04      3.095e-08      1.658e-02      6.208e-07   
      325            449         2.515e-04      5.014e-08      4.795e-02      5.323e-06   
      326            450         2.514e-04      1.011e-07      8.014e-02      1.319e-06   
      327            451         2.512e-04      2.205e-07      2.415e-01      2.343e-05   
      328            452         2.508e-04      3.909e-07      2.820e-01      1.142e-06   
      329            456         2.508e-04      1.121e-08      1.720e-02      7.012e-06   
      330            457         2.508e-04      2.064e-08      1.410e-02      4.891e-06   
      331            458         2.507e-04      2.253e-08      1.719e-02      6.240e-07   
      332            459         2.507e-04      5.545e-08      5.096e-02      4.449e-06   
      333            460         2.506e-04      1.362e-07      1.118e-01      7.164e-07   
      334            461         2.504e-04      1.155e-07      1.156e-01      1.115e-05   
      335            462         2.503e-04      1.736e-07      1.318e-01      1.422e-06   
      336            466         2.503e-04      4.448e-09      1.050e-02      5.690e-06   
      337            467         2.503e-04      1.243e-08      7.327e-03      2.187e-06   
      338            468         2.502e-04      2.132e-08      1.714e-02      6.225e-07   
      339            469         2.502e-04      5.392e-08      5.089e-02      4.973e-06   
      340            470         2.501e-04      1.189e-07      9.626e-02      9.659e-07   
      341            471         2.498e-04      2.683e-07      2.899e-01      2.506e-05   
      342            472         2.493e-04      4.735e-07      3.507e-01      1.692e-06   
      343            476         2.493e-04      1.767e-08      2.117e-02      6.837e-06   
      344            477         2.493e-04      1.846e-08      2.032e-02      9.690e-06   
      345            478         2.493e-04      2.760e-08      1.691e-02      6.222e-07   
      346            479         2.492e-04      5.223e-08      4.977e-02      5.192e-06   
      347            480         2.491e-04      1.097e-07      8.817e-02      6.193e-07   
      348            481         2.488e-04      2.441e-07      2.649e-01      2.374e-05   
      349            486         2.488e-04      2.912e-08      7.383e-03      7.101e-06   
      350            487         2.488e-04      4.947e-09      7.201e-04      1.365e-06   
      351            488         2.488e-04      2.848e-09      1.298e-03      8.465e-07   
      352            489         2.488e-04      6.621e-09      3.549e-03      8.107e-07   
      353            490         2.488e-04      1.659e-08      9.732e-03      6.643e-07   
      354            491         2.487e-04      3.547e-08      2.714e-02      2.966e-06   
      355            492         2.487e-04      3.199e-08      2.972e-02      5.690e-06   
      356            493         2.487e-04      4.836e-08      3.664e-02      4.073e-06   
      357            494         2.486e-04      1.019e-07      1.097e-01      1.368e-05   
      358            495         2.484e-04      1.780e-07      1.318e-01      3.348e-06   
      359            496         2.484e-04      2.033e-08      1.611e-02      6.163e-07   
      360            497         2.475e-04      8.210e-07      1.173e+00      8.107e-05   
      361            498         2.471e-04      4.253e-07      1.761e-02      6.643e-06   
      362            501         2.469e-04      2.537e-07      2.885e-01      4.027e-05   
      363            502         2.468e-04      4.299e-08      1.754e-02      1.545e-05   
      364            503         2.466e-04      2.692e-07      1.416e-01      6.061e-07   
      365            504         2.461e-04      4.690e-07      4.202e-01      1.113e-05   
      366            510         2.461e-04      5.993e-09      5.954e-04      5.011e-06   
      367            511         2.461e-04      1.259e-09      1.797e-04      3.032e-06   
      368            512         2.461e-04      9.733e-10      2.648e-04      1.141e-06   
      369            513         2.461e-04      1.269e-09      5.988e-04      7.412e-07   
      370            514         2.461e-04      3.119e-09      1.648e-03      6.920e-07   
      371            515         2.461e-04      7.893e-09      4.544e-03      6.648e-07   
      372            516         2.461e-04      1.129e-08      1.262e-02      3.695e-06   
      373            517         2.460e-04      1.567e-08      1.010e-02      6.099e-07   
      374            518         2.460e-04      2.705e-08      2.853e-02      4.976e-06   
      375            519         2.460e-04      4.722e-08      3.652e-02      1.000e-06   
      376            522         2.460e-04      3.029e-09      1.798e-02      1.015e-05   
      377            523         2.459e-04      2.097e-08      9.946e-03      3.465e-06   
      378            524         2.459e-04      1.863e-08      1.474e-02      6.102e-07   
      379            525         2.459e-04      5.110e-08      4.362e-02      6.094e-07   
      380            526         2.457e-04      1.365e-07      1.304e-01      8.713e-06   
      381            527         2.454e-04      3.166e-07      2.618e-01      1.805e-06   
      382            528         2.448e-04      6.661e-07      7.854e-01      5.121e-05   
      383            529         2.435e-04      1.229e-06      8.673e-01      1.424e-06   
      384            534         2.435e-04      4.483e-09      3.658e-03      1.310e-06   
      385            535         2.435e-04      3.293e-09      2.757e-03      1.890e-06   
      386            539         2.435e-04      5.553e-10      2.196e-04      6.069e-07   
      387            540         2.435e-04      3.016e-10      2.139e-04      6.074e-07   
      388            541         2.435e-04      7.619e-10      6.085e-04      6.077e-07   
      389            542         2.435e-04      1.518e-09      1.772e-03      1.767e-06   
      390            543         2.435e-04      2.623e-09      1.848e-03      1.062e-06   
      391            544         2.435e-04      1.670e-09      7.452e-03      4.797e-06   
      392            545         2.435e-04      7.696e-09      4.261e-03      1.245e-06   
      393            546         2.435e-04      1.476e-08      1.209e-02      6.073e-07   
      394            547         2.434e-04      3.803e-08      3.568e-02      3.382e-06   
      395            548         2.433e-04      1.010e-07      8.559e-02      6.051e-07   
      396            549         2.433e-04      1.290e-09      1.093e-03      6.055e-07   
      397            550         2.427e-04      6.748e-07      7.698e-01      4.701e-05   
      398            556         2.426e-04      7.321e-08      1.171e-03      3.153e-05   
      399            557         2.425e-04      4.951e-08      1.433e-03      1.314e-05   
      400            558         2.425e-04      1.248e-08      1.142e-03      3.014e-06   
Warning: Maximum number of iterations has been exceeded.
         Current function value: 2.425e-04
         Max scaled gradient: 3.014e-06
         Total delta_x: 2.036e+00
         Iterations: 400
         Function evaluations: 558
         Jacobian evaluations: 401
{"tag": "final", "cost": 0.00024253532847797406, "cost_targets": 0.0002424192657947971, "cost_bounds": 1.1606268317693276e-07, "max_dB": 0.0015212447280222876, "max_dG_rel": 0.006077612808747876, "iota": 0.3998234982454679, "eta": 0.6805551889913267, "hel": 0.0, "max_elong": 4.632946960605712, "axis_rc": [0.98776, 0.06237, 0.00017, -8e-05, 7e-05, -0.0], "axis_zs": [0.0, -0.02171, 0.00044, 1e-05, -3e-05, 0.0], "max_abs_Zaxis": 0.021690273863282296, "min_dpc": 0.12655245950847038, "min_dcc": 0.039999976200952685, "max_kappa": 11.881122723203259, "Lcoil": [3.375, 3.375, 3.375, 3.318], "I_over_uniform": [1.316, 1.086, 1.492, 0.097], "n_active_bounds": 14, "time_s": 301, "status": "Maximum number of iterations has been exceeded.", "nit": 400, "optimality": 3.0137806682133786e-06}
