ERROR:2026-10-09 13:24:07,754:jax._src.xla_bridge:487: Jax plugin configuration error: Exception when calling jax_plugins.xla_cuda12.initialize()
Traceback (most recent call last):
  File "/home/jay/miniconda3/envs/desc-dev/lib/python3.13/site-packages/jax/_src/xla_bridge.py", line 485, in discover_pjrt_plugins
    plugin_module.initialize()
    ~~~~~~~~~~~~~~~~~~~~~~~~^^
  File "/home/jay/miniconda3/envs/desc-dev/lib/python3.13/site-packages/jax_plugins/xla_cuda12/__init__.py", line 328, in initialize
    _check_cuda_versions(raise_on_first_error=True)
    ~~~~~~~~~~~~~~~~~~~~^^^^^^^^^^^^^^^^^^^^^^^^^^^
  File "/home/jay/miniconda3/envs/desc-dev/lib/python3.13/site-packages/jax_plugins/xla_cuda12/__init__.py", line 285, in _check_cuda_versions
    local_device_count = cuda_versions.cuda_device_count()
RuntimeError: jaxlib/cuda/versions_helpers.cc:113: operation cuInit(0) failed: CUDA_ERROR_NO_DEVICE
DESC /home/jay/Documents/desc_dev/DESC/desc
DEVICE requested=cpu obtained=cpu (1x cpu)
nfp 3 nc 4 mode z0 helicity 0.0 nparams 80 seed 3
{"tag": "init", "cost": 10.887295203850915, "cost_targets": 1.4142544946770728, "cost_bounds": 9.47304070917384, "max_dB": 0.07164339570281039, "max_dG_rel": 0.6255952823210931, "iota": 0.15702510240019388, "eta": 1.0626882112114544, "hel": 0.0, "max_elong": 1.9917146510142902, "axis_rc": [1.0, 0.02843, 0.0, 0.0, 0.0, 0.0], "axis_zs": [0.0, -0.02758, 0.0, 0.0, 0.0, 0.0], "max_abs_Zaxis": 0.02755769899890395, "min_dpc": 0.1332262944157228, "min_dcc": 0.09247977938771726, "max_kappa": 15.128941088101335, "Lcoil": [2.502, 2.567, 2.724, 2.654], "I_over_uniform": [1.0, 1.0, 1.0, 1.0], "n_active_bounds": 6}
   Iteration     Total nfev        Cost      Cost reduction    Step norm     Optimality   
       0              1          1.089e+01                                    1.871e+00   
       1              2          7.633e-01      1.012e+01      3.501e+01      7.943e-03   
       2              3          5.880e-01      1.753e-01      2.997e+01      2.654e-03   
       3              4          5.301e-01      5.796e-02      4.284e+01      9.973e-04   
       4              5          4.785e-01      5.161e-02      8.215e+01      3.017e-02   
       5             10          4.673e-01      1.114e-02      5.146e+00      1.316e-03   
       6             11          4.671e-01      2.673e-04      1.440e-01      6.362e-04   
       7             12          4.667e-01      3.861e-04      3.211e-01      5.606e-04   
       8             13          4.658e-01      8.620e-04      8.414e-01      4.516e-04   
       9             14          4.638e-01      2.020e-03      2.241e+00      3.051e-04   
      10             15          4.587e-01      5.113e-03      6.228e+00      4.825e-04   
      11             16          4.461e-01      1.258e-02      1.671e+01      1.437e-03   
      12             17          4.264e-01      1.967e-02      4.556e+01      2.431e-02   
      13             18          3.750e-01      5.141e-02      4.884e+01      1.534e-03   
      14             19          3.314e-01      4.365e-02      1.093e+02      1.407e-02   
      15             21          2.908e-01      4.061e-02      4.520e+01      8.218e-04   
      16             22          2.524e-01      3.839e-02      1.144e+02      7.197e-03   
      17             23          2.504e-01      1.931e-03      8.688e-01      3.911e-03   
      18             26          2.342e-01      1.627e-02      2.676e+01      5.074e-04   
      19             28          2.193e-01      1.491e-02      3.776e+01      6.576e-04   
      20             29          2.191e-01      1.129e-04      1.191e-01      4.013e-04   
      21             30          1.869e-01      3.224e-02      9.719e+01      1.399e-03   
      22             31          1.315e-01      5.536e-02      2.140e+02      2.288e-03   
      23             32          6.919e-02      6.234e-02      4.006e+02      4.856e-03   
      24             34          3.710e-02      3.209e-02      2.314e+02      6.516e-03   
      25             35          3.243e-02      4.668e-03      4.533e+01      5.665e-03   
      26             38          2.956e-02      2.874e-03      4.095e+01      7.714e-03   
      27             43          2.247e-02      7.086e-03      1.121e+00      8.621e-04   
      28             44          2.222e-02      2.493e-04      2.374e-01      3.364e-04   
      29             45          2.202e-02      1.976e-04      3.886e-01      1.613e-04   
      30             46          2.186e-02      1.676e-04      6.189e-01      3.200e-04   
      31             47          2.166e-02      1.957e-04      1.169e+00      4.224e-05   
      32             48          2.136e-02      2.981e-04      2.786e+00      4.487e-05   
      33             49          2.067e-02      6.925e-04      7.368e+00      9.384e-04   
      34             50          1.911e-02      1.562e-03      1.856e+01      1.896e-04   
      35             56          1.911e-02      1.857e-06      6.242e-03      1.451e-04   
      36             57          1.910e-02      2.271e-06      1.078e-02      8.051e-05   
      37             58          1.910e-02      2.329e-06      1.901e-02      4.621e-05   
      38             59          1.910e-02      4.108e-06      4.858e-02      4.448e-05   
      39             60          1.909e-02      1.118e-05      1.385e-01      4.405e-05   
      40             61          1.906e-02      3.157e-05      4.065e-01      7.492e-05   
      41             62          1.896e-02      9.272e-05      1.204e+00      4.306e-05   
      42             63          1.869e-02      2.710e-04      3.569e+00      4.470e-05   
      43             64          1.793e-02      7.604e-04      1.035e+01      2.536e-04   
      44             65          1.607e-02      1.857e-03      2.724e+01      2.098e-04   
      45             66          1.256e-02      3.511e-03      6.511e+01      8.962e-04   
      46             67          9.562e-03      3.001e-03      1.246e+02      5.359e-03   
      47             73          9.182e-03      3.803e-04      1.937e-01      4.537e-03   
      48             74          8.037e-03      1.144e-03      2.283e-01      1.090e-03   
      49             75          7.910e-03      1.273e-04      1.608e-01      1.572e-04   
      50             76          7.801e-03      1.093e-04      3.210e-01      1.228e-04   
      51             77          7.675e-03      1.262e-04      5.523e-01      6.725e-05   
      52             78          7.608e-03      6.658e-05      6.248e-01      1.974e-05   
      53             79          7.562e-03      4.558e-05      1.088e+00      2.123e-05   
      54             80          7.468e-03      9.395e-05      2.831e+00      1.971e-05   
      55             81          7.229e-03      2.394e-04      7.865e+00      5.111e-05   
      56             82          6.621e-03      6.086e-04      2.156e+01      1.135e-04   
      57             83          5.404e-03      1.216e-03      5.172e+01      7.853e-04   
      58             85          4.947e-03      4.574e-04      5.088e+01      1.967e-03   
      59             86          4.936e-03      1.088e-05      4.182e+00      2.478e-03   
      60             87          3.971e-03      9.652e-04      3.004e+01      6.970e-05   
      61             88          3.149e-03      8.219e-04      7.043e+01      5.513e-04   
      62             89          3.117e-03      3.223e-05      9.248e-02      1.217e-04   
      63             90          2.418e-03      6.984e-04      9.358e+01      1.189e-03   
      64             91          1.668e-03      7.500e-04      7.524e+01      3.055e-04   
      65             92          1.297e-03      3.715e-04      9.992e+01      5.316e-04   
      66             93          8.121e-04      4.848e-04      7.597e+01      3.102e-04   
      67             94          6.247e-04      1.874e-04      7.221e+01      2.068e-04   
      68             95          4.615e-04      1.633e-04      5.566e+01      1.258e-04   
      69             96          3.532e-04      1.082e-04      4.356e+01      6.665e-05   
      70             98          2.706e-04      8.257e-05      1.921e+01      1.513e-05   
      71             100         2.441e-04      2.654e-05      2.558e+01      2.493e-05   
      72             101         2.163e-04      2.785e-05      2.623e+01      2.508e-05   
      73             102         1.923e-04      2.400e-05      2.733e+01      2.694e-05   
      74             103         1.688e-04      2.347e-05      2.586e+01      2.059e-05   
      75             105         1.583e-04      1.054e-05      1.321e+01      2.622e-04   
      76             106         1.493e-04      8.950e-06      3.800e+00      2.598e-05   
      77             107         1.408e-04      8.486e-06      1.231e+01      4.749e-06   
      78             108         1.334e-04      7.458e-06      3.139e+01      3.025e-05   
      79             109         1.229e-04      1.048e-05      4.369e-01      3.068e-05   
      80             110         1.135e-04      9.406e-06      2.758e+01      2.519e-05   
      81             111         9.933e-05      1.415e-05      2.351e+01      1.931e-05   
      82             112         9.002e-05      9.314e-06      2.413e+01      1.845e-05   
      83             113         8.279e-05      7.224e-06      2.246e+01      2.200e-05   
      84             114         7.591e-05      6.880e-06      2.118e+01      3.398e-05   
      85             115         6.879e-05      7.123e-06      1.872e+01      1.644e-05   
      86             116         6.407e-05      4.720e-06      1.902e+01      3.158e-05   
      87             117         6.030e-05      3.767e-06      1.795e+01      3.448e-05   
      88             118         5.666e-05      3.644e-06      1.784e+01      1.403e-05   
      89             119         5.292e-05      3.744e-06      1.857e+01      1.256e-05   
      90             121         4.944e-05      3.475e-06      1.079e+01      4.320e-06   
      91             124         4.843e-05      1.009e-06      4.276e+00      6.754e-07   
      92             128         4.838e-05      5.560e-08      2.094e-01      3.234e-07   
      93             131         4.836e-05      1.591e-08      7.792e-02      1.844e-07   
      94             134         4.835e-05      5.962e-09      2.923e-02      8.470e-08   
      95             136         4.834e-05      8.941e-09      4.384e-02      8.426e-08   
      96             140         4.834e-05      4.192e-10      2.056e-03      8.425e-08   
      97             141         4.834e-05      9.501e-10      6.167e-03      7.863e-06   
      98             142         4.834e-05      1.642e-09      6.852e-03      3.273e-07   
      99             146         4.834e-05      1.290e-11      3.350e-04      3.418e-06   
      100            147         4.834e-05      1.017e-10      2.640e-04      1.708e-07   
      101            148         4.834e-05      1.510e-10      7.639e-04      8.348e-08   
      102            149         4.834e-05      4.476e-10      2.286e-03      8.336e-08   
      103            150         4.834e-05      1.330e-09      6.820e-03      8.295e-08   
      104            151         4.834e-05      3.903e-09      2.020e-02      8.170e-08   
      105            152         4.832e-05      1.126e-08      5.932e-02      7.913e-08   
      106            153         4.829e-05      3.223e-08      1.739e-01      4.422e-07   
      107            154         4.829e-05      2.160e-10      4.969e-03      8.274e-07   
      108            155         4.822e-05      6.759e-08      3.690e-01      5.285e-07   
      109            156         4.803e-05      1.988e-07      1.097e+00      4.610e-07   
      110            157         4.744e-05      5.816e-07      3.237e+00      5.709e-07   
      111            158         4.580e-05      1.640e-06      9.477e+00      3.699e-06   
      112            159         4.580e-05      5.605e-09      9.651e-02      9.165e-06   
      113            160         4.330e-05      2.496e-06      1.445e+01      7.067e-06   
      114            162         3.997e-05      3.330e-06      1.998e+01      1.716e-05   
      115            164         3.746e-05      2.512e-06      1.427e+01      1.260e-05   
      116            167         3.657e-05      8.910e-07      4.875e+00      1.558e-06   
      117            170         3.632e-05      2.453e-07      1.830e+00      4.991e-07   
      118            172         3.626e-05      6.623e-08      2.706e+00      2.648e-04   
      119            179         3.623e-05      2.841e-08      3.087e-03      1.209e-04   
      120            180         3.613e-05      1.041e-07      6.140e-04      9.285e-05   
      121            181         3.602e-05      1.068e-07      9.671e-04      4.969e-05   
      122            182         3.598e-05      3.631e-08      7.248e-04      7.058e-06   
      123            183         3.598e-05      7.034e-09      7.636e-04      3.934e-06   
      124            184         3.597e-05      3.246e-09      7.376e-04      1.243e-06   
      125            185         3.597e-05      4.933e-10      4.670e-04      2.119e-07   
      126            186         3.597e-05      2.357e-10      7.763e-04      3.490e-07   
      127            187         3.597e-05      3.065e-10      1.557e-03      5.211e-07   
      128            188         3.597e-05      6.366e-10      4.142e-03      3.371e-07   
      129            189         3.597e-05      1.765e-09      1.201e-02      5.205e-07   
      130            190         3.596e-05      4.244e-09      3.224e-02      1.173e-07   
      131            191         3.595e-05      1.246e-08      9.639e-02      1.149e-06   
      132            192         3.591e-05      3.730e-08      2.885e-01      3.293e-07   
      133            197         3.591e-05      6.302e-12      8.663e-04      5.080e-06   
      134            199         3.591e-05      1.088e-10      2.882e-04      4.756e-07   
      135            200         3.591e-05      5.683e-11      3.218e-04      5.115e-07   
      136            201         3.591e-05      1.079e-10      8.079e-04      2.932e-07   
      137            204         3.591e-05      2.221e-11      3.091e-04      2.184e-06   
      138            205         3.591e-05      5.574e-11      3.040e-04      4.155e-07   
      139            206         3.591e-05      1.174e-10      9.008e-04      2.233e-07   
      140            207         3.591e-05      3.489e-10      2.701e-03      6.556e-08   
      141            208         3.591e-05      1.046e-09      8.101e-03      6.292e-08   
      142            209         3.591e-05      3.137e-09      2.430e-02      6.281e-08   
      143            214         3.591e-05      6.156e-12      7.328e-05      9.839e-07   
      144            215         3.591e-05      1.206e-11      7.324e-05      6.247e-08   
      145            216         3.591e-05      2.832e-11      2.175e-04      6.294e-08   
      146            217         3.591e-05      8.420e-11      6.521e-04      6.274e-08   
      147            218         3.591e-05      2.526e-10      1.956e-03      6.276e-08   
      148            219         3.591e-05      7.575e-10      5.868e-03      6.271e-08   
      149            220         3.591e-05      2.272e-09      1.760e-02      6.263e-08   
      150            221         3.590e-05      6.814e-09      5.280e-02      6.318e-08   
      151            222         3.588e-05      2.041e-08      1.583e-01      8.892e-08   
      152            223         3.582e-05      6.102e-08      4.738e-01      1.014e-07   
      153            224         3.564e-05      1.812e-07      1.413e+00      4.080e-07   
      154            225         3.563e-05      2.484e-09      1.901e-02      6.147e-08   
      155            226         3.430e-05      1.331e-06      1.180e+01      9.278e-06   
      156            231         3.416e-05      1.392e-07      4.827e-02      3.161e-05   
      157            232         3.415e-05      1.501e-08      8.551e-02      3.363e-07   
      158            237         3.415e-05      2.929e-11      2.568e-04      1.171e-06   
      159            238         3.415e-05      4.978e-11      3.685e-04      7.673e-08   
      160            240         3.415e-05      1.762e-11      5.618e-04      3.470e-06   
      161            241         3.415e-05      1.104e-10      4.962e-04      2.535e-07   
      162            242         3.415e-05      1.804e-10      1.462e-03      2.356e-07   
      163            243         3.415e-05      5.412e-10      4.381e-03      6.110e-08   
      164            247         3.415e-05      1.401e-11      2.102e-04      1.693e-06   
      165            248         3.415e-05      3.628e-11      2.078e-04      1.549e-07   
      166            249         3.415e-05      7.569e-11      6.167e-04      2.361e-07   
      167            250         3.415e-05      2.283e-10      1.848e-03      6.120e-08   
      168            254         3.415e-05      8.328e-12      8.883e-05      9.041e-07   
      169            255         3.415e-05      1.416e-11      9.790e-05      1.548e-07   
      170            256         3.415e-05      3.587e-11      2.920e-04      1.234e-07   
      171            257         3.415e-05      1.080e-10      8.747e-04      6.115e-08   
      172            260         3.415e-05      1.526e-11      3.354e-04      2.465e-06   
      173            261         3.415e-05      6.416e-11      3.254e-04      1.556e-07   
      174            262         3.415e-05      1.184e-10      9.632e-04      2.461e-07   
      175            263         3.415e-05      3.561e-10      2.887e-03      6.526e-08   
      176            267         3.415e-05      1.093e-11      1.387e-04      1.259e-06   
      177            268         3.415e-05      2.237e-11      1.388e-04      1.544e-07   
      178            269         3.415e-05      5.065e-11      4.124e-04      1.687e-07   
      179            270         3.415e-05      1.525e-10      1.236e-03      6.116e-08   
      180            273         3.415e-05      1.090e-11      4.736e-04      3.313e-06   
      181            274         3.415e-05      9.076e-11      3.769e-04      1.535e-07   
      182            275         3.415e-05      1.362e-10      1.107e-03      2.444e-07   
      183            276         3.415e-05      4.089e-10      3.318e-03      7.967e-08   
      184            280         3.415e-05      1.141e-11      1.594e-04      1.428e-06   
      185            281         3.415e-05      2.659e-11      1.578e-04      1.445e-07   
      186            282         3.415e-05      5.745e-11      4.680e-04      1.841e-07   
      187            283         3.415e-05      1.729e-10      1.403e-03      6.115e-08   
      188            286         3.415e-05      6.585e-12      5.376e-04      3.712e-06   
      189            287         3.415e-05      9.959e-11      3.562e-04      1.574e-07   
      190            288         3.415e-05      1.276e-10      1.037e-03      2.374e-07   
      191            289         3.415e-05      3.826e-10      3.107e-03      9.151e-08   
      192            293         3.415e-05      1.059e-11      1.493e-04      1.394e-06   
      193            294         3.415e-05      2.492e-11      1.477e-04      1.346e-07   
      194            295         3.415e-05      5.373e-11      4.381e-04      1.834e-07   
      195            296         3.415e-05      1.617e-10      1.313e-03      6.113e-08   
      196            299         3.415e-05      7.846e-12      5.034e-04      3.536e-06   
      197            300         3.415e-05      9.415e-11      3.548e-04      1.520e-07   
      198            301         3.414e-05      1.274e-10      1.036e-03      2.380e-07   
      199            302         3.414e-05      3.822e-10      3.105e-03      8.839e-08   
      200            306         3.414e-05      1.059e-11      1.493e-04      1.392e-06   
      201            307         3.414e-05      2.488e-11      1.477e-04      1.367e-07   
      202            308         3.414e-05      5.368e-11      4.379e-04      1.816e-07   
      203            309         3.414e-05      1.616e-10      1.312e-03      6.109e-08   
      204            312         3.414e-05      7.520e-12      5.032e-04      3.545e-06   
      205            313         3.414e-05      9.385e-11      3.507e-04      1.526e-07   
      206            314         3.414e-05      1.258e-10      1.023e-03      2.370e-07   
      207            315         3.414e-05      3.772e-10      3.067e-03      8.927e-08   
      208            319         3.414e-05      1.045e-11      1.475e-04      1.385e-06   
      209            320         3.414e-05      2.456e-11      1.458e-04      1.360e-07   
      210            321         3.414e-05      5.299e-11      4.325e-04      1.807e-07   
      211            322         3.414e-05      1.595e-10      1.296e-03      6.106e-08   
      212            325         3.414e-05      7.588e-12      4.970e-04      3.517e-06   
      213            326         3.414e-05      9.273e-11      3.484e-04      1.521e-07   
      214            327         3.414e-05      1.250e-10      1.017e-03      2.366e-07   
      215            328         3.414e-05      3.748e-10      3.048e-03      8.910e-08   
      216            332         3.414e-05      1.038e-11      1.466e-04      1.381e-06   
      217            333         3.414e-05      2.439e-11      1.449e-04      1.361e-07   
      218            334         3.414e-05      5.264e-11      4.298e-04      1.800e-07   
      219            335         3.414e-05      1.584e-10      1.288e-03      6.102e-08   
      220            338         3.414e-05      7.579e-12      4.940e-04      3.505e-06   
      221            339         3.414e-05      9.214e-11      3.468e-04      1.519e-07   
      222            340         3.414e-05      1.243e-10      1.012e-03      2.364e-07   
      223            341         3.414e-05      3.729e-10      3.034e-03      8.908e-08   
      224            345         3.414e-05      1.034e-11      1.459e-04      1.377e-06   
      225            346         3.414e-05      2.427e-11      1.443e-04      1.361e-07   
      226            347         3.414e-05      5.238e-11      4.278e-04      1.796e-07   
      227            348         3.414e-05      1.577e-10      1.282e-03      6.098e-08   
      228            351         3.414e-05      7.594e-12      4.918e-04      3.494e-06   
      229            352         3.414e-05      9.171e-11      3.459e-04      1.518e-07   
      230            353         3.414e-05      1.240e-10      1.010e-03      2.364e-07   
      231            354         3.414e-05      3.718e-10      3.026e-03      8.897e-08   
      232            358         3.414e-05      1.031e-11      1.455e-04      1.375e-06   
      233            359         3.414e-05      2.419e-11      1.439e-04      1.362e-07   
      234            360         3.414e-05      5.223e-11      4.267e-04      1.795e-07   
      235            361         3.414e-05      1.572e-10      1.279e-03      6.094e-08   
      236            364         3.414e-05      7.612e-12      4.905e-04      3.488e-06   
      237            365         3.414e-05      9.147e-11      3.455e-04      1.518e-07   
      238            366         3.414e-05      1.238e-10      1.009e-03      2.365e-07   
      239            367         3.414e-05      3.713e-10      3.023e-03      8.884e-08   
      240            371         3.414e-05      1.030e-11      1.454e-04      1.374e-06   
      241            372         3.414e-05      2.416e-11      1.438e-04      1.363e-07   
      242            373         3.414e-05      5.217e-11      4.263e-04      1.795e-07   
      243            374         3.414e-05      1.570e-10      1.278e-03      6.090e-08   
      244            377         3.414e-05      7.636e-12      4.901e-04      3.485e-06   
      245            378         3.414e-05      9.138e-11      3.456e-04      1.519e-07   
      246            379         3.414e-05      1.238e-10      1.009e-03      2.368e-07   
      247            380         3.414e-05      3.714e-10      3.024e-03      8.866e-08   
      248            384         3.414e-05      1.031e-11      1.454e-04      1.374e-06   
      249            385         3.414e-05      2.415e-11      1.438e-04      1.365e-07   
      250            386         3.414e-05      5.217e-11      4.265e-04      1.796e-07   
      251            387         3.414e-05      1.570e-10      1.278e-03      6.085e-08   
      252            390         3.414e-05      7.664e-12      4.902e-04      3.484e-06   
      253            391         3.414e-05      9.142e-11      3.461e-04      1.520e-07   
      254            392         3.414e-05      1.240e-10      1.010e-03      2.371e-07   
      255            393         3.414e-05      3.718e-10      3.029e-03      8.847e-08   
      256            397         3.414e-05      1.033e-11      1.456e-04      1.374e-06   
      257            398         3.414e-05      2.418e-11      1.440e-04      1.368e-07   
      258            399         3.414e-05      5.224e-11      4.271e-04      1.799e-07   
      259            400         3.414e-05      1.572e-10      1.280e-03      6.081e-08   
      260            403         3.414e-05      7.695e-12      4.910e-04      3.485e-06   
      261            404         3.414e-05      9.155e-11      3.469e-04      1.522e-07   
      262            405         3.414e-05      1.242e-10      1.013e-03      2.375e-07   
      263            406         3.414e-05      3.726e-10      3.036e-03      8.825e-08   
      264            410         3.414e-05      1.036e-11      1.460e-04      1.374e-06   
      265            411         3.414e-05      2.423e-11      1.444e-04      1.370e-07   
      266            412         3.414e-05      5.235e-11      4.282e-04      1.802e-07   
      267            413         3.414e-05      1.576e-10      1.283e-03      6.077e-08   
      268            416         3.414e-05      7.730e-12      4.921e-04      3.488e-06   
      269            417         3.414e-05      9.177e-11      3.479e-04      1.524e-07   
      270            418         3.414e-05      1.246e-10      1.016e-03      2.380e-07   
      271            419         3.414e-05      3.737e-10      3.045e-03      8.801e-08   
      272            423         3.414e-05      1.040e-11      1.464e-04      1.375e-06   
      273            424         3.414e-05      2.429e-11      1.448e-04      1.373e-07   
      274            425         3.414e-05      5.251e-11      4.295e-04      1.807e-07   
      275            426         3.414e-05      1.581e-10      1.287e-03      6.073e-08   
      276            429         3.414e-05      7.766e-12      4.937e-04      3.493e-06   
      277            430         3.414e-05      9.206e-11      3.492e-04      1.527e-07   
      278            431         3.414e-05      1.250e-10      1.020e-03      2.385e-07   
      279            432         3.414e-05      3.751e-10      3.057e-03      8.776e-08   
      280            436         3.414e-05      1.044e-11      1.470e-04      1.376e-06   
      281            437         3.414e-05      2.437e-11      1.454e-04      1.376e-07   
      282            438         3.414e-05      5.270e-11      4.311e-04      1.812e-07   
      283            439         3.414e-05      1.586e-10      1.292e-03      6.069e-08   
      284            442         3.414e-05      7.805e-12      4.955e-04      3.499e-06   
      285            443         3.414e-05      9.241e-11      3.506e-04      1.530e-07   
      286            444         3.414e-05      1.255e-10      1.024e-03      2.391e-07   
      287            445         3.414e-05      3.766e-10      3.070e-03      8.750e-08   
      288            449         3.414e-05      1.050e-11      1.476e-04      1.378e-06   
      289            450         3.414e-05      2.447e-11      1.460e-04      1.379e-07   
      290            451         3.414e-05      5.291e-11      4.330e-04      1.817e-07   
      291            452         3.414e-05      1.593e-10      1.298e-03      6.065e-08   
      292            455         3.414e-05      7.844e-12      4.976e-04      3.506e-06   
      293            456         3.413e-05      9.280e-11      3.522e-04      1.533e-07   
      294            457         3.413e-05      1.261e-10      1.029e-03      2.397e-07   
      295            458         3.413e-05      3.783e-10      3.084e-03      8.724e-08   
      296            462         3.413e-05      1.055e-11      1.483e-04      1.380e-06   
      297            463         3.413e-05      2.457e-11      1.467e-04      1.383e-07   
      298            464         3.413e-05      5.315e-11      4.350e-04      1.823e-07   
      299            465         3.413e-05      1.600e-10      1.304e-03      6.061e-08   
      300            468         3.413e-05      7.885e-12      4.999e-04      3.513e-06   
      301            469         3.413e-05      9.324e-11      3.539e-04      1.536e-07   
      302            470         3.413e-05      1.267e-10      1.034e-03      2.403e-07   
      303            471         3.413e-05      3.801e-10      3.099e-03      8.697e-08   
      304            475         3.413e-05      1.061e-11      1.490e-04      1.382e-06   
      305            476         3.413e-05      2.469e-11      1.474e-04      1.386e-07   
      306            477         3.413e-05      5.340e-11      4.372e-04      1.829e-07   
      307            478         3.413e-05      1.608e-10      1.310e-03      6.057e-08   
      308            481         3.413e-05      7.926e-12      5.024e-04      3.521e-06   
      309            482         3.413e-05      9.370e-11      3.557e-04      1.539e-07   
      310            483         3.413e-05      1.273e-10      1.039e-03      2.409e-07   
      311            484         3.413e-05      3.820e-10      3.115e-03      8.670e-08   
      312            488         3.413e-05      1.068e-11      1.497e-04      1.384e-06   
      313            489         3.413e-05      2.480e-11      1.482e-04      1.389e-07   
      314            490         3.413e-05      5.367e-11      4.395e-04      1.836e-07   
      315            491         3.413e-05      1.616e-10      1.317e-03      6.053e-08   
      316            494         3.413e-05      7.967e-12      5.049e-04      3.530e-06   
      317            495         3.413e-05      9.419e-11      3.576e-04      1.542e-07   
      318            496         3.413e-05      1.280e-10      1.045e-03      2.416e-07   
      319            497         3.413e-05      3.840e-10      3.132e-03      8.643e-08   
      320            501         3.413e-05      1.074e-11      1.505e-04      1.386e-06   
      321            502         3.413e-05      2.493e-11      1.490e-04      1.393e-07   
      322            503         3.413e-05      5.395e-11      4.418e-04      1.842e-07   
      323            504         3.413e-05      1.625e-10      1.324e-03      6.050e-08   
      324            507         3.413e-05      8.008e-12      5.076e-04      3.539e-06   
      325            508         3.413e-05      9.469e-11      3.595e-04      1.546e-07   
      326            509         3.413e-05      1.286e-10      1.050e-03      2.422e-07   
      327            510         3.413e-05      3.860e-10      3.149e-03      8.616e-08   
      328            514         3.413e-05      1.081e-11      1.513e-04      1.389e-06   
      329            515         3.413e-05      2.506e-11      1.498e-04      1.396e-07   
      330            516         3.413e-05      5.424e-11      4.442e-04      1.849e-07   
      331            517         3.413e-05      1.633e-10      1.331e-03      6.046e-08   
      332            520         3.413e-05      8.048e-12      5.104e-04      3.548e-06   
      333            521         3.413e-05      9.521e-11      3.614e-04      1.549e-07   
      334            522         3.413e-05      1.293e-10      1.056e-03      2.429e-07   
      335            523         3.413e-05      3.880e-10      3.166e-03      8.587e-08   
      336            527         3.413e-05      1.087e-11      1.521e-04      1.391e-06   
      337            528         3.413e-05      2.518e-11      1.506e-04      1.399e-07   
      338            529         3.413e-05      5.453e-11      4.467e-04      1.856e-07   
      339            530         3.413e-05      1.642e-10      1.339e-03      6.043e-08   
      340            533         3.413e-05      8.089e-12      5.131e-04      3.558e-06   
      341            534         3.413e-05      9.573e-11      3.634e-04      1.552e-07   
      342            535         3.413e-05      1.300e-10      1.062e-03      2.435e-07   
      343            536         3.413e-05      3.901e-10      3.183e-03      8.561e-08   
      344            540         3.413e-05      1.094e-11      1.529e-04      1.393e-06   
      345            541         3.413e-05      2.532e-11      1.514e-04      1.403e-07   
      346            542         3.413e-05      5.482e-11      4.491e-04      1.862e-07   
      347            543         3.413e-05      1.651e-10      1.346e-03      6.039e-08   
      348            546         3.413e-05      8.128e-12      5.159e-04      3.567e-06   
      349            547         3.413e-05      9.625e-11      3.653e-04      1.556e-07   
      350            548         3.413e-05      1.307e-10      1.068e-03      2.442e-07   
      351            549         3.413e-05      3.922e-10      3.200e-03      8.535e-08   
      352            553         3.413e-05      1.101e-11      1.537e-04      1.396e-06   
      353            554         3.413e-05      2.545e-11      1.523e-04      1.406e-07   
      354            555         3.413e-05      5.511e-11      4.516e-04      1.869e-07   
      355            556         3.413e-05      1.660e-10      1.354e-03      6.036e-08   
      356            559         3.413e-05      8.167e-12      5.187e-04      3.577e-06   
      357            560         3.413e-05      9.678e-11      3.673e-04      1.559e-07   
      358            561         3.413e-05      1.314e-10      1.073e-03      2.448e-07   
      359            562         3.413e-05      3.942e-10      3.217e-03      8.510e-08   
      360            566         3.413e-05      1.107e-11      1.546e-04      1.398e-06   
      361            567         3.413e-05      2.558e-11      1.531e-04      1.409e-07   
      362            568         3.413e-05      5.541e-11      4.540e-04      1.875e-07   
      363            569         3.413e-05      1.669e-10      1.361e-03      6.032e-08   
      364            572         3.413e-05      8.204e-12      5.215e-04      3.586e-06   
      365            573         3.413e-05      9.730e-11      3.692e-04      1.563e-07   
      366            574         3.413e-05      1.320e-10      1.079e-03      2.454e-07   
      367            575         3.413e-05      3.963e-10      3.234e-03      8.486e-08   
      368            579         3.413e-05      1.114e-11      1.553e-04      1.401e-06   
      369            580         3.413e-05      2.570e-11      1.539e-04      1.413e-07   
      370            581         3.413e-05      5.569e-11      4.565e-04      1.882e-07   
      371            582         3.413e-05      1.677e-10      1.368e-03      6.029e-08   
      372            585         3.413e-05      8.241e-12      5.242e-04      3.595e-06   
      373            586         3.413e-05      9.781e-11      3.710e-04      1.566e-07   
      374            587         3.413e-05      1.327e-10      1.084e-03      2.460e-07   
      375            588         3.413e-05      3.983e-10      3.251e-03      8.462e-08   
      376            592         3.413e-05      1.120e-11      1.561e-04      1.403e-06   
      377            593         3.413e-05      2.583e-11      1.547e-04      1.416e-07   
      378            594         3.413e-05      5.597e-11      4.588e-04      1.888e-07   
      379            595         3.413e-05      1.686e-10      1.375e-03      6.026e-08   
      380            598         3.413e-05      8.276e-12      5.269e-04      3.605e-06   
      381            599         3.413e-05      9.832e-11      3.729e-04      1.569e-07   
      382            600         3.413e-05      1.333e-10      1.090e-03      2.466e-07   
      383            601         3.412e-05      4.002e-10      3.267e-03      8.439e-08   
      384            605         3.412e-05      1.127e-11      1.569e-04      1.405e-06   
      385            606         3.412e-05      2.595e-11      1.555e-04      1.419e-07   
      386            607         3.412e-05      5.625e-11      4.611e-04      1.894e-07   
      387            608         3.412e-05      1.694e-10      1.382e-03      6.023e-08   
      388            611         3.412e-05      8.309e-12      5.295e-04      3.614e-06   
      389            612         3.412e-05      9.881e-11      3.747e-04      1.572e-07   
      390            613         3.412e-05      1.340e-10      1.095e-03      2.471e-07   
      391            614         3.412e-05      4.021e-10      3.283e-03      8.417e-08   
      392            618         3.412e-05      1.133e-11      1.576e-04      1.407e-06   
      393            619         3.412e-05      2.607e-11      1.562e-04      1.421e-07   
      394            620         3.412e-05      5.652e-11      4.634e-04      1.900e-07   
      395            621         3.412e-05      1.702e-10      1.389e-03      6.020e-08   
      396            624         3.412e-05      8.341e-12      5.320e-04      3.622e-06   
      397            625         3.412e-05      9.929e-11      3.764e-04      1.575e-07   
      398            626         3.412e-05      1.346e-10      1.100e-03      2.477e-07   
      399            627         3.412e-05      4.040e-10      3.298e-03      8.396e-08   
      400            631         3.412e-05      1.139e-11      1.584e-04      1.410e-06   
Warning: Maximum number of iterations has been exceeded.
         Current function value: 3.412e-05
         Max scaled gradient: 1.410e-06
         Total delta_x: 2.027e+00
         Iterations: 400
         Function evaluations: 631
         Jacobian evaluations: 401
{"tag": "final", "cost": 3.4122968722401425e-05, "cost_targets": 3.41220439537573e-05, "cost_bounds": 9.247686441306816e-10, "max_dB": 0.0004889597334825417, "max_dG_rel": 0.0030588062616425608, "iota": 0.3999992330204379, "eta": 0.7747716759069451, "hel": 0.0, "max_elong": 3.379820627204936, "axis_rc": [0.98982, 0.06137, -0.00017, -0.00034, 6e-05, 1e-05], "axis_zs": [0.0, -0.02527, 9e-05, 6e-05, -5e-05, -1e-05], "max_abs_Zaxis": 0.02530431274863655, "min_dpc": 0.12655486453662923, "min_dcc": 0.03999998583251897, "max_kappa": 11.88112291026126, "Lcoil": [3.375, 3.375, 3.375, 3.375], "I_over_uniform": [1.016, 1.216, 1.529, 0.237], "n_active_bounds": 21, "time_s": 300, "status": "Maximum number of iterations has been exceeded.", "nit": 400, "optimality": 1.4095694003346904e-06}
