ERROR:2026-10-09 14:19:10,211:jax._src.xla_bridge:487: Jax plugin configuration error: Exception when calling jax_plugins.xla_cuda12.initialize()
Traceback (most recent call last):
  File "/home/jay/miniconda3/envs/desc-dev/lib/python3.13/site-packages/jax/_src/xla_bridge.py", line 485, in discover_pjrt_plugins
    plugin_module.initialize()
    ~~~~~~~~~~~~~~~~~~~~~~~~^^
  File "/home/jay/miniconda3/envs/desc-dev/lib/python3.13/site-packages/jax_plugins/xla_cuda12/__init__.py", line 328, in initialize
    _check_cuda_versions(raise_on_first_error=True)
    ~~~~~~~~~~~~~~~~~~~~^^^^^^^^^^^^^^^^^^^^^^^^^^^
  File "/home/jay/miniconda3/envs/desc-dev/lib/python3.13/site-packages/jax_plugins/xla_cuda12/__init__.py", line 285, in _check_cuda_versions
    local_device_count = cuda_versions.cuda_device_count()
RuntimeError: jaxlib/cuda/versions_helpers.cc:113: operation cuInit(0) failed: CUDA_ERROR_NO_DEVICE
DESC /home/jay/Documents/desc_dev/DESC/desc
DEVICE requested=cpu obtained=cpu (1x cpu)
nfp 5 nc 3 mode z0 helicity -1.0 nparams 63 seed 1
{"tag": "init", "cost": 20.91850801883793, "cost_targets": 17.282558585790447, "cost_bounds": 3.635949433047481, "max_dB": 0.48053527871980367, "max_dG_rel": 1.00422551043843, "iota": 1.6315808772911862, "eta": 1.2583932282108483, "hel": -1.0, "max_elong": 5.21842401647142, "axis_rc": [1.0, 0.07276, 0.0, 0.0, 0.0, 0.0], "axis_zs": [0.0, -0.07562, 0.0, 0.0, 0.0, 0.0], "max_abs_Zaxis": 0.07556676437816691, "min_dpc": 0.10557307685294662, "min_dcc": 0.09628328820050024, "max_kappa": 18.736969220683203, "Lcoil": [2.292, 2.631, 2.375], "I_over_uniform": [1.0, 1.0, 1.0], "n_active_bounds": 4}
   Iteration     Total nfev        Cost      Cost reduction    Step norm     Optimality   
       0              1          2.092e+01                                    8.035e-01   
       1              3          1.229e+01      8.624e+00      1.061e+02      2.463e-01   
       2              4          7.772e+00      4.522e+00      7.277e+01      6.814e-01   
       3              5          3.558e+00      4.214e+00      1.163e+02      2.187e-01   
       4              6          1.753e+00      1.805e+00      1.414e+02      6.335e-02   
       5              7          8.735e-01      8.795e-01      2.219e+02      2.933e-02   
       6              8          3.552e-01      5.184e-01      2.821e+02      2.207e-02   
       7              9          1.590e-01      1.961e-01      1.876e+02      3.907e-03   
       8             11          1.071e-01      5.188e-02      9.884e+01      1.032e-02   
       9             12          7.498e-02      3.217e-02      7.384e+01      2.892e-03   
      10             13          6.177e-02      1.322e-02      6.371e+01      8.240e-04   
      11             14          5.811e-02      3.658e-03      5.919e+01      5.602e-03   
      12             15          5.061e-02      7.496e-03      4.823e+01      5.381e-04   
      13             16          5.037e-02      2.400e-04      4.384e+01      5.229e-03   
      14             17          4.893e-02      1.443e-03      1.985e+00      4.228e-03   
      15             18          4.531e-02      3.619e-03      2.353e+01      1.886e-04   
      16             19          4.310e-02      2.208e-03      4.819e+01      3.446e-04   
      17             21          4.309e-02      1.216e-05      5.267e+01      1.013e-02   
      18             22          4.253e-02      5.583e-04      8.914e-01      8.021e-03   
      19             24          4.112e-02      1.411e-03      3.073e+01      3.907e-04   
      20             25          3.957e-02      1.546e-03      2.380e+01      2.231e-04   
      21             26          3.882e-02      7.480e-04      2.804e+01      3.056e-04   
      22             30          3.857e-02      2.543e-04      1.605e+00      1.449e-04   
      23             32          3.843e-02      1.437e-04      2.212e+00      5.253e-04   
      24             33          3.842e-02      9.701e-06      9.892e-01      3.350e-04   
      25             34          3.834e-02      7.982e-05      8.457e-01      1.202e-04   
      26             38          3.833e-02      6.020e-06      1.094e-01      6.853e-05   
      27             39          3.833e-02      1.242e-06      4.347e-02      1.063e-04   
      28             40          3.833e-02      1.908e-06      3.814e-02      1.427e-05   
      29             41          3.832e-02      3.822e-06      1.097e-01      1.432e-05   
      30             42          3.831e-02      1.110e-05      3.235e-01      1.448e-05   
      31             43          3.829e-02      2.700e-05      9.445e-01      1.168e-04   
      32             47          3.828e-02      5.205e-06      7.423e-02      3.903e-05   
      33             48          3.828e-02      9.309e-07      2.377e-02      1.497e-05   
      34             49          3.828e-02      2.287e-06      6.876e-02      1.501e-05   
      35             50          3.827e-02      6.807e-06      2.054e-01      1.510e-05   
      36             51          3.825e-02      2.011e-05      6.111e-01      1.533e-05   
      37             52          3.819e-02      5.896e-05      1.810e+00      6.183e-05   
      38             53          3.816e-02      3.009e-05      9.155e-01      5.197e-05   
      39             54          3.764e-02      5.175e-04      1.580e+01      2.928e-04   
      40             55          3.631e-02      1.330e-03      3.256e+01      2.787e-04   
      41             56          3.499e-02      1.328e-03      6.199e+01      1.618e-03   
      42             58          3.354e-02      1.445e-03      7.847e+01      2.594e-03   
      43             59          3.352e-02      2.272e-05      7.257e-01      1.849e-03   
      44             63          3.203e-02      1.488e-03      4.445e+00      2.100e-04   
      45             65          3.188e-02      1.526e-04      3.761e+00      6.515e-04   
      46             66          3.177e-02      1.032e-04      2.257e+00      5.978e-05   
      47             68          3.169e-02      8.053e-05      3.304e+00      2.487e-04   
      48             69          3.156e-02      1.373e-04      9.054e+00      5.974e-04   
      49             73          3.150e-02      5.236e-05      4.089e-01      8.131e-04   
      50             74          3.147e-02      3.300e-05      3.367e-01      6.622e-05   
      51             75          3.146e-02      1.256e-05      6.079e-01      1.756e-04   
      52             77          3.145e-02      1.205e-05      2.435e-01      1.666e-04   
      53             78          3.144e-02      8.343e-06      2.179e-01      7.368e-05   
      54             80          3.144e-02      9.037e-07      1.679e-01      1.058e-04   
      55             84          3.144e-02      1.289e-06      7.238e-03      6.816e-05   
      56             85          3.144e-02      9.006e-07      7.713e-03      4.629e-05   
      57             86          3.143e-02      9.920e-07      1.408e-02      2.671e-05   
      58             87          3.143e-02      1.346e-06      2.889e-02      1.372e-05   
      59             88          3.143e-02      2.046e-06      6.819e-02      9.178e-05   
      60             89          3.143e-02      2.315e-06      1.253e-01      6.340e-05   
      61             90          3.142e-02      3.965e-06      1.213e-01      4.259e-05   
      62             91          3.141e-02      9.804e-06      3.568e-01      3.514e-05   
      63             92          3.139e-02      2.433e-05      9.903e-01      4.851e-05   
      64             93          3.139e-02      1.825e-06      4.823e-02      3.062e-05   
      65             99          3.139e-02      7.584e-08      9.057e-04      2.964e-05   
      66             100         3.139e-02      1.871e-08      2.513e-03      3.101e-05   
      67             101         3.139e-02      6.536e-08      1.115e-03      1.720e-05   
      68             102         3.139e-02      3.784e-08      2.640e-03      3.894e-05   
      69             103         3.139e-02      8.851e-09      4.343e-03      2.917e-05   
      70             104         3.139e-02      5.220e-08      1.119e-03      1.837e-05   
      71             105         3.139e-02      1.412e-07      3.706e-03      3.899e-05   
      72             106         3.139e-02      1.602e-07      7.922e-03      1.772e-05   
      73             107         3.139e-02      2.094e-07      7.713e-03      1.557e-05   
      74             110         3.139e-02      8.616e-09      3.820e-03      4.186e-05   
      75             111         3.139e-02      1.375e-07      2.177e-03      1.796e-05   
      76             115         3.139e-02      4.924e-09      1.230e-04      1.508e-05   
      77             118         3.139e-02      1.247e-09      4.518e-05      3.506e-05   
      78             121         3.139e-02      1.970e-10      1.442e-05      1.467e-05   
      79             122         3.139e-02      1.299e-10      3.599e-06      1.463e-05   
      80             123         3.139e-02      2.490e-10      1.402e-05      3.492e-05   
      81             126         3.139e-02      2.048e-10      4.080e-06      1.448e-05   
      82             127         3.139e-02      4.597e-11      1.309e-06      1.447e-05   
      83             130         3.139e-02      2.508e-11      6.601e-07      1.445e-05   
      84             133         3.139e-02      9.402e-12      2.475e-07      1.445e-05   
      85             135         3.139e-02      5.795e-13      3.712e-07      3.483e-05   
      86             136         3.139e-02      4.035e-12      4.868e-07      1.446e-05   
      87             137         3.139e-02      3.864e-12      1.065e-07      1.446e-05   
      88             138         3.139e-02      1.436e-11      4.089e-07      3.482e-05   
      89             142         3.139e-02      4.343e-13      3.815e-08      1.445e-05   
      90             143         3.139e-02      3.245e-13      9.002e-09      1.445e-05   
Optimization terminated successfully.
`ftol` condition satisfied. (ftol=1.00e-10)
         Current function value: 3.139e-02
         Max scaled gradient: 1.445e-05
         Total delta_x: 1.364e+00
         Iterations: 90
         Function evaluations: 143
         Jacobian evaluations: 91
{"tag": "final", "cost": 0.03138777659210394, "cost_targets": 0.03135498499468446, "cost_bounds": 3.2791597419476965e-05, "max_dB": 0.09750945862993024, "max_dG_rel": 0.061202472590832745, "iota": 1.227542434398674, "eta": 1.4160987291658795, "hel": -1.0, "max_elong": 3.576903709327761, "axis_rc": [1.03121, 0.0881, 0.00468, -0.00028, -8e-05, -0.0], "axis_zs": [0.0, -0.06926, -0.00166, -0.0, 5e-05, -0.0], "max_abs_Zaxis": 0.06934089436889779, "min_dpc": 0.09731753086587715, "min_dcc": 0.03999483627220167, "max_kappa": 15.448177751762929, "Lcoil": [2.596, 2.598, 2.595], "I_over_uniform": [1.379, 1.674, 0.326], "n_active_bounds": 22, "time_s": 51, "status": "Optimization terminated successfully.\n`ftol` condition satisfied. (ftol=1.00e-10)", "nit": 90, "optimality": 1.4448667771844822e-05}
