ERROR:2026-10-09 13:29:20,525:jax._src.xla_bridge:487: Jax plugin configuration error: Exception when calling jax_plugins.xla_cuda12.initialize()
Traceback (most recent call last):
  File "/home/jay/miniconda3/envs/desc-dev/lib/python3.13/site-packages/jax/_src/xla_bridge.py", line 485, in discover_pjrt_plugins
    plugin_module.initialize()
    ~~~~~~~~~~~~~~~~~~~~~~~~^^
  File "/home/jay/miniconda3/envs/desc-dev/lib/python3.13/site-packages/jax_plugins/xla_cuda12/__init__.py", line 328, in initialize
    _check_cuda_versions(raise_on_first_error=True)
    ~~~~~~~~~~~~~~~~~~~~^^^^^^^^^^^^^^^^^^^^^^^^^^^
  File "/home/jay/miniconda3/envs/desc-dev/lib/python3.13/site-packages/jax_plugins/xla_cuda12/__init__.py", line 285, in _check_cuda_versions
    local_device_count = cuda_versions.cuda_device_count()
RuntimeError: jaxlib/cuda/versions_helpers.cc:113: operation cuInit(0) failed: CUDA_ERROR_NO_DEVICE
DESC /home/jay/Documents/desc_dev/DESC/desc
DEVICE requested=cpu obtained=cpu (1x cpu)
nfp 3 nc 4 mode z0 helicity -1.0 nparams 80 seed 1
{"tag": "init", "cost": 17.807493014406674, "cost_targets": 17.793735900583428, "cost_bounds": 0.013757113823248191, "max_dB": 0.424204870018739, "max_dG_rel": 1.0447560351652327, "iota": 1.1604350849407408, "eta": 1.2296833359941526, "hel": -1.0, "max_elong": 5.588070364478693, "axis_rc": [1.0, 0.1904, 0.0, 0.0, 0.0, 0.0], "axis_zs": [0.0, -0.14038, 0.0, 0.0, 0.0, 0.0], "max_abs_Zaxis": 0.14027514169110705, "min_dpc": 0.13895257734031966, "min_dcc": 0.06050605107361224, "max_kappa": 9.13066692923207, "Lcoil": [2.72, 3.186, 3.431, 3.101], "I_over_uniform": [1.0, 1.0, 1.0, 1.0], "n_active_bounds": 1}
   Iteration     Total nfev        Cost      Cost reduction    Step norm     Optimality   
       0              1          1.781e+01                                    1.480e-01   
       1              5          1.676e+01      1.046e+00      5.742e+01      8.267e-01   
       2              6          7.386e+00      9.376e+00      2.278e+01      5.437e-02   
       3              7          6.335e+00      1.051e+00      2.812e+01      1.557e-02   
       4              8          5.690e+00      6.443e-01      5.938e+01      1.086e-02   
       5              9          4.723e+00      9.673e-01      1.380e+02      4.622e-02   
       6             10          3.305e+00      1.418e+00      2.210e+02      3.877e-02   
       7             12          2.920e+00      3.853e-01      2.071e+02      2.828e-01   
       8             13          2.662e+00      2.578e-01      4.005e+01      8.693e-02   
       9             14          1.805e+00      8.577e-01      1.120e+02      1.530e-02   
      10             15          1.400e+00      4.050e-01      2.051e+02      3.784e-02   
      11             16          8.898e-01      5.097e-01      3.063e+02      2.078e-02   
      12             19          6.535e-01      2.364e-01      1.184e+02      6.526e-03   
      13             20          4.158e-01      2.376e-01      2.424e+02      1.504e-02   
      14             22          2.360e-01      1.798e-01      1.770e+02      1.217e-02   
      15             23          1.828e-01      5.319e-02      2.622e+02      2.988e-02   
      16             24          1.224e-01      6.042e-02      1.445e+02      7.633e-02   
      17             25          5.560e-02      6.683e-02      7.419e+01      4.687e-04   
      18             27          5.266e-02      2.942e-03      8.872e+01      2.345e-03   
      19             28          4.850e-02      4.153e-03      8.161e+01      9.899e-04   
      20             29          4.700e-02      1.503e-03      7.590e+01      1.667e-03   
      21             30          3.808e-02      8.924e-03      5.666e+01      7.251e-04   
      22             31          3.342e-02      4.657e-03      4.775e+01      4.390e-04   
      23             32          2.980e-02      3.617e-03      6.539e+01      1.422e-03   
      24             34          2.686e-02      2.945e-03      5.514e+01      2.704e-04   
      25             35          2.227e-02      4.589e-03      1.015e+02      3.575e-04   
      26             39          2.153e-02      7.350e-04      6.652e+00      3.552e-04   
      27             40          2.091e-02      6.247e-04      1.048e+01      1.370e-04   
      28             41          2.002e-02      8.908e-04      2.203e+01      5.334e-05   
      29             42          1.979e-02      2.281e-04      4.999e+01      1.971e-03   
      30             45          1.846e-02      1.329e-03      6.340e+00      1.226e-04   
      31             50          1.845e-02      6.856e-06      5.180e-02      2.290e-04   
      32             51          1.845e-02      3.026e-06      3.372e-02      1.711e-05   
      33             52          1.845e-02      3.229e-06      8.544e-02      3.887e-05   
      34             53          1.844e-02      9.204e-06      2.515e-01      3.924e-05   
      35             54          1.842e-02      1.581e-05      7.558e-01      1.023e-04   
      36             55          1.840e-02      2.513e-05      7.315e-01      1.043e-04   
      37             59          1.839e-02      3.096e-06      3.201e-02      3.557e-05   
      38             62          1.839e-02      2.099e-07      4.362e-03      3.140e-05   
      39             63          1.839e-02      1.979e-07      3.756e-03      1.570e-05   
      40             64          1.839e-02      4.680e-07      1.040e-02      4.298e-05   
      41             67          1.839e-02      5.256e-08      4.906e-03      7.434e-05   
      42             68          1.839e-02      2.141e-07      3.402e-03      4.004e-05   
      43             69          1.839e-02      4.219e-07      9.181e-03      1.648e-05   
      44             70          1.839e-02      1.102e-06      2.638e-02      4.087e-05   
      45             71          1.839e-02      2.902e-06      7.562e-02      2.202e-05   
      46             72          1.838e-02      4.565e-06      2.168e-01      4.408e-05   
      47             73          1.838e-02      7.515e-06      1.926e-01      2.349e-05   
      48             74          1.837e-02      1.137e-05      5.885e-01      1.274e-04   
      49             75          1.834e-02      2.369e-05      5.687e-01      5.109e-05   
      50             77          1.833e-02      8.766e-06      9.177e-01      1.902e-04   
      51             78          1.831e-02      2.485e-05      7.387e-01      1.395e-04   
      52             80          1.829e-02      1.330e-05      4.231e-01      9.255e-05   
      53             84          1.829e-02      1.487e-06      2.372e-02      2.633e-04   
      54             85          1.829e-02      2.304e-06      1.428e-02      5.489e-05   
      55             86          1.829e-02      1.194e-06      2.225e-02      1.721e-05   
      56             87          1.829e-02      2.353e-06      5.867e-02      1.347e-05   
      57             89          1.829e-02      3.219e-07      8.547e-02      5.404e-05   
      58             90          1.828e-02      2.663e-06      6.261e-02      6.969e-05   
      59             94          1.828e-02      1.211e-07      3.458e-03      4.054e-05   
      60             95          1.828e-02      1.173e-07      2.188e-03      4.716e-05   
      61             96          1.828e-02      1.123e-07      3.947e-03      2.019e-05   
      62             97          1.828e-02      1.552e-07      5.115e-03      1.953e-05   
      63             101         1.828e-02      1.255e-08      3.784e-04      1.588e-05   
      64             102         1.828e-02      8.490e-09      2.954e-04      1.895e-05   
      65             103         1.828e-02      1.145e-08      3.606e-04      1.881e-05   
      66             108         1.828e-02      7.749e-11      1.702e-06      1.880e-05   
      67             110         1.828e-02      1.542e-11      2.552e-06      1.573e-05   
      68             111         1.828e-02      8.348e-11      1.927e-06      1.880e-05   
      69             114         1.828e-02      4.432e-12      4.796e-07      1.573e-05   
      70             115         1.828e-02      1.218e-11      2.845e-07      1.573e-05   
      71             117         1.828e-02      3.048e-12      6.268e-07      1.880e-05   
      72             118         1.828e-02      1.797e-11      3.947e-07      1.880e-05   
      73             121         1.828e-02      3.918e-12      1.480e-07      1.573e-05   
      74             122         1.828e-02      1.412e-12      1.567e-07      1.880e-05   
      75             123         1.828e-02      3.535e-12      8.554e-08      1.880e-05   
      76             124         1.828e-02      1.212e-13      3.587e-07      1.573e-05   
      77             125         1.828e-02      9.271e-12      1.932e-07      1.573e-05   
      78             127         1.828e-02      2.593e-12      2.899e-07      1.880e-05   
      79             128         1.828e-02      9.220e-12      2.206e-07      1.573e-05   
      80             131         1.828e-02      1.932e-13      6.998e-08      1.880e-05   
      81             132         1.828e-02      1.238e-12      2.908e-08      1.880e-05   
Optimization terminated successfully.
`ftol` condition satisfied. (ftol=1.00e-10)
         Current function value: 1.828e-02
         Max scaled gradient: 1.880e-05
         Total delta_x: 1.805e+00
         Iterations: 81
         Function evaluations: 132
         Jacobian evaluations: 82
{"tag": "final", "cost": 0.018283858445870042, "cost_targets": 0.018239661475036577, "cost_bounds": 4.419697083346539e-05, "max_dB": 0.054137212409030876, "max_dG_rel": 0.0521883107479527, "iota": 1.0336677246612909, "eta": 0.9127966998896548, "hel": -1.0, "max_elong": 5.8247994499738285, "axis_rc": [0.9643, 0.19179, 0.01813, -0.00042, -0.00035, -3e-05], "axis_zs": [0.0, -0.12591, -0.01266, -0.00051, 0.00015, 2e-05], "max_abs_Zaxis": 0.12800100166100675, "min_dpc": 0.12652494306032477, "min_dcc": 0.03999884096627961, "max_kappa": 11.883496456236594, "Lcoil": [3.375, 3.132, 3.378, 3.216], "I_over_uniform": [1.226, 1.363, 1.391, 0.377], "n_active_bounds": 26, "time_s": 66, "status": "Optimization terminated successfully.\n`ftol` condition satisfied. (ftol=1.00e-10)", "nit": 81, "optimality": 1.8802813639945685e-05}
