ERROR:2026-10-09 21:52:26,124:jax._src.xla_bridge:487: Jax plugin configuration error: Exception when calling jax_plugins.xla_cuda12.initialize()
Traceback (most recent call last):
  File "/home/jay/miniconda3/envs/desc-dev/lib/python3.13/site-packages/jax/_src/xla_bridge.py", line 485, in discover_pjrt_plugins
    plugin_module.initialize()
    ~~~~~~~~~~~~~~~~~~~~~~~~^^
  File "/home/jay/miniconda3/envs/desc-dev/lib/python3.13/site-packages/jax_plugins/xla_cuda12/__init__.py", line 328, in initialize
    _check_cuda_versions(raise_on_first_error=True)
    ~~~~~~~~~~~~~~~~~~~~^^^^^^^^^^^^^^^^^^^^^^^^^^^
  File "/home/jay/miniconda3/envs/desc-dev/lib/python3.13/site-packages/jax_plugins/xla_cuda12/__init__.py", line 285, in _check_cuda_versions
    local_device_count = cuda_versions.cuda_device_count()
RuntimeError: jaxlib/cuda/versions_helpers.cc:113: operation cuInit(0) failed: CUDA_ERROR_NO_DEVICE
DESC /home/jay/Documents/desc_dev/DESC/desc
DEVICE requested=cpu obtained=cpu (1x cpu)
nfp 5 nc 3 mode z0 helicity -1.0 nparams 64 order 2 seed -1
{"tag": "init", "cost": 0.8694966223949323, "cost_targets": 0.8670114569346489, "cost_bounds": 0.0024851654602833255, "max_dB": 0.00875908216671716, "max_dG_rel": 0.03656546342496936, "iota": 1.2011658609682028, "eta": 1.2974749726214623, "hel": -1.0, "max_elong": 5.000162971439748, "axis_rc": [0.97653, 0.07857, 0.00451, -0.00012, -8e-05, -1e-05], "axis_zs": [0.0, -0.04627, -0.00038, 0.00022, 7e-05, 0.0], "max_abs_Zaxis": 0.04648284330977415, "min_dpc": 0.09726842162327064, "min_dcc": 0.039978880885845676, "max_kappa": 15.460526487064971, "Lcoil": [2.6, 2.61, 1.864], "I_over_uniform": [1.606, 1.492, -0.004], "n_active_bounds": 25, "L_total": 7.074744497784787, "coil_R_max": 1.4722837418855625, "coil_absz_max": 0.6027615716289801, "mean_kappa2": 0.12086439217462192, "cost_reg": 0.0013864665135637142, "cost_field": 0.8656249904210852, "B2c": -5.3719944707490255, "B20_residual": 6.16688271407911, "max_dGG_rel": 0.7026714323604758}
   Iteration     Total nfev        Cost      Cost reduction    Step norm     Optimality   
       0              1          8.695e-01                                    9.005e-02   
       1              2          6.192e-01      2.503e-01      6.384e+00      3.271e-02   
       2              3          6.039e-01      1.523e-02      5.330e+00      2.242e-03   
       3              4          5.955e-01      8.470e-03      7.765e+00      1.984e-03   
       4              5          5.843e-01      1.113e-02      1.607e+01      9.559e-03   
       5              6          5.706e-01      1.377e-02      3.034e+01      3.808e-02   
       6              7          5.610e-01      9.590e-03      2.383e+01      1.375e-02   
       7              8          5.472e-01      1.374e-02      1.076e+02      6.148e-02   
       8              9          5.470e-01      2.532e-04      8.243e+01      9.704e-02   
       9             10          5.317e-01      1.528e-02      7.607e+00      3.447e-02   
      10             12          5.274e-01      4.362e-03      3.188e+01      4.558e-02   
      11             13          5.205e-01      6.842e-03      2.222e+01      4.056e-03   
      12             14          5.204e-01      1.202e-04      4.292e-01      4.557e-04   
      13             16          5.185e-01      1.856e-03      3.479e+01      2.174e-02   
      14             21          5.185e-01      2.890e-05      1.103e+00      2.070e-02   
      15             22          5.173e-01      1.187e-03      9.690e-02      2.249e-04   
      16             23          5.173e-01      3.059e-05      1.237e-01      7.678e-05   
      17             24          5.172e-01      5.278e-05      2.934e-01      6.270e-05   
      18             25          5.171e-01      1.010e-04      7.100e-01      4.791e-05   
      19             26          5.169e-01      2.069e-04      1.801e+00      6.177e-05   
      20             27          5.165e-01      4.223e-04      4.403e+00      1.215e-04   
      21             28          5.165e-01      1.847e-05      2.021e-01      4.074e-05   
      22             29          5.144e-01      2.075e-03      2.966e+01      1.101e-03   
      23             30          5.131e-01      1.276e-03      2.205e+01      3.972e-03   
      24             31          5.117e-01      1.409e-03      4.531e+01      8.468e-03   
      25             32          5.114e-01      3.069e-04      1.705e+00      6.125e-03   
      26             35          5.109e-01      4.890e-04      6.934e+00      2.252e-04   
      27             36          5.107e-01      1.837e-04      3.789e+00      1.308e-04   
      28             37          5.105e-01      2.394e-04      8.834e+00      3.084e-04   
      29             38          5.102e-01      2.750e-04      1.885e+01      1.143e-03   
      30             39          5.102e-01      1.745e-05      5.127e-02      9.500e-05   
      31             43          5.102e-01      5.462e-05      1.430e+00      1.681e-04   
      32             44          5.102e-01      1.629e-06      1.219e-02      1.365e-04   
      33             45          5.101e-01      4.190e-05      1.744e+00      1.685e-04   
      34             46          5.101e-01      2.638e-06      2.831e-02      3.821e-05   
      35             47          5.101e-01      5.111e-05      4.318e+00      1.733e-04   
      36             48          5.101e-01      8.447e-06      4.076e-02      2.827e-05   
      37             49          5.100e-01      3.620e-05      3.623e+00      1.690e-04   
      38             50          5.100e-01      4.944e-06      2.566e-02      2.068e-05   
      39             51          5.100e-01      1.875e-05      3.587e+00      1.746e-04   
      40             52          5.100e-01      2.367e-05      3.603e+00      1.678e-04   
      41             53          5.100e-01      1.172e-05      5.424e-02      6.010e-05   
      42             55          5.099e-01      1.778e-05      1.928e+00      1.711e-04   
      43             56          5.099e-01      4.182e-06      2.288e-02      1.955e-05   
      44             57          5.099e-01      1.016e-05      1.042e+00      1.426e-05   
      45             58          5.099e-01      2.304e-05      2.703e+00      4.911e-05   
      46             59          5.099e-01      3.767e-05      6.018e+00      1.013e-04   
      47             60          5.099e-01      1.484e-06      1.165e-01      5.911e-05   
      48             64          5.099e-01      3.482e-06      5.245e-01      1.428e-05   
      49             70          5.099e-01      1.875e-09      8.569e-05      1.330e-05   
      50             71          5.099e-01      3.980e-09      2.138e-04      1.036e-05   
      51             72          5.099e-01      5.090e-09      3.995e-04      5.743e-06   
      52             73          5.099e-01      5.868e-09      7.768e-04      2.300e-06   
      53             74          5.099e-01      1.292e-08      2.131e-03      2.227e-06   
      54             75          5.099e-01      3.705e-08      6.281e-03      2.178e-06   
      55             76          5.099e-01      1.076e-07      1.855e-02      2.189e-06   
      56             77          5.099e-01      3.125e-07      5.474e-02      2.238e-06   
      57             78          5.099e-01      8.961e-07      1.605e-01      3.793e-06   
      58             79          5.099e-01      2.466e-06      4.586e-01      5.016e-06   
      59             80          5.099e-01      6.251e-06      1.255e+00      8.577e-06   
      60             81          5.098e-01      1.301e-05      3.152e+00      8.089e-05   
      61             82          5.098e-01      1.526e-05      6.768e+00      2.125e-04   
      62             86          5.098e-01      5.650e-06      3.781e-01      1.149e-05   
      63             87          5.098e-01      2.060e-06      4.496e-01      1.351e-05   
      64             88          5.098e-01      1.066e-06      2.962e-01      5.620e-06   
      65             89          5.098e-01      5.564e-08      1.495e-02      1.218e-06   
      66             90          5.098e-01      5.606e-06      2.411e+00      9.630e-05   
      67             91          5.098e-01      2.205e-07      2.517e-02      3.070e-05   
      68             93          5.098e-01      1.093e-06      1.278e+00      1.122e-04   
      69             94          5.098e-01      3.159e-07      2.924e-03      1.543e-04   
      70             97          5.098e-01      2.493e-06      4.889e-01      2.047e-05   
      71             98          5.098e-01      2.108e-08      1.115e-03      1.940e-05   
      72             99          5.098e-01      2.377e-06      8.507e-01      5.610e-05   
      73             100         5.098e-01      3.650e-06      1.301e+00      6.439e-05   
      74             101         5.098e-01      3.525e-06      4.010e+00      1.858e-04   
      75             104         5.098e-01      4.633e-06      1.643e+00      1.698e-04   
      76             105         5.098e-01      2.737e-06      1.573e-02      1.156e-04   
      77             107         5.098e-01      2.053e-06      1.106e+00      6.705e-05   
      78             110         5.098e-01      7.481e-07      1.330e-01      5.698e-05   
      79             111         5.098e-01      6.269e-07      1.104e-01      4.321e-06   
      80             112         5.098e-01      9.490e-07      2.820e-01      1.212e-05   
      81             113         5.098e-01      1.024e-06      3.381e-01      6.406e-06   
      82             114         5.098e-01      2.756e-06      9.662e-01      4.862e-05   
      83             115         5.098e-01      6.392e-06      2.966e+00      1.451e-04   
      84             116         5.098e-01      3.005e-07      1.739e-02      8.446e-06   
      85             120         5.098e-01      1.491e-06      2.511e-01      7.311e-06   
      86             121         5.098e-01      8.337e-07      2.199e-01      4.945e-05   
      87             122         5.098e-01      1.338e-06      3.870e-01      1.652e-05   
      88             123         5.098e-01      1.281e-06      4.216e-01      2.181e-05   
      89             124         5.098e-01      3.815e-06      1.262e+00      6.617e-05   
      90             125         5.098e-01      1.104e-05      3.716e+00      1.958e-04   
      91             127         5.097e-01      9.433e-06      5.730e+00      2.953e-04   
      92             133         5.097e-01      7.929e-07      1.046e-02      1.534e-04   
      93             134         5.097e-01      1.014e-07      1.903e-03      1.708e-05   
      94             135         5.097e-01      9.445e-08      3.355e-03      1.035e-05   
      95             136         5.097e-01      1.333e-07      7.924e-03      7.511e-06   
      96             137         5.097e-01      3.649e-07      2.296e-02      7.319e-06   
      97             138         5.097e-01      7.133e-07      5.311e-02      6.787e-06   
      98             142         5.097e-01      2.081e-08      2.375e-03      1.510e-05   
      99             143         5.097e-01      3.642e-08      2.705e-03      6.760e-06   
      100            144         5.097e-01      9.064e-08      8.004e-03      6.697e-06   
      101            145         5.097e-01      2.598e-07      2.331e-02      6.499e-06   
      102            146         5.097e-01      7.010e-07      6.568e-02      5.950e-06   
      103            147         5.097e-01      1.606e-06      1.680e-01      4.802e-06   
      104            148         5.097e-01      2.618e-06      3.538e-01      3.670e-06   
      105            149         5.097e-01      2.998e-06      6.477e-01      1.861e-05   
      106            150         5.097e-01      5.926e-09      1.010e-03      1.496e-06   
      107            153         5.097e-01      1.972e-06      7.154e-01      3.135e-05   
      108            154         5.097e-01      3.222e-09      2.934e-04      1.782e-06   
      109            155         5.097e-01      2.172e-06      8.364e-01      4.081e-05   
      110            156         5.097e-01      8.296e-09      7.054e-04      2.095e-06   
      111            157         5.097e-01      2.222e-06      1.030e+00      4.288e-05   
      112            158         5.097e-01      6.940e-09      5.164e-04      4.330e-06   
      113            159         5.097e-01      1.598e-06      1.267e+00      4.941e-05   
      114            160         5.097e-01      1.529e-08      1.094e-03      7.534e-06   
      115            161         5.097e-01      9.810e-07      1.538e+00      3.538e-05   
      116            162         5.097e-01      1.306e-08      4.068e-04      1.476e-05   
      117            164         5.097e-01      8.641e-07      1.822e+00      4.669e-05   
      118            165         5.097e-01      6.496e-08      1.848e-03      1.599e-05   
      119            166         5.097e-01      1.552e-06      1.963e+00      4.877e-05   
      120            167         5.097e-01      2.845e-06      3.030e-01      6.856e-05   
      121            170         5.097e-01      1.678e-06      2.617e-01      1.145e-04   
      122            171         5.097e-01      1.219e-06      2.531e-01      9.271e-06   
      123            172         5.097e-01      9.347e-07      2.666e-01      2.783e-05   
      124            173         5.097e-01      2.416e-06      7.620e-01      8.980e-05   
      125            174         5.097e-01      5.867e-06      2.157e+00      1.097e-04   
      126            175         5.097e-01      2.899e-08      1.409e-03      5.682e-06   
      127            179         5.097e-01      1.023e-06      2.560e-01      9.269e-06   
      128            180         5.097e-01      8.547e-07      2.726e-01      3.556e-05   
      129            181         5.097e-01      2.419e-06      8.177e-01      4.165e-05   
      130            182         5.097e-01      5.063e-06      2.279e+00      1.161e-04   
      131            183         5.097e-01      2.660e-07      3.678e-02      1.117e-05   
      132            184         5.097e-01      1.827e-05      6.264e+00      3.526e-04   
      133            185         5.097e-01      6.689e-07      9.605e-03      4.755e-05   
      134            188         5.097e-01      5.567e-06      2.931e+00      1.701e-04   
      135            191         5.097e-01      4.097e-06      8.205e-01      4.579e-05   
      136            194         5.097e-01      1.915e-07      5.102e-02      2.729e-05   
      137            195         5.097e-01      4.112e-07      1.199e-01      5.559e-06   
      138            196         5.097e-01      9.828e-07      3.274e-01      1.197e-05   
      139            197         5.097e-01      2.411e-06      8.750e-01      2.581e-05   
      140            198         5.097e-01      1.856e-08      5.765e-03      3.707e-06   
      141            199         5.097e-01      5.028e-06      6.591e+00      3.154e-04   
      142            206         5.097e-01      3.476e-07      6.541e-04      2.775e-04   
      143            207         5.097e-01      5.242e-07      1.314e-03      2.070e-04   
      144            208         5.097e-01      4.927e-07      1.969e-03      1.173e-04   
      145            209         5.097e-01      2.379e-07      2.129e-03      3.650e-05   
      146            210         5.097e-01      8.684e-08      2.546e-03      9.471e-06   
      147            211         5.097e-01      1.086e-07      5.623e-03      6.720e-06   
      148            212         5.097e-01      1.773e-07      1.208e-02      5.547e-06   
      149            213         5.097e-01      2.348e-07      3.233e-02      6.761e-05   
      150            214         5.097e-01      4.777e-07      3.174e-02      5.034e-06   
      151            215         5.097e-01      9.044e-07      8.984e-02      4.534e-06   
      152            216         5.097e-01      1.699e-06      1.993e-01      3.705e-06   
      153            217         5.097e-01      2.254e-06      3.742e-01      4.068e-06   
      154            218         5.097e-01      2.093e-06      6.309e-01      8.867e-06   
      155            219         5.096e-01      3.029e-06      1.433e+00      3.472e-05   
      156            220         5.096e-01      4.758e-08      1.295e-02      2.436e-06   
      157            222         5.096e-01      3.646e-06      5.653e+00      1.478e-04   
      158            223         5.096e-01      1.354e-07      5.425e-03      7.946e-05   
      159            227         5.096e-01      3.192e-06      4.146e-01      4.166e-06   
      160            228         5.096e-01      1.549e-06      3.250e-01      4.755e-05   
      161            229         5.096e-01      1.465e-06      4.173e-01      4.568e-05   
      162            230         5.096e-01      1.847e-06      8.967e-01      1.677e-05   
      163            231         5.096e-01      2.515e-06      2.292e+00      4.399e-05   
      164            232         5.096e-01      8.592e-08      1.666e-02      4.163e-05   
      165            235         5.096e-01      1.042e-06      6.741e-01      1.593e-05   
      166            236         5.096e-01      6.383e-07      3.406e-01      2.618e-05   
      167            237         5.096e-01      4.935e-07      3.199e-01      6.962e-06   
      168            238         5.096e-01      1.266e-06      9.112e-01      2.135e-05   
      169            241         5.096e-01      4.210e-07      3.104e-01      5.694e-06   
      170            242         5.096e-01      4.177e-07      2.718e-01      1.013e-05   
      171            243         5.096e-01      1.930e-07      1.298e-01      2.857e-06   
      172            244         5.096e-01      3.378e-06      2.533e+00      1.090e-04   
      173            247         5.096e-01      6.303e-07      8.370e-01      1.995e-05   
      174            248         5.096e-01      1.200e-06      5.874e-01      3.082e-05   
      175            249         5.096e-01      9.665e-09      8.844e-04      2.304e-06   
      176            251         5.096e-01      8.786e-07      2.447e+00      4.957e-05   
      177            252         5.096e-01      2.560e-08      1.787e-03      4.489e-06   
      178            256         5.096e-01      1.283e-06      2.563e-01      6.232e-06   
      179            257         5.096e-01      7.003e-07      2.024e-01      1.117e-05   
      180            258         5.096e-01      8.320e-07      3.626e-01      5.117e-06   
      181            259         5.096e-01      2.170e-09      4.931e-04      4.524e-06   
      182            260         5.096e-01      4.888e-07      1.250e+00      2.079e-05   
      183            261         5.096e-01      3.675e-09      3.422e-04      2.877e-06   
      184            264         5.096e-01      1.072e-06      4.093e-01      3.721e-06   
      185            265         5.096e-01      3.027e-07      1.827e-01      2.862e-06   
      186            266         5.096e-01      6.874e-07      4.773e-01      2.010e-06   
      187            267         5.096e-01      1.851e-06      1.355e+00      7.077e-06   
      188            268         5.096e-01      2.819e-09      3.837e-04      3.076e-06   
      189            270         5.096e-01      4.231e-06      5.385e+00      1.171e-04   
      190            274         5.096e-01      1.920e-06      3.650e-01      9.274e-06   
      191            275         5.096e-01      6.037e-07      2.588e-01      6.847e-06   
      192            276         5.096e-01      2.441e-07      1.541e-01      1.836e-06   
      193            277         5.096e-01      5.026e-07      3.838e-01      5.666e-06   
      194            278         5.096e-01      1.317e-06      1.099e+00      1.868e-05   
      195            281         5.096e-01      4.873e-07      4.218e-01      1.078e-05   
      196            282         5.096e-01      1.262e-06      1.122e+00      2.595e-05   
      197            283         5.096e-01      1.574e-07      1.180e-01      3.581e-05   
      198            284         5.096e-01      1.298e-06      2.792e+00      9.369e-05   
      199            285         5.096e-01      1.004e-06      2.692e-01      1.108e-04   
      200            289         5.096e-01      8.232e-07      1.357e-01      1.367e-06   
      201            290         5.096e-01      3.518e-07      2.449e-01      3.031e-06   
      202            291         5.096e-01      1.751e-07      1.495e-01      2.924e-06   
      203            292         5.096e-01      4.740e-07      4.197e-01      8.826e-06   
      204            293         5.096e-01      1.387e-06      1.247e+00      2.386e-05   
      205            294         5.096e-01      1.315e-07      1.154e-01      6.602e-06   
      206            296         5.096e-01      2.492e-06      5.517e+00      1.930e-04   
      207            299         5.096e-01      3.000e-06      1.084e+00      5.320e-05   
      208            302         5.096e-01      9.758e-07      2.858e-01      7.551e-06   
      209            303         5.096e-01      2.549e-07      1.544e-01      7.082e-06   
      210            304         5.096e-01      7.246e-09      3.717e-03      7.883e-07   
      211            306         5.096e-01      3.837e-07      5.881e-01      9.854e-06   
      212            307         5.096e-01      5.813e-07      4.681e-01      5.130e-06   
      213            308         5.096e-01      1.312e-06      1.310e+00      6.068e-06   
      214            310         5.096e-01      9.359e-08      1.450e+00      3.777e-05   
      215            311         5.096e-01      1.064e-07      7.561e-03      3.764e-06   
      216            315         5.096e-01      5.249e-07      1.369e-01      3.371e-06   
      217            316         5.096e-01      3.712e-07      1.329e-01      3.537e-06   
      218            317         5.096e-01      4.238e-07      2.346e-01      3.931e-06   
      219            318         5.096e-01      5.699e-07      5.127e-01      7.543e-06   
      220            319         5.096e-01      1.400e-06      1.497e+00      2.892e-05   
      221            320         5.096e-01      2.767e-08      1.473e-02      1.966e-06   
      222            321         5.096e-01      5.791e-06      9.206e+00      2.242e-04   
      223            328         5.096e-01      6.316e-07      1.742e-03      1.818e-04   
      224            329         5.096e-01      6.998e-07      2.847e-03      1.164e-04   
      225            330         5.096e-01      4.508e-07      3.533e-03      4.912e-05   
      226            331         5.096e-01      2.101e-07      4.298e-03      1.433e-05   
      227            332         5.096e-01      1.479e-07      6.904e-03      6.382e-06   
      228            333         5.096e-01      7.750e-08      8.888e-03      4.415e-06   
      229            334         5.096e-01      4.957e-08      1.156e-02      1.412e-06   
      230            335         5.096e-01      5.209e-08      2.342e-02      4.010e-06   
      231            336         5.096e-01      1.120e-07      5.787e-02      7.868e-07   
      232            337         5.096e-01      1.720e-07      1.159e-01      3.275e-06   
      233            338         5.096e-01      2.660e-07      2.476e-01      3.169e-06   
      234            339         5.096e-01      5.478e-07      6.701e-01      1.095e-05   
      235            340         5.096e-01      1.605e-06      1.952e+00      4.425e-05   
      236            341         5.096e-01      1.656e-08      1.188e-03      1.954e-05   
      237            343         5.096e-01      4.493e-07      2.985e+00      4.896e-05   
      238            347         5.096e-01      1.192e-06      2.460e-01      2.028e-06   
      239            348         5.096e-01      4.298e-07      1.479e-01      1.853e-05   
      240            349         5.096e-01      4.117e-07      2.250e-01      1.324e-05   
      241            350         5.096e-01      4.144e-07      4.445e-01      5.470e-06   
      242            351         5.096e-01      9.538e-07      1.268e+00      1.302e-05   
      243            352         5.096e-01      3.082e-07      3.396e-01      1.145e-05   
      244            353         5.096e-01      7.827e-07      1.024e+00      1.323e-05   
      245            354         5.096e-01      6.872e-07      9.124e-01      8.153e-06   
      246            358         5.096e-01      6.826e-07      1.292e+00      2.061e-05   
      247            359         5.096e-01      2.269e-08      6.106e-03      2.147e-06   
      248            363         5.096e-01      2.395e-07      1.534e-01      2.623e-06   
      249            364         5.096e-01      9.605e-08      9.051e-02      4.560e-06   
      250            365         5.096e-01      1.873e-07      2.159e-01      2.183e-06   
      251            366         5.096e-01      4.723e-07      6.096e-01      4.384e-06   
      252            367         5.096e-01      5.342e-07      7.074e-01      5.610e-06   
      253            368         5.096e-01      3.534e-07      4.651e-01      4.290e-06   
      254            370         5.096e-01      3.293e-06      7.756e+00      1.285e-04   
      255            371         5.096e-01      8.315e-07      1.188e-01      2.846e-05   
      256            375         5.096e-01      1.364e-06      5.219e-01      9.870e-06   
      257            376         5.096e-01      1.679e-07      1.950e-01      1.545e-05   
      258            377         5.096e-01      1.322e-07      1.708e-01      2.711e-06   
      259            378         5.096e-01      1.106e-07      1.721e-01      2.781e-06   
      260            379         5.096e-01      1.536e-07      2.126e-01      4.340e-06   
      261            380         5.096e-01      4.364e-07      6.280e-01      8.691e-06   
      262            381         5.096e-01      5.803e-10      5.030e-04      2.643e-06   
      263            382         5.096e-01      1.211e-06      1.903e+00      3.002e-05   
      264            383         5.096e-01      6.705e-09      9.386e-04      5.537e-06   
      265            387         5.096e-01      1.305e-07      1.211e-01      8.158e-07   
      266            388         5.096e-01      6.408e-08      8.499e-02      3.913e-06   
      267            389         5.096e-01      1.679e-07      2.366e-01      8.153e-06   
      268            390         5.096e-01      3.769e-09      4.894e-01      1.660e-04   
      269            391         5.096e-01      1.794e-07      6.301e-01      1.645e-05   
      270            393         5.096e-01      3.422e-07      4.302e-01      9.343e-06   
      271            394         5.096e-01      1.624e-07      1.747e-01      3.175e-06   
      272            395         5.096e-01      1.131e-08      1.439e-02      7.183e-07   
      273            396         5.096e-01      4.393e-07      6.732e-01      1.079e-05   
      274            397         5.096e-01      1.726e-08      2.025e-02      1.468e-06   
      275            398         5.096e-01      3.156e-06      6.376e+00      8.047e-05   
      276            402         5.096e-01      8.117e-07      1.921e-01      2.762e-06   
      277            403         5.096e-01      2.147e-07      3.114e-01      3.732e-06   
      278            404         5.096e-01      1.491e-07      6.805e-01      1.000e-05   
      279            410         5.096e-01      4.256e-09      3.508e-04      6.915e-06   
      280            411         5.096e-01      2.056e-09      2.238e-04      4.635e-06   
      281            412         5.096e-01      2.069e-09      3.752e-04      2.283e-06   
      282            413         5.096e-01      2.508e-09      7.923e-04      1.438e-06   
      283            414         5.096e-01      6.055e-09      2.196e-03      1.350e-06   
      284            415         5.096e-01      1.552e-08      6.076e-03      1.256e-06   
      285            416         5.096e-01      3.801e-08      1.666e-02      6.102e-06   
      286            417         5.096e-01      1.020e-07      4.909e-02      8.626e-07   
      287            418         5.096e-01      1.014e-07      6.416e-02      9.400e-07   
      288            419         5.096e-01      2.038e-08      1.552e-02      5.584e-07   
      289            420         5.096e-01      2.771e-07      3.222e-01      3.668e-06   
      290            421         5.096e-01      1.025e-08      1.250e-02      6.375e-07   
      291            422         5.096e-01      7.426e-07      2.797e+00      4.299e-05   
      292            423         5.096e-01      1.130e-07      2.469e-02      8.531e-06   
      293            427         5.096e-01      9.765e-07      2.687e-01      6.729e-06   
      294            428         5.096e-01      1.694e-07      1.003e-01      1.835e-05   
      295            429         5.096e-01      1.571e-07      1.277e-01      9.011e-06   
      296            430         5.096e-01      2.872e-07      3.432e-01      9.778e-06   
      297            431         5.096e-01      1.155e-09      3.756e-04      2.378e-06   
      298            432         5.096e-01      1.000e-06      1.557e+00      2.749e-05   
      299            439         5.096e-01      6.846e-10      2.536e-05      1.410e-05   
      300            440         5.096e-01      1.245e-09      6.528e-05      9.892e-06   
      301            441         5.096e-01      2.983e-09      1.791e-04      8.411e-06   
      302            442         5.096e-01      7.949e-09      5.098e-04      7.144e-06   
      303            443         5.096e-01      2.220e-08      1.480e-03      6.949e-06   
      304            444         5.096e-01      5.942e-09      7.905e-04      1.310e-06   
      305            445         5.096e-01      4.392e-09      1.978e-03      1.282e-06   
      306            446         5.096e-01      1.246e-08      5.785e-03      1.231e-06   
      307            447         5.096e-01      1.816e-08      1.481e-02      7.972e-06   
      308            448         5.096e-01      3.219e-08      1.418e-02      1.008e-06   
      309            449         5.096e-01      5.868e-08      3.919e-02      7.973e-07   
      310            450         5.096e-01      9.577e-08      7.796e-02      5.360e-07   
      311            451         5.096e-01      1.783e-07      1.862e-01      2.966e-06   
      312            452         5.096e-01      2.437e-07      2.859e-01      6.949e-06   
      313            453         5.096e-01      7.005e-09      6.179e-03      7.295e-07   
      314            454         5.095e-01      3.206e-06      4.564e+00      7.703e-05   
      315            458         5.095e-01      1.018e-06      3.092e-01      6.753e-06   
      316            459         5.095e-01      2.247e-07      2.157e-01      4.867e-06   
      317            460         5.095e-01      4.821e-07      5.094e-01      9.171e-06   
      318            462         5.095e-01      2.247e-07      6.224e-01      1.020e-05   
      319            463         5.095e-01      1.179e-08      9.855e-04      3.379e-06   
      320            466         5.095e-01      4.378e-07      2.337e-01      6.455e-06   
      321            467         5.095e-01      1.184e-07      1.017e-01      6.571e-06   
      322            468         5.095e-01      3.081e-07      2.897e-01      6.629e-06   
      323            469         5.095e-01      2.360e-08      1.814e-02      2.476e-06   
      324            470         5.095e-01      1.110e-06      2.386e+00      4.368e-05   
      325            474         5.095e-01      1.005e-06      1.822e-01      5.054e-06   
      326            475         5.095e-01      5.462e-07      2.014e-01      3.560e-06   
      327            476         5.095e-01      2.142e-07      1.322e-01      1.783e-06   
      328            477         5.095e-01      1.915e-07      1.605e-01      2.186e-05   
      329            478         5.095e-01      1.922e-07      1.537e-01      3.008e-06   
      330            479         5.095e-01      3.596e-09      2.700e-03      9.206e-07   
      331            480         5.095e-01      9.612e-07      7.994e-01      1.673e-05   
      332            481         5.095e-01      2.164e-06      2.431e+00      4.777e-05   
      333            485         5.095e-01      7.233e-07      1.434e-01      4.000e-06   
      334            486         5.095e-01      4.174e-07      1.835e-01      3.529e-06   
      335            487         5.095e-01      1.982e-07      1.286e-01      2.420e-06   
      336            488         5.095e-01      2.931e-07      2.061e-01      4.009e-06   
      337            489         5.095e-01      6.770e-07      4.830e-01      6.364e-06   
      338            490         5.095e-01      2.610e-06      1.855e+00      4.051e-05   
      339            491         5.095e-01      6.524e-06      6.012e+00      1.418e-04   
      340            495         5.095e-01      3.603e-06      4.889e-01      2.417e-05   
      341            496         5.095e-01      9.538e-07      2.895e-01      9.508e-06   
      342            497         5.095e-01      6.017e-07      2.784e-01      8.349e-06   
      343            498         5.095e-01      1.614e-06      7.730e-01      2.516e-05   
      344            499         5.095e-01      2.308e-08      2.658e-03      2.656e-06   
      345            500         5.095e-01      1.401e-05      7.072e+00      2.330e-04   
      346            501         5.095e-01      4.502e-07      3.715e-02      2.131e-04   
      347            504         5.095e-01      3.830e-06      2.228e+00      1.013e-04   
      348            506         5.095e-01      3.563e-06      1.821e+00      8.035e-05   
      349            507         5.095e-01      3.114e-06      6.188e-01      1.423e-05   
      350            508         5.095e-01      1.990e-07      4.915e-02      2.660e-05   
      351            509         5.095e-01      1.669e-05      5.953e+00      2.359e-04   
      352            512         5.095e-01      3.796e-06      1.789e+00      9.053e-05   
      353            514         5.095e-01      2.675e-06      1.447e+00      1.274e-04   
      354            515         5.095e-01      7.565e-07      2.524e-01      2.291e-04   
      355            516         5.095e-01      3.709e-06      7.740e-01      3.106e-05   
      356            517         5.095e-01      2.156e-06      6.584e-01      3.149e-05   
      357            518         5.095e-01      3.742e-07      1.076e-01      1.079e-05   
      358            519         5.095e-01      1.221e-05      3.799e+00      3.456e-04   
      359            520         5.094e-01      9.592e-06      6.307e+00      3.175e-04   
      360            521         5.094e-01      1.360e-06      5.438e-02      4.276e-05   
      361            525         5.094e-01      4.372e-06      4.141e-01      1.290e-05   
      362            526         5.094e-01      3.247e-06      4.808e-01      1.064e-05   
      363            527         5.094e-01      1.446e-06      3.606e-01      4.725e-06   
      364            528         5.094e-01      5.589e-07      2.118e-01      1.734e-06   
      365            529         5.094e-01      8.639e-07      4.547e-01      2.838e-06   
      366            530         5.094e-01      1.252e-09      3.799e-04      5.325e-06   
      367            531         5.094e-01      1.082e-06      3.817e+00      9.230e-05   
      368            532         5.094e-01      5.015e-08      6.604e-03      2.821e-05   
      369            535         5.094e-01      4.131e-06      8.724e-01      6.733e-06   
      370            541         5.094e-01      2.320e-10      3.202e-05      2.448e-06   
      371            542         5.094e-01      1.677e-10      2.890e-05      2.236e-06   
      372            543         5.094e-01      2.915e-10      6.557e-05      1.720e-06   
      373            544         5.094e-01      5.207e-10      1.538e-04      1.179e-06   
      374            545         5.094e-01      1.182e-09      4.142e-04      1.168e-06   
      375            546         5.094e-01      3.278e-09      1.206e-03      1.143e-06   
      376            547         5.094e-01      9.373e-09      3.534e-03      1.102e-06   
      377            548         5.094e-01      2.660e-08      1.030e-02      1.037e-06   
      378            549         5.094e-01      7.225e-08      2.923e-02      9.264e-07   
      379            550         5.094e-01      1.776e-07      7.833e-02      8.871e-07   
      380            551         5.094e-01      3.710e-07      1.924e-01      1.498e-06   
      381            552         5.094e-01      7.767e-07      4.924e-01      7.694e-06   
      382            553         5.094e-01      1.112e-07      7.403e-02      8.230e-07   
      383            554         5.094e-01      4.555e-06      4.306e+00      1.042e-04   
      384            555         5.094e-01      6.963e-08      6.365e-03      1.073e-04   
      385            558         5.094e-01      1.454e-06      1.087e+00      1.056e-05   
      386            564         5.094e-01      8.088e-10      7.838e-05      4.813e-06   
      387            565         5.094e-01      1.194e-09      1.548e-04      3.274e-06   
      388            566         5.094e-01      1.326e-09      2.832e-04      2.326e-06   
      389            567         5.094e-01      2.366e-09      7.117e-04      2.317e-06   
      390            568         5.094e-01      6.501e-09      2.071e-03      2.276e-06   
      391            569         5.094e-01      1.782e-08      5.899e-03      2.154e-06   
      392            570         5.094e-01      4.591e-08      1.632e-02      1.907e-06   
      393            571         5.094e-01      1.107e-07      4.383e-02      1.577e-06   
      394            572         5.094e-01      2.293e-07      1.068e-01      1.138e-06   
      395            573         5.094e-01      4.191e-07      2.483e-01      3.011e-06   
      396            574         5.094e-01      9.326e-07      6.661e-01      1.146e-05   
      397            575         5.094e-01      2.474e-06      1.964e+00      4.018e-05   
      398            576         5.094e-01      2.735e-08      3.505e-03      1.946e-06   
      399            580         5.094e-01      3.687e-07      3.534e-01      5.580e-06   
      400            586         5.094e-01      1.286e-10      2.550e-05      2.169e-06   
      401            587         5.094e-01      1.315e-10      4.114e-05      1.286e-06   
      402            588         5.094e-01      2.431e-10      9.897e-05      1.135e-06   
      403            589         5.094e-01      5.465e-10      2.634e-04      1.103e-06   
      404            590         5.094e-01      1.459e-09      7.523e-04      1.041e-06   
      405            591         5.094e-01      4.036e-09      2.172e-03      9.573e-07   
      406            592         5.094e-01      1.121e-08      6.268e-03      8.702e-07   
      407            593         5.094e-01      2.981e-08      1.759e-02      7.394e-07   
      408            594         5.094e-01      7.426e-08      4.776e-02      7.965e-07   
      409            595         5.094e-01      1.820e-07      1.300e-01      1.536e-06   
      410            596         5.094e-01      4.968e-07      3.768e-01      5.855e-06   
      411            597         5.094e-01      1.450e-06      1.121e+00      1.782e-05   
      412            598         5.094e-01      3.838e-06      3.324e+00      8.026e-05   
      413            599         5.094e-01      3.390e-08      1.944e-03      1.015e-05   
      414            603         5.094e-01      4.945e-07      4.289e-01      8.187e-06   
      415            604         5.094e-01      3.166e-07      2.136e-01      2.964e-06   
      416            605         5.094e-01      3.203e-07      2.643e-01      6.644e-06   
      417            606         5.094e-01      5.448e-07      4.905e-01      1.128e-05   
      418            607         5.094e-01      2.705e-07      1.967e-01      9.659e-06   
      419            608         5.094e-01      2.648e-06      2.189e+00      4.901e-05   
      420            609         5.094e-01      1.198e-08      8.406e-04      9.543e-06   
      421            611         5.094e-01      4.114e-06      7.330e+00      1.690e-04   
      422            612         5.094e-01      2.716e-07      7.518e-03      1.127e-04   
      423            616         5.094e-01      2.669e-06      4.807e-01      7.468e-06   
      424            617         5.094e-01      1.064e-06      3.400e-01      3.605e-06   
      425            618         5.094e-01      5.321e-07      2.730e-01      3.844e-06   
      426            619         5.094e-01      2.694e-07      1.930e-01      7.122e-06   
      427            620         5.094e-01      5.770e-07      4.972e-01      1.062e-05   
      428            621         5.094e-01      5.030e-09      4.018e-03      1.103e-06   
      429            622         5.094e-01      3.016e-06      4.287e+00      8.894e-05   
      430            623         5.094e-01      4.267e-08      2.592e-03      1.802e-05   
      431            627         5.094e-01      7.198e-07      2.127e-01      2.749e-06   
      432            632         5.094e-01      6.202e-10      2.716e-04      5.485e-06   
      433            633         5.094e-01      8.103e-10      2.581e-04      1.913e-06   
      434            634         5.094e-01      2.098e-09      7.519e-04      1.976e-06   
      435            635         5.094e-01      6.165e-09      2.237e-03      1.960e-06   
      436            636         5.094e-01      1.807e-08      6.625e-03      1.936e-06   
      437            637         5.094e-01      5.136e-08      1.924e-02      1.893e-06   
      438            638         5.094e-01      1.338e-07      5.310e-02      1.767e-06   
      439            639         5.094e-01      2.837e-07      1.301e-01      1.759e-06   
      440            640         5.094e-01      4.332e-07      2.699e-01      1.696e-06   
      441            641         5.094e-01      3.972e-09      2.715e-03      7.918e-07   
      442            643         5.094e-01      1.362e-07      1.173e+00      2.302e-05   
      443            644         5.094e-01      1.624e-08      1.280e-03      2.041e-06   
      444            647         5.094e-01      8.023e-07      5.259e-01      7.866e-06   
      445            648         5.094e-01      2.841e-07      2.284e-01      7.653e-06   
      446            649         5.094e-01      2.256e-07      2.362e-01      4.332e-06   
      447            650         5.094e-01      6.527e-07      6.985e-01      8.281e-06   
      448            651         5.094e-01      1.602e-06      2.072e+00      4.548e-05   
      449            655         5.094e-01      2.238e-07      1.014e-01      1.076e-06   
      450            656         5.094e-01      1.649e-07      1.244e-01      1.503e-06   
      451            657         5.094e-01      1.169e-07      1.157e-01      1.755e-06   
      452            658         5.094e-01      1.977e-07      2.106e-01      1.937e-06   
      453            659         5.094e-01      5.565e-07      6.207e-01      1.258e-05   
      454            660         5.094e-01      1.055e-09      2.105e-04      2.450e-06   
      455            662         5.094e-01      3.431e-07      1.112e+00      2.334e-05   
      456            663         5.094e-01      6.267e-09      4.486e-04      1.289e-05   
      457            666         5.094e-01      6.760e-07      3.911e-01      8.131e-06   
      458            667         5.094e-01      1.230e-07      1.231e-01      2.313e-05   
      459            668         5.094e-01      2.192e-07      2.339e-01      4.597e-06   
      460            669         5.094e-01      2.138e-07      3.165e-01      7.122e-05   
      461            670         5.094e-01      5.683e-07      7.461e-01      1.427e-05   
      462            671         5.094e-01      8.722e-09      4.056e-03      7.333e-06   
      463            674         5.094e-01      1.403e-07      4.904e-01      1.498e-05   
      464            675         5.094e-01      1.194e-09      1.909e-04      7.222e-06   
      465            678         5.094e-01      3.129e-07      2.227e-01      8.446e-06   
      466            679         5.094e-01      8.730e-08      9.270e-02      5.449e-06   
      467            680         5.094e-01      2.423e-07      2.698e-01      5.549e-06   
      468            681         5.094e-01      1.500e-09      1.565e-03      1.052e-06   
      469            682         5.094e-01      1.982e-06      2.394e+00      5.015e-05   
      470            683         5.094e-01      2.320e-08      2.113e-03      3.479e-05   
      471            687         5.094e-01      1.762e-07      1.371e-01      3.299e-06   
      472            688         5.094e-01      6.717e-08      9.281e-02      7.904e-05   
      473            689         5.094e-01      9.834e-08      8.649e-02      1.419e-06   
      474            690         5.094e-01      2.179e-07      2.454e-01      9.909e-06   
      475            691         5.094e-01      6.399e-07      7.279e-01      1.517e-05   
      476            692         5.094e-01      1.363e-06      2.193e+00      4.487e-05   
      477            693         5.094e-01      1.380e-08      1.322e-03      7.872e-05   
      478            697         5.094e-01      3.087e-07      1.076e-01      2.864e-06   
      479            698         5.094e-01      1.512e-07      8.572e-02      3.450e-05   
      480            699         5.094e-01      1.637e-07      1.191e-01      4.617e-05   
      481            700         5.094e-01      2.953e-07      2.994e-01      1.556e-05   
      482            701         5.094e-01      7.358e-07      8.679e-01      6.288e-06   
      483            703         5.094e-01      4.116e-07      1.362e+00      2.552e-05   
      484            704         5.094e-01      6.467e-09      7.253e-04      6.319e-06   
      485            708         5.094e-01      5.525e-07      2.182e-01      1.269e-06   
      486            709         5.094e-01      1.601e-07      1.044e-01      8.299e-06   
      487            710         5.094e-01      2.333e-07      2.183e-01      3.691e-06   
      488            711         5.094e-01      5.105e-07      5.968e-01      6.229e-06   
      489            712         5.094e-01      3.675e-08      4.245e-02      2.012e-06   
      490            713         5.094e-01      2.975e-06      6.147e+00      1.679e-04   
      491            717         5.094e-01      1.806e-06      4.210e-01      1.239e-05   
      492            718         5.094e-01      2.747e-07      1.964e-01      1.929e-06   
      493            719         5.094e-01      1.241e-07      1.353e-01      2.026e-06   
      494            720         5.094e-01      5.886e-08      7.733e-02      1.524e-05   
      495            721         5.094e-01      3.299e-07      4.232e-01      7.860e-06   
      496            722         5.094e-01      3.922e-07      9.713e-01      2.249e-05   
      497            723         5.094e-01      1.692e-08      1.356e-03      5.828e-06   
      498            727         5.094e-01      2.554e-07      1.273e-01      1.895e-06   
      499            728         5.094e-01      1.097e-07      8.188e-02      4.934e-06   
      500            729         5.094e-01      1.766e-07      1.819e-01      5.230e-06   
      501            730         5.094e-01      4.098e-07      5.051e-01      7.976e-06   
      502            731         5.094e-01      1.559e-07      1.921e-01      7.196e-06   
      503            734         5.094e-01      4.490e-07      5.632e-01      5.807e-06   
      504            735         5.094e-01      1.325e-06      1.681e+00      3.514e-05   
      505            736         5.094e-01      1.647e-07      5.067e+00      1.060e-04   
      506            737         5.094e-01      1.724e-07      5.136e-03      3.107e-05   
      507            741         5.094e-01      2.295e-06      3.981e-01      9.968e-06   
      508            742         5.094e-01      6.702e-07      2.021e-01      3.745e-05   
      509            743         5.094e-01      6.019e-07      2.939e-01      2.151e-05   
      510            744         5.094e-01      8.823e-09      8.266e-04      1.367e-05   
      511            747         5.094e-01      2.101e-07      3.608e-01      6.290e-06   
      512            748         5.094e-01      2.002e-07      1.940e-01      6.888e-06   
      513            749         5.094e-01      3.963e-07      5.257e-01      9.297e-06   
      514            750         5.094e-01      9.205e-07      1.555e+00      3.134e-05   
      515            751         5.094e-01      4.457e-09      4.646e-04      1.210e-05   
      516            755         5.094e-01      1.616e-07      8.548e-02      2.117e-06   
      517            756         5.094e-01      8.307e-08      6.300e-02      7.321e-07   
      518            757         5.094e-01      1.258e-07      1.343e-01      1.249e-06   
      519            758         5.094e-01      2.061e-10      2.145e-04      2.780e-06   
      520            759         5.094e-01      2.302e-07      5.420e-01      1.017e-05   
      521            760         5.094e-01      1.230e-09      5.666e-04      1.393e-06   
      522            763         5.094e-01      3.963e-08      4.386e-01      7.748e-06   
      523            764         5.094e-01      2.824e-07      1.679e-01      3.405e-06   
      524            765         5.094e-01      2.746e-07      3.296e-01      2.893e-06   
      525            766         5.094e-01      3.746e-10      2.058e-04      4.604e-06   
      526            767         5.094e-01      1.482e-06      2.899e+00      5.905e-05   
      527            768         5.094e-01      1.096e-08      9.540e-04      3.788e-05   
      528            772         5.094e-01      5.321e-07      2.064e-01      6.182e-06   
      529            778         5.094e-01      3.859e-11      7.494e-06      3.160e-06   
Optimization terminated successfully.
`ftol` condition satisfied. (ftol=1.00e-10)
         Current function value: 5.094e-01
         Max scaled gradient: 3.160e-06
         Total delta_x: 1.648e+00
         Iterations: 529
         Function evaluations: 778
         Jacobian evaluations: 530
{"tag": "final", "cost": 0.5093544637973406, "cost_targets": 0.5001600464308223, "cost_bounds": 0.00919441736651823, "max_dB": 0.013508605273591599, "max_dG_rel": 0.05968393556933566, "iota": 1.0737172868609874, "eta": 1.8068774469849451, "hel": -1.0, "max_elong": 3.043377235663365, "axis_rc": [0.9558, 0.09489, 0.00596, -0.00014, -0.00012, -1e-05], "axis_zs": [0.0, -0.06961, -0.00235, 0.00023, 0.00011, 1e-05], "max_abs_Zaxis": 0.06996988102570491, "min_dpc": 0.0972680975312457, "min_dcc": 0.039969064103441504, "max_kappa": 15.477750187012372, "Lcoil": [2.607, 2.625, 2.332], "I_over_uniform": [1.624, 1.51, -0.006], "n_active_bounds": 22, "L_total": 7.564088525251471, "coil_R_max": 1.513207997045261, "coil_absz_max": 0.614041728153402, "mean_kappa2": 0.11261743949108963, "cost_reg": 0.0015341277030029934, "cost_field": 0.49862591872781936, "B2c": -3.859113844451182, "B20_residual": 3.7899471550338792, "max_dGG_rel": 0.5925670304519972, "time_s": 897, "status": "Optimization terminated successfully.\n`ftol` condition satisfied. (ftol=1.00e-10)", "nit": 529, "optimality": 3.160459079581687e-06}
