ERROR:2026-10-09 21:16:52,363:jax._src.xla_bridge:487: Jax plugin configuration error: Exception when calling jax_plugins.xla_cuda12.initialize()
Traceback (most recent call last):
  File "/home/jay/miniconda3/envs/desc-dev/lib/python3.13/site-packages/jax/_src/xla_bridge.py", line 485, in discover_pjrt_plugins
    plugin_module.initialize()
    ~~~~~~~~~~~~~~~~~~~~~~~~^^
  File "/home/jay/miniconda3/envs/desc-dev/lib/python3.13/site-packages/jax_plugins/xla_cuda12/__init__.py", line 328, in initialize
    _check_cuda_versions(raise_on_first_error=True)
    ~~~~~~~~~~~~~~~~~~~~^^^^^^^^^^^^^^^^^^^^^^^^^^^
  File "/home/jay/miniconda3/envs/desc-dev/lib/python3.13/site-packages/jax_plugins/xla_cuda12/__init__.py", line 285, in _check_cuda_versions
    local_device_count = cuda_versions.cuda_device_count()
RuntimeError: jaxlib/cuda/versions_helpers.cc:113: operation cuInit(0) failed: CUDA_ERROR_NO_DEVICE
DESC /home/jay/Documents/desc_dev/DESC/desc
DEVICE requested=cpu obtained=cpu (1x cpu)
nfp 2 nc 4 mode z0 helicity 0.0 nparams 81 order 2 seed -1
{"tag": "init", "cost": 0.045762483713019414, "cost_targets": 0.04576246427544093, "cost_bounds": 1.9437578479339554e-08, "max_dB": 0.0014049789198399307, "max_dG_rel": 0.008792196367204816, "iota": 0.4197599830935521, "eta": 0.8215311015173917, "hel": 0.0, "max_elong": 4.665998906325757, "axis_rc": [0.92716, 0.23313, 0.03112, 0.00135, -0.00052, -9e-05], "axis_zs": [0.0, -0.09964, -0.01202, -5e-05, 0.00029, 4e-05], "max_abs_Zaxis": 0.10245772494013423, "min_dpc": 0.1477948936553166, "min_dcc": 0.03999994926035301, "max_kappa": 10.17365821686048, "Lcoil": [3.869, 3.631, 3.941, 2.995], "I_over_uniform": [1.11, 0.878, 1.218, 0.776], "n_active_bounds": 10, "L_total": 14.436655151557108, "coil_R_max": 1.8659510522948766, "coil_absz_max": 0.7722092299063767, "mean_kappa2": 0.08854494201953594, "cost_reg": 0.0018137707440594245, "cost_field": 0.043948693531381505, "B2c": 0.0, "B20_residual": 0.41286763263607557, "max_dGG_rel": 1.0002318020771501}
   Iteration     Total nfev        Cost      Cost reduction    Step norm     Optimality   
       0              1          4.576e-02                                    2.305e-01   
       1              2          1.853e-02      2.724e-02      3.607e-01      4.050e-03   
       2              3          1.846e-02      7.011e-05      3.879e-01      6.319e-05   
       3              4          1.836e-02      9.169e-05      8.633e-01      3.425e-05   
       4              5          1.819e-02      1.765e-04      2.102e+00      4.778e-05   
       5              9          1.819e-02      2.333e-06      9.055e-02      6.755e-04   
       6             10          1.817e-02      1.120e-05      9.239e-02      2.329e-05   
       7             11          1.815e-02      1.974e-05      2.694e-01      2.268e-05   
       8             12          1.810e-02      5.390e-05      7.647e-01      2.125e-05   
       9             13          1.797e-02      1.335e-04      2.058e+00      2.086e-05   
      10             14          1.768e-02      2.879e-04      5.157e+00      2.341e-05   
      11             15          1.714e-02      5.398e-04      1.208e+01      9.745e-05   
      12             16          1.702e-02      1.237e-04      3.306e+00      2.383e-04   
      13             17          1.564e-02      1.374e-03      6.765e+01      2.352e-03   
      14             18          1.536e-02      2.856e-04      3.071e-01      5.246e-04   
      15             19          1.458e-02      7.721e-04      3.891e+01      5.673e-04   
      16             20          1.389e-02      6.919e-04      5.255e+01      6.368e-04   
      17             21          1.383e-02      6.322e-05      3.786e-01      1.533e-04   
      18             23          1.358e-02      2.522e-04      4.539e+01      3.592e-04   
      19             24          1.354e-02      3.767e-05      1.193e-01      2.020e-04   
      20             26          1.318e-02      3.577e-04      2.701e+01      3.892e-04   
      21             27          1.318e-02      2.462e-06      7.579e-03      1.617e-04   
      22             28          1.285e-02      3.336e-04      2.562e+01      3.496e-04   
      23             29          1.262e-02      2.247e-04      3.009e+01      4.576e-04   
      24             36          1.262e-02      1.525e-06      1.552e-03      4.370e-04   
      25             37          1.262e-02      3.674e-06      4.167e-03      3.813e-04   
      26             38          1.261e-02      5.884e-06      8.562e-03      2.663e-04   
      27             39          1.261e-02      4.587e-06      1.147e-02      1.199e-04   
      28             40          1.260e-02      1.877e-06      1.322e-02      5.454e-05   
      29             41          1.260e-02      2.667e-06      3.247e-02      4.947e-05   
      30             42          1.260e-02      5.660e-06      7.927e-02      3.964e-05   
      31             43          1.259e-02      8.064e-06      1.557e-01      2.455e-05   
      32             44          1.258e-02      7.072e-06      2.362e-01      9.886e-06   
      33             45          1.257e-02      5.504e-06      3.904e-01      4.638e-06   
      34             46          1.256e-02      1.044e-05      1.013e+00      9.062e-06   
      35             47          1.254e-02      2.636e-05      2.840e+00      9.104e-06   
      36             48          1.247e-02      6.556e-05      7.827e+00      1.567e-05   
      37             49          1.247e-02      3.901e-07      3.742e-02      3.835e-06   
      38             50          1.221e-02      2.662e-04      4.615e+01      2.129e-03   
      39             51          1.214e-02      6.795e-05      6.721e-02      2.008e-04   
      40             52          1.189e-02      2.442e-04      4.574e+01      2.430e-04   
      41             55          1.179e-02      1.011e-04      8.438e+00      3.660e-05   
      42             56          1.173e-02      6.512e-05      1.033e+01      1.647e-05   
      43             57          1.158e-02      1.503e-04      2.618e+01      1.420e-04   
      44             58          1.158e-02      1.446e-06      3.272e-02      9.285e-05   
      45             61          1.146e-02      1.110e-04      2.439e+01      1.136e-04   
      46             63          1.134e-02      1.242e-04      3.314e+01      3.276e-04   
      47             64          1.133e-02      6.611e-06      2.552e-02      1.404e-04   
      48             65          1.124e-02      9.156e-05      8.794e+01      1.083e-03   
      49             66          1.122e-02      2.506e-05      5.918e-02      1.568e-04   
      50             70          1.102e-02      1.925e-04      4.116e+00      6.917e-05   
      51             71          1.100e-02      2.883e-05      8.070e+00      7.966e-05   
      52             72          1.099e-02      7.377e-07      1.864e-02      1.162e-05   
      53             73          1.094e-02      5.653e-05      1.685e+01      3.623e-05   
      54             74          1.094e-02      1.393e-07      1.393e-02      2.802e-06   
      55             76          1.082e-02      1.159e-04      7.048e+01      1.243e-03   
      56             77          1.076e-02      6.006e-05      6.554e-02      9.464e-04   
      57             81          1.072e-02      4.392e-05      1.443e+00      1.173e-04   
      58             82          1.071e-02      1.242e-05      3.618e+00      2.722e-05   
      59             83          1.068e-02      3.074e-05      1.004e+01      2.285e-05   
      60             84          1.068e-02      9.621e-08      1.156e-02      6.541e-06   
      61             85          1.051e-02      1.701e-04      8.285e+01      1.064e-03   
      62             89          1.043e-02      7.568e-05      1.865e+00      2.253e-04   
      63             90          1.041e-02      1.733e-05      4.757e+00      1.117e-05   
      64             91          1.037e-02      3.862e-05      1.302e+01      3.508e-05   
      65             92          1.027e-02      1.051e-04      3.731e+01      2.158e-04   
      66             95          1.024e-02      2.595e-05      1.462e+01      5.325e-04   
      67             102         1.024e-02      2.555e-06      2.558e-03      4.880e-04   
      68             103         1.024e-02      4.672e-06      5.463e-03      3.934e-04   
      69             104         1.023e-02      5.634e-06      9.429e-03      2.318e-04   
      70             105         1.023e-02      2.583e-06      9.024e-03      8.133e-05   
      71             106         1.023e-02      3.825e-07      5.727e-03      2.116e-05   
      72             107         1.023e-02      2.855e-07      1.264e-02      1.133e-05   
      73             108         1.023e-02      5.313e-07      2.626e-02      6.934e-06   
      74             113         1.023e-02      1.073e-09      7.635e-05      6.905e-06   
      75             114         1.023e-02      2.545e-09      1.935e-04      6.549e-06   
      76             115         1.023e-02      5.623e-09      4.892e-04      5.798e-06   
      77             116         1.023e-02      1.166e-08      1.230e-03      4.843e-06   
      78             117         1.023e-02      2.797e-08      3.344e-03      4.175e-06   
      79             118         1.023e-02      6.596e-08      8.771e-03      3.691e-06   
      80             119         1.023e-02      1.267e-07      2.047e-02      3.054e-06   
      81             120         1.023e-02      2.012e-07      4.436e-02      2.355e-06   
      82             121         1.022e-02      3.784e-07      1.128e-01      3.878e-05   
      83             122         1.022e-02      1.072e-06      3.259e-01      5.006e-06   
      84             123         1.022e-02      2.909e-06      9.358e-01      4.859e-06   
      85             124         1.021e-02      7.909e-06      2.653e+00      9.602e-06   
      86             125         1.019e-02      2.215e-05      7.710e+00      1.270e-05   
      87             126         1.017e-02      2.094e-05      7.379e+00      7.389e-06   
      88             127         1.015e-02      2.065e-05      7.313e+00      8.451e-06   
      89             128         1.013e-02      2.046e-05      7.267e+00      9.097e-06   
      90             129         1.011e-02      1.758e-05      6.260e+00      7.756e-06   
      91             130         1.009e-02      2.004e-05      7.169e+00      8.744e-06   
      92             131         9.830e-03      2.613e-04      1.256e+02      1.250e-03   
      93             135         9.655e-03      1.749e-04      8.353e+01      1.022e-03   
      94             139         9.567e-03      8.812e-05      2.571e+00      3.626e-04   
      95             140         9.561e-03      5.903e-06      4.354e-02      2.064e-04   
      96             141         9.542e-03      1.851e-05      7.381e+00      1.030e-04   
      97             142         9.542e-03      7.443e-07      2.151e-02      2.256e-05   
      98             143         9.523e-03      1.828e-05      7.729e+00      4.192e-05   
      99             144         9.476e-03      4.702e-05      2.166e+01      1.574e-04   
      100            145         9.475e-03      1.382e-06      8.860e-02      9.547e-05   
      101            148         9.463e-03      1.246e-05      7.363e+00      2.388e-04   
      102            149         9.446e-03      1.691e-05      7.627e+00      2.070e-04   
      103            150         9.427e-03      1.884e-05      1.122e+01      3.180e-04   
      104            151         9.408e-03      1.913e-05      9.592e+00      5.871e-04   
      105            152         9.381e-03      2.699e-05      1.310e+01      2.182e-04   
      106            153         9.357e-03      2.340e-05      1.844e+01      1.571e-04   
      107            159         9.356e-03      1.355e-06      1.429e-02      1.152e-04   
      108            160         9.355e-03      4.720e-07      1.036e-02      1.905e-05   
      109            161         9.355e-03      6.942e-07      2.385e-02      1.618e-05   
      110            162         9.354e-03      1.147e-06      5.274e-02      1.100e-05   
      111            163         9.352e-03      1.157e-06      8.384e-02      5.002e-06   
      112            164         9.352e-03      7.932e-07      1.219e-01      2.571e-06   
      113            165         9.351e-03      1.111e-06      2.849e-01      2.346e-06   
      114            166         9.348e-03      2.494e-06      7.463e-01      2.786e-06   
      115            167         9.346e-03      1.688e-06      5.537e-01      3.975e-06   
      116            168         9.345e-03      1.412e-06      4.998e-01      2.397e-06   
      117            169         9.321e-03      2.434e-05      1.182e+01      1.367e-05   
      118            170         9.316e-03      4.826e-06      2.359e+00      6.621e-06   
      119            172         9.257e-03      5.886e-05      4.694e+01      6.470e-04   
      120            179         9.244e-03      1.250e-05      1.288e-02      3.598e-04   
      121            180         9.240e-03      4.275e-06      8.575e-03      1.701e-04   
      122            181         9.239e-03      1.140e-06      6.074e-03      4.530e-05   
      123            182         9.239e-03      2.097e-07      6.248e-03      1.265e-05   
      124            183         9.238e-03      4.002e-07      1.688e-02      8.759e-06   
      125            184         9.238e-03      8.308e-07      3.961e-02      7.377e-06   
      126            185         9.237e-03      3.575e-07      4.531e-02      7.701e-05   
      127            186         9.236e-03      8.681e-07      9.462e-02      2.416e-06   
      128            187         9.236e-03      6.085e-07      1.650e-01      2.665e-06   
      129            188         9.235e-03      1.082e-06      4.107e-01      6.951e-06   
      130            189         9.232e-03      2.556e-06      1.120e+00      6.719e-06   
      131            192         9.232e-03      4.383e-07      3.609e-01      5.525e-05   
      132            193         9.231e-03      1.027e-06      3.576e-01      1.265e-06   
      133            194         9.229e-03      1.934e-06      1.026e+00      1.379e-06   
      134            195         9.224e-03      4.752e-06      2.717e+00      3.723e-06   
      135            196         9.211e-03      1.291e-05      7.795e+00      1.747e-05   
      136            197         9.211e-03      2.177e-07      1.206e-01      1.377e-06   
      137            198         9.119e-03      9.199e-05      6.328e+01      2.895e-04   
      138            199         9.029e-03      9.022e-05      1.523e+02      1.569e-03   
      139            202         8.984e-03      4.463e-05      2.410e+01      9.907e-04   
      140            205         8.906e-03      7.786e-05      7.157e+00      3.271e-04   
      141            206         8.893e-03      1.285e-05      4.214e+00      3.184e-05   
      142            207         8.889e-03      4.565e-06      8.887e+00      3.336e-04   
      143            208         8.888e-03      1.098e-06      8.604e+00      5.685e-04   
      144            209         8.874e-03      1.412e-05      2.532e-01      1.374e-05   
      145            210         8.868e-03      5.900e-06      4.654e+00      4.371e-05   
      146            211         8.853e-03      1.483e-05      1.332e+01      5.693e-06   
      147            212         8.816e-03      3.633e-05      3.779e+01      1.494e-04   
      148            213         8.816e-03      5.034e-07      1.356e-01      2.759e-04   
      149            217         8.812e-03      3.542e-06      1.424e+00      7.397e-05   
      150            218         8.810e-03      2.367e-06      1.774e+00      1.169e-06   
      151            219         8.805e-03      4.936e-06      4.596e+00      6.842e-06   
      152            220         8.792e-03      1.360e-05      1.324e+01      5.864e-06   
      153            221         8.791e-03      2.410e-08      8.097e-03      3.473e-06   
      154            222         8.750e-03      4.134e-05      4.709e+01      1.421e-04   
      155            229         8.750e-03      3.662e-07      3.097e-03      3.811e-05   
      156            230         8.750e-03      1.927e-07      4.560e-03      1.507e-05   
      157            231         8.749e-03      2.190e-07      9.406e-03      1.083e-05   
      158            232         8.749e-03      3.454e-07      2.038e-02      7.741e-06   
      159            233         8.749e-03      4.922e-07      4.100e-02      5.749e-06   
      160            234         8.748e-03      4.385e-07      6.336e-02      2.875e-06   
      161            235         8.748e-03      3.310e-07      9.576e-02      1.095e-06   
      162            236         8.747e-03      3.850e-07      1.991e-01      8.216e-06   
      163            237         8.747e-03      7.890e-07      5.089e-01      8.352e-07   
      164            238         8.745e-03      1.104e-06      1.201e+00      1.834e-04   
      165            239         8.744e-03      1.756e-06      1.229e+00      1.227e-06   
      166            240         8.741e-03      3.148e-06      3.227e+00      1.993e-06   
      167            241         8.732e-03      8.517e-06      9.048e+00      6.035e-06   
      168            242         8.732e-03      4.231e-09      9.112e-04      9.312e-07   
      169            243         8.707e-03      2.542e-05      7.339e+01      4.336e-04   
      170            244         8.704e-03      2.919e-06      7.844e-02      1.245e-03   
      171            248         8.674e-03      2.989e-05      2.287e+00      8.574e-05   
      172            249         8.669e-03      5.212e-06      4.264e+00      8.066e-06   
      173            250         8.666e-03      3.106e-06      3.277e+00      3.777e-05   
      174            251         8.658e-03      7.236e-06      8.582e+00      6.145e-06   
      175            252         8.642e-03      1.605e-05      2.439e+01      8.862e-05   
      176            253         8.632e-03      1.005e-05      1.221e+01      2.298e-05   
      177            257         8.632e-03      5.618e-07      1.063e+00      1.070e-04   
      178            259         8.631e-03      2.744e-07      1.274e-01      1.283e-04   
      179            260         8.630e-03      8.740e-07      4.691e-01      5.801e-07   
      180            261         8.629e-03      1.077e-06      1.344e+00      5.422e-06   
      181            262         8.627e-03      2.892e-06      3.776e+00      6.492e-06   
      182            263         8.627e-03      2.234e-09      4.582e-04      4.278e-06   
      183            264         8.619e-03      7.858e-06      1.091e+01      8.908e-06   
      184            265         8.600e-03      1.862e-05      3.111e+01      1.010e-04   
      185            268         8.596e-03      3.556e-06      7.180e+00      2.035e-04   
      186            269         8.594e-03      2.857e-06      1.146e+00      4.922e-05   
      187            273         8.593e-03      4.616e-07      2.008e-01      4.408e-05   
      188            274         8.593e-03      2.525e-07      1.500e-01      4.052e-06   
      189            275         8.593e-03      2.980e-07      3.923e-01      7.006e-06   
      190            276         8.592e-03      7.354e-07      1.072e+00      1.063e-05   
      191            277         8.590e-03      1.920e-06      2.931e+00      3.049e-06   
      192            278         8.585e-03      4.902e-06      8.453e+00      7.752e-05   
      193            284         8.585e-03      2.690e-07      1.241e-02      1.293e-05   
      194            285         8.585e-03      5.454e-08      5.013e-03      3.531e-06   
      195            286         8.585e-03      5.233e-09      3.777e-03      5.894e-07   
      196            287         8.585e-03      8.853e-09      9.150e-03      4.842e-07   
      197            288         8.585e-03      1.799e-08      2.283e-02      4.728e-07   
      198            289         8.585e-03      4.349e-08      6.233e-02      5.279e-07   
      199            290         8.585e-03      1.162e-07      1.776e-01      8.976e-07   
      200            291         8.584e-03      3.293e-07      5.195e-01      1.312e-06   
      201            292         8.583e-03      9.526e-07      1.530e+00      2.823e-06   
      202            293         8.581e-03      2.745e-06      4.494e+00      5.244e-06   
      203            294         8.573e-03      7.516e-06      1.293e+01      1.781e-05   
      204            296         8.568e-03      5.348e-06      1.836e+01      2.193e-04   
      205            301         8.565e-03      2.785e-06      1.372e-01      5.157e-05   
      206            302         8.564e-03      5.681e-07      6.088e-02      8.017e-07   
      207            303         8.564e-03      1.425e-07      1.077e-01      1.771e-06   
      208            304         8.564e-03      3.242e-07      2.927e-01      3.234e-06   
      209            305         8.563e-03      6.202e-07      6.663e-01      3.039e-06   
      210            306         8.562e-03      1.025e-06      1.455e+00      1.514e-05   
      211            307         8.561e-03      1.445e-06      3.717e+00      8.333e-05   
      212            310         8.560e-03      7.251e-07      5.523e-01      3.573e-05   
      213            311         8.559e-03      5.276e-07      8.437e-01      1.219e-06   
      214            312         8.558e-03      1.241e-06      2.448e+00      1.755e-05   
      215            313         8.555e-03      3.456e-06      6.965e+00      6.318e-06   
      216            314         8.547e-03      7.706e-06      1.916e+01      9.135e-05   
      217            315         8.546e-03      6.927e-07      1.641e-01      1.982e-05   
      218            318         8.545e-03      1.010e-06      4.061e+00      1.067e-04   
      219            319         8.543e-03      2.251e-06      3.638e+00      1.017e-05   
      220            320         8.542e-03      6.808e-07      3.772e+00      1.092e-04   
      221            321         8.540e-03      2.104e-06      3.498e+00      7.645e-06   
      222            322         8.540e-03      5.676e-07      3.425e+00      1.080e-04   
      223            324         8.539e-03      3.767e-07      1.797e+00      1.334e-04   
      224            329         8.539e-03      7.869e-07      6.783e-02      3.112e-05   
      225            330         8.538e-03      1.688e-07      1.229e-02      2.896e-06   
      226            331         8.538e-03      8.097e-09      7.868e-03      3.012e-07   
      227            332         8.538e-03      9.620e-09      1.612e-02      2.873e-07   
      228            333         8.538e-03      1.861e-08      4.053e-02      2.745e-07   
      229            334         8.538e-03      4.258e-08      1.069e-01      6.473e-07   
      230            335         8.538e-03      1.153e-07      3.078e-01      7.929e-07   
      231            336         8.538e-03      3.288e-07      9.012e-01      1.017e-06   
      232            337         8.537e-03      9.347e-07      2.629e+00      1.651e-06   
      233            338         8.535e-03      2.432e-06      7.322e+00      5.489e-06   
      234            339         8.532e-03      2.688e-06      2.015e+01      5.888e-05   
      235            340         8.531e-03      5.639e-07      4.235e-02      1.393e-05   
      236            344         8.530e-03      1.701e-06      1.684e+00      3.010e-05   
      237            345         8.529e-03      4.796e-07      7.699e-01      5.452e-06   
      238            346         8.529e-03      6.108e-07      1.732e+00      2.027e-05   
      239            350         8.528e-03      3.008e-08      4.971e-02      1.552e-05   
      240            351         8.528e-03      2.746e-08      6.952e-02      2.919e-07   
      241            352         8.528e-03      5.558e-08      2.000e-01      2.826e-07   
      242            353         8.528e-03      1.499e-07      5.642e-01      3.648e-06   
      243            354         8.528e-03      3.871e-07      1.565e+00      5.249e-06   
      244            355         8.528e-03      4.813e-09      7.552e-04      3.906e-07   
      245            356         8.527e-03      1.125e-06      5.214e+00      5.291e-06   
      246            357         8.527e-03      5.422e-08      7.659e-03      3.920e-06   
      247            358         8.526e-03      4.320e-07      7.587e+00      4.807e-05   
      248            361         8.525e-03      1.210e-06      2.950e+00      4.007e-05   
      249            362         8.524e-03      5.380e-07      1.521e+00      6.459e-06   
      250            363         8.524e-03      3.585e-07      1.279e+00      5.427e-06   
      251            364         8.524e-03      4.921e-07      1.665e+00      5.460e-06   
      252            365         8.523e-03      4.841e-07      2.273e+00      7.338e-06   
      253            366         8.523e-03      1.454e-08      1.471e-02      3.408e-07   
      254            369         8.523e-03      1.570e-07      1.390e+00      5.185e-06   
      255            370         8.523e-03      2.011e-07      9.624e-01      4.200e-06   
      256            371         8.522e-03      3.843e-07      2.522e+00      3.663e-06   
      257            378         8.522e-03      5.664e-10      1.254e-04      2.625e-06   
      258            379         8.522e-03      3.490e-10      9.221e-05      1.864e-06   
      259            380         8.522e-03      3.686e-10      1.523e-04      9.544e-07   
      260            381         8.522e-03      1.993e-10      1.776e-04      3.600e-07   
      261            382         8.522e-03      1.537e-10      3.291e-04      2.597e-07   
      262            383         8.522e-03      3.631e-10      9.026e-04      2.492e-07   
      263            387         8.522e-03      1.189e-11      4.219e-05      5.438e-07   
      264            388         8.522e-03      1.089e-11      3.221e-05      1.323e-07   
      265            389         8.522e-03      1.738e-11      7.658e-05      1.097e-07   
      266            390         8.522e-03      3.906e-11      2.043e-04      1.094e-07   
      267            391         8.522e-03      1.035e-10      5.792e-04      1.087e-07   
      268            392         8.522e-03      2.739e-10      1.630e-03      1.076e-07   
      269            393         8.522e-03      7.445e-10      4.682e-03      1.063e-07   
      270            394         8.522e-03      2.138e-09      1.380e-02      1.057e-07   
      271            395         8.522e-03      6.236e-09      4.082e-02      1.055e-07   
      272            396         8.522e-03      1.808e-08      1.202e-01      1.045e-07   
      273            397         8.522e-03      5.178e-08      3.519e-01      1.021e-07   
      274            398         8.522e-03      1.446e-07      1.016e+00      3.781e-07   
      275            399         8.522e-03      3.653e-07      2.806e+00      3.818e-06   
      276            401         8.522e-03      1.873e-07      4.107e+00      4.863e-05   
      277            402         8.522e-03      1.104e-07      8.843e-03      2.791e-05   
      278            406         8.521e-03      1.052e-07      1.761e-01      7.734e-06   
      279            407         8.521e-03      6.478e-08      2.468e-01      8.168e-07   
      280            408         8.521e-03      5.877e-08      3.179e-01      4.184e-06   
      281            409         8.521e-03      1.079e-07      7.445e-01      3.970e-06   
      282            410         8.521e-03      2.446e-07      1.982e+00      1.321e-05   
      283            411         8.520e-03      5.512e-07      5.820e+00      1.264e-05   
      284            414         8.520e-03      6.566e-07      1.891e+00      1.020e-05   
      285            415         8.519e-03      6.788e-07      2.794e+00      9.210e-06   
      286            417         8.518e-03      6.928e-07      2.486e+00      4.609e-05   
      287            418         8.518e-03      4.935e-07      1.052e+00      7.641e-06   
      288            419         8.518e-03      1.375e-07      1.447e+00      4.645e-05   
      289            420         8.518e-03      1.027e-07      8.762e-02      2.464e-05   
      290            421         8.517e-03      2.182e-07      1.189e+00      3.291e-06   
      291            422         8.517e-03      2.978e-07      2.829e+00      5.395e-06   
      292            423         8.517e-03      1.372e-08      2.663e-03      6.780e-06   
      293            426         8.517e-03      1.048e-07      8.356e-01      2.922e-06   
      294            427         8.517e-03      6.266e-08      4.882e-01      1.127e-05   
      295            428         8.517e-03      1.345e-07      1.250e+00      3.425e-06   
      296            429         8.517e-03      8.965e-08      3.436e+00      8.809e-06   
      297            430         8.517e-03      1.170e-08      1.667e-03      3.728e-06   
      298            434         8.516e-03      1.876e-07      6.096e-01      3.549e-06   
      299            435         8.516e-03      3.648e-08      2.223e-01      1.177e-06   
      300            436         8.516e-03      5.076e-08      4.686e-01      8.745e-07   
      301            437         8.516e-03      9.788e-08      1.174e+00      4.759e-06   
      302            438         8.516e-03      2.000e-07      2.943e+00      7.676e-06   
      303            440         8.516e-03      2.308e-08      3.521e+00      4.238e-06   
      304            441         8.516e-03      5.823e-09      2.438e-03      1.555e-06   
      305            445         8.516e-03      1.221e-07      4.560e-01      2.374e-07   
      306            446         8.516e-03      2.566e-08      1.820e-01      4.075e-07   
      307            447         8.516e-03      2.800e-08      3.223e-01      8.325e-07   
      308            448         8.516e-03      3.479e-08      6.489e-01      9.716e-07   
      309            449         8.516e-03      6.191e-08      1.519e+00      2.896e-06   
      310            450         8.516e-03      8.363e-08      2.972e+00      4.243e-06   
      311            453         8.516e-03      1.250e-08      9.215e-01      5.003e-06   
      312            455         8.516e-03      9.635e-09      5.996e-01      8.333e-06   
      313            457         8.516e-03      5.416e-11      4.256e-01      3.365e-07   
      314            458         8.516e-03      9.351e-09      1.942e-01      3.258e-06   
      315            459         8.516e-03      7.738e-10      3.868e-04      5.169e-07   
      316            461         8.516e-03      1.888e-09      1.531e-01      1.300e-06   
      317            462         8.516e-03      1.984e-09      9.004e-02      3.166e-07   
      318            463         8.516e-03      3.431e-09      2.330e-01      3.505e-07   
      319            464         8.516e-03      7.143e-09      5.727e-01      4.086e-07   
      320            465         8.516e-03      5.811e-09      1.405e+00      5.596e-07   
      321            466         8.516e-03      6.598e-09      6.944e-01      1.830e-06   
      322            467         8.516e-03      1.059e-09      4.416e-01      3.540e-07   
      323            468         8.516e-03      5.270e-10      2.214e-01      5.464e-07   
      324            469         8.516e-03      1.583e-10      1.651e-01      2.105e-07   
      325            470         8.516e-03      1.012e-10      9.835e-02      1.491e-07   
      326            471         8.516e-03      4.316e-12      6.494e-02      3.785e-08   
      327            472         8.516e-03      2.691e-11      3.482e-02      5.987e-08   
      328            473         8.516e-03      3.577e-12      2.458e-02      3.034e-08   
      329            474         8.516e-03      2.352e-12      1.166e-02      1.077e-08   
      330            475         8.516e-03      6.488e-13      7.661e-03      7.146e-09   
`gtol` condition satisfied. (gtol=1.00e-08)
         Current function value: 8.516e-03
         Max scaled gradient: 7.146e-09
         Total delta_x: 1.182e+00
         Iterations: 330
         Function evaluations: 475
         Jacobian evaluations: 331
{"tag": "final", "cost": 0.008515663001612885, "cost_targets": 0.008510353849010124, "cost_bounds": 5.309152602757443e-06, "max_dB": 0.0013000520275561005, "max_dG_rel": 0.007419161458516593, "iota": 0.4154182809384014, "eta": 0.7963010092503034, "hel": 0.0, "max_elong": 4.96037233049984, "axis_rc": [0.91083, 0.21653, 0.02644, 0.00118, -0.0004, -7e-05], "axis_zs": [0.0, -0.09137, -0.01062, -0.00025, 0.00023, 4e-05], "max_abs_Zaxis": 0.09359685178426123, "min_dpc": 0.1639347904040393, "min_dcc": 0.03999969629750356, "max_kappa": 10.173750516048749, "Lcoil": [3.941, 3.742, 3.942, 3.941], "I_over_uniform": [1.081, 0.849, 0.998, 0.955], "n_active_bounds": 16, "L_total": 15.567059404088377, "coil_R_max": 1.8270964742785498, "coil_absz_max": 0.8211255180127414, "mean_kappa2": 0.11335849680214476, "cost_reg": 0.0020975961711486076, "cost_field": 0.006412757677861517, "B2c": -0.17547806993257803, "B20_residual": 0.4434197552481454, "max_dGG_rel": 0.8564324079686733, "time_s": 659, "status": "`gtol` condition satisfied. (gtol=1.00e-08)", "nit": 330, "optimality": 7.146299143617953e-09}
