ERROR:2026-10-09 21:12:00,583:jax._src.xla_bridge:487: Jax plugin configuration error: Exception when calling jax_plugins.xla_cuda12.initialize()
Traceback (most recent call last):
  File "/home/jay/miniconda3/envs/desc-dev/lib/python3.13/site-packages/jax/_src/xla_bridge.py", line 485, in discover_pjrt_plugins
    plugin_module.initialize()
    ~~~~~~~~~~~~~~~~~~~~~~~~^^
  File "/home/jay/miniconda3/envs/desc-dev/lib/python3.13/site-packages/jax_plugins/xla_cuda12/__init__.py", line 328, in initialize
    _check_cuda_versions(raise_on_first_error=True)
    ~~~~~~~~~~~~~~~~~~~~^^^^^^^^^^^^^^^^^^^^^^^^^^^
  File "/home/jay/miniconda3/envs/desc-dev/lib/python3.13/site-packages/jax_plugins/xla_cuda12/__init__.py", line 285, in _check_cuda_versions
    local_device_count = cuda_versions.cuda_device_count()
RuntimeError: jaxlib/cuda/versions_helpers.cc:113: operation cuInit(0) failed: CUDA_ERROR_NO_DEVICE
DESC /home/jay/Documents/desc_dev/DESC/desc
DEVICE requested=cpu obtained=cpu (1x cpu)
nfp 2 nc 4 mode z0 helicity 0.0 nparams 81 order 2 seed -1
{"tag": "init", "cost": 0.2577420607775189, "cost_targets": 0.25772850542780734, "cost_bounds": 1.3555349711628049e-05, "max_dB": 0.027167850774455885, "max_dG_rel": 0.032247494182928035, "iota": 0.4073543938781686, "eta": 0.6335952945509321, "hel": 0.0, "max_elong": 5.000139106401647, "axis_rc": [0.98366, 0.18051, 0.00781, -0.00168, -0.00031, -1e-05], "axis_zs": [0.0, -0.03434, 0.00979, 0.00304, 0.00026, -1e-05], "max_abs_Zaxis": 0.04000274342853837, "min_dpc": 0.14778702667379368, "min_dcc": 0.03999944927447472, "max_kappa": 10.173780940636464, "Lcoil": [3.942, 3.887, 3.943, 3.941], "I_over_uniform": [1.139, 0.827, 1.065, 1.046], "n_active_bounds": 36, "L_total": 15.71272150638377, "coil_R_max": 1.9405040713800639, "coil_absz_max": 0.683566798744429, "mean_kappa2": 0.15730409741773502, "cost_reg": 0.002187236106482803, "cost_field": 0.25554126932132454, "B2c": 2.1009944091188304, "B20_residual": 0.6927526073219845, "max_dGG_rel": 0.7563025001581919}
   Iteration     Total nfev        Cost      Cost reduction    Step norm     Optimality   
       0              1          2.577e-01                                    2.576e-03   
       1              2          2.560e-01      1.755e-03      1.022e+00      7.069e-04   
       2              3          2.548e-01      1.150e-03      1.610e+00      2.736e-04   
       3              4          2.535e-01      1.340e-03      3.179e+00      1.948e-04   
       4              5          2.515e-01      2.037e-03      7.065e+00      2.442e-03   
       5              6          2.482e-01      3.238e-03      1.458e+01      8.201e-04   
       6              7          2.460e-01      2.236e-03      2.955e+01      9.273e-03   
       7              8          2.413e-01      4.702e-03      2.255e+01      1.143e-03   
       8              9          2.367e-01      4.590e-03      5.097e+01      2.272e-03   
       9             10          2.298e-01      6.942e-03      1.047e+02      7.008e-03   
      10             13          2.251e-01      4.681e-03      4.793e+01      2.002e-03   
      11             16          2.241e-01      1.000e-03      1.811e+01      5.307e-03   
      12             22          2.235e-01      6.104e-04      7.998e-02      5.007e-04   
      13             23          2.235e-01      3.553e-06      4.334e-03      3.472e-04   
      14             24          2.235e-01      3.961e-06      7.606e-03      1.706e-04   
      15             25          2.234e-01      4.201e-06      1.422e-02      1.217e-04   
      16             26          2.234e-01      5.899e-06      2.926e-02      5.317e-05   
      17             27          2.234e-01      1.160e-05      7.458e-02      4.727e-05   
      18             28          2.234e-01      1.897e-05      1.658e-01      4.594e-05   
      19             29          2.234e-01      4.573e-05      4.507e-01      4.503e-05   
      20             30          2.233e-01      8.538e-05      1.019e+00      4.654e-05   
      21             31          2.231e-01      2.015e-04      2.854e+00      1.016e-04   
      22             32          2.225e-01      5.595e-04      8.167e+00      2.549e-04   
      23             33          2.224e-01      1.400e-04      1.990e+00      9.315e-05   
      24             34          2.222e-01      1.476e-04      2.146e+00      8.933e-05   
      25             35          2.221e-01      1.565e-04      2.281e+00      1.037e-04   
      26             36          2.219e-01      1.681e-04      2.447e+00      1.022e-04   
      27             37          2.217e-01      1.787e-04      2.598e+00      1.057e-04   
      28             38          2.215e-01      1.900e-04      2.757e+00      1.091e-04   
      29             39          2.213e-01      1.996e-04      2.889e+00      1.229e-04   
      30             40          2.212e-01      1.040e-04      1.493e+00      8.065e-05   
      31             41          2.210e-01      2.178e-04      3.138e+00      8.041e-05   
      32             42          2.208e-01      2.292e-04      3.284e+00      1.208e-04   
      33             43          2.205e-01      2.476e-04      3.527e+00      1.455e-04   
      34             44          2.204e-01      1.313e-04      1.848e+00      1.256e-04   
      35             45          2.202e-01      2.578e-04      3.674e+00      2.809e-04   
      36             52          2.190e-01      1.102e-03      1.811e+01      2.520e-03   
      37             53          2.164e-01      2.624e-03      3.710e+01      1.120e-03   
      38             54          2.111e-01      5.330e-03      8.482e+01      2.512e-03   
      39             55          2.038e-01      7.334e-03      1.795e+02      7.276e-03   
      40             59          2.008e-01      2.997e-03      1.481e+01      4.237e-03   
      41             65          2.003e-01      4.958e-04      7.628e-02      6.306e-04   
      42             66          2.003e-01      7.423e-06      6.258e-03      2.997e-04   
      43             67          2.003e-01      4.610e-06      8.270e-03      1.407e-04   
      44             68          2.003e-01      3.538e-06      1.428e-02      1.071e-04   
      45             69          2.002e-01      4.536e-06      2.830e-02      1.155e-04   
      46             70          2.002e-01      7.087e-06      5.819e-02      3.298e-05   
      47             71          2.002e-01      1.163e-05      1.357e-01      2.936e-05   
      48             72          2.002e-01      2.899e-05      3.775e-01      2.861e-05   
      49             73          2.001e-01      7.126e-05      1.012e+00      3.830e-05   
      50             74          1.999e-01      1.861e-04      2.880e+00      1.206e-04   
      51             75          1.995e-01      4.764e-04      8.026e+00      7.495e-04   
      52             76          1.994e-01      9.979e-05      1.441e+00      6.195e-05   
      53             77          1.991e-01      2.633e-04      3.575e+01      1.007e-02   
      54             78          1.976e-01      1.522e-03      2.801e-01      1.468e-03   
      55             79          1.952e-01      2.417e-03      5.471e+01      7.919e-04   
      56             80          1.947e-01      4.852e-04      1.007e+02      1.362e-03   
      57             83          1.914e-01      3.232e-03      3.513e+01      4.593e-04   
      58             84          1.905e-01      9.237e-04      1.369e+01      2.726e-04   
      59             85          1.896e-01      8.990e-04      2.253e+01      3.638e-04   
      60             86          1.886e-01      1.031e-03      3.709e+01      6.263e-04   
      61             89          1.882e-01      4.377e-04      1.533e+01      1.856e-04   
      62             91          1.880e-01      1.742e-04      6.995e+00      8.599e-04   
      63             95          1.880e-01      2.218e-05      1.470e-01      7.993e-05   
      64             96          1.879e-01      8.701e-06      1.149e-01      8.941e-06   
      65             97          1.879e-01      7.903e-06      3.143e-01      9.239e-06   
      66             98          1.879e-01      2.308e-05      9.311e-01      3.790e-05   
      67             104         1.879e-01      1.626e-08      2.334e-04      3.131e-05   
      68             105         1.879e-01      2.021e-08      4.152e-04      2.031e-05   
      69             106         1.879e-01      2.756e-08      8.759e-04      1.074e-05   
      70             107         1.879e-01      6.109e-08      2.372e-03      7.343e-06   
      71             108         1.879e-01      1.758e-07      7.040e-03      7.639e-06   
      72             109         1.879e-01      5.249e-07      2.108e-02      7.738e-06   
      73             110         1.879e-01      1.572e-06      6.321e-02      7.905e-06   
      74             111         1.879e-01      4.713e-06      1.895e-01      8.776e-06   
      75             112         1.879e-01      1.412e-05      5.684e-01      1.884e-05   
      76             113         1.879e-01      4.205e-05      1.703e+00      6.405e-05   
      77             114         1.879e-01      3.753e-07      5.237e-03      2.720e-05   
      78             115         1.877e-01      1.361e-04      5.777e+00      7.038e-04   
      79             116         1.876e-01      1.187e-04      1.421e+01      3.543e-03   
      80             117         1.868e-01      8.375e-04      1.914e+01      1.368e-03   
      81             118         1.859e-01      8.847e-04      2.900e+01      1.136e-03   
      82             119         1.854e-01      4.772e-04      5.487e+01      5.106e-04   
      83             120         1.853e-01      1.462e-04      1.814e+00      7.082e-05   
      84             124         1.852e-01      7.437e-05      8.599e+00      1.696e-03   
      85             125         1.851e-01      1.278e-04      2.995e+00      1.870e-04   
      86             126         1.850e-01      7.032e-05      7.391e+00      3.083e-04   
      87             127         1.848e-01      1.413e-04      1.525e+01      4.762e-04   
      88             128         1.847e-01      1.548e-04      2.799e+01      1.847e-03   
      89             129         1.844e-01      2.457e-04      4.348e+01      1.418e-03   
      90             132         1.838e-01      5.958e-04      1.679e+01      2.735e-04   
      91             133         1.837e-01      1.007e-04      5.200e+00      1.180e-04   
      92             134         1.837e-01      4.536e-05      9.188e+00      7.056e-05   
      93             135         1.837e-01      2.969e-06      1.646e-01      3.661e-05   
      94             136         1.836e-01      5.951e-05      1.667e+01      8.026e-05   
      95             138         1.836e-01      2.066e-05      2.137e+01      8.078e-05   
      96             141         1.835e-01      8.610e-05      7.645e+00      2.386e-05   
      97             142         1.835e-01      1.254e-05      2.633e+00      2.220e-05   
      98             143         1.835e-01      5.994e-06      2.546e+00      1.483e-05   
      99             144         1.835e-01      5.447e-06      2.670e+00      1.646e-05   
      100            145         1.835e-01      1.145e-05      6.634e+00      3.154e-05   
      101            146         1.835e-01      1.559e-05      1.892e+01      1.242e-04   
      102            147         1.835e-01      1.768e-05      1.392e+01      1.397e-04   
      103            154         1.835e-01      3.230e-07      1.468e-03      1.133e-04   
      104            155         1.835e-01      4.408e-07      2.626e-03      7.599e-05   
      105            156         1.835e-01      4.279e-07      4.310e-03      4.109e-05   
      106            157         1.835e-01      6.627e-07      1.054e-02      3.314e-05   
      107            158         1.835e-01      1.493e-06      2.662e-02      3.089e-05   
      108            159         1.835e-01      3.416e-06      6.786e-02      2.497e-05   
      109            160         1.835e-01      7.182e-07      1.069e-01      3.922e-04   
      110            161         1.834e-01      4.471e-06      7.245e-02      1.074e-05   
      111            162         1.834e-01      1.287e-06      1.016e-01      4.561e-06   
      112            163         1.834e-01      9.587e-07      1.651e-01      2.120e-06   
      113            164         1.834e-01      1.285e-06      3.571e-01      1.759e-05   
      114            165         1.834e-01      2.162e-06      8.305e-01      3.447e-06   
      115            166         1.834e-01      1.378e-06      8.743e-01      6.933e-05   
      116            167         1.834e-01      1.164e-06      1.078e+00      3.154e-05   
      117            168         1.834e-01      9.421e-07      1.650e+00      8.833e-06   
      118            169         1.834e-01      4.589e-07      2.107e+00      1.608e-05   
      119            170         1.834e-01      1.300e-07      1.633e+00      1.349e-05   
      120            173         1.834e-01      8.737e-08      8.410e-01      9.502e-06   
      121            174         1.834e-01      1.751e-07      5.028e-01      9.372e-06   
      122            175         1.834e-01      1.531e-07      6.534e-01      9.645e-06   
      123            176         1.834e-01      2.138e-07      6.424e-01      1.510e-05   
      124            177         1.834e-01      6.621e-07      1.982e+00      9.744e-06   
      125            178         1.834e-01      2.063e-06      3.358e+00      1.791e-05   
      126            179         1.834e-01      7.214e-06      6.488e+00      5.156e-05   
      127            180         1.834e-01      1.147e-05      3.219e+00      2.723e-05   
      128            181         1.834e-01      2.690e-05      1.754e+01      7.824e-05   
      129            182         1.834e-01      6.236e-06      2.472e-01      2.680e-05   
      130            187         1.834e-01      1.154e-05      7.970e+00      5.015e-05   
      131            188         1.834e-01      1.832e-07      5.320e-03      1.013e-05   
      132            191         1.834e-01      2.032e-06      2.653e+00      1.156e-05   
      133            192         1.834e-01      6.890e-07      8.170e-01      1.174e-05   
      134            193         1.834e-01      1.746e-07      3.602e-01      2.827e-06   
      135            194         1.834e-01      1.083e-07      4.096e-01      1.492e-06   
      136            195         1.834e-01      1.030e-07      6.833e-01      2.131e-06   
      137            196         1.834e-01      3.361e-08      5.205e-01      2.819e-06   
      138            197         1.834e-01      2.303e-08      4.047e-01      2.323e-06   
      139            198         1.834e-01      4.940e-09      2.122e-01      1.235e-06   
      140            202         1.834e-01      1.322e-09      5.174e-02      1.860e-07   
      141            203         1.834e-01      2.872e-10      2.892e-02      4.660e-08   
      142            204         1.834e-01      5.176e-11      3.232e-02      9.017e-08   
      143            205         1.834e-01      1.083e-10      1.660e-02      3.920e-08   
      144            206         1.834e-01      9.015e-12      8.638e-03      8.665e-09   
`gtol` condition satisfied. (gtol=1.00e-08)
         Current function value: 1.834e-01
         Max scaled gradient: 8.665e-09
         Total delta_x: 1.098e+00
         Iterations: 144
         Function evaluations: 206
         Jacobian evaluations: 145
{"tag": "final", "cost": 0.18336816548753676, "cost_targets": 0.18273915696122017, "cost_bounds": 0.000629008526316558, "max_dB": 0.028442098644533065, "max_dG_rel": 0.028404652207424323, "iota": 0.27161477981819176, "eta": 0.7067046249083437, "hel": 0.0, "max_elong": 5.003598007966926, "axis_rc": [0.95672, 0.18462, 0.01567, -0.00013, -0.0003, -4e-05], "axis_zs": [0.0, -0.03767, 0.0037, 0.00205, 0.00035, 3e-05], "max_abs_Zaxis": 0.04002092180653885, "min_dpc": 0.1477491812133927, "min_dcc": 0.03999858265006754, "max_kappa": 10.174452144075753, "Lcoil": [3.943, 3.859, 3.954, 3.545], "I_over_uniform": [0.993, 0.933, 1.0, 1.05], "n_active_bounds": 35, "L_total": 15.300942711431986, "coil_R_max": 1.9833482445036323, "coil_absz_max": 0.6082344875991872, "mean_kappa2": 0.1636061414502535, "cost_reg": 0.0020895393532632863, "cost_field": 0.1806496176079569, "B2c": 1.1830452709697796, "B20_residual": 0.3138467211681673, "max_dGG_rel": 0.6102263281647273, "time_s": 294, "status": "`gtol` condition satisfied. (gtol=1.00e-08)", "nit": 144, "optimality": 8.664793069379514e-09}
