ERROR:2026-10-09 18:53:57,813:jax._src.xla_bridge:487: Jax plugin configuration error: Exception when calling jax_plugins.xla_cuda12.initialize()
Traceback (most recent call last):
  File "/home/jay/miniconda3/envs/desc-dev/lib/python3.13/site-packages/jax/_src/xla_bridge.py", line 485, in discover_pjrt_plugins
    plugin_module.initialize()
    ~~~~~~~~~~~~~~~~~~~~~~~~^^
  File "/home/jay/miniconda3/envs/desc-dev/lib/python3.13/site-packages/jax_plugins/xla_cuda12/__init__.py", line 328, in initialize
    _check_cuda_versions(raise_on_first_error=True)
    ~~~~~~~~~~~~~~~~~~~~^^^^^^^^^^^^^^^^^^^^^^^^^^^
  File "/home/jay/miniconda3/envs/desc-dev/lib/python3.13/site-packages/jax_plugins/xla_cuda12/__init__.py", line 285, in _check_cuda_versions
    local_device_count = cuda_versions.cuda_device_count()
RuntimeError: jaxlib/cuda/versions_helpers.cc:113: operation cuInit(0) failed: CUDA_ERROR_NO_DEVICE
DESC /home/jay/Documents/desc_dev/DESC/desc
DEVICE requested=cpu obtained=cpu (1x cpu)
nfp 2 nc 4 mode z0 helicity 0.0 nparams 80 order 1 seed -1
{"tag": "init", "cost": 0.0035725103033101588, "cost_targets": 0.0035721085782598233, "cost_bounds": 4.017250503358004e-07, "max_dB": 0.0027847419717202206, "max_dG_rel": 0.014103834732680422, "iota": 0.4174708350159733, "eta": 0.6649338015384032, "hel": 0.0, "max_elong": 5.0000795963466125, "axis_rc": [0.94331, 0.19539, 0.00765, -0.00285, -0.00034, 3e-05], "axis_zs": [0.0, -0.039, 0.00174, 0.00082, -0.0001, -5e-05], "max_abs_Zaxis": 0.04000070310916675, "min_dpc": 0.14779488630024948, "min_dcc": 0.03999996194425495, "max_kappa": 10.173685294453055, "Lcoil": [3.941, 3.941, 3.941, 3.941], "I_over_uniform": [1.25, 1.256, 1.283, 0.148], "n_active_bounds": 21, "L_total": 15.765225235388991, "coil_R_max": 1.9272410940266662, "coil_absz_max": 0.7229697700664709, "mean_kappa2": 0.08043675724143412, "cost_reg": 0.0021100210986675083, "cost_field": 0.001462087479592315}
   Iteration     Total nfev        Cost      Cost reduction    Step norm     Optimality   
       0              1          3.573e-03                                    7.962e-07   
       1              2          3.572e-03      3.224e-08      1.965e-02      4.225e-07   
       2              3          3.572e-03      5.736e-08      5.116e-02      4.209e-07   
       3              4          3.572e-03      1.651e-07      1.516e-01      4.179e-07   
       4              5          3.572e-03      4.760e-07      4.444e-01      3.993e-07   
       5              6          3.570e-03      1.285e-06      1.257e+00      6.249e-07   
       6              7          3.568e-03      2.960e-06      3.496e+00      3.968e-05   
       7              8          3.561e-03      6.037e-06      6.329e+00      1.004e-05   
       8              9          3.558e-03      3.923e-06      4.546e+00      2.369e-05   
       9             11          3.547e-03      1.104e-05      2.358e+01      4.915e-04   
      10             12          3.543e-03      3.366e-06      2.456e-01      8.659e-05   
      11             13          3.530e-03      1.301e-05      1.378e+01      8.254e-05   
      12             14          3.522e-03      8.246e-06      2.021e+01      1.962e-04   
      13             15          3.510e-03      1.240e-05      1.926e+01      2.378e-04   
      14             16          3.509e-03      7.180e-07      1.928e+01      2.279e-04   
      15             18          3.490e-03      1.916e-05      6.901e+00      2.205e-05   
      16             19          3.482e-03      7.150e-06      5.698e+00      2.206e-05   
      17             20          3.476e-03      6.350e-06      1.645e+01      1.584e-04   
      18             21          3.472e-03      3.734e-06      1.950e+00      6.336e-05   
      19             22          3.466e-03      5.902e-06      1.764e+01      2.178e-04   
      20             23          3.456e-03      1.050e-05      1.680e+01      1.321e-04   
      21             24          3.450e-03      6.197e-06      1.903e+01      1.694e-04   
      22             26          3.448e-03      1.832e-06      1.101e+01      3.662e-05   
      23             27          3.438e-03      1.027e-05      6.412e+00      6.227e-05   
      24             28          3.433e-03      4.687e-06      6.421e+00      1.743e-05   
      25             29          3.428e-03      5.064e-06      1.838e+01      1.619e-04   
      26             30          3.420e-03      8.142e-06      1.800e+01      1.446e-04   
      27             32          3.416e-03      3.424e-06      1.008e+01      2.262e-05   
      28             33          3.413e-03      3.467e-06      4.512e+00      2.986e-05   
      29             34          3.410e-03      3.023e-06      5.450e+00      7.049e-06   
      30             35          3.407e-03      2.568e-06      5.442e+00      7.416e-06   
      31             36          3.403e-03      4.507e-06      1.314e+01      4.568e-05   
      32             37          3.397e-03      5.900e-06      1.458e+01      5.918e-06   
      33             39          3.394e-03      3.005e-06      1.061e+01      2.909e-05   
      34             41          3.392e-03      2.245e-06      6.112e+00      1.019e-05   
      35             42          3.389e-03      2.578e-06      5.609e+00      7.131e-06   
      36             43          3.387e-03      2.413e-06      6.557e+00      1.071e-05   
      37             44          3.384e-03      2.665e-06      8.987e+00      1.965e-05   
      38             45          3.380e-03      3.616e-06      8.355e+00      4.491e-05   
      39             46          3.376e-03      4.411e-06      1.415e+01      5.217e-05   
      40             47          3.376e-03      3.913e-07      8.125e-01      8.035e-06   
      41             48          3.371e-03      4.189e-06      1.146e+01      5.873e-05   
      42             49          3.369e-03      2.506e-06      2.062e+01      1.261e-04   
      43             50          3.366e-03      2.861e-06      3.898e-01      5.280e-05   
      44             53          3.364e-03      2.456e-06      2.614e+00      3.609e-06   
      45             54          3.363e-03      1.033e-06      2.639e+00      1.850e-06   
      46             59          3.363e-03      5.723e-10      1.558e-02      1.435e-05   
      47             60          3.363e-03      9.985e-09      5.236e-03      3.248e-07   
      48             61          3.363e-03      5.796e-09      9.402e-03      2.782e-07   
      49             62          3.363e-03      7.125e-09      2.056e-02      2.210e-07   
      50             63          3.362e-03      2.119e-08      6.159e-02      2.197e-07   
      51             64          3.362e-03      6.172e-08      1.816e-01      2.077e-07   
      52             65          3.362e-03      1.823e-07      5.418e-01      2.735e-07   
      53             66          3.362e-03      5.385e-07      1.614e+00      7.542e-07   
      54             67          3.360e-03      1.549e-06      4.807e+00      7.739e-06   
      55             68          3.356e-03      3.787e-06      1.399e+01      5.326e-05   
      56             75          3.356e-03      3.453e-07      4.646e-03      3.116e-05   
      57             76          3.356e-03      1.129e-07      1.665e-03      2.550e-05   
      58             77          3.356e-03      1.448e-07      3.162e-03      1.803e-05   
      59             78          3.356e-03      1.017e-07      4.013e-03      8.232e-06   
      60             79          3.356e-03      2.975e-08      3.352e-03      2.573e-06   
      61             80          3.356e-03      6.824e-09      2.968e-03      7.082e-07   
      62             81          3.356e-03      2.420e-09      3.518e-03      2.479e-07   
      63             82          3.356e-03      3.144e-09      7.758e-03      2.172e-07   
      64             83          3.356e-03      7.169e-09      2.110e-02      2.114e-07   
      65             84          3.356e-03      2.050e-08      6.243e-02      2.101e-07   
      66             85          3.356e-03      6.090e-08      1.865e-01      2.128e-07   
      67             86          3.355e-03      1.805e-07      5.555e-01      2.693e-07   
      68             87          3.355e-03      5.286e-07      1.647e+00      1.279e-06   
      69             88          3.353e-03      1.548e-06      4.895e+00      9.352e-06   
      70             89          3.353e-03      1.233e-08      8.996e-03      9.615e-07   
      71             90          3.349e-03      3.908e-06      1.435e+01      6.933e-05   
      72             91          3.349e-03      2.717e-07      2.689e-02      1.141e-04   
      73             92          3.345e-03      4.248e-06      1.864e+01      1.185e-04   
      74             93          3.341e-03      3.682e-06      1.967e+01      1.367e-04   
      75             96          3.337e-03      3.802e-06      4.415e+00      9.168e-06   
      76             97          3.336e-03      1.431e-06      2.728e+00      2.429e-06   
      77             98          3.334e-03      2.164e-06      7.655e+00      2.033e-05   
      78             99          3.331e-03      2.475e-06      2.028e+01      1.226e-04   
      79             100         3.331e-03      7.489e-07      3.531e-01      1.066e-04   
      80             103         3.328e-03      2.729e-06      3.559e+00      3.401e-06   
      81             104         3.327e-03      1.162e-06      5.031e+00      7.847e-06   
      82             105         3.326e-03      9.544e-07      6.920e+00      1.183e-05   
      83             107         3.325e-03      5.273e-07      4.575e+00      9.596e-06   
      84             108         3.324e-03      1.224e-06      3.621e+00      4.890e-06   
      85             109         3.324e-03      2.013e-07      1.393e-01      1.832e-06   
      86             110         3.323e-03      9.409e-07      8.916e+00      2.419e-05   
      87             111         3.322e-03      5.271e-07      9.814e-02      1.796e-05   
      88             114         3.322e-03      6.237e-07      1.896e+00      2.128e-06   
      89             115         3.321e-03      3.179e-07      1.264e+00      1.039e-06   
      90             116         3.321e-03      5.053e-07      2.345e+00      2.714e-06   
      91             117         3.319e-03      1.363e-06      6.847e+00      1.692e-05   
      92             118         3.319e-03      8.285e-09      6.308e-02      2.318e-05   
      93             119         3.318e-03      1.718e-06      1.263e+01      6.288e-05   
      94             121         3.317e-03      4.196e-07      7.417e+00      1.690e-05   
      95             124         3.316e-03      1.460e-06      1.561e+00      1.723e-06   
      96             125         3.316e-03      3.312e-07      1.709e+00      1.285e-06   
      97             126         3.315e-03      2.150e-07      1.295e+00      1.354e-06   
      98             127         3.315e-03      5.456e-07      3.654e+00      5.453e-06   
      99             128         3.314e-03      5.016e-07      8.177e+00      5.306e-05   
      100            129         3.314e-03      5.120e-07      9.676e+00      3.523e-05   
      101            133         3.313e-03      4.551e-07      6.029e-01      1.851e-05   
      102            134         3.313e-03      5.389e-07      3.008e-01      5.887e-07   
      103            135         3.313e-03      1.551e-07      6.391e-01      1.731e-07   
      104            136         3.312e-03      1.782e-07      1.007e+00      4.493e-07   
      105            137         3.312e-03      1.348e-07      1.019e+00      7.385e-07   
      106            138         3.312e-03      1.656e-07      1.479e+00      7.654e-07   
      107            139         3.312e-03      2.816e-07      3.289e+00      5.104e-06   
      108            140         3.312e-03      2.641e-09      2.219e-03      5.540e-07   
      109            141         3.312e-03      2.661e-07      1.037e+01      1.819e-04   
      110            142         3.311e-03      4.063e-07      5.594e-03      2.291e-05   
      111            145         3.311e-03      1.092e-07      2.686e+00      1.082e-05   
      112            148         3.311e-03      1.111e-07      7.215e-01      3.555e-07   
      113            149         3.311e-03      2.399e-08      4.015e-01      4.673e-06   
      114            150         3.311e-03      3.054e-08      4.644e-01      3.121e-07   
      115            151         3.311e-03      5.302e-08      9.712e-01      1.305e-06   
      116            152         3.311e-03      1.392e-07      2.738e+00      9.743e-06   
      117            153         3.310e-03      2.180e-07      6.679e+00      5.162e-05   
      118            154         3.310e-03      5.115e-09      8.094e-03      4.320e-05   
      119            157         3.310e-03      1.027e-07      1.177e+00      6.705e-07   
      120            158         3.310e-03      4.544e-08      7.929e-01      1.134e-06   
      121            159         3.310e-03      3.498e-10      2.871e-04      3.375e-07   
      122            160         3.310e-03      4.583e-08      1.075e+00      4.269e-07   
      123            161         3.310e-03      6.474e-11      2.373e-04      2.213e-07   
      124            162         3.310e-03      2.453e-07      8.311e+00      4.291e-05   
      125            169         3.310e-03      2.366e-08      4.765e-03      2.331e-05   
      126            170         3.310e-03      1.424e-08      7.549e-04      2.887e-06   
      127            171         3.310e-03      4.726e-09      1.026e-03      2.203e-06   
      128            172         3.310e-03      5.342e-09      1.906e-03      1.497e-06   
      129            173         3.310e-03      3.323e-09      2.348e-03      3.739e-07   
      130            174         3.310e-03      2.324e-09      3.859e-03      1.982e-07   
      131            175         3.310e-03      1.760e-09      5.264e-03      1.089e-07   
      132            176         3.310e-03      5.864e-10      6.109e-03      5.718e-07   
      133            177         3.310e-03      8.277e-10      9.455e-03      3.270e-08   
      134            178         3.310e-03      2.055e-09      2.734e-02      3.226e-08   
      135            179         3.310e-03      4.861e-09      7.115e-02      2.198e-07   
      136            180         3.310e-03      5.959e-09      9.805e-02      5.507e-07   
      137            181         3.310e-03      1.666e-08      3.680e-01      3.468e-07   
      138            185         3.310e-03      7.267e-10      2.328e-02      1.903e-07   
      139            186         3.310e-03      7.964e-10      1.918e-02      1.488e-08   
      140            187         3.310e-03      2.034e-09      5.505e-02      3.774e-08   
      141            188         3.310e-03      5.228e-09      1.506e-01      5.318e-08   
      142            189         3.310e-03      1.371e-08      4.278e-01      1.010e-07   
      143            191         3.310e-03      1.927e-08      6.467e-01      1.100e-07   
      144            192         3.310e-03      4.983e-08      1.795e+00      1.591e-06   
      145            193         3.310e-03      2.051e-10      9.519e-04      8.526e-08   
      146            196         3.310e-03      2.341e-08      1.677e+00      8.279e-07   
      147            197         3.310e-03      1.757e-10      2.888e-04      5.480e-07   
      148            200         3.310e-03      2.527e-08      5.054e-01      1.267e-07   
      149            201         3.310e-03      7.365e-09      2.363e-01      3.743e-07   
      150            202         3.310e-03      1.867e-08      6.516e-01      4.015e-07   
      151            203         3.310e-03      5.334e-08      1.950e+00      1.558e-06   
      152            204         3.310e-03      1.180e-07      5.127e+00      1.709e-05   
      153            207         3.310e-03      1.485e-08      1.393e+00      9.683e-07   
      154            209         3.310e-03      1.345e-08      1.045e+00      4.555e-07   
      155            210         3.310e-03      1.591e-09      4.056e-03      2.763e-07   
      156            213         3.310e-03      1.413e-08      3.403e-01      7.285e-08   
      157            214         3.310e-03      3.195e-09      1.361e-01      5.102e-08   
      158            215         3.310e-03      8.067e-09      3.795e-01      5.407e-08   
      159            216         3.310e-03      5.018e-09      2.416e-01      3.931e-08   
      160            217         3.309e-03      6.111e-08      3.218e+00      5.484e-06   
      161            218         3.309e-03      1.369e-09      2.633e-02      3.349e-07   
      162            219         3.309e-03      1.205e-07      1.618e+01      6.136e-05   
      163            220         3.309e-03      5.626e-08      4.133e-03      7.010e-06   
      164            224         3.309e-03      4.948e-08      1.282e+00      5.987e-07   
      165            225         3.309e-03      7.195e-11      1.015e-04      8.973e-07   
      166            226         3.309e-03      5.866e-09      9.288e-01      5.740e-07   
      167            227         3.309e-03      1.631e-08      7.086e-01      3.661e-07   
      168            228         3.309e-03      8.112e-09      2.476e-01      3.325e-07   
      169            229         3.309e-03      2.044e-10      8.837e-03      1.452e-07   
      170            230         3.309e-03      1.927e-08      1.504e+00      1.477e-06   
      171            231         3.309e-03      1.726e-09      1.753e+00      7.162e-07   
      172            232         3.309e-03      1.038e-10      2.043e-04      2.058e-07   
      173            236         3.309e-03      1.264e-08      2.452e-01      3.604e-08   
      174            237         3.309e-03      4.234e-09      1.361e-01      1.575e-07   
      175            238         3.309e-03      1.701e-12      1.147e-05      4.899e-08   
      176            239         3.309e-03      2.027e-09      6.033e-01      1.212e-07   
      177            240         3.309e-03      3.302e-12      1.812e-05      1.850e-07   
      178            241         3.309e-03      1.604e-09      5.917e-01      1.592e-07   
      179            242         3.309e-03      5.720e-09      2.256e-01      1.511e-06   
      180            243         3.309e-03      3.494e-11      2.012e-03      1.765e-06   
      181            244         3.309e-03      2.104e-09      3.073e-01      3.561e-08   
      182            245         3.309e-03      2.811e-09      2.342e-01      4.078e-07   
      183            246         3.309e-03      5.762e-09      6.432e-01      1.108e-06   
      184            247         3.309e-03      1.346e-08      1.478e+00      1.205e-06   
      185            248         3.309e-03      2.737e-08      3.833e+00      6.417e-06   
      186            252         3.309e-03      3.867e-09      2.089e-01      5.609e-08   
      187            253         3.309e-03      1.249e-09      1.260e-01      1.725e-07   
      188            254         3.309e-03      1.588e-11      1.024e-03      7.366e-08   
      189            255         3.309e-03      4.401e-09      6.076e-01      2.851e-07   
      190            256         3.309e-03      5.984e-09      7.874e-01      1.390e-06   
      191            263         3.309e-03      2.444e-11      2.573e-05      2.580e-07   
      192            264         3.309e-03      4.077e-12      2.462e-05      2.251e-08   
      193            265         3.309e-03      9.317e-13      3.162e-05      1.203e-08   
      194            266         3.309e-03      1.086e-12      6.184e-05      6.404e-09   
`gtol` condition satisfied. (gtol=1.00e-08)
         Current function value: 3.309e-03
         Max scaled gradient: 6.404e-09
         Total delta_x: 3.917e-01
         Iterations: 194
         Function evaluations: 266
         Jacobian evaluations: 195
{"tag": "final", "cost": 0.003309126676376665, "cost_targets": 0.0033088368886540816, "cost_bounds": 2.8978772258460604e-07, "max_dB": 0.0028540377616200372, "max_dG_rel": 0.01441569138011457, "iota": 0.41734805852705115, "eta": 0.664526918889729, "hel": 0.0, "max_elong": 5.00008461246285, "axis_rc": [0.94348, 0.19423, 0.00721, -0.00295, -0.00036, 3e-05], "axis_zs": [0.0, -0.03898, 0.00182, 0.00082, -0.00012, -5e-05], "max_abs_Zaxis": 0.04000075196368895, "min_dpc": 0.1477948952183968, "min_dcc": 0.03999995342448927, "max_kappa": 10.17368074170034, "Lcoil": [3.941, 3.941, 3.941, 2.621], "I_over_uniform": [1.259, 1.254, 1.307, 0.116], "n_active_bounds": 22, "L_total": 14.444716973741746, "coil_R_max": 1.9216981582031614, "coil_absz_max": 0.7267709483247481, "mean_kappa2": 0.0723926510179062, "cost_reg": 0.001819663151645297, "cost_field": 0.0014891737370087846, "time_s": 185, "status": "`gtol` condition satisfied. (gtol=1.00e-08)", "nit": 194, "optimality": 6.4037329047209024e-09}
