ERROR:2026-10-09 20:06:17,926:jax._src.xla_bridge:487: Jax plugin configuration error: Exception when calling jax_plugins.xla_cuda12.initialize()
Traceback (most recent call last):
  File "/home/jay/miniconda3/envs/desc-dev/lib/python3.13/site-packages/jax/_src/xla_bridge.py", line 485, in discover_pjrt_plugins
    plugin_module.initialize()
    ~~~~~~~~~~~~~~~~~~~~~~~~^^
  File "/home/jay/miniconda3/envs/desc-dev/lib/python3.13/site-packages/jax_plugins/xla_cuda12/__init__.py", line 328, in initialize
    _check_cuda_versions(raise_on_first_error=True)
    ~~~~~~~~~~~~~~~~~~~~^^^^^^^^^^^^^^^^^^^^^^^^^^^
  File "/home/jay/miniconda3/envs/desc-dev/lib/python3.13/site-packages/jax_plugins/xla_cuda12/__init__.py", line 285, in _check_cuda_versions
    local_device_count = cuda_versions.cuda_device_count()
RuntimeError: jaxlib/cuda/versions_helpers.cc:113: operation cuInit(0) failed: CUDA_ERROR_NO_DEVICE
DESC /home/jay/Documents/desc_dev/DESC/desc
DEVICE requested=cpu obtained=cpu (1x cpu)
nfp 3 nc 4 mode z0 helicity 0.0 nparams 80 order 1 seed 1
{"tag": "init", "cost": 1853.4664033702397, "cost_targets": 3.638025533336779, "cost_bounds": 1849.828377836903, "max_dB": 0.16620018580796012, "max_dG_rel": 1.0819098601041295, "iota": 0.45205591751575835, "eta": 0.7078461908686022, "hel": 0.0, "max_elong": 3.3949883898629087, "axis_rc": [1.0, 0.04547, 0.0, 0.0, 0.0, 0.0], "axis_zs": [0.0, -0.05041, 0.0, 0.0, 0.0, 0.0], "max_abs_Zaxis": 0.05037784291877794, "min_dpc": 0.13805075320629273, "min_dcc": 0.09416462647246453, "max_kappa": 18.459955603163838, "Lcoil": [2.733, 2.898, 2.834, 2.719], "I_over_uniform": [1.0, 1.0, 1.0, 1.0], "n_active_bounds": 37, "L_total": 11.183106724837973, "coil_R_max": 1.5013258910720948, "coil_absz_max": 0.5111141891586314, "mean_kappa2": 0.08029576800227814, "cost_reg": 0.0, "cost_field": 3.638025533336779}
   Iteration     Total nfev        Cost      Cost reduction    Step norm     Optimality   
       0              1          1.853e+03                                    4.351e+01   
       1              2          1.345e+00      1.852e+03      9.675e+01      5.454e-02   
       2              3          7.393e-01      6.057e-01      3.991e+01      7.541e-03   
       3              4          5.350e-01      2.043e-01      3.834e+01      1.899e-03   
       4              5          4.618e-01      7.316e-02      4.925e+01      1.163e-03   
       5              6          4.310e-01      3.082e-02      6.969e+01      4.924e-02   
       6              7          3.647e-01      6.631e-02      8.264e+01      7.052e-03   
       7              8          2.942e-01      7.045e-02      1.569e+02      2.763e-02   
       8             11          2.914e-01      2.779e-03      3.611e+01      5.260e-02   
       9             12          2.554e-01      3.602e-02      2.198e+01      2.943e-04   
      10             13          2.418e-01      1.361e-02      5.206e+01      4.387e-03   
      11             14          2.294e-01      1.238e-02      1.205e+02      1.711e-02   
      12             15          1.956e-01      3.388e-02      1.032e+02      9.925e-03   
      13             16          1.577e-01      3.787e-02      2.558e+02      1.381e-02   
      14             19          1.388e-01      1.892e-02      6.725e+01      2.343e-02   
      15             21          1.263e-01      1.248e-02      4.652e+01      3.762e-04   
      16             22          1.067e-01      1.955e-02      1.179e+02      7.131e-04   
      17             23          6.978e-02      3.695e-02      2.763e+02      5.929e-03   
      18             27          6.106e-02      8.719e-03      1.791e+01      1.978e-03   
      19             28          5.467e-02      6.396e-03      4.447e+01      3.950e-04   
      20             29          5.149e-02      3.181e-03      1.070e+02      2.362e-02   
      21             35          4.152e-02      9.966e-03      8.676e-01      5.718e-04   
      22             36          4.151e-02      1.220e-05      1.529e-02      3.360e-04   
      23             37          4.150e-02      1.303e-05      2.772e-02      1.637e-04   
      24             38          4.148e-02      1.753e-05      5.796e-02      8.610e-05   
      25             39          4.145e-02      2.382e-05      1.196e-01      7.875e-05   
      26             40          4.140e-02      5.408e-05      3.198e-01      6.845e-05   
      27             41          4.129e-02      1.069e-04      7.677e-01      6.387e-05   
      28             42          4.104e-02      2.555e-04      2.102e+00      6.332e-05   
      29             43          4.035e-02      6.925e-04      6.032e+00      6.283e-05   
      30             44          3.843e-02      1.917e-03      1.721e+01      9.610e-05   
      31             45          3.840e-02      3.164e-05      2.788e-01      6.003e-05   
      32             46          3.234e-02      6.055e-03      1.188e+02      1.473e-02   
      33             47          2.271e-02      9.637e-03      9.235e+01      6.178e-03   
      34             48          1.603e-02      6.674e-03      1.080e+02      1.466e-03   
      35             49          1.326e-02      2.773e-03      1.344e+02      3.874e-03   
      36             50          7.976e-03      5.282e-03      9.813e+01      2.773e-03   
      37             52          5.944e-03      2.032e-03      8.114e+01      1.730e-03   
      38             53          4.960e-03      9.847e-04      1.115e+02      4.267e-03   
      39             54          4.577e-03      3.825e-04      8.358e+01      8.089e-03   
      40             56          4.065e-03      5.117e-04      3.172e+01      4.966e-03   
      41             57          2.757e-03      1.308e-03      2.739e+01      7.469e-04   
      42             58          2.424e-03      3.338e-04      6.909e+01      8.704e-04   
      43             62          2.274e-03      1.498e-04      1.515e+00      5.213e-04   
      44             63          2.238e-03      3.573e-05      1.548e+00      2.755e-05   
      45             64          2.212e-03      2.560e-05      4.476e+00      3.579e-06   
      46             65          2.145e-03      6.790e-05      1.269e+01      9.703e-05   
      47             66          2.142e-03      2.510e-06      2.913e-01      3.761e-06   
      48             67          2.098e-03      4.449e-05      4.162e+01      1.078e-03   
      49             68          1.978e-03      1.193e-04      2.777e-01      5.970e-04   
      50             72          1.949e-03      2.948e-05      7.836e-01      1.296e-04   
      51             73          1.941e-03      7.881e-06      1.410e+00      4.893e-05   
      52             74          1.924e-03      1.696e-05      4.089e+00      3.733e-06   
      53             75          1.880e-03      4.348e-05      1.154e+01      8.384e-05   
      54             76          1.879e-03      1.271e-06      2.040e-01      6.979e-05   
      55             77          1.838e-03      4.137e-05      1.637e+01      3.810e-04   
      56             78          1.823e-03      1.517e-05      1.565e-01      8.439e-05   
      57             79          1.788e-03      3.470e-05      1.095e+01      5.800e-05   
      58             81          1.756e-03      3.149e-05      1.505e+01      3.893e-04   
      59             88          1.755e-03      1.038e-06      1.674e-03      3.721e-04   
      60             89          1.753e-03      2.338e-06      4.152e-03      3.285e-04   
      61             90          1.749e-03      3.900e-06      8.761e-03      2.356e-04   
      62             91          1.746e-03      3.218e-06      1.203e-02      1.086e-04   
      63             92          1.745e-03      8.729e-07      8.622e-03      2.426e-05   
      64             93          1.745e-03      1.334e-07      7.596e-03      6.496e-06   
      65             94          1.745e-03      1.666e-07      1.669e-02      4.463e-06   
      66             95          1.745e-03      2.112e-07      3.095e-02      3.015e-06   
      67             96          1.744e-03      2.264e-07      5.758e-02      1.815e-06   
      68             97          1.744e-03      4.354e-07      1.484e-01      5.317e-06   
      69             98          1.743e-03      1.150e-06      4.271e-01      8.376e-06   
      70             99          1.739e-03      3.392e-06      1.254e+00      1.208e-06   
      71             100         1.730e-03      9.671e-06      3.685e+00      4.457e-06   
      72             101         1.730e-03      8.986e-09      2.774e-03      1.392e-06   
      73             102         1.683e-03      4.629e-05      2.971e+01      2.876e-04   
      74             103         1.677e-03      6.312e-06      4.495e-02      1.215e-04   
      75             104         1.629e-03      4.763e-05      2.137e+01      1.358e-04   
      76             107         1.627e-03      2.771e-06      4.714e+00      3.985e-04   
      77             108         1.613e-03      1.407e-05      3.975e+00      6.595e-05   
      78             109         1.604e-03      8.350e-06      1.137e+01      4.481e-04   
      79             110         1.601e-03      3.269e-06      9.086e-02      2.376e-04   
      80             111         1.589e-03      1.170e-05      5.969e+00      1.797e-04   
      81             112         1.580e-03      9.453e-06      8.942e+00      3.194e-04   
      82             113         1.571e-03      9.195e-06      8.939e+00      3.275e-04   
      83             114         1.566e-03      4.572e-06      3.314e+00      1.413e-05   
      84             115         1.557e-03      8.868e-06      5.523e+00      9.445e-06   
      85             116         1.542e-03      1.560e-05      1.483e+01      2.029e-04   
      86             118         1.534e-03      7.799e-06      1.259e+01      3.740e-04   
      87             121         1.525e-03      8.698e-06      1.675e+00      2.033e-04   
      88             122         1.521e-03      4.353e-06      2.151e+00      4.900e-06   
      89             123         1.514e-03      7.200e-06      6.422e+00      4.722e-05   
      90             129         1.513e-03      1.226e-07      6.167e-03      3.121e-05   
      91             130         1.513e-03      6.111e-08      3.209e-03      3.709e-06   
      92             131         1.513e-03      7.425e-09      3.100e-03      8.599e-07   
      93             132         1.513e-03      1.222e-08      6.683e-03      6.518e-07   
      94             133         1.513e-03      2.104e-08      1.701e-02      4.299e-07   
      95             134         1.513e-03      5.915e-08      4.953e-02      3.566e-07   
      96             135         1.513e-03      1.693e-07      1.453e-01      6.485e-07   
      97             136         1.513e-03      4.994e-07      4.330e-01      1.497e-06   
      98             137         1.511e-03      1.488e-06      1.296e+00      3.482e-06   
      99             138         1.507e-03      4.395e-06      3.861e+00      1.705e-05   
      100            139         1.495e-03      1.152e-05      1.142e+01      1.354e-04   
      101            140         1.475e-03      1.977e-05      1.937e+01      1.602e-04   
      102            141         1.448e-03      2.788e-05      2.748e+01      1.775e-04   
      103            143         1.417e-03      3.097e-05      3.762e+01      3.257e-04   
      104            146         1.406e-03      1.019e-05      6.707e+00      2.817e-04   
      105            147         1.396e-03      1.009e-05      7.695e+00      1.268e-05   
      106            149         1.387e-03      9.488e-06      1.131e+01      1.536e-04   
      107            154         1.386e-03      1.266e-06      9.189e-02      4.546e-05   
      108            155         1.385e-03      1.241e-07      3.006e-02      6.076e-07   
      109            156         1.385e-03      8.583e-08      7.572e-02      6.116e-07   
      110            157         1.385e-03      2.403e-07      2.206e-01      6.728e-07   
      111            158         1.385e-03      5.615e-07      5.578e-01      1.875e-06   
      112            159         1.384e-03      8.963e-07      1.251e+00      2.373e-06   
      113            160         1.380e-03      3.170e-06      4.166e+00      9.590e-06   
      114            161         1.377e-03      3.372e-06      1.234e+01      3.061e-04   
      115            166         1.375e-03      2.483e-06      2.458e-01      3.375e-04   
      116            167         1.372e-03      3.027e-06      6.262e-02      2.728e-06   
      117            168         1.371e-03      2.526e-07      9.569e-02      9.644e-06   
      118            169         1.371e-03      2.174e-07      1.562e-01      2.326e-05   
      119            170         1.371e-03      1.722e-07      1.504e-01      7.422e-06   
      120            171         1.371e-03      3.235e-07      4.012e-01      9.527e-06   
      121            172         1.370e-03      9.038e-07      1.158e+00      7.705e-06   
      122            173         1.367e-03      2.663e-06      3.443e+00      6.486e-06   
      123            174         1.360e-03      6.672e-06      9.816e+00      1.086e-04   
      124            175         1.360e-03      1.535e-07      3.167e-02      8.866e-05   
      125            176         1.358e-03      2.706e-06      1.166e+01      4.030e-04   
      126            177         1.350e-03      7.051e-06      3.057e-02      4.433e-05   
      127            180         1.349e-03      1.784e-06      1.614e+00      6.765e-05   
      128            181         1.346e-03      2.679e-06      2.676e+00      5.448e-06   
      129            182         1.338e-03      7.597e-06      8.202e+00      3.429e-05   
      130            183         1.322e-03      1.596e-05      2.030e+01      1.564e-04   
      131            186         1.319e-03      3.682e-06      5.982e+00      2.467e-04   
      132            187         1.319e-03      8.045e-09      1.226e-01      2.105e-04   
      133            188         1.313e-03      5.475e-06      3.030e+00      1.402e-04   
      134            189         1.313e-03      6.985e-07      4.462e-02      4.251e-05   
      135            190         1.310e-03      2.896e-06      3.361e+00      3.763e-05   
      136            191         1.302e-03      7.241e-06      9.315e+00      2.159e-05   
      137            193         1.293e-03      9.285e-06      1.465e+01      1.493e-04   
      138            194         1.293e-03      4.553e-07      1.109e+00      1.101e-04   
      139            197         1.289e-03      3.502e-06      2.504e+00      1.139e-04   
      140            198         1.286e-03      3.458e-06      3.184e+00      2.692e-05   
      141            199         1.280e-03      5.893e-06      8.121e+00      5.708e-05   
      142            202         1.278e-03      1.949e-06      3.102e+00      8.337e-05   
      143            203         1.275e-03      3.073e-06      3.695e+00      4.032e-05   
      144            205         1.272e-03      2.880e-06      5.551e+00      1.185e-04   
      145            206         1.271e-03      1.153e-06      7.078e-02      4.783e-06   
      146            207         1.267e-03      3.929e-06      5.867e+00      6.920e-05   
      147            210         1.265e-03      1.438e-06      1.835e+00      4.708e-05   
      148            211         1.265e-03      9.278e-07      1.097e+00      1.164e-05   
      149            212         1.264e-03      1.207e-08      5.207e-03      3.581e-06   
      150            214         1.257e-03      7.600e-06      1.428e+01      1.430e-04   
      151            215         1.255e-03      2.085e-06      2.069e-02      5.635e-05   
      152            219         1.254e-03      3.615e-07      3.329e-01      2.421e-05   
      153            222         1.254e-03      3.521e-08      3.807e-02      1.487e-05   
      154            223         1.254e-03      1.181e-07      1.092e-01      4.560e-07   
      155            224         1.254e-03      2.283e-07      3.233e-01      6.209e-07   
      156            225         1.253e-03      6.681e-07      9.593e-01      3.332e-06   
      157            226         1.253e-03      8.734e-07      2.976e+00      9.481e-05   
      158            228         1.252e-03      9.619e-07      1.477e+00      1.256e-04   
      159            229         1.250e-03      1.976e-06      1.434e+00      4.065e-05   
      160            230         1.247e-03      2.489e-06      3.496e+00      2.763e-05   
      161            231         1.243e-03      4.145e-06      1.043e+01      1.615e-04   
      162            232         1.240e-03      2.819e-06      5.415e-02      5.394e-05   
      163            236         1.240e-03      3.304e-07      1.858e-01      7.264e-06   
      164            237         1.239e-03      3.645e-07      5.129e-01      7.550e-06   
      165            238         1.238e-03      1.044e-06      1.497e+00      5.725e-06   
      166            239         1.235e-03      3.089e-06      4.452e+00      5.582e-06   
      167            240         1.235e-03      1.510e-08      2.930e-02      1.370e-05   
      168            241         1.214e-03      2.175e-05      3.906e+01      2.249e-04   
      169            242         1.212e-03      1.087e-06      9.171e-02      6.493e-05   
      170            245         1.210e-03      2.445e-06      3.862e+00      2.888e-04   
      171            247         1.205e-03      5.089e-06      1.939e+00      1.428e-04   
      172            248         1.201e-03      3.461e-06      2.120e+00      3.994e-05   
      173            249         1.201e-03      9.915e-08      4.096e-03      1.861e-05   
      174            250         1.186e-03      1.553e-05      1.881e+01      2.746e-05   
      175            255         1.184e-03      1.664e-06      1.916e-01      1.413e-05   
      176            256         1.184e-03      3.388e-07      2.487e-01      8.433e-06   
      177            257         1.183e-03      7.416e-07      6.678e-01      7.568e-06   
      178            258         1.181e-03      2.089e-06      1.948e+00      6.987e-06   
      179            259         1.175e-03      6.353e-06      5.866e+00      7.135e-06   
      180            260         1.162e-03      1.288e-05      1.334e+01      4.478e-05   
      181            264         1.161e-03      7.977e-07      6.414e-01      4.006e-05   
      182            265         1.160e-03      8.295e-07      9.009e-01      2.446e-06   
      183            266         1.158e-03      2.088e-06      2.685e+00      6.932e-06   
      184            267         1.152e-03      6.295e-06      8.053e+00      7.352e-06   
      185            268         1.133e-03      1.867e-05      2.331e+01      5.752e-05   
      186            271         1.122e-03      1.135e-05      1.056e+01      1.029e-05   
      187            272         1.110e-03      1.147e-05      2.516e+01      4.459e-04   
      188            273         1.103e-03      7.355e-06      5.300e-02      2.161e-05   
      189            276         1.100e-03      3.234e-06      4.561e+00      2.650e-04   
      190            277         1.091e-03      8.547e-06      4.490e+00      8.250e-06   
      191            278         1.076e-03      1.476e-05      1.344e+01      1.988e-05   
      192            279         1.052e-03      2.399e-05      3.120e+01      1.525e-04   
      193            284         1.047e-03      5.433e-06      1.654e-01      5.921e-06   
      194            285         1.047e-03      2.757e-07      2.280e-01      2.202e-05   
      195            286         1.046e-03      3.384e-07      2.443e-01      1.231e-05   
      196            287         1.046e-03      4.871e-07      6.376e-01      5.144e-05   
      197            290         1.046e-03      2.467e-07      1.392e-01      1.436e-05   
      198            291         1.045e-03      1.160e-07      7.984e-02      8.644e-07   
      199            292         1.045e-03      2.449e-07      2.328e-01      4.081e-06   
      200            293         1.045e-03      6.601e-07      6.780e-01      2.166e-05   
      201            294         1.045e-03      4.297e-09      4.849e-02      1.247e-05   
      202            295         1.044e-03      1.041e-06      9.983e-01      1.552e-05   
      203            296         1.041e-03      2.746e-06      2.938e+00      5.267e-05   
      204            303         1.041e-03      1.469e-08      2.561e-04      5.020e-05   
      205            304         1.041e-03      3.343e-08      6.353e-04      4.412e-05   
      206            305         1.041e-03      5.754e-08      1.363e-03      3.124e-05   
      207            306         1.041e-03      5.097e-08      1.968e-03      1.407e-05   
      208            307         1.041e-03      1.404e-08      1.540e-03      3.129e-06   
      209            308         1.041e-03      5.759e-09      1.933e-03      9.280e-07   
      210            309         1.041e-03      3.318e-09      3.184e-03      4.979e-07   
      211            310         1.041e-03      9.553e-09      9.464e-03      5.004e-07   
      212            311         1.041e-03      2.840e-08      2.827e-02      5.018e-07   
      213            312         1.040e-03      8.440e-08      8.441e-02      5.028e-07   
      214            313         1.040e-03      2.515e-07      2.524e-01      8.290e-07   
      215            314         1.039e-03      7.512e-07      7.559e-01      5.140e-06   
      216            315         1.039e-03      7.267e-09      9.032e-03      5.376e-06   
      217            316         1.034e-03      5.724e-06      5.770e+00      1.510e-05   
      218            317         1.017e-03      1.722e-05      1.714e+01      2.544e-05   
      219            318         9.759e-04      4.060e-05      4.531e+01      2.320e-04   
      220            321         9.626e-04      1.336e-05      9.989e+00      4.472e-04   
      221            326         9.598e-04      2.750e-06      1.643e-01      1.213e-04   
      222            327         9.582e-04      1.644e-06      6.817e-02      4.106e-06   
      223            328         9.575e-04      6.457e-07      9.553e-02      2.113e-06   
      224            329         9.574e-04      1.063e-07      7.370e-02      4.845e-07   
      225            330         9.572e-04      1.804e-07      1.969e-01      4.822e-07   
      226            331         9.567e-04      5.086e-07      5.774e-01      2.588e-06   
      227            332         9.553e-04      1.485e-06      1.706e+00      9.295e-06   
      228            333         9.552e-04      1.351e-08      8.067e-03      3.404e-06   
      229            334         9.467e-04      8.578e-06      1.259e+01      1.511e-04   
      230            336         9.359e-04      1.072e-05      1.771e+01      2.909e-04   
      231            342         9.337e-04      2.200e-06      3.178e-02      1.573e-05   
      232            343         9.336e-04      1.074e-07      8.192e-03      3.416e-06   
      233            344         9.335e-04      1.152e-07      1.721e-02      3.153e-06   
      234            345         9.335e-04      4.284e-08      1.741e-02      9.477e-07   
      235            346         9.334e-04      7.041e-08      4.282e-02      8.154e-07   
      236            347         9.334e-04      5.713e-08      6.457e-02      4.307e-07   
      237            348         9.332e-04      1.384e-07      1.849e-01      4.325e-07   
      238            349         9.328e-04      3.995e-07      5.461e-01      1.728e-06   
      239            350         9.316e-04      1.173e-06      1.619e+00      3.872e-06   
      240            351         9.316e-04      5.564e-09      4.799e-03      1.529e-06   
      241            352         9.223e-04      9.343e-06      1.407e+01      1.462e-04   
      242            353         9.218e-04      5.404e-07      2.260e-02      6.782e-05   
      243            354         9.077e-04      1.406e-05      2.462e+01      3.054e-04   
      244            356         8.926e-04      1.507e-05      1.525e+01      5.393e-05   
      245            357         8.878e-04      4.824e-06      3.646e+01      4.499e-04   
      246            363         8.739e-04      1.392e-05      1.023e-01      2.745e-04   
      247            364         8.708e-04      3.060e-06      3.756e-02      7.998e-06   
      248            365         8.699e-04      9.061e-07      5.850e-02      5.133e-06   
      249            366         8.695e-04      3.865e-07      5.197e-02      1.533e-06   
      250            367         8.694e-04      1.527e-07      7.322e-02      7.275e-07   
      251            368         8.692e-04      2.007e-07      1.450e-01      3.473e-07   
      252            369         8.690e-04      2.102e-07      2.847e-01      1.039e-06   
      253            370         8.684e-04      5.333e-07      7.912e-01      3.085e-06   
      254            371         8.670e-04      1.463e-06      2.273e+00      3.657e-06   
      255            372         8.628e-04      4.189e-06      6.652e+00      1.139e-05   
      256            373         8.514e-04      1.142e-05      1.961e+01      9.477e-05   
      257            374         8.501e-04      1.246e-06      3.649e+01      5.696e-04   
      258            375         8.473e-04      2.832e-06      2.389e-01      3.895e-04   
      259            376         8.259e-04      2.136e-05      1.518e+01      1.370e-04   
      260            378         8.221e-04      3.868e-06      1.397e+01      1.058e-04   
      261            379         8.189e-04      3.155e-06      2.068e-01      2.695e-05   
      262            381         8.156e-04      3.276e-06      1.000e+01      4.016e-05   
      263            382         8.097e-04      5.969e-06      9.153e+00      3.762e-05   
      264            383         8.056e-04      4.091e-06      2.337e+01      3.273e-04   
      265            384         7.994e-04      6.208e-06      9.460e-02      3.591e-05   
      266            385         7.945e-04      4.840e-06      2.244e+01      1.921e-04   
      267            387         7.916e-04      2.931e-06      1.347e+01      2.699e-05   
      268            393         7.903e-04      1.312e-06      3.155e-02      2.382e-05   
      269            394         7.880e-04      2.279e-06      6.702e-02      1.733e-05   
      270            395         7.858e-04      2.222e-06      1.023e-01      8.103e-06   
      271            396         7.849e-04      8.370e-07      9.210e-02      2.567e-06   
      272            397         7.847e-04      2.021e-07      8.774e-02      5.582e-07   
      273            398         7.846e-04      9.166e-08      1.178e-01      2.381e-07   
      274            399         7.845e-04      1.593e-07      2.931e-01      8.442e-07   
      275            400         7.841e-04      4.146e-07      8.333e-01      4.265e-06   
      276            401         7.841e-04      7.942e-09      1.326e-02      3.463e-07   
      277            402         7.812e-04      2.876e-06      6.965e+00      3.968e-06   
      278            403         7.812e-04      1.136e-08      1.526e-02      1.382e-05   
      279            404         7.785e-04      2.723e-06      5.868e+00      3.202e-06   
      280            405         7.729e-04      5.582e-06      1.563e+01      1.266e-05   
      281            407         7.658e-04      7.073e-06      2.150e+01      1.158e-04   
      282            409         7.593e-04      6.459e-06      2.536e+01      1.871e-04   
      283            412         7.559e-04      3.436e-06      4.168e+00      5.100e-06   
      284            413         7.525e-04      3.392e-06      1.084e+01      3.438e-05   
      285            414         7.524e-04      1.566e-07      3.296e-02      5.124e-06   
      286            416         7.465e-04      5.831e-06      3.068e+01      2.323e-04   
      287            417         7.450e-04      1.485e-06      4.340e-02      5.162e-05   
      288            419         7.407e-04      4.363e-06      1.462e+01      1.925e-05   
      289            420         7.340e-04      6.686e-06      1.281e+01      2.414e-05   
      290            421         7.319e-04      2.088e-06      1.507e-01      2.544e-05   
      291            422         7.300e-04      1.876e-06      1.224e+01      6.304e-05   
      292            429         7.298e-04      1.935e-07      2.251e-03      1.711e-05   
      293            430         7.298e-04      2.484e-08      6.071e-04      1.336e-05   
      294            431         7.298e-04      3.586e-08      1.287e-03      1.327e-05   
      295            432         7.297e-04      7.420e-08      3.357e-03      1.296e-05   
      296            433         7.295e-04      1.886e-07      9.271e-03      1.205e-05   
      297            434         7.291e-04      4.118e-07      2.303e-02      9.813e-06   
      298            435         7.285e-04      5.656e-07      4.307e-02      5.732e-06   
      299            436         7.282e-04      3.370e-07      4.931e-02      2.282e-06   
      300            437         7.281e-04      8.478e-08      4.041e-02      6.033e-07   
      301            438         7.281e-04      3.344e-08      5.635e-02      1.124e-05   
      302            439         7.280e-04      4.267e-08      9.864e-02      1.233e-07   
      303            440         7.279e-04      9.748e-08      2.782e-01      1.323e-07   
      304            441         7.277e-04      2.743e-07      8.154e-01      4.203e-07   
      305            442         7.277e-04      8.629e-11      2.248e-04      1.324e-07   
      306            443         7.259e-04      1.789e-06      6.791e+00      3.382e-05   
      307            444         7.258e-04      5.743e-08      3.190e-03      4.161e-06   
      308            445         7.231e-04      2.714e-06      1.060e+01      8.791e-05   
      309            446         7.228e-04      2.907e-07      6.164e-03      2.698e-05   
      310            448         7.202e-04      2.634e-06      1.593e+01      1.814e-04   
      311            449         7.191e-04      1.037e-06      6.383e-03      1.034e-04   
      312            451         7.165e-04      2.625e-06      9.185e+00      5.488e-05   
      313            452         7.141e-04      2.367e-06      1.184e+01      9.459e-05   
      314            453         7.133e-04      8.344e-07      9.780e-02      1.047e-05   
      315            455         7.118e-04      1.491e-06      6.783e+00      2.806e-05   
      316            456         7.117e-04      1.461e-07      1.710e-02      5.842e-06   
      317            457         7.092e-04      2.439e-06      1.051e+01      8.303e-05   
      318            458         7.075e-04      1.763e-06      1.510e+01      1.645e-04   
      319            459         7.062e-04      1.276e-06      1.293e-02      6.571e-05   
      320            461         7.050e-04      1.167e-06      8.997e+00      4.932e-05   
      321            462         7.049e-04      1.159e-07      2.230e-03      2.193e-05   
      322            464         7.029e-04      2.025e-06      1.163e+01      9.781e-05   
      323            465         7.023e-04      5.663e-07      9.464e-03      2.078e-05   
      324            467         6.997e-04      2.594e-06      7.759e+00      4.036e-05   
      325            468         6.997e-04      6.280e-08      1.490e-03      2.058e-05   
      326            470         6.967e-04      2.944e-06      1.007e+01      9.280e-05   
      327            471         6.963e-04      3.827e-07      9.476e-03      3.986e-05   
      328            472         6.953e-04      1.068e-06      1.311e+01      1.621e-04   
      329            473         6.943e-04      9.622e-07      6.215e-03      5.060e-05   
      330            476         6.917e-04      2.583e-06      5.077e+00      2.306e-05   
      331            477         6.917e-04      2.599e-08      1.496e-03      5.332e-06   
      332            478         6.895e-04      2.243e-06      1.144e+01      1.695e-04   
      333            479         6.863e-04      3.108e-06      1.234e+01      1.930e-04   
      334            480         6.828e-04      3.566e-06      1.359e+01      2.066e-04   
      335            481         6.784e-04      4.365e-06      1.495e+01      1.854e-04   
      336            482         6.749e-04      3.556e-06      1.771e+01      2.292e-04   
      337            484         6.703e-04      4.560e-06      1.077e+01      9.135e-05   
      338            485         6.687e-04      1.634e-06      3.667e-01      2.947e-05   
      339            486         6.659e-04      2.802e-06      1.017e+01      7.955e-05   
      340            487         6.621e-04      3.754e-06      1.067e+01      8.171e-05   
      341            488         6.582e-04      3.957e-06      1.358e+01      1.234e-04   
      342            489         6.566e-04      1.594e-06      4.359e-01      6.496e-06   
      343            490         6.535e-04      3.019e-06      1.578e+01      1.402e-04   
      344            491         6.518e-04      1.767e-06      6.992e-02      7.342e-05   
      345            492         6.514e-04      3.974e-07      1.791e+01      1.279e-04   
      346            493         6.512e-04      1.293e-07      1.144e-02      1.069e-04   
      347            494         6.417e-04      9.548e-06      1.208e+01      3.023e-05   
      348            495         6.416e-04      1.105e-07      2.697e-03      1.870e-05   
      349            497         6.313e-04      1.034e-05      1.705e+01      8.799e-05   
      350            499         6.244e-04      6.860e-06      1.757e+01      5.201e-05   
      351            501         6.182e-04      6.209e-06      1.105e+01      1.254e-05   
      352            502         6.109e-04      7.319e-06      1.446e+01      2.143e-05   
      353            504         6.017e-04      9.143e-06      2.212e+01      1.233e-04   
      354            505         5.997e-04      2.013e-06      1.529e-01      2.898e-05   
      355            507         5.923e-04      7.373e-06      2.136e+01      2.154e-04   
      356            508         5.897e-04      2.617e-06      2.314e-02      2.877e-05   
      357            510         5.821e-04      7.609e-06      1.282e+01      4.240e-05   
      358            511         5.755e-04      6.566e-06      2.114e+01      1.511e-04   
      359            512         5.751e-04      4.895e-07      2.307e+01      3.536e-04   
      360            513         5.626e-04      1.250e-05      1.503e+01      1.576e-04   
      361            514         5.487e-04      1.381e-05      1.441e+01      8.635e-05   
      362            516         5.387e-04      1.005e-05      1.912e+01      1.212e-04   
      363            517         5.254e-04      1.333e-05      3.838e+01      1.697e-04   
      364            523         5.203e-04      5.075e-06      1.702e-01      5.748e-04   
      365            524         5.151e-04      5.165e-06      4.110e-02      7.516e-06   
      366            525         5.142e-04      9.447e-07      6.496e-02      4.273e-06   
      367            526         5.137e-04      4.826e-07      7.326e-02      1.510e-06   
      368            527         5.135e-04      2.231e-07      9.514e-02      7.150e-07   
      369            528         5.133e-04      1.973e-07      1.664e-01      4.446e-07   
      370            529         5.129e-04      3.362e-07      3.910e-01      3.982e-07   
      371            530         5.121e-04      8.050e-07      1.088e+00      5.534e-07   
      372            531         5.099e-04      2.261e-06      3.149e+00      2.459e-06   
      373            532         5.098e-04      8.733e-08      1.192e-01      3.684e-07   
      374            533         4.930e-04      1.677e-05      2.732e+01      1.187e-04   
      375            534         4.748e-04      1.817e-05      4.595e+01      2.611e-04   
      376            536         4.478e-04      2.708e-05      2.602e+01      1.872e-04   
      377            537         4.184e-04      2.934e-05      2.776e+01      7.170e-05   
      378            539         4.124e-04      6.067e-06      3.832e+01      3.767e-04   
      379            540         3.765e-04      3.581e-05      3.153e+01      1.462e-04   
      380            541         3.617e-04      1.484e-05      4.381e+01      1.918e-04   
      381            542         3.276e-04      3.412e-05      4.308e+01      3.311e-04   
      382            544         3.051e-04      2.246e-05      2.624e+01      3.897e-04   
      383            545         2.827e-04      2.240e-05      3.212e+01      3.045e-04   
      384            546         2.548e-04      2.790e-05      4.400e+01      2.935e-04   
      385            549         2.421e-04      1.273e-05      1.040e+01      1.481e-05   
      386            550         2.377e-04      4.338e-06      2.766e+01      6.300e-04   
      387            551         2.118e-04      2.598e-05      2.457e+01      7.801e-05   
      388            552         2.062e-04      5.563e-06      6.181e+01      4.939e-04   
      389            553         1.656e-04      4.065e-05      4.566e+01      2.462e-04   
      390            554         1.554e-04      1.014e-05      5.452e+01      2.978e-04   
      391            555         1.230e-04      3.247e-05      4.772e+01      2.235e-04   
      392            556         1.100e-04      1.291e-05      5.204e+01      2.503e-04   
      393            557         8.968e-05      2.036e-05      4.629e+01      1.867e-04   
      394            558         7.172e-05      1.796e-05      4.218e+01      1.671e-04   
      395            559         5.961e-05      1.212e-05      4.063e+01      1.566e-04   
      396            560         5.056e-05      9.043e-06      3.754e+01      1.419e-04   
      397            561         4.392e-05      6.643e-06      3.343e+01      1.093e-04   
      398            562         3.851e-05      5.415e-06      3.007e+01      8.592e-05   
      399            563         3.387e-05      4.641e-06      2.855e+01      1.009e-04   
      400            564         3.313e-05      7.328e-07      3.237e+01      2.989e-04   
Warning: Maximum number of iterations has been exceeded.
         Current function value: 3.313e-05
         Max scaled gradient: 2.989e-04
         Total delta_x: 2.211e+00
         Iterations: 400
         Function evaluations: 564
         Jacobian evaluations: 401
{"tag": "final", "cost": 3.313229554885779e-05, "cost_targets": 2.9553834380036366e-05, "cost_bounds": 3.5784611688214253e-06, "max_dB": 0.00032704973000822075, "max_dG_rel": 0.0022290936189865956, "iota": 0.3999645709243907, "eta": 0.7029914681041483, "hel": 0.0, "max_elong": 5.000003424487499, "axis_rc": [0.98568, 0.07526, 0.00197, -0.00036, -2e-05, 0.0], "axis_zs": [0.0, -0.01989, 0.00019, 0.00014, -0.0, 0.0], "max_abs_Zaxis": 0.020000005544585742, "min_dpc": 0.12655842809150933, "min_dcc": 0.03999114332739951, "max_kappa": 11.880267203826113, "Lcoil": [3.375, 3.375, 3.375, 3.33], "I_over_uniform": [1.441, 0.979, 1.254, 0.324], "n_active_bounds": 7, "L_total": 13.45497133940312, "coil_R_max": 1.648030829550179, "coil_absz_max": 0.605868486121112, "mean_kappa2": 0.10590076325194044, "cost_reg": 0.0, "cost_field": 2.9553834380036366e-05, "time_s": 546, "status": "Maximum number of iterations has been exceeded.", "nit": 400, "optimality": 0.0002988707147974092}
