ERROR:2026-10-09 18:47:41,088:jax._src.xla_bridge:487: Jax plugin configuration error: Exception when calling jax_plugins.xla_cuda12.initialize()
Traceback (most recent call last):
  File "/home/jay/miniconda3/envs/desc-dev/lib/python3.13/site-packages/jax/_src/xla_bridge.py", line 485, in discover_pjrt_plugins
    plugin_module.initialize()
    ~~~~~~~~~~~~~~~~~~~~~~~~^^
  File "/home/jay/miniconda3/envs/desc-dev/lib/python3.13/site-packages/jax_plugins/xla_cuda12/__init__.py", line 328, in initialize
    _check_cuda_versions(raise_on_first_error=True)
    ~~~~~~~~~~~~~~~~~~~~^^^^^^^^^^^^^^^^^^^^^^^^^^^
  File "/home/jay/miniconda3/envs/desc-dev/lib/python3.13/site-packages/jax_plugins/xla_cuda12/__init__.py", line 285, in _check_cuda_versions
    local_device_count = cuda_versions.cuda_device_count()
RuntimeError: jaxlib/cuda/versions_helpers.cc:113: operation cuInit(0) failed: CUDA_ERROR_NO_DEVICE
DESC /home/jay/Documents/desc_dev/DESC/desc
DEVICE requested=cpu obtained=cpu (1x cpu)
nfp 5 nc 3 mode z0 helicity -1.0 nparams 63 order 1 seed 0
{"tag": "init", "cost": 1019.2061781144992, "cost_targets": 12.489321692290202, "cost_bounds": 1006.7168564222089, "max_dB": 0.3190320189638853, "max_dG_rel": 1.0789423343765583, "iota": 1.2858061999767187, "eta": 1.641879991806806, "hel": -1.0, "max_elong": 3.829097615939002, "axis_rc": [1.0, 0.07882, 0.0, 0.0, 0.0, 0.0], "axis_zs": [0.0, -0.06502, 0.0, 0.0, 0.0, 0.0], "max_abs_Zaxis": 0.06496812507556492, "min_dpc": 0.08616302113190016, "min_dcc": 0.09723749254365835, "max_kappa": 14.05965245396285, "Lcoil": [2.158, 2.302, 2.389], "I_over_uniform": [1.0, 1.0, 1.0], "n_active_bounds": 35, "L_total": 6.848258017669025, "coil_R_max": 1.4245948424490424, "coil_absz_max": 0.4282766379872847, "mean_kappa2": 0.05614337421824332, "cost_reg": 0.0, "cost_field": 12.489321692290202}
   Iteration     Total nfev        Cost      Cost reduction    Step norm     Optimality   
       0              1          1.019e+03                                    2.283e+01   
       1              2          5.537e+02      4.655e+02      1.434e+02      1.427e+01   
       2              3          1.128e+01      5.424e+02      1.279e+02      1.099e-01   
       3              6          7.752e+00      3.528e+00      3.848e+01      3.312e-02   
       4              7          6.383e+00      1.369e+00      5.655e+01      1.945e-01   
       5              8          6.074e+00      3.094e-01      1.066e+02      4.621e-01   
       6              9          4.317e+00      1.757e+00      7.466e+01      3.641e-02   
       7             10          3.330e+00      9.871e-01      1.315e+02      4.002e-02   
       8             11          2.551e+00      7.789e-01      2.725e+02      9.653e-02   
       9             12          1.847e+00      7.037e-01      2.558e+02      4.506e-02   
      10             17          1.780e+00      6.758e-02      4.545e+00      6.798e-02   
      11             18          1.728e+00      5.182e-02      1.374e+00      5.419e-03   
      12             19          1.691e+00      3.646e-02      2.784e+00      4.330e-03   
      13             20          1.644e+00      4.706e-02      5.339e+00      3.729e-03   
      14             21          1.590e+00      5.377e-02      1.011e+01      1.200e-02   
      15             22          1.500e+00      9.046e-02      2.084e+01      2.630e-03   
      16             23          1.351e+00      1.491e-01      4.852e+01      6.163e-03   
      17             24          1.062e+00      2.889e-01      1.142e+02      2.122e-02   
      18             25          1.061e+00      7.692e-04      9.447e+00      2.169e-02   
      19             26          7.890e-01      2.722e-01      1.296e+02      1.304e-02   
      20             27          7.171e-01      7.191e-02      2.407e+02      1.059e-01   
      21             32          4.982e-01      2.189e-01      1.161e+01      4.917e-02   
      22             33          4.412e-01      5.697e-02      1.655e+00      9.092e-03   
      23             34          4.284e-01      1.278e-02      1.752e+00      2.029e-03   
      24             35          4.172e-01      1.122e-02      3.094e+00      1.328e-03   
      25             36          4.054e-01      1.180e-02      5.436e+00      9.999e-04   
      26             37          3.893e-01      1.613e-02      1.198e+01      3.608e-03   
      27             38          3.497e-01      3.953e-02      3.130e+01      1.276e-03   
      28             39          2.837e-01      6.605e-02      7.194e+01      1.110e-02   
      29             44          2.782e-01      5.482e-03      1.826e+00      1.259e-03   
      30             45          2.777e-01      4.595e-04      2.350e-01      8.288e-04   
      31             46          2.770e-01      6.967e-04      5.527e-01      8.275e-04   
      32             47          2.754e-01      1.625e-03      1.505e+00      8.218e-04   
      33             48          2.720e-01      3.452e-03      3.762e+00      5.445e-04   
      34             49          2.640e-01      7.920e-03      1.085e+01      6.776e-03   
      35             50          2.493e-01      1.470e-02      1.578e+01      7.757e-04   
      36             51          2.218e-01      2.751e-02      3.723e+01      9.045e-04   
      37             52          1.859e-01      3.596e-02      7.860e+01      1.421e-02   
      38             57          1.824e-01      3.489e-03      1.246e+00      9.085e-03   
      39             58          1.814e-01      9.491e-04      2.567e-01      5.855e-04   
      40             59          1.810e-01      4.794e-04      4.966e-01      5.727e-04   
      41             60          1.801e-01      8.578e-04      1.122e+00      3.572e-04   
      42             64          1.801e-01      2.769e-05      5.099e-02      5.581e-04   
      43             65          1.800e-01      3.840e-05      6.154e-02      2.403e-04   
      44             66          1.799e-01      9.182e-05      1.714e-01      2.411e-04   
      45             67          1.797e-01      2.454e-04      4.865e-01      2.425e-04   
      46             68          1.790e-01      6.706e-04      1.395e+00      2.447e-04   
      47             69          1.772e-01      1.814e-03      3.967e+00      9.454e-04   
      48             70          1.724e-01      4.793e-03      1.112e+01      4.510e-04   
      49             71          1.607e-01      1.170e-02      2.963e+01      2.082e-03   
      50             74          1.561e-01      4.624e-03      1.097e+01      4.184e-04   
      51             77          1.548e-01      1.327e-03      3.716e+00      3.613e-04   
      52             78          1.526e-01      2.120e-03      9.962e+00      2.981e-03   
      53             81          1.514e-01      1.204e-03      1.490e+00      1.174e-03   
      54             82          1.505e-01      9.277e-04      2.944e+00      4.200e-04   
      55             83          1.481e-01      2.372e-03      8.420e+00      3.335e-04   
      56             84          1.451e-01      3.052e-03      2.305e+01      1.299e-02   
      57             85          1.423e-01      2.770e-03      1.161e+00      8.951e-04   
      58             88          1.416e-01      7.375e-04      3.370e+00      2.683e-03   
      59             89          1.405e-01      1.116e-03      2.852e+00      1.780e-04   
      60             90          1.385e-01      1.924e-03      7.954e+00      2.389e-04   
      61             91          1.357e-01      2.870e-03      2.363e+01      7.228e-03   
      62             92          1.305e-01      5.225e-03      2.110e+01      6.488e-03   
      63             96          1.298e-01      6.312e-04      9.574e-01      2.363e-03   
      64             97          1.292e-01      6.078e-04      6.748e-01      2.635e-04   
      65             98          1.289e-01      2.859e-04      1.160e+00      3.030e-04   
      66             99          1.282e-01      7.465e-04      3.286e+00      2.053e-04   
      67             100         1.264e-01      1.812e-03      8.514e+00      2.305e-04   
      68             101         1.247e-01      1.647e-03      2.193e+01      3.647e-03   
      69             102         1.194e-01      5.296e-03      2.030e+01      3.853e-03   
      70             103         1.166e-01      2.795e-03      1.599e+01      1.387e-03   
      71             104         1.118e-01      4.877e-03      3.716e+01      6.391e-03   
      72             105         1.065e-01      5.287e-03      4.100e+01      1.614e-03   
      73             106         1.035e-01      3.000e-03      7.887e+01      2.467e-02   
      74             107         9.999e-02      3.473e-03      5.807e+01      1.053e-02   
      75             108         9.544e-02      4.552e-03      4.598e+01      7.306e-03   
      76             109         9.513e-02      3.059e-04      4.283e+01      9.942e-03   
      77             110         9.114e-02      3.999e-03      2.755e+01      5.737e-03   
      78             113         9.019e-02      9.412e-04      6.257e+00      2.321e-03   
      79             114         8.983e-02      3.675e-04      6.675e+00      3.674e-04   
      80             115         8.940e-02      4.297e-04      1.789e+01      2.212e-03   
      81             116         8.923e-02      1.624e-04      1.765e+00      5.153e-04   
      82             117         8.869e-02      5.487e-04      1.140e+01      5.993e-04   
      83             118         8.825e-02      4.372e-04      2.627e+01      2.285e-03   
      84             119         8.718e-02      1.070e-03      2.641e+01      1.110e-03   
      85             121         8.619e-02      9.935e-04      2.054e+01      1.129e-03   
      86             122         8.531e-02      8.779e-04      2.768e+01      3.275e-03   
      87             125         8.420e-02      1.107e-03      6.903e+00      4.969e-04   
      88             126         8.381e-02      3.952e-04      1.451e+01      1.418e-03   
      89             127         8.283e-02      9.787e-04      1.621e+01      6.192e-04   
      90             128         8.277e-02      5.795e-05      4.318e-01      2.966e-04   
      91             131         8.258e-02      1.898e-04      6.133e+00      6.794e-04   
      92             132         8.237e-02      2.054e-04      7.971e+00      1.594e-04   
      93             133         8.175e-02      6.257e-04      2.442e+01      8.372e-04   
      94             134         8.099e-02      7.589e-04      3.327e+01      2.885e-03   
      95             135         8.091e-02      7.792e-05      2.306e-01      2.234e-03   
      96             138         8.031e-02      5.985e-04      1.181e+01      1.295e-03   
      97             139         8.029e-02      2.295e-05      7.087e-01      4.346e-04   
      98             140         8.013e-02      1.618e-04      3.917e+00      7.198e-05   
      99             141         8.005e-02      7.542e-05      6.640e+00      3.318e-04   
      100            142         8.005e-02      3.526e-06      2.165e-02      1.888e-04   
      101            143         8.001e-02      4.124e-05      1.574e+01      1.531e-03   
      102            149         7.996e-02      4.437e-05      4.292e-02      8.438e-04   
      103            150         7.992e-02      4.267e-05      5.647e-02      1.441e-04   
      104            151         7.991e-02      9.239e-06      5.746e-02      5.114e-05   
      105            152         7.991e-02      3.656e-06      6.403e-02      2.048e-05   
      106            153         7.990e-02      3.324e-06      1.240e-01      1.168e-05   
      107            154         7.990e-02      5.681e-06      2.818e-01      1.023e-05   
      108            155         7.989e-02      9.537e-06      6.270e-01      9.622e-06   
      109            156         7.987e-02      1.584e-05      1.499e+00      2.138e-04   
      110            157         7.985e-02      2.543e-05      2.375e+00      3.327e-05   
      111            158         7.980e-02      5.141e-05      5.982e+00      1.451e-04   
      112            164         7.980e-02      5.735e-07      6.119e-03      1.179e-04   
      113            165         7.979e-02      1.425e-06      1.371e-02      2.749e-05   
      114            166         7.979e-02      7.732e-07      2.140e-02      1.835e-05   
      115            167         7.979e-02      1.598e-06      5.664e-02      1.739e-05   
      116            171         7.979e-02      3.128e-08      2.654e-03      9.952e-06   
      117            172         7.979e-02      2.998e-08      1.646e-03      5.015e-06   
      118            173         7.979e-02      7.169e-08      4.602e-03      4.872e-06   
      119            174         7.979e-02      1.982e-07      1.317e-02      4.668e-06   
      120            175         7.979e-02      4.964e-07      3.567e-02      7.739e-06   
      121            176         7.979e-02      6.931e-07      9.854e-02      1.287e-04   
      122            177         7.979e-02      1.709e-06      9.614e-02      3.609e-06   
      123            178         7.979e-02      3.285e-06      2.740e-01      6.672e-06   
      124            179         7.978e-02      1.034e-05      9.056e-01      1.832e-05   
      125            180         7.977e-02      2.201e-06      1.831e-01      1.055e-05   
      126            181         7.975e-02      2.328e-05      2.314e+00      6.399e-05   
      127            182         7.964e-02      1.135e-04      1.174e+01      2.795e-04   
      128            183         7.959e-02      4.466e-05      2.188e+01      2.677e-03   
      129            184         7.935e-02      2.401e-04      1.106e+01      1.326e-04   
      130            185         7.933e-02      2.671e-05      2.200e+01      1.280e-04   
      131            187         7.926e-02      6.157e-05      9.021e+00      1.133e-04   
      132            188         7.923e-02      2.865e-05      8.013e+00      5.865e-05   
      133            189         7.922e-02      1.000e-05      1.212e+00      1.284e-05   
      134            191         7.922e-02      8.649e-07      4.531e+00      1.574e-04   
      135            192         7.922e-02      3.479e-07      5.575e+00      9.168e-05   
      136            193         7.922e-02      8.635e-07      5.404e+00      3.832e-05   
      137            194         7.922e-02      2.123e-06      1.897e+00      2.369e-05   
      138            195         7.922e-02      8.490e-07      2.066e+00      2.138e-05   
      139            196         7.922e-02      8.197e-07      2.218e+00      2.974e-05   
      140            197         7.922e-02      1.323e-06      3.631e+00      7.825e-05   
      141            198         7.922e-02      1.710e-06      4.308e+00      3.749e-05   
      142            201         7.921e-02      1.541e-06      4.354e+00      9.953e-05   
      143            202         7.921e-02      3.762e-07      4.896e-01      2.906e-05   
      144            203         7.921e-02      2.193e-06      1.473e+01      1.582e-04   
      145            206         7.921e-02      2.360e-06      2.647e+00      3.266e-05   
      146            207         7.921e-02      2.563e-08      7.775e+00      3.604e-04   
      147            208         7.921e-02      7.391e-07      6.150e+00      1.010e-04   
      148            210         7.921e-02      5.801e-07      5.884e+00      1.702e-05   
      149            211         7.921e-02      2.215e-06      1.729e+00      3.598e-05   
      150            212         7.921e-02      7.739e-07      1.329e+00      7.889e-06   
      151            213         7.920e-02      3.124e-07      1.075e+00      7.226e-06   
      152            214         7.920e-02      9.304e-07      3.644e+00      1.154e-04   
      153            215         7.920e-02      1.464e-06      5.502e+00      2.314e-04   
      154            216         7.920e-02      5.197e-06      6.844e+00      1.024e-04   
      155            219         7.920e-02      2.940e-07      7.701e+00      1.269e-03   
      156            220         7.914e-02      5.306e-05      4.907e+00      4.904e-05   
      157            221         7.914e-02      1.616e-06      7.837e+00      1.870e-04   
      158            223         7.914e-02      1.904e-06      6.236e+00      3.792e-05   
      159            224         7.914e-02      3.114e-06      4.783e+00      2.293e-05   
      160            225         7.914e-02      1.481e-06      3.389e+00      3.138e-05   
      161            226         7.913e-02      1.308e-06      2.901e+00      3.081e-05   
      162            227         7.913e-02      1.220e-06      2.681e+00      3.914e-05   
      163            228         7.913e-02      1.482e-06      2.828e+00      4.402e-05   
      164            229         7.913e-02      2.679e-07      4.087e-01      1.547e-05   
      165            230         7.913e-02      1.593e-06      3.193e+00      4.674e-05   
      166            231         7.912e-02      4.866e-06      1.006e+01      1.725e-04   
      167            235         7.912e-02      5.732e-07      4.740e-01      9.285e-06   
      168            239         7.912e-02      1.636e-08      2.070e-02      1.324e-05   
      169            240         7.912e-02      3.036e-08      2.929e-02      6.304e-07   
      170            241         7.912e-02      8.086e-08      8.730e-02      1.911e-06   
      171            242         7.912e-02      1.291e-07      2.267e-01      2.847e-05   
      172            243         7.912e-02      1.454e-07      2.221e-01      2.729e-06   
      173            244         7.912e-02      1.128e-07      1.276e-01      3.022e-06   
      174            245         7.912e-02      2.019e-07      2.886e-01      4.955e-06   
      175            246         7.912e-02      5.011e-07      7.995e-01      4.886e-06   
      176            247         7.912e-02      1.405e-06      2.329e+00      2.472e-05   
      177            248         7.912e-02      3.845e-07      5.992e-01      7.979e-06   
      178            250         7.912e-02      3.165e-06      9.105e+00      1.501e-04   
      179            251         7.912e-02      1.668e-07      1.963e-02      2.039e-04   
      180            252         7.911e-02      4.380e-06      5.099e+00      8.771e-05   
      181            259         7.911e-02      4.934e-08      6.756e-04      4.177e-05   
      182            260         7.911e-02      6.232e-08      1.284e-03      1.467e-05   
      183            261         7.911e-02      3.014e-08      1.577e-03      7.680e-06   
      184            262         7.911e-02      1.429e-08      1.866e-03      2.802e-06   
      185            263         7.911e-02      1.053e-08      3.085e-03      1.605e-06   
      186            264         7.911e-02      1.383e-08      6.445e-03      9.494e-07   
      187            265         7.911e-02      2.664e-08      1.610e-02      6.126e-07   
      188            266         7.911e-02      2.830e-08      2.753e-02      7.300e-07   
      189            267         7.911e-02      5.595e-08      6.641e-02      1.715e-06   
      190            268         7.911e-02      8.038e-08      1.493e-01      2.315e-06   
      191            269         7.911e-02      2.350e-07      4.432e-01      6.849e-06   
      192            270         7.911e-02      1.040e-08      1.850e-02      9.623e-07   
      193            271         7.911e-02      1.990e-06      3.970e+00      6.232e-05   
      194            278         7.911e-02      2.476e-08      5.737e-04      3.504e-05   
      195            279         7.911e-02      1.315e-08      3.860e-04      1.166e-05   
      196            280         7.911e-02      1.237e-08      6.367e-04      8.060e-06   
      197            281         7.911e-02      1.179e-08      1.064e-03      4.892e-06   
      198            282         7.911e-02      7.853e-09      1.515e-03      3.744e-06   
      199            283         7.911e-02      7.729e-09      2.665e-03      1.256e-06   
      200            284         7.911e-02      1.158e-08      6.066e-03      8.200e-07   
      201            285         7.911e-02      2.147e-08      1.371e-02      5.860e-07   
      202            286         7.911e-02      2.463e-08      2.713e-02      7.254e-07   
      203            287         7.911e-02      3.537e-08      5.308e-02      1.096e-06   
      204            288         7.911e-02      8.492e-08      1.551e-01      2.574e-06   
      205            289         7.911e-02      2.531e-07      4.644e-01      7.642e-06   
      206            290         7.911e-02      6.928e-09      1.127e-02      2.049e-06   
      207            291         7.911e-02      2.152e-06      4.183e+00      6.875e-05   
      208            292         7.911e-02      2.219e-07      1.186e+01      2.001e-04   
      209            293         7.910e-02      9.299e-06      6.220e+00      1.079e-04   
      210            296         7.910e-02      1.347e-06      2.826e+00      3.495e-05   
      211            301         7.910e-02      1.389e-08      1.144e-02      2.550e-05   
      212            302         7.910e-02      1.742e-08      5.826e-03      7.585e-07   
      213            303         7.910e-02      1.148e-08      1.053e-02      4.465e-07   
      214            304         7.910e-02      1.049e-08      2.621e-02      1.579e-05   
      215            305         7.910e-02      2.798e-08      2.481e-02      2.756e-07   
      216            306         7.910e-02      4.580e-08      6.914e-02      8.173e-07   
      217            307         7.910e-02      1.088e-07      1.818e-01      1.230e-06   
      218            308         7.910e-02      8.248e-10      1.397e-03      2.432e-07   
      219            309         7.910e-02      7.363e-07      1.491e+00      2.156e-05   
      220            310         7.910e-02      2.472e-09      2.859e-03      2.043e-06   
      221            311         7.910e-02      7.620e-07      1.554e+00      2.458e-05   
      222            312         7.909e-02      2.182e-06      4.686e+00      7.461e-05   
      223            313         7.909e-02      2.725e-06      1.314e+01      2.119e-04   
      224            314         7.909e-02      1.999e-06      1.319e+01      2.811e-04   
      225            316         7.909e-02      2.790e-06      9.303e+00      1.011e-04   
      226            318         7.908e-02      5.470e-06      7.892e+00      4.114e-05   
      227            319         7.908e-02      2.520e-06      7.504e-01      7.388e-05   
      228            320         7.908e-02      2.367e-06      3.533e+00      3.918e-05   
      229            321         7.907e-02      1.461e-06      2.508e+00      3.463e-05   
      230            322         7.907e-02      9.932e-08      1.417e-01      5.855e-06   
      231            323         7.907e-02      1.125e-06      2.370e+00      3.944e-05   
      232            324         7.907e-02      2.058e-06      4.241e+00      7.370e-05   
      233            325         7.907e-02      2.867e-06      9.801e+00      1.650e-04   
      234            328         7.907e-02      2.455e-06      2.593e+00      2.184e-05   
      235            329         7.907e-02      4.022e-08      2.819e-02      1.195e-05   
      236            330         7.906e-02      7.657e-07      1.595e+00      2.383e-05   
      237            331         7.906e-02      2.014e-06      4.611e+00      6.896e-05   
      238            333         7.906e-02      1.333e-06      6.082e+00      1.390e-04   
      239            334         7.906e-02      1.548e-06      7.413e+00      1.167e-04   
      240            340         7.906e-02      5.701e-07      1.111e-02      1.175e-05   
      241            341         7.906e-02      4.929e-08      3.645e-03      4.397e-06   
      242            342         7.906e-02      5.617e-08      7.129e-03      3.091e-06   
      243            343         7.906e-02      8.570e-08      1.530e-02      2.182e-06   
      244            344         7.906e-02      8.857e-08      2.512e-02      1.061e-06   
      245            345         7.906e-02      2.446e-08      4.990e-02      5.234e-05   
      246            346         7.906e-02      1.401e-07      4.088e-02      6.551e-07   
      247            347         7.906e-02      1.455e-07      1.054e-01      6.519e-07   
      248            348         7.906e-02      3.289e-07      2.684e-01      8.953e-07   
      249            349         7.906e-02      6.278e-07      6.256e-01      2.968e-06   
      250            350         7.906e-02      9.391e-07      1.296e+00      7.805e-06   
      251            351         7.906e-02      4.168e-09      3.856e-03      2.913e-07   
      252            353         7.906e-02      1.215e-06      5.394e+00      6.176e-05   
      253            360         7.906e-02      3.475e-09      9.352e-05      2.706e-05   
      254            361         7.906e-02      4.061e-09      2.056e-04      7.981e-06   
      255            362         7.906e-02      4.651e-09      3.845e-04      4.701e-06   
      256            363         7.906e-02      6.247e-09      8.096e-04      3.475e-06   
      257            364         7.906e-02      1.288e-08      2.082e-03      3.361e-06   
      258            365         7.906e-02      2.834e-08      5.278e-03      2.965e-06   
      259            366         7.906e-02      4.778e-08      1.138e-02      2.165e-06   
      260            367         7.906e-02      4.621e-08      1.842e-02      1.253e-06   
      261            368         7.906e-02      5.273e-08      3.665e-02      8.848e-06   
      262            369         7.906e-02      1.074e-07      9.472e-02      5.412e-07   
      263            370         7.906e-02      2.395e-07      2.528e-01      1.589e-06   
      264            371         7.905e-02      4.197e-07      5.493e-01      3.009e-06   
      265            372         7.905e-02      4.236e-10      4.079e-04      1.353e-06   
      266            373         7.905e-02      1.319e-06      4.234e+00      4.887e-05   
      267            374         7.905e-02      2.083e-09      3.435e-03      2.718e-05   
      268            375         7.905e-02      1.111e-06      2.554e+00      2.670e-05   
      269            376         7.905e-02      9.661e-07      1.949e+00      2.574e-05   
      270            377         7.905e-02      1.118e-08      8.261e-03      5.575e-06   
      271            378         7.905e-02      1.243e-06      3.126e+00      4.043e-05   
      272            379         7.905e-02      1.686e-06      4.175e+00      5.187e-05   
      273            380         7.905e-02      2.158e-08      8.808e-03      1.627e-05   
      274            381         7.905e-02      4.797e-07      5.477e+00      9.234e-05   
      275            382         7.905e-02      1.025e-06      6.018e+00      4.550e-05   
      276            383         7.905e-02      3.992e-07      5.087e-02      7.532e-06   
      277            385         7.905e-02      1.092e-06      5.011e+00      2.595e-05   
      278            386         7.904e-02      2.142e-06      2.995e+00      1.959e-05   
      279            387         7.904e-02      4.079e-08      1.781e-02      4.980e-06   
      280            388         7.904e-02      1.205e-06      5.392e+00      6.371e-05   
      281            390         7.904e-02      1.618e-06      4.023e+00      3.326e-05   
      282            391         7.904e-02      8.196e-08      2.415e-02      7.199e-06   
      283            392         7.904e-02      1.269e-07      5.598e+00      5.278e-05   
      284            393         7.904e-02      2.295e-06      4.712e+00      3.042e-05   
      285            394         7.904e-02      1.400e-07      1.854e-02      4.066e-06   
      286            396         7.904e-02      5.664e-07      4.939e+00      4.512e-05   
      287            397         7.904e-02      2.034e-06      4.438e+00      3.346e-05   
      288            398         7.904e-02      9.291e-08      1.447e-02      3.089e-06   
      289            400         7.903e-02      1.116e-06      3.799e+00      3.620e-05   
      290            401         7.903e-02      1.605e-06      3.440e+00      3.561e-05   
      291            402         7.903e-02      2.132e-08      6.311e-03      9.018e-06   
      292            403         7.903e-02      1.148e-06      3.129e+00      3.622e-05   
      293            404         7.903e-02      1.410e-06      2.956e+00      3.595e-05   
      294            405         7.903e-02      1.014e-08      4.336e-03      9.241e-07   
      295            406         7.903e-02      1.318e-06      8.136e+00      1.007e-04   
      296            409         7.903e-02      2.420e-06      2.322e+00      9.622e-06   
      297            410         7.903e-02      2.416e-07      6.855e-01      1.864e-05   
      298            411         7.903e-02      1.699e-07      4.410e-01      4.639e-06   
      299            412         7.903e-02      1.720e-08      1.197e-01      5.809e-06   
      300            413         7.903e-02      2.203e-07      6.806e-01      8.319e-06   
      301            414         7.902e-02      5.485e-07      1.857e+00      2.251e-05   
      302            415         7.902e-02      7.785e-09      3.955e-03      1.223e-06   
      303            416         7.902e-02      2.826e-07      1.236e+01      2.644e-04   
      304            418         7.902e-02      2.183e-06      5.330e+00      2.986e-05   
      305            419         7.902e-02      3.049e-08      1.562e-03      2.191e-05   
      306            422         7.902e-02      1.130e-06      3.050e+00      1.047e-05   
      307            423         7.902e-02      5.026e-07      1.278e+00      3.660e-06   
      308            424         7.902e-02      7.703e-08      4.356e-01      8.518e-06   
      309            425         7.902e-02      9.962e-08      4.481e-01      6.182e-06   
      310            426         7.902e-02      1.093e-07      4.853e-01      7.217e-06   
      311            427         7.902e-02      3.088e-07      1.433e+00      9.018e-06   
      312            428         7.902e-02      8.380e-07      3.924e+00      2.785e-05   
      313            429         7.902e-02      2.110e-08      6.486e-03      5.304e-06   
      314            431         7.902e-02      5.558e-07      5.802e+00      3.710e-05   
      315            432         7.902e-02      6.556e-08      5.872e-03      2.489e-05   
      316            433         7.902e-02      4.730e-07      6.456e+00      9.733e-05   
      317            440         7.902e-02      7.767e-08      4.386e-04      7.951e-05   
      318            441         7.902e-02      1.487e-07      1.225e-03      1.828e-05   
      319            442         7.902e-02      3.048e-08      1.252e-03      6.066e-06   
      320            443         7.902e-02      3.983e-08      2.795e-03      5.427e-06   
      321            444         7.902e-02      7.321e-08      6.560e-03      4.268e-06   
      322            445         7.902e-02      1.088e-07      1.321e-02      2.861e-06   
      323            446         7.902e-02      9.835e-08      1.978e-02      1.328e-06   
      324            447         7.902e-02      5.908e-08      2.834e-02      8.316e-07   
      325            448         7.902e-02      6.846e-08      5.738e-02      5.169e-07   
      326            449         7.902e-02      1.148e-07      1.337e-01      3.390e-07   
      327            450         7.902e-02      7.282e-08      2.939e-01      3.451e-05   
      328            451         7.902e-02      2.486e-07      2.585e-01      5.590e-07   
      329            452         7.902e-02      2.428e-07      6.380e-01      1.976e-06   
      330            453         7.902e-02      1.548e-07      5.297e-01      2.436e-06   
      331            454         7.902e-02      2.760e-07      1.392e+00      1.254e-05   
      332            455         7.902e-02      4.225e-07      1.858e+00      1.214e-05   
      333            456         7.902e-02      5.896e-07      2.528e+00      1.783e-05   
      334            457         7.902e-02      1.106e-08      4.372e-03      9.689e-06   
      335            460         7.902e-02      2.622e-07      1.459e+00      7.869e-06   
      336            461         7.901e-02      3.660e-07      1.497e+00      1.076e-05   
      337            462         7.901e-02      6.352e-09      1.151e-02      1.587e-06   
      338            463         7.901e-02      2.938e-07      1.719e+00      9.740e-06   
      339            464         7.901e-02      4.741e-07      1.784e+00      1.338e-05   
      340            465         7.901e-02      6.184e-09      1.880e-03      1.140e-06   
      341            466         7.901e-02      1.131e-07      4.366e+00      4.672e-05   
      342            467         7.901e-02      1.179e-06      3.143e+00      2.114e-05   
      343            468         7.901e-02      1.471e-07      2.129e-01      3.468e-06   
      344            469         7.901e-02      2.011e-07      2.143e+00      5.604e-06   
      345            470         7.901e-02      4.479e-09      4.946e-03      2.763e-06   
      346            471         7.901e-02      2.458e-07      2.162e+00      7.519e-06   
      347            472         7.901e-02      8.036e-08      2.128e+00      5.670e-06   
      348            473         7.901e-02      4.102e-07      1.484e+00      3.786e-06   
      349            474         7.901e-02      1.758e-07      7.493e-01      5.151e-06   
      350            475         7.901e-02      7.652e-08      3.906e-01      2.221e-06   
      351            476         7.901e-02      2.073e-07      1.082e+00      6.119e-06   
      352            477         7.901e-02      6.260e-07      3.226e+00      2.255e-05   
      353            478         7.901e-02      4.266e-09      2.309e-03      7.676e-06   
      354            479         7.901e-02      1.389e-06      8.549e+00      5.251e-05   
      355            480         7.901e-02      2.390e-07      6.470e-03      3.697e-05   
      356            481         7.901e-02      6.678e-07      1.130e+01      8.722e-05   
      357            484         7.901e-02      1.162e-06      3.394e+00      1.508e-05   
      358            485         7.901e-02      1.190e-08      1.360e-03      3.518e-06   
      359            488         7.901e-02      6.494e-07      1.426e+00      2.832e-06   
      360            489         7.901e-02      1.197e-07      5.857e-01      1.427e-06   
      361            490         7.901e-02      7.958e-08      4.113e-01      1.380e-06   
      362            491         7.901e-02      4.927e-08      2.700e-01      1.002e-06   
      363            492         7.901e-02      8.155e-08      5.467e-01      1.662e-06   
      364            493         7.901e-02      1.786e-07      1.095e+00      4.385e-06   
      365            494         7.901e-02      2.683e-07      1.518e+00      6.552e-06   
      366            495         7.901e-02      1.989e-07      1.073e+00      6.066e-06   
      367            496         7.901e-02      2.806e-07      1.593e+00      6.943e-06   
      368            497         7.900e-02      7.675e-07      4.472e+00      2.364e-05   
      369            498         7.900e-02      7.478e-07      4.457e+00      2.411e-05   
      370            500         7.900e-02      2.831e-07      6.885e+00      3.399e-05   
      371            502         7.900e-02      1.862e-07      4.444e+00      2.749e-05   
      372            503         7.900e-02      8.804e-08      2.294e-01      3.534e-05   
      373            504         7.900e-02      8.520e-08      4.147e+00      8.651e-06   
      374            505         7.900e-02      8.056e-08      5.490e-02      6.565e-05   
      375            506         7.900e-02      9.730e-07      2.794e+00      4.852e-06   
      376            507         7.900e-02      5.414e-08      2.940e-02      2.107e-06   
      377            508         7.900e-02      1.752e-07      1.691e+00      4.234e-06   
      378            509         7.900e-02      2.394e-07      1.197e+00      3.238e-06   
      379            510         7.900e-02      4.548e-09      1.054e-02      7.458e-07   
      380            511         7.900e-02      1.189e-07      8.699e-01      3.501e-06   
      381            512         7.900e-02      1.357e-07      7.841e-01      3.739e-06   
      382            513         7.900e-02      1.106e-09      4.650e-03      6.054e-07   
      383            514         7.900e-02      1.151e-07      7.898e-01      3.664e-06   
      384            515         7.900e-02      1.501e-07      8.735e-01      4.743e-06   
      385            516         7.900e-02      6.437e-10      2.529e-03      5.783e-07   
      386            517         7.900e-02      1.491e-07      1.138e+00      5.373e-06   
      387            518         7.900e-02      2.153e-07      1.216e+00      6.763e-06   
      388            519         7.900e-02      4.185e-10      5.501e-04      4.269e-07   
      389            520         7.900e-02      9.551e-08      2.421e+00      1.072e-05   
      390            521         7.900e-02      1.506e-07      2.737e+00      1.049e-05   
      391            522         7.900e-02      1.576e-08      8.860e-03      3.590e-06   
      392            524         7.900e-02      7.913e-08      2.589e+00      5.143e-06   
      393            525         7.900e-02      5.097e-07      1.466e+00      3.293e-06   
      394            526         7.900e-02      1.283e-08      2.421e-02      6.871e-07   
      395            527         7.900e-02      9.310e-08      5.985e-01      2.242e-06   
      396            528         7.900e-02      8.997e-08      5.676e-01      2.720e-06   
      397            529         7.900e-02      7.882e-09      4.278e-02      5.237e-07   
      398            530         7.900e-02      7.342e-08      4.630e-01      2.127e-06   
      399            531         7.900e-02      1.464e-07      9.094e-01      4.797e-06   
      400            532         7.900e-02      2.442e-10      6.135e-04      9.792e-07   
Warning: Maximum number of iterations has been exceeded.
         Current function value: 7.900e-02
         Max scaled gradient: 9.792e-07
         Total delta_x: 1.882e+00
         Iterations: 400
         Function evaluations: 532
         Jacobian evaluations: 401
{"tag": "final", "cost": 0.07899918881284623, "cost_targets": 0.07583357159424568, "cost_bounds": 0.0031656172186005577, "max_dB": 0.14721088372297614, "max_dG_rel": 0.09061842266098023, "iota": 1.2685719917971212, "eta": 1.1687798587417046, "hel": -1.0, "max_elong": 5.011186211535645, "axis_rc": [0.99193, 0.0726, 0.00221, -0.00051, -4e-05, 1e-05], "axis_zs": [0.0, -0.02961, 0.00115, 0.00046, 5e-05, -1e-05], "max_abs_Zaxis": 0.030095329117931637, "min_dpc": 0.09701686310142042, "min_dcc": 0.03999783939732045, "max_kappa": 15.44715124408918, "Lcoil": [2.596, 2.603, 2.309], "I_over_uniform": [1.82, 1.588, -0.003], "n_active_bounds": 39, "L_total": 7.508187773957249, "coil_R_max": 1.5884138287094858, "coil_absz_max": 0.4885785868793757, "mean_kappa2": 0.13684923238832641, "cost_reg": 0.0, "cost_field": 0.07583357159424568, "time_s": 423, "status": "Maximum number of iterations has been exceeded.", "nit": 400, "optimality": 9.791667373609752e-07}
