ERROR:2026-10-09 20:10:25,537:jax._src.xla_bridge:487: Jax plugin configuration error: Exception when calling jax_plugins.xla_cuda12.initialize()
Traceback (most recent call last):
  File "/home/jay/miniconda3/envs/desc-dev/lib/python3.13/site-packages/jax/_src/xla_bridge.py", line 485, in discover_pjrt_plugins
    plugin_module.initialize()
    ~~~~~~~~~~~~~~~~~~~~~~~~^^
  File "/home/jay/miniconda3/envs/desc-dev/lib/python3.13/site-packages/jax_plugins/xla_cuda12/__init__.py", line 328, in initialize
    _check_cuda_versions(raise_on_first_error=True)
    ~~~~~~~~~~~~~~~~~~~~^^^^^^^^^^^^^^^^^^^^^^^^^^^
  File "/home/jay/miniconda3/envs/desc-dev/lib/python3.13/site-packages/jax_plugins/xla_cuda12/__init__.py", line 285, in _check_cuda_versions
    local_device_count = cuda_versions.cuda_device_count()
RuntimeError: jaxlib/cuda/versions_helpers.cc:113: operation cuInit(0) failed: CUDA_ERROR_NO_DEVICE
DESC /home/jay/Documents/desc_dev/DESC/desc
DEVICE requested=cpu obtained=cpu (1x cpu)
nfp 2 nc 4 mode z0 helicity 0.0 nparams 81 order 2 seed -1
{"tag": "init", "cost": 0.07982910222022631, "cost_targets": 0.0798286852530963, "cost_bounds": 4.169671299934904e-07, "max_dB": 0.003058143468166709, "max_dG_rel": 0.016424469290411057, "iota": 0.4173786126367628, "eta": 0.6675784566729099, "hel": 0.0, "max_elong": 5.0000525893835075, "axis_rc": [0.94076, 0.1954, 0.00808, -0.0026, -0.00025, 4e-05], "axis_zs": [0.0, -0.03882, 0.002, 0.00096, -8e-05, -5e-05], "max_abs_Zaxis": 0.040000775444423015, "min_dpc": 0.1477947322765667, "min_dcc": 0.03999974485231882, "max_kappa": 10.173686773701911, "Lcoil": [3.941, 3.941, 3.941, 2.633], "I_over_uniform": [1.228, 1.269, 1.309, 0.123], "n_active_bounds": 24, "L_total": 14.456905440964931, "coil_R_max": 1.9188535661609571, "coil_absz_max": 0.7192177005612873, "mean_kappa2": 0.0672963791301663, "cost_reg": 0.001817189936621951, "cost_field": 0.07801149531647435, "B2c": 0.0, "B20_residual": 0.966823422804673, "max_dGG_rel": 1.0049320391032093}
   Iteration     Total nfev        Cost      Cost reduction    Step norm     Optimality   
       0              1          7.983e-02                                    8.772e-02   
       1              2          5.093e-02      2.890e-02      2.189e+00      1.388e-02   
       2              3          4.909e-02      1.840e-03      1.964e+00      1.279e-03   
       3              4          4.713e-02      1.960e-03      3.983e+00      2.297e-03   
       4              5          4.376e-02      3.369e-03      9.045e+00      8.755e-04   
       5              6          3.817e-02      5.590e-03      1.979e+01      9.442e-04   
       6              7          3.488e-02      3.288e-03      3.458e+01      7.642e-03   
       7             11          3.184e-02      3.038e-03      1.849e+00      7.267e-04   
       8             12          3.170e-02      1.440e-04      6.124e-01      5.909e-05   
       9             13          3.146e-02      2.395e-04      1.549e+00      1.352e-04   
      10             14          3.118e-02      2.829e-04      3.847e+00      1.941e-03   
      11             15          3.053e-02      6.493e-04      3.847e+00      2.642e-04   
      12             16          2.956e-02      9.684e-04      9.594e+00      3.410e-04   
      13             17          2.954e-02      2.074e-05      2.044e-01      3.853e-05   
      14             18          2.574e-02      3.803e-03      5.837e+01      1.215e-03   
      15             24          2.566e-02      7.800e-05      4.947e-02      5.938e-04   
      16             25          2.563e-02      3.124e-05      4.673e-02      1.435e-04   
      17             26          2.561e-02      1.754e-05      7.811e-02      9.931e-05   
      18             27          2.558e-02      3.069e-05      1.835e-01      7.836e-05   
      19             28          2.553e-02      4.580e-05      3.699e-01      4.767e-05   
      20             29          2.548e-02      5.255e-05      6.930e-01      2.707e-05   
      21             30          2.538e-02      1.012e-04      1.780e+00      1.772e-05   
      22             31          2.513e-02      2.489e-04      4.919e+00      5.179e-05   
      23             32          2.450e-02      6.308e-04      1.357e+01      2.530e-04   
      24             33          2.323e-02      1.265e-03      3.194e+01      5.765e-04   
      25             34          2.311e-02      1.230e-04      3.053e+00      2.163e-05   
      26             36          2.247e-02      6.362e-04      6.706e+01      9.232e-03   
      27             42          2.178e-02      6.917e-04      5.769e-01      2.512e-03   
      28             43          2.140e-02      3.808e-04      1.143e-01      1.492e-03   
      29             44          2.122e-02      1.866e-04      1.134e-01      4.888e-04   
      30             45          2.119e-02      2.663e-05      6.425e-02      8.352e-05   
      31             46          2.118e-02      1.103e-05      1.102e-01      4.643e-05   
      32             47          2.116e-02      1.712e-05      2.310e-01      3.074e-05   
      33             48          2.114e-02      1.817e-05      4.051e-01      6.896e-05   
      34             49          2.111e-02      2.751e-05      9.032e-01      1.062e-05   
      35             50          2.105e-02      6.262e-05      2.498e+00      4.407e-05   
      36             51          2.088e-02      1.677e-04      7.123e+00      2.874e-04   
      37             52          2.087e-02      1.360e-05      5.690e-01      7.242e-05   
      38             53          2.047e-02      4.019e-04      1.821e+01      1.235e-04   
      39             54          1.969e-02      7.800e-04      4.434e+01      7.344e-04   
      40             60          1.968e-02      4.725e-06      6.303e-02      4.867e-04   
      41             61          1.967e-02      9.369e-06      2.519e-02      7.840e-05   
      42             62          1.967e-02      1.559e-06      2.628e-02      1.688e-05   
      43             63          1.967e-02      2.352e-06      6.556e-02      1.194e-05   
      44             64          1.967e-02      4.755e-06      1.484e-01      9.389e-06   
      45             65          1.966e-02      6.577e-06      3.295e-01      8.839e-06   
      46             66          1.964e-02      1.784e-05      9.480e-01      8.770e-06   
      47             67          1.959e-02      4.878e-05      2.691e+00      1.505e-05   
      48             68          1.946e-02      1.299e-04      7.648e+00      4.200e-05   
      49             69          1.946e-02      1.241e-06      5.507e-02      1.008e-05   
      50             70          1.871e-02      7.556e-04      5.271e+01      9.920e-04   
      51             73          1.842e-02      2.848e-04      1.975e+01      4.483e-04   
      52             75          1.826e-02      1.591e-04      2.536e+01      1.426e-03   
      53             82          1.825e-02      1.244e-05      3.725e-03      1.324e-03   
      54             83          1.822e-02      2.774e-05      9.191e-03      1.077e-03   
      55             84          1.818e-02      4.581e-05      1.938e-02      6.876e-04   
      56             85          1.813e-02      4.520e-05      3.085e-02      4.301e-04   
      57             86          1.811e-02      2.598e-05      3.843e-02      2.110e-04   
      58             87          1.809e-02      1.329e-05      4.744e-02      8.282e-05   
      59             88          1.809e-02      4.803e-06      4.173e-02      2.046e-05   
      60             89          1.809e-02      1.354e-06      5.542e-02      3.282e-05   
      61             90          1.808e-02      1.723e-06      7.644e-02      1.109e-05   
      62             91          1.808e-02      2.555e-06      1.576e-01      6.391e-06   
      63             92          1.808e-02      5.844e-06      4.393e-01      5.545e-06   
      64             93          1.806e-02      1.584e-05      1.244e+00      7.241e-06   
      65             94          1.802e-02      4.187e-05      3.544e+00      1.923e-05   
      66             95          1.802e-02      3.215e-07      1.717e-02      5.277e-06   
      67             96          1.776e-02      2.595e-04      2.750e+01      5.669e-04   
      68             97          1.773e-02      2.618e-05      8.300e-02      2.804e-04   
      69             98          1.737e-02      3.651e-04      3.690e+01      1.561e-04   
      70             99          1.677e-02      6.016e-04      8.264e+01      2.433e-04   
      71             101         1.637e-02      3.963e-04      9.905e+01      1.777e-03   
      72             102         1.623e-02      1.422e-04      8.191e-01      1.821e-03   
      73             103         1.599e-02      2.338e-04      9.107e+01      3.036e-04   
      74             106         1.569e-02      3.037e-04      2.251e+01      1.106e-04   
      75             107         1.555e-02      1.433e-04      1.348e+01      1.347e-05   
      76             110         1.552e-02      3.107e-05      5.228e+00      1.297e-05   
      77             112         1.549e-02      2.896e-05      7.671e+00      7.850e-04   
      78             114         1.546e-02      2.871e-05      4.100e+00      4.363e-04   
      79             115         1.545e-02      1.214e-05      7.353e+00      1.197e-03   
      80             116         1.539e-02      5.877e-05      6.926e+00      1.979e-05   
      81             117         1.537e-02      1.570e-05      6.618e+00      9.236e-04   
      82             118         1.533e-02      4.522e-05      6.345e+00      1.301e-05   
      83             119         1.524e-02      8.172e-05      1.852e+01      2.022e-05   
      84             121         1.513e-02      1.148e-04      2.706e+01      2.227e-04   
      85             122         1.496e-02      1.682e-04      6.607e+01      1.255e-03   
      86             128         1.489e-02      7.309e-05      1.902e-01      1.197e-04   
      87             129         1.488e-02      7.793e-06      4.514e-02      3.426e-05   
      88             130         1.487e-02      5.825e-06      7.996e-02      2.267e-05   
      89             131         1.487e-02      9.067e-06      1.714e-01      1.770e-05   
      90             132         1.486e-02      7.835e-06      2.558e-01      1.183e-05   
      91             133         1.485e-02      4.945e-06      3.114e-01      3.501e-06   
      92             134         1.485e-02      2.633e-06      4.989e-01      7.346e-06   
      93             135         1.484e-02      4.895e-06      1.216e+00      1.014e-05   
      94             136         1.483e-02      1.266e-05      3.403e+00      1.011e-05   
      95             137         1.480e-02      3.265e-05      9.425e+00      1.986e-05   
      96             138         1.474e-02      6.355e-05      2.032e+01      1.073e-04   
      97             139         1.460e-02      1.314e-04      6.343e+01      7.600e-04   
      98             140         1.458e-02      2.814e-05      2.606e+00      1.572e-04   
      99             141         1.453e-02      4.943e-05      3.748e+01      6.592e-05   
      100            144         1.447e-02      5.821e-05      8.034e+00      1.238e-05   
      101            145         1.445e-02      2.326e-05      9.291e+00      9.427e-06   
      102            146         1.445e-02      2.664e-07      3.268e-02      2.557e-06   
      103            147         1.436e-02      8.259e-05      4.149e+01      4.439e-05   
      104            148         1.436e-02      6.093e-07      2.294e-02      4.733e-05   
      105            149         1.429e-02      7.017e-05      4.903e+01      3.736e-05   
      106            152         1.422e-02      7.632e-05      1.364e+01      2.126e-05   
      107            155         1.421e-02      9.854e-06      2.020e+00      2.186e-04   
      108            156         1.420e-02      4.761e-06      2.444e+00      4.268e-05   
      109            157         1.419e-02      6.457e-06      1.165e+00      9.217e-05   
      110            159         1.419e-02      3.546e-06      1.586e+00      1.263e-04   
      111            160         1.419e-02      3.369e-06      2.112e+00      1.445e-05   
      112            161         1.418e-02      3.787e-06      1.149e+00      5.187e-06   
      113            162         1.418e-02      7.096e-06      3.100e+00      2.545e-06   
      114            163         1.416e-02      1.705e-05      8.669e+00      1.624e-04   
      115            164         1.412e-02      3.992e-05      2.000e+01      1.835e-05   
      116            165         1.410e-02      1.475e-05      4.927e+01      1.082e-03   
      117            168         1.404e-02      6.349e-05      6.065e+00      9.092e-04   
      118            169         1.401e-02      3.492e-05      6.322e+00      3.757e-04   
      119            170         1.398e-02      2.594e-05      1.260e+01      3.322e-04   
      120            172         1.397e-02      6.919e-06      1.574e+01      9.764e-04   
      121            177         1.397e-02      7.501e-06      3.166e-01      4.614e-04   
      122            178         1.395e-02      1.997e-05      6.818e-02      8.906e-06   
      123            179         1.395e-02      3.480e-07      3.856e-02      1.530e-06   
      124            184         1.395e-02      3.370e-10      1.120e-04      1.324e-06   
      125            185         1.395e-02      5.428e-10      1.790e-04      1.324e-06   
      126            186         1.395e-02      1.563e-09      5.255e-04      1.324e-06   
      127            187         1.395e-02      4.405e-09      1.524e-03      1.323e-06   
      128            188         1.395e-02      1.196e-08      4.328e-03      1.322e-06   
      129            189         1.395e-02      3.086e-08      1.199e-02      1.319e-06   
      130            190         1.395e-02      7.976e-08      3.353e-02      1.312e-06   
      131            191         1.395e-02      2.196e-07      9.696e-02      1.302e-06   
      132            192         1.394e-02      6.303e-07      2.850e-01      1.297e-06   
      133            193         1.394e-02      1.805e-06      8.382e-01      1.481e-05   
      134            194         1.394e-02      5.072e-06      2.462e+00      8.300e-05   
      135            195         1.392e-02      1.507e-05      7.273e+00      1.720e-04   
      136            196         1.388e-02      4.728e-05      2.073e+01      4.739e-05   
      137            197         1.377e-02      1.087e-04      5.795e+01      1.221e-04   
      138            200         1.369e-02      7.514e-05      2.631e+01      2.475e-04   
      139            202         1.367e-02      2.313e-05      4.168e+01      3.365e-04   
      140            207         1.363e-02      4.045e-05      9.323e-01      3.119e-04   
      141            208         1.362e-02      8.752e-06      1.468e-01      5.502e-06   
      142            209         1.362e-02      2.766e-06      2.849e-01      5.301e-06   
      143            210         1.361e-02      5.036e-06      7.016e-01      4.902e-06   
      144            211         1.360e-02      1.100e-05      1.856e+00      9.569e-06   
      145            212         1.358e-02      2.065e-05      4.628e+00      5.497e-05   
      146            213         1.358e-02      6.644e-07      1.247e-01      2.929e-06   
      147            214         1.354e-02      3.465e-05      1.541e+01      3.362e-04   
      148            215         1.354e-02      7.328e-06      3.938e-01      2.839e-05   
      149            216         1.349e-02      4.418e-05      1.423e+01      5.139e-05   
      150            217         1.339e-02      9.921e-05      3.223e+01      6.468e-05   
      151            219         1.331e-02      8.329e-05      5.512e+01      8.525e-04   
      152            225         1.328e-02      3.267e-05      1.575e-01      9.721e-05   
      153            226         1.327e-02      3.537e-06      3.143e-02      4.666e-05   
      154            227         1.327e-02      8.158e-06      8.495e-02      4.303e-05   
      155            228         1.325e-02      1.692e-05      2.061e-01      3.454e-05   
      156            229         1.323e-02      2.141e-05      3.680e-01      2.051e-05   
      157            232         1.323e-02      2.217e-06      1.128e-01      3.145e-04   
      158            233         1.322e-02      5.229e-06      9.304e-02      1.363e-05   
      159            234         1.322e-02      4.235e-06      1.785e-01      8.063e-06   
      160            235         1.321e-02      4.145e-06      3.024e-01      5.528e-06   
      161            236         1.321e-02      5.931e-06      6.849e-01      8.504e-06   
      162            237         1.319e-02      1.269e-05      1.791e+00      1.390e-05   
      163            238         1.317e-02      2.347e-05      4.070e+00      1.535e-05   
      164            239         1.317e-02      3.927e-06      7.304e-01      8.042e-06   
      165            240         1.306e-02      1.095e-04      2.630e+01      6.019e-05   
      166            241         1.297e-02      8.612e-05      2.147e+01      2.857e-04   
      167            242         1.292e-02      5.404e-05      1.297e+01      1.449e-05   
      168            243         1.291e-02      4.429e-06      1.052e+00      3.479e-06   
      169            246         1.291e-02      9.154e-07      1.729e+02      6.026e-04   
      170            247         1.289e-02      1.652e-05      4.015e-02      1.240e-04   
      171            251         1.226e-02      6.323e-04      1.452e+01      3.050e-05   
      172            252         1.217e-02      9.422e-05      2.130e+01      6.568e-05   
      173            253         1.208e-02      8.946e-05      2.435e+01      8.857e-05   
      174            254         1.208e-02      3.397e-06      3.182e-01      4.934e-06   
      175            257         1.202e-02      5.823e-05      1.833e+01      2.652e-05   
      176            258         1.195e-02      6.965e-05      2.153e+01      3.765e-05   
      177            259         1.194e-02      3.395e-06      2.101e-01      1.163e-05   
      178            260         1.193e-02      1.077e-05      4.605e+01      1.167e-04   
      179            261         1.191e-02      2.101e-05      1.786e-01      6.958e-05   
      180            264         1.178e-02      1.271e-04      9.682e+00      2.158e-05   
      181            265         1.175e-02      3.757e-05      9.048e+00      2.006e-05   
      182            266         1.170e-02      4.572e-05      1.273e+01      2.023e-05   
      183            267         1.170e-02      3.316e-08      4.023e-03      1.015e-05   
      184            268         1.158e-02      1.231e-04      3.565e+01      4.378e-05   
      185            269         1.137e-02      2.047e-04      9.573e+01      1.173e-04   
      186            270         1.130e-02      7.723e-05      9.743e+01      1.832e-04   
      187            273         1.103e-02      2.647e-04      2.523e+01      1.102e-04   
      188            274         1.084e-02      1.893e-04      1.568e+01      4.831e-04   
      189            276         1.073e-02      1.128e-04      1.943e+01      6.154e-04   
      190            279         1.065e-02      7.777e-05      5.533e+00      2.116e-04   
      191            280         1.064e-02      9.618e-06      1.359e+01      1.258e-03   
      192            281         1.054e-02      1.063e-04      9.250e+00      4.291e-05   
      193            282         1.043e-02      1.076e-04      2.577e+01      2.568e-04   
      194            283         1.020e-02      2.248e-04      6.609e+01      1.420e-04   
      195            284         1.020e-02      2.061e-06      1.476e-02      4.289e-05   
      196            287         1.000e-02      2.015e-04      3.930e+01      6.348e-05   
      197            288         9.999e-03      8.730e-07      1.190e-02      4.661e-05   
      198            290         9.822e-03      1.768e-04      6.759e+01      7.585e-04   
      199            297         9.810e-03      1.268e-05      9.514e-03      4.604e-04   
      200            298         9.803e-03      7.118e-06      1.057e-02      1.567e-04   
      201            299         9.800e-03      2.355e-06      1.215e-02      4.899e-05   
      202            300         9.796e-03      3.905e-06      3.100e-02      4.816e-05   
      203            301         9.788e-03      7.848e-06      7.566e-02      4.572e-05   
      204            302         9.771e-03      1.701e-05      1.920e-01      3.943e-05   
      205            303         9.744e-03      2.754e-05      3.981e-01      2.667e-05   
      206            307         9.743e-03      7.994e-07      1.841e-02      6.665e-05   
      207            308         9.742e-03      1.282e-06      2.084e-02      2.540e-05   
      208            309         9.739e-03      2.920e-06      5.745e-02      2.353e-05   
      209            310         9.733e-03      6.217e-06      1.395e-01      1.898e-05   
      210            312         9.733e-03      1.605e-07      1.557e-01      2.046e-04   
      211            313         9.726e-03      6.827e-06      7.628e-02      1.163e-05   
      212            314         9.723e-03      2.771e-06      1.381e-01      7.221e-06   
      213            315         9.721e-03      2.265e-06      2.028e-01      3.302e-06   
      214            316         9.720e-03      9.387e-07      4.217e-01      2.009e-04   
      215            317         9.716e-03      3.711e-06      4.031e-01      2.410e-06   
      216            318         9.710e-03      6.145e-06      1.170e+00      1.162e-05   
      217            319         9.698e-03      1.212e-05      4.285e+00      2.755e-05   
      218            320         9.676e-03      2.140e-05      3.553e+00      1.692e-05   
      219            321         9.633e-03      4.361e-05      9.276e+00      6.242e-05   
      220            322         9.530e-03      1.026e-04      2.627e+01      1.027e-03   
      221            323         9.309e-03      2.210e-04      4.216e+01      5.493e-04   
      222            326         9.237e-03      7.234e-05      1.483e+01      5.349e-04   
      223            327         9.133e-03      1.039e-04      3.956e+01      1.869e-03   
      224            328         8.971e-03      1.619e-04      4.128e+01      1.845e-03   
      225            329         8.856e-03      1.152e-04      4.444e+01      2.342e-03   
      226            330         8.723e-03      1.330e-04      4.222e+01      1.833e-03   
      227            331         8.670e-03      5.301e-05      4.243e+01      1.715e-03   
      228            333         8.559e-03      1.108e-04      2.286e+01      1.233e-03   
      229            334         8.437e-03      1.225e-04      2.216e+01      5.075e-04   
      230            335         8.338e-03      9.807e-05      2.684e+01      3.885e-04   
      231            336         8.278e-03      6.084e-05      5.837e+01      1.285e-03   
      232            339         8.190e-03      8.795e-05      9.978e+00      7.264e-06   
      233            340         8.143e-03      4.675e-05      2.256e+01      2.695e-05   
      234            341         8.044e-03      9.932e-05      6.951e+01      1.690e-04   
      235            343         7.960e-03      8.327e-05      3.778e+01      5.584e-05   
      236            346         7.861e-03      9.903e-05      8.398e+00      2.570e-04   
      237            347         7.829e-03      3.263e-05      1.462e+01      2.008e-05   
      238            348         7.798e-03      3.087e-05      1.370e+01      1.806e-05   
      239            349         7.760e-03      3.796e-05      2.694e+01      1.008e-04   
      240            350         7.686e-03      7.392e-05      6.417e+01      4.686e-04   
      241            352         7.646e-03      3.952e-05      4.396e+01      9.617e-05   
      242            354         7.625e-03      2.103e-05      3.325e+01      1.394e-04   
      243            355         7.564e-03      6.167e-05      2.516e+01      1.180e-04   
      244            357         7.539e-03      2.479e-05      1.595e+01      4.483e-05   
      245            358         7.510e-03      2.938e-05      1.503e+01      4.328e-05   
      246            360         7.495e-03      1.479e-05      7.123e+00      3.280e-05   
      247            362         7.486e-03      8.516e-06      6.152e+00      3.259e-06   
      248            363         7.472e-03      1.409e-05      1.465e+01      4.238e-05   
      249            364         7.451e-03      2.121e-05      3.826e+01      1.054e-03   
      250            367         7.439e-03      1.235e-05      3.341e+00      1.944e-04   
      251            368         7.432e-03      6.310e-06      5.388e+00      5.295e-05   
      252            370         7.429e-03      2.791e-06      7.880e+00      2.963e-04   
      253            373         7.425e-03      4.719e-06      9.975e-01      6.085e-05   
      254            374         7.422e-03      2.418e-06      2.942e+00      7.270e-05   
      255            375         7.417e-03      5.432e-06      6.259e+00      4.823e-05   
      256            378         7.415e-03      1.970e-06      2.365e+00      5.534e-05   
      257            379         7.409e-03      5.576e-06      6.408e+00      2.610e-06   
      258            382         7.407e-03      2.044e-06      2.421e+00      1.735e-05   
      259            383         7.402e-03      4.906e-06      6.266e+00      1.995e-06   
      260            385         7.399e-03      3.503e-06      8.768e+00      2.320e-04   
      261            388         7.396e-03      2.821e-06      1.140e+00      1.100e-04   
      262            389         7.394e-03      1.626e-06      1.526e+00      1.518e-05   
      263            390         7.391e-03      3.124e-06      4.524e+00      2.983e-06   
      264            392         7.390e-03      1.742e-06      6.298e+00      2.245e-04   
      265            395         7.387e-03      2.349e-06      8.551e-01      1.190e-04   
      266            396         7.386e-03      1.347e-06      9.675e-01      1.359e-06   
      267            397         7.384e-03      1.941e-06      2.889e+00      3.389e-06   
      268            398         7.378e-03      5.958e-06      8.670e+00      1.779e-05   
      269            401         7.375e-03      2.726e-06      3.550e+00      2.630e-05   
      270            404         7.374e-03      1.100e-06      1.405e+00      2.300e-05   
      271            405         7.371e-03      3.325e-06      4.200e+00      7.859e-06   
      272            406         7.360e-03      1.036e-05      1.282e+01      2.311e-05   
      273            407         7.324e-03      3.671e-05      4.099e+01      1.028e-04   
      274            409         7.275e-03      4.844e-05      7.023e+01      3.434e-04   
      275            413         7.230e-03      4.537e-05      2.718e+00      4.185e-06   
      276            414         7.224e-03      5.657e-06      3.971e+00      3.044e-06   
      277            416         7.222e-03      1.969e-06      4.207e+00      2.471e-04   
      278            421         7.222e-03      4.104e-07      5.062e-01      1.355e-04   
      279            422         7.221e-03      5.016e-07      2.206e-02      3.983e-06   
      280            423         7.221e-03      2.742e-07      4.173e-02      2.558e-06   
      281            424         7.221e-03      2.885e-07      7.121e-02      1.884e-06   
      282            425         7.221e-03      3.244e-07      1.354e-01      6.809e-07   
      283            426         7.220e-03      2.038e-07      2.022e-01      1.660e-06   
      284            427         7.220e-03      4.645e-07      5.120e-01      4.984e-06   
      285            428         7.219e-03      9.353e-07      1.321e+00      2.613e-06   
      286            429         7.216e-03      2.451e-06      3.714e+00      1.449e-05   
      287            430         7.216e-03      2.981e-07      4.540e-01      9.537e-07   
      288            431         7.206e-03      1.000e-05      2.674e+01      2.558e-04   
      289            432         7.206e-03      3.344e-07      2.849e-02      2.195e-04   
      290            433         7.194e-03      1.186e-05      2.208e+01      8.357e-05   
      291            437         7.190e-03      4.061e-06      1.902e+00      8.841e-05   
      292            438         7.187e-03      2.988e-06      2.582e+00      7.036e-05   
      293            439         7.184e-03      2.460e-06      3.650e+00      1.553e-04   
      294            440         7.184e-03      8.303e-07      1.098e-01      1.437e-04   
      295            441         7.182e-03      1.700e-06      3.862e+00      2.125e-04   
      296            447         7.179e-03      3.011e-06      1.613e-02      3.254e-05   
      297            448         7.179e-03      7.648e-08      2.065e-03      6.413e-06   
      298            449         7.179e-03      9.342e-09      1.804e-03      1.868e-06   
      299            450         7.179e-03      1.404e-08      4.407e-03      1.618e-06   
      300            451         7.179e-03      2.917e-08      1.088e-02      1.470e-06   
      301            456         7.179e-03      7.038e-11      3.187e-05      1.130e-06   
      302            457         7.179e-03      1.440e-10      6.198e-05      1.223e-06   
      303            458         7.179e-03      4.217e-10      1.845e-04      1.238e-06   
      304            459         7.179e-03      1.245e-09      5.484e-04      1.230e-06   
      305            460         7.179e-03      3.592e-09      1.608e-03      1.220e-06   
      306            461         7.179e-03      9.891e-09      4.597e-03      1.201e-06   
      307            462         7.179e-03      2.624e-08      1.296e-02      1.171e-06   
      308            463         7.179e-03      7.233e-08      3.749e-02      1.219e-06   
      309            467         7.179e-03      2.720e-09      1.755e-03      3.522e-06   
      310            468         7.179e-03      4.890e-09      2.309e-03      1.097e-06   
      311            469         7.179e-03      1.295e-08      6.882e-03      1.093e-06   
      312            470         7.179e-03      3.862e-08      2.058e-02      1.120e-06   
      313            471         7.179e-03      1.147e-07      6.138e-02      1.350e-06   
      314            472         7.178e-03      2.041e-07      1.217e-01      1.927e-06   
      315            473         7.178e-03      3.301e-07      3.124e-01      3.426e-06   
      316            474         7.177e-03      9.674e-07      9.340e-01      1.609e-05   
      317            475         7.177e-03      5.787e-08      3.413e-02      4.048e-06   
      318            476         7.175e-03      1.633e-06      2.778e+00      1.365e-04   
      319            483         7.175e-03      8.188e-08      3.050e-04      1.320e-04   
      320            484         7.175e-03      2.269e-07      9.040e-04      1.184e-04   
      321            485         7.175e-03      4.212e-07      2.028e-03      8.812e-05   
      322            486         7.174e-03      4.028e-07      3.028e-03      4.305e-05   
      323            487         7.174e-03      1.259e-07      2.291e-03      1.159e-05   
      324            488         7.174e-03      1.142e-08      1.158e-03      2.104e-06   
      325            489         7.174e-03      5.847e-09      2.224e-03      1.474e-06   
      326            490         7.174e-03      1.267e-08      5.703e-03      1.317e-06   
      327            491         7.174e-03      3.052e-08      1.578e-02      1.142e-06   
      328            492         7.174e-03      8.594e-08      4.614e-02      1.153e-06   
      329            493         7.174e-03      1.484e-07      9.184e-02      1.706e-06   
      330            494         7.174e-03      3.577e-08      3.176e-02      7.063e-07   
      331            495         7.173e-03      8.099e-07      7.433e-01      1.267e-05   
      332            496         7.173e-03      1.142e-08      1.824e-03      2.761e-06   
      333            497         7.171e-03      1.672e-06      2.190e+00      1.047e-04   
      334            498         7.169e-03      2.352e-06      2.367e+00      1.299e-04   
      335            499         7.166e-03      2.730e-06      2.522e+00      1.446e-04   
      336            500         7.163e-03      3.173e-06      2.662e+00      1.478e-04   
      337            501         7.159e-03      3.634e-06      2.862e+00      1.429e-04   
      338            502         7.155e-03      4.269e-06      3.231e+00      1.315e-04   
      339            503         7.149e-03      5.622e-06      4.108e+00      1.080e-04   
      340            504         7.139e-03      1.055e-05      7.595e+00      1.350e-05   
      341            506         7.124e-03      1.506e-05      1.131e+01      2.243e-05   
      342            510         7.123e-03      1.286e-06      5.565e-01      1.311e-05   
      343            513         7.122e-03      2.463e-07      1.955e-01      1.008e-05   
      344            514         7.122e-03      1.925e-07      5.778e-01      9.601e-05   
      345            520         7.122e-03      4.130e-07      2.777e-03      3.858e-05   
      346            521         7.122e-03      4.504e-08      7.050e-04      2.606e-05   
      347            522         7.122e-03      3.608e-08      1.010e-03      1.237e-05   
      348            523         7.122e-03      1.713e-08      1.096e-03      3.924e-06   
      349            524         7.122e-03      3.735e-09      7.737e-04      9.229e-07   
      350            525         7.122e-03      1.804e-09      1.381e-03      5.747e-07   
      351            526         7.122e-03      4.960e-09      4.088e-03      5.873e-07   
      352            527         7.122e-03      1.465e-08      1.217e-02      5.872e-07   
      353            528         7.122e-03      4.358e-08      3.640e-02      5.643e-07   
      354            529         7.121e-03      1.290e-07      1.086e-01      2.906e-06   
      355            530         7.121e-03      3.529e-07      3.275e-01      2.178e-05   
      356            531         7.121e-03      3.881e-07      5.829e-01      7.717e-05   
      357            532         7.120e-03      7.682e-07      5.705e-01      6.157e-05   
      358            533         7.119e-03      7.311e-07      6.956e-01      6.892e-05   
      359            534         7.118e-03      9.500e-07      7.762e-01      5.450e-05   
      360            535         7.117e-03      1.180e-06      1.233e+00      7.996e-05   
      361            536         7.115e-03      1.908e-06      1.519e+00      3.724e-05   
      362            537         7.111e-03      3.956e-06      4.496e+00      1.449e-04   
      363            538         7.110e-03      1.144e-06      1.711e-01      1.310e-05   
      364            539         7.106e-03      4.280e-06      6.007e+00      2.299e-04   
      365            540         7.103e-03      2.324e-06      4.145e-02      6.468e-05   
      366            541         7.097e-03      5.960e-06      5.609e+00      1.261e-04   
      367            544         7.095e-03      2.252e-06      1.447e+00      6.234e-05   
      368            545         7.091e-03      4.189e-06      3.780e+00      2.785e-05   
      369            546         7.079e-03      1.158e-05      1.094e+01      1.724e-05   
      370            549         7.074e-03      5.335e-06      4.437e+00      4.182e-05   
      371            550         7.063e-03      1.105e-05      1.157e+01      1.526e-04   
      372            557         7.062e-03      6.637e-07      3.121e-03      9.634e-05   
      373            558         7.062e-03      2.599e-07      2.002e-03      6.227e-05   
      374            559         7.062e-03      1.699e-07      2.493e-03      2.573e-05   
      375            560         7.062e-03      6.693e-08      2.764e-03      6.845e-06   
      376            561         7.062e-03      7.071e-08      5.958e-03      5.604e-06   
      377            562         7.062e-03      4.143e-08      6.113e-03      1.550e-06   
      378            563         7.062e-03      2.721e-08      1.028e-02      9.051e-07   
      379            564         7.062e-03      4.086e-08      2.327e-02      8.522e-07   
      380            565         7.062e-03      6.669e-08      4.882e-02      4.205e-07   
      381            569         7.062e-03      1.669e-10      2.278e-03      5.933e-06   
      382            570         7.062e-03      3.499e-09      1.427e-03      4.281e-07   
      383            571         7.062e-03      4.068e-09      3.874e-03      4.291e-07   
      384            572         7.062e-03      1.193e-08      1.150e-02      4.279e-07   
      385            573         7.062e-03      3.502e-08      3.413e-02      4.269e-07   
      386            574         7.061e-03      1.031e-07      1.015e-01      5.732e-07   
      387            575         7.061e-03      3.031e-07      3.016e-01      3.737e-06   
      388            576         7.060e-03      8.754e-07      8.895e-01      1.520e-05   
      389            577         7.060e-03      3.399e-09      6.016e-03      4.040e-06   
      390            578         7.059e-03      1.344e-06      1.376e+00      2.143e-05   
      391            579         7.059e-03      2.059e-08      1.106e-02      1.611e-06   
      392            580         7.056e-03      2.542e-06      2.611e+00      1.113e-05   
      393            581         7.051e-03      5.534e-06      6.440e+00      4.150e-05   
      394            582         7.042e-03      8.482e-06      1.646e+01      2.438e-04   
      395            589         7.041e-03      1.513e-06      4.892e-03      1.567e-04   
      396            590         7.040e-03      5.466e-07      2.760e-03      1.100e-04   
      397            591         7.040e-03      4.407e-07      3.797e-03      5.059e-05   
      398            592         7.040e-03      1.337e-07      2.962e-03      1.311e-05   
      399            593         7.040e-03      1.947e-08      2.225e-03      2.963e-06   
      400            594         7.040e-03      2.079e-08      5.224e-03      1.628e-06   
      401            595         7.040e-03      4.661e-08      1.343e-02      1.315e-06   
      402            596         7.040e-03      4.520e-08      1.872e-02      5.938e-07   
      403            597         7.040e-03      3.192e-08      2.945e-02      3.309e-07   
      404            598         7.040e-03      5.216e-08      7.586e-02      4.432e-07   
      405            599         7.039e-03      1.494e-07      2.240e-01      2.549e-06   
      406            600         7.039e-03      4.218e-07      6.484e-01      6.616e-06   
      407            601         7.038e-03      1.140e-06      1.839e+00      7.984e-06   
      408            602         7.035e-03      2.736e-06      4.944e+00      4.044e-05   
      409            603         7.035e-03      5.502e-10      7.058e-03      4.331e-05   
      410            606         7.035e-03      5.539e-07      9.076e-01      1.856e-05   
      411            607         7.033e-03      1.343e-06      2.629e+00      2.574e-05   
      412            608         7.030e-03      3.581e-06      7.356e+00      1.991e-05   
      413            610         7.025e-03      4.437e-06      1.008e+01      5.978e-05   
      414            611         7.025e-03      1.437e-07      2.024e-02      1.952e-06   
      415            613         7.020e-03      5.090e-06      1.449e+01      1.616e-04   
      416            614         7.019e-03      8.547e-07      7.491e-03      7.039e-05   
      417            615         7.009e-03      1.010e-05      2.205e+01      5.689e-05   
      418            618         7.003e-03      5.935e-06      1.082e+01      2.066e-04   
      419            619         6.992e-03      1.070e-05      1.443e+01      9.577e-05   
      420            622         6.987e-03      5.119e-06      3.996e+00      9.470e-05   
      421            623         6.980e-03      7.577e-06      8.225e+00      1.303e-05   
      422            624         6.963e-03      1.655e-05      2.163e+01      4.490e-05   
      423            627         6.958e-03      4.830e-06      8.574e+00      2.642e-04   
      424            628         6.956e-03      1.912e-06      1.452e+00      1.112e-04   
      425            629         6.952e-03      4.194e-06      4.533e+00      3.399e-06   
      426            630         6.946e-03      5.899e-06      1.112e+01      6.374e-06   
      427            631         6.946e-03      1.170e-08      3.444e-03      1.032e-05   
      428            633         6.945e-03      1.660e-06      2.799e+01      5.568e-04   
      429            634         6.919e-03      2.514e-05      1.994e+01      3.143e-05   
      430            636         6.903e-03      1.611e-05      3.031e+01      8.301e-05   
      431            639         6.894e-03      9.608e-06      1.325e+01      1.108e-05   
      432            640         6.887e-03      6.246e-06      1.537e+01      1.349e-05   
      433            642         6.878e-03      9.325e-06      9.928e+00      1.984e-04   
      434            643         6.865e-03      1.311e-05      1.049e+01      7.875e-05   
      435            644         6.842e-03      2.340e-05      2.465e+01      9.170e-05   
      436            647         6.825e-03      1.648e-05      6.179e+00      6.349e-06   
      437            651         6.825e-03      6.476e-07      2.895e-01      7.149e-06   
      438            652         6.823e-03      1.054e-06      8.301e-01      3.773e-06   
      439            653         6.823e-03      6.474e-07      5.530e-01      6.943e-05   
      440            654         6.822e-03      4.793e-07      6.107e-01      1.045e-04   
      441            655         6.821e-03      9.049e-07      4.736e-01      3.296e-06   
      442            657         6.821e-03      3.720e-07      3.047e-01      3.488e-05   
      443            658         6.821e-03      3.169e-07      4.455e-01      7.488e-05   
      444            659         6.820e-03      5.475e-07      4.359e-01      7.317e-05   
      445            660         6.820e-03      5.278e-07      4.294e-01      7.451e-05   
      446            661         6.819e-03      5.190e-07      4.202e-01      7.480e-05   
      447            662         6.819e-03      5.094e-07      4.096e-01      7.337e-05   
      448            663         6.818e-03      4.974e-07      3.988e-01      6.996e-05   
      449            664         6.818e-03      4.797e-07      3.892e-01      6.504e-05   
      450            665         6.817e-03      4.568e-07      3.837e-01      5.957e-05   
      451            666         6.817e-03      4.345e-07      3.854e-01      5.458e-05   
      452            667         6.816e-03      4.209e-07      3.976e-01      5.064e-05   
      453            668         6.816e-03      4.216e-07      4.239e-01      4.788e-05   
      454            669         6.816e-03      4.409e-07      4.698e-01      4.619e-05   
      455            670         6.815e-03      4.836e-07      5.407e-01      4.476e-05   
      456            671         6.814e-03      5.640e-07      6.643e-01      4.261e-05   
      457            672         6.814e-03      7.216e-07      9.214e-01      4.387e-05   
      458            673         6.813e-03      1.041e-06      1.375e+00      3.745e-05   
      459            674         6.811e-03      1.696e-06      2.610e+00      6.343e-05   
      460            675         6.809e-03      2.123e-06      3.868e+00      9.070e-05   
      461            678         6.808e-03      1.019e-06      5.216e-01      2.253e-05   
      462            679         6.807e-03      8.868e-07      1.511e+00      4.832e-05   
      463            680         6.805e-03      1.843e-06      2.685e+00      5.614e-06   
      464            681         6.800e-03      4.990e-06      7.901e+00      2.867e-05   
      465            682         6.800e-03      5.909e-08      8.131e-03      2.041e-05   
      466            683         6.791e-03      9.077e-06      2.534e+01      4.265e-04   
      467            684         6.786e-03      5.089e-06      1.326e-02      2.180e-04   
      468            687         6.779e-03      6.522e-06      4.073e+00      7.474e-05   
      469            688         6.771e-03      8.061e-06      1.086e+01      2.131e-05   
      470            691         6.768e-03      3.114e-06      4.358e+00      8.150e-05   
      471            692         6.768e-03      3.209e-07      1.934e-02      2.043e-05   
      472            693         6.761e-03      7.094e-06      1.004e+01      7.926e-05   
      473            696         6.760e-03      4.223e-07      3.959e+00      2.681e-04   
      474            703         6.760e-03      3.044e-07      7.338e-04      2.550e-04   
      475            704         6.759e-03      6.636e-07      1.788e-03      2.237e-04   
      476            705         6.758e-03      1.085e-06      3.753e-03      1.613e-04   
      477            706         6.757e-03      9.464e-07      5.403e-03      7.863e-05   
      478            707         6.757e-03      3.044e-07      4.319e-03      2.086e-05   
      479            708         6.757e-03      3.427e-08      2.309e-03      2.774e-06   
      480            709         6.757e-03      1.468e-08      4.117e-03      2.686e-06   
      481            710         6.757e-03      1.608e-08      5.993e-03      1.132e-06   
      482            711         6.757e-03      1.616e-08      1.342e-02      6.950e-07   
      483            712         6.757e-03      2.005e-08      2.580e-02      2.772e-07   
      484            713         6.757e-03      5.630e-08      7.581e-02      2.985e-07   
      485            714         6.757e-03      1.640e-07      2.242e-01      7.881e-07   
      486            715         6.756e-03      4.772e-07      6.623e-01      3.141e-06   
      487            716         6.755e-03      1.378e-06      1.946e+00      6.352e-06   
      488            717         6.751e-03      3.867e-06      5.675e+00      3.677e-05   
      489            719         6.746e-03      5.290e-06      8.076e+00      6.395e-05   
      490            720         6.746e-03      6.874e-08      1.268e-01      2.762e-05   
      491            721         6.739e-03      7.097e-06      1.131e+01      5.184e-05   
      492            724         6.736e-03      2.486e-06      3.958e+00      2.208e-05   
      493            725         6.732e-03      4.035e-06      1.099e+01      2.085e-04   
      494            726         6.725e-03      7.471e-06      1.095e+01      1.572e-05   
      495            727         6.711e-03      1.400e-05      3.007e+01      3.542e-05   
      496            728         6.692e-03      1.898e-05      7.032e+01      3.080e-04   
      497            732         6.678e-03      1.383e-05      3.567e+00      2.014e-04   
      498            733         6.673e-03      4.737e-06      4.182e+00      1.376e-04   
      499            734         6.669e-03      3.828e-06      5.322e+00      1.848e-04   
      500            735         6.663e-03      5.884e-06      5.313e+00      9.711e-05   
      501            736         6.655e-03      8.657e-06      1.079e+01      1.370e-05   
      502            739         6.651e-03      3.887e-06      4.233e+00      4.737e-06   
      503            742         6.649e-03      1.398e-06      1.655e+00      2.519e-05   
      504            745         6.649e-03      5.446e-07      6.336e-01      1.378e-05   
      505            746         6.649e-03      2.649e-07      1.874e+00      1.901e-04   
      506            747         6.648e-03      1.026e-06      1.055e-02      6.910e-05   
      507            749         6.647e-03      7.724e-07      7.462e-01      4.918e-05   
      508            751         6.646e-03      5.533e-07      7.606e-01      6.405e-05   
      509            752         6.646e-03      3.912e-07      9.188e-01      1.114e-04   
      510            753         6.645e-03      8.573e-07      6.566e-01      2.687e-06   
      511            755         6.645e-03      2.963e-07      4.655e-01      4.763e-05   
      512            756         6.644e-03      3.536e-07      5.247e-01      6.090e-05   
      513            757         6.644e-03      3.931e-07      5.416e-01      6.537e-05   
      514            758         6.644e-03      3.908e-07      5.500e-01      6.896e-05   
      515            759         6.643e-03      3.937e-07      5.471e-01      6.995e-05   
      516            760         6.643e-03      3.907e-07      5.397e-01      7.064e-05   
      517            761         6.642e-03      3.880e-07      5.294e-01      7.214e-05   
      518            762         6.642e-03      3.857e-07      5.170e-01      7.173e-05   
      519            763         6.642e-03      3.817e-07      5.031e-01      6.922e-05   
      520            764         6.641e-03      3.730e-07      4.887e-01      6.479e-05   
      521            765         6.641e-03      3.570e-07      4.761e-01      5.921e-05   
      522            766         6.641e-03      3.360e-07      4.689e-01      5.358e-05   
      523            767         6.640e-03      3.164e-07      4.709e-01      4.878e-05   
      524            768         6.640e-03      3.043e-07      4.852e-01      4.513e-05   
      525            769         6.640e-03      3.023e-07      5.156e-01      4.259e-05   
      526            770         6.639e-03      3.124e-07      5.674e-01      4.095e-05   
      527            771         6.639e-03      3.375e-07      6.509e-01      4.001e-05   
      528            772         6.639e-03      3.847e-07      7.869e-01      3.958e-05   
      529            773         6.638e-03      4.709e-07      1.024e+00      3.973e-05   
      530            774         6.637e-03      6.416e-07      1.479e+00      3.948e-05   
      531            775         6.637e-03      8.861e-07      2.516e+00      6.257e-05   
      532            776         6.635e-03      1.357e-06      3.203e+00      4.638e-06   
      533            777         6.632e-03      3.040e-06      8.917e+00      4.316e-06   
      534            781         6.632e-03      1.660e-07      4.269e-01      5.397e-06   
      535            782         6.632e-03      4.035e-07      1.246e+00      1.670e-05   
      536            788         6.632e-03      1.097e-08      1.565e-03      2.505e-06   
      537            789         6.632e-03      1.606e-09      6.011e-04      9.236e-07   
      538            790         6.632e-03      2.564e-10      3.675e-04      1.515e-07   
      539            791         6.632e-03      3.390e-10      1.020e-03      1.533e-07   
      540            792         6.632e-03      1.011e-09      3.054e-03      1.545e-07   
      541            793         6.632e-03      3.028e-09      9.156e-03      1.555e-07   
      542            794         6.632e-03      9.073e-09      2.745e-02      1.558e-07   
      543            795         6.632e-03      2.716e-08      8.224e-02      1.543e-07   
      544            796         6.631e-03      8.114e-08      2.461e-01      1.575e-07   
      545            797         6.631e-03      2.411e-07      7.345e-01      1.307e-06   
      546            798         6.631e-03      7.054e-07      2.174e+00      4.184e-06   
      547            799         6.629e-03      1.995e-06      6.308e+00      4.332e-06   
      548            800         6.623e-03      5.101e-06      1.726e+01      6.611e-06   
      549            801         6.612e-03      1.162e-05      4.574e+01      3.726e-05   
      550            802         6.605e-03      6.395e-06      9.769e+01      3.001e-04   
      551            807         6.587e-03      1.849e-05      6.374e-01      4.016e-06   
      552            808         6.587e-03      3.272e-07      5.837e-01      2.576e-05   
      553            809         6.586e-03      2.633e-07      9.868e-01      4.875e-05   
      554            810         6.586e-03      3.952e-07      9.720e-01      1.420e-06   
      555            811         6.585e-03      7.551e-07      2.672e+00      4.577e-06   
      556            812         6.583e-03      1.857e-06      7.159e+00      3.886e-06   
      557            813         6.583e-03      3.169e-08      2.738e-02      1.991e-06   
      558            817         6.583e-03      2.234e-07      1.072e+00      3.617e-05   
      559            818         6.583e-03      3.876e-07      1.305e+00      1.752e-06   
      560            819         6.582e-03      9.325e-07      3.757e+00      4.568e-06   
      561            820         6.579e-03      2.402e-06      1.042e+01      3.687e-05   
      562            824         6.579e-03      1.862e-07      5.634e-01      3.545e-05   
      563            825         6.579e-03      1.844e-07      6.978e-01      5.256e-06   
      564            826         6.579e-03      1.590e-07      6.333e-01      2.041e-05   
      565            827         6.579e-03      2.954e-07      1.172e+00      9.614e-07   
      566            828         6.578e-03      7.921e-07      3.399e+00      4.681e-06   
      567            829         6.576e-03      2.130e-06      9.543e+00      3.840e-06   
      568            833         6.575e-03      1.508e-07      4.836e-01      5.074e-06   
      569            834         6.575e-03      3.195e-07      1.408e+00      1.504e-06   
      570            835         6.574e-03      8.995e-07      4.071e+00      4.642e-06   
      571            837         6.573e-03      9.522e-07      5.938e+00      9.165e-05   
      572            843         6.573e-03      1.907e-07      1.050e-02      4.297e-05   
      573            844         6.573e-03      1.417e-07      4.625e-03      3.102e-06   
      574            845         6.573e-03      4.366e-09      1.597e-03      3.603e-07   
      575            846         6.573e-03      5.779e-10      2.106e-03      1.097e-07   
      576            847         6.573e-03      1.491e-09      5.950e-03      1.088e-07   
      577            848         6.573e-03      4.222e-09      1.743e-02      1.073e-07   
      578            849         6.573e-03      1.210e-08      5.112e-02      3.988e-07   
      579            850         6.573e-03      3.411e-08      1.487e-01      2.269e-06   
      580            851         6.573e-03      9.560e-08      4.298e-01      4.190e-06   
      581            852         6.573e-03      2.739e-07      1.255e+00      1.359e-06   
      582            853         6.572e-03      3.678e-07      3.657e+00      9.937e-05   
      583            854         6.572e-03      3.801e-07      1.333e-02      1.604e-05   
      584            857         6.572e-03      8.628e-08      4.137e-01      2.629e-05   
      585            858         6.572e-03      1.204e-07      4.350e-01      2.830e-06   
      586            859         6.571e-03      2.715e-07      1.280e+00      1.438e-06   
      587            860         6.571e-03      7.755e-07      3.724e+00      4.696e-06   
      588            862         6.570e-03      8.829e-07      5.437e+00      7.596e-05   
      589            868         6.570e-03      9.280e-08      8.995e-03      4.017e-05   
      590            869         6.569e-03      1.346e-07      4.522e-03      2.988e-06   
      591            870         6.569e-03      2.547e-09      1.062e-03      1.832e-07   
      592            871         6.569e-03      4.909e-10      1.945e-03      1.047e-07   
      593            872         6.569e-03      1.298e-09      5.561e-03      1.038e-07   
      594            873         6.569e-03      3.703e-09      1.634e-02      1.026e-07   
      595            874         6.569e-03      1.064e-08      4.794e-02      3.390e-07   
      596            875         6.569e-03      3.011e-08      1.397e-01      1.912e-06   
      597            876         6.569e-03      8.479e-08      4.051e-01      3.699e-06   
      598            877         6.569e-03      2.440e-07      1.186e+00      1.180e-06   
      599            878         6.569e-03      4.896e-07      3.458e+00      7.032e-05   
      600            879         6.568e-03      1.796e-07      1.131e-02      1.222e-05   
Warning: Maximum number of iterations has been exceeded.
         Current function value: 6.568e-03
         Max scaled gradient: 1.222e-05
         Total delta_x: 3.081e+00
         Iterations: 600
         Function evaluations: 879
         Jacobian evaluations: 601
{"tag": "final", "cost": 0.00656836021121401, "cost_targets": 0.006567597550510085, "cost_bounds": 7.626607039243054e-07, "max_dB": 0.0037602546880930237, "max_dG_rel": 0.016579225605907633, "iota": 0.41906340586166474, "eta": 0.619287897017816, "hel": 0.0, "max_elong": 5.000013456026231, "axis_rc": [0.96646, 0.16183, 0.00218, -0.00215, -0.00022, 1e-05], "axis_zs": [0.0, -0.03552, 0.00854, 0.00189, -7e-05, -5e-05], "max_abs_Zaxis": 0.04000021374196241, "min_dpc": 0.14779304469324273, "min_dcc": 0.03999992317566615, "max_kappa": 10.17367651226561, "Lcoil": [3.941, 3.941, 3.942, 3.941], "I_over_uniform": [1.103, 0.958, 1.105, 0.813], "n_active_bounds": 20, "L_total": 15.765514840591075, "coil_R_max": 1.8028516619210766, "coil_absz_max": 0.7147992729991722, "mean_kappa2": 0.1070939446803376, "cost_reg": 0.0021366193733647924, "cost_field": 0.004430978177145293, "B2c": 2.6762607667323546, "B20_residual": 0.9931779446198225, "max_dGG_rel": 0.8477695936794094, "time_s": 1319, "status": "Maximum number of iterations has been exceeded.", "nit": 600, "optimality": 1.221937920753591e-05}
