ERROR:2026-10-09 19:44:01,832:jax._src.xla_bridge:487: Jax plugin configuration error: Exception when calling jax_plugins.xla_cuda12.initialize()
Traceback (most recent call last):
  File "/home/jay/miniconda3/envs/desc-dev/lib/python3.13/site-packages/jax/_src/xla_bridge.py", line 485, in discover_pjrt_plugins
    plugin_module.initialize()
    ~~~~~~~~~~~~~~~~~~~~~~~~^^
  File "/home/jay/miniconda3/envs/desc-dev/lib/python3.13/site-packages/jax_plugins/xla_cuda12/__init__.py", line 328, in initialize
    _check_cuda_versions(raise_on_first_error=True)
    ~~~~~~~~~~~~~~~~~~~~^^^^^^^^^^^^^^^^^^^^^^^^^^^
  File "/home/jay/miniconda3/envs/desc-dev/lib/python3.13/site-packages/jax_plugins/xla_cuda12/__init__.py", line 285, in _check_cuda_versions
    local_device_count = cuda_versions.cuda_device_count()
RuntimeError: jaxlib/cuda/versions_helpers.cc:113: operation cuInit(0) failed: CUDA_ERROR_NO_DEVICE
DESC /home/jay/Documents/desc_dev/DESC/desc
DEVICE requested=cpu obtained=cpu (1x cpu)
nfp 4 nc 4 mode z0 helicity -1.0 nparams 80 order 1 seed 0
{"tag": "init", "cost": 502.8673506690268, "cost_targets": 23.67519491515599, "cost_bounds": 479.19215575387085, "max_dB": 0.3761339736071921, "max_dG_rel": 1.0358787747681426, "iota": 1.358588312890469, "eta": 1.159334582978747, "hel": -1.0, "max_elong": 4.938233478993427, "axis_rc": [1.0, 0.13124, 0.0, 0.0, 0.0, 0.0], "axis_zs": [0.0, -0.07158, 0.0, 0.0, 0.0, 0.0], "max_abs_Zaxis": 0.07153040818542615, "min_dpc": 0.06470664324345672, "min_dcc": 0.06432761448856632, "max_kappa": 16.157724544141203, "Lcoil": [2.488, 2.757, 2.838, 2.502], "I_over_uniform": [1.0, 1.0, 1.0, 1.0], "n_active_bounds": 48, "L_total": 10.585065957402593, "coil_R_max": 1.4979650266425022, "coil_absz_max": 0.6058498074576893, "mean_kappa2": 0.07627712819489561, "cost_reg": 0.0, "cost_field": 23.67519491515599}
   Iteration     Total nfev        Cost      Cost reduction    Step norm     Optimality   
       0              1          5.029e+02                                    1.207e+01   
       1              5          3.713e+01      4.657e+02      7.615e+01      9.408e-01   
       2              6          1.100e+01      2.614e+01      4.150e+01      8.149e-02   
       3              7          9.522e+00      1.473e+00      2.414e+01      2.481e-02   
       4              8          8.574e+00      9.484e-01      4.184e+01      2.344e-02   
       5              9          7.545e+00      1.029e+00      7.946e+01      1.711e-01   
       6             10          6.678e+00      8.675e-01      7.490e+01      1.934e-02   
       7             12          5.914e+00      7.634e-01      1.053e+02      1.041e-01   
       8             14          5.330e+00      5.843e-01      1.183e+02      9.363e-02   
       9             15          4.690e+00      6.403e-01      9.782e+01      5.226e-02   
      10             16          4.647e+00      4.290e-02      6.515e-01      6.194e-02   
      11             17          4.143e+00      5.039e-01      1.317e+02      1.710e-02   
      12             18          3.954e+00      1.888e-01      1.729e+02      1.075e-01   
      13             19          3.243e+00      7.116e-01      1.690e+02      3.831e-02   
      14             20          2.892e+00      3.508e-01      1.631e+02      3.635e-02   
      15             21          2.248e+00      6.438e-01      1.616e+02      3.878e-02   
      16             22          1.631e+00      6.171e-01      1.450e+02      2.218e-02   
      17             23          1.250e+00      3.809e-01      1.990e+02      9.132e-02   
      18             24          7.271e-01      5.231e-01      1.592e+02      3.801e-02   
      19             25          6.349e-01      9.222e-02      2.133e+02      9.040e-02   
      20             26          3.437e-01      2.912e-01      1.289e+02      1.160e-02   
      21             27          3.278e-01      1.585e-02      2.021e+02      5.680e-02   
      22             28          2.115e-01      1.163e-01      1.085e+02      7.001e-03   
      23             30          1.802e-01      3.132e-02      1.360e+02      1.203e-02   
      24             31          1.493e-01      3.091e-02      1.250e+02      8.831e-03   
      25             32          1.201e-01      2.919e-02      1.295e+02      2.987e-03   
      26             33          1.168e-01      3.311e-03      1.609e+02      1.205e-02   
      27             34          9.668e-02      2.013e-02      1.041e+02      7.767e-03   
      28             35          8.281e-02      1.387e-02      1.043e+02      1.373e-03   
      29             36          8.003e-02      2.783e-03      9.927e+01      3.148e-03   
      30             39          7.724e-02      2.786e-03      2.735e+01      3.889e-04   
      31             40          7.715e-02      9.273e-05      3.944e-01      8.582e-05   
      32             42          7.648e-02      6.708e-04      3.046e+01      3.672e-04   
      33             43          7.482e-02      1.656e-03      2.863e+01      4.160e-04   
      34             46          7.352e-02      1.302e-03      1.979e+01      2.500e-04   
      35             47          7.244e-02      1.080e-03      3.049e+01      1.577e-04   
      36             48          7.211e-02      3.357e-04      3.478e+01      2.419e-04   
      37             49          7.208e-02      2.517e-05      1.061e-01      4.076e-05   
      38             50          7.182e-02      2.567e-04      5.857e+01      1.320e-03   
      39             51          7.176e-02      6.721e-05      1.873e-01      6.839e-04   
      40             52          7.174e-02      1.905e-05      4.303e+01      3.008e-04   
      41             53          7.147e-02      2.642e-04      3.093e+01      4.749e-04   
      42             54          7.147e-02      3.928e-06      2.995e+01      4.093e-04   
      43             55          7.130e-02      1.700e-04      8.288e+00      1.327e-04   
      44             56          7.130e-02      3.529e-06      5.392e-02      5.947e-05   
      45             57          7.116e-02      1.403e-04      5.764e+01      1.775e-03   
      46             59          7.112e-02      3.288e-05      3.356e+01      2.368e-04   
      47             61          7.099e-02      1.314e-04      1.974e+01      2.683e-04   
      48             62          7.093e-02      5.999e-05      1.465e+01      1.921e-04   
      49             63          7.091e-02      2.542e-05      2.334e+00      2.574e-05   
      50             64          7.090e-02      3.031e-06      5.364e-01      5.086e-06   
      51             65          7.088e-02      1.904e-05      1.900e+01      6.620e-05   
      52             66          7.088e-02      2.399e-06      2.748e-02      1.882e-05   
      53             67          7.082e-02      6.308e-05      8.438e+01      6.950e-04   
      54             70          7.067e-02      1.446e-04      1.007e+01      1.195e-04   
      55             71          7.067e-02      5.111e-07      1.271e+01      3.220e-05   
      56             73          7.067e-02      4.166e-06      8.326e+00      4.795e-05   
      57             74          7.066e-02      3.958e-06      6.809e+00      3.450e-05   
      58             75          7.066e-02      3.185e-06      4.960e+00      3.365e-05   
      59             76          7.066e-02      3.735e-06      2.106e+00      7.323e-06   
      60             77          7.066e-02      1.537e-06      3.613e+00      1.121e-05   
      61             78          7.065e-02      2.231e-06      6.414e+00      2.345e-05   
      62             79          7.065e-02      1.608e-07      4.887e-02      3.385e-06   
      63             81          7.065e-02      3.441e-07      1.994e+01      9.973e-05   
      64             88          7.065e-02      1.294e-07      1.376e-03      5.071e-05   
      65             89          7.065e-02      2.116e-07      3.021e-03      2.615e-05   
      66             90          7.065e-02      1.547e-07      4.655e-03      1.329e-05   
      67             91          7.065e-02      2.016e-07      9.820e-03      8.777e-06   
      68             92          7.065e-02      3.769e-07      2.383e-02      7.550e-06   
      69             93          7.065e-02      7.184e-07      5.721e-02      6.288e-06   
      70             94          7.065e-02      5.856e-07      6.791e-02      2.035e-06   
      71             98          7.065e-02      6.451e-09      3.018e-03      1.121e-05   
      72             99          7.065e-02      1.583e-08      2.811e-03      1.948e-06   
      73             100         7.065e-02      2.756e-08      7.434e-03      1.722e-06   
      74             101         7.065e-02      5.957e-08      1.849e-02      1.379e-06   
      75             102         7.065e-02      1.002e-07      4.041e-02      9.186e-07   
      76             103         7.065e-02      1.621e-07      9.127e-02      7.534e-07   
      77             104         7.065e-02      3.225e-07      2.270e-01      8.944e-07   
      78             105         7.065e-02      3.677e-07      3.908e-01      1.107e-06   
      79             109         7.065e-02      5.475e-09      1.771e-02      1.604e-05   
      80             110         7.065e-02      2.074e-08      1.745e-02      3.749e-07   
      81             111         7.065e-02      3.543e-08      4.986e-02      3.526e-07   
      82             112         7.065e-02      8.701e-08      1.325e-01      3.058e-07   
      83             113         7.065e-02      1.644e-07      3.026e-01      2.613e-07   
      84             114         7.065e-02      1.940e-07      5.329e-01      1.333e-06   
      85             115         7.065e-02      1.798e-07      9.193e-01      5.529e-06   
      86             116         7.065e-02      1.561e-09      6.594e-03      7.456e-08   
      87             117         7.065e-02      7.634e-07      6.625e+00      6.657e-05   
      88             124         7.065e-02      9.905e-09      6.312e-04      9.854e-06   
      89             125         7.065e-02      9.469e-09      7.468e-04      6.910e-06   
      90             126         7.065e-02      2.162e-08      1.903e-03      6.579e-06   
      91             127         7.065e-02      4.911e-08      4.934e-03      5.640e-06   
      92             128         7.065e-02      7.794e-09      2.297e-03      8.850e-07   
      93             129         7.065e-02      5.330e-09      4.907e-03      5.840e-07   
      94             130         7.065e-02      6.488e-09      7.416e-03      2.516e-07   
      95             135         7.065e-02      9.677e-12      2.165e-05      1.890e-07   
      96             136         7.065e-02      1.320e-11      3.194e-05      1.884e-07   
      97             137         7.065e-02      3.696e-11      9.321e-05      1.868e-07   
      98             138         7.065e-02      1.056e-10      2.725e-04      1.802e-07   
      99             139         7.065e-02      2.905e-10      7.788e-04      1.644e-07   
      100            140         7.065e-02      7.603e-10      2.172e-03      1.419e-07   
      101            141         7.065e-02      1.864e-09      5.838e-03      1.203e-07   
      102            142         7.065e-02      3.988e-09      1.453e-02      9.738e-08   
      103            143         7.065e-02      7.337e-09      3.379e-02      1.247e-07   
      104            144         7.065e-02      1.330e-08      7.971e-02      4.416e-07   
      105            145         7.065e-02      2.883e-08      2.081e-01      1.452e-06   
      106            146         7.065e-02      7.485e-08      5.861e-01      4.400e-06   
      107            147         7.065e-02      2.084e-07      1.711e+00      1.364e-05   
      108            148         7.065e-02      5.275e-07      4.931e+00      5.398e-05   
      109            149         7.065e-02      4.001e-08      3.940e-03      2.979e-05   
      110            150         7.065e-02      7.739e-07      8.139e+00      9.972e-05   
      111            153         7.065e-02      6.488e-08      2.288e+00      1.551e-05   
      112            155         7.065e-02      2.778e-07      1.630e+00      5.310e-06   
      113            156         7.065e-02      2.539e-08      4.042e-02      8.542e-07   
      114            157         7.065e-02      4.639e-09      2.044e+00      1.489e-05   
      115            158         7.065e-02      6.186e-09      4.989e-03      9.433e-07   
      116            161         7.065e-02      2.648e-07      9.229e-01      2.932e-06   
      117            162         7.065e-02      3.894e-08      2.816e-01      3.942e-06   
      118            163         7.065e-02      9.555e-08      7.929e-01      8.712e-06   
      119            164         7.065e-02      2.697e-07      2.320e+00      2.609e-05   
      120            165         7.065e-02      7.037e-07      6.620e+00      7.810e-05   
      121            166         7.064e-02      1.540e-06      1.556e+01      1.961e-04   
      122            168         7.064e-02      9.049e-08      1.272e+01      1.467e-04   
      123            169         7.064e-02      3.233e-07      2.054e-02      2.642e-05   
      124            173         7.064e-02      1.225e-06      1.484e+00      2.916e-06   
      125            174         7.064e-02      1.532e-07      5.173e-01      1.810e-06   
      126            175         7.064e-02      6.570e-08      3.670e-01      2.742e-06   
      127            176         7.064e-02      1.008e-07      7.281e-01      5.363e-06   
      128            177         7.064e-02      1.212e-08      9.009e-02      6.386e-07   
      129            178         7.064e-02      5.528e-07      5.923e+00      5.358e-05   
      130            179         7.064e-02      1.020e-07      1.290e-02      9.008e-06   
      131            183         7.064e-02      1.130e-07      6.786e-01      2.983e-06   
      132            189         7.064e-02      8.735e-11      8.383e-05      6.509e-07   
      133            190         7.064e-02      2.805e-11      4.525e-05      1.952e-07   
      134            191         7.064e-02      3.097e-11      9.377e-05      1.264e-07   
      135            192         7.064e-02      7.193e-11      2.575e-04      1.214e-07   
      136            193         7.064e-02      1.877e-10      7.186e-04      1.125e-07   
      137            194         7.064e-02      4.685e-10      1.958e-03      9.840e-08   
      138            195         7.064e-02      1.131e-09      5.259e-03      8.325e-08   
      139            196         7.064e-02      2.600e-09      1.374e-02      7.307e-08   
      140            197         7.064e-02      5.776e-09      3.552e-02      1.604e-07   
      141            198         7.064e-02      1.354e-08      9.498e-02      4.968e-07   
      142            199         7.064e-02      3.476e-08      2.649e-01      1.389e-06   
      143            200         7.064e-02      9.823e-08      7.752e-01      4.756e-06   
      144            201         7.064e-02      2.702e-07      2.283e+00      1.632e-05   
      145            202         7.064e-02      6.850e-07      6.336e+00      5.912e-05   
      146            203         7.064e-02      1.034e-06      9.397e+00      1.073e-04   
      147            205         7.064e-02      1.492e-08      8.193e+00      9.047e-05   
      148            206         7.064e-02      1.531e-07      2.621e-02      2.256e-05   
      149            210         7.064e-02      5.822e-07      1.141e+00      5.315e-06   
      150            211         7.064e-02      8.469e-08      3.724e-01      1.140e-05   
      151            212         7.064e-02      6.350e-08      4.435e-01      1.622e-05   
      152            213         7.064e-02      8.695e-08      8.342e-01      9.498e-06   
      153            214         7.064e-02      2.183e-07      2.383e+00      2.779e-05   
      154            215         7.064e-02      5.865e-07      7.007e+00      8.389e-05   
      155            216         7.064e-02      3.192e-08      3.386e-02      3.118e-05   
      156            217         7.064e-02      2.845e-07      1.596e+01      1.903e-04   
      157            218         7.064e-02      8.434e-08      4.591e-03      5.470e-06   
      158            222         7.064e-02      9.663e-07      1.751e+00      8.435e-06   
      159            223         7.064e-02      2.499e-09      4.724e-04      1.245e-05   
      160            224         7.064e-02      9.765e-08      9.313e-01      4.002e-06   
      161            225         7.064e-02      1.062e-07      4.119e-01      6.237e-06   
      162            226         7.064e-02      9.357e-08      9.485e-01      1.140e-06   
      163            227         7.063e-02      2.041e-07      2.136e+00      8.248e-06   
      164            228         7.063e-02      6.226e-07      6.762e+00      8.142e-05   
      165            229         7.063e-02      9.654e-07      1.763e+01      2.764e-04   
      166            230         7.063e-02      1.067e-07      6.762e-03      8.807e-05   
      167            233         7.063e-02      9.734e-07      8.347e+00      9.439e-05   
      168            237         7.063e-02      3.596e-07      6.427e-01      1.399e-06   
      169            238         7.063e-02      6.722e-08      3.559e-01      2.024e-06   
      170            239         7.063e-02      3.399e-08      2.628e-01      9.231e-06   
      171            240         7.063e-02      7.210e-08      6.729e-01      1.065e-05   
      172            241         7.063e-02      1.943e-07      1.958e+00      5.424e-05   
      173            242         7.063e-02      5.629e-07      5.826e+00      6.997e-05   
      174            243         7.063e-02      4.898e-07      2.028e+01      3.139e-04   
      175            245         7.063e-02      3.185e-07      9.936e+00      9.054e-05   
      176            246         7.063e-02      1.629e-07      1.199e-02      2.133e-04   
      177            250         7.063e-02      1.127e-06      8.673e-01      2.146e-06   
      178            251         7.063e-02      3.024e-07      5.002e-01      2.788e-05   
      179            252         7.063e-02      1.941e-07      7.152e-01      1.478e-04   
      180            253         7.063e-02      1.094e-07      5.900e-01      4.366e-06   
      181            254         7.063e-02      5.457e-08      5.048e-01      4.903e-06   
      182            255         7.063e-02      6.266e-08      5.187e-01      9.577e-06   
      183            256         7.063e-02      1.630e-07      1.511e+00      2.581e-05   
      184            257         7.063e-02      4.514e-07      4.495e+00      5.373e-05   
      185            258         7.063e-02      3.344e-09      7.666e-04      5.960e-06   
      186            261         7.063e-02      3.141e-07      5.213e+00      6.062e-05   
      187            262         7.063e-02      5.603e-07      3.293e+00      5.310e-05   
      188            263         7.063e-02      1.105e-06      1.531e+01      1.191e-04   
      189            265         7.062e-02      8.747e-07      8.238e+00      9.804e-05   
      190            266         7.062e-02      9.560e-08      3.355e-02      2.734e-05   
      191            269         7.062e-02      2.349e-07      2.382e+00      8.017e-06   
      192            270         7.062e-02      1.746e-08      6.743e-03      1.143e-06   
      193            273         7.062e-02      2.983e-07      8.943e-01      2.265e-06   
      194            274         7.062e-02      1.768e-09      9.448e-04      3.456e-06   
      195            275         7.062e-02      4.120e-08      3.014e-01      2.629e-06   
      196            276         7.062e-02      5.054e-10      3.210e-04      7.831e-07   
      197            277         7.062e-02      2.928e-08      2.678e-01      2.542e-06   
      198            278         7.062e-02      2.860e-08      2.246e-01      3.317e-06   
      199            279         7.062e-02      7.369e-08      6.592e-01      7.787e-06   
      200            280         7.062e-02      2.142e-07      1.967e+00      2.293e-05   
      201            282         7.062e-02      3.105e-07      3.098e+00      1.335e-04   
      202            283         7.062e-02      3.355e-07      3.992e+00      4.788e-05   
      203            284         7.062e-02      1.053e-07      4.558e+00      5.178e-05   
      204            286         7.062e-02      2.038e-08      3.255e+00      1.800e-05   
      205            287         7.062e-02      4.611e-07      2.598e+00      9.692e-06   
      206            288         7.062e-02      1.186e-07      5.492e-02      3.020e-05   
      207            289         7.062e-02      6.642e-08      1.851e+00      1.113e-05   
      208            290         7.062e-02      7.799e-09      1.759e-03      7.865e-06   
      209            291         7.062e-02      1.960e-07      1.383e+00      8.395e-06   
      210            292         7.062e-02      1.569e-08      9.594e-03      2.043e-06   
      211            295         7.062e-02      7.801e-08      5.152e-01      3.046e-06   
      212            296         7.062e-02      1.652e-09      9.161e-04      3.536e-06   
      213            297         7.062e-02      3.973e-08      3.315e-01      2.638e-06   
      214            298         7.062e-02      6.999e-10      4.172e-04      8.305e-07   
      215            299         7.062e-02      3.171e-08      2.840e-01      2.827e-06   
      216            300         7.062e-02      3.148e-08      2.352e-01      3.842e-06   
      217            301         7.062e-02      8.008e-08      7.053e-01      1.066e-05   
      218            302         7.062e-02      2.189e-07      2.028e+00      2.484e-05   
      219            303         7.062e-02      5.138e-07      6.009e+00      7.315e-05   
      220            304         7.062e-02      9.156e-07      6.735e+00      8.130e-05   
      221            305         7.062e-02      1.135e-06      2.039e+01      2.482e-04   
      222            312         7.062e-02      4.531e-08      1.101e-03      7.943e-06   
      223            313         7.062e-02      3.997e-08      3.172e-03      7.810e-06   
      224            314         7.062e-02      1.071e-07      8.920e-03      7.428e-06   
      225            315         7.062e-02      2.521e-07      2.314e-02      6.436e-06   
      226            316         7.062e-02      4.071e-07      4.772e-02      4.395e-06   
      227            317         7.062e-02      2.998e-07      6.084e-02      1.826e-06   
      228            318         7.062e-02      7.304e-08      4.452e-02      3.476e-07   
      229            319         7.062e-02      1.601e-08      6.622e-02      7.887e-06   
      230            320         7.062e-02      2.386e-08      5.204e-02      2.383e-07   
      231            321         7.062e-02      2.510e-08      1.176e-01      6.860e-07   
      232            322         7.062e-02      3.940e-08      2.464e-01      1.666e-06   
      233            323         7.062e-02      7.854e-08      6.164e-01      5.352e-06   
      234            324         7.062e-02      2.167e-07      1.810e+00      1.959e-05   
      235            325         7.062e-02      6.346e-07      5.430e+00      6.855e-05   
      236            326         7.062e-02      1.477e-06      1.636e+01      1.995e-04   
      237            330         7.061e-02      5.446e-07      8.918e-01      3.179e-06   
      238            331         7.061e-02      4.816e-08      4.232e-01      4.180e-06   
      239            332         7.061e-02      4.488e-08      4.037e-01      3.811e-06   
      240            333         7.061e-02      1.862e-09      3.783e-03      1.181e-06   
      241            334         7.061e-02      1.015e-07      1.032e+00      1.241e-05   
      242            335         7.061e-02      1.235e-09      6.361e-04      4.475e-07   
      243            336         7.061e-02      1.799e-07      1.790e+00      2.036e-05   
      244            337         7.061e-02      2.352e-09      9.402e-04      2.033e-06   
      245            339         7.061e-02      3.217e-09      1.190e+00      1.131e-05   
      246            340         7.061e-02      1.374e-07      9.109e-01      4.785e-06   
      247            341         7.061e-02      7.385e-08      1.489e-01      2.098e-06   
      248            342         7.061e-02      1.648e-07      1.259e+00      1.497e-05   
      249            343         7.061e-02      1.222e-08      5.362e-02      6.673e-06   
      250            344         7.061e-02      1.275e-06      1.096e+01      1.358e-04   
      251            351         7.061e-02      1.078e-08      3.515e-04      1.480e-05   
      252            352         7.061e-02      2.207e-09      7.766e-04      1.604e-06   
      253            353         7.061e-02      5.463e-09      2.181e-03      1.510e-06   
      254            354         7.061e-02      1.244e-08      5.544e-03      1.271e-06   
      255            355         7.061e-02      1.857e-08      1.091e-02      8.095e-07   
      256            356         7.061e-02      1.324e-08      1.419e-02      2.863e-07   
      257            357         7.061e-02      7.978e-09      2.200e-02      1.499e-07   
      258            358         7.061e-02      1.447e-08      5.603e-02      3.342e-07   
      259            359         7.061e-02      2.663e-08      1.269e-01      9.199e-08   
      260            360         7.061e-02      3.368e-08      2.828e-01      1.853e-05   
      261            361         7.061e-02      5.195e-08      3.094e-01      3.563e-06   
      262            362         7.061e-02      1.108e-07      8.618e-01      1.071e-05   
      263            363         7.061e-02      3.319e-07      2.581e+00      2.592e-05   
      264            364         7.061e-02      9.936e-07      7.776e+00      9.710e-05   
      265            365         7.061e-02      2.155e-06      2.352e+01      2.962e-04   
      266            366         7.061e-02      2.296e-08      2.682e+01      3.299e-04   
      267            370         7.060e-02      4.016e-06      1.968e+00      7.846e-06   
      268            374         7.060e-02      1.710e-08      2.749e-02      2.955e-05   
      269            375         7.060e-02      2.961e-08      1.914e-02      2.583e-07   
      270            376         7.060e-02      2.879e-08      5.245e-02      2.528e-07   
      271            377         7.060e-02      6.682e-08      1.369e-01      3.745e-07   
      272            378         7.060e-02      1.293e-07      3.194e-01      1.404e-06   
      273            379         7.060e-02      1.778e-07      6.184e-01      4.707e-06   
      274            380         7.060e-02      2.374e-07      1.300e+00      1.096e-05   
      275            381         7.060e-02      5.439e-07      3.548e+00      3.727e-05   
      276            382         7.060e-02      9.478e-07      6.426e+00      6.615e-05   
      277            384         7.060e-02      1.311e-06      1.557e+01      2.002e-04   
      278            385         7.060e-02      9.082e-07      9.607e-02      1.310e-04   
      279            388         7.060e-02      1.607e-07      1.709e+00      1.657e-05   
      280            389         7.060e-02      1.960e-07      1.695e+00      1.522e-05   
      281            390         7.060e-02      4.920e-08      1.785e+00      1.627e-05   
      282            391         7.060e-02      3.374e-07      9.494e-01      2.694e-05   
      283            392         7.060e-02      1.838e-08      7.301e-02      6.161e-06   
      284            394         7.060e-02      3.209e-07      3.453e+00      4.292e-05   
      285            395         7.060e-02      8.499e-08      1.016e-02      2.056e-05   
      286            397         7.060e-02      7.534e-08      2.253e+00      2.060e-05   
      287            398         7.060e-02      1.007e-08      2.061e-03      2.251e-06   
      288            401         7.060e-02      2.998e-07      1.167e+00      5.397e-06   
      289            402         7.060e-02      4.885e-10      5.800e-04      3.732e-07   
      290            403         7.060e-02      1.791e-07      1.334e+00      1.628e-05   
      291            404         7.060e-02      2.471e-09      6.204e-04      2.472e-06   
      292            405         7.060e-02      1.848e-07      1.817e+00      2.092e-05   
      293            406         7.060e-02      6.912e-09      1.250e-03      4.213e-06   
      294            407         7.060e-02      5.743e-08      2.208e+00      2.167e-05   
      295            408         7.060e-02      9.033e-09      9.348e-04      6.397e-06   
      296            411         7.060e-02      3.005e-07      9.657e-01      4.324e-06   
      297            417         7.060e-02      1.111e-10      6.770e-05      4.924e-07   
      298            418         7.060e-02      8.387e-11      1.152e-04      2.733e-07   
      299            419         7.060e-02      1.381e-10      2.759e-04      2.063e-07   
      300            420         7.060e-02      3.142e-10      7.261e-04      1.617e-07   
      301            421         7.060e-02      6.804e-10      1.827e-03      1.268e-07   
      302            422         7.060e-02      1.295e-09      4.313e-03      1.090e-07   
      303            423         7.060e-02      2.399e-09      1.027e-02      1.090e-07   
      304            424         7.060e-02      4.983e-09      2.680e-02      1.273e-07   
      305            425         7.060e-02      1.161e-08      7.014e-02      8.365e-07   
      306            426         7.060e-02      3.618e-09      2.524e-02      3.417e-07   
      307            427         7.060e-02      5.723e-08      3.799e-01      4.808e-06   
      308            428         7.060e-02      1.673e-07      1.134e+00      1.449e-05   
      309            429         7.060e-02      4.040e-07      3.400e+00      4.337e-05   
      310            430         7.060e-02      1.145e-07      8.654e-01      1.487e-04   
      311            431         7.060e-02      4.550e-07      3.934e+00      4.922e-05   
      312            432         7.060e-02      1.431e-07      2.353e-01      3.628e-05   
      313            434         7.060e-02      2.675e-07      6.718e+00      8.846e-05   
      314            435         7.060e-02      7.851e-07      1.029e+00      1.073e-04   
      315            436         7.060e-02      2.612e-07      6.312e+00      7.688e-05   
      316            437         7.059e-02      7.170e-07      1.090e+00      6.053e-05   
      317            438         7.059e-02      2.991e-07      5.709e+00      6.624e-05   
      318            439         7.059e-02      1.392e-07      6.460e-02      7.912e-06   
      319            442         7.059e-02      4.153e-07      1.951e+00      8.275e-06   
      320            443         7.059e-02      4.703e-09      7.782e-04      4.422e-06   
      321            444         7.059e-02      1.673e-07      1.337e+00      1.119e-05   
      322            445         7.059e-02      2.074e-07      9.617e-01      2.004e-05   
      323            446         7.059e-02      4.078e-07      2.637e+00      3.178e-05   
      324            447         7.059e-02      1.178e-06      7.760e+00      9.679e-05   
      325            448         7.059e-02      1.876e-06      2.276e+01      3.596e-04   
      326            454         7.059e-02      8.484e-07      6.396e-02      2.925e-04   
      327            455         7.059e-02      6.028e-07      6.444e-02      3.763e-06   
      328            456         7.059e-02      2.222e-07      5.637e-02      1.081e-06   
      329            457         7.059e-02      2.438e-08      2.863e-02      1.390e-07   
      330            458         7.059e-02      1.207e-08      5.768e-02      4.447e-07   
      331            459         7.059e-02      3.067e-08      1.614e-01      1.399e-06   
      332            460         7.059e-02      6.862e-08      4.204e-01      3.080e-06   
      333            461         7.059e-02      4.332e-08      2.571e-01      3.135e-06   
      334            462         7.059e-02      5.405e-09      3.207e-02      7.786e-07   
      335            463         7.059e-02      3.506e-07      2.184e+00      2.836e-05   
      336            464         7.059e-02      7.490e-10      1.704e-03      4.491e-07   
      337            465         7.059e-02      1.544e-06      9.814e+00      1.271e-04   
      338            466         7.058e-02      4.328e-06      2.977e+01      3.883e-04   
      339            470         7.058e-02      6.567e-07      2.216e+00      1.142e-05   
      340            471         7.058e-02      2.399e-07      1.333e+00      1.086e-05   
      341            472         7.058e-02      1.619e-07      1.187e+00      1.028e-05   
      342            473         7.058e-02      9.023e-09      1.923e-02      2.728e-06   
      343            474         7.058e-02      4.765e-07      2.503e+00      4.110e-05   
      344            475         7.058e-02      3.149e-10      1.512e-03      1.239e-05   
      345            476         7.058e-02      7.642e-07      4.581e+00      6.061e-05   
      346            483         7.058e-02      1.867e-09      3.235e-04      1.991e-05   
      347            484         7.058e-02      3.490e-10      6.332e-05      7.662e-07   
      348            485         7.058e-02      6.941e-11      6.702e-05      2.117e-07   
      349            486         7.058e-02      5.160e-11      1.209e-04      1.252e-07   
      350            487         7.058e-02      1.192e-10      3.372e-04      1.320e-07   
      351            488         7.058e-02      3.364e-10      9.833e-04      1.257e-07   
      352            489         7.058e-02      9.431e-10      2.847e-03      1.225e-07   
      353            490         7.058e-02      2.562e-09      8.091e-03      1.225e-07   
      354            491         7.058e-02      6.269e-09      2.161e-02      1.237e-07   
      355            495         7.058e-02      1.736e-10      1.006e-03      1.124e-06   
      356            496         7.058e-02      3.710e-10      1.017e-03      1.262e-07   
      357            497         7.058e-02      8.076e-10      3.009e-03      1.253e-07   
      358            498         7.058e-02      2.319e-09      8.789e-03      1.255e-07   
      359            499         7.058e-02      6.396e-09      2.516e-02      1.260e-07   
      360            500         7.058e-02      1.639e-08      6.920e-02      2.516e-07   
      361            501         7.058e-02      3.806e-08      1.809e-01      9.295e-07   
      362            502         7.058e-02      8.877e-09      4.525e-02      1.244e-07   
      363            503         7.058e-02      2.596e-07      1.447e+00      1.612e-05   
      364            504         7.058e-02      6.441e-10      2.606e-03      4.189e-07   
      365            505         7.058e-02      2.304e-06      1.300e+01      1.755e-04   
      366            506         7.057e-02      7.319e-06      3.957e+01      5.494e-04   
      367            507         7.055e-02      2.171e-05      1.058e+02      1.567e-03   
      368            511         7.055e-02      1.894e-06      8.016e+00      1.317e-04   
      369            514         7.054e-02      1.493e-06      2.867e+00      1.805e-05   
      370            515         7.054e-02      4.837e-07      1.681e+00      1.633e-05   
      371            520         7.054e-02      7.220e-09      3.824e-03      1.184e-05   
      372            521         7.054e-02      7.213e-09      8.748e-03      2.857e-07   
      373            522         7.054e-02      1.507e-08      2.219e-02      2.338e-07   
      374            523         7.054e-02      2.936e-08      5.284e-02      6.028e-06   
      375            524         7.054e-02      4.428e-08      9.930e-02      1.187e-06   
      376            525         7.054e-02      9.689e-08      2.933e-01      8.452e-06   
      377            526         7.054e-02      2.179e-07      7.663e-01      1.909e-05   
      378            527         7.054e-02      6.137e-07      2.347e+00      5.562e-05   
      379            528         7.054e-02      1.553e-06      6.011e+00      9.931e-05   
      380            529         7.054e-02      3.484e-06      1.571e+01      2.244e-04   
      381            532         7.054e-02      1.403e-06      6.658e+00      1.117e-04   
      382            535         7.054e-02      6.269e-07      1.592e+00      1.215e-05   
      383            536         7.054e-02      2.375e-07      1.107e+00      1.169e-05   
      384            537         7.054e-02      2.086e-07      9.844e-01      1.240e-05   
      385            538         7.054e-02      2.356e-07      1.121e+00      1.458e-05   
      386            539         7.054e-02      2.897e-07      1.491e+00      1.979e-05   
      387            540         7.054e-02      5.501e-08      1.780e-01      2.496e-06   
      388            541         7.053e-02      2.464e-07      1.137e+00      1.475e-05   
      389            548         7.053e-02      1.793e-10      2.504e-05      1.867e-06   
      390            549         7.053e-02      6.933e-11      3.078e-05      7.506e-07   
      391            550         7.053e-02      5.107e-11      4.627e-05      3.580e-07   
      392            551         7.053e-02      5.422e-11      8.815e-05      1.768e-07   
      393            552         7.053e-02      8.724e-11      2.024e-04      1.606e-07   
      394            553         7.053e-02      2.099e-10      5.608e-04      1.571e-07   
      395            554         7.053e-02      4.163e-10      1.293e-03      1.355e-07   
      396            555         7.053e-02      1.411e-10      3.594e-03      3.952e-06   
      397            556         7.053e-02      1.504e-09      2.661e-03      1.249e-07   
      398            557         7.053e-02      1.977e-09      7.773e-03      1.279e-07   
      399            558         7.053e-02      5.452e-09      2.222e-02      1.300e-07   
      400            559         7.053e-02      1.496e-08      6.376e-02      4.062e-07   
Warning: Maximum number of iterations has been exceeded.
         Current function value: 7.053e-02
         Max scaled gradient: 4.062e-07
         Total delta_x: 1.996e+00
         Iterations: 400
         Function evaluations: 559
         Jacobian evaluations: 401
{"tag": "final", "cost": 0.07053474467118792, "cost_targets": 0.06912499706286106, "cost_bounds": 0.0014097476083268605, "max_dB": 0.1224168648494756, "max_dG_rel": 0.07759987087055388, "iota": 1.114861188587368, "eta": 1.0223199810288184, "hel": -1.0, "max_elong": 5.005642837757233, "axis_rc": [1.05737, 0.1149, 0.00485, -0.00079, -7e-05, 2e-05], "axis_zs": [0.0, -0.03903, 0.00239, 0.00079, 3e-05, -3e-05], "max_abs_Zaxis": 0.0400680781349613, "min_dpc": 0.10947002368983785, "min_dcc": 0.03999362568089594, "max_kappa": 13.704839194831969, "Lcoil": [2.927, 2.927, 2.914, 2.936], "I_over_uniform": [1.274, 1.61, -0.002, 1.897], "n_active_bounds": 45, "L_total": 11.703991943770681, "coil_R_max": 1.6324689149294667, "coil_absz_max": 0.7365285943807622, "mean_kappa2": 0.143952522366942, "cost_reg": 0.0, "cost_field": 0.06912499706286106, "time_s": 633, "status": "Maximum number of iterations has been exceeded.", "nit": 400, "optimality": 4.062327573151806e-07}
