ERROR:2026-10-09 20:18:54,793:jax._src.xla_bridge:487: Jax plugin configuration error: Exception when calling jax_plugins.xla_cuda12.initialize()
Traceback (most recent call last):
  File "/home/jay/miniconda3/envs/desc-dev/lib/python3.13/site-packages/jax/_src/xla_bridge.py", line 485, in discover_pjrt_plugins
    plugin_module.initialize()
    ~~~~~~~~~~~~~~~~~~~~~~~~^^
  File "/home/jay/miniconda3/envs/desc-dev/lib/python3.13/site-packages/jax_plugins/xla_cuda12/__init__.py", line 328, in initialize
    _check_cuda_versions(raise_on_first_error=True)
    ~~~~~~~~~~~~~~~~~~~~^^^^^^^^^^^^^^^^^^^^^^^^^^^
  File "/home/jay/miniconda3/envs/desc-dev/lib/python3.13/site-packages/jax_plugins/xla_cuda12/__init__.py", line 285, in _check_cuda_versions
    local_device_count = cuda_versions.cuda_device_count()
RuntimeError: jaxlib/cuda/versions_helpers.cc:113: operation cuInit(0) failed: CUDA_ERROR_NO_DEVICE
DESC /home/jay/Documents/desc_dev/DESC/desc
DEVICE requested=cpu obtained=cpu (1x cpu)
nfp 3 nc 4 mode z0 helicity 0.0 nparams 81 order 2 seed -1
{"tag": "init", "cost": 0.03851464634148108, "cost_targets": 0.0385146456218991, "cost_bounds": 7.195819818963784e-10, "max_dB": 0.00046110290428935685, "max_dG_rel": 0.003488974454926013, "iota": 0.39983877812991503, "eta": 0.7076229751620186, "hel": 0.0, "max_elong": 5.000008504028054, "axis_rc": [0.9839, 0.07833, 0.00244, -0.00065, -7e-05, 1e-05], "axis_zs": [0.0, -0.01975, 0.00036, 0.00028, -0.0, -1e-05], "max_abs_Zaxis": 0.02000003214903189, "min_dpc": 0.126554706121347, "min_dcc": 0.03999999078257936, "max_kappa": 11.881120880268185, "Lcoil": [2.644, 2.491, 3.072, 2.072], "I_over_uniform": [1.13, 0.705, 1.689, 0.472], "n_active_bounds": 17, "L_total": 10.279499229161509, "coil_R_max": 1.5424904121260299, "coil_absz_max": 0.45938071889296733, "mean_kappa2": 0.07971131624958645, "cost_reg": 0.0012902928468858117, "cost_field": 0.03722435277501329, "B2c": 0.0, "B20_residual": 1.3805074281846104, "max_dGG_rel": 0.9772931341705353}
   Iteration     Total nfev        Cost      Cost reduction    Step norm     Optimality   
       0              1          3.851e-02                                    1.244e-01   
       1              2          2.556e-02      1.295e-02      1.177e+00      4.732e-03   
       2              3          2.489e-02      6.677e-04      1.200e+00      6.676e-04   
       3              4          2.416e-02      7.312e-04      2.436e+00      8.198e-04   
       4              5          2.272e-02      1.439e-03      6.073e+00      9.293e-04   
       5              6          2.016e-02      2.560e-03      1.344e+01      9.402e-05   
       6              7          1.689e-02      3.269e-03      2.500e+01      2.629e-04   
       7              8          1.384e-02      3.051e-03      3.876e+01      6.468e-04   
       8              9          1.310e-02      7.411e-04      2.731e+01      5.056e-04   
       9             12          1.169e-02      1.416e-03      3.180e+01      5.380e-04   
      10             13          1.067e-02      1.017e-03      4.247e+01      3.824e-04   
      11             14          9.821e-03      8.492e-04      7.044e+01      8.649e-04   
      12             15          9.232e-03      5.894e-04      9.572e+01      1.009e-03   
      13             16          8.689e-03      5.426e-04      8.059e+01      8.513e-04   
      14             17          8.422e-03      2.674e-04      8.668e+01      1.255e-03   
      15             18          8.231e-03      1.905e-04      6.915e+01      1.932e-03   
      16             19          7.799e-03      4.327e-04      6.219e+01      4.858e-04   
      17             20          7.575e-03      2.238e-04      1.252e+02      9.028e-04   
      18             21          7.322e-03      2.531e-04      9.691e+01      2.233e-04   
      19             24          7.259e-03      6.234e-05      3.971e+01      1.854e-04   
      20             26          7.230e-03      2.975e-05      4.401e+01      5.385e-04   
      21             27          7.171e-03      5.863e-05      3.736e+01      1.741e-04   
      22             28          7.163e-03      7.677e-06      5.642e+00      6.133e-05   
      23             32          7.158e-03      5.061e-06      5.665e+00      1.193e-05   
      24             33          7.148e-03      1.049e-05      1.569e+01      2.433e-04   
      25             34          7.146e-03      1.763e-06      2.104e-02      5.528e-05   
      26             36          7.138e-03      7.609e-06      1.217e+01      2.513e-04   
      27             43          7.137e-03      1.031e-06      3.402e-03      1.674e-04   
      28             44          7.137e-03      5.740e-07      2.830e-03      1.055e-04   
      29             45          7.136e-03      3.314e-07      3.108e-03      3.866e-05   
      30             46          7.136e-03      6.002e-08      1.988e-03      7.294e-06   
      31             47          7.136e-03      2.134e-08      2.736e-03      2.761e-06   
      32             48          7.136e-03      6.991e-09      2.409e-03      4.963e-07   
      33             49          7.136e-03      4.899e-09      4.287e-03      4.314e-07   
      34             50          7.136e-03      8.715e-09      1.048e-02      4.314e-07   
      35             51          7.136e-03      2.392e-08      3.066e-02      4.338e-07   
      36             52          7.136e-03      7.092e-08      9.153e-02      4.371e-07   
      37             53          7.136e-03      2.110e-07      2.735e-01      4.390e-07   
      38             54          7.135e-03      6.261e-07      8.155e-01      6.047e-07   
      39             55          7.134e-03      1.846e-06      2.424e+00      7.634e-06   
      40             56          7.134e-03      1.740e-08      1.957e-02      1.583e-06   
      41             58          7.128e-03      5.146e-06      1.033e+01      2.644e-04   
      42             59          7.121e-03      7.584e-06      1.054e+01      2.642e-04   
      43             60          7.112e-03      9.092e-06      1.128e+01      2.014e-04   
      44             61          7.101e-03      1.030e-05      1.634e+01      2.200e-04   
      45             62          7.096e-03      5.944e-06      2.216e+01      5.526e-04   
      46             69          7.087e-03      8.593e-06      2.361e-02      1.718e-04   
      47             70          7.086e-03      6.681e-07      3.057e-03      1.246e-04   
      48             71          7.086e-03      5.875e-07      4.343e-03      5.851e-05   
      49             72          7.085e-03      1.743e-07      3.333e-03      1.398e-05   
      50             73          7.085e-03      3.823e-08      3.550e-03      3.550e-06   
      51             74          7.085e-03      1.380e-08      2.871e-03      9.554e-07   
      52             75          7.085e-03      6.700e-09      4.939e-03      4.648e-07   
      53             76          7.085e-03      1.320e-08      1.199e-02      3.610e-07   
      54             77          7.085e-03      2.305e-08      2.779e-02      3.398e-07   
      55             78          7.085e-03      5.130e-08      7.335e-02      3.359e-07   
      56             79          7.085e-03      1.310e-07      2.036e-01      7.271e-07   
      57             80          7.085e-03      3.508e-07      5.825e-01      4.437e-07   
      58             81          7.084e-03      9.954e-07      1.693e+00      1.261e-06   
      59             82          7.084e-03      4.665e-09      7.245e-03      3.470e-07   
      60             83          7.076e-03      7.521e-06      1.359e+01      6.558e-06   
      61             84          7.076e-03      8.147e-09      2.792e-03      1.144e-05   
      62             85          7.066e-03      1.029e-05      1.952e+01      1.040e-04   
      63             86          7.066e-03      2.436e-07      5.917e-03      1.154e-05   
      64             89          7.063e-03      2.810e-06      5.530e+00      1.658e-04   
      65             95          7.062e-03      1.088e-06      2.332e-02      4.257e-05   
      66             96          7.062e-03      1.120e-07      5.221e-03      8.026e-06   
      67             97          7.062e-03      1.305e-07      9.996e-03      4.278e-06   
      68             100         7.062e-03      1.998e-08      3.393e-03      9.558e-06   
      69             101         7.062e-03      1.751e-08      2.250e-03      3.867e-06   
      70             102         7.062e-03      3.578e-08      6.310e-03      3.456e-06   
      71             103         7.062e-03      1.379e-08      3.575e-03      4.873e-07   
      72             104         7.062e-03      4.572e-09      6.598e-03      2.749e-07   
      73             105         7.062e-03      1.071e-08      1.771e-02      2.230e-07   
      74             106         7.062e-03      2.613e-08      5.069e-02      9.458e-06   
      75             107         7.061e-03      6.732e-08      1.183e-01      1.971e-07   
      76             108         7.061e-03      1.889e-07      3.491e-01      1.280e-06   
      77             109         7.061e-03      5.538e-07      1.042e+00      4.678e-06   
      78             110         7.059e-03      1.524e-06      2.943e+00      5.160e-06   
      79             111         7.059e-03      1.430e-08      4.143e-03      4.411e-06   
      80             112         7.050e-03      9.153e-06      2.132e+01      2.673e-05   
      81             114         7.049e-03      1.373e-06      2.374e+01      3.897e-04   
      82             117         7.039e-03      9.681e-06      2.081e+00      1.566e-04   
      83             118         7.037e-03      2.100e-06      3.326e+00      1.255e-05   
      84             119         7.035e-03      2.147e-06      8.844e+00      2.435e-06   
      85             120         7.030e-03      4.395e-06      2.243e+01      2.932e-05   
      86             121         7.030e-03      5.378e-07      2.141e+00      3.298e-06   
      87             122         7.027e-03      2.606e-06      1.465e+01      8.531e-06   
      88             123         7.027e-03      1.225e-08      6.699e-03      2.830e-06   
      89             127         7.024e-03      3.395e-06      2.282e+01      1.848e-05   
      90             128         7.024e-03      8.327e-09      2.381e-03      1.325e-05   
      91             129         7.020e-03      3.362e-06      2.463e+01      3.219e-05   
      92             130         7.018e-03      2.272e-06      5.657e+01      1.538e-04   
      93             133         7.016e-03      1.739e-06      1.350e+01      1.470e-04   
      94             134         7.016e-03      1.034e-07      1.340e+01      1.447e-04   
      95             135         7.015e-03      1.526e-06      9.358e+00      1.159e-04   
      96             136         7.014e-03      8.459e-07      4.947e+00      5.632e-05   
      97             137         7.014e-03      6.236e-08      3.505e-02      5.267e-06   
      98             138         7.014e-03      7.489e-08      6.922e+00      1.082e-04   
      99             139         7.014e-03      1.725e-07      4.814e-03      2.296e-05   
      100            140         7.014e-03      1.033e-07      6.433e+00      5.887e-05   
      101            141         7.013e-03      1.781e-07      5.138e+00      7.071e-05   
      102            142         7.013e-03      1.145e-07      8.539e-03      2.298e-05   
      103            143         7.013e-03      1.564e-07      4.324e+00      4.274e-05   
      104            144         7.013e-03      3.095e-08      3.658e-03      4.182e-06   
      105            145         7.013e-03      7.388e-08      3.549e+00      6.479e-05   
      106            146         7.013e-03      6.967e-08      3.250e-03      3.630e-06   
      107            147         7.013e-03      1.048e-07      3.037e+00      2.777e-05   
      108            148         7.013e-03      7.876e-09      1.406e-03      1.582e-06   
      109            149         7.013e-03      8.726e-09      5.309e+00      9.279e-05   
      110            150         7.013e-03      1.497e-07      4.416e+00      4.047e-05   
      111            151         7.013e-03      4.546e-08      7.701e-03      1.511e-05   
      112            153         7.012e-03      8.690e-08      3.292e+00      3.570e-05   
      113            160         7.012e-03      1.590e-08      4.217e-04      6.848e-06   
      114            161         7.012e-03      4.176e-09      3.954e-04      2.885e-06   
      115            162         7.012e-03      3.443e-09      7.284e-04      2.213e-06   
      116            163         7.012e-03      3.735e-09      1.106e-03      9.199e-07   
      117            164         7.012e-03      1.124e-09      1.503e-03      2.571e-06   
      118            165         7.012e-03      1.071e-09      9.562e-04      4.241e-07   
      119            166         7.012e-03      8.775e-10      1.905e-03      2.337e-07   
      120            167         7.012e-03      1.536e-09      4.549e-03      1.255e-07   
      121            168         7.012e-03      3.087e-09      1.078e-02      1.067e-07   
      122            172         7.012e-03      8.195e-11      4.991e-04      8.919e-07   
      123            173         7.012e-03      1.317e-10      4.677e-04      8.491e-08   
      124            174         7.012e-03      2.962e-10      1.362e-03      8.559e-08   
      125            175         7.012e-03      8.122e-10      3.880e-03      8.417e-08   
      126            176         7.012e-03      2.022e-09      1.046e-02      7.568e-08   
      127            177         7.012e-03      4.200e-09      2.551e-02      7.127e-08   
      128            178         7.012e-03      7.171e-09      5.689e-02      2.789e-07   
      129            179         7.012e-03      1.157e-08      1.263e-01      7.703e-07   
      130            180         7.012e-03      1.807e-08      2.736e-01      1.189e-06   
      131            181         7.012e-03      2.786e-08      5.892e-01      1.090e-06   
      132            182         7.012e-03      2.807e-08      7.342e-01      6.734e-07   
      133            183         7.012e-03      1.175e-07      3.857e+00      2.571e-05   
      134            184         7.012e-03      9.171e-09      5.706e-03      1.349e-06   
      135            185         7.012e-03      8.180e-08      7.458e+00      9.013e-05   
      136            186         7.012e-03      1.070e-07      6.449e-03      1.189e-05   
      137            187         7.012e-03      1.229e-07      5.325e+00      4.126e-05   
      138            188         7.012e-03      2.493e-08      3.619e-03      7.549e-06   
      139            191         7.012e-03      1.218e-08      2.597e+00      2.556e-05   
      140            192         7.012e-03      2.751e-08      4.205e-03      8.192e-06   
      141            194         7.012e-03      2.336e-08      1.362e+00      1.868e-05   
      142            201         7.012e-03      1.092e-08      4.206e-04      1.283e-05   
      143            202         7.012e-03      7.813e-09      5.317e-04      5.735e-06   
      144            203         7.012e-03      2.221e-09      4.443e-04      1.492e-06   
      145            204         7.012e-03      3.916e-10      3.123e-04      2.537e-07   
      146            205         7.012e-03      1.335e-10      4.139e-04      1.203e-07   
      147            206         7.012e-03      2.041e-10      9.677e-04      7.950e-08   
      148            207         7.012e-03      4.515e-10      2.540e-03      7.479e-08   
      149            208         7.012e-03      8.297e-10      5.251e-03      4.771e-08   
      150            212         7.012e-03      5.094e-12      2.413e-04      7.867e-07   
      151            213         7.012e-03      2.482e-11      1.327e-04      2.953e-08   
      152            214         7.012e-03      2.973e-11      3.846e-04      2.810e-08   
      153            215         7.012e-03      8.380e-11      1.114e-03      2.790e-08   
      154            216         7.012e-03      2.214e-10      3.107e-03      2.564e-08   
      155            217         7.012e-03      5.139e-10      8.064e-03      1.997e-08   
      156            218         7.012e-03      1.019e-09      1.939e-02      5.730e-08   
      157            219         7.012e-03      1.865e-09      4.542e-02      1.634e-07   
      158            220         7.012e-03      3.388e-09      1.065e-01      2.708e-07   
      159            221         7.012e-03      7.039e-09      2.708e-01      3.877e-07   
      160            222         7.012e-03      1.733e-08      7.376e-01      1.344e-06   
      161            223         7.012e-03      4.272e-08      2.042e+00      1.332e-05   
      162            225         7.012e-03      4.520e-08      2.603e+00      2.689e-05   
      163            226         7.012e-03      9.071e-09      3.650e-02      2.284e-06   
      164            227         7.012e-03      4.830e-08      2.519e+00      1.523e-05   
      165            229         7.012e-03      3.310e-08      3.221e+00      3.964e-05   
      166            237         7.012e-03      5.985e-09      7.474e-05      3.400e-05   
      167            238         7.012e-03      8.849e-09      1.400e-04      2.370e-05   
      168            239         7.012e-03      7.798e-09      2.038e-04      1.035e-05   
      169            240         7.012e-03      3.832e-09      2.390e-04      5.232e-06   
      170            241         7.012e-03      1.649e-09      2.853e-04      2.103e-06   
      171            242         7.012e-03      5.013e-10      2.428e-04      5.388e-07   
      172            243         7.012e-03      2.090e-10      3.273e-04      2.759e-07   
      173            244         7.012e-03      7.452e-11      3.061e-04      6.870e-08   
      174            245         7.012e-03      1.170e-10      8.146e-04      7.072e-08   
      175            246         7.012e-03      3.214e-10      2.354e-03      7.012e-08   
      176            247         7.012e-03      1.672e-10      2.698e-03      2.701e-08   
      177            248         7.012e-03      3.507e-10      7.264e-03      1.700e-07   
      178            249         7.012e-03      7.898e-10      1.869e-02      1.080e-07   
      179            250         7.012e-03      1.611e-09      4.587e-02      3.455e-07   
      180            251         7.012e-03      3.088e-09      1.096e-01      1.190e-07   
      181            252         7.012e-03      6.177e-09      2.692e-01      9.941e-07   
      182            253         7.012e-03      1.409e-08      7.077e-01      1.204e-06   
      183            254         7.011e-03      3.352e-08      1.930e+00      1.172e-05   
      184            255         7.011e-03      2.156e-09      3.701e-04      1.248e-06   
      185            257         7.011e-03      2.790e-08      2.729e+00      3.252e-05   
      186            258         7.011e-03      1.626e-08      1.188e-03      1.049e-05   
      187            261         7.011e-03      1.840e-08      1.116e+00      8.154e-06   
      188            262         7.011e-03      1.775e-08      1.342e+00      1.837e-05   
      189            263         7.011e-03      9.286e-09      1.376e+00      3.858e-05   
      190            264         7.011e-03      4.946e-09      6.243e-03      8.054e-06   
      191            265         7.011e-03      2.849e-08      6.470e-01      9.961e-07   
      192            266         7.011e-03      2.704e-08      1.673e+00      6.633e-06   
      193            267         7.011e-03      3.537e-08      3.657e+00      3.542e-05   
      194            268         7.011e-03      5.420e-08      3.128e+00      2.767e-05   
      195            270         7.011e-03      5.504e-09      4.865e+00      4.034e-05   
      196            271         7.011e-03      2.698e-08      2.403e-02      2.656e-06   
      197            274         7.011e-03      8.718e-09      2.167e+00      2.177e-05   
      198            275         7.011e-03      2.404e-08      3.473e-02      2.890e-06   
      199            276         7.011e-03      1.976e-08      1.362e+00      1.439e-05   
      200            277         7.011e-03      7.088e-10      3.727e-03      9.712e-06   
      201            278         7.011e-03      1.415e-08      9.503e-01      9.540e-06   
      202            279         7.011e-03      1.054e-08      8.114e-01      6.956e-06   
      203            280         7.011e-03      4.952e-10      5.176e-03      1.400e-07   
      204            281         7.011e-03      1.878e-08      1.306e+00      2.379e-06   
      205            282         7.011e-03      2.125e-08      3.003e+00      3.030e-05   
      206            283         7.011e-03      1.357e-08      1.810e-03      1.468e-06   
      207            284         7.011e-03      2.031e-08      3.003e+00      1.962e-05   
      208            287         7.011e-03      4.323e-09      1.050e+00      1.704e-05   
      209            288         7.011e-03      1.524e-08      1.093e-02      8.258e-06   
      210            289         7.011e-03      5.984e-09      7.358e-01      8.934e-06   
      211            290         7.011e-03      1.087e-08      6.162e-01      4.127e-06   
      212            291         7.011e-03      7.083e-09      5.317e-01      4.506e-06   
      213            292         7.011e-03      1.220e-08      1.080e+00      2.988e-06   
      214            293         7.011e-03      1.557e-08      2.557e+00      2.377e-05   
      215            294         7.011e-03      2.392e-08      2.070e+00      1.371e-06   
      216            297         7.011e-03      1.221e-08      9.316e-01      5.020e-06   
      217            298         7.011e-03      1.007e-08      9.334e-01      2.966e-06   
      218            299         7.011e-03      2.671e-09      1.377e+00      1.274e-05   
      219            300         7.011e-03      1.405e-08      7.071e-01      2.218e-06   
      220            301         7.011e-03      6.104e-09      1.068e+00      9.379e-06   
      221            302         7.011e-03      1.075e-08      7.132e-01      1.952e-06   
      222            303         7.011e-03      1.045e-08      9.877e-01      4.123e-06   
      223            304         7.011e-03      1.229e-08      2.122e+00      1.194e-05   
      224            307         7.011e-03      6.183e-09      6.327e-01      7.685e-06   
      225            308         7.011e-03      7.053e-09      4.186e-01      1.897e-06   
      226            309         7.011e-03      5.601e-09      5.749e-01      7.661e-07   
      227            310         7.011e-03      1.020e-08      1.359e+00      5.089e-06   
      228            311         7.011e-03      7.588e-09      2.563e+00      1.398e-05   
      229            312         7.011e-03      1.584e-08      1.231e+00      2.082e-06   
      230            315         7.011e-03      6.742e-09      1.028e+00      2.640e-06   
      231            318         7.011e-03      5.760e-09      6.173e-01      2.331e-06   
      232            319         7.011e-03      6.016e-09      6.811e-01      1.880e-06   
      233            320         7.011e-03      1.026e-08      1.977e+00      1.382e-05   
      234            321         7.011e-03      1.210e-08      2.188e+00      1.129e-05   
      235            322         7.011e-03      3.401e-09      1.652e+00      7.940e-06   
      236            323         7.011e-03      1.463e-08      1.141e+00      1.795e-06   
      237            326         7.011e-03      1.405e-09      7.675e-01      4.979e-06   
      238            328         7.011e-03      2.348e-09      6.118e-01      5.464e-06   
      239            330         7.011e-03      2.018e-09      2.929e-01      5.261e-06   
      240            331         7.011e-03      3.009e-09      2.125e-01      2.019e-06   
      241            332         7.011e-03      1.176e-09      1.361e-01      3.277e-07   
      242            333         7.011e-03      2.305e-09      3.672e-01      3.606e-07   
      243            334         7.011e-03      5.244e-09      8.980e-01      2.254e-06   
      244            335         7.011e-03      5.883e-09      2.645e+00      2.432e-05   
      245            337         7.011e-03      5.112e-09      1.151e+00      1.201e-05   
      246            340         7.011e-03      6.573e-09      4.343e-01      9.629e-06   
      247            341         7.011e-03      4.376e-09      2.230e-01      6.238e-06   
      248            342         7.011e-03      3.332e-09      2.089e-01      5.255e-07   
      249            343         7.011e-03      2.944e-09      4.865e-01      5.731e-07   
      250            344         7.011e-03      5.754e-09      1.202e+00      3.519e-06   
      251            345         7.011e-03      4.584e-09      1.877e+00      9.219e-06   
      252            349         7.011e-03      5.790e-09      2.092e-01      1.470e-06   
      253            350         7.011e-03      1.305e-09      1.475e-01      4.308e-07   
      254            351         7.011e-03      2.168e-09      3.806e-01      7.689e-07   
      255            352         7.011e-03      3.682e-09      6.651e-01      1.198e-06   
      256            353         7.011e-03      3.643e-09      1.493e+00      5.656e-06   
      257            354         7.011e-03      2.101e-09      4.191e-02      2.196e-06   
      258            357         7.011e-03      2.094e-09      4.112e-01      4.316e-06   
      259            358         7.011e-03      9.177e-10      4.176e-03      7.567e-07   
      260            359         7.011e-03      1.554e-09      3.521e-01      2.180e-06   
      261            360         7.011e-03      1.739e-09      3.084e-01      1.248e-06   
      262            361         7.011e-03      1.736e-09      3.135e-01      2.952e-07   
      263            362         7.011e-03      3.172e-09      8.026e-01      2.188e-06   
      264            363         7.011e-03      2.221e-10      2.869e-03      1.462e-06   
      265            365         7.011e-03      7.966e-10      6.708e-01      5.378e-06   
      266            366         7.011e-03      1.033e-09      3.206e-03      2.221e-06   
      267            368         7.011e-03      5.404e-11      4.440e-01      6.519e-06   
      268            369         7.011e-03      3.155e-09      2.177e-01      2.112e-06   
      269            370         7.011e-03      1.223e-09      1.780e-01      6.529e-07   
      270            371         7.011e-03      1.246e-09      2.514e-01      1.671e-07   
      271            372         7.011e-03      2.810e-09      6.539e-01      1.187e-06   
      272            373         7.011e-03      4.471e-09      1.289e+00      4.394e-06   
      273            377         7.011e-03      1.562e-09      1.647e-01      7.018e-07   
      274            378         7.011e-03      9.510e-10      1.734e-01      7.369e-08   
      275            379         7.011e-03      1.964e-09      4.531e-01      5.119e-07   
      276            380         7.011e-03      3.731e-09      9.733e-01      2.584e-06   
      277            381         7.011e-03      1.662e-09      1.638e+00      6.332e-06   
      278            389         7.011e-03      7.634e-10      5.619e-05      5.177e-06   
      279            390         7.011e-03      5.679e-10      6.401e-05      4.312e-06   
      280            391         7.011e-03      6.325e-10      1.105e-04      2.757e-06   
      281            392         7.011e-03      3.770e-10      1.309e-04      1.118e-06   
      282            393         7.011e-03      1.044e-10      1.064e-04      2.726e-07   
      283            394         7.011e-03      1.968e-11      8.407e-05      5.258e-08   
      284            395         7.011e-03      1.323e-11      1.589e-04      3.307e-08   
      285            396         7.011e-03      3.270e-11      4.461e-04      3.257e-08   
      286            397         7.011e-03      7.116e-11      1.277e-03      4.732e-07   
      287            398         7.011e-03      4.710e-11      6.897e-04      1.219e-08   
      288            399         7.011e-03      4.477e-11      1.789e-03      1.257e-08   
      289            400         7.011e-03      1.152e-10      4.952e-03      2.254e-08   
      290            401         7.011e-03      2.628e-10      1.273e-02      2.028e-08   
      291            402         7.011e-03      5.001e-10      2.961e-02      9.067e-08   
      292            403         7.011e-03      7.183e-10      5.983e-02      2.902e-07   
      293            404         7.011e-03      8.986e-10      1.151e-01      3.672e-07   
      294            405         7.011e-03      1.185e-09      2.297e-01      5.744e-07   
      295            406         7.011e-03      2.160e-09      5.387e-01      7.970e-07   
      296            407         7.011e-03      3.833e-09      1.324e+00      6.368e-06   
      297            408         7.011e-03      1.518e-09      2.095e-01      4.223e-07   
      298            412         7.011e-03      7.013e-10      2.240e-01      1.887e-06   
      299            413         7.011e-03      7.691e-10      1.475e-01      3.243e-07   
      300            414         7.011e-03      8.089e-10      2.187e-01      1.670e-07   
      301            415         7.011e-03      1.742e-09      5.574e-01      8.841e-07   
      302            417         7.011e-03      1.819e-09      8.917e-01      3.353e-06   
      303            418         7.011e-03      1.684e-09      7.531e-01      3.507e-06   
      304            419         7.011e-03      2.976e-09      5.873e-01      2.970e-07   
      305            420         7.011e-03      3.112e-09      1.165e+00      3.828e-06   
      306            421         7.011e-03      2.607e-10      1.839e-03      7.360e-07   
      307            422         7.011e-03      1.756e-09      1.167e+00      2.882e-06   
      308            423         7.011e-03      5.774e-10      2.943e-02      3.403e-07   
      309            424         7.011e-03      2.083e-09      9.244e-01      3.168e-06   
      310            425         7.011e-03      1.854e-09      7.815e-01      1.349e-06   
      311            430         7.011e-03      4.691e-10      1.689e-01      1.540e-06   
      312            431         7.011e-03      3.110e-10      1.011e-01      3.051e-07   
      313            432         7.011e-03      4.912e-10      2.365e-01      5.120e-07   
      314            433         7.011e-03      7.540e-10      4.817e-01      1.046e-06   
      315            434         7.011e-03      5.585e-10      7.370e-01      1.992e-06   
      316            435         7.011e-03      1.660e-10      1.112e-02      9.670e-08   
      317            439         7.011e-03      8.623e-10      2.744e-01      1.494e-06   
      318            440         7.011e-03      1.220e-11      1.408e-04      1.744e-08   
      319            441         7.011e-03      2.241e-10      3.573e-01      1.875e-06   
      320            442         7.011e-03      7.466e-10      2.113e-01      8.726e-08   
      321            443         7.011e-03      6.834e-10      4.443e-01      4.696e-07   
      322            444         7.011e-03      7.123e-10      7.378e-01      1.143e-06   
      323            448         7.011e-03      2.641e-10      1.508e-01      7.756e-07   
      324            449         7.011e-03      1.456e-10      1.437e-01      7.420e-07   
      325            450         7.011e-03      2.307e-10      9.166e-02      1.897e-07   
      326            451         7.011e-03      2.977e-10      2.141e-01      1.712e-07   
      327            452         7.011e-03      7.046e-10      6.294e-01      1.473e-06   
      328            453         7.011e-03      3.609e-11      2.927e-04      2.682e-07   
      329            457         7.011e-03      9.757e-11      7.703e-02      2.175e-07   
      330            458         7.011e-03      6.837e-11      5.218e-02      4.827e-08   
      331            459         7.011e-03      8.175e-11      6.826e-02      2.452e-08   
      332            460         7.011e-03      1.719e-10      1.755e-01      8.927e-08   
      333            461         7.011e-03      2.177e-10      3.264e-01      2.769e-07   
      334            464         7.011e-03      5.217e-11      1.501e-01      7.958e-07   
      335            465         7.011e-03      1.822e-10      6.524e-02      2.458e-07   
      336            466         7.011e-03      1.502e-10      1.464e-01      1.313e-07   
      337            467         7.011e-03      3.798e-10      4.481e-01      8.472e-07   
      338            468         7.011e-03      4.105e-10      7.859e-01      2.762e-06   
      339            469         7.011e-03      2.899e-10      4.645e-01      9.674e-07   
      340            470         7.011e-03      2.402e-10      5.228e-01      4.373e-07   
      341            471         7.011e-03      2.231e-10      5.966e-01      5.661e-07   
      342            472         7.011e-03      1.668e-10      6.873e-01      2.196e-06   
      343            473         7.011e-03      1.559e-10      1.663e-01      8.403e-07   
      344            479         7.011e-03      1.098e-10      5.123e-02      1.446e-07   
      345            480         7.011e-03      1.341e-11      1.522e-02      3.036e-08   
      346            481         7.011e-03      7.308e-12      1.897e-02      2.238e-08   
      347            482         7.011e-03      7.852e-12      3.305e-02      9.440e-09   
`gtol` condition satisfied. (gtol=1.00e-08)
         Current function value: 7.011e-03
         Max scaled gradient: 9.440e-09
         Total delta_x: 2.121e+00
         Iterations: 347
         Function evaluations: 482
         Jacobian evaluations: 348
{"tag": "final", "cost": 0.007010629228696364, "cost_targets": 0.007009870146197051, "cost_bounds": 7.590824993135754e-07, "max_dB": 0.0016497081284893417, "max_dG_rel": 0.010283968914392077, "iota": 0.39334939597285445, "eta": 0.7272763440488628, "hel": 0.0, "max_elong": 5.000306285967704, "axis_rc": [0.98488, 0.07395, 0.00353, -0.00012, -4e-05, -0.0], "axis_zs": [0.0, -0.0195, 0.00129, 0.00037, 3e-05, -0.0], "max_abs_Zaxis": 0.02000143046614973, "min_dpc": 0.1265533736832638, "min_dcc": 0.03999991388865881, "max_kappa": 11.881186238970399, "Lcoil": [3.173, 2.896, 3.375, 3.15], "I_over_uniform": [1.245, 0.901, 1.164, 0.685], "n_active_bounds": 26, "L_total": 12.593873607890153, "coil_R_max": 1.561134819123975, "coil_absz_max": 0.633800500602925, "mean_kappa2": 0.1405386568489474, "cost_reg": 0.0019231340188112078, "cost_field": 0.005086736127385843, "B2c": 1.8649715879393, "B20_residual": 0.8290946689455984, "max_dGG_rel": 0.8897039907632922, "time_s": 916, "status": "`gtol` condition satisfied. (gtol=1.00e-08)", "nit": 347, "optimality": 9.439551914165762e-09}
