ERROR:2026-10-09 19:03:54,973:jax._src.xla_bridge:487: Jax plugin configuration error: Exception when calling jax_plugins.xla_cuda12.initialize()
Traceback (most recent call last):
  File "/home/jay/miniconda3/envs/desc-dev/lib/python3.13/site-packages/jax/_src/xla_bridge.py", line 485, in discover_pjrt_plugins
    plugin_module.initialize()
    ~~~~~~~~~~~~~~~~~~~~~~~~^^
  File "/home/jay/miniconda3/envs/desc-dev/lib/python3.13/site-packages/jax_plugins/xla_cuda12/__init__.py", line 328, in initialize
    _check_cuda_versions(raise_on_first_error=True)
    ~~~~~~~~~~~~~~~~~~~~^^^^^^^^^^^^^^^^^^^^^^^^^^^
  File "/home/jay/miniconda3/envs/desc-dev/lib/python3.13/site-packages/jax_plugins/xla_cuda12/__init__.py", line 285, in _check_cuda_versions
    local_device_count = cuda_versions.cuda_device_count()
RuntimeError: jaxlib/cuda/versions_helpers.cc:113: operation cuInit(0) failed: CUDA_ERROR_NO_DEVICE
DESC /home/jay/Documents/desc_dev/DESC/desc
DEVICE requested=cpu obtained=cpu (1x cpu)
nfp 3 nc 4 mode z0 helicity 0.0 nparams 80 order 1 seed 0
{"tag": "init", "cost": 110.91367759389, "cost_targets": 2.759703925197996, "cost_bounds": 108.153973668692, "max_dB": 0.13512565380850391, "max_dG_rel": 0.9633000798082202, "iota": 0.3227099980603911, "eta": 0.6521257029255451, "hel": 0.0, "max_elong": 4.314682708156138, "axis_rc": [1.0, 0.05048, 0.0, 0.0, 0.0, 0.0], "axis_zs": [0.0, -0.02863, 0.0, 0.0, 0.0, 0.0], "max_abs_Zaxis": 0.028612163274170464, "min_dpc": 0.12337366994223871, "min_dcc": 0.11558147615195649, "max_kappa": 14.792614603228593, "Lcoil": [2.744, 2.778, 2.768, 2.646], "I_over_uniform": [1.0, 1.0, 1.0, 1.0], "n_active_bounds": 31, "L_total": 10.935897696387443, "coil_R_max": 1.476388528346541, "coil_absz_max": 0.5277364872725782, "mean_kappa2": 0.08858970722330506, "cost_reg": 0.0, "cost_field": 2.759703925197996}
   Iteration     Total nfev        Cost      Cost reduction    Step norm     Optimality   
       0              1          1.109e+02                                    8.970e+00   
       1              2          1.275e+00      1.096e+02      4.337e+01      1.878e-02   
       2              3          7.160e-01      5.592e-01      4.067e+01      6.799e-03   
       3              4          5.408e-01      1.752e-01      3.716e+01      2.019e-03   
       4              5          4.911e-01      4.971e-02      4.424e+01      4.146e-03   
       5              6          4.534e-01      3.765e-02      6.877e+01      6.484e-03   
       6              9          4.284e-01      2.509e-02      3.858e+01      5.846e-04   
       7             12          4.172e-01      1.114e-02      1.581e+01      3.515e-04   
       8             13          3.914e-01      2.582e-02      4.198e+01      2.217e-03   
       9             14          3.382e-01      5.318e-02      1.028e+02      8.594e-03   
      10             17          3.180e-01      2.019e-02      3.220e+01      5.159e-04   
      11             18          3.034e-01      1.462e-02      8.113e+01      1.869e-02   
      12             19          2.984e-01      4.990e-03      5.547e-01      3.765e-02   
      13             20          2.711e-01      2.735e-02      6.740e+01      1.320e-03   
      14             21          2.499e-01      2.117e-02      1.591e+02      1.318e-02   
      15             22          2.464e-01      3.521e-03      4.883e+00      3.326e-02   
      16             23          2.195e-01      2.688e-02      7.908e+01      1.793e-03   
      17             25          2.026e-01      1.692e-02      1.084e+02      1.793e-02   
      18             26          1.723e-01      3.031e-02      1.634e+02      1.498e-03   
      19             27          1.359e-01      3.635e-02      3.980e+02      2.637e-02   
      20             28          7.408e-02      6.182e-02      3.449e+02      1.214e-02   
      21             30          4.037e-02      3.371e-02      2.703e+02      1.020e-02   
      22             32          2.246e-02      1.790e-02      1.416e+02      1.092e-02   
      23             33          1.203e-02      1.044e-02      1.446e+02      1.113e-03   
      24             35          9.742e-03      2.286e-03      1.372e+02      4.209e-03   
      25             36          5.842e-03      3.900e-03      9.853e+01      2.172e-03   
      26             38          4.425e-03      1.417e-03      6.141e+01      4.407e-04   
      27             39          3.536e-03      8.893e-04      1.247e+02      3.278e-03   
      28             41          2.721e-03      8.142e-04      4.978e+01      1.020e-04   
      29             42          2.690e-03      3.115e-05      1.094e+02      4.315e-04   
      30             43          2.652e-03      3.836e-05      1.490e+01      1.081e-03   
      31             44          1.997e-03      6.553e-04      3.060e+01      2.660e-05   
      32             45          1.821e-03      1.755e-04      7.096e+01      1.957e-04   
      33             46          1.677e-03      1.438e-04      5.926e+01      3.087e-04   
      34             47          1.652e-03      2.506e-05      5.066e+00      3.019e-05   
      35             50          1.622e-03      3.024e-05      1.652e+01      2.343e-04   
      36             52          1.603e-03      1.948e-05      2.319e+01      1.168e-03   
      37             53          1.589e-03      1.314e-05      5.450e-02      2.077e-04   
      38             55          1.568e-03      2.137e-05      1.047e+01      4.771e-04   
      39             57          1.555e-03      1.352e-05      7.635e+00      3.241e-04   
      40             58          1.554e-03      4.765e-07      1.264e+01      9.886e-04   
      41             59          1.541e-03      1.304e-05      6.009e-01      4.597e-04   
      42             61          1.534e-03      7.018e-06      3.295e+00      4.710e-04   
      43             62          1.526e-03      8.520e-06      3.211e+00      6.613e-05   
      44             63          1.525e-03      6.929e-07      9.331e+00      6.656e-04   
      45             64          1.515e-03      1.013e-05      9.983e-01      1.558e-05   
      46             67          1.513e-03      1.228e-06      7.738e-01      2.209e-04   
      47             68          1.512e-03      1.949e-06      6.109e-01      1.332e-05   
      48             69          1.509e-03      2.289e-06      1.794e+00      1.881e-05   
      49             70          1.503e-03      5.788e-06      5.271e+00      1.587e-04   
      50             71          1.503e-03      3.053e-08      7.053e-03      1.527e-04   
      51             73          1.498e-03      5.031e-06      1.030e+01      4.304e-04   
      52             74          1.480e-03      1.889e-05      9.751e+00      1.338e-04   
      53             75          1.467e-03      1.210e-05      2.670e+01      4.703e-04   
      54             78          1.452e-03      1.559e-05      3.460e+00      3.924e-04   
      55             79          1.441e-03      1.053e-05      3.569e+00      2.369e-05   
      56             80          1.430e-03      1.097e-05      1.051e+01      4.146e-05   
      57             81          1.418e-03      1.223e-05      2.636e+01      3.521e-04   
      58             86          1.410e-03      8.149e-06      3.796e-01      1.132e-04   
      59             87          1.407e-03      3.208e-06      1.663e-01      5.182e-06   
      60             88          1.406e-03      8.164e-07      1.743e-01      7.667e-06   
      61             89          1.406e-03      2.655e-07      2.007e-01      8.304e-06   
      62             90          1.405e-03      5.169e-07      5.286e-01      9.292e-06   
      63             91          1.404e-03      1.432e-06      1.530e+00      1.293e-05   
      64             92          1.399e-03      4.229e-06      4.528e+00      5.297e-06   
      65             93          1.389e-03      1.023e-05      1.265e+01      1.165e-04   
      66             94          1.370e-03      1.903e-05      2.553e+01      1.503e-04   
      67             96          1.350e-03      1.990e-05      2.027e+01      7.208e-05   
      68             98          1.332e-03      1.784e-05      2.955e+01      3.444e-04   
      69             100         1.313e-03      1.930e-05      1.681e+01      1.640e-04   
      70             103         1.306e-03      7.280e-06      2.873e+00      8.691e-05   
      71             104         1.300e-03      5.818e-06      5.665e+00      5.888e-06   
      72             106         1.294e-03      6.514e-06      8.413e+00      9.830e-05   
      73             111         1.293e-03      1.568e-07      9.272e-02      8.600e-05   
      74             112         1.293e-03      8.365e-07      4.079e-02      2.403e-06   
      75             113         1.292e-03      8.061e-08      3.333e-02      6.749e-07   
      76             114         1.292e-03      8.686e-08      7.986e-02      1.050e-06   
      77             115         1.292e-03      2.259e-07      2.252e-01      2.239e-06   
      78             116         1.292e-03      6.407e-07      6.554e-01      1.486e-06   
      79             117         1.290e-03      1.840e-06      1.922e+00      5.293e-06   
      80             118         1.290e-03      1.826e-08      1.441e-02      7.308e-07   
      81             119         1.280e-03      1.016e-05      1.544e+01      1.650e-04   
      82             122         1.277e-03      2.305e-06      2.562e+00      2.215e-04   
      83             123         1.271e-03      5.858e-06      2.374e+00      6.359e-05   
      84             124         1.268e-03      3.755e-06      5.978e+00      1.644e-04   
      85             125         1.265e-03      2.915e-06      5.653e+00      1.873e-04   
      86             126         1.262e-03      2.859e-06      1.920e-01      1.816e-04   
      87             127         1.257e-03      4.608e-06      4.369e+00      2.703e-05   
      88             128         1.253e-03      4.325e-06      1.297e+01      2.095e-04   
      89             135         1.252e-03      8.449e-07      2.600e-03      1.940e-04   
      90             136         1.250e-03      1.741e-06      6.006e-03      1.572e-04   
      91             137         1.248e-03      2.175e-06      1.057e-02      9.277e-05   
      92             138         1.247e-03      1.038e-06      1.035e-02      3.072e-05   
      93             139         1.247e-03      1.455e-07      5.762e-03      4.978e-06   
      94             140         1.247e-03      6.009e-08      1.024e-02      2.666e-06   
      95             141         1.247e-03      3.070e-08      1.098e-02      7.156e-07   
      96             142         1.247e-03      3.053e-08      2.101e-02      6.187e-07   
      97             143         1.247e-03      5.780e-08      5.354e-02      1.316e-06   
      98             144         1.247e-03      1.332e-07      1.432e-01      4.175e-06   
      99             145         1.246e-03      3.374e-07      3.907e-01      6.646e-06   
      100            146         1.245e-03      8.982e-07      1.130e+00      2.129e-05   
      101            147         1.243e-03      2.722e-06      3.303e+00      5.517e-06   
      102            148         1.243e-03      6.712e-09      4.585e-03      4.469e-07   
      103            149         1.226e-03      1.672e-05      2.791e+01      6.816e-05   
      104            150         1.226e-03      2.660e-07      2.810e-03      5.485e-05   
      105            152         1.225e-03      4.978e-07      2.302e+01      3.604e-04   
      106            153         1.198e-03      2.708e-05      6.753e+00      1.521e-04   
      107            154         1.192e-03      5.878e-06      7.005e+00      1.432e-04   
      108            158         1.189e-03      3.192e-06      5.670e-01      1.105e-04   
      109            159         1.187e-03      1.928e-06      4.592e-01      1.390e-05   
      110            160         1.187e-03      4.998e-08      1.520e-02      2.366e-06   
      111            163         1.187e-03      4.271e-07      5.389e-01      2.269e-05   
      112            164         1.186e-03      7.266e-07      7.548e-01      3.354e-06   
      113            165         1.184e-03      1.944e-06      2.246e+00      9.160e-06   
      114            166         1.184e-03      2.070e-08      5.214e-03      4.020e-06   
      115            167         1.169e-03      1.470e-05      1.845e+01      7.393e-05   
      116            171         1.167e-03      2.155e-06      8.198e-01      1.551e-05   
      117            172         1.165e-03      1.769e-06      2.366e+00      3.164e-06   
      118            173         1.160e-03      5.120e-06      7.050e+00      2.121e-05   
      119            180         1.160e-03      1.235e-08      4.041e-04      1.871e-05   
      120            181         1.160e-03      2.109e-08      8.626e-04      1.352e-05   
      121            182         1.160e-03      2.206e-08      1.403e-03      6.418e-06   
      122            183         1.160e-03      9.723e-09      1.401e-03      1.352e-06   
      123            184         1.160e-03      6.945e-09      2.677e-03      1.191e-06   
      124            185         1.160e-03      1.528e-08      6.985e-03      1.040e-06   
      125            186         1.160e-03      2.378e-08      1.292e-02      5.118e-07   
      126            190         1.160e-03      4.908e-10      5.920e-04      8.118e-07   
      127            191         1.160e-03      6.413e-10      5.091e-04      4.455e-07   
      128            192         1.160e-03      1.313e-09      1.359e-03      4.484e-07   
      129            193         1.160e-03      3.231e-09      3.698e-03      4.613e-07   
      130            194         1.160e-03      8.477e-09      1.048e-02      4.736e-07   
      131            195         1.160e-03      2.396e-08      3.066e-02      4.793e-07   
      132            196         1.160e-03      6.855e-08      8.991e-02      4.792e-07   
      133            197         1.160e-03      1.913e-07      2.676e-01      1.461e-05   
      134            198         1.159e-03      6.117e-07      7.995e-01      7.374e-07   
      135            199         1.157e-03      1.800e-06      2.393e+00      4.192e-06   
      136            200         1.152e-03      5.272e-06      6.980e+00      6.755e-06   
      137            201         1.140e-03      1.178e-05      1.849e+01      6.156e-05   
      138            203         1.130e-03      1.054e-05      2.779e+01      1.965e-04   
      139            207         1.122e-03      8.145e-06      6.664e-01      1.073e-04   
      140            208         1.120e-03      2.097e-06      7.770e-01      3.877e-06   
      141            209         1.118e-03      1.794e-06      2.289e+00      8.422e-06   
      142            210         1.112e-03      5.544e-06      6.913e+00      9.240e-06   
      143            211         1.105e-03      7.157e-06      1.796e+01      2.789e-04   
      144            214         1.102e-03      3.411e-06      2.900e+00      2.239e-04   
      145            215         1.094e-03      7.986e-06      2.837e+00      7.855e-05   
      146            216         1.093e-03      4.814e-07      2.236e-02      3.509e-05   
      147            217         1.091e-03      1.817e-06      2.265e+01      3.332e-04   
      148            221         1.072e-03      1.980e-05      4.866e-01      7.529e-05   
      149            222         1.070e-03      1.720e-06      8.727e-01      2.448e-05   
      150            223         1.067e-03      2.577e-06      2.487e+00      7.180e-06   
      151            224         1.061e-03      5.833e-06      6.547e+00      9.714e-06   
      152            225         1.044e-03      1.744e-05      1.869e+01      7.127e-05   
      153            227         1.024e-03      1.955e-05      2.421e+01      9.281e-05   
      154            232         1.022e-03      2.425e-06      2.602e-01      3.586e-05   
      155            233         1.022e-03      4.235e-07      2.544e-01      1.572e-05   
      156            234         1.021e-03      4.874e-07      5.190e-01      8.902e-06   
      157            235         1.020e-03      1.306e-06      1.493e+00      6.876e-06   
      158            236         1.016e-03      3.917e-06      4.470e+00      8.195e-06   
      159            237         1.002e-03      1.360e-05      1.427e+01      2.676e-05   
      160            238         9.813e-04      2.093e-05      4.030e+01      3.836e-04   
      161            243         9.595e-04      2.182e-05      4.252e-01      3.699e-06   
      162            245         9.579e-04      1.629e-06      3.101e-01      3.374e-06   
      163            246         9.566e-04      1.322e-06      4.460e-01      2.735e-05   
      164            247         9.550e-04      1.529e-06      8.816e-01      4.845e-06   
      165            248         9.519e-04      3.170e-06      2.403e+00      4.750e-06   
      166            249         9.518e-04      2.030e-08      4.291e-03      2.247e-06   
      167            250         9.335e-04      1.833e-05      1.764e+01      1.107e-04   
      168            251         9.329e-04      6.304e-07      1.147e-02      8.071e-05   
      169            254         9.263e-04      6.535e-06      4.127e+00      1.832e-04   
      170            255         9.187e-04      7.643e-06      7.487e+00      2.954e-04   
      171            256         9.092e-04      9.548e-06      8.487e+00      3.219e-04   
      172            257         8.983e-04      1.087e-05      1.007e+01      6.813e-06   
      173            258         8.764e-04      2.190e-05      2.803e+01      8.680e-05   
      174            260         8.473e-04      2.906e-05      3.640e+01      4.729e-05   
      175            263         8.380e-04      9.323e-06      1.215e+01      1.917e-04   
      176            265         8.294e-04      8.612e-06      1.436e+01      2.953e-04   
      177            266         8.171e-04      1.230e-05      1.817e+01      3.453e-04   
      178            267         8.026e-04      1.451e-05      2.352e+01      2.851e-04   
      179            268         7.873e-04      1.525e-05      1.894e+01      1.161e-04   
      180            270         7.809e-04      6.483e-06      2.320e+01      3.415e-04   
      181            272         7.713e-04      9.501e-06      1.357e+01      8.345e-05   
      182            273         7.631e-04      8.235e-06      1.254e+01      5.215e-05   
      183            274         7.629e-04      2.584e-07      1.896e-02      9.167e-06   
      184            277         7.573e-04      5.543e-06      1.028e+01      6.929e-05   
      185            278         7.522e-04      5.150e-06      2.655e+01      3.627e-04   
      186            284         7.485e-04      3.687e-06      7.677e-02      2.384e-04   
      187            285         7.463e-04      2.206e-06      2.824e-02      5.087e-06   
      188            286         7.460e-04      3.032e-07      3.354e-02      2.314e-06   
      189            287         7.458e-04      1.287e-07      4.301e-02      8.836e-07   
      190            288         7.458e-04      8.709e-08      6.433e-02      4.635e-07   
      191            289         7.456e-04      1.046e-07      1.118e-01      2.552e-07   
      192            290         7.455e-04      1.030e-07      2.306e-01      5.318e-07   
      193            291         7.453e-04      2.622e-07      6.456e-01      1.671e-06   
      194            292         7.445e-04      7.358e-07      1.874e+00      3.130e-06   
      195            293         7.445e-04      4.210e-09      3.264e-03      1.608e-07   
      196            294         7.397e-04      4.877e-06      1.561e+01      1.139e-04   
      197            295         7.375e-04      2.138e-06      2.099e+01      3.030e-04   
      198            297         7.336e-04      3.969e-06      1.123e+01      6.747e-05   
      199            298         7.297e-04      3.886e-06      1.073e+01      5.708e-05   
      200            299         7.276e-04      2.045e-06      8.878e-02      9.659e-06   
      201            301         7.267e-04      9.033e-07      1.144e+01      7.214e-05   
      202            302         7.245e-04      2.267e-06      3.013e-01      1.348e-05   
      203            303         7.232e-04      1.302e-06      9.406e+00      4.987e-05   
      204            304         7.228e-04      3.778e-07      1.476e-02      1.630e-05   
      205            305         7.203e-04      2.436e-06      1.191e+01      9.524e-05   
      206            306         7.200e-04      3.038e-07      9.331e-03      4.025e-05   
      207            307         7.199e-04      1.579e-07      1.127e+01      7.911e-05   
      208            308         7.150e-04      4.869e-06      6.444e+00      2.442e-05   
      209            309         7.128e-04      2.202e-06      6.478e+00      3.871e-05   
      210            310         7.119e-04      8.828e-07      1.853e+01      2.843e-04   
      211            311         7.111e-04      7.757e-07      7.135e-02      3.212e-04   
      212            312         7.063e-04      4.842e-06      9.701e+00      8.148e-05   
      213            314         7.042e-04      2.091e-06      7.956e+00      5.192e-05   
      214            315         7.041e-04      1.614e-07      1.170e-02      2.643e-05   
      215            316         7.020e-04      2.035e-06      9.148e+00      7.382e-05   
      216            317         7.018e-04      1.884e-07      4.367e-03      3.529e-05   
      217            318         6.999e-04      1.892e-06      1.076e+01      1.047e-04   
      218            319         6.996e-04      3.782e-07      5.113e-03      3.588e-05   
      219            320         6.993e-04      2.319e-07      1.203e+01      1.247e-04   
      220            321         6.988e-04      5.360e-07      4.866e-03      5.695e-05   
      221            322         6.959e-04      2.907e-06      8.332e+00      4.776e-05   
      222            323         6.958e-04      1.078e-07      2.546e-03      1.412e-05   
      223            324         6.924e-04      3.415e-06      8.403e+00      6.131e-05   
      224            325         6.899e-04      2.502e-06      1.234e+01      1.384e-04   
      225            326         6.895e-04      3.220e-07      1.380e+01      1.600e-04   
      226            327         6.856e-04      3.951e-06      9.940e+00      6.288e-05   
      227            328         6.800e-04      5.617e-06      8.851e+00      6.556e-05   
      228            329         6.764e-04      3.553e-06      1.524e+01      2.170e-04   
      229            330         6.739e-04      2.501e-06      1.731e+01      2.200e-04   
      230            332         6.658e-04      8.084e-06      1.008e+01      1.028e-04   
      231            333         6.592e-04      6.637e-06      1.061e+01      7.234e-05   
      232            335         6.518e-04      7.435e-06      1.655e+01      1.666e-04   
      233            337         6.423e-04      9.416e-06      2.324e+01      2.933e-04   
      234            338         6.415e-04      8.357e-07      7.233e-02      5.331e-04   
      235            339         6.274e-04      1.407e-05      2.047e+01      1.533e-04   
      236            340         6.184e-04      9.031e-06      2.553e+01      3.210e-04   
      237            341         6.175e-04      9.026e-07      1.839e-01      3.143e-04   
      238            342         6.112e-04      6.311e-06      1.641e+01      1.208e-04   
      239            343         6.026e-04      8.595e-06      1.667e+01      1.268e-04   
      240            344         5.932e-04      9.378e-06      1.686e+01      1.416e-04   
      241            345         5.893e-04      3.892e-06      1.826e-01      6.851e-05   
      242            347         5.830e-04      6.361e-06      1.827e+01      1.330e-04   
      243            348         5.728e-04      1.013e-05      1.974e+01      1.348e-04   
      244            349         5.598e-04      1.301e-05      2.168e+01      1.772e-04   
      245            350         5.461e-04      1.376e-05      2.610e+01      2.199e-04   
      246            351         5.302e-04      1.586e-05      3.010e+01      2.224e-04   
      247            352         5.128e-04      1.739e-05      8.664e+00      2.201e-04   
      248            353         5.037e-04      9.103e-06      3.286e+01      3.744e-04   
      249            354         4.736e-04      3.014e-05      3.505e+01      1.490e-04   
      250            355         4.511e-04      2.246e-05      4.108e+01      2.000e-04   
      251            356         4.414e-04      9.732e-06      4.158e+01      4.041e-04   
      252            360         4.171e-04      2.430e-05      6.937e+00      4.683e-04   
      253            361         4.044e-04      1.269e-05      1.459e+00      1.395e-06   
      254            362         4.020e-04      2.436e-06      1.656e+00      1.342e-06   
      255            363         3.984e-04      3.548e-06      3.666e+00      5.058e-06   
      256            364         3.917e-04      6.695e-06      9.380e+00      2.098e-05   
      257            365         3.784e-04      1.330e-05      2.556e+01      8.488e-05   
      258            366         3.757e-04      2.703e-06      1.108e-01      3.876e-05   
      259            367         3.569e-04      1.877e-05      2.762e+01      9.446e-05   
      260            369         3.452e-04      1.170e-05      3.984e+01      4.372e-04   
      261            370         3.262e-04      1.900e-05      1.038e+01      9.126e-05   
      262            372         3.217e-04      4.559e-06      2.133e+01      4.384e-04   
      263            373         3.135e-04      8.180e-06      3.743e-02      1.503e-04   
      264            375         3.012e-04      1.234e-05      1.711e+01      2.420e-04   
      265            376         2.914e-04      9.750e-06      2.145e+01      3.897e-04   
      266            377         2.824e-04      9.030e-06      1.701e-01      4.590e-05   
      267            378         2.734e-04      8.963e-06      2.087e+01      3.268e-04   
      268            379         2.576e-04      1.582e-05      2.112e+01      3.153e-04   
      269            380         2.456e-04      1.199e-05      2.252e+01      4.084e-04   
      270            381         2.210e-04      2.458e-05      2.174e+01      6.844e-05   
      271            382         2.095e-04      1.151e-05      5.643e+01      4.337e-04   
      272            383         1.724e-04      3.710e-05      5.101e+01      3.398e-04   
      273            390         1.702e-04      2.240e-06      8.238e-03      9.329e-05   
      274            391         1.693e-04      8.576e-07      1.002e-02      2.176e-05   
      275            392         1.678e-04      1.499e-06      2.513e-02      2.011e-05   
      276            393         1.647e-04      3.111e-06      6.140e-02      1.621e-05   
      277            394         1.604e-04      4.315e-06      1.162e-01      1.062e-05   
      278            395         1.576e-04      2.769e-06      1.400e-01      4.775e-06   
      279            396         1.568e-04      7.892e-07      1.228e-01      1.165e-06   
      280            397         1.565e-04      3.392e-07      1.620e-01      5.152e-07   
      281            398         1.561e-04      3.497e-07      3.091e-01      3.630e-07   
      282            399         1.556e-04      5.625e-07      7.161e-01      2.927e-07   
      283            400         1.545e-04      1.055e-06      1.696e+00      4.426e-07   
      284            401         1.519e-04      2.670e-06      4.805e+00      2.600e-06   
      285            402         1.444e-04      7.427e-06      1.390e+01      2.120e-05   
      286            403         1.297e-04      1.477e-05      3.686e+01      1.377e-04   
      287            409         1.270e-04      2.660e-06      1.186e-01      8.961e-05   
      288            410         1.264e-04      6.060e-07      3.385e-02      4.043e-06   
      289            411         1.260e-04      3.991e-07      4.923e-02      2.081e-06   
      290            412         1.258e-04      1.699e-07      5.262e-02      6.089e-07   
      291            413         1.257e-04      1.112e-07      8.564e-02      2.935e-07   
      292            414         1.256e-04      1.339e-07      1.703e-01      2.403e-07   
      293            415         1.253e-04      2.509e-07      4.083e-01      2.270e-07   
      294            416         1.248e-04      5.311e-07      1.074e+00      2.926e-07   
      295            417         1.233e-04      1.479e-06      3.119e+00      8.338e-07   
      296            418         1.191e-04      4.221e-06      9.141e+00      8.911e-06   
      297            419         1.087e-04      1.043e-05      2.558e+01      5.297e-05   
      298            420         1.082e-04      4.954e-07      1.535e+00      1.209e-04   
      299            421         9.610e-05      1.207e-05      3.422e+01      9.352e-05   
      300            422         9.383e-05      2.265e-06      1.052e-01      1.215e-05   
      301            424         8.338e-05      1.045e-05      3.110e+01      7.463e-05   
      302            425         7.356e-05      9.824e-06      3.592e+01      1.056e-04   
      303            426         6.962e-05      3.939e-06      3.454e-01      4.827e-05   
      304            427         6.342e-05      6.198e-06      3.336e+01      9.014e-05   
      305            428         5.563e-05      7.798e-06      2.907e+01      7.461e-05   
      306            429         5.066e-05      4.961e-06      2.889e+01      8.650e-05   
      307            430         4.520e-05      5.467e-06      2.506e+01      6.366e-05   
      308            432         4.265e-05      2.546e-06      1.478e+01      1.393e-04   
      309            433         4.153e-05      1.125e-06      1.510e+01      2.098e-04   
      310            434         3.862e-05      2.906e-06      1.359e+01      1.431e-05   
      311            436         3.693e-05      1.690e-06      1.884e+01      2.614e-05   
      312            437         3.685e-05      7.671e-08      9.442e-03      3.405e-06   
      313            438         3.561e-05      1.246e-06      3.114e+01      6.643e-05   
      314            439         3.491e-05      6.969e-07      6.090e-02      7.591e-05   
      315            440         3.240e-05      2.514e-06      2.776e+01      4.916e-05   
      316            441         3.018e-05      2.215e-06      2.921e+01      5.057e-05   
      317            442         2.797e-05      2.209e-06      2.946e+01      5.146e-05   
      318            443         2.623e-05      1.740e-06      3.593e+01      7.597e-05   
      319            444         2.407e-05      2.166e-06      3.398e+01      6.651e-05   
      320            445         2.244e-05      1.624e-06      3.808e+01      7.783e-05   
      321            446         2.067e-05      1.773e-06      3.584e+01      6.643e-05   
      322            447         1.889e-05      1.784e-06      3.498e+01      5.928e-05   
      323            449         1.850e-05      3.848e-07      1.947e+01      1.789e-05   
      324            452         1.767e-05      8.296e-07      4.289e+00      1.533e-05   
      325            453         1.742e-05      2.562e-07      1.219e+00      1.575e-07   
      326            454         1.727e-05      1.482e-07      3.560e+00      4.503e-07   
      327            455         1.695e-05      3.182e-07      1.036e+01      3.682e-06   
      328            456         1.650e-05      4.527e-07      9.924e+00      1.873e-05   
      329            457         1.624e-05      2.565e-07      6.199e+00      1.216e-06   
      330            459         1.596e-05      2.774e-07      9.061e+00      2.624e-06   
      331            460         1.568e-05      2.842e-07      6.093e+00      8.267e-06   
      332            461         1.540e-05      2.786e-07      9.355e+00      3.103e-06   
      333            462         1.518e-05      2.174e-07      5.599e+00      1.582e-06   
      334            463         1.497e-05      2.096e-07      9.559e+00      2.848e-06   
      335            464         1.463e-05      3.382e-07      8.316e+00      6.517e-07   
      336            465         1.445e-05      1.796e-07      8.830e+00      2.799e-06   
      337            466         1.413e-05      3.285e-07      8.682e+00      2.486e-06   
      338            467         1.398e-05      1.486e-07      2.072e+00      8.997e-07   
      339            468         1.383e-05      1.509e-07      9.773e+00      3.266e-06   
      340            469         1.345e-05      3.786e-07      9.251e+00      2.587e-06   
      341            470         1.316e-05      2.899e-07      1.050e+01      3.907e-06   
      342            471         1.283e-05      3.310e-07      1.049e+01      2.937e-06   
      343            472         1.253e-05      3.019e-07      1.167e+01      3.624e-06   
      344            473         1.219e-05      3.312e-07      1.207e+01      3.904e-06   
      345            474         1.189e-05      3.046e-07      1.264e+01      4.001e-06   
      346            475         1.153e-05      3.617e-07      1.242e+01      3.564e-06   
      347            476         1.129e-05      2.381e-07      1.482e+01      4.602e-06   
      348            477         1.092e-05      3.653e-07      1.448e+01      5.859e-06   
      349            478         1.059e-05      3.357e-07      1.481e+01      8.114e-06   
      350            479         1.024e-05      3.509e-07      1.505e+01      7.618e-06   
      351            480         9.829e-06      4.085e-07      1.554e+01      9.102e-06   
      352            481         9.472e-06      3.578e-07      1.819e+01      1.473e-05   
      353            482         9.015e-06      4.567e-07      1.899e+01      2.059e-05   
      354            483         8.541e-06      4.740e-07      2.094e+01      3.589e-05   
      355            484         8.003e-06      5.377e-07      2.253e+01      6.728e-05   
      356            485         7.406e-06      5.970e-07      2.420e+01      7.932e-05   
      357            486         6.906e-06      5.002e-07      2.569e+01      1.039e-04   
      358            487         6.829e-06      7.690e-08      2.582e+01      1.251e-04   
      359            491         5.781e-06      1.048e-06      1.235e+00      7.720e-05   
      360            492         5.687e-06      9.405e-08      3.800e-01      6.083e-06   
      361            493         5.660e-06      2.656e-08      8.245e-01      4.310e-06   
      362            494         5.597e-06      6.359e-08      2.304e+00      1.596e-05   
      363            495         5.428e-06      1.691e-07      6.331e+00      2.472e-06   
      364            497         5.376e-06      5.143e-08      9.319e+00      1.369e-04   
      365            498         5.281e-06      9.531e-08      3.591e+00      1.030e-04   
      366            499         4.956e-06      3.243e-07      7.645e+00      2.580e-05   
      367            501         4.726e-06      2.309e-07      1.077e+01      3.563e-05   
      368            503         4.514e-06      2.115e-07      8.533e+00      3.116e-05   
      369            505         4.347e-06      1.675e-07      8.028e+00      3.930e-05   
      370            506         4.333e-06      1.398e-08      1.003e+01      9.910e-05   
      371            507         4.017e-06      3.152e-07      6.342e+00      5.797e-05   
      372            508         3.951e-06      6.678e-08      5.577e+00      6.113e-05   
      373            509         3.858e-06      9.232e-08      5.372e+00      6.553e-05   
      374            510         3.756e-06      1.021e-07      5.201e+00      6.358e-05   
      375            511         3.633e-06      1.233e-07      4.658e+00      4.469e-05   
      376            512         3.553e-06      8.009e-08      4.822e+00      4.156e-05   
      377            513         3.470e-06      8.231e-08      4.519e+00      3.920e-05   
      378            514         3.432e-06      3.860e-08      4.349e+00      5.196e-05   
      379            515         3.374e-06      5.795e-08      4.111e+00      5.062e-05   
      380            516         3.317e-06      5.712e-08      3.949e+00      4.759e-05   
      381            517         3.261e-06      5.549e-08      3.803e+00      4.335e-05   
      382            518         3.209e-06      5.248e-08      3.674e+00      3.859e-05   
      383            519         3.160e-06      4.862e-08      3.573e+00      3.401e-05   
      384            520         3.115e-06      4.498e-08      3.516e+00      2.996e-05   
      385            521         3.073e-06      4.214e-08      3.521e+00      2.659e-05   
      386            522         3.033e-06      4.047e-08      3.600e+00      2.375e-05   
      387            523         2.993e-06      4.001e-08      3.762e+00      2.107e-05   
      388            524         2.952e-06      4.053e-08      4.014e+00      1.791e-05   
      389            525         2.911e-06      4.141e-08      4.347e+00      1.697e-05   
      390            526         2.869e-06      4.129e-08      4.681e+00      1.499e-05   
      391            527         2.830e-06      3.942e-08      4.849e+00      1.245e-05   
      392            528         2.790e-06      3.975e-08      4.833e+00      1.113e-05   
      393            529         2.752e-06      3.857e-08      4.787e+00      9.673e-06   
      394            530         2.702e-06      4.963e-08      4.523e+00      7.859e-06   
      395            531         2.660e-06      4.191e-08      3.882e+00      6.144e-06   
      396            532         2.645e-06      1.476e-08      5.087e+00      9.978e-06   
      397            533         2.610e-06      3.522e-08      4.711e+00      7.633e-06   
      398            534         2.590e-06      2.024e-08      4.181e+00      3.394e-06   
      399            537         2.569e-06      2.073e-08      4.999e-01      4.977e-08   
      400            539         2.566e-06      3.413e-09      7.374e-01      2.024e-07   
Warning: Maximum number of iterations has been exceeded.
         Current function value: 2.566e-06
         Max scaled gradient: 2.024e-07
         Total delta_x: 2.306e+00
         Iterations: 400
         Function evaluations: 539
         Jacobian evaluations: 401
{"tag": "final", "cost": 2.5656420785721327e-06, "cost_targets": 2.565610623246173e-06, "cost_bounds": 3.1455325959847054e-11, "max_dB": 8.323037263360389e-05, "max_dG_rel": 0.0006931970751467644, "iota": 0.3999964132121228, "eta": 0.6758799484313411, "hel": 0.0, "max_elong": 5.000000233060518, "axis_rc": [0.98758, 0.07121, 0.00098, -0.00044, -0.0, 0.0], "axis_zs": [0.0, -0.01992, 0.00025, 0.00012, -1e-05, -0.0], "max_abs_Zaxis": 0.020000000453851283, "min_dpc": 0.1265549980112115, "min_dcc": 0.03999999443779774, "max_kappa": 11.881118410829858, "Lcoil": [3.375, 3.375, 3.375, 3.375], "I_over_uniform": [1.275, 1.025, 1.475, 0.225], "n_active_bounds": 11, "L_total": 13.499204429946303, "coil_R_max": 1.6893905833917968, "coil_absz_max": 0.5809603206517118, "mean_kappa2": 0.10352990423999947, "cost_reg": 0.0, "cost_field": 2.565610623246173e-06, "time_s": 519, "status": "Maximum number of iterations has been exceeded.", "nit": 400, "optimality": 2.023830182950742e-07}
