ERROR:2026-10-09 19:15:38,851:jax._src.xla_bridge:487: Jax plugin configuration error: Exception when calling jax_plugins.xla_cuda12.initialize()
Traceback (most recent call last):
  File "/home/jay/miniconda3/envs/desc-dev/lib/python3.13/site-packages/jax/_src/xla_bridge.py", line 485, in discover_pjrt_plugins
    plugin_module.initialize()
    ~~~~~~~~~~~~~~~~~~~~~~~~^^
  File "/home/jay/miniconda3/envs/desc-dev/lib/python3.13/site-packages/jax_plugins/xla_cuda12/__init__.py", line 328, in initialize
    _check_cuda_versions(raise_on_first_error=True)
    ~~~~~~~~~~~~~~~~~~~~^^^^^^^^^^^^^^^^^^^^^^^^^^^
  File "/home/jay/miniconda3/envs/desc-dev/lib/python3.13/site-packages/jax_plugins/xla_cuda12/__init__.py", line 285, in _check_cuda_versions
    local_device_count = cuda_versions.cuda_device_count()
RuntimeError: jaxlib/cuda/versions_helpers.cc:113: operation cuInit(0) failed: CUDA_ERROR_NO_DEVICE
DESC /home/jay/Documents/desc_dev/DESC/desc
DEVICE requested=cpu obtained=cpu (1x cpu)
nfp 3 nc 4 mode z0 helicity 0.0 nparams 81 order 2 seed -1
{"tag": "init", "cost": 0.04008643377340762, "cost_targets": 0.040086433180897316, "cost_bounds": 5.925103037135686e-10, "max_dB": 0.00047964932832533227, "max_dG_rel": 0.0034600908472940096, "iota": 0.39984571082614545, "eta": 0.7047801744271888, "hel": 0.0, "max_elong": 5.000008024964917, "axis_rc": [0.98395, 0.07823, 0.00237, -0.00069, -7e-05, 1e-05], "axis_zs": [0.0, -0.01975, 0.00036, 0.00029, -0.0, -1e-05], "max_abs_Zaxis": 0.020000028323813406, "min_dpc": 0.12655473461644542, "min_dcc": 0.03999999158984515, "max_kappa": 11.881120471704392, "Lcoil": [2.655, 2.486, 3.074, 2.056], "I_over_uniform": [1.139, 0.692, 1.701, 0.463], "n_active_bounds": 21, "L_total": 10.270271517544153, "coil_R_max": 1.5468130185212312, "coil_absz_max": 0.46056746768562956, "mean_kappa2": 0.07984157718311645, "cost_reg": 0.0012889138341119178, "cost_field": 0.038797519346785395, "B2c": 0.0, "B20_residual": 1.405837622268508, "max_dGG_rel": 0.9795216910896537}
   Iteration     Total nfev        Cost      Cost reduction    Step norm     Optimality   
       0              1          4.009e-02                                    1.250e-01   
       1              2          2.586e-02      1.422e-02      1.154e+00      3.458e-03   
       2              3          2.521e-02      6.555e-04      1.185e+00      6.826e-04   
       3              4          2.453e-02      6.729e-04      2.321e+00      7.854e-04   
       4              5          2.324e-02      1.290e-03      5.760e+00      8.585e-04   
       5              6          2.081e-02      2.429e-03      1.351e+01      1.120e-03   
       6              7          1.774e-02      3.072e-03      2.441e+01      2.751e-04   
       7              8          1.470e-02      3.045e-03      3.937e+01      1.092e-03   
       8             14          1.466e-02      3.303e-05      9.213e-02      1.422e-04   
       9             15          1.466e-02      1.947e-06      9.079e-03      9.063e-05   
      10             16          1.466e-02      2.242e-06      1.664e-02      4.756e-05   
      11             17          1.466e-02      3.599e-06      3.911e-02      4.021e-05   
      12             18          1.465e-02      8.819e-06      1.086e-01      3.951e-05   
      13             19          1.463e-02      2.192e-05      2.909e-01      3.505e-05   
      14             20          1.459e-02      3.900e-05      7.263e-01      2.527e-04   
      15             21          1.451e-02      7.840e-05      1.266e+00      3.286e-05   
      16             22          1.431e-02      2.028e-04      3.640e+00      7.415e-05   
      17             23          1.430e-02      4.821e-06      8.581e-02      1.718e-05   
      18             24          1.306e-02      1.244e-03      2.653e+01      3.511e-04   
      19             25          1.184e-02      1.222e-03      4.047e+01      1.064e-03   
      20             27          1.126e-02      5.779e-04      3.321e+01      3.453e-04   
      21             28          1.070e-02      5.616e-04      6.493e+01      2.126e-03   
      22             31          1.042e-02      2.744e-04      8.313e+00      2.882e-04   
      23             33          1.033e-02      9.212e-05      1.174e+01      9.624e-04   
      24             34          1.030e-02      2.779e-05      2.009e+01      3.261e-03   
      25             35          1.007e-02      2.356e-04      1.434e+01      1.258e-03   
      26             37          9.950e-03      1.156e-04      1.541e+01      1.121e-03   
      27             38          9.841e-03      1.097e-04      2.310e+01      2.058e-03   
      28             39          9.687e-03      1.533e-04      2.217e+01      1.861e-03   
      29             40          9.575e-03      1.120e-04      2.345e+01      2.233e-03   
      30             41          9.403e-03      1.726e-04      2.265e+01      1.617e-03   
      31             42          9.225e-03      1.775e-04      2.441e+01      5.860e-04   
      32             43          9.109e-03      1.157e-04      6.446e+01      2.721e-03   
      33             44          8.857e-03      2.525e-04      4.072e+01      1.116e-03   
      34             46          8.812e-03      4.450e-05      3.337e+01      2.689e-03   
      35             47          8.501e-03      3.112e-04      2.447e+01      1.999e-04   
      36             48          8.411e-03      9.024e-05      6.490e+01      2.548e-03   
      37             49          8.193e-03      2.178e-04      5.816e+01      2.651e-03   
      38             50          7.784e-03      4.090e-04      5.069e+01      3.151e-04   
      39             52          7.598e-03      1.857e-04      6.702e+01      4.493e-04   
      40             53          7.382e-03      2.161e-04      8.174e+01      8.521e-04   
      41             55          7.229e-03      1.529e-04      5.255e+01      1.834e-04   
      42             56          7.155e-03      7.415e-05      9.701e+01      9.678e-04   
      43             57          7.025e-03      1.304e-04      7.814e+01      1.104e-04   
      44             59          6.981e-03      4.391e-05      5.814e+01      1.890e-04   
      45             60          6.969e-03      1.191e-05      1.307e-01      1.268e-04   
      46             63          6.925e-03      4.430e-05      1.286e+01      1.776e-05   
      47             64          6.912e-03      1.324e-05      1.017e+01      3.004e-05   
      48             65          6.887e-03      2.496e-05      2.987e+01      2.818e-05   
      49             66          6.797e-03      8.933e-05      9.815e+01      1.391e-04   
      50             67          6.792e-03      5.406e-06      5.005e-02      3.729e-05   
      51             70          6.643e-03      1.493e-04      1.084e+02      2.017e-04   
      52             72          6.616e-03      2.644e-05      1.184e+02      9.107e-04   
      53             79          6.572e-03      4.389e-05      1.435e-01      5.977e-04   
      54             80          6.555e-03      1.698e-05      2.088e-02      2.793e-04   
      55             81          6.547e-03      8.102e-06      2.292e-02      9.334e-05   
      56             82          6.542e-03      4.793e-06      3.572e-02      5.330e-05   
      57             83          6.536e-03      6.138e-06      7.924e-02      6.884e-05   
      58             84          6.528e-03      8.515e-06      1.148e-01      4.278e-05   
      59             85          6.515e-03      1.252e-05      2.318e-01      3.065e-05   
      60             86          6.506e-03      9.582e-06      2.950e-01      1.380e-05   
      61             87          6.502e-03      3.233e-06      3.468e-01      3.552e-06   
      62             88          6.498e-03      3.916e-06      6.686e-01      3.207e-06   
      63             93          6.498e-03      1.947e-09      1.799e-03      1.304e-05   
      64             94          6.498e-03      1.189e-08      1.593e-03      1.984e-06   
      65             95          6.498e-03      1.831e-08      4.457e-03      1.978e-06   
      66             96          6.498e-03      5.310e-08      1.314e-02      1.960e-06   
      67             97          6.498e-03      1.502e-07      3.813e-02      1.908e-06   
      68             98          6.498e-03      3.989e-07      1.067e-01      1.776e-06   
      69             99          6.497e-03      8.867e-07      2.707e-01      1.506e-06   
      70             102         6.497e-03      1.355e-07      9.753e-02      9.416e-05   
      71             103         6.496e-03      4.310e-07      9.467e-02      1.347e-06   
      72             104         6.496e-03      7.416e-07      2.681e-01      1.196e-06   
      73             105         6.494e-03      1.898e-06      7.387e-01      2.482e-06   
      74             107         6.491e-03      2.320e-06      1.049e+00      7.427e-05   
      75             108         6.486e-03      5.771e-06      2.453e+00      1.812e-05   
      76             109         6.471e-03      1.423e-05      6.837e+00      9.350e-05   
      77             110         6.435e-03      3.641e-05      1.907e+01      1.971e-04   
      78             111         6.433e-03      1.562e-06      3.884e-02      3.183e-05   
      79             112         6.405e-03      2.826e-05      2.822e+01      7.775e-04   
      80             113         6.353e-03      5.265e-05      2.483e+01      2.384e-05   
      81             114         6.297e-03      5.559e-05      6.474e+01      5.249e-04   
      82             115         6.207e-03      8.944e-05      8.716e+01      1.593e-04   
      83             118         6.178e-03      2.939e-05      3.137e+01      9.418e-05   
      84             119         6.118e-03      6.003e-05      8.081e+01      1.755e-04   
      85             122         6.081e-03      3.704e-05      3.083e+01      2.931e-05   
      86             125         6.077e-03      3.652e-06      1.620e+01      8.558e-04   
      87             126         6.052e-03      2.538e-05      1.278e+01      7.223e-04   
      88             127         6.030e-03      2.204e-05      1.075e+01      4.812e-04   
      89             128         6.021e-03      9.379e-06      1.006e+01      4.411e-04   
      90             129         6.010e-03      1.020e-05      9.384e+00      2.587e-04   
      91             130         6.001e-03      9.852e-06      1.267e+01      1.666e-05   
      92             132         5.991e-03      9.212e-06      1.765e+01      1.164e-04   
      93             134         5.982e-03      9.474e-06      1.691e+01      9.271e-05   
      94             135         5.960e-03      2.165e-05      4.289e+01      2.649e-05   
      95             137         5.942e-03      1.777e-05      5.148e+01      4.181e-04   
      96             138         5.931e-03      1.142e-05      4.162e+01      4.995e-04   
      97             139         5.911e-03      1.974e-05      4.032e+01      1.925e-04   
      98             141         5.903e-03      8.134e-06      6.056e+01      5.145e-04   
      99             142         5.879e-03      2.398e-05      5.853e+01      4.309e-04   
      100            146         5.869e-03      9.953e-06      1.837e+00      9.637e-07   
      101            147         5.867e-03      2.083e-06      5.007e+00      3.852e-06   
      102            150         5.866e-03      7.667e-07      1.888e+00      7.769e-07   
      103            151         5.866e-03      4.091e-08      1.002e-01      2.428e-07   
      104            152         5.866e-03      4.191e-07      1.101e+00      5.243e-07   
      105            156         5.866e-03      3.257e-07      8.034e-01      6.169e-07   
      106            158         5.865e-03      4.853e-07      1.201e+00      7.538e-07   
      107            159         5.865e-03      2.038e-10      3.180e-04      2.388e-07   
      108            162         5.865e-03      2.587e-08      1.205e+00      1.226e-04   
      109            163         5.865e-03      4.152e-07      6.757e-03      2.559e-05   
      110            164         5.865e-03      1.067e-07      6.382e-01      6.786e-05   
      111            165         5.865e-03      2.768e-09      3.555e-02      3.559e-05   
      112            166         5.864e-03      2.284e-07      3.139e-01      1.526e-05   
      113            168         5.864e-03      1.208e-07      4.593e-01      3.378e-05   
      114            169         5.864e-03      3.793e-08      2.384e-02      7.073e-07   
      115            170         5.864e-03      1.021e-07      5.666e-01      5.085e-05   
      116            171         5.864e-03      1.886e-07      5.563e-01      4.464e-05   
      117            172         5.864e-03      1.688e-07      6.328e-01      5.220e-05   
      118            173         5.863e-03      2.042e-07      6.469e-01      4.764e-05   
      119            174         5.863e-03      1.996e-07      7.239e-01      5.096e-05   
      120            175         5.863e-03      2.283e-07      7.747e-01      4.797e-05   
      121            176         5.863e-03      2.396e-07      8.970e-01      5.130e-05   
      122            177         5.863e-03      2.817e-07      1.009e+00      4.918e-05   
      123            178         5.862e-03      3.185e-07      1.247e+00      5.428e-05   
      124            179         5.862e-03      3.580e-07      1.426e+00      5.451e-05   
      125            180         5.861e-03      4.488e-07      1.789e+00      5.170e-05   
      126            181         5.861e-03      6.122e-07      2.658e+00      6.047e-05   
      127            182         5.860e-03      9.657e-07      3.944e+00      5.009e-05   
      128            183         5.858e-03      2.182e-06      1.024e+01      8.316e-05   
      129            184         5.853e-03      4.214e-06      2.039e+01      3.127e-05   
      130            185         5.853e-03      4.950e-07      3.049e+01      1.684e-04   
      131            186         5.853e-03      3.484e-07      3.063e+00      1.007e-04   
      132            190         5.850e-03      2.308e-06      1.408e+00      1.603e-06   
      133            193         5.850e-03      2.643e-07      4.289e-01      1.900e-06   
      134            196         5.850e-03      9.025e-08      1.578e-01      8.620e-07   
      135            197         5.850e-03      1.171e-07      4.241e-01      4.312e-05   
      136            202         5.850e-03      6.825e-08      4.532e-02      6.784e-06   
      137            203         5.850e-03      8.061e-09      1.430e-03      2.513e-06   
      138            204         5.850e-03      7.008e-09      2.709e-03      1.498e-06   
      139            205         5.850e-03      8.491e-09      5.104e-03      9.132e-07   
      140            206         5.850e-03      1.197e-08      1.090e-02      5.321e-07   
      141            207         5.850e-03      1.254e-08      1.952e-02      2.513e-07   
      142            208         5.850e-03      2.778e-08      5.081e-02      1.012e-06   
      143            209         5.850e-03      6.002e-08      1.340e-01      8.029e-07   
      144            210         5.849e-03      1.557e-07      3.724e-01      1.855e-06   
      145            211         5.849e-03      9.972e-12      2.933e-05      1.855e-06   
      146            212         5.849e-03      2.162e-07      7.001e-01      1.302e-06   
      147            213         5.849e-03      1.195e-07      1.161e+00      1.566e-05   
      148            214         5.849e-03      1.168e-07      1.486e+00      4.358e-06   
      149            215         5.849e-03      1.827e-07      3.315e+00      8.857e-06   
      150            218         5.849e-03      5.467e-08      1.147e+00      1.758e-05   
      151            219         5.849e-03      2.162e-09      2.353e-03      1.425e-05   
      152            220         5.849e-03      1.310e-07      3.947e+00      2.580e-05   
      153            223         5.849e-03      4.011e-08      6.559e-01      2.705e-05   
      154            224         5.849e-03      1.999e-08      7.832e-03      3.476e-06   
      155            225         5.849e-03      2.321e-08      6.000e-01      8.889e-07   
      156            226         5.848e-03      5.134e-08      1.589e+00      1.749e-06   
      157            227         5.848e-03      8.670e-08      3.510e+00      4.664e-06   
      158            228         5.848e-03      1.100e-08      1.694e-02      8.301e-07   
      159            229         5.848e-03      7.854e-08      5.673e+00      6.166e-06   
      160            237         5.848e-03      6.991e-10      3.840e-05      4.642e-06   
      161            238         5.848e-03      1.529e-09      1.059e-04      4.077e-06   
      162            239         5.848e-03      1.930e-09      1.968e-04      2.958e-06   
      163            240         5.848e-03      1.546e-09      2.839e-04      1.477e-06   
      164            241         5.848e-03      1.088e-09      4.250e-04      9.182e-07   
      165            242         5.848e-03      1.342e-09      9.272e-04      9.178e-07   
      166            243         5.848e-03      2.649e-09      2.087e-03      6.822e-07   
      167            248         5.848e-03      5.512e-12      6.109e-06      4.409e-07   
      168            249         5.848e-03      6.545e-12      8.584e-06      2.794e-07   
      169            250         5.848e-03      1.674e-11      2.414e-05      2.748e-07   
      170            251         5.848e-03      4.798e-11      7.119e-05      2.938e-07   
      171            252         5.848e-03      1.383e-10      2.088e-04      2.957e-07   
      172            253         5.848e-03      3.834e-10      5.993e-04      2.940e-07   
      173            254         5.848e-03      1.010e-09      1.676e-03      2.901e-07   
      174            255         5.848e-03      2.475e-09      4.517e-03      2.829e-07   
      175            256         5.848e-03      2.620e-09      1.292e-02      8.625e-06   
      176            257         5.848e-03      7.458e-09      7.694e-03      1.548e-07   
      177            258         5.848e-03      1.504e-09      8.543e-03      5.007e-08   
      178            259         5.848e-03      9.969e-10      1.380e-02      3.454e-08   
      179            260         5.848e-03      1.707e-09      3.300e-02      1.809e-07   
      180            261         5.848e-03      3.303e-09      7.899e-02      7.270e-07   
      181            262         5.848e-03      5.899e-09      1.825e-01      9.874e-07   
      182            263         5.848e-03      8.323e-09      3.819e-01      5.447e-06   
      183            266         5.848e-03      3.015e-09      8.196e-02      9.434e-07   
      184            267         5.848e-03      3.899e-09      1.732e-01      7.401e-07   
      185            268         5.848e-03      8.788e-09      4.440e-01      8.378e-07   
      186            269         5.848e-03      1.851e-08      1.076e+00      1.672e-06   
      187            270         5.848e-03      3.346e-08      2.325e+00      3.144e-06   
      188            272         5.848e-03      6.055e-09      2.671e+00      3.592e-05   
      189            273         5.848e-03      5.106e-08      1.393e-02      1.804e-06   
      190            277         5.848e-03      6.210e-09      1.249e-01      2.188e-06   
      191            278         5.848e-03      7.327e-09      2.881e-01      4.456e-06   
      192            279         5.848e-03      8.042e-10      1.092e-03      9.842e-07   
      193            280         5.848e-03      1.300e-08      5.479e-01      1.010e-06   
      194            281         5.848e-03      2.745e-08      1.291e+00      1.827e-06   
      195            282         5.848e-03      4.489e-08      3.020e+00      6.975e-06   
      196            286         5.848e-03      1.379e-08      1.730e-01      2.845e-06   
      197            287         5.848e-03      1.921e-09      3.924e-01      1.412e-05   
      198            288         5.848e-03      1.036e-08      3.510e-01      6.873e-06   
      199            289         5.848e-03      3.624e-09      1.518e-01      1.577e-06   
      200            290         5.848e-03      1.033e-08      5.843e-01      1.032e-06   
      201            291         5.848e-03      6.574e-09      7.372e-01      1.804e-06   
      202            294         5.848e-03      8.323e-10      1.166e-01      2.108e-06   
      203            295         5.848e-03      4.902e-10      8.798e-02      2.445e-07   
      204            296         5.848e-03      5.068e-10      1.790e-01      1.520e-07   
      205            297         5.848e-03      2.973e-10      2.150e-01      1.872e-07   
      206            300         5.848e-03      2.682e-11      5.967e-02      4.641e-07   
      207            301         5.848e-03      6.215e-12      3.815e-05      7.541e-08   
      208            304         5.848e-03      1.815e-11      1.274e-02      6.775e-08   
      209            305         5.848e-03      5.523e-12      6.660e-03      1.739e-08   
      210            306         5.848e-03      8.910e-12      1.495e-02      2.060e-08   
      211            307         5.848e-03      1.321e-11      3.084e-02      1.282e-08   
      212            308         5.848e-03      1.035e-11      4.260e-02      2.325e-08   
      213            309         5.848e-03      2.060e-12      3.449e-02      3.031e-08   
      214            310         5.848e-03      9.983e-13      1.094e-02      4.493e-09   
`gtol` condition satisfied. (gtol=1.00e-08)
         Current function value: 5.848e-03
         Max scaled gradient: 4.493e-09
         Total delta_x: 2.174e+00
         Iterations: 214
         Function evaluations: 310
         Jacobian evaluations: 215
{"tag": "final", "cost": 0.0058479775039512434, "cost_targets": 0.005847100985270543, "cost_bounds": 8.765186807010286e-07, "max_dB": 0.001663126444819279, "max_dG_rel": 0.009559492750161517, "iota": 0.3948093105352033, "eta": 0.713971014546963, "hel": 0.0, "max_elong": 5.000257895860598, "axis_rc": [0.99097, 0.07265, 0.00328, -0.00014, -5e-05, -0.0], "axis_zs": [0.0, -0.0194, 0.00158, 0.00041, 4e-05, 0.0], "max_abs_Zaxis": 0.02000119214446193, "min_dpc": 0.1265476679175463, "min_dcc": 0.03999995004243143, "max_kappa": 11.881129184644049, "Lcoil": [2.886, 2.747, 3.375, 2.696], "I_over_uniform": [1.088, 0.778, 1.468, 0.684], "n_active_bounds": 28, "L_total": 11.703968053573817, "coil_R_max": 1.5274994766260699, "coil_absz_max": 0.4851958142460833, "mean_kappa2": 0.12158785560160035, "cost_reg": 0.0016672989143458842, "cost_field": 0.004179802070924659, "B2c": 1.8532133177337324, "B20_residual": 0.7671471701827741, "max_dGG_rel": 0.839374539823336, "time_s": 558, "status": "`gtol` condition satisfied. (gtol=1.00e-08)", "nit": 214, "optimality": 4.492995904905889e-09}
