ERROR:2026-10-09 19:15:03,225:jax._src.xla_bridge:487: Jax plugin configuration error: Exception when calling jax_plugins.xla_cuda12.initialize()
Traceback (most recent call last):
  File "/home/jay/miniconda3/envs/desc-dev/lib/python3.13/site-packages/jax/_src/xla_bridge.py", line 485, in discover_pjrt_plugins
    plugin_module.initialize()
    ~~~~~~~~~~~~~~~~~~~~~~~~^^
  File "/home/jay/miniconda3/envs/desc-dev/lib/python3.13/site-packages/jax_plugins/xla_cuda12/__init__.py", line 328, in initialize
    _check_cuda_versions(raise_on_first_error=True)
    ~~~~~~~~~~~~~~~~~~~~^^^^^^^^^^^^^^^^^^^^^^^^^^^
  File "/home/jay/miniconda3/envs/desc-dev/lib/python3.13/site-packages/jax_plugins/xla_cuda12/__init__.py", line 285, in _check_cuda_versions
    local_device_count = cuda_versions.cuda_device_count()
RuntimeError: jaxlib/cuda/versions_helpers.cc:113: operation cuInit(0) failed: CUDA_ERROR_NO_DEVICE
DESC /home/jay/Documents/desc_dev/DESC/desc
DEVICE requested=cpu obtained=cpu (1x cpu)
nfp 2 nc 4 mode z0 helicity 0.0 nparams 81 order 2 seed -1
{"tag": "init", "cost": 0.037955703741815054, "cost_targets": 0.037954260891459965, "cost_bounds": 1.4428503550803095e-06, "max_dB": 0.004810469423012902, "max_dG_rel": 0.018155376287622767, "iota": 0.41867998092931075, "eta": 0.6224609361769856, "hel": 0.0, "max_elong": 5.000035849023186, "axis_rc": [0.96233, 0.16253, 0.00322, -0.00164, -0.00011, 2e-05], "axis_zs": [0.0, -0.03584, 0.00813, 0.00168, -0.00012, -5e-05], "max_abs_Zaxis": 0.040000375641189155, "min_dpc": 0.1477933874178248, "min_dcc": 0.03999717145955005, "max_kappa": 10.173679130168008, "Lcoil": [3.941, 3.847, 3.942, 3.941], "I_over_uniform": [1.155, 0.952, 1.097, 0.762], "n_active_bounds": 20, "L_total": 15.671358765811075, "coil_R_max": 1.887805279777335, "coil_absz_max": 0.60710215291806, "mean_kappa2": 0.08001683606318144, "cost_reg": 0.0020849408469930473, "cost_field": 0.03586932004446692, "B2c": 3.0804810568313004, "B20_residual": 1.1111683081801274, "max_dGG_rel": 0.8385330043454352}
   Iteration     Total nfev        Cost      Cost reduction    Step norm     Optimality   
       0              1          3.796e-02                                    9.550e-03   
       1              2          3.680e-02      1.153e-03      6.279e-01      3.684e-04   
       2              3          3.656e-02      2.387e-04      6.449e-01      1.554e-04   
       3              4          3.643e-02      1.291e-04      9.569e-01      4.281e-05   
       4              5          3.624e-02      1.995e-04      2.225e+00      8.102e-05   
       5              6          3.582e-02      4.106e-04      5.646e+00      4.373e-04   
       6              7          3.581e-02      1.398e-05      9.471e-02      4.925e-05   
       7              8          3.506e-02      7.476e-04      1.373e+01      1.115e-03   
       8              9          3.406e-02      1.003e-03      2.037e+01      2.058e-04   
       9             10          3.304e-02      1.016e-03      3.837e+01      1.590e-03   
      10             12          3.255e-02      4.912e-04      1.885e+01      2.094e-03   
      11             15          3.237e-02      1.869e-04      2.906e+00      3.688e-04   
      12             17          3.230e-02      6.790e-05      4.034e+00      5.211e-04   
      13             18          3.224e-02      5.626e-05      5.454e+00      9.965e-04   
      14             19          3.219e-02      5.558e-05      5.613e-01      7.771e-05   
      15             20          3.213e-02      5.205e-05      4.735e+00      7.247e-04   
      16             21          3.206e-02      7.723e-05      4.592e+00      7.297e-04   
      17             22          3.199e-02      6.979e-05      5.648e+00      9.356e-04   
      18             23          3.191e-02      8.065e-05      5.706e+00      7.981e-04   
      19             24          3.182e-02      8.534e-05      6.865e+00      6.883e-04   
      20             25          3.173e-02      8.628e-05      9.693e+00      1.094e-03   
      21             26          3.162e-02      1.179e-04      9.665e+00      2.728e-04   
      22             27          3.146e-02      1.563e-04      2.318e+01      8.316e-04   
      23             28          3.129e-02      1.709e-04      2.556e+01      1.381e-04   
      24             31          3.122e-02      6.756e-05      9.817e+00      5.585e-05   
      25             34          3.120e-02      2.561e-05      4.085e+00      3.278e-04   
      26             36          3.118e-02      2.117e-05      2.747e+00      2.101e-04   
      27             37          3.117e-02      4.026e-07      5.056e+00      9.908e-04   
      28             41          3.115e-02      2.755e-05      9.613e-01      5.065e-05   
      29             42          3.115e-02      1.054e-06      4.879e-02      6.240e-06   
      30             43          3.114e-02      1.289e-06      1.101e-01      5.045e-06   
      31             44          3.114e-02      2.142e-06      2.411e-01      3.831e-06   
      32             45          3.114e-02      4.128e-06      6.087e-01      1.562e-05   
      33             46          3.113e-02      7.384e-06      1.333e+00      1.205e-05   
      34             49          3.113e-02      1.025e-06      4.562e-01      1.543e-04   
      35             50          3.113e-02      3.159e-06      4.733e-01      1.600e-06   
      36             51          3.112e-02      6.052e-06      1.381e+00      5.577e-06   
      37             52          3.110e-02      1.637e-05      3.906e+00      4.482e-05   
      38             53          3.107e-02      3.918e-05      1.046e+01      2.243e-04   
      39             54          3.107e-02      2.955e-07      2.528e-02      7.621e-05   
      40             56          3.103e-02      3.684e-05      1.146e+01      3.964e-04   
      41             62          3.102e-02      3.276e-06      2.841e-02      2.159e-04   
      42             63          3.102e-02      8.264e-07      6.838e-03      2.264e-05   
      43             64          3.102e-02      9.669e-08      5.452e-03      3.748e-06   
      44             65          3.102e-02      9.222e-08      1.128e-02      2.583e-06   
      45             66          3.102e-02      1.042e-07      1.969e-02      1.772e-06   
      46             67          3.102e-02      1.777e-07      4.975e-02      1.186e-06   
      47             68          3.102e-02      4.990e-07      1.464e-01      1.180e-06   
      48             69          3.102e-02      1.475e-06      4.361e-01      1.241e-06   
      49             70          3.102e-02      4.341e-06      1.295e+00      4.870e-06   
      50             71          3.102e-02      3.792e-08      1.097e-02      1.160e-06   
      51             72          3.098e-02      3.469e-05      1.090e+01      4.954e-05   
      52             73          3.091e-02      7.367e-05      2.673e+01      2.235e-04   
      53             76          3.088e-02      2.551e-05      9.355e+00      2.841e-05   
      54             77          3.088e-02      5.299e-08      2.161e-03      6.833e-06   
      55             78          3.081e-02      7.418e-05      4.128e+01      2.834e-04   
      56             79          3.079e-02      2.212e-05      4.951e+01      1.850e-04   
      57             83          3.074e-02      4.611e-05      3.802e+00      1.420e-05   
      58             84          3.073e-02      1.537e-05      6.847e+00      1.482e-05   
      59             85          3.072e-02      6.625e-06      3.361e+00      1.317e-05   
      60             86          3.071e-02      1.044e-05      8.494e+00      4.980e-05   
      61             87          3.069e-02      1.409e-05      1.457e+01      2.794e-04   
      62             88          3.069e-02      5.605e-06      1.445e+01      3.447e-05   
      63             91          3.068e-02      9.374e-06      5.373e+00      1.003e-05   
      64             92          3.068e-02      2.078e-06      1.699e+00      9.680e-06   
      65             93          3.067e-02      2.821e-06      4.097e+00      1.884e-05   
      66             94          3.067e-02      6.507e-06      1.104e+01      3.405e-05   
      67             97          3.067e-02      1.404e-06      5.127e+00      1.516e-05   
      68             98          3.067e-02      5.628e-07      2.362e-01      4.822e-06   
      69             101         3.066e-02      1.986e-06      2.321e+00      5.165e-06   
      70             102         3.066e-02      3.656e-09      1.535e-03      1.657e-06   
      71             103         3.066e-02      9.773e-07      1.406e+00      4.796e-06   
      72             104         3.066e-02      2.576e-06      3.945e+00      1.300e-05   
      73             105         3.065e-02      7.047e-06      1.103e+01      3.677e-05   
      74             106         3.064e-02      1.389e-05      2.947e+01      8.740e-05   
      75             110         3.063e-02      5.819e-06      2.682e+00      5.075e-06   
      76             111         3.063e-02      1.486e-06      1.511e+00      4.524e-06   
      77             112         3.063e-02      1.405e-06      1.702e+00      5.571e-06   
      78             113         3.063e-02      3.656e-06      4.743e+00      1.798e-05   
      79             114         3.062e-02      6.030e-06      7.811e+00      2.231e-05   
      80             115         3.062e-02      3.933e-08      1.769e-02      2.646e-06   
      81             118         3.062e-02      6.038e-06      1.669e+01      4.917e-05   
      82             121         3.061e-02      5.883e-06      6.635e+00      1.267e-05   
      83             122         3.061e-02      1.855e-06      1.975e-01      7.642e-06   
      84             123         3.060e-02      2.759e-06      4.040e+00      1.094e-05   
      85             124         3.060e-02      4.581e-08      1.110e-02      3.704e-06   
      86             125         3.060e-02      2.287e-06      7.692e+00      2.337e-05   
      87             126         3.060e-02      2.600e-08      2.323e-03      6.945e-06   
      88             129         3.060e-02      4.475e-06      5.028e+00      8.619e-06   
      89             130         3.060e-02      3.583e-07      4.903e-02      1.205e-05   
      90             131         3.060e-02      1.618e-06      7.995e+00      1.540e-04   
      91             132         3.059e-02      1.429e-06      6.795e-02      8.101e-06   
      92             134         3.059e-02      2.975e-06      6.336e+00      1.030e-05   
      93             135         3.059e-02      9.385e-07      8.998e-02      4.624e-06   
      94             136         3.059e-02      3.230e-06      5.272e+00      2.275e-05   
      95             137         3.059e-02      4.801e-07      8.383e-02      1.678e-06   
      96             139         3.059e-02      1.565e-06      6.818e+00      1.377e-05   
      97             140         3.058e-02      8.965e-07      1.232e-01      8.756e-06   
      98             142         3.058e-02      2.968e-06      6.172e+00      1.427e-05   
      99             143         3.058e-02      9.043e-07      9.204e-02      5.627e-06   
      100            145         3.058e-02      3.200e-06      5.016e+00      2.238e-05   
      101            146         3.057e-02      3.898e-06      3.214e+00      1.099e-05   
      102            147         3.057e-02      2.332e-08      1.604e-02      1.222e-06   
      103            148         3.057e-02      6.527e-06      7.790e+00      2.114e-05   
      104            149         3.057e-02      7.463e-08      4.272e-02      2.006e-06   
      105            152         3.056e-02      2.819e-06      3.242e+00      7.883e-06   
      106            153         3.056e-02      2.834e-06      2.880e+00      4.898e-06   
      107            154         3.055e-02      7.771e-06      8.477e+00      2.383e-05   
      108            155         3.055e-02      7.194e-07      6.515e-01      5.068e-06   
      109            157         3.054e-02      1.102e-05      3.549e+01      8.813e-05   
      110            158         3.054e-02      1.326e-06      3.934e-02      3.425e-05   
      111            162         3.052e-02      1.674e-05      3.314e+00      3.312e-06   
      112            163         3.052e-02      5.870e-06      2.921e+00      5.256e-06   
      113            164         3.052e-02      8.688e-08      3.468e-02      3.455e-06   
      114            165         3.051e-02      4.837e-06      5.403e+00      1.230e-05   
      115            166         3.051e-02      4.831e-06      3.880e+00      1.627e-05   
      116            167         3.049e-02      1.331e-05      1.245e+01      1.284e-04   
      117            168         3.049e-02      4.120e-07      1.239e-01      5.799e-05   
      118            172         3.049e-02      2.363e-06      1.957e+00      1.374e-05   
      119            173         3.049e-02      6.432e-06      5.724e+00      5.079e-05   
      120            174         3.047e-02      1.841e-05      1.626e+01      3.006e-05   
      121            177         3.046e-02      6.912e-06      6.647e+00      1.634e-04   
      122            178         3.045e-02      1.334e-05      1.073e+01      3.268e-05   
      123            181         3.044e-02      4.872e-06      4.519e+00      1.177e-04   
      124            182         3.043e-02      7.176e-06      5.652e+00      7.633e-06   
      125            183         3.042e-02      1.860e-05      1.573e+01      9.468e-05   
      126            187         3.042e-02      1.276e-07      1.140e+00      1.471e-05   
      127            188         3.041e-02      2.165e-06      7.186e-01      5.536e-06   
      128            189         3.041e-02      2.087e-06      1.383e+00      4.670e-06   
      129            190         3.041e-02      5.615e-08      4.267e-02      4.079e-06   
      130            191         3.040e-02      1.270e-05      1.103e+01      2.003e-04   
      131            192         3.039e-02      1.367e-05      2.407e+01      6.055e-04   
      132            193         3.037e-02      1.417e-05      8.520e-02      1.181e-04   
      133            197         3.037e-02      3.410e-06      6.621e-01      1.329e-05   
      134            198         3.036e-02      3.493e-06      1.691e+00      4.793e-05   
      135            199         3.036e-02      3.300e-06      2.210e+00      1.122e-04   
      136            200         3.036e-02      1.876e-06      8.933e-01      4.113e-06   
      137            201         3.036e-02      3.184e-06      2.459e+00      1.200e-04   
      138            202         3.035e-02      1.145e-06      4.667e-01      5.467e-06   
      139            203         3.035e-02      3.972e-06      3.354e+00      1.688e-04   
      140            204         3.035e-02      1.228e-06      1.616e-01      7.440e-06   
      141            205         3.034e-02      5.698e-06      3.927e+00      8.754e-05   
      142            206         3.033e-02      1.802e-05      1.152e+01      2.622e-05   
      143            207         3.028e-02      4.904e-05      3.350e+01      5.177e-05   
      144            210         3.027e-02      6.373e-06      1.459e+01      8.018e-04   
      145            211         3.024e-02      3.355e-05      1.348e+01      5.451e-04   
      146            213         3.022e-02      1.633e-05      8.848e+00      4.822e-04   
      147            214         3.020e-02      2.092e-05      8.929e+00      4.804e-05   
      148            215         3.020e-02      7.592e-07      6.187e-02      2.193e-05   
      149            217         3.020e-02      1.318e-06      1.502e+01      1.446e-04   
      150            218         3.019e-02      3.522e-06      6.479e-02      2.426e-05   
      151            221         3.017e-02      2.356e-05      5.596e+00      7.517e-06   
      152            222         3.017e-02      2.236e-08      1.435e-03      8.150e-06   
      153            223         3.016e-02      7.004e-06      3.152e+00      7.541e-06   
      154            224         3.016e-02      3.052e-09      4.549e-04      1.958e-06   
      155            225         3.014e-02      1.845e-05      9.414e+00      1.170e-05   
      156            226         3.009e-02      5.039e-05      2.754e+01      3.058e-05   
      157            229         3.008e-02      1.762e-05      1.308e+01      5.128e-05   
      158            230         3.007e-02      1.048e-05      2.497e+00      2.279e-05   
      159            232         3.005e-02      1.185e-05      1.282e+01      5.626e-05   
      160            233         3.004e-02      1.215e-05      3.108e+00      1.445e-04   
      161            234         3.003e-02      1.510e-05      1.293e+01      2.510e-05   
      162            238         3.002e-02      4.754e-06      4.597e-01      4.250e-05   
      163            239         3.002e-02      1.528e-06      3.541e-01      1.993e-06   
      164            240         3.002e-02      3.065e-06      9.226e-01      2.023e-05   
      165            241         3.001e-02      6.175e-06      2.262e+00      7.577e-05   
      166            242         3.000e-02      9.299e-06      4.159e+00      3.168e-05   
      167            243         3.000e-02      1.155e-07      2.256e-02      1.058e-05   
      168            244         2.997e-02      3.115e-05      1.514e+01      1.026e-04   
      169            250         2.997e-02      2.160e-07      6.610e-02      5.135e-06   
      170            251         2.997e-02      3.654e-08      3.230e-03      3.600e-06   
      171            252         2.997e-02      2.833e-08      5.179e-03      3.009e-06   
      172            253         2.997e-02      5.159e-08      1.216e-02      2.492e-06   
      173            254         2.997e-02      8.677e-08      2.722e-02      1.760e-06   
      174            255         2.997e-02      1.738e-07      6.841e-02      1.174e-06   
      175            256         2.997e-02      4.151e-07      1.855e-01      8.710e-07   
      176            257         2.997e-02      1.134e-06      5.408e-01      8.528e-07   
      177            258         2.997e-02      3.332e-06      1.601e+00      5.019e-06   
      178            259         2.996e-02      9.881e-06      4.849e+00      1.620e-05   
      179            260         2.993e-02      2.804e-05      1.377e+01      2.423e-05   
      180            261         2.987e-02      5.582e-05      3.937e+01      7.185e-04   
      181            262         2.986e-02      1.593e-05      1.355e-01      7.883e-05   
      182            266         2.985e-02      9.207e-06      8.742e-01      8.069e-06   
      183            267         2.984e-02      3.205e-06      2.327e+00      2.897e-04   
      184            268         2.984e-02      7.886e-06      2.309e+00      6.969e-05   
      185            269         2.982e-02      1.490e-05      6.994e+00      2.879e-04   
      186            271         2.980e-02      2.282e-05      6.583e+00      2.299e-04   
      187            274         2.979e-02      8.168e-06      1.998e+00      3.121e-04   
      188            275         2.978e-02      4.977e-06      2.040e+00      4.188e-04   
      189            276         2.978e-02      9.213e-06      1.984e+00      3.986e-04   
      190            277         2.977e-02      9.698e-06      1.952e+00      3.372e-04   
      191            278         2.976e-02      9.143e-06      2.019e+00      2.802e-04   
      192            279         2.975e-02      9.438e-06      2.073e+00      1.360e-04   
      193            280         2.974e-02      2.932e-06      5.534e+00      7.783e-04   
      194            281         2.972e-02      2.153e-05      3.780e+00      2.189e-04   
      195            282         2.972e-02      5.360e-07      8.093e+00      6.799e-04   
      196            283         2.970e-02      1.910e-05      3.409e-02      1.380e-04   
      197            284         2.968e-02      2.468e-05      1.125e+01      3.273e-05   
      198            285         2.962e-02      5.697e-05      3.085e+01      7.082e-05   
      199            286         2.954e-02      7.696e-05      6.990e+01      4.921e-04   
      200            287         2.954e-02      1.521e-06      4.565e-02      2.051e-04   
      201            290         2.950e-02      4.337e-05      1.144e+01      1.601e-05   
      202            291         2.950e-02      4.129e-06      5.782e-01      1.501e-05   
      203            292         2.948e-02      1.396e-05      1.419e+01      4.020e-05   
      204            294         2.948e-02      6.455e-06      1.138e+01      2.185e-05   
      205            295         2.947e-02      3.532e-06      1.546e-01      1.877e-05   
      206            296         2.947e-02      6.214e-06      9.999e+00      2.322e-05   
      207            297         2.947e-02      2.828e-07      9.057e-03      1.921e-05   
      208            299         2.945e-02      1.219e-05      7.063e+00      1.464e-05   
      209            300         2.945e-02      7.663e-06      4.578e+00      1.236e-05   
      210            301         2.945e-02      1.424e-08      1.272e-03      3.937e-06   
      211            302         2.944e-02      6.010e-06      4.181e+00      1.656e-05   
      212            303         2.944e-02      5.299e-09      5.404e-04      4.261e-06   
      213            304         2.943e-02      9.520e-06      6.885e+00      2.579e-05   
      214            305         2.942e-02      1.068e-05      1.561e+01      6.723e-05   
      215            308         2.941e-02      1.262e-05      4.554e+00      1.141e-05   
      216            309         2.941e-02      1.088e-07      1.574e-02      3.950e-06   
      217            310         2.940e-02      8.347e-06      6.255e+00      3.159e-05   
      218            311         2.940e-02      2.921e-08      5.126e-03      1.739e-05   
      219            312         2.939e-02      8.812e-06      9.166e+00      3.971e-05   
      220            319         2.939e-02      2.083e-09      6.292e-05      1.796e-05   
      221            320         2.939e-02      2.549e-09      1.322e-04      6.391e-06   
      222            321         2.939e-02      4.435e-09      3.207e-04      6.324e-06   
      223            322         2.939e-02      1.028e-08      8.589e-04      6.187e-06   
      224            323         2.939e-02      2.709e-08      2.440e-03      5.980e-06   
      225            324         2.939e-02      7.004e-08      6.737e-03      5.613e-06   
      226            325         2.939e-02      1.343e-07      1.565e-02      4.539e-06   
      227            329         2.939e-02      3.919e-09      7.239e-04      5.712e-06   
      228            330         2.939e-02      6.386e-09      7.416e-04      4.445e-06   
      229            331         2.939e-02      1.502e-08      2.120e-03      4.289e-06   
      230            332         2.939e-02      3.993e-08      5.926e-03      3.891e-06   
      231            333         2.939e-02      8.960e-08      1.500e-02      2.998e-06   
      232            334         2.939e-02      1.184e-07      2.837e-02      1.581e-06   
      233            335         2.939e-02      1.779e-07      6.358e-02      4.752e-06   
      234            336         2.939e-02      4.429e-07      1.810e-01      1.309e-06   
      235            337         2.939e-02      1.104e-06      4.871e-01      1.115e-06   
      236            338         2.938e-02      2.414e-06      1.216e+00      2.633e-06   
      237            339         2.938e-02      1.387e-07      7.531e-02      7.823e-07   
      238            340         2.937e-02      1.290e-05      8.482e+00      4.442e-05   
      239            341         2.937e-02      2.711e-08      4.425e-03      2.306e-05   
      240            342         2.935e-02      2.087e-05      1.678e+01      1.298e-04   
      241            345         2.934e-02      6.409e-06      5.756e+00      4.258e-05   
      242            346         2.934e-02      1.608e-07      4.691e-02      5.218e-05   
      243            347         2.934e-02      5.675e-06      4.960e+00      1.918e-05   
      244            348         2.933e-02      5.327e-06      4.577e+00      2.149e-05   
      245            349         2.933e-02      5.439e-06      4.712e+00      4.500e-05   
      246            350         2.932e-02      5.778e-06      5.382e+00      5.711e-05   
      247            351         2.932e-02      4.199e-06      6.331e+00      1.836e-04   
      248            352         2.932e-02      1.925e-06      3.308e-01      1.480e-05   
      249            353         2.931e-02      3.559e-06      7.188e+00      9.000e-05   
      250            354         2.931e-02      6.225e-07      3.495e-01      1.727e-04   
      251            356         2.931e-02      5.748e-06      4.235e+00      9.347e-05   
      252            357         2.931e-02      6.497e-07      1.688e-01      2.018e-05   
      253            358         2.930e-02      3.528e-06      3.283e+00      8.161e-05   
      254            359         2.930e-02      7.573e-07      4.411e-01      1.262e-05   
      255            361         2.930e-02      2.142e-06      2.278e+00      1.039e-04   
      256            362         2.930e-02      4.716e-07      1.108e-01      6.225e-05   
      257            363         2.930e-02      2.326e-06      2.714e+00      1.284e-04   
      258            364         2.930e-02      6.870e-07      1.193e-02      8.477e-05   
      259            365         2.929e-02      3.331e-06      2.996e+00      8.484e-05   
      260            366         2.929e-02      1.624e-06      5.347e+00      2.805e-04   
      261            367         2.928e-02      9.831e-06      4.652e+00      6.747e-05   
      262            369         2.928e-02      5.076e-06      6.782e+00      2.046e-04   
      263            370         2.927e-02      9.897e-06      6.843e+00      3.895e-05   
      264            372         2.926e-02      3.952e-06      1.031e+01      3.006e-04   
      265            373         2.926e-02      3.271e-06      2.021e-01      2.035e-04   
      266            375         2.925e-02      3.604e-06      7.035e+00      7.749e-05   
      267            377         2.925e-02      6.042e-06      4.880e+00      5.614e-05   
      268            378         2.925e-02      6.966e-07      2.112e-01      3.358e-05   
      269            379         2.925e-02      2.840e-06      2.777e+00      1.327e-05   
      270            380         2.924e-02      3.131e-06      3.001e+00      2.151e-05   
      271            383         2.924e-02      1.009e-06      1.103e+00      3.025e-05   
      272            384         2.924e-02      2.928e-06      3.166e+00      2.935e-05   
      273            385         2.924e-02      2.579e-06      7.790e+00      3.298e-04   
      274            386         2.923e-02      3.171e-06      2.471e-01      2.952e-05   
      275            389         2.923e-02      6.672e-07      8.187e-01      1.329e-04   
      276            390         2.923e-02      1.723e-06      7.342e-01      6.756e-06   
      277            391         2.923e-02      1.796e-06      2.128e+00      1.762e-05   
      278            392         2.922e-02      4.891e-06      5.961e+00      4.436e-05   
      279            393         2.922e-02      7.111e-08      7.995e-03      2.061e-05   
      280            395         2.922e-02      4.503e-06      2.197e+01      6.337e-04   
      281            396         2.921e-02      7.497e-06      2.766e-02      2.762e-04   
      282            399         2.920e-02      6.271e-06      3.496e+00      2.036e-04   
      283            401         2.920e-02      1.245e-06      2.107e+00      2.066e-04   
      284            402         2.920e-02      4.179e-06      1.887e+00      3.847e-05   
      285            403         2.919e-02      5.110e-06      5.535e+00      3.527e-05   
      286            406         2.919e-02      1.539e-06      2.225e+00      1.185e-04   
      287            407         2.919e-02      3.016e-06      2.176e+00      1.707e-05   
      288            410         2.919e-02      4.963e-07      6.556e-01      2.870e-05   
      289            411         2.919e-02      9.261e-07      1.300e+00      2.676e-05   
      290            412         2.919e-02      2.342e-06      3.551e+00      3.934e-05   
      291            414         2.918e-02      2.667e-06      5.323e+00      1.346e-04   
      292            415         2.918e-02      1.058e-08      3.127e-02      6.638e-05   
      293            416         2.918e-02      4.739e-06      4.103e+00      1.024e-04   
      294            419         2.917e-02      3.911e-06      2.264e+00      5.969e-05   
      295            421         2.917e-02      9.417e-09      3.964e+00      3.305e-04   
      296            422         2.917e-02      7.082e-06      8.689e-02      1.817e-05   
      297            424         2.916e-02      3.190e-06      2.238e+00      1.683e-04   
      298            430         2.916e-02      7.860e-07      1.394e-02      1.792e-04   
      299            431         2.916e-02      7.321e-07      2.921e-03      4.233e-05   
      300            432         2.916e-02      7.209e-08      1.511e-03      8.289e-06   
      301            433         2.916e-02      1.582e-08      1.867e-03      2.865e-06   
      302            434         2.916e-02      2.407e-08      4.197e-03      2.244e-06   
      303            435         2.916e-02      2.850e-08      6.986e-03      1.080e-06   
      304            436         2.916e-02      3.868e-08      1.661e-02      1.242e-06   
      305            437         2.916e-02      1.099e-07      4.911e-02      1.267e-06   
      306            438         2.916e-02      3.278e-07      1.467e-01      1.228e-06   
      307            439         2.916e-02      7.301e-07      3.375e-01      4.182e-06   
      308            440         2.916e-02      9.161e-07      7.318e-01      2.203e-05   
      309            441         2.916e-02      8.538e-07      2.157e+00      2.150e-04   
      310            442         2.916e-02      1.947e-06      3.267e-02      3.002e-05   
      311            443         2.916e-02      1.117e-06      2.171e+00      2.378e-04   
      312            444         2.915e-02      2.036e-06      1.333e-02      5.262e-05   
      313            445         2.915e-02      1.411e-06      2.421e+00      2.883e-04   
      314            446         2.915e-02      2.530e-06      9.855e-03      8.720e-05   
      315            447         2.915e-02      2.144e-06      2.800e+00      3.464e-04   
      316            448         2.915e-02      2.367e-06      1.027e-02      1.804e-04   
      317            449         2.914e-02      4.779e-06      3.133e+00      3.614e-04   
      318            450         2.913e-02      1.185e-05      3.734e+00      2.423e-04   
      319            451         2.910e-02      2.580e-05      8.676e+00      3.660e-05   
      320            454         2.908e-02      2.100e-05      4.978e+00      3.140e-04   
      321            457         2.907e-02      1.006e-05      1.125e+00      5.139e-05   
      322            458         2.907e-02      2.282e-06      3.215e+00      5.569e-04   
      323            459         2.906e-02      1.265e-05      1.774e+00      3.473e-05   
      324            460         2.906e-02      1.631e-06      2.595e+00      5.336e-04   
      325            461         2.904e-02      1.598e-05      1.854e+00      2.396e-04   
      326            462         2.903e-02      6.757e-06      1.606e+00      4.611e-05   
      327            463         2.903e-02      7.495e-06      4.024e+00      1.824e-05   
      328            464         2.900e-02      2.443e-05      1.283e+01      8.312e-05   
      329            465         2.900e-02      1.435e-06      2.592e+01      1.475e-03   
      330            472         2.896e-02      3.543e-05      1.272e-02      9.759e-04   
      331            473         2.894e-02      2.288e-05      1.475e-02      3.988e-04   
      332            474         2.894e-02      4.623e-06      9.083e-03      8.277e-05   
      333            475         2.894e-02      5.696e-07      6.966e-03      2.291e-05   
      334            476         2.894e-02      4.637e-07      1.370e-02      1.679e-05   
      335            477         2.894e-02      1.098e-06      3.777e-02      1.628e-05   
      336            478         2.893e-02      1.442e-06      6.534e-02      3.533e-05   
      337            479         2.893e-02      2.225e-06      1.610e-01      9.388e-06   
      338            480         2.893e-02      7.501e-07      1.313e-01      3.580e-06   
      339            481         2.893e-02      7.674e-07      2.640e-01      5.396e-06   
      340            482         2.893e-02      1.209e-06      6.191e-01      6.669e-06   
      341            483         2.893e-02      2.442e-06      1.526e+00      1.304e-05   
      342            484         2.892e-02      3.440e-06      3.207e+00      1.896e-05   
      343            485         2.892e-02      5.454e-06      5.864e+00      4.447e-05   
      344            486         2.892e-02      1.334e-06      1.375e+01      1.204e-04   
      345            489         2.891e-02      1.089e-05      4.574e+00      5.932e-06   
      346            490         2.890e-02      2.637e-07      4.696e-02      1.466e-05   
      347            491         2.890e-02      3.399e-06      4.103e+00      1.975e-05   
      348            492         2.890e-02      4.717e-06      8.016e+00      3.024e-05   
      349            493         2.890e-02      2.522e-07      1.592e-02      5.771e-06   
      350            495         2.890e-02      4.828e-07      7.734e+00      1.684e-05   
      351            496         2.889e-02      4.645e-06      7.075e+00      1.725e-05   
      352            497         2.889e-02      1.004e-07      4.050e-03      1.337e-05   
      353            499         2.889e-02      4.259e-06      5.621e+00      1.663e-05   
      354            500         2.889e-02      1.376e-08      7.176e-04      8.522e-06   
      355            501         2.888e-02      2.708e-06      4.939e+00      1.221e-05   
      356            502         2.888e-02      8.652e-09      5.395e-04      7.118e-06   
      357            504         2.888e-02      1.384e-06      4.786e+00      1.660e-05   
      358            505         2.888e-02      1.266e-08      1.393e-03      5.371e-06   
      359            508         2.888e-02      1.902e-06      1.564e+00      4.144e-06   
      360            509         2.888e-02      4.159e-07      8.976e-01      2.548e-05   
      361            510         2.888e-02      4.296e-07      7.251e-01      6.011e-06   
      362            511         2.888e-02      1.669e-10      1.612e-04      3.127e-07   
      363            512         2.888e-02      2.159e-06      4.962e+00      3.858e-05   
      364            513         2.888e-02      2.156e-06      1.169e+01      1.180e-04   
      365            514         2.888e-02      4.341e-07      4.332e-02      2.647e-05   
      366            518         2.887e-02      1.998e-06      2.101e+00      5.637e-06   
      367            519         2.887e-02      2.904e-07      6.192e-01      2.818e-06   
      368            520         2.887e-02      6.254e-07      1.591e+00      4.329e-06   
      369            521         2.887e-02      1.723e-06      4.616e+00      2.964e-05   
      370            522         2.887e-02      9.741e-08      3.094e-02      3.992e-06   
      371            523         2.887e-02      2.169e-06      2.602e+01      5.565e-04   
      372            524         2.886e-02      3.471e-06      1.157e-02      2.969e-04   
      373            528         2.886e-02      5.095e-06      1.771e+00      7.240e-06   
      374            529         2.886e-02      7.301e-07      1.899e+00      1.203e-05   
      375            530         2.886e-02      8.927e-07      1.966e+00      1.587e-05   
      376            531         2.885e-02      3.262e-06      7.988e+00      3.498e-05   
      377            533         2.884e-02      1.453e-05      1.456e+01      5.358e-05   
      378            535         2.881e-02      3.335e-05      1.409e+01      3.308e-05   
      379            537         2.878e-02      2.832e-05      8.833e+00      4.002e-05   
      380            538         2.876e-02      1.866e-05      5.830e+00      3.079e-05   
      381            540         2.874e-02      2.114e-05      8.542e+00      3.535e-05   
      382            541         2.869e-02      5.387e-05      2.262e+01      3.163e-04   
      383            548         2.868e-02      1.531e-06      4.241e-03      1.801e-04   
      384            549         2.868e-02      4.569e-07      2.093e-03      1.156e-04   
      385            550         2.868e-02      3.249e-07      2.731e-03      4.310e-05   
      386            551         2.868e-02      2.145e-07      4.444e-03      1.916e-05   
      387            552         2.868e-02      4.693e-07      1.226e-02      1.930e-05   
      388            553         2.868e-02      1.229e-06      3.399e-02      1.928e-05   
      389            554         2.868e-02      1.473e-06      5.384e-02      7.322e-06   
      390            555         2.868e-02      1.748e-06      1.199e-01      7.535e-06   
      391            556         2.867e-02      3.889e-06      3.091e-01      7.968e-06   
      392            557         2.867e-02      6.510e-07      1.841e-01      4.953e-06   
      393            558         2.867e-02      7.565e-07      4.117e-01      5.457e-06   
      394            559         2.867e-02      1.504e-06      1.046e+00      1.004e-05   
      395            560         2.867e-02      2.642e-06      2.453e+00      1.395e-05   
      396            561         2.867e-02      7.238e-08      8.943e-03      2.391e-06   
      397            562         2.866e-02      8.764e-06      1.008e+01      2.741e-05   
      398            563         2.866e-02      1.370e-07      5.335e-03      1.757e-05   
      399            564         2.864e-02      1.648e-05      2.568e+01      1.050e-04   
      400            565         2.860e-02      4.519e-05      3.787e+01      4.000e-04   
      401            567         2.851e-02      8.689e-05      3.437e+01      7.686e-04   
      402            568         2.838e-02      1.280e-04      2.326e+01      1.028e-04   
      403            569         2.838e-02      3.338e-06      7.086e-02      1.809e-05   
      404            572         2.836e-02      2.431e-05      1.019e+01      4.022e-05   
      405            573         2.835e-02      8.511e-06      1.013e+01      1.928e-05   
      406            575         2.834e-02      6.066e-06      6.630e+00      1.297e-05   
      407            576         2.834e-02      4.580e-06      4.605e+00      7.167e-06   
      408            577         2.834e-02      1.720e-07      1.956e-02      5.693e-06   
      409            578         2.833e-02      1.817e-06      9.812e+00      2.360e-05   
      410            579         2.833e-02      2.833e-08      1.741e-03      2.171e-05   
      411            581         2.833e-02      6.484e-07      7.929e+00      2.050e-05   
      412            582         2.833e-02      1.793e-08      7.117e-04      1.341e-05   
      413            583         2.833e-02      4.406e-06      6.640e+00      1.130e-05   
      414            584         2.833e-02      5.420e-09      2.794e-04      1.049e-05   
      415            586         2.833e-02      5.546e-07      7.004e+00      1.635e-05   
      416            587         2.833e-02      1.184e-08      6.256e-04      9.509e-06   
      417            590         2.832e-02      4.710e-06      2.260e+00      5.614e-06   
      418            591         2.832e-02      1.041e-07      1.313e-02      9.384e-06   
      419            592         2.832e-02      1.207e-06      3.963e+00      6.482e-06   
      420            593         2.832e-02      1.054e-08      1.127e-03      5.703e-06   
      421            594         2.832e-02      1.441e-06      3.660e+00      7.204e-06   
      422            595         2.832e-02      1.349e-06      3.463e+00      6.820e-06   
      423            596         2.832e-02      6.285e-09      4.992e-04      5.771e-06   
      424            598         2.832e-02      1.066e-06      4.676e+00      9.969e-06   
      425            599         2.832e-02      4.652e-09      3.710e-04      5.972e-06   
      426            602         2.832e-02      1.633e-06      1.843e+00      5.524e-06   
      427            603         2.832e-02      6.062e-07      1.058e+00      5.868e-06   
      428            604         2.832e-02      1.549e-08      1.928e-02      2.384e-07   
      429            605         2.831e-02      3.724e-06      8.336e+00      1.404e-05   
      430            606         2.831e-02      3.029e-08      2.818e-03      7.098e-06   
      431            607         2.831e-02      1.673e-06      1.045e+01      4.114e-05   
      432            611         2.831e-02      1.828e-06      8.995e-01      6.849e-06   
      433            612         2.831e-02      8.095e-07      1.280e+00      6.347e-06   
      434            613         2.831e-02      2.087e-07      5.720e-01      6.476e-06   
      435            614         2.831e-02      1.070e-07      4.413e-01      1.434e-06   
      436            615         2.831e-02      2.031e-07      1.076e+00      1.339e-05   
      437            616         2.831e-02      3.605e-07      2.495e+00      5.857e-06   
      438            617         2.831e-02      3.073e-07      4.137e+00      1.007e-05   
      439            618         2.831e-02      9.300e-08      1.148e-02      2.115e-06   
      440            622         2.831e-02      4.594e-08      3.480e-01      1.910e-06   
      441            623         2.831e-02      4.281e-08      4.469e-01      2.635e-06   
      442            624         2.831e-02      4.977e-08      8.007e-01      4.661e-06   
      443            625         2.831e-02      3.986e-08      1.534e+00      6.985e-06   
      444            626         2.831e-02      9.987e-09      1.858e-03      2.898e-06   
      445            629         2.831e-02      4.628e-09      3.819e-01      7.088e-06   
      446            630         2.831e-02      1.167e-08      1.661e-01      3.808e-06   
      447            631         2.831e-02      7.871e-09      2.918e-01      1.004e-06   
      448            632         2.831e-02      3.618e-09      3.780e-01      1.073e-06   
      449            635         2.831e-02      9.700e-10      9.340e-02      1.258e-06   
      450            636         2.831e-02      1.082e-09      2.894e-02      1.937e-07   
      451            637         2.831e-02      2.801e-10      4.133e-02      1.542e-08   
      452            638         2.831e-02      4.022e-10      8.789e-02      1.080e-07   
      453            639         2.831e-02      2.034e-10      1.612e-01      3.324e-07   
      454            643         2.831e-02      1.690e-10      1.447e-02      1.645e-08   
      455            644         2.831e-02      4.715e-11      6.979e-03      1.275e-08   
      456            645         2.831e-02      4.257e-11      1.097e-02      6.183e-09   
`gtol` condition satisfied. (gtol=1.00e-08)
         Current function value: 2.831e-02
         Max scaled gradient: 6.183e-09
         Total delta_x: 1.203e+00
         Iterations: 456
         Function evaluations: 645
         Jacobian evaluations: 457
{"tag": "final", "cost": 0.028306497871130643, "cost_targets": 0.028292942521419014, "cost_bounds": 1.3555349711628049e-05, "max_dB": 0.027167850774455885, "max_dG_rel": 0.032247494182928035, "iota": 0.4073543938781686, "eta": 0.6335952945509321, "hel": 0.0, "max_elong": 5.000139106401647, "axis_rc": [0.98366, 0.18051, 0.00781, -0.00168, -0.00031, -1e-05], "axis_zs": [0.0, -0.03434, 0.00979, 0.00304, 0.00026, -1e-05], "max_abs_Zaxis": 0.04000274342853837, "min_dpc": 0.14778702667379368, "min_dcc": 0.03999944927447472, "max_kappa": 10.173780940636464, "Lcoil": [3.942, 3.887, 3.943, 3.941], "I_over_uniform": [1.139, 0.827, 1.065, 1.046], "n_active_bounds": 36, "L_total": 15.71272150638377, "coil_R_max": 1.9405040713800639, "coil_absz_max": 0.683566798744429, "mean_kappa2": 0.15730409741773502, "cost_reg": 0.002187236106482803, "cost_field": 0.02610570641493621, "B2c": 2.1009944091188304, "B20_residual": 0.6927526073219845, "max_dGG_rel": 0.7563025001581919, "time_s": 922, "status": "`gtol` condition satisfied. (gtol=1.00e-08)", "nit": 456, "optimality": 6.182573778048713e-09}
