ERROR:2026-10-09 20:03:29,185:jax._src.xla_bridge:487: Jax plugin configuration error: Exception when calling jax_plugins.xla_cuda12.initialize()
Traceback (most recent call last):
  File "/home/jay/miniconda3/envs/desc-dev/lib/python3.13/site-packages/jax/_src/xla_bridge.py", line 485, in discover_pjrt_plugins
    plugin_module.initialize()
    ~~~~~~~~~~~~~~~~~~~~~~~~^^
  File "/home/jay/miniconda3/envs/desc-dev/lib/python3.13/site-packages/jax_plugins/xla_cuda12/__init__.py", line 328, in initialize
    _check_cuda_versions(raise_on_first_error=True)
    ~~~~~~~~~~~~~~~~~~~~^^^^^^^^^^^^^^^^^^^^^^^^^^^
  File "/home/jay/miniconda3/envs/desc-dev/lib/python3.13/site-packages/jax_plugins/xla_cuda12/__init__.py", line 285, in _check_cuda_versions
    local_device_count = cuda_versions.cuda_device_count()
RuntimeError: jaxlib/cuda/versions_helpers.cc:113: operation cuInit(0) failed: CUDA_ERROR_NO_DEVICE
DESC /home/jay/Documents/desc_dev/DESC/desc
DEVICE requested=cpu obtained=cpu (1x cpu)
nfp 2 nc 4 mode z0 helicity 0.0 nparams 80 order 1 seed -1
{"tag": "init", "cost": 0.0038625915146111404, "cost_targets": 0.0038620378620685594, "cost_bounds": 5.536525425808541e-07, "max_dB": 0.0031750021536734534, "max_dG_rel": 0.01651534269296395, "iota": 0.41751097929196657, "eta": 0.6693748710278247, "hel": 0.0, "max_elong": 5.000073812183481, "axis_rc": [0.94097, 0.19658, 0.00845, -0.00258, -0.00027, 4e-05], "axis_zs": [0.0, -0.03881, 0.002, 0.00097, -7e-05, -5e-05], "max_abs_Zaxis": 0.040000768187067805, "min_dpc": 0.14779470871587397, "min_dcc": 0.03999969434453187, "max_kappa": 10.173699423903667, "Lcoil": [3.941, 3.941, 3.941, 3.656], "I_over_uniform": [1.221, 1.273, 1.272, 0.165], "n_active_bounds": 23, "L_total": 15.48070642008725, "coil_R_max": 1.9147598100957814, "coil_absz_max": 0.7139059913107952, "mean_kappa2": 0.08499142694162018, "cost_reg": 0.0020512618955775158, "cost_field": 0.0018107759664910436}
   Iteration     Total nfev        Cost      Cost reduction    Step norm     Optimality   
       0              1          3.863e-03                                    3.155e-06   
       1              2          3.863e-03      3.768e-08      2.151e-02      5.530e-07   
       2              3          3.862e-03      6.954e-08      5.678e-02      5.014e-07   
       3              4          3.862e-03      1.999e-07      1.680e-01      5.950e-07   
       4              5          3.862e-03      5.730e-07      4.936e-01      5.036e-06   
       5              6          3.860e-03      1.494e-06      1.364e+00      3.400e-05   
       6              7          3.857e-03      3.610e-06      3.660e+00      3.502e-05   
       7             14          3.857e-03      1.635e-08      3.067e-04      3.054e-05   
       8             15          3.857e-03      2.007e-08      4.777e-04      2.257e-05   
       9             16          3.857e-03      1.749e-08      6.942e-04      1.163e-05   
      10             17          3.857e-03      7.466e-09      7.198e-04      3.571e-06   
      11             18          3.857e-03      3.174e-09      9.401e-04      1.010e-06   
      12             19          3.857e-03      5.005e-09      2.279e-03      8.641e-07   
      13             20          3.857e-03      8.123e-09      4.679e-03      4.772e-07   
      14             21          3.857e-03      6.157e-09      1.018e-02      1.572e-05   
      15             22          3.857e-03      1.548e-08      1.015e-02      4.545e-07   
      16             23          3.856e-03      2.933e-08      2.970e-02      4.567e-07   
      17             24          3.856e-03      8.674e-08      8.845e-02      4.798e-07   
      18             25          3.856e-03      2.497e-07      2.616e-01      1.119e-05   
      19             26          3.855e-03      7.400e-07      7.776e-01      1.628e-05   
      20             27          3.853e-03      2.043e-06      2.221e+00      9.356e-06   
      21             28          3.853e-03      1.402e-08      1.235e-02      1.027e-06   
      22             30          3.850e-03      3.001e-06      9.661e+00      6.283e-04   
      23             31          3.846e-03      4.475e-06      1.383e-01      4.627e-05   
      24             34          3.844e-03      1.376e-06      7.388e-01      2.870e-05   
      25             35          3.843e-03      1.728e-06      2.086e+00      6.900e-05   
      26             41          3.843e-03      3.234e-08      6.683e-03      1.233e-05   
      27             42          3.843e-03      3.257e-08      1.749e-03      8.137e-06   
      28             43          3.843e-03      9.296e-09      1.032e-03      1.483e-06   
      29             44          3.843e-03      1.153e-09      1.100e-03      4.304e-07   
      30             45          3.843e-03      2.719e-09      3.184e-03      4.257e-07   
      31             46          3.843e-03      7.957e-09      9.443e-03      4.133e-07   
      32             47          3.843e-03      2.357e-08      2.819e-02      4.048e-07   
      33             48          3.843e-03      7.023e-08      8.423e-02      5.061e-07   
      34             49          3.842e-03      2.105e-07      2.528e-01      3.971e-07   
      35             50          3.842e-03      6.280e-07      7.563e-01      8.084e-07   
      36             51          3.840e-03      1.858e-06      2.250e+00      6.454e-06   
      37             52          3.835e-03      5.353e-06      6.611e+00      1.602e-05   
      38             53          3.834e-03      9.105e-08      7.511e-02      2.391e-06   
      39             55          3.827e-03      7.843e-06      1.226e+01      3.743e-04   
      40             56          3.825e-03      1.780e-06      3.782e-02      1.683e-05   
      41             59          3.823e-03      1.400e-06      1.926e+00      8.656e-05   
      42             60          3.821e-03      2.654e-06      3.231e+00      2.439e-06   
      43             61          3.814e-03      7.050e-06      9.511e+00      1.850e-05   
      44             63          3.809e-03      4.701e-06      1.376e+01      5.244e-04   
      45             67          3.807e-03      2.168e-06      1.019e+00      1.054e-04   
      46             68          3.803e-03      3.363e-06      1.267e-01      4.174e-07   
      47             69          3.803e-03      2.621e-07      3.438e-01      3.982e-07   
      48             70          3.802e-03      7.426e-07      1.008e+00      1.137e-06   
      49             71          3.800e-03      2.114e-06      2.936e+00      3.204e-06   
      50             72          3.800e-03      1.980e-08      2.664e-02      1.236e-06   
      51             73          3.792e-03      8.109e-06      1.366e+01      7.958e-05   
      52             76          3.789e-03      2.753e-06      2.613e+00      1.189e-04   
      53             77          3.787e-03      2.886e-06      4.497e+00      1.416e-04   
      54             78          3.786e-03      5.939e-07      8.161e-01      3.218e-05   
      55             80          3.784e-03      1.919e-06      3.517e+00      1.858e-04   
      56             81          3.782e-03      2.488e-06      4.075e+00      1.684e-04   
      57             83          3.780e-03      1.628e-06      2.431e+00      1.688e-04   
      58             84          3.779e-03      6.179e-07      1.799e-01      3.385e-05   
      59             85          3.776e-03      3.652e-06      5.816e+00      3.918e-05   
      60             88          3.774e-03      1.421e-06      2.176e+00      4.240e-05   
      61             89          3.773e-03      7.970e-07      1.648e+00      8.107e-06   
      62             90          3.770e-03      3.513e-06      6.513e+00      1.404e-04   
      63             91          3.765e-03      4.602e-06      7.534e+00      8.908e-05   
      64             94          3.764e-03      1.165e-06      1.425e+00      5.318e-05   
      65             95          3.763e-03      1.489e-06      2.292e+00      4.365e-05   
      66             96          3.759e-03      3.772e-06      6.511e+00      5.884e-05   
      67             97          3.758e-03      6.664e-07      9.902e-01      1.388e-05   
      68             99          3.754e-03      4.113e-06      1.298e+01      3.686e-04   
      69             100         3.751e-03      3.198e-06      1.500e-01      3.526e-05   
      70             103         3.750e-03      6.362e-07      1.662e+00      1.549e-04   
      71             104         3.750e-03      3.790e-07      7.525e-02      2.126e-05   
      72             105         3.749e-03      8.358e-07      1.350e+00      1.553e-06   
      73             106         3.747e-03      2.207e-06      3.978e+00      6.808e-06   
      74             107         3.741e-03      5.780e-06      1.163e+01      5.470e-05   
      75             109         3.735e-03      5.660e-06      1.212e+01      2.292e-04   
      76             112         3.734e-03      1.882e-06      2.026e+00      1.367e-04   
      77             113         3.732e-03      1.662e-06      2.795e+00      4.522e-05   
      78             114         3.731e-03      8.634e-07      8.162e+00      4.159e-04   
      79             115         3.728e-03      2.933e-06      1.283e-01      2.208e-05   
      80             118         3.728e-03      5.355e-07      9.041e-01      5.449e-05   
      81             119         3.727e-03      7.529e-07      1.479e+00      1.631e-05   
      82             120         3.725e-03      2.035e-06      4.358e+00      7.452e-06   
      83             121         3.720e-03      4.595e-06      1.246e+01      9.063e-05   
      84             127         3.719e-03      1.056e-06      3.003e-02      1.562e-05   
      85             128         3.719e-03      1.500e-08      2.282e-03      9.017e-07   
      86             129         3.719e-03      1.024e-08      5.659e-03      9.561e-07   
      87             130         3.719e-03      5.837e-09      6.881e-03      4.138e-07   
      88             131         3.719e-03      1.149e-08      1.708e-02      3.152e-07   
      89             132         3.719e-03      1.750e-08      3.838e-02      2.272e-07   
      90             133         3.719e-03      4.989e-08      1.136e-01      2.129e-07   
      91             134         3.719e-03      1.482e-07      3.397e-01      2.379e-07   
      92             136         3.719e-03      2.208e-07      5.081e-01      1.089e-06   
      93             137         3.718e-03      6.566e-07      1.517e+00      1.293e-06   
      94             138         3.718e-03      1.222e-09      2.244e-03      2.620e-07   
      95             139         3.714e-03      4.229e-06      1.302e+01      8.491e-05   
      96             140         3.711e-03      2.707e-06      1.411e+01      4.134e-04   
      97             141         3.708e-03      2.824e-06      1.978e-01      8.619e-05   
      98             144         3.707e-03      8.112e-07      1.099e+00      2.054e-04   
      99             145         3.706e-03      1.101e-06      9.281e-01      8.607e-07   
      100            146         3.705e-03      9.826e-07      2.751e+00      2.424e-05   
      101            147         3.703e-03      2.458e-06      7.779e+00      8.884e-05   
      102            154         3.703e-03      1.697e-07      2.998e-03      1.730e-05   
      103            155         3.703e-03      1.443e-08      5.214e-04      1.513e-05   
      104            156         3.703e-03      2.342e-08      1.116e-03      1.125e-05   
      105            157         3.703e-03      2.542e-08      1.864e-03      5.976e-06   
      106            158         3.703e-03      1.374e-08      2.129e-03      1.791e-06   
      107            159         3.703e-03      3.165e-09      1.570e-03      3.974e-07   
      108            160         3.703e-03      2.099e-09      3.188e-03      6.827e-07   
      109            161         3.703e-03      4.091e-09      7.056e-03      2.754e-07   
      110            162         3.703e-03      6.181e-09      1.669e-02      1.644e-07   
      111            163         3.703e-03      1.763e-08      4.911e-02      2.172e-07   
      112            164         3.703e-03      4.984e-08      1.425e-01      1.413e-06   
      113            165         3.702e-03      1.425e-07      4.177e-01      4.446e-06   
      114            166         3.702e-03      4.125e-07      1.231e+00      4.926e-06   
      115            167         3.702e-03      9.401e-10      1.275e-03      4.219e-07   
      116            169         3.701e-03      1.285e-06      5.467e+00      1.808e-04   
      117            170         3.700e-03      4.108e-07      1.186e-02      4.028e-05   
      118            173         3.700e-03      2.881e-07      7.692e-01      4.632e-05   
      119            174         3.700e-03      3.924e-07      1.202e+00      8.638e-06   
      120            175         3.699e-03      3.886e-07      1.395e+00      7.156e-05   
      121            176         3.699e-03      6.755e-07      2.029e+00      4.502e-06   
      122            177         3.698e-03      1.398e-07      1.932e+00      1.800e-04   
      123            178         3.698e-03      7.383e-07      1.638e+00      1.030e-04   
      124            179         3.697e-03      6.075e-07      1.927e+00      9.273e-05   
      125            180         3.697e-03      4.759e-07      2.393e+00      1.476e-04   
      126            181         3.696e-03      9.225e-07      2.322e+00      3.578e-05   
      127            182         3.695e-03      7.379e-07      2.296e+00      2.127e-06   
      128            183         3.693e-03      1.547e-06      6.357e+00      1.067e-04   
      129            187         3.693e-03      2.357e-07      2.371e-01      6.009e-06   
      130            188         3.693e-03      5.203e-08      1.686e-01      1.570e-07   
      131            189         3.693e-03      1.294e-07      5.011e-01      1.544e-06   
      132            190         3.693e-03      3.782e-07      1.483e+00      2.587e-06   
      133            191         3.693e-03      3.439e-09      1.220e-02      8.143e-07   
      134            192         3.690e-03      2.295e-06      1.256e+01      6.186e-05   
      135            193         3.690e-03      3.335e-07      2.078e-02      1.072e-04   
      136            194         3.690e-03      2.458e-07      1.006e+01      4.095e-04   
      137            197         3.689e-03      4.772e-07      1.082e+00      3.955e-04   
      138            198         3.687e-03      2.150e-06      6.574e-01      2.264e-05   
      139            199         3.687e-03      3.653e-07      1.865e+00      2.537e-05   
      140            201         3.687e-03      2.369e-07      2.765e+00      1.447e-04   
      141            204         3.686e-03      3.487e-07      3.939e-01      2.910e-05   
      142            205         3.686e-03      2.036e-07      1.022e+00      1.701e-05   
      143            206         3.685e-03      5.425e-07      2.968e+00      2.743e-05   
      144            207         3.685e-03      2.700e-08      8.973e-02      5.120e-06   
      145            210         3.685e-03      2.061e-07      1.158e+00      2.427e-05   
      146            211         3.685e-03      6.056e-07      3.395e+00      8.753e-06   
      147            214         3.684e-03      1.897e-07      1.292e+00      2.889e-05   
      148            215         3.684e-03      6.216e-08      1.476e+00      1.309e-04   
      149            216         3.684e-03      9.088e-08      3.284e-02      1.049e-05   
      150            217         3.684e-03      1.289e-07      7.152e-01      8.308e-05   
      151            218         3.684e-03      2.368e-07      6.363e-01      1.272e-05   
      152            219         3.684e-03      3.190e-07      1.848e+00      1.753e-05   
      153            221         3.683e-03      1.732e-07      2.757e+00      1.439e-04   
      154            222         3.683e-03      5.177e-08      3.537e-02      3.138e-05   
      155            225         3.683e-03      2.693e-07      2.232e-01      1.559e-05   
      156            226         3.683e-03      9.329e-08      5.481e-01      2.289e-05   
      157            227         3.683e-03      1.662e-07      9.215e-01      9.453e-07   
      158            228         3.682e-03      4.469e-07      2.676e+00      7.676e-06   
      159            229         3.682e-03      4.912e-09      6.501e-03      1.990e-06   
      160            230         3.682e-03      9.360e-08      6.879e+00      2.416e-04   
      161            231         3.682e-03      3.223e-07      2.892e-02      6.658e-05   
      162            234         3.682e-03      5.696e-08      6.889e-01      1.980e-04   
      163            235         3.681e-03      5.242e-07      4.268e-01      1.340e-05   
      164            236         3.681e-03      1.488e-07      2.788e-01      3.601e-05   
      165            237         3.681e-03      6.494e-08      2.592e-01      6.418e-06   
      166            238         3.681e-03      1.114e-07      7.329e-01      1.670e-05   
      167            239         3.681e-03      3.264e-07      2.101e+00      3.286e-06   
      168            241         3.680e-03      3.830e-07      3.177e+00      9.243e-05   
      169            242         3.680e-03      4.330e-08      7.877e-03      3.557e-05   
      170            245         3.680e-03      1.317e-07      5.699e-01      5.115e-05   
      171            246         3.680e-03      1.103e-07      5.410e-01      9.115e-06   
      172            247         3.680e-03      1.134e-07      5.567e-01      3.587e-06   
      173            248         3.680e-03      2.761e-07      1.621e+00      3.810e-06   
      174            249         3.679e-03      6.681e-07      4.777e+00      9.936e-05   
      175            252         3.679e-03      1.005e-07      1.072e+00      1.411e-04   
      176            253         3.678e-03      4.185e-07      9.200e-01      5.666e-05   
      177            254         3.678e-03      3.080e-07      1.434e+00      4.652e-05   
      178            256         3.678e-03      2.456e-07      1.287e+00      6.620e-05   
      179            257         3.678e-03      3.914e-07      1.433e+00      8.021e-06   
      180            258         3.677e-03      5.612e-07      2.324e+00      5.811e-06   
      181            259         3.675e-03      1.715e-06      7.078e+00      2.498e-05   
      182            262         3.675e-03      7.821e-08      3.679e+00      3.079e-04   
      183            263         3.674e-03      1.499e-06      4.384e-01      8.745e-06   
      184            265         3.673e-03      5.601e-07      1.338e+00      8.005e-05   
      185            266         3.672e-03      8.577e-07      1.734e+00      7.150e-06   
      186            267         3.670e-03      2.388e-06      5.375e+00      7.730e-06   
      187            270         3.669e-03      1.072e-06      1.589e+00      2.410e-05   
      188            272         3.668e-03      3.491e-07      1.733e+00      1.073e-04   
      189            273         3.668e-03      1.533e-07      1.560e+00      1.102e-04   
      190            275         3.668e-03      2.412e-07      7.626e-01      8.727e-05   
      191            282         3.668e-03      2.271e-08      2.071e-04      7.876e-05   
      192            283         3.668e-03      3.982e-08      4.325e-04      6.114e-05   
      193            284         3.668e-03      4.416e-08      7.135e-04      3.308e-05   
      194            285         3.668e-03      2.158e-08      7.765e-04      1.069e-05   
      195            286         3.668e-03      6.952e-09      7.015e-04      2.873e-06   
      196            287         3.668e-03      1.445e-09      6.419e-04      8.563e-07   
      197            288         3.668e-03      4.420e-10      5.076e-04      1.679e-07   
      198            289         3.668e-03      3.667e-10      1.189e-03      5.620e-07   
      199            290         3.668e-03      9.863e-10      3.363e-03      1.196e-07   
      200            291         3.668e-03      1.623e-09      7.105e-03      7.473e-08   
      201            292         3.668e-03      3.295e-09      1.995e-02      5.394e-06   
      202            293         3.668e-03      6.312e-09      3.106e-02      6.970e-08   
      203            294         3.668e-03      1.581e-08      8.926e-02      2.782e-07   
      204            295         3.668e-03      4.346e-08      2.552e-01      6.084e-07   
      205            296         3.668e-03      1.177e-07      7.238e-01      4.644e-07   
      206            297         3.667e-03      2.931e-07      1.973e+00      8.841e-06   
      207            298         3.667e-03      5.554e-07      4.800e+00      6.302e-05   
      208            299         3.667e-03      4.040e-08      2.072e-02      1.820e-05   
      209            303         3.667e-03      3.388e-08      1.640e-01      2.048e-06   
      210            304         3.667e-03      4.831e-08      4.179e-01      4.664e-06   
      211            307         3.667e-03      1.640e-08      1.477e-01      2.847e-06   
      212            308         3.667e-03      4.647e-08      4.215e-01      9.630e-08   
      213            309         3.667e-03      1.221e-07      1.194e+00      1.216e-05   
      214            310         3.666e-03      2.824e-07      3.381e+00      2.859e-05   
      215            317         3.666e-03      1.632e-08      5.819e-04      1.202e-05   
      216            318         3.666e-03      5.986e-09      4.374e-04      5.929e-06   
      217            319         3.666e-03      2.575e-09      4.408e-04      1.813e-06   
      218            320         3.666e-03      1.073e-09      5.881e-04      8.064e-07   
      219            321         3.666e-03      4.423e-10      4.687e-04      1.756e-07   
      220            322         3.666e-03      2.230e-10      8.866e-04      1.439e-07   
      221            323         3.666e-03      3.696e-10      1.902e-03      1.067e-07   
      222            324         3.666e-03      8.388e-10      5.314e-03      9.309e-08   
      223            325         3.666e-03      2.222e-09      1.505e-02      1.045e-07   
      224            326         3.666e-03      5.454e-09      4.129e-02      5.975e-07   
      225            327         3.666e-03      1.122e-08      9.919e-02      2.371e-06   
      226            328         3.666e-03      7.424e-10      6.030e-03      4.843e-08   
      227            330         3.666e-03      2.717e-08      4.133e-01      2.559e-05   
      228            331         3.666e-03      3.988e-08      3.727e-01      5.901e-06   
      229            332         3.666e-03      3.807e-08      4.150e-01      7.277e-07   
      230            333         3.666e-03      5.238e-08      8.299e-01      2.029e-06   
      231            339         3.666e-03      1.067e-11      1.954e-04      9.790e-07   
      232            340         3.666e-03      5.728e-11      1.542e-04      5.143e-08   
      233            341         3.666e-03      1.803e-11      2.049e-04      2.201e-08   
      234            342         3.666e-03      3.171e-11      5.562e-04      2.402e-08   
      235            343         3.666e-03      9.344e-11      1.658e-03      2.412e-08   
      236            344         3.666e-03      2.769e-10      4.943e-03      2.399e-08   
      237            345         3.666e-03      8.177e-10      1.470e-02      2.393e-08   
      238            346         3.666e-03      2.397e-09      4.357e-02      2.490e-08   
      239            347         3.666e-03      6.947e-09      1.283e-01      8.784e-08   
      240            348         3.666e-03      1.952e-08      3.713e-01      4.839e-07   
      241            349         3.666e-03      4.823e-08      9.900e-01      3.228e-06   
      242            350         3.666e-03      2.365e-09      4.677e-02      1.154e-07   
      243            351         3.666e-03      1.963e-11      2.333e-04      2.313e-08   
      244            354         3.666e-03      1.113e-07      3.102e+00      2.272e-05   
      245            355         3.666e-03      8.081e-09      3.785e-03      4.666e-06   
      246            359         3.666e-03      6.370e-09      9.293e-02      1.795e-06   
      247            360         3.666e-03      4.627e-09      1.030e-01      2.185e-07   
      248            361         3.666e-03      1.055e-08      2.728e-01      6.701e-07   
      249            362         3.666e-03      2.688e-08      7.748e-01      7.265e-06   
      250            363         3.666e-03      3.924e-10      6.948e-04      2.644e-06   
      251            366         3.666e-03      5.630e-09      2.795e-01      1.333e-05   
      252            367         3.666e-03      1.210e-08      2.490e-01      4.735e-06   
      253            368         3.666e-03      1.013e-08      2.578e-01      1.345e-07   
      254            369         3.666e-03      2.763e-08      7.641e-01      6.960e-07   
      255            370         3.666e-03      5.480e-08      2.270e+00      2.956e-05   
      256            377         3.666e-03      1.520e-08      1.081e-03      3.408e-06   
      257            378         3.666e-03      4.248e-10      9.770e-05      1.406e-06   
      258            379         3.666e-03      3.269e-10      1.546e-04      7.854e-07   
      259            380         3.666e-03      5.334e-10      3.816e-04      7.886e-07   
      260            381         3.666e-03      4.670e-10      4.566e-04      2.722e-07   
      261            382         3.666e-03      1.628e-10      5.478e-04      1.241e-07   
      262            383         3.666e-03      2.619e-10      1.362e-03      1.137e-07   
      263            384         3.666e-03      3.122e-10      2.617e-03      8.091e-08   
      264            385         3.666e-03      7.795e-10      7.313e-03      7.917e-08   
      265            386         3.666e-03      1.708e-09      1.817e-02      1.236e-07   
      266            387         3.666e-03      3.235e-09      4.267e-02      1.177e-06   
      267            388         3.666e-03      5.002e-09      9.086e-02      2.718e-06   
      268            389         3.666e-03      8.802e-09      2.121e-01      3.013e-06   
      269            390         3.666e-03      1.035e-10      9.201e-05      1.728e-07   
      270            393         3.666e-03      7.862e-09      2.483e-01      5.728e-06   
      271            394         3.666e-03      1.120e-08      2.875e-01      2.657e-06   
      272            395         3.666e-03      3.118e-08      8.539e-01      7.879e-07   
      273            397         3.666e-03      3.016e-09      1.315e+00      5.029e-05   
      274            404         3.666e-03      2.383e-08      5.205e-04      2.380e-05   
      275            405         3.666e-03      5.820e-09      2.392e-04      1.401e-05   
      276            406         3.666e-03      3.075e-09      2.593e-04      4.719e-06   
      277            407         3.666e-03      8.269e-10      2.275e-04      1.197e-06   
      278            408         3.666e-03      2.258e-10      2.112e-04      2.804e-07   
      279            409         3.666e-03      9.456e-11      2.707e-04      7.694e-08   
      280            410         3.666e-03      1.407e-10      6.568e-04      3.432e-07   
      281            411         3.666e-03      3.431e-10      1.747e-03      7.524e-08   
      282            412         3.666e-03      3.898e-10      3.326e-03      8.059e-08   
      283            413         3.666e-03      9.997e-10      9.302e-03      5.621e-08   
      284            414         3.666e-03      2.113e-09      2.264e-02      3.494e-07   
      285            415         3.666e-03      3.836e-09      5.212e-02      1.470e-06   
      286            416         3.666e-03      5.859e-09      1.104e-01      3.195e-06   
      287            417         3.666e-03      1.110e-08      2.692e-01      2.182e-06   
      288            418         3.666e-03      2.968e-08      7.848e-01      1.337e-06   
      289            419         3.665e-03      7.006e-08      2.335e+00      2.845e-05   
      290            420         3.665e-03      9.715e-09      2.559e-03      6.983e-06   
      291            424         3.665e-03      8.351e-09      9.759e-02      4.817e-06   
      292            425         3.665e-03      3.826e-09      7.576e-02      1.076e-06   
      293            426         3.665e-03      6.863e-09      1.759e-01      1.890e-06   
      294            427         3.665e-03      1.883e-08      4.915e-01      1.870e-06   
      295            428         3.665e-03      4.436e-08      1.194e+00      1.162e-06   
      296            429         3.665e-03      2.052e-10      8.965e-04      1.424e-06   
      297            433         3.665e-03      2.517e-09      7.654e-02      7.284e-07   
      298            434         3.665e-03      4.238e-09      1.369e-01      4.423e-08   
      299            435         3.665e-03      1.246e-08      4.068e-01      2.920e-07   
      300            436         3.665e-03      3.661e-08      1.207e+00      1.052e-06   
      301            439         3.665e-03      1.192e-08      4.754e-01      8.245e-06   
      302            440         3.665e-03      1.906e-08      5.509e-01      2.483e-06   
      303            441         3.665e-03      4.341e-08      1.620e+00      1.697e-05   
      304            447         3.665e-03      3.947e-09      8.050e-04      1.451e-06   
      305            448         3.665e-03      2.337e-10      1.107e-03      5.872e-08   
      306            449         3.665e-03      9.986e-11      1.525e-03      4.083e-08   
      307            450         3.665e-03      2.600e-10      4.343e-03      3.278e-08   
      308            451         3.665e-03      6.121e-10      1.127e-02      8.737e-08   
      309            452         3.665e-03      1.318e-09      2.838e-02      4.147e-07   
      310            453         3.665e-03      2.663e-09      7.000e-02      1.206e-06   
      311            454         3.665e-03      6.169e-09      1.875e-01      1.608e-06   
      312            455         3.665e-03      1.734e-08      5.501e-01      1.128e-06   
      313            456         3.665e-03      4.949e-08      1.629e+00      5.257e-06   
      314            457         3.665e-03      9.292e-10      1.057e-03      1.473e-06   
      315            461         3.665e-03      3.791e-09      1.244e-01      3.691e-06   
      316            462         3.665e-03      3.806e-09      1.105e-01      1.253e-06   
      317            463         3.665e-03      1.052e-08      3.286e-01      2.840e-07   
      318            464         3.665e-03      2.865e-08      9.290e-01      1.960e-06   
      319            465         3.665e-03      1.038e-10      2.526e-04      6.894e-07   
      320            468         3.665e-03      1.514e-09      4.045e-01      2.111e-05   
      321            469         3.665e-03      1.398e-08      2.491e-01      1.031e-06   
      322            470         3.665e-03      7.972e-09      2.665e-01      6.388e-06   
      323            471         3.665e-03      7.941e-09      2.645e-01      2.282e-06   
      324            472         3.665e-03      6.840e-09      1.996e-01      4.163e-07   
      325            473         3.665e-03      1.597e-08      5.881e-01      7.065e-06   
      326            476         3.665e-03      3.858e-09      1.584e-01      7.691e-06   
      327            477         3.665e-03      4.271e-09      1.195e-01      3.221e-06   
      328            478         3.665e-03      4.049e-09      1.285e-01      2.149e-08   
      329            479         3.665e-03      1.091e-08      3.835e-01      3.127e-07   
      330            480         3.665e-03      3.245e-08      1.140e+00      8.401e-07   
      331            481         3.665e-03      8.184e-08      3.242e+00      1.795e-05   
      332            482         3.665e-03      3.016e-09      9.791e-04      8.965e-06   
      333            487         3.665e-03      3.495e-09      2.356e-02      3.131e-07   
      334            488         3.665e-03      2.327e-09      5.451e-02      1.343e-06   
      335            489         3.665e-03      1.832e-09      5.546e-02      7.075e-07   
      336            490         3.665e-03      2.838e-09      9.987e-02      7.733e-07   
      337            491         3.665e-03      7.586e-09      2.749e-01      3.179e-07   
      338            492         3.665e-03      2.208e-08      8.142e-01      3.482e-07   
      339            493         3.665e-03      2.987e-11      4.251e-04      1.065e-07   
      340            494         3.665e-03      1.024e-07      5.811e+00      2.451e-05   
      341            498         3.665e-03      2.880e-08      1.956e-01      1.518e-05   
      342            499         3.665e-03      4.747e-09      1.869e-01      9.544e-06   
      343            502         3.665e-03      2.321e-09      7.936e-02      3.663e-06   
      344            503         3.665e-03      1.567e-09      2.091e-02      2.199e-08   
      345            504         3.665e-03      1.198e-09      4.787e-02      1.870e-07   
      346            505         3.665e-03      3.176e-09      1.506e-01      6.209e-07   
      347            506         3.665e-03      5.364e-09      2.533e-01      8.566e-07   
      348            508         3.665e-03      5.234e-09      3.906e-01      8.725e-06   
      349            509         3.665e-03      6.796e-10      2.990e-03      4.208e-06   
      350            512         3.665e-03      2.766e-09      7.902e-02      2.852e-06   
      351            513         3.665e-03      1.211e-09      4.757e-02      1.411e-06   
      352            514         3.665e-03      2.332e-09      1.081e-01      3.273e-07   
      353            515         3.665e-03      6.647e-09      3.154e-01      3.029e-07   
      354            516         3.665e-03      1.984e-08      9.350e-01      6.133e-07   
      355            517         3.665e-03      4.522e-11      6.328e-04      1.039e-07   
      356            519         3.665e-03      4.563e-08      3.304e+00      9.359e-06   
      357            527         3.665e-03      5.842e-10      2.181e-05      8.628e-06   
      358            528         3.665e-03      1.217e-09      5.355e-05      6.904e-06   
      359            529         3.665e-03      1.493e-09      9.621e-05      4.250e-06   
      360            530         3.665e-03      1.381e-09      1.619e-04      2.767e-06   
      361            531         3.665e-03      1.536e-09      2.980e-04      2.070e-06   
      362            532         3.665e-03      1.299e-09      4.405e-04      1.037e-06   
      363            533         3.665e-03      7.064e-10      5.470e-04      3.245e-07   
      364            534         3.665e-03      2.657e-10      5.344e-04      1.528e-07   
      365            535         3.665e-03      1.742e-10      9.635e-04      5.770e-07   
      366            536         3.665e-03      4.325e-11      5.397e-04      2.415e-08   
      367            537         3.665e-03      6.259e-11      1.461e-03      2.191e-08   
      368            538         3.665e-03      1.490e-10      3.842e-03      1.724e-08   
      369            539         3.665e-03      3.070e-10      9.727e-03      4.978e-07   
      370            540         3.665e-03      7.392e-10      2.748e-02      2.446e-07   
      371            541         3.665e-03      8.532e-10      3.903e-02      1.769e-07   
      372            542         3.665e-03      1.775e-09      9.716e-02      2.849e-07   
      373            543         3.665e-03      4.382e-09      2.700e-01      1.033e-07   
      374            544         3.665e-03      1.234e-08      7.904e-01      9.610e-07   
      375            545         3.665e-03      3.253e-08      2.296e+00      6.763e-06   
      376            548         3.665e-03      6.214e-09      8.039e-01      1.072e-05   
      377            549         3.665e-03      2.734e-09      1.630e-02      1.683e-06   
      378            552         3.665e-03      2.198e-09      2.294e-01      1.203e-05   
      379            553         3.665e-03      2.700e-09      2.423e-02      3.220e-06   
      380            554         3.665e-03      1.624e-09      1.114e-01      2.289e-06   
      381            555         3.665e-03      1.609e-09      8.926e-02      8.892e-07   
      382            556         3.665e-03      2.172e-09      1.456e-01      2.127e-08   
      383            557         3.665e-03      6.310e-09      4.319e-01      1.875e-07   
      384            558         3.665e-03      1.831e-08      1.275e+00      1.847e-06   
      385            559         3.664e-03      3.987e-08      3.666e+00      1.187e-05   
      386            566         3.664e-03      5.676e-09      1.974e-03      6.443e-06   
      387            567         3.664e-03      1.970e-09      3.055e-04      1.181e-06   
      388            568         3.664e-03      5.249e-10      3.570e-04      5.829e-07   
      389            569         3.664e-03      2.866e-10      3.746e-04      1.862e-07   
      390            570         3.664e-03      1.543e-10      6.160e-04      1.033e-07   
      391            571         3.664e-03      1.357e-10      8.377e-04      4.600e-08   
      392            572         3.664e-03      7.594e-11      1.367e-03      3.312e-08   
      393            573         3.664e-03      1.749e-10      3.723e-03      3.016e-08   
      394            574         3.664e-03      3.931e-10      9.464e-03      4.242e-08   
      395            575         3.664e-03      6.381e-10      2.189e-02      1.337e-06   
      396            576         3.664e-03      9.061e-10      3.243e-02      3.399e-07   
      397            577         3.664e-03      7.800e-10      4.064e-02      2.703e-07   
      398            578         3.664e-03      9.591e-10      5.843e-02      9.822e-08   
      399            579         3.664e-03      2.292e-09      1.563e-01      2.125e-07   
      400            580         3.664e-03      6.194e-09      4.495e-01      1.467e-07   
Warning: Maximum number of iterations has been exceeded.
         Current function value: 3.664e-03
         Max scaled gradient: 1.467e-07
         Total delta_x: 2.779e-01
         Iterations: 400
         Function evaluations: 580
         Jacobian evaluations: 401
{"tag": "final", "cost": 0.0036644618222088313, "cost_targets": 0.0036640448550788384, "cost_bounds": 4.169671299934904e-07, "max_dB": 0.003058143468166709, "max_dG_rel": 0.016424469290411057, "iota": 0.4173786126367628, "eta": 0.6675784566729099, "hel": 0.0, "max_elong": 5.0000525893835075, "axis_rc": [0.94076, 0.1954, 0.00808, -0.0026, -0.00025, 4e-05], "axis_zs": [0.0, -0.03882, 0.002, 0.00096, -8e-05, -5e-05], "max_abs_Zaxis": 0.040000775444423015, "min_dpc": 0.1477947322765667, "min_dcc": 0.03999974485231882, "max_kappa": 10.173686773701911, "Lcoil": [3.941, 3.941, 3.941, 2.633], "I_over_uniform": [1.228, 1.269, 1.309, 0.123], "n_active_bounds": 24, "L_total": 14.456905440964931, "coil_R_max": 1.9188535661609571, "coil_absz_max": 0.7192177005612873, "mean_kappa2": 0.0672963791301663, "cost_reg": 0.001817189936621951, "cost_field": 0.0018468549184568874, "time_s": 403, "status": "Maximum number of iterations has been exceeded.", "nit": 400, "optimality": 1.4665720311883743e-07}
