ERROR:2026-10-09 21:11:37,792:jax._src.xla_bridge:487: Jax plugin configuration error: Exception when calling jax_plugins.xla_cuda12.initialize()
Traceback (most recent call last):
  File "/home/jay/miniconda3/envs/desc-dev/lib/python3.13/site-packages/jax/_src/xla_bridge.py", line 485, in discover_pjrt_plugins
    plugin_module.initialize()
    ~~~~~~~~~~~~~~~~~~~~~~~~^^
  File "/home/jay/miniconda3/envs/desc-dev/lib/python3.13/site-packages/jax_plugins/xla_cuda12/__init__.py", line 328, in initialize
    _check_cuda_versions(raise_on_first_error=True)
    ~~~~~~~~~~~~~~~~~~~~^^^^^^^^^^^^^^^^^^^^^^^^^^^
  File "/home/jay/miniconda3/envs/desc-dev/lib/python3.13/site-packages/jax_plugins/xla_cuda12/__init__.py", line 285, in _check_cuda_versions
    local_device_count = cuda_versions.cuda_device_count()
RuntimeError: jaxlib/cuda/versions_helpers.cc:113: operation cuInit(0) failed: CUDA_ERROR_NO_DEVICE
DESC /home/jay/Documents/desc_dev/DESC/desc
DEVICE requested=cpu obtained=cpu (1x cpu)
nfp 2 nc 4 mode z0 helicity 0.0 nparams 80 order 1 seed -1
{"tag": "init", "cost": 0.002369967452390016, "cost_targets": 0.0023698839853868122, "cost_bounds": 8.346700320349761e-08, "max_dB": 0.0011785796027974325, "max_dG_rel": 0.007803920212023774, "iota": 0.41978815318926377, "eta": 0.7930329880665193, "hel": 0.0, "max_elong": 4.949738119226395, "axis_rc": [0.93007, 0.2329, 0.03018, 0.0012, -0.00052, -9e-05], "axis_zs": [0.0, -0.09463, -0.01124, -0.00014, 0.00025, 3e-05], "max_abs_Zaxis": 0.09714213847742251, "min_dpc": 0.14809792552679713, "min_dcc": 0.03999993451799211, "max_kappa": 10.173654714512775, "Lcoil": [3.941, 3.941, 3.941, 3.742], "I_over_uniform": [1.073, 1.002, 1.118, 0.796], "n_active_bounds": 11, "L_total": 15.565528476105076, "coil_R_max": 1.874621223803012, "coil_absz_max": 0.8007104000003498, "mean_kappa2": 0.11517812894659388, "cost_reg": 0.0021052350688465387, "cost_field": 0.0002646489165402735}
   Iteration     Total nfev        Cost      Cost reduction    Step norm     Optimality   
       0              1          2.370e-03                                    2.341e-06   
       1              2          2.370e-03      1.442e-07      3.891e-02      8.523e-07   
       2              3          2.370e-03      2.349e-07      9.374e-02      8.090e-07   
       3              4          2.369e-03      5.755e-07      2.586e-01      2.677e-06   
       4              5          2.367e-03      1.539e-06      7.372e-01      9.815e-06   
       5              6          2.363e-03      4.107e-06      2.072e+00      1.174e-05   
       6              7          2.362e-03      1.662e-06      8.658e-01      2.669e-06   
       7             10          2.359e-03      3.045e-06      2.304e+00      1.676e-04   
       8             11          2.355e-03      3.627e-06      2.325e+00      2.194e-04   
       9             12          2.349e-03      5.833e-06      2.335e+00      9.023e-06   
      10             13          2.338e-03      1.084e-05      6.573e+00      2.670e-05   
      11             14          2.337e-03      1.028e-06      6.334e-01      1.165e-06   
      12             15          2.291e-03      4.683e-05      3.981e+01      1.939e-04   
      13             16          2.288e-03      2.446e-06      3.250e-02      6.091e-05   
      14             19          2.279e-03      8.630e-06      9.402e+00      8.504e-05   
      15             20          2.279e-03      2.217e-07      4.430e-03      2.979e-05   
      16             21          2.262e-03      1.765e-05      2.388e+01      6.623e-05   
      17             22          2.237e-03      2.415e-05      4.558e+01      1.454e-04   
      18             23          2.224e-03      1.333e-05      5.188e+01      4.736e-04   
      19             29          2.219e-03      4.862e-06      1.471e-01      3.735e-04   
      20             30          2.214e-03      5.509e-06      2.948e-02      4.121e-06   
      21             31          2.214e-03      1.818e-07      3.449e-02      1.142e-06   
      22             32          2.213e-03      2.355e-07      7.231e-02      9.900e-07   
      23             33          2.213e-03      4.077e-07      1.607e-01      8.245e-07   
      24             34          2.212e-03      5.306e-07      3.052e-01      5.949e-06   
      25             35          2.212e-03      5.028e-07      5.069e-01      1.710e-05   
      26             36          2.211e-03      5.251e-07      8.774e-01      5.959e-06   
      27             37          2.211e-03      8.260e-07      2.262e+00      3.882e-05   
      28             41          2.210e-03      8.400e-08      1.047e-01      1.517e-06   
      29             42          2.210e-03      4.284e-08      9.021e-02      1.316e-06   
      30             43          2.210e-03      9.876e-08      2.572e-01      8.696e-07   
      31             44          2.210e-03      2.861e-07      7.609e-01      1.662e-06   
      32             45          2.209e-03      8.301e-07      2.242e+00      1.616e-06   
      33             46          2.208e-03      8.204e-07      2.255e+00      1.580e-06   
      34             47          2.207e-03      1.374e-06      3.863e+00      1.823e-06   
      35             48          2.205e-03      1.754e-06      5.094e+00      2.414e-06   
      36             49          2.203e-03      1.919e-06      5.813e+00      3.385e-06   
      37             50          2.202e-03      1.743e-06      6.006e+00      3.469e-05   
      38             57          2.202e-03      4.711e-09      2.499e-02      3.054e-05   
      39             58          2.201e-03      4.563e-08      1.929e-03      8.785e-07   
      40             59          2.201e-03      2.909e-09      2.843e-03      5.007e-07   
      41             60          2.201e-03      4.023e-09      5.370e-03      2.947e-07   
      42             61          2.201e-03      4.059e-09      1.024e-02      1.508e-07   
      43             62          2.201e-03      8.757e-09      2.690e-02      1.973e-07   
      44             63          2.201e-03      2.277e-08      7.579e-02      5.530e-07   
      45             68          2.201e-03      7.050e-11      2.292e-04      4.018e-07   
      46             69          2.201e-03      1.544e-10      5.054e-04      1.607e-07   
      47             70          2.201e-03      4.400e-10      1.513e-03      1.608e-07   
      48             71          2.201e-03      1.316e-09      4.533e-03      1.610e-07   
      49             72          2.201e-03      3.927e-09      1.356e-02      1.614e-07   
      50             73          2.201e-03      1.168e-08      4.049e-02      1.627e-07   
      51             74          2.201e-03      3.470e-08      1.209e-01      2.068e-07   
      52             75          2.201e-03      1.029e-07      3.604e-01      4.235e-07   
      53             76          2.201e-03      3.033e-07      1.071e+00      6.978e-07   
      54             77          2.200e-03      8.676e-07      3.124e+00      1.046e-06   
      55             78          2.200e-03      5.985e-08      2.165e-01      3.408e-07   
      56             79          2.194e-03      6.142e-06      2.568e+01      3.161e-05   
      57             80          2.194e-03      9.303e-08      4.171e-03      2.919e-06   
      58             81          2.187e-03      6.999e-06      5.625e+01      1.440e-04   
      59             82          2.186e-03      9.926e-07      1.119e-02      3.996e-05   
      60             84          2.183e-03      3.194e-06      2.320e+01      2.748e-04   
      61             85          2.179e-03      3.598e-06      1.844e-02      6.766e-05   
      62             89          2.179e-03      1.535e-07      4.297e-01      6.137e-05   
      63             90          2.179e-03      2.327e-07      3.563e-01      3.204e-07   
      64             91          2.179e-03      1.625e-07      1.053e+00      4.138e-06   
      65             92          2.178e-03      1.570e-07      1.047e+00      4.933e-06   
      66             93          2.177e-03      1.323e-06      9.022e+00      7.271e-06   
      67             94          2.175e-03      1.830e-06      2.487e+01      1.740e-04   
      68             100         2.174e-03      1.208e-06      3.113e-02      2.702e-05   
      69             101         2.174e-03      1.141e-07      1.273e-02      1.189e-06   
      70             102         2.174e-03      2.629e-08      1.934e-02      4.041e-07   
      71             103         2.174e-03      4.499e-08      4.509e-02      3.497e-07   
      72             107         2.174e-03      1.068e-10      2.093e-03      8.025e-06   
      73             108         2.174e-03      2.609e-09      1.115e-03      3.088e-07   
      74             109         2.174e-03      2.142e-09      2.928e-03      2.724e-07   
      75             110         2.174e-03      5.356e-09      8.015e-03      2.392e-07   
      76             111         2.174e-03      1.293e-08      2.144e-02      2.210e-07   
      77             112         2.174e-03      2.733e-08      5.239e-02      3.338e-07   
      78             117         2.174e-03      7.337e-11      1.547e-04      3.536e-07   
      79             118         2.174e-03      1.990e-10      4.364e-04      1.843e-07   
      80             119         2.174e-03      5.310e-10      1.237e-03      1.795e-07   
      81             120         2.174e-03      1.372e-09      3.427e-03      1.709e-07   
      82             121         2.174e-03      3.281e-09      9.076e-03      1.565e-07   
      83             122         2.174e-03      6.782e-09      2.219e-02      1.339e-07   
      84             123         2.174e-03      1.162e-08      4.927e-02      6.071e-07   
      85             124         2.174e-03      1.792e-08      1.070e-01      1.838e-06   
      86             125         2.174e-03      3.706e-08      2.773e-01      2.235e-06   
      87             126         2.174e-03      1.003e-07      7.999e-01      1.541e-06   
      88             127         2.173e-03      2.830e-07      2.346e+00      3.025e-06   
      89             129         2.173e-03      2.106e-07      3.388e+00      6.320e-05   
      90             135         2.173e-03      1.732e-07      6.739e-03      6.767e-06   
      91             136         2.173e-03      5.824e-09      1.940e-03      1.350e-06   
      92             137         2.173e-03      3.157e-09      1.445e-03      3.177e-07   
      93             138         2.173e-03      2.210e-10      1.269e-03      1.151e-07   
      94             139         2.173e-03      5.709e-10      3.564e-03      1.052e-07   
      95             140         2.173e-03      1.385e-09      9.502e-03      1.360e-07   
      96             141         2.173e-03      3.281e-09      2.543e-02      4.152e-07   
      97             142         2.173e-03      8.502e-09      7.170e-02      5.748e-07   
      98             143         2.173e-03      2.410e-08      2.102e-01      4.144e-07   
      99             144         2.173e-03      7.082e-08      6.255e-01      4.031e-07   
      100            145         2.173e-03      2.023e-07      1.821e+00      8.751e-07   
      101            146         2.172e-03      5.516e-07      5.206e+00      5.884e-06   
      102            147         2.171e-03      1.149e-06      1.407e+01      5.127e-05   
      103            152         2.171e-03      1.871e-07      7.940e-02      1.743e-05   
      104            153         2.171e-03      2.613e-08      9.222e-02      1.437e-05   
      105            154         2.171e-03      1.794e-08      6.564e-02      2.283e-06   
      106            155         2.171e-03      1.644e-08      1.569e-01      2.502e-06   
      107            156         2.171e-03      4.085e-08      4.330e-01      1.753e-07   
      108            157         2.170e-03      1.164e-07      1.280e+00      1.507e-06   
      109            158         2.170e-03      3.238e-07      3.671e+00      3.177e-06   
      110            159         2.169e-03      7.899e-07      9.893e+00      2.519e-05   
      111            162         2.169e-03      2.615e-07      3.610e+00      2.790e-05   
      112            165         2.169e-03      5.596e-08      5.774e-01      2.319e-05   
      113            166         2.169e-03      6.528e-08      5.674e-01      4.397e-06   
      114            167         2.169e-03      4.989e-08      6.771e-01      5.846e-06   
      115            168         2.169e-03      1.464e-07      1.996e+00      2.133e-06   
      116            169         2.168e-03      3.827e-07      5.784e+00      1.832e-05   
      117            170         2.168e-03      8.200e-07      1.478e+01      5.501e-05   
      118            172         2.167e-03      2.581e-07      8.081e+00      6.877e-05   
      119            175         2.167e-03      1.801e-07      1.032e+00      4.571e-05   
      120            176         2.167e-03      1.088e-07      9.915e-01      2.567e-05   
      121            177         2.167e-03      4.128e-08      1.144e+00      2.985e-05   
      122            178         2.167e-03      5.553e-08      1.111e+00      2.646e-05   
      123            179         2.167e-03      7.699e-08      1.043e+00      6.858e-06   
      124            180         2.167e-03      1.179e-07      2.837e+00      2.164e-06   
      125            181         2.166e-03      2.546e-07      6.981e+00      1.529e-05   
      126            182         2.166e-03      4.705e-09      5.739e-03      1.460e-06   
      127            186         2.166e-03      2.719e-08      7.819e-01      2.136e-06   
      128            187         2.166e-03      7.349e-08      2.237e+00      2.845e-06   
      129            188         2.166e-03      8.406e-08      5.946e+00      4.183e-05   
      130            192         2.166e-03      8.703e-08      1.173e-01      9.812e-06   
      131            193         2.166e-03      1.233e-08      2.696e-01      4.145e-08   
      132            194         2.166e-03      2.101e-08      7.807e-01      2.357e-06   
      133            195         2.166e-03      5.645e-08      2.206e+00      3.725e-06   
      134            198         2.166e-03      1.728e-08      7.614e-01      1.280e-06   
      135            200         2.166e-03      3.228e-10      4.867e-01      1.594e-05   
      136            201         2.166e-03      1.666e-08      2.503e-01      1.291e-06   
      137            202         2.166e-03      4.407e-09      2.477e-01      7.299e-06   
      138            203         2.166e-03      8.047e-09      2.333e-01      1.524e-06   
      139            204         2.166e-03      1.585e-08      6.899e-01      2.672e-06   
      140            205         2.166e-03      4.030e-08      1.976e+00      8.813e-06   
      141            212         2.166e-03      2.923e-09      8.451e-04      1.292e-06   
      142            213         2.166e-03      3.830e-10      1.501e-04      1.291e-06   
      143            214         2.166e-03      3.770e-10      1.823e-04      5.477e-07   
      144            215         2.166e-03      1.633e-11      4.346e-05      3.536e-08   
      145            216         2.166e-03      4.703e-12      8.947e-05      4.032e-08   
      146            217         2.166e-03      1.237e-11      2.521e-04      3.914e-08   
      147            218         2.166e-03      3.140e-11      6.907e-04      3.616e-08   
      148            219         2.166e-03      7.147e-11      1.779e-03      3.057e-08   
      149            220         2.166e-03      1.425e-10      4.311e-03      3.486e-08   
      150            221         2.166e-03      2.909e-10      1.082e-02      7.447e-08   
      151            222         2.166e-03      6.989e-10      2.953e-02      9.305e-08   
      152            223         2.166e-03      1.928e-09      8.564e-02      8.615e-08   
      153            224         2.166e-03      5.547e-09      2.517e-01      1.464e-07   
      154            225         2.166e-03      1.575e-08      7.337e-01      4.463e-07   
      155            226         2.166e-03      4.158e-08      2.107e+00      4.061e-06   
      156            229         2.166e-03      1.500e-08      7.526e-01      3.070e-06   
      157            230         2.166e-03      1.259e-08      1.728e+00      2.001e-05   
      158            236         2.166e-03      1.524e-09      1.150e-02      5.705e-06   
      159            237         2.166e-03      7.418e-09      3.082e-03      1.263e-06   
      160            238         2.166e-03      8.749e-09      4.031e-03      5.365e-07   
      161            239         2.166e-03      1.344e-10      1.196e-03      8.872e-08   
      162            240         2.166e-03      2.540e-10      3.003e-03      7.050e-08   
      163            241         2.166e-03      4.032e-10      6.240e-03      1.530e-07   
      164            242         2.166e-03      4.978e-10      1.189e-02      3.477e-07   
      165            243         2.166e-03      6.706e-10      2.471e-02      3.601e-07   
      166            244         2.166e-03      1.273e-09      6.066e-02      3.118e-07   
      167            245         2.166e-03      3.200e-09      1.695e-01      3.033e-07   
      168            246         2.166e-03      8.827e-09      4.904e-01      4.664e-07   
      169            247         2.166e-03      2.388e-08      1.399e+00      1.523e-06   
      170            248         2.166e-03      5.278e-08      3.870e+00      1.049e-05   
      171            249         2.166e-03      4.261e-09      2.042e-03      1.510e-06   
      172            252         2.166e-03      4.934e-09      6.273e-01      1.078e-05   
      173            253         2.166e-03      1.232e-08      5.740e-01      1.290e-06   
      174            255         2.166e-03      2.417e-09      2.928e-01      7.531e-06   
      175            256         2.166e-03      4.871e-09      2.786e-01      5.594e-06   
      176            257         2.166e-03      5.229e-09      2.798e-01      1.274e-06   
      177            258         2.166e-03      5.310e-09      3.849e-01      9.876e-08   
      178            259         2.166e-03      1.381e-08      1.111e+00      2.262e-06   
      179            260         2.166e-03      1.584e-08      2.961e+00      1.904e-05   
      180            267         2.166e-03      1.304e-08      2.839e-03      2.754e-06   
      181            268         2.166e-03      1.053e-09      2.554e-04      1.305e-06   
      182            269         2.166e-03      1.338e-09      5.680e-04      1.301e-06   
      183            270         2.166e-03      2.143e-09      9.664e-04      7.453e-07   
      184            274         2.166e-03      2.643e-11      4.371e-05      5.130e-07   
      185            275         2.166e-03      1.468e-12      4.887e-06      1.081e-07   
      186            276         2.166e-03      7.842e-13      8.799e-06      5.292e-08   
      187            277         2.166e-03      2.065e-12      2.549e-05      5.283e-08   
      188            278         2.166e-03      5.633e-12      7.244e-05      5.256e-08   
      189            279         2.166e-03      1.393e-11      1.948e-04      5.166e-08   
      190            280         2.166e-03      3.045e-11      4.935e-04      4.926e-08   
      191            281         2.166e-03      6.224e-11      1.218e-03      4.406e-08   
      192            282         2.166e-03      1.105e-10      2.750e-03      3.712e-08   
      193            283         2.166e-03      1.604e-10      5.654e-03      9.300e-08   
      194            284         2.166e-03      2.316e-10      1.194e-02      1.473e-07   
      195            285         2.166e-03      4.255e-10      2.888e-02      1.498e-07   
      196            286         2.166e-03      1.022e-09      7.883e-02      1.503e-07   
      197            287         2.166e-03      2.599e-09      2.171e-01      3.909e-07   
      198            288         2.166e-03      6.694e-09      6.058e-01      7.872e-07   
      199            289         2.166e-03      1.688e-08      1.657e+00      1.484e-06   
      200            290         2.166e-03      3.276e-08      3.926e+00      5.313e-06   
      201            293         2.166e-03      2.982e-09      1.407e+00      1.322e-05   
      202            298         2.166e-03      2.469e-09      1.624e-02      1.325e-06   
      203            299         2.166e-03      5.677e-09      7.269e-03      1.993e-07   
      204            300         2.166e-03      5.049e-10      1.035e-02      3.548e-07   
      205            301         2.166e-03      2.706e-10      1.199e-02      2.629e-07   
      206            302         2.166e-03      1.748e-10      1.286e-02      1.312e-08   
      207            303         2.166e-03      3.255e-10      3.139e-02      1.566e-07   
      208            304         2.166e-03      7.703e-10      8.540e-02      1.056e-07   
      209            305         2.166e-03      1.793e-09      2.233e-01      4.898e-07   
      210            306         2.166e-03      4.460e-09      6.129e-01      6.984e-07   
      211            307         2.166e-03      1.093e-08      1.649e+00      1.525e-06   
      212            308         2.166e-03      8.356e-09      4.018e+00      1.637e-05   
      213            312         2.166e-03      1.285e-08      1.254e-01      6.417e-06   
      214            313         2.166e-03      2.390e-09      1.136e-01      2.780e-06   
      215            314         2.166e-03      8.291e-10      1.254e-01      2.248e-06   
      216            315         2.166e-03      7.653e-10      1.200e-01      1.702e-06   
      217            316         2.166e-03      8.414e-10      1.148e-01      3.893e-07   
      218            317         2.166e-03      1.818e-09      3.300e-01      9.544e-08   
      219            318         2.166e-03      4.996e-09      9.563e-01      1.087e-06   
      220            319         2.166e-03      9.522e-09      2.697e+00      6.607e-06   
      221            322         2.166e-03      1.248e-09      4.536e-01      8.135e-06   
      222            323         2.166e-03      4.416e-09      3.233e-01      1.289e-06   
      223            324         2.166e-03      1.734e-09      3.184e-01      1.948e-06   
      224            326         2.166e-03      5.788e-11      2.126e-01      4.300e-06   
      225            327         2.166e-03      1.191e-09      1.037e-01      1.285e-06   
      226            328         2.166e-03      8.650e-10      1.050e-01      3.578e-08   
      227            329         2.166e-03      1.372e-09      2.997e-01      1.815e-07   
      228            330         2.166e-03      3.584e-09      8.283e-01      1.074e-06   
      229            333         2.166e-03      9.669e-10      3.296e-01      2.681e-06   
      230            334         2.166e-03      1.616e-09      3.139e-01      1.280e-06   
      231            335         2.166e-03      1.173e-09      3.276e-01      2.125e-06   
      232            336         2.166e-03      1.348e-09      3.245e-01      9.465e-07   
      233            337         2.166e-03      9.731e-10      2.613e-01      4.132e-07   
      234            340         2.166e-03      2.860e-10      1.060e-01      8.694e-07   
      235            341         2.166e-03      2.638e-10      1.118e-01      1.263e-06   
      236            342         2.166e-03      4.522e-10      9.973e-02      9.039e-08   
      237            343         2.166e-03      1.088e-11      2.944e-03      3.072e-08   
      238            344         2.166e-03      2.107e-09      7.867e-01      8.881e-07   
      239            345         2.166e-03      3.228e-09      1.351e+00      6.216e-07   
      240            346         2.166e-03      2.122e-10      6.089e-02      9.731e-08   
      241            347         2.166e-03      6.918e-09      6.181e+00      4.107e-06   
      242            352         2.166e-03      1.542e-09      4.042e-02      3.659e-07   
      243            353         2.166e-03      2.498e-10      7.232e-02      9.512e-09   
`gtol` condition satisfied. (gtol=1.00e-08)
         Current function value: 2.166e-03
         Max scaled gradient: 9.512e-09
         Total delta_x: 4.052e-01
         Iterations: 243
         Function evaluations: 353
         Jacobian evaluations: 244
{"tag": "final", "cost": 0.0021655546107002587, "cost_targets": 0.002165535173121779, "cost_bounds": 1.9437578479339554e-08, "max_dB": 0.0014049789198399307, "max_dG_rel": 0.008792196367204816, "iota": 0.4197599830935521, "eta": 0.8215311015173917, "hel": 0.0, "max_elong": 4.665998906325757, "axis_rc": [0.92716, 0.23313, 0.03112, 0.00135, -0.00052, -9e-05], "axis_zs": [0.0, -0.09964, -0.01202, -5e-05, 0.00029, 4e-05], "max_abs_Zaxis": 0.10245772494013423, "min_dpc": 0.1477948936553166, "min_dcc": 0.03999994926035301, "max_kappa": 10.17365821686048, "Lcoil": [3.869, 3.631, 3.941, 2.995], "I_over_uniform": [1.11, 0.878, 1.218, 0.776], "n_active_bounds": 10, "L_total": 14.436655151557108, "coil_R_max": 1.8659510522948766, "coil_absz_max": 0.7722092299063767, "mean_kappa2": 0.08854494201953594, "cost_reg": 0.0018137707440594245, "cost_field": 0.0003517644290623547, "time_s": 301, "status": "`gtol` condition satisfied. (gtol=1.00e-08)", "nit": 243, "optimality": 9.511870497741212e-09}
