Running as unit: run-p1837069-i1840031.scope; invocation ID: c56ef0d3b1524776a061d30063d57216
E1002 12:50:54.343854 1837173 cuda_executor.cc:1743] Could not get kernel mode driver version: ( INVALID_ARGUMENT: Version does not match the format X.Y.Z )
E1002 12:50:54.357935 1837069 cuda_executor.cc:1743] Could not get kernel mode driver version: ( INVALID_ARGUMENT: Version does not match the format X.Y.Z )
DEVICE requested=gpu obtained=gpu (1x NVIDIA GeForce RTX 5070 Laptop GPU)
  [mem] RSS 0.83 GB  peak 0.83 GB
/home/singh/Documents/DESC2/coil_sandbox/vendor/desc/utils.py:590: UserWarning: Unequal number of field periods for grid 1 and basis 4.
  warnings.warn(msg, err)
/home/singh/Documents/DESC2/coil_sandbox/vendor/desc/utils.py:590: UserWarning: Unequal number of field periods for grid 1 and basis 4.
  warnings.warn(msg, err)
eq work/ss_qh/arcB2/ss_k4/eq_k4.h5 (h5) NFP 4 sym True; start ../sweep_qh/initial starts/start_planarN7.h5: 4 unique coils, arc=False, expect 32 coils; source grid uniform (201 nodes/coil), length grid uniform (201), constraint grid 301, curvature grid 1201; mode stage2; VACUUM (plasma field ignored)
SETTINGS {'eq': 'work/ss_qh/arcB2/ss_k4/eq_k4.h5', 'start': '../sweep_qh/initial starts/start_planarN7.h5', 'out': 'work/ss_qh/fixed_ss_eq/planarN7', 'mode': 'stage2', 'length_mult': 1.0, 'margin': 0.0, 'fix_hinges': False, 'anchor_weight': 0.001, 'margin_skip': '', 'a': None, 'bounds': 'bounds/precise_qh_gil.json', 'device': None, 'vacuum': True, 'maxiter': 400, 'check_every': 50, 'ckpt_every': 50, 'diag_log': None, 'dcc_backoff': 0.025, 'dpc_backoff': 0.02, 'no_arc_backoffs': False, 'convex_form': 'signed', 'convex_kmin': 0.0, 'convex_backoff': 0.5, 'demount_margin': None, 'demount_backoff': 0.02, 'demount_arcs': False, 'demount_delta': 0.5, 'demount_eps': 0.25, 'level_hinges': False, 'fix_hinge_z': None, 'corner_max': None, 'planarity': 'auto', 'planarity_tol': 0.0, 'speed_floor': 0.0, 'arclength_weight': 0.0, 'torsion_weight': 0.0, 'coil_grid_n': 150, 'kappa_grid_n': 600, 'eval_m': 25, 'eval_n': 25, 'plasma_m': 64, 'plasma_n': 64, 'src_gl': 24, 'src_n': 100, 'vc_m': None, 'vc_n': None, 'vc_chunk': 64, 'dcc_k': 20000, 'dpc_k': 20000, 'no_signed': False, 'dcc_neighbors': None, 'dcc_chunk': 4, 'dpc_chunk': 1, 'qf_chunk': 25, 'coil_jac_chunk': None, 'no_second_order': False, 'so_chunk': 16, 'so_rtol': 0.05, 'max_tr': 0.5, 'max_inner_iter': 100, 'ctol': 0.0001}
BOUNDS (judged, absolute, a=0.12266) L 2.926  Ltot -  kappa 13.67  kms 18.69  convex -  planar -  dcc 0.05851  dpc 0.1097
ENFORCED L 2.926  Ltot -  kappa 13.67  kms 18.69  convex -  planar -  dcc 0.05997  dpc 0.1119
E1002 12:51:14.509959 1837201 cuda_timer.cc:87] Delay kernel timed out: measured time has sub-optimal accuracy. There may be a missing warmup execution, please investigate in Nsight Systems.
START  bn 8.7296e-02  L 0.663  kappa 0.461  kMS 0.743  d_cc 1.988  d_pc 1.381  linked 0  coils 32  -> FEASIBLE
Building objective: Quadratic flux
Precomputing transforms
Timer: Precomputing transforms = 1.64 sec
ObjectiveFunction deriv_mode : blocked
Quadratic flux jac_chunk_size: 25
Timer: Objective build = 2.16 sec
Building objective: summed coil current
Building objective: fixed shift
Building objective: fixed rotation
ObjectiveFunction deriv_mode : blocked
summed coil current jac_chunk_size: None
fixed shift jac_chunk_size: None
fixed rotation jac_chunk_size: None
Timer: Objective build = 362 ms
Building objective: coil length
Precomputing transforms
Timer: Precomputing transforms = 189 ms
Building objective: coil curvature
Precomputing transforms
Timer: Precomputing transforms = 3.30 ms
Building objective: coil mean squared curvature
Precomputing transforms
Timer: Precomputing transforms = 3.05 ms
Building objective: coil-coil distance penalty
Building objective: plasma-coil distance penalty
ObjectiveFunction deriv_mode : blocked
coil length jac_chunk_size: None
coil curvature jac_chunk_size: None
coil mean squared curvature jac_chunk_size: None
coil-coil distance penalty jac_chunk_size: 4
plasma-coil distance penalty jac_chunk_size: 1
Timer: Objective build = 4.97 sec
Timer: LinearConstraintProjection build = 2.20 sec
Timer: LinearConstraintProjection build = 115 ms
Number of parameters: 87
Number of objectives: 1326
  [mem] RSS 3.07 GB  peak 3.07 GB
Number of equality constraints: 0
Number of inequality constraints: 4892
Timer: Initializing the optimization = 10.5 sec

Starting optimization
Using method: lsq-auglag
E1002 12:51:45.137617 1837187 cuda_timer.cc:87] Delay kernel timed out: measured time has sub-optimal accuracy. There may be a missing warmup execution, please investigate in Nsight Systems.
  [mem] RSS 3.66 GB  peak 3.66 GB
Solver options:
------------------------------------------------------------
Maximum Function Evaluations       : 2001
Maximum Allowed Total Δx Norm      : inf
Scaled Termination                 : True
Trust Region Method                : svd
Initial Trust Radius               : 2.917e-01
Maximum Trust Radius               : 5.000e-01
Minimum Trust Radius               : 2.220e-16
Trust Radius Increase Ratio        : 4.000e+00
Trust Radius Decrease Ratio        : 2.500e-01
Trust Radius Increase Threshold    : 7.500e-01
Trust Radius Decrease Threshold    : 5.000e-01
Alpha Omega                        : 1.000e+00
Beta Omega                         : 1.000e+00
Alpha Eta                          : 1.000e-01
Beta Eta                           : 9.000e-01
Omega                              : 1.000e-02
Eta                                : 1.000e-02
Tau                                : 1.000e+01
------------------------------------------------------------ 

   Iteration     Total nfev        Cost      Cost reduction    Step norm     Optimality    Constr viol.   Penalty param  max(|mltplr|)      gtolk     
       0              1          1.252e+02                                    5.653e+00      0.000e+00      1.000e+01      0.000e+00      1.000e-03   
second_order: compiling constraint Hessian for blocks CoilLength, CoilCurvature, CoilMeanSquaredCurvature
E1002 12:52:14.046468 1837200 cuda_timer.cc:87] Delay kernel timed out: measured time has sub-optimal accuracy. There may be a missing warmup execution, please investigate in Nsight Systems.
  [mem] RSS 4.37 GB  peak 4.37 GB
       1              2          1.191e+02      6.151e+00      7.933e-03      5.287e+00      0.000e+00      1.000e+01      0.000e+00      1.000e-03   
second_order: compiling constraint Hessian for blocks CoilLength, CoilMeanSquaredCurvature
       2              3          1.092e+02      9.876e+00      1.788e-02      4.684e+00      0.000e+00      1.000e+01      0.000e+00      1.000e-03   
  [mem] RSS 4.42 GB  peak 4.42 GB
       3              4          1.002e+02      9.023e+00      2.382e-02      4.107e+00      0.000e+00      1.000e+01      0.000e+00      1.000e-03   
       4              5          9.196e+01      8.194e+00      3.089e-02      3.589e+00      0.000e+00      1.000e+01      0.000e+00      1.000e-03   
       5              6          8.457e+01      7.397e+00      3.851e-02      3.133e+00      0.000e+00      1.000e+01      0.000e+00      1.000e-03   
       6              7          7.793e+01      6.635e+00      4.646e-02      2.828e+00      0.000e+00      1.000e+01      0.000e+00      1.000e-03   
       7              8          7.202e+01      5.915e+00      5.464e-02      2.531e+00      0.000e+00      1.000e+01      0.000e+00      1.000e-03   
second_order: compiling constraint Hessian for blocks CoilLength, CoilMeanSquaredCurvature, PlasmaCoilSetDistancePenalty
  [mem] RSS 4.48 GB  peak 4.48 GB
       8              9          6.677e+01      5.241e+00      6.304e-02      2.382e+00      6.355e-02      1.000e+01      0.000e+00      1.000e-03   
       9             10          6.264e+01      4.129e+00      7.221e-02      2.100e+00      1.023e-01      1.000e+01      0.000e+00      1.000e-03   
      10             11          5.952e+01      3.120e+00      8.090e-02      1.841e+00      8.714e-02      1.000e+01      0.000e+00      1.000e-03   
  [mem] RSS 4.69 GB  peak 4.69 GB
      11             12          5.677e+01      2.754e+00      8.388e-02      1.686e+00      9.085e-02      1.000e+01      0.000e+00      1.000e-03   
      12             13          5.457e+01      2.203e+00      8.668e-02      1.595e+00      9.212e-02      1.000e+01      0.000e+00      1.000e-03   
      13             14          5.265e+01      1.919e+00      8.724e-02      1.516e+00      9.166e-02      1.000e+01      0.000e+00      1.000e-03   
      14             15          5.099e+01      1.654e+00      8.720e-02      1.338e+00      1.057e-01      1.000e+01      0.000e+00      1.000e-03   
      15             16          4.980e+01      1.191e+00      7.314e-02      6.436e-01      9.027e-02      1.000e+01      0.000e+00      1.000e-03   
  [mem] RSS 4.69 GB  peak 4.69 GB
second_order: compiling constraint Hessian for blocks CoilLength, CoilCurvature, CoilMeanSquaredCurvature, PlasmaCoilSetDistancePenalty
  [mem] RSS 4.97 GB  peak 4.97 GB
      16             17          4.874e+01      1.062e+00      6.457e-02      6.056e-01      9.054e-02      1.000e+01      0.000e+00      1.000e-03   
      17             18          4.777e+01      9.666e-01      6.026e-02      5.681e-01      9.103e-02      1.000e+01      0.000e+00      1.000e-03   
      18             19          4.688e+01      8.976e-01      5.749e-02      5.372e-01      9.168e-02      1.000e+01      0.000e+00      1.000e-03   
      19             20          4.603e+01      8.449e-01      5.550e-02      5.054e-01      9.254e-02      1.000e+01      0.000e+00      1.000e-03   
      20             21          4.523e+01      8.011e-01      5.393e-02      4.756e-01      9.307e-02      1.000e+01      0.000e+00      1.000e-03   
      21             22          4.447e+01      7.646e-01      5.266e-02      4.420e-01      9.349e-02      1.000e+01      0.000e+00      1.000e-03   
  [mem] RSS 4.99 GB  peak 4.99 GB
      22             23          4.373e+01      7.318e-01      5.153e-02      4.161e-01      9.387e-02      1.000e+01      0.000e+00      1.000e-03   
      23             24          4.303e+01      7.033e-01      5.055e-02      3.918e-01      9.417e-02      1.000e+01      0.000e+00      1.000e-03   
      24             25          4.235e+01      6.765e-01      4.976e-02      3.792e-01      9.424e-02      1.000e+01      0.000e+00      1.000e-03   
      25             26          4.170e+01      6.513e-01      4.907e-02      3.708e-01      9.412e-02      1.000e+01      0.000e+00      1.000e-03   
      26             27          4.107e+01      6.286e-01      4.848e-02      3.619e-01      9.389e-02      1.000e+01      0.000e+00      1.000e-03   
  [mem] RSS 4.99 GB  peak 4.99 GB
      27             28          4.047e+01      6.084e-01      4.799e-02      3.546e-01      9.358e-02      1.000e+01      0.000e+00      1.000e-03   
      28             29          3.987e+01      5.909e-01      4.757e-02      3.451e-01      9.337e-02      1.000e+01      0.000e+00      1.000e-03   
      29             30          3.930e+01      5.745e-01      4.726e-02      3.368e-01      9.309e-02      1.000e+01      0.000e+00      1.000e-03   
      30             31          3.874e+01      5.597e-01      4.701e-02      3.291e-01      9.274e-02      1.000e+01      0.000e+00      1.000e-03   
      31             32          3.820e+01      5.455e-01      4.679e-02      3.206e-01      9.238e-02      1.000e+01      0.000e+00      1.000e-03   
      32             33          3.766e+01      5.330e-01      4.663e-02      3.118e-01      9.204e-02      1.000e+01      0.000e+00      1.000e-03   
  [mem] RSS 4.99 GB  peak 4.99 GB
      33             34          3.714e+01      5.209e-01      4.651e-02      3.046e-01      9.163e-02      1.000e+01      0.000e+00      1.000e-03   
      34             35          3.663e+01      5.100e-01      4.641e-02      2.986e-01      9.114e-02      1.000e+01      0.000e+00      1.000e-03   
      35             36          3.613e+01      4.996e-01      4.631e-02      2.952e-01      9.058e-02      1.000e+01      0.000e+00      1.000e-03   
      36             37          3.564e+01      4.897e-01      4.626e-02      2.922e-01      9.003e-02      1.000e+01      0.000e+00      1.000e-03   
      37             38          3.516e+01      4.804e-01      4.623e-02      2.899e-01      8.947e-02      1.000e+01      0.000e+00      1.000e-03   
  [mem] RSS 4.99 GB  peak 4.99 GB
      38             39          3.469e+01      4.718e-01      4.621e-02      2.882e-01      8.892e-02      1.000e+01      0.000e+00      1.000e-03   
      39             40          3.423e+01      4.634e-01      4.621e-02      2.856e-01      8.836e-02      1.000e+01      0.000e+00      1.000e-03   
      40             41          3.377e+01      4.555e-01      4.623e-02      2.833e-01      8.781e-02      1.000e+01      0.000e+00      1.000e-03   
      41             42          3.332e+01      4.480e-01      4.627e-02      2.809e-01      8.725e-02      1.000e+01      0.000e+00      1.000e-03   
      42             43          3.288e+01      4.410e-01      4.631e-02      2.787e-01      8.668e-02      1.000e+01      0.000e+00      1.000e-03   
      43             44          3.245e+01      4.341e-01      4.638e-02      2.768e-01      8.613e-02      1.000e+01      0.000e+00      1.000e-03   
  [mem] RSS 4.99 GB  peak 4.99 GB
      44             45          3.202e+01      4.272e-01      4.647e-02      2.743e-01      8.557e-02      1.000e+01      0.000e+00      1.000e-03   
      45             46          3.160e+01      4.207e-01      4.655e-02      2.718e-01      8.504e-02      1.000e+01      0.000e+00      1.000e-03   
      46             47          3.119e+01      4.144e-01      4.661e-02      2.694e-01      8.455e-02      1.000e+01      0.000e+00      1.000e-03   
      47             48          3.078e+01      4.082e-01      4.671e-02      2.666e-01      8.407e-02      1.000e+01      0.000e+00      1.000e-03   
      48             49          3.038e+01      4.022e-01      4.681e-02      2.639e-01      8.362e-02      1.000e+01      0.000e+00      1.000e-03   
  [mem] RSS 4.99 GB  peak 4.99 GB
      49             50          2.998e+01      3.966e-01      4.690e-02      2.618e-01      8.311e-02      1.000e+01      0.000e+00      1.000e-03   
  [it   50] bn 4.0368e-02  L 0.773  kappa 0.835  kMS 1.018  d_cc 1.364  d_pc 0.987  -> FAILS kMS,d_pc
      50             51          2.959e+01      3.907e-01      4.700e-02      2.591e-01      8.263e-02      1.000e+01      0.000e+00      1.000e-03   
      51             52          2.920e+01      3.851e-01      4.708e-02      2.564e-01      8.212e-02      1.000e+01      0.000e+00      1.000e-03   
      52             53          2.882e+01      3.797e-01      4.718e-02      2.537e-01      8.167e-02      1.000e+01      0.000e+00      1.000e-03   
      53             54          2.845e+01      3.744e-01      4.727e-02      2.508e-01      8.121e-02      1.000e+01      0.000e+00      1.000e-03   
  [mem] RSS 5.00 GB  peak 5.00 GB
      54             55          2.808e+01      3.693e-01      4.735e-02      2.482e-01      8.074e-02      1.000e+01      0.000e+00      1.000e-03   
      55             56          2.771e+01      3.643e-01      4.743e-02      2.457e-01      8.029e-02      1.000e+01      0.000e+00      1.000e-03   
      56             57          2.736e+01      3.594e-01      4.751e-02      2.431e-01      7.988e-02      1.000e+01      0.000e+00      1.000e-03   
      57             58          2.700e+01      3.546e-01      4.759e-02      2.406e-01      7.946e-02      1.000e+01      0.000e+00      1.000e-03   
      58             59          2.665e+01      3.497e-01      4.767e-02      2.379e-01      7.906e-02      1.000e+01      0.000e+00      1.000e-03   
      59             60          2.631e+01      3.452e-01      4.775e-02      2.356e-01      7.865e-02      1.000e+01      0.000e+00      1.000e-03   
  [mem] RSS 5.00 GB  peak 5.00 GB
      60             61          2.597e+01      3.407e-01      4.782e-02      2.329e-01      7.824e-02      1.000e+01      0.000e+00      1.000e-03   
      61             62          2.563e+01      3.362e-01      4.790e-02      2.302e-01      7.784e-02      1.000e+01      0.000e+00      1.000e-03   
      62             63          2.530e+01      3.319e-01      4.797e-02      2.278e-01      7.743e-02      1.000e+01      0.000e+00      1.000e-03   
      63             64          2.497e+01      3.277e-01      4.804e-02      2.252e-01      7.701e-02      1.000e+01      0.000e+00      1.000e-03   
      64             65          2.465e+01      3.236e-01      4.811e-02      2.228e-01      7.662e-02      1.000e+01      0.000e+00      1.000e-03   
  [mem] RSS 5.04 GB  peak 5.04 GB
      65             66          2.433e+01      3.195e-01      4.818e-02      2.205e-01      7.620e-02      1.000e+01      0.000e+00      1.000e-03   
      66             67          2.401e+01      3.154e-01      4.827e-02      2.185e-01      7.574e-02      1.000e+01      0.000e+00      1.000e-03   
      67             68          2.370e+01      3.113e-01      4.836e-02      2.164e-01      7.551e-02      1.000e+01      0.000e+00      1.000e-03   
      68             69          2.339e+01      3.074e-01      4.845e-02      2.145e-01      7.525e-02      1.000e+01      0.000e+00      1.000e-03   
      69             70          2.309e+01      3.036e-01      4.853e-02      2.126e-01      7.503e-02      1.000e+01      0.000e+00      1.000e-03   
      70             71          2.279e+01      2.998e-01      4.861e-02      2.108e-01      7.477e-02      1.000e+01      0.000e+00      1.000e-03   
  [mem] RSS 5.04 GB  peak 5.04 GB
      71             72          2.249e+01      2.960e-01      4.867e-02      2.089e-01      7.439e-02      1.000e+01      0.000e+00      1.000e-03   
      72             73          2.220e+01      2.923e-01      4.874e-02      2.071e-01      7.402e-02      1.000e+01      0.000e+00      1.000e-03   
      73             74          2.191e+01      2.887e-01      4.881e-02      2.053e-01      7.365e-02      1.000e+01      0.000e+00      1.000e-03   
second_order: compiling constraint Hessian for blocks CoilLength, CoilCurvature, CoilMeanSquaredCurvature, CoilSetDistancePenalty, PlasmaCoilSetDistancePenalty
  [mem] RSS 5.19 GB  peak 5.19 GB
  [mem] RSS 5.45 GB  peak 5.45 GB
      74             75          2.163e+01      2.851e-01      4.886e-02      2.035e-01      7.332e-02      1.000e+01      0.000e+00      1.000e-03   
      75             76          2.135e+01      2.813e-01      4.888e-02      2.017e-01      7.304e-02      1.000e+01      0.000e+00      1.000e-03   
      76             77          2.107e+01      2.776e-01      4.890e-02      1.999e-01      7.279e-02      1.000e+01      0.000e+00      1.000e-03   
      77             78          2.079e+01      2.739e-01      4.892e-02      1.982e-01      7.246e-02      1.000e+01      0.000e+00      1.000e-03   
      78             79          2.052e+01      2.704e-01      4.895e-02      1.964e-01      7.217e-02      1.000e+01      0.000e+00      1.000e-03   
      79             80          2.026e+01      2.669e-01      4.899e-02      1.947e-01      7.186e-02      1.000e+01      0.000e+00      1.000e-03   
  [mem] RSS 5.46 GB  peak 5.46 GB
      80             81          1.999e+01      2.636e-01      4.902e-02      1.929e-01      7.152e-02      1.000e+01      0.000e+00      1.000e-03   
      81             82          1.973e+01      2.601e-01      4.904e-02      1.912e-01      7.112e-02      1.000e+01      0.000e+00      1.000e-03   
      82             83          1.948e+01      2.569e-01      4.907e-02      1.894e-01      7.074e-02      1.000e+01      0.000e+00      1.000e-03   
      83             84          1.922e+01      2.537e-01      4.912e-02      1.877e-01      7.030e-02      1.000e+01      0.000e+00      1.000e-03   
      84             85          1.897e+01      2.505e-01      4.918e-02      1.860e-01      6.980e-02      1.000e+01      0.000e+00      1.000e-03   
  [mem] RSS 5.46 GB  peak 5.46 GB
      85             86          1.872e+01      2.470e-01      4.919e-02      1.843e-01      6.930e-02      1.000e+01      0.000e+00      1.000e-03   
      86             87          1.848e+01      2.431e-01      4.915e-02      1.827e-01      6.881e-02      1.000e+01      0.000e+00      1.000e-03   
      87             88          1.824e+01      2.392e-01      4.906e-02      1.811e-01      6.836e-02      1.000e+01      0.000e+00      1.000e-03   
      88             89          1.801e+01      2.354e-01      4.895e-02      1.795e-01      6.786e-02      1.000e+01      0.000e+00      1.000e-03   
      89             90          1.778e+01      2.317e-01      4.886e-02      1.778e-01      6.738e-02      1.000e+01      0.000e+00      1.000e-03   
  [mem] RSS 5.46 GB  peak 5.46 GB
      90             91          1.755e+01      2.281e-01      4.879e-02      1.762e-01      6.689e-02      1.000e+01      0.000e+00      1.000e-03   
      91             92          1.732e+01      2.248e-01      4.870e-02      1.746e-01      6.646e-02      1.000e+01      0.000e+00      1.000e-03   
      92             93          1.710e+01      2.215e-01      4.861e-02      1.729e-01      6.605e-02      1.000e+01      0.000e+00      1.000e-03   
      93             94          1.688e+01      2.183e-01      4.855e-02      1.713e-01      6.567e-02      1.000e+01      0.000e+00      1.000e-03   
      94             95          1.667e+01      2.151e-01      4.849e-02      1.697e-01      6.526e-02      1.000e+01      0.000e+00      1.000e-03   
      95             96          1.646e+01      2.120e-01      4.843e-02      1.681e-01      6.482e-02      1.000e+01      0.000e+00      1.000e-03   
  [mem] RSS 5.46 GB  peak 5.46 GB
      96             97          1.625e+01      2.091e-01      4.837e-02      1.665e-01      6.444e-02      1.000e+01      0.000e+00      1.000e-03   
      97             98          1.604e+01      2.062e-01      4.833e-02      1.648e-01      6.400e-02      1.000e+01      0.000e+00      1.000e-03   
      98             99          1.584e+01      2.034e-01      4.828e-02      1.633e-01      6.357e-02      1.000e+01      0.000e+00      1.000e-03   
      99             100         1.564e+01      2.005e-01      4.824e-02      1.616e-01      6.308e-02      1.000e+01      0.000e+00      1.000e-03   
second_order: compiling constraint Hessian for blocks CoilMeanSquaredCurvature, CoilSetDistancePenalty, PlasmaCoilSetDistancePenalty
  [mem] RSS 5.47 GB  peak 5.47 GB
  [it  100] bn 2.8889e-02  L 0.912  kappa 0.820  kMS 1.014  d_cc 0.948  d_pc 0.989  -> FAILS kMS,d_cc,d_pc
      100            101         1.544e+01      1.979e-01      4.820e-02      7.807e-01      6.264e-02      1.017e+01      5.527e-02      7.807e-02   
  [mem] RSS 5.51 GB  peak 5.51 GB
      101            102         1.550e+01     -6.165e-02      1.725e-02      3.192e-01      3.637e-02      1.017e+01      5.527e-02      7.807e-02   
      102            103         1.548e+01      1.887e-02      2.554e-02      1.460e-01      2.325e-02      1.017e+01      5.527e-02      7.807e-02   
      103            104         1.542e+01      5.773e-02      2.457e-02      9.355e-02      1.813e-02      1.017e+01      5.527e-02      7.807e-02   
      104            105         1.534e+01      8.162e-02      2.514e-02      8.085e-02      1.674e-02      1.017e+01      5.527e-02      7.807e-02   
      105            106         1.525e+01      8.999e-02      2.536e-02      7.847e-02      1.652e-02      1.017e+01      5.527e-02      7.807e-02   
second_order: compiling constraint Hessian for blocks CoilSetDistancePenalty, PlasmaCoilSetDistancePenalty
  [mem] RSS 5.51 GB  peak 5.51 GB
      106            107         1.516e+01      9.154e-02      2.536e-02      6.371e-01      1.645e-02      1.145e+01      3.178e-01      6.371e-02   
      107            108         1.516e+01     -1.967e-03      1.713e-02      2.466e-01      9.195e-03      1.145e+01      3.178e-01      6.371e-02   
      108            109         1.514e+01      2.405e-02      1.795e-02      1.153e-01      5.949e-03      1.145e+01      3.178e-01      6.371e-02   
  [mem] RSS 5.56 GB  peak 5.56 GB
      109            110         1.509e+01      4.865e-02      1.925e-02      7.544e-02      4.678e-03      1.145e+01      3.178e-01      6.371e-02   
      110            111         1.502e+01      6.511e-02      2.003e-02      6.567e-02      4.321e-03      1.145e+01      3.178e-01      6.371e-02   
      111            112         1.495e+01      7.095e-02      2.038e-02      6.384e-02      4.245e-03      1.145e+01      3.178e-01      6.371e-02   
      112            113         1.488e+01      7.213e-02      2.048e-02      1.273e-01      4.239e-03      1.145e+01      4.239e+00      1.273e-02   
      113            114         1.484e+01      3.704e-02      1.777e-02      7.886e-02      2.814e-03      1.145e+01      4.239e+00      1.273e-02   
  [mem] RSS 5.56 GB  peak 5.56 GB
      114            115         1.479e+01      5.879e-02      1.922e-02      6.609e-02      2.369e-03      1.145e+01      4.239e+00      1.273e-02   
      115            116         1.472e+01      6.843e-02      1.972e-02      6.337e-02      2.297e-03      1.145e+01      4.239e+00      1.273e-02   
      116            117         1.465e+01      7.062e-02      1.992e-02      6.270e-02      2.277e-03      1.145e+01      4.239e+00      1.273e-02   
      117            118         1.458e+01      7.095e-02      2.001e-02      6.234e-02      2.265e-03      1.145e+01      4.239e+00      1.273e-02   
      118            119         1.450e+01      7.091e-02      2.004e-02      6.203e-02      2.256e-03      1.145e+01      4.239e+00      1.273e-02   
      119            120         1.443e+01      7.075e-02      2.004e-02      6.174e-02      2.247e-03      1.145e+01      4.239e+00      1.273e-02   
  [mem] RSS 5.56 GB  peak 5.56 GB
      120            121         1.436e+01      7.054e-02      2.007e-02      6.147e-02      2.239e-03      1.145e+01      4.239e+00      1.273e-02   
      121            122         1.429e+01      7.035e-02      2.004e-02      6.120e-02      2.235e-03      1.145e+01      4.239e+00      1.273e-02   
      122            123         1.422e+01      7.003e-02      2.003e-02      6.094e-02      2.227e-03      1.145e+01      4.239e+00      1.273e-02   
      123            124         1.415e+01      6.973e-02      2.002e-02      6.068e-02      2.220e-03      1.145e+01      4.239e+00      1.273e-02   
      124            125         1.408e+01      6.941e-02      2.001e-02      6.043e-02      2.207e-03      1.145e+01      4.239e+00      1.273e-02   
      125            126         1.401e+01      6.915e-02      2.001e-02      6.017e-02      2.194e-03      1.145e+01      4.239e+00      1.273e-02   
  [mem] RSS 5.56 GB  peak 5.56 GB
      126            127         1.395e+01      6.882e-02      2.000e-02      5.992e-02      2.179e-03      1.145e+01      4.239e+00      1.273e-02   
      127            128         1.388e+01      6.855e-02      1.999e-02      5.967e-02      2.168e-03      1.145e+01      4.239e+00      1.273e-02   
      128            129         1.381e+01      6.825e-02      2.001e-02      5.941e-02      2.159e-03      1.145e+01      4.239e+00      1.273e-02   
      129            130         1.374e+01      6.797e-02      1.999e-02      5.916e-02      2.150e-03      1.145e+01      4.239e+00      1.273e-02   
      130            131         1.367e+01      6.765e-02      1.998e-02      5.892e-02      2.141e-03      1.145e+01      4.239e+00      1.273e-02   
  [mem] RSS 5.56 GB  peak 5.56 GB
      131            132         1.361e+01      6.735e-02      1.997e-02      5.867e-02      2.132e-03      1.145e+01      4.239e+00      1.273e-02   
      132            133         1.354e+01      6.699e-02      1.995e-02      5.843e-02      2.120e-03      1.145e+01      4.239e+00      1.273e-02   
      133            134         1.347e+01      6.674e-02      1.993e-02      5.821e-02      2.110e-03      1.145e+01      4.239e+00      1.273e-02   
      134            135         1.341e+01      6.637e-02      1.992e-02      5.797e-02      2.098e-03      1.145e+01      4.239e+00      1.273e-02   
      135            136         1.334e+01      6.607e-02      1.989e-02      5.772e-02      2.091e-03      1.145e+01      4.239e+00      1.273e-02   
      136            137         1.327e+01      6.573e-02      1.989e-02      5.749e-02      2.081e-03      1.145e+01      4.239e+00      1.273e-02   
  [mem] RSS 5.56 GB  peak 5.56 GB
      137            138         1.321e+01      6.538e-02      1.988e-02      5.725e-02      2.071e-03      1.145e+01      4.239e+00      1.273e-02   
      138            139         1.314e+01      6.508e-02      1.986e-02      5.702e-02      2.064e-03      1.145e+01      4.239e+00      1.273e-02   
      139            140         1.308e+01      6.473e-02      1.983e-02      5.679e-02      2.056e-03      1.145e+01      4.239e+00      1.273e-02   
      140            141         1.301e+01      6.443e-02      1.981e-02      5.656e-02      2.050e-03      1.145e+01      4.239e+00      1.273e-02   
      141            142         1.295e+01      6.411e-02      1.979e-02      5.634e-02      2.044e-03      1.145e+01      4.239e+00      1.273e-02   
  [mem] RSS 5.56 GB  peak 5.56 GB
      142            143         1.289e+01      6.377e-02      1.975e-02      5.611e-02      2.037e-03      1.145e+01      4.239e+00      1.273e-02   
      143            144         1.282e+01      6.341e-02      1.973e-02      5.588e-02      2.045e-03      1.145e+01      4.239e+00      1.273e-02   
      144            145         1.276e+01      6.313e-02      1.971e-02      5.565e-02      2.256e-03      1.145e+01      4.239e+00      1.273e-02   
      145            146         1.270e+01      6.282e-02      1.968e-02      5.543e-02      2.418e-03      1.145e+01      4.239e+00      1.273e-02   
      146            147         1.263e+01      6.249e-02      1.966e-02      5.520e-02      2.606e-03      1.145e+01      4.239e+00      1.273e-02   
      147            148         1.257e+01      6.218e-02      1.963e-02      5.498e-02      2.787e-03      1.145e+01      4.239e+00      1.273e-02   
  [mem] RSS 5.56 GB  peak 5.56 GB
      148            149         1.251e+01      6.188e-02      1.959e-02      5.475e-02      2.994e-03      1.145e+01      4.239e+00      1.273e-02   
      149            150         1.245e+01      6.135e-02      1.950e-02      5.452e-02      3.230e-03      1.145e+01      4.239e+00      1.273e-02   
  [it  150] bn 2.5627e-02  L 0.976  kappa 0.920  kMS 1.002  d_cc 1.006  d_pc 1.008  -> FAILS kMS
      150            151         1.239e+01      6.106e-02      1.945e-02      5.430e-02      3.365e-03      1.145e+01      4.239e+00      1.273e-02   
      151            152         1.233e+01      6.072e-02      1.941e-02      5.407e-02      3.396e-03      1.145e+01      4.239e+00      1.273e-02   
Traceback (most recent call last):
  File "/home/singh/Documents/DESC2/coil_sandbox/run_one.py", line 483, in <module>
    main()
  File "/home/singh/Documents/DESC2/coil_sandbox/run_one.py", line 433, in main
    (cs1,), res = Optimizer("lsq-auglag").optimize(cs0, objective=objective, constraints=tuple(cons),
                  ^^^^^^^^^^^^^^^^^^^^^^^^^^^^^^^^^^^^^^^^^^^^^^^^^^^^^^^^^^^^^^^^^^^^^^^^^^^^^^^^^^^
  File "/home/singh/Documents/DESC2/coil_sandbox/vendor/desc/optimize/optimizer.py", line 322, in optimize
    result = optimizers[method]["fun"](
             ^^^^^^^^^^^^^^^^^^^^^^^^^^
  File "/home/singh/Documents/DESC2/coil_sandbox/vendor/desc/optimize/_desc_wrappers.py", line 394, in _optimize_desc_aug_lagrangian_least_squares
    result = lsq_auglag(
             ^^^^^^^^^^^
  File "/home/singh/Documents/DESC2/coil_sandbox/vendor/desc/optimize/aug_lagrangian_ls.py", line 982, in lsq_auglag
    eig_h = jnp.linalg.eigh(B_h)
            ^^^^^^^^^^^^^^^^^^^^
  File "<string>", line 1, in <lambda>
KeyboardInterrupt
