Running as unit: run-p1087145-i1088664.scope; invocation ID: 4a04d58d55124ff6bb3b111b27722464
E0922 00:22:18.323566 1087232 cuda_executor.cc:1743] Could not get kernel mode driver version: ( INVALID_ARGUMENT: Version does not match the format X.Y.Z )
E0922 00:22:18.336368 1087145 cuda_executor.cc:1743] Could not get kernel mode driver version: ( INVALID_ARGUMENT: Version does not match the format X.Y.Z )
DEVICE requested=gpu obtained=gpu (1x NVIDIA GeForce RTX 5070 Laptop GPU)
  [mem] RSS 0.83 GB  peak 0.83 GB
/home/singh/Documents/DESC2/coil_sandbox/vendor/desc/utils.py:590: UserWarning: Unequal number of field periods for grid 1 and basis 2.
  warnings.warn(msg, err)
/home/singh/Documents/DESC2/coil_sandbox/vendor/desc/utils.py:590: UserWarning: Unequal number of field periods for grid 1 and basis 2.
  warnings.warn(msg, err)
JOINT PLANE: every hinge snapped to z = 1.5 m and held there (largest move 0.0000 m; the START line below is AFTER the snap)
eq sample_equilibria/helios_repro.h5 (h5) NFP 2 sym True; start work/helios/arc16/midplane/z1.50/start.h5: 4 unique coils, arc=True, expect 16 coils; source grid gl (48 nodes/coil), length grid gl (48), constraint grid 301, curvature grid 301; mode feasibility; plasma field included (virtual casing)
SETTINGS {'eq': 'sample_equilibria/helios_repro.h5', 'start': 'work/helios/arc16/midplane/z1.50/start.h5', 'out': 'work/helios/arc16/midplane/z1.50/repair', 'mode': 'feasibility', 'length_mult': 1.0, 'margin': 0.1, 'fix_hinges': False, 'anchor_weight': 1.0, 'margin_skip': 'L', 'a': None, 'bounds': 'bounds/helios_cold_L28_d10.json', 'device': None, 'vacuum': False, 'maxiter': 300, 'check_every': 25, 'ckpt_every': 50, 'diag_log': None, 'dcc_backoff': 0.025, 'dpc_backoff': 0.02, 'no_arc_backoffs': False, 'convex_form': 'signed', 'convex_kmin': 0.0, 'convex_backoff': 0.5, 'demount_margin': 0.3, 'demount_backoff': 0.02, 'demount_arcs': False, 'demount_delta': 0.5, 'demount_eps': 0.25, 'level_hinges': False, 'fix_hinge_z': 1.5, 'corner_max': None, 'planarity': 'auto', 'planarity_tol': 0.0, 'speed_floor': 0.0, 'arclength_weight': 0.0, 'torsion_weight': 0.0, 'coil_grid_n': 150, 'kappa_grid_n': None, 'eval_m': 25, 'eval_n': 25, 'plasma_m': 64, 'plasma_n': 64, 'src_gl': 24, 'src_n': 400, 'vc_m': None, 'vc_n': None, 'vc_chunk': 64, 'dcc_k': 20000, 'dpc_k': 20000, 'no_signed': False, 'dcc_neighbors': None, 'dcc_chunk': 4, 'dpc_chunk': 1, 'qf_chunk': 25, 'coil_jac_chunk': None, 'no_second_order': False, 'so_chunk': 8, 'so_rtol': 0.05, 'max_tr': 0.5, 'max_inner_iter': 100, 'ctol': 0.0001}
BOUNDS (judged, absolute, a=1.77186) L 28  Ltot -  kappa 1.5  kms -  convex 0.001  planar -  dcc 1  dpc 1
TARGET (margin 0.1) L 28  Ltot -  kappa 1.35  kms -  convex 0.001  planar -  dcc 1.1  dpc 1.1
ENFORCED L 28  Ltot -  kappa 1.343  kms -  convex 0.0005  planar -  dcc 1.137  dpc 1.122  (convexity: signed, kappa_s >= 0.0)
/home/singh/Documents/DESC2/coil_sandbox/vendor/desc/utils.py:590: UserWarning: Unequal number of field periods for grid 1 and basis 2.
  warnings.warn(msg, err)
/home/singh/Documents/DESC2/coil_sandbox/vendor/desc/utils.py:590: UserWarning: Unequal number of field periods for grid 1 and basis 2.
  warnings.warn(msg, err)
  [mem] RSS 2.94 GB  peak 2.94 GB
START  bn 7.7204e-02  L 0.994  kappa 0.184  convex 0.000  d_cc 1.132  d_pc 1.082  linked 0  coils 16  -> FEASIBLE  demount: min hinge clearance +2.055 m, worst arc blocked 0.00%  -> REMOVABLE
Building objective: fixed parameters
Timer: Objective build = 630 ms
Building objective: hinge joint plane
Building objective: fixed coil current
Building objective: fixed shift
Building objective: fixed rotation
Building objective: fixed arc reference
Timer: Objective build = 166 ms
Building objective: coil length
Precomputing transforms
Timer: Precomputing transforms = 114 us
Building objective: coil curvature
Precomputing transforms
Timer: Precomputing transforms = 69.8 us
Building objective: coil signed curvature
Precomputing transforms
Timer: Precomputing transforms = 69.8 us
Building objective: hinge shadow clearance
  hinge shadow: 8 hinges, 4 outboard, 4 inboard
Building objective: coil-coil distance penalty
Building objective: plasma-coil distance penalty
Timer: Objective build = 5.89 sec
Timer: LinearConstraintProjection build = 2.49 sec
Timer: LinearConstraintProjection build = 124 ms
Number of parameters: 64
Number of objectives: 148
Number of equality constraints: 0
Number of inequality constraints: 2482
Timer: Initializing the optimization = 10.1 sec

Starting optimization
Using method: lsq-auglag
/home/singh/Documents/DESC2/coil_sandbox/vendor/desc/utils.py:590: FutureWarning: constants is deprecated and will be removed in a future release. Users should not include constants in the arguments of their objective compute methods. Instead declare all the constants in the build method and use as self._constants.
  warnings.warn(msg, err)
  [mem] RSS 4.10 GB  peak 4.10 GB
/home/singh/Documents/DESC2/coil_sandbox/vendor/desc/utils.py:590: FutureWarning: constants is deprecated and will be removed in a future release. Users should not include constants in the arguments of their objective compute methods. Instead declare all the constants in the build method and use as self._constants.
  warnings.warn(msg, err)
  [mem] RSS 4.66 GB  peak 4.68 GB
second_order: compiling constraint Hessian for blocks PlasmaCoilSetDistancePenalty
Solver options:
------------------------------------------------------------
Maximum Function Evaluations       : 1501
Maximum Allowed Total Δx Norm      : inf
Scaled Termination                 : True
Trust Region Method                : svd
Initial Trust Radius               : 2.478e-01
Maximum Trust Radius               : 5.000e-01
Minimum Trust Radius               : 2.220e-16
Trust Radius Increase Ratio        : 4.000e+00
Trust Radius Decrease Ratio        : 2.500e-01
Trust Radius Increase Threshold    : 7.500e-01
Trust Radius Decrease Threshold    : 5.000e-01
Alpha Omega                        : 1.000e+00
Beta Omega                         : 1.000e+00
Alpha Eta                          : 1.000e-01
Beta Eta                           : 9.000e-01
Omega                              : 1.000e-02
Eta                                : 1.000e-02
Tau                                : 1.000e+01
------------------------------------------------------------ 

   Iteration     Total nfev        Cost      Cost reduction    Step norm     Optimality    Constr viol.   Penalty param  max(|mltplr|)      gtolk     
       0              1          0.000e+00                                    3.431e-02      1.260e-02      1.000e+01      0.000e+00      1.000e-03   
second_order: compiling constraint Hessian for blocks CoilSetDistancePenalty, PlasmaCoilSetDistancePenalty
E0922 00:24:17.703731 1087258 cuda_timer.cc:87] Delay kernel timed out: measured time has sub-optimal accuracy. There may be a missing warmup execution, please investigate in Nsight Systems.
  [mem] RSS 5.18 GB  peak 5.18 GB
       1              2          9.556e-06     -9.556e-06      5.490e-03      1.167e-02      6.862e-03      1.000e+01      0.000e+00      1.000e-03   
       2              3          2.601e-05     -1.646e-05      4.376e-03      3.575e-03      3.853e-03      1.000e+01      0.000e+00      1.000e-03   
       3              4          4.209e-05     -1.608e-05      2.678e-03      3.064e-03      2.502e-03      1.000e+01      2.502e-02      3.064e-04   
       4              5          6.597e-05     -2.388e-05      3.201e-03      6.428e-04      1.365e-03      1.000e+01      2.502e-02      3.064e-04   
       5              6          7.470e-05     -8.727e-06      1.025e-03      5.244e-03      1.089e-03      1.004e+01      2.502e-02      5.244e-04   
       6              7          9.610e-05     -2.141e-05      2.257e-03      1.143e-03      6.087e-04      1.004e+01      2.502e-02      5.244e-04   
       7              8          1.039e-04     -7.749e-06      8.480e-04      1.636e-03      4.814e-04      1.004e+01      7.316e-02      1.636e-04   
       8              9          1.166e-04     -1.273e-05      1.173e-03      2.855e-04      3.243e-04      1.004e+01      7.316e-02      1.636e-04   
       9             10          1.195e-04     -2.961e-06      2.903e-04      6.759e-04      2.940e-04      1.004e+01      1.026e-01      6.759e-05   
      10             11          1.267e-04     -7.146e-06      6.097e-04      4.025e-03      2.303e-04      1.040e+01      1.026e-01      4.025e-04   
      11             12          1.400e-04     -1.334e-05      1.195e-03      9.408e-04      1.405e-04      1.040e+01      1.026e-01      4.025e-04   
      12             13          1.448e-04     -4.812e-06      4.163e-04      1.522e-03      1.156e-04      1.040e+01      2.181e-01      1.522e-04   
      13             14          1.543e-04     -9.468e-06      7.814e-04      1.627e-04      7.609e-05      1.040e+01      2.181e-01      1.522e-04   
      14             15          1.555e-04     -1.146e-06      8.627e-05      6.507e-04      7.205e-05      1.040e+01      2.902e-01      6.507e-05   
      15             16          1.603e-04     -4.801e-06      4.033e-04      4.675e-04      5.680e-05      1.040e+01      3.470e-01      4.675e-05   
  [mem] RSS 5.22 GB  peak 5.22 GB
      16             17          1.638e-04     -3.498e-06      2.714e-04      3.337e-04      4.726e-05      1.040e+01      3.942e-01      3.337e-05   
      17             18          1.662e-04     -2.473e-06      1.964e-04      2.603e-04      4.127e-05      1.040e+01      4.355e-01      2.603e-05   
      18             19          1.681e-04     -1.882e-06      1.518e-04      2.149e-04      3.712e-05      1.040e+01      4.726e-01      2.149e-05   
      19             20          1.696e-04     -1.509e-06      1.234e-04      1.837e-04      3.403e-05      1.040e+01      5.067e-01      1.837e-05   
      20             21          1.709e-04     -1.253e-06      1.036e-04      1.669e-04      3.163e-05      1.040e+01      5.383e-01      1.669e-05   
      21             22          1.720e-04     -1.105e-06      8.107e-05      1.432e-04      2.963e-05      1.040e+01      5.679e-01      1.432e-05   
      22             23          1.729e-04     -9.324e-07      7.240e-05      1.303e-04      2.802e-05      1.040e+01      5.959e-01      1.303e-05   
      23             24          1.736e-04     -7.028e-07      4.336e-05      3.180e-05      2.687e-05      1.040e+01      5.959e-01      1.303e-05   
      24             25          1.737e-04     -1.285e-07      4.710e-05      1.175e-04      2.666e-05      1.040e+01      6.226e-01      1.175e-05   
  [it   25] bn 7.7155e-02  L 0.996  kappa 0.184  convex 0.000  d_cc 1.151  d_pc 1.114  -> FEASIBLE  target FEASIBLE  demount: min hinge clearance +2.055 m, worst arc blocked 0.00%  -> REMOVABLE
  feasible against the target set: stopping
      25             26          1.744e-04     -6.184e-07      3.807e-05      1.357e-04      2.568e-05      1.040e+01      6.483e-01      1.357e-05   
Warning: User supplied callback triggered termination
         Current function value: 1.744e-04
         Constraint violation: 2.568e-05
         Total delta_x: 1.867e-02
         Iterations: 25
         Function evaluations: 26
         Jacobian evaluations: 25
Timer: Solution time = 1.95 min
Timer: Avg time per step = 4.51 sec
/home/singh/Documents/DESC2/coil_sandbox/vendor/desc/utils.py:590: FutureWarning: constants is deprecated and will be removed in a future release. Users should not include constants in the arguments of their objective compute methods. Instead declare all the constants in the build method and use as self._constants.
  warnings.warn(msg, err)
==============================================================================================================
                                                                 Start  -->   End
Total (sum of squares):                                      0.000e+00  -->   1.744e-04, 
Fixed parameters error:                                      0.000e+00  -->   1.867e-02 (~)
Maximum Coil length:                                         2.784e+01  -->   2.789e+01 (m)
Minimum Coil length:                                         2.784e+01  -->   2.784e+01 (m)
Average Coil length:                                         2.784e+01  -->   2.785e+01 (m)
Maximum Coil length:                                         6.283e+00  -->   6.294e+00 (normalized)
Minimum Coil length:                                         6.282e+00  -->   6.282e+00 (normalized)
Average Coil length:                                         6.283e+00  -->   6.286e+00 (normalized)
Maximum Coil curvature:                                      2.760e-01  -->   2.760e-01 (m^-1)
Minimum Coil curvature:                                      1.992e-01  -->   1.992e-01 (m^-1)
Average Coil curvature:                                      2.286e-01  -->   2.285e-01 (m^-1)
Maximum Coil curvature:                                      1.223e+00  -->   1.223e+00 (normalized)
Minimum Coil curvature:                                      8.827e-01  -->   8.827e-01 (normalized)
Average Coil curvature:                                      1.013e+00  -->   1.012e+00 (normalized)
Maximum Signed in-plane curvature:                           2.760e-01  -->   2.760e-01 (m^-1)
Minimum Signed in-plane curvature:                           1.992e-01  -->   1.992e-01 (m^-1)
Average Signed in-plane curvature:                           2.286e-01  -->   2.285e-01 (m^-1)
Maximum Signed in-plane curvature:                           1.223e+00  -->   1.223e+00 (normalized)
Minimum Signed in-plane curvature:                           8.827e-01  -->   8.827e-01 (normalized)
Average Signed in-plane curvature:                           1.013e+00  -->   1.012e+00 (normalized)
Maximum Hinge shadow clearance:                              3.259e+00  -->   3.263e+00 (m)
Minimum Hinge shadow clearance:                              2.055e+00  -->   2.055e+00 (m)
Average Hinge shadow clearance:                              2.518e+00  -->   2.519e+00 (m)
Maximum Coil-coil distance penalty:                          1.219e-04  -->   0.000e+00 (dimensionless)
Minimum Coil-coil distance penalty:                          0.000e+00  -->   0.000e+00 (dimensionless)
Average Coil-coil distance penalty:                          2.258e-06  -->   0.000e+00 (dimensionless)
Maximum Plasma-coil distance penalty:                        1.260e-02  -->   2.568e-05 (dimensionless)
Minimum Plasma-coil distance penalty:                        0.000e+00  -->   0.000e+00 (dimensionless)
Average Plasma-coil distance penalty:                        1.575e-03  -->   3.210e-06 (dimensionless)
Fixed parameters error:                                      0.000e+00  -->   0.000e+00 (~)
Fixed coil current error:                                    0.000e+00  -->   0.000e+00 (A)
==============================================================================================================

  [mem] RSS 5.23 GB  peak 5.23 GB

SOLVER {'wall_s': 140.01293182373047, 'message': 'User supplied callback triggered termination', 'nit': 25, 'n_outer': 17, 'constr_violation': 2.568377354625085e-05, 'y_absmax_final': 0.6482905338320588}
START  bn 7.7204e-02  L 0.994  kappa 0.184  convex 0.000  d_cc 1.132  d_pc 1.082  -> FEASIBLE
RESULT bn 7.7155e-02  L 0.996  kappa 0.184  convex 0.000  d_cc 1.151  d_pc 1.114  linked 0  -> FEASIBLE  active ['L']  target FEASIBLE  demount: min hinge clearance +2.055 m, worst arc blocked 0.00%  -> REMOVABLE
wrote work/helios/arc16/midplane/z1.50/repair/result.h5, result.json, result.png
