Running as unit: run-p226056-i226715.scope; invocation ID: d49d4bcb02584b14b14b19394e72e7ce
E0916 21:15:14.647032  226143 cuda_executor.cc:1743] Could not get kernel mode driver version: ( INVALID_ARGUMENT: Version does not match the format X.Y.Z )
E0916 21:15:14.659146  226056 cuda_executor.cc:1743] Could not get kernel mode driver version: ( INVALID_ARGUMENT: Version does not match the format X.Y.Z )
DEVICE requested=gpu obtained=gpu (1x NVIDIA GeForce RTX 5070 Laptop GPU)
  [mem] RSS 0.83 GB  peak 0.83 GB
/home/singh/Documents/DESC2/coil_sandbox/vendor/desc/utils.py:590: UserWarning: Unequal number of field periods for grid 1 and basis 2.
  warnings.warn(msg, err)
/home/singh/Documents/DESC2/coil_sandbox/vendor/desc/utils.py:590: UserWarning: Unequal number of field periods for grid 1 and basis 2.
  warnings.warn(msg, err)
eq sample_equilibria/helios_repro.h5 (h5) NFP 2 sym True; start work/helios/scan_polar/cut0/legA/result.h5: 3 unique coils, arc=True, expect 12 coils; source grid gl (48 nodes/coil); mode stage2; plasma field included (virtual casing)
SETTINGS {'eq': 'sample_equilibria/helios_repro.h5', 'start': 'work/helios/scan_polar/cut0/legA/result.h5', 'out': 'work/helios/scan_polar/cut0/legB', 'mode': 'stage2', 'length_mult': 1.0, 'margin': 0.0, 'fix_hinges': False, 'anchor_weight': 0.001, 'margin_skip': '', 'a': None, 'bounds': 'bounds/helios_kruger2026.json', 'device': None, 'vacuum': False, 'maxiter': 250, 'check_every': 25, 'ckpt_every': 25, 'diag_log': 'diag.jsonl', 'dcc_backoff': 0.025, 'dpc_backoff': 0.02, 'no_arc_backoffs': False, 'convex_form': 'signed', 'convex_kmin': 0.0, 'convex_backoff': 0.5, 'coil_grid_n': 150, 'eval_m': 25, 'eval_n': 25, 'plasma_m': 64, 'plasma_n': 64, 'src_gl': 24, 'src_n': 400, 'vc_m': None, 'vc_n': None, 'vc_chunk': 64, 'dcc_k': 20000, 'dpc_k': 20000, 'no_signed': False, 'dcc_neighbors': None, 'dcc_chunk': 4, 'dpc_chunk': 1, 'qf_chunk': 25, 'no_second_order': False, 'so_chunk': 16, 'so_rtol': 0.05, 'max_tr': 0.5, 'max_inner_iter': 100, 'ctol': 0.0001}
BOUNDS (judged, absolute, a=1.77186) L 36  kappa 1.5  kms -  convex 0.001  dcc 1.2  dpc 1.2
ENFORCED L 36  kappa 1.492  kms -  convex 0.0005  dcc 1.245  dpc 1.224  (convexity: signed, kappa_s >= 0.0)
  [mem] RSS 2.91 GB  peak 2.91 GB
START  bn 4.0861e-02  L 1.000  kappa 0.290  convex 0.170  d_cc 1.441  d_pc 1.344  linked 0  coils 12  -> FAILS L
Building objective: Quadratic flux
Precomputing transforms
/home/singh/Documents/DESC2/coil_sandbox/vendor/desc/utils.py:590: UserWarning: Could not build fft interpolator, switching to dft which is slow.
Reason: Got False for eval_grid.can_fft2.
  warnings.warn(msg, err)
  [mem] RSS 7.44 GB  peak 7.44 GB
  [mem] RSS 7.59 GB  peak 7.59 GB
Timer: Precomputing transforms = 1.26 min
Timer: Objective build = 1.28 min
Building objective: summed coil current
Building objective: fixed shift
Building objective: fixed rotation
Building objective: fixed arc reference
Timer: Objective build = 539 ms
Timer: Objective build = 2.25 ms
  [mem] RSS 4.52 GB  peak 7.70 GB
Timer: LinearConstraintProjection build = 2.35 sec
Timer: LinearConstraintProjection build = 114 ms
Number of parameters: 56
Number of objectives: 1326
Number of equality constraints: 0
Number of inequality constraints: 1845
Timer: Initializing the optimization = 1.34 min

Starting optimization
Using method: lsq-auglag
  [mem] RSS 5.29 GB  peak 7.70 GB
E0916 21:17:46.774434  226167 cuda_timer.cc:87] Delay kernel timed out: measured time has sub-optimal accuracy. There may be a missing warmup execution, please investigate in Nsight Systems.
second_order: compiling constraint Hessian for blocks CoilLength, CoilSignedCurvature
  [mem] RSS 5.99 GB  peak 7.70 GB
Solver options:
------------------------------------------------------------
Maximum Function Evaluations       : 1251
Maximum Allowed Total Δx Norm      : inf
Scaled Termination                 : True
Trust Region Method                : svd
Initial Trust Radius               : 1.132e+00
Maximum Trust Radius               : 5.000e-01
Minimum Trust Radius               : 2.220e-16
Trust Radius Increase Ratio        : 4.000e+00
Trust Radius Decrease Ratio        : 2.500e-01
Trust Radius Increase Threshold    : 7.500e-01
Trust Radius Decrease Threshold    : 5.000e-01
Alpha Omega                        : 1.000e+00
Beta Omega                         : 1.000e+00
Alpha Eta                          : 1.000e-01
Beta Eta                           : 9.000e-01
Omega                              : 1.000e-02
Eta                                : 1.029e-04
Tau                                : 1.000e+01
------------------------------------------------------------ 

   Iteration     Total nfev        Cost      Cost reduction    Step norm     Optimality    Constr viol.   Penalty param  max(|mltplr|)      gtolk     
       0              1          1.042e-01                                    2.769e-02      1.029e-04      1.000e+01      0.000e+00      1.000e-03   
second_order: compiling constraint Hessian for blocks CoilLength, CoilCurvature, CoilSignedCurvature
  [mem] RSS 6.16 GB  peak 7.70 GB
  [mem] RSS 6.74 GB  peak 7.70 GB
       1              2          1.026e-01      1.650e-03      2.310e-01      1.956e-02      5.213e-03      1.000e+01      0.000e+00      1.000e-03   
       2              3          1.024e-01      1.980e-04      4.296e-02      1.299e-01      4.853e-04      1.000e+01      0.000e+00      1.000e-03   
       3              4          1.023e-01      5.360e-05      6.505e-03      1.060e-02      4.784e-04      1.000e+01      0.000e+00      1.000e-03   
       4              5          1.004e-01      1.904e-03      2.488e-01      1.187e-02      6.753e-04      1.000e+01      0.000e+00      1.000e-03   
       5              6          9.900e-02      1.411e-03      1.919e-01      1.184e-02      8.343e-04      1.000e+01      0.000e+00      1.000e-03   
       6              8          9.652e-02      2.488e-03      3.523e-01      1.258e-02      1.013e-03      1.000e+01      0.000e+00      1.000e-03   
       7             11          9.580e-02      7.122e-04      1.072e-01      1.279e-02      1.054e-03      1.000e+01      0.000e+00      1.000e-03   
second_order: compiling constraint Hessian for blocks CoilLength, CoilCurvature, CoilSignedCurvature, CoilSetDistancePenalty
  [mem] RSS 6.79 GB  peak 7.70 GB
E0916 21:20:14.303133  226153 cuda_timer.cc:87] Delay kernel timed out: measured time has sub-optimal accuracy. There may be a missing warmup execution, please investigate in Nsight Systems.
  [mem] RSS 7.56 GB  peak 7.70 GB
  [mem] RSS 7.59 GB  peak 7.70 GB
       8             14          9.562e-02      1.827e-04      2.512e-02      8.096e-03      1.061e-03      1.000e+01      0.000e+00      1.000e-03   
       9             15          9.505e-02      5.665e-04      9.689e-02      8.034e-03      1.083e-03      1.000e+01      0.000e+00      1.000e-03   
      10             16          9.299e-02      2.061e-03      3.255e-01      8.989e-03      1.710e-03      1.000e+01      0.000e+00      1.000e-03   
      11             17          8.602e-02      6.970e-03      7.902e-01      3.075e-02      8.375e-03      1.000e+01      0.000e+00      1.000e-03   
      12             18          7.892e-02      7.101e-03      7.175e-01      1.861e-02      4.734e-03      1.000e+01      0.000e+00      1.000e-03   
      13             19          6.980e-02      9.123e-03      8.569e-01      4.156e-02      1.196e-02      1.000e+01      0.000e+00      1.000e-03   
second_order: compiling constraint Hessian for blocks CoilLength, CoilSetDistancePenalty
  [mem] RSS 7.62 GB  peak 7.70 GB
      14             20          6.213e-02      7.669e-03      6.921e-01      6.744e-02      2.135e-02      1.000e+01      0.000e+00      1.000e-03   
second_order: compiling constraint Hessian for blocks CoilLength, CoilSignedCurvature, CoilSetDistancePenalty
  [mem] RSS 7.65 GB  peak 7.70 GB
E0916 21:22:03.028030  226158 cuda_timer.cc:87] Delay kernel timed out: measured time has sub-optimal accuracy. There may be a missing warmup execution, please investigate in Nsight Systems.
  [mem] RSS 7.93 GB  peak 7.93 GB
      15             21          6.215e-02     -2.183e-05      8.637e-03      2.151e-02      1.018e-02      1.000e+01      0.000e+00      1.000e-03   
      16             22          6.108e-02      1.074e-03      1.095e-01      1.857e-02      9.196e-03      1.000e+01      0.000e+00      1.000e-03   
      17             23          5.437e-02      6.711e-03      7.325e-01      3.932e-02      1.157e-02      1.000e+01      0.000e+00      1.000e-03   
      18             24          4.951e-02      4.853e-03      5.409e-01      1.229e-02      3.026e-03      1.000e+01      0.000e+00      1.000e-03   
      19             25          4.491e-02      4.606e-03      5.446e-01      1.712e-02      4.752e-03      1.000e+01      0.000e+00      1.000e-03   
      20             26          4.106e-02      3.849e-03      4.781e-01      1.168e-02      3.419e-03      1.000e+01      0.000e+00      1.000e-03   
  [mem] RSS 7.97 GB  peak 7.97 GB
      21             27          3.782e-02      3.240e-03      4.237e-01      8.152e-03      2.163e-03      1.000e+01      0.000e+00      1.000e-03   
      22             30          3.760e-02      2.189e-04      3.408e-02      2.525e-03      7.009e-04      1.000e+01      0.000e+00      1.000e-03   
      23             31          3.687e-02      7.249e-04      1.162e-01      2.212e-03      6.697e-04      1.000e+01      0.000e+00      1.000e-03   
      24             32          3.437e-02      2.504e-03      4.266e-01      1.017e-02      2.974e-03      1.000e+01      0.000e+00      1.000e-03   
  [it   25] bn 2.2914e-02  L 1.000  kappa 0.254  convex 6.535  d_cc 1.029  d_pc 1.588  -> FAILS L,convex
      25             33          3.237e-02      2.003e-03      3.795e-01      6.910e-03      1.914e-03      1.000e+01      0.000e+00      1.000e-03   
      26             34          3.057e-02      1.801e-03      3.872e-01      7.426e-03      2.139e-03      1.000e+01      0.000e+00      1.000e-03   
      27             35          2.905e-02      1.514e-03      3.630e-01      6.413e-03      1.837e-03      1.000e+01      0.000e+00      1.000e-03   
      28             36          2.771e-02      1.343e-03      3.632e-01      6.568e-03      1.808e-03      1.000e+01      0.000e+00      1.000e-03   
      29             37          2.657e-02      1.138e-03      3.455e-01      5.184e-03      1.411e-03      1.000e+01      0.000e+00      1.000e-03   
      30             38          2.556e-02      1.010e-03      3.382e-01      6.183e-03      1.731e-03      1.000e+01      0.000e+00      1.000e-03   
      31             39          2.469e-02      8.683e-04      3.264e-01      4.793e-03      1.355e-03      1.000e+01      0.000e+00      1.000e-03   
      32             40          2.392e-02      7.744e-04      3.152e-01      6.129e-03      1.792e-03      1.000e+01      0.000e+00      1.000e-03   
  [mem] RSS 8.01 GB  peak 8.01 GB
      33             41          2.325e-02      6.663e-04      3.076e-01      4.288e-03      1.211e-03      1.000e+01      0.000e+00      1.000e-03   
      34             42          2.265e-02      6.026e-04      2.971e-01      5.476e-03      1.631e-03      1.000e+01      0.000e+00      1.000e-03   
      35             43          2.213e-02      5.240e-04      2.910e-01      3.795e-03      9.715e-04      1.000e+01      0.000e+00      1.000e-03   
      36             44          2.163e-02      4.905e-04      2.846e-01      4.905e-03      1.493e-03      1.000e+01      0.000e+00      1.000e-03   
      37             45          2.120e-02      4.368e-04      2.813e-01      4.033e-03      7.711e-04      1.000e+01      0.000e+00      1.000e-03   
      38             46          2.078e-02      4.204e-04      2.732e-01      3.854e-03      1.177e-03      1.000e+01      0.000e+00      1.000e-03   
      39             47          2.039e-02      3.878e-04      2.747e-01      4.228e-03      6.686e-04      1.000e+01      0.000e+00      1.000e-03   
      40             48          2.001e-02      3.762e-04      2.685e-01      3.908e-03      8.997e-04      1.000e+01      0.000e+00      1.000e-03   
      41             49          1.966e-02      3.582e-04      2.710e-01      4.290e-03      6.207e-04      1.000e+01      0.000e+00      1.000e-03   
      42             50          1.931e-02      3.489e-04      2.657e-01      4.035e-03      6.697e-04      1.000e+01      0.000e+00      1.000e-03   
      43             51          1.897e-02      3.394e-04      2.682e-01      4.225e-03      7.843e-04      1.000e+01      0.000e+00      1.000e-03   
      44             52          1.863e-02      3.334e-04      2.619e-01      4.032e-03      9.076e-04      1.000e+01      0.000e+00      1.000e-03   
      45             53          1.831e-02      3.286e-04      2.578e-01      3.972e-03      1.039e-03      1.000e+01      0.000e+00      1.000e-03   
  [mem] RSS 8.01 GB  peak 8.01 GB
      46             54          1.798e-02      3.222e-04      2.532e-01      3.743e-03      1.087e-03      1.000e+01      0.000e+00      1.000e-03   
      47             55          1.767e-02      3.170e-04      2.479e-01      3.486e-03      1.104e-03      1.000e+01      0.000e+00      1.000e-03   
      48             56          1.736e-02      3.077e-04      2.432e-01      3.220e-03      1.099e-03      1.000e+01      0.000e+00      1.000e-03   
      49             57          1.706e-02      3.021e-04      2.366e-01      2.961e-03      1.080e-03      1.000e+01      0.000e+00      1.000e-03   
  [it   50] bn 1.6363e-02  L 1.000  kappa 0.245  convex 1.564  d_cc 1.062  d_pc 1.657  -> FAILS L,convex
      50             58          1.676e-02      2.951e-04      2.337e-01      2.813e-03      1.079e-03      1.000e+01      0.000e+00      1.000e-03   
      51             59          1.647e-02      2.884e-04      2.298e-01      2.544e-03      1.033e-03      1.000e+01      0.000e+00      1.000e-03   
      52             60          1.640e-02      7.087e-05      5.800e-02      2.079e-03      8.878e-04      1.000e+01      0.000e+00      1.000e-03   
      53             61          1.640e-02     -2.637e-06      1.515e-03      4.895e-03      4.589e-04      1.054e+01      9.566e-04      4.895e-04   
      54             62          1.641e-02     -4.624e-06      1.475e-03      4.427e-02      3.708e-04      1.054e+01      9.566e-04      4.895e-04   
      55             63          1.641e-02     -2.461e-08      1.334e-04      2.968e-03      3.667e-04      1.054e+01      9.566e-04      4.895e-04   
      56             64          1.641e-02     -4.196e-06      1.108e-03      6.286e-02      2.784e-04      1.054e+01      9.566e-04      4.895e-04   
      57             65          1.641e-02      8.989e-07      3.241e-04      9.574e-04      2.782e-04      1.054e+01      9.566e-04      4.895e-04   
  [mem] RSS 8.02 GB  peak 8.02 GB
      58             66          1.641e-02      7.590e-07      9.877e-04      1.707e-03      2.860e-04      1.054e+01      9.566e-04      4.895e-04   
      59             67          1.641e-02      3.776e-06      1.851e-03      1.678e-03      2.837e-04      1.054e+01      9.566e-04      4.895e-04   
      60             68          1.641e-02     -1.244e-06      3.648e-04      1.442e-03      2.754e-04      1.054e+01      9.566e-04      4.895e-04   
      61             69          1.641e-02      1.384e-06      6.936e-04      1.433e-03      2.746e-04      1.054e+01      9.566e-04      4.895e-04   
      62             70          1.624e-02      1.665e-04      8.441e-02      1.593e-03      1.888e-04      1.054e+01      9.566e-04      4.895e-04   
      63             71          1.624e-02     -8.788e-07      6.796e-04      1.098e-03      1.865e-04      1.054e+01      9.566e-04      4.895e-04   
      64             72          1.624e-02      2.088e-06      9.168e-04      1.088e-03      1.863e-04      1.054e+01      9.566e-04      4.895e-04   
      65             73          1.624e-02      9.746e-07      4.276e-04      1.083e-03      1.862e-04      1.054e+01      9.566e-04      4.895e-04   
      66             74          1.624e-02      9.654e-07      4.236e-04      1.078e-03      1.861e-04      1.054e+01      9.566e-04      4.895e-04   
      67             75          1.616e-02      8.100e-05      3.561e-02      6.869e-04      1.778e-04      1.054e+01      9.566e-04      4.895e-04   
      68             76          1.594e-02      2.158e-04      9.307e-02      1.756e-03      1.914e-04      1.054e+01      9.566e-04      4.895e-04   
      69             77          1.573e-02      2.072e-04      9.146e-02      1.026e-03      2.052e-04      1.054e+01      9.566e-04      4.895e-04   
      70             78          1.553e-02      2.045e-04      9.450e-02      1.043e-03      2.634e-04      1.054e+01      9.566e-04      4.895e-04   
      71             79          1.533e-02      1.984e-04      9.534e-02      8.609e-04      3.377e-04      1.054e+01      9.566e-04      4.895e-04   
      72             80          1.514e-02      1.945e-04      9.594e-02      7.762e-04      3.927e-04      1.054e+01      9.566e-04      4.895e-04   
  [mem] RSS 8.04 GB  peak 8.04 GB
      73             81          1.495e-02      1.891e-04      9.654e-02      6.852e-04      4.567e-04      1.054e+01      9.566e-04      4.895e-04   
      74             82          1.476e-02      1.870e-04      9.822e-02      7.945e-04      5.206e-04      1.054e+01      9.566e-04      4.895e-04   
  [it   75] bn 1.5246e-02  L 1.000  kappa 0.251  convex 2.243  d_cc 1.104  d_pc 1.673  -> FAILS L,convex
      75             83          1.458e-02      1.814e-04      9.771e-02      6.598e-04      5.678e-04      1.054e+01      9.566e-04      4.895e-04   
      76             84          1.440e-02      1.784e-04      1.002e-01      8.295e-04      5.968e-04      1.054e+01      9.566e-04      4.895e-04   
      77             85          1.423e-02      1.739e-04      9.927e-02      7.053e-04      6.451e-04      1.054e+01      9.566e-04      4.895e-04   
      78             86          1.406e-02      1.707e-04      1.020e-01      8.317e-04      6.775e-04      1.054e+01      9.566e-04      4.895e-04   
      79             87          1.389e-02      1.659e-04      1.021e-01      7.952e-04      7.042e-04      1.054e+01      9.566e-04      4.895e-04   
      80             88          1.373e-02      1.617e-04      1.041e-01      8.608e-04      7.209e-04      1.054e+01      9.566e-04      4.895e-04   
      81             89          1.357e-02      1.571e-04      1.053e-01      9.070e-04      7.312e-04      1.054e+01      9.566e-04      4.895e-04   
      82             90          1.342e-02      1.527e-04      1.063e-01      6.904e-03      2.232e-03      1.054e+01      9.566e-04      4.895e-04   
      83             91          1.338e-02      3.792e-05      1.779e-01      1.983e-03      7.595e-04      1.054e+01      9.566e-04      4.895e-04   
      84             92          1.334e-02      4.519e-05      4.081e-02      4.377e-03      7.408e-04      1.117e+01      9.802e-03      4.377e-04   
      85             93          1.327e-02      6.452e-05      5.632e-02      1.466e-03      8.607e-04      1.117e+01      9.802e-03      4.377e-04   
  [mem] RSS 8.07 GB  peak 8.07 GB
      86             94          1.321e-02      6.255e-05      5.166e-02      8.456e-04      6.292e-04      1.117e+01      9.802e-03      4.377e-04   
      87             95          1.309e-02      1.151e-04      9.539e-02      8.911e-04      3.596e-04      1.117e+01      9.802e-03      4.377e-04   
      88             96          1.296e-02      1.309e-04      1.046e-01      9.212e-04      2.634e-04      1.117e+01      9.802e-03      4.377e-04   
      89             97          1.284e-02      1.271e-04      1.062e-01      1.010e-03      2.914e-04      1.117e+01      9.802e-03      4.377e-04   
      90             98          1.271e-02      1.216e-04      1.063e-01      9.662e-04      2.800e-04      1.117e+01      9.802e-03      4.377e-04   
      91             99          1.260e-02      1.161e-04      1.077e-01      1.038e-03      3.041e-04      1.117e+01      9.802e-03      4.377e-04   
      92             100         1.249e-02      1.109e-04      1.078e-01      1.019e-03      3.012e-04      1.117e+01      9.802e-03      4.377e-04   
      93             101         1.239e-02      9.578e-05      9.895e-02      9.461e-04      2.816e-04      1.117e+01      9.802e-03      4.377e-04   
      94             102         1.229e-02      9.939e-05      1.090e-01      1.014e-03      3.067e-04      1.117e+01      9.802e-03      4.377e-04   
      95             103         1.220e-02      9.300e-05      1.082e-01      9.091e-04      4.023e-04      1.117e+01      9.802e-03      4.377e-04   
      96             104         1.211e-02      8.624e-05      1.081e-01      9.470e-04      2.945e-04      1.117e+01      9.802e-03      4.377e-04   
      97             105         1.203e-02      8.022e-05      1.095e-01      8.959e-04      2.838e-04      1.117e+01      9.802e-03      4.377e-04   
      98             106         1.196e-02      7.411e-05      1.101e-01      8.435e-04      2.797e-04      1.117e+01      9.802e-03      4.377e-04   
  [mem] RSS 8.09 GB  peak 8.09 GB
      99             107         1.189e-02      6.773e-05      1.100e-01      7.338e-04      2.908e-04      1.117e+01      9.802e-03      4.377e-04   
  [it  100] bn 1.3593e-02  L 1.000  kappa 0.278  convex 1.045  d_cc 1.034  d_pc 1.737  -> FAILS L,convex
      100            108         1.187e-02      1.634e-05      2.833e-02      5.924e-04      2.918e-04      1.117e+01      9.802e-03      4.377e-04   
      101            109         1.181e-02      6.154e-05      1.119e-01      7.280e-04      2.985e-04      1.117e+01      9.802e-03      4.377e-04   
      102            110         1.176e-02      5.618e-05      1.114e-01      5.437e-04      3.010e-04      1.117e+01      9.802e-03      4.377e-04   
      103            111         1.170e-02      5.210e-05      1.126e-01      5.890e-04      3.065e-04      1.117e+01      9.802e-03      4.377e-04   
      104            112         1.166e-02      4.803e-05      1.131e-01      6.572e-04      3.053e-04      1.117e+01      9.802e-03      4.377e-04   
      105            113         1.161e-02      4.503e-05      1.138e-01      7.033e-04      3.163e-04      1.117e+01      9.802e-03      4.377e-04   
      106            114         1.157e-02      3.988e-05      1.080e-01      7.178e-04      3.065e-04      1.117e+01      9.802e-03      4.377e-04   
second_order: compiling constraint Hessian for blocks CoilSignedCurvature, CoilSetDistancePenalty
  [mem] RSS 8.18 GB  peak 8.18 GB
  [mem] RSS 8.58 GB  peak 8.58 GB
      107            115         1.157e-02     -3.162e-07      3.413e-04      1.785e-02      3.069e-04      1.239e+01      9.442e-03      1.785e-03   
      108            116         1.157e-02     -3.459e-07      3.195e-04      3.110e-03      3.063e-04      1.239e+01      9.442e-03      1.785e-03   
      109            117         1.155e-02      1.719e-05      8.112e-02      4.542e-03      1.832e-04      1.385e+01      7.754e-02      4.542e-04   
      110            119         1.156e-02     -1.845e-06      3.725e-03      2.997e-03      1.175e-04      1.385e+01      7.754e-02      4.542e-04   
      111            120         1.156e-02     -1.041e-06      9.084e-04      5.661e-02      1.133e-04      1.385e+01      7.754e-02      4.542e-04   
      112            121         1.156e-02      2.813e-07      3.734e-04      1.967e-03      1.121e-04      1.385e+01      7.754e-02      4.542e-04   
      113            122         1.156e-02     -1.200e-06      9.271e-04      3.900e-02      9.981e-05      1.385e+01      7.754e-02      4.542e-04   
      114            123         1.156e-02      1.688e-08      6.612e-05      3.767e-02      9.954e-05      1.385e+01      1.004e-01      3.767e-03   
      115            124         1.156e-02      2.886e-08      1.003e-04      3.274e-03      9.887e-05      1.385e+01      1.993e-01      3.274e-04   
      116            125         1.156e-02     -2.728e-07      1.238e-03      6.840e-02      2.838e-04      1.385e+01      1.993e-01      3.274e-04   
      117            126         1.156e-02     -4.289e-08      1.408e-04      2.567e-03      2.409e-04      1.385e+01      1.993e-01      3.274e-04   
      118            127         1.153e-02      2.458e-05      9.230e-02      2.037e-03      2.960e-05      1.385e+01      1.993e-01      3.274e-04   
      119            128         1.150e-02      3.383e-05      1.064e-01      7.453e-04      6.126e-05      1.385e+01      1.993e-01      3.274e-04   
  [mem] RSS 8.60 GB  peak 8.60 GB
      120            129         1.146e-02      3.635e-05      1.092e-01      7.667e-04      6.657e-05      1.385e+01      1.993e-01      3.274e-04   
      121            130         1.143e-02      3.528e-05      1.088e-01      8.049e-04      1.098e-04      1.385e+01      1.993e-01      3.274e-04   
      122            131         1.139e-02      3.462e-05      1.088e-01      8.217e-04      1.339e-04      1.385e+01      1.993e-01      3.274e-04   
      123            132         1.137e-02      2.287e-05      7.224e-02      6.437e-04      1.284e-04      1.385e+01      1.993e-01      3.274e-04   
      124            133         1.134e-02      3.399e-05      1.078e-01      8.382e-04      1.595e-04      1.385e+01      1.993e-01      3.274e-04   
  [it  125] bn 1.3277e-02  L 1.000  kappa 0.298  convex 0.419  d_cc 1.037  d_pc 1.783  -> FAILS L
      125            134         1.130e-02      3.260e-05      1.033e-01      8.015e-04      1.758e-04      1.385e+01      1.993e-01      3.274e-04   
      126            135         1.127e-02      3.360e-05      1.060e-01      8.227e-04      1.844e-04      1.385e+01      1.993e-01      3.274e-04   
      127            136         1.124e-02      3.349e-05      1.054e-01      8.081e-04      1.883e-04      1.385e+01      1.993e-01      3.274e-04   
      128            137         1.121e-02      3.071e-05      9.686e-02      7.438e-04      1.900e-04      1.385e+01      1.993e-01      3.274e-04   
      129            138         1.117e-02      3.494e-05      1.042e-01      8.720e-04      1.707e-04      1.385e+01      1.993e-01      3.274e-04   
      130            139         1.114e-02      3.504e-05      1.057e-01      8.522e-04      1.649e-04      1.385e+01      1.993e-01      3.274e-04   
      131            140         1.110e-02      3.530e-05      1.053e-01      8.398e-04      1.651e-04      1.385e+01      1.993e-01      3.274e-04   
      132            141         1.110e-02      2.817e-06      8.220e-03      7.786e-04      1.626e-04      1.385e+01      1.993e-01      3.274e-04   
      133            142         1.109e-02      5.587e-06      1.637e-02      6.764e-04      1.576e-04      1.385e+01      1.993e-01      3.274e-04   
  [mem] RSS 8.61 GB  peak 8.61 GB
      134            143         1.106e-02      3.559e-05      1.050e-01      8.317e-04      1.251e-04      1.385e+01      1.993e-01      3.274e-04   
      135            144         1.102e-02      3.628e-05      1.037e-01      7.878e-04      1.177e-04      1.385e+01      1.993e-01      3.274e-04   
      136            145         1.099e-02      3.392e-05      9.837e-02      7.323e-04      1.177e-04      1.385e+01      1.993e-01      3.274e-04   
      137            146         1.099e-02     -1.777e-07      1.603e-04      8.154e-03      1.108e-04      1.390e+01      1.993e-01      8.154e-04   
      138            147         1.099e-02     -1.005e-07      1.725e-04      2.149e-03      8.392e-05      1.390e+01      1.993e-01      8.154e-04   
      139            148         1.099e-02     -3.188e-07      3.747e-04      4.763e-02      8.467e-05      1.390e+01      1.993e-01      8.154e-04   
      140            149         1.099e-02      2.350e-07      2.273e-04      1.568e-03      8.474e-05      1.390e+01      1.993e-01      8.154e-04   
      141            150         1.099e-02      2.148e-07      3.455e-04      9.635e-04      8.418e-05      1.390e+01      1.993e-01      9.635e-05   
      142            151         1.099e-02      1.763e-06      4.412e-03      9.216e-04      7.979e-05      1.390e+01      1.993e-01      9.635e-05   
      143            152         1.098e-02      1.557e-06      3.906e-03      8.862e-04      7.594e-05      1.390e+01      1.993e-01      9.635e-05   
      144            153         1.098e-02      4.210e-06      1.131e-02      7.879e-04      6.513e-05      1.390e+01      1.993e-01      9.635e-05   
      145            154         1.098e-02      1.823e-06      4.930e-03      7.498e-04      6.082e-05      1.390e+01      1.993e-01      9.635e-05   
      146            155         1.097e-02      8.476e-06      2.302e-02      5.833e-04      4.802e-05      1.390e+01      1.993e-01      9.635e-05   
      147            156         1.095e-02      2.208e-05      6.012e-02      3.201e-04      5.576e-05      1.390e+01      1.993e-01      9.635e-05   
      148            157         1.092e-02      2.494e-05      6.756e-02      4.396e-04      7.376e-05      1.390e+01      1.993e-01      9.635e-05   
      149            158         1.092e-02      6.119e-06      1.645e-02      3.868e-04      7.267e-05      1.390e+01      1.993e-01      9.635e-05   
  [mem] RSS 8.61 GB  peak 8.61 GB
  [it  150] bn 1.3102e-02  L 1.000  kappa 0.298  convex 0.152  d_cc 1.037  d_pc 1.795  -> FAILS L
      150            159         1.090e-02      1.307e-05      3.523e-02      3.408e-04      7.123e-05      1.390e+01      1.993e-01      9.635e-05   
      151            160         1.089e-02      1.791e-05      4.824e-02      5.927e-04      8.656e-05      1.390e+01      1.993e-01      9.635e-05   
      152            161         1.085e-02      3.650e-05      1.025e-01      7.294e-04      9.908e-05      1.390e+01      1.993e-01      9.635e-05   
      153            162         1.081e-02      3.757e-05      1.008e-01      6.745e-04      1.188e-04      1.390e+01      1.993e-01      9.635e-05   
      154            163         1.077e-02      3.693e-05      1.021e-01      6.786e-04      1.357e-04      1.390e+01      1.993e-01      9.635e-05   
      155            164         1.074e-02      3.777e-05      1.002e-01      6.939e-04      1.441e-04      1.390e+01      1.993e-01      9.635e-05   
      156            165         1.070e-02      3.636e-05      1.029e-01      6.464e-04      1.521e-04      1.390e+01      1.993e-01      9.635e-05   
      157            169         1.070e-02      3.004e-07      4.268e-04      1.041e-04      1.451e-04      1.390e+01      1.993e-01      9.635e-05   
      158            170         1.070e-02      4.732e-07      1.325e-03      1.743e-02      1.497e-04      1.400e+01      1.993e-01      1.743e-03   
      159            171         1.070e-02      1.927e-08      3.817e-05      3.356e-03      1.491e-04      1.498e+01      1.993e-01      3.356e-04   
      160            172         1.070e-02      6.234e-07      2.747e-04      9.065e-04      1.262e-04      1.498e+01      1.993e-01      3.356e-04   
      161            173         1.070e-02     -9.024e-07      2.468e-03      1.374e-03      7.947e-05      1.498e+01      1.993e-01      3.356e-04   
  [mem] RSS 8.64 GB  peak 8.64 GB
      162            174         1.070e-02      2.560e-06      1.002e-02      2.785e-04      5.621e-05      1.498e+01      1.993e-01      2.785e-05   
      163            175         1.070e-02     -1.690e-07      9.295e-05      9.681e-03      5.613e-05      1.498e+01      1.993e-01      2.785e-05   
      164            176         1.070e-02      1.120e-07      9.347e-05      2.358e-04      5.614e-05      1.498e+01      1.993e-01      2.785e-05   
      165            177         1.070e-02      1.664e-06      4.523e-03      2.100e-04      5.740e-05      1.498e+01      1.993e-01      2.785e-05   
      166            178         1.069e-02      1.294e-06      3.509e-03      1.922e-04      5.841e-05      1.498e+01      1.993e-01      2.785e-05   
      167            179         1.068e-02      1.524e-05      4.152e-02      1.307e-04      6.539e-05      1.498e+01      1.993e-01      2.785e-05   
      168            180         1.064e-02      3.654e-05      9.933e-02      6.273e-04      7.331e-05      1.498e+01      1.993e-01      2.785e-05   
      169            181         1.061e-02      3.664e-05      9.770e-02      5.695e-04      7.644e-05      1.498e+01      1.993e-01      2.785e-05   
      170            182         1.057e-02      3.597e-05      9.845e-02      5.735e-04      8.435e-05      1.498e+01      1.993e-01      2.785e-05   
      171            183         1.055e-02      1.707e-05      4.530e-02      4.252e-04      8.733e-05      1.498e+01      1.993e-01      2.785e-05   
      172            184         1.055e-02      6.392e-06      1.763e-02      3.664e-04      8.084e-05      1.498e+01      1.993e-01      2.785e-05   
      173            185         1.051e-02      3.528e-05      9.849e-02      5.464e-04      5.248e-05      1.498e+01      1.993e-01      2.785e-05   
      174            186         1.048e-02      3.581e-05      9.683e-02      5.640e-04      5.263e-05      1.498e+01      1.993e-01      2.785e-05   
  [it  175] bn 1.2910e-02  L 1.000  kappa 0.333  convex 0.102  d_cc 1.038  d_pc 1.766  -> FAILS L
      175            187         1.044e-02      3.469e-05      9.892e-02      5.145e-04      5.325e-05      1.498e+01      1.993e-01      2.785e-05   
  [mem] RSS 8.66 GB  peak 8.66 GB
      176            188         1.041e-02      3.501e-05      9.618e-02      6.666e-04      5.292e-05      1.498e+01      1.993e-01      2.785e-05   
      177            189         1.038e-02      2.888e-05      9.098e-02      4.550e-04      4.949e-05      1.498e+01      1.993e-01      2.785e-05   
      178            190         1.034e-02      3.464e-05      9.491e-02      3.416e-03      7.217e-05      1.498e+01      1.993e-01      2.785e-05   
      179            192         1.034e-02      5.036e-06      3.176e-02      6.158e-04      5.238e-05      1.498e+01      1.993e-01      2.785e-05   
      180            193         1.031e-02      3.139e-05      9.667e-02      5.463e-04      5.395e-05      1.498e+01      1.993e-01      2.785e-05   
      181            194         1.027e-02      3.096e-05      9.173e-02      4.679e-04      5.708e-05      1.498e+01      1.993e-01      2.785e-05   
      182            195         1.025e-02      2.236e-05      6.870e-02      3.702e-04      5.478e-05      1.498e+01      1.993e-01      2.785e-05   
      183            196         1.022e-02      2.933e-05      9.138e-02      4.594e-04      5.611e-05      1.498e+01      1.993e-01      2.785e-05   
      184            197         1.021e-02      8.580e-06      2.701e-02      1.726e-03      5.626e-05      1.498e+01      1.993e-01      2.785e-05   
      185            198         1.021e-02      7.894e-06      2.502e-02      1.220e-03      5.019e-05      1.498e+01      1.993e-01      2.785e-05   
      186            199         1.018e-02      2.661e-05      8.576e-02      4.241e-04      4.108e-05      1.498e+01      1.993e-01      2.785e-05   
      187            200         1.016e-02      2.064e-05      6.880e-02      3.538e-04      4.401e-05      1.498e+01      1.993e-01      2.785e-05   
      188            201         1.015e-02      4.458e-06      1.496e-02      3.068e-04      4.537e-05      1.498e+01      1.993e-01      2.785e-05   
      189            202         1.013e-02      2.659e-05      9.078e-02      4.364e-04      5.316e-05      1.498e+01      1.993e-01      2.785e-05   
  [mem] RSS 8.69 GB  peak 8.69 GB
      190            203         1.013e-02     -1.552e-07      1.137e-04      1.691e-04      5.296e-05      1.498e+01      1.993e-01      2.785e-05   
      191            204         1.013e-02      1.910e-08      5.480e-05      8.966e-04      5.288e-05      1.498e+01      1.993e-01      8.966e-05   
      192            205         1.011e-02      1.649e-05      5.939e-02      7.000e-04      5.020e-05      1.498e+01      1.993e-01      8.966e-05   
      193            206         1.011e-02      8.992e-07      3.244e-03      6.751e-04      5.005e-05      1.498e+01      1.993e-01      8.966e-05   
      194            207         1.011e-02      4.108e-07      1.483e-03      6.641e-04      4.998e-05      1.498e+01      1.993e-01      8.966e-05   
      195            208         1.009e-02      1.809e-05      6.617e-02      2.986e-04      4.644e-05      1.498e+01      1.993e-01      8.966e-05   
      196            209         1.007e-02      2.202e-05      8.252e-02      4.110e-04      4.247e-05      1.498e+01      1.993e-01      8.966e-05   
      197            210         1.007e-02     -1.448e-07      9.170e-05      1.811e-04      4.202e-05      1.498e+01      1.993e-01      8.966e-05   
      198            211         1.007e-02      3.139e-08      4.741e-05      1.935e-04      4.193e-05      1.498e+01      1.993e-01      1.935e-05   
      199            212         1.007e-02      3.486e-07      1.234e-03      1.923e-04      4.165e-05      1.498e+01      1.993e-01      1.935e-05   
  [it  200] bn 1.2738e-02  L 1.000  kappa 0.402  convex 0.036  d_cc 1.037  d_pc 1.732  -> FAILS L
      200            213         1.007e-02      2.638e-06      1.018e-02      1.713e-04      3.745e-05      1.498e+01      1.993e-01      1.935e-05   
      201            214         1.007e-02      1.080e-06      4.181e-03      1.634e-04      3.583e-05      1.498e+01      1.993e-01      1.935e-05   
      202            215         1.005e-02      1.172e-05      4.646e-02      1.430e-04      1.835e-05      1.498e+01      1.993e-01      1.935e-05   
      203            216         1.003e-02      2.196e-05      8.963e-02      4.633e-04      4.363e-05      1.498e+01      1.993e-01      1.935e-05   
  [mem] RSS 8.71 GB  peak 8.71 GB
      204            217         1.003e-02      2.681e-07      1.066e-03      4.580e-04      4.310e-05      1.498e+01      1.993e-01      1.935e-05   
      205            218         1.003e-02     -1.742e-07      1.189e-04      2.159e-04      1.118e-05      1.498e+01      1.993e-01      1.935e-05   
      206            219         1.003e-02      8.518e-07      3.438e-03      2.075e-04      1.076e-05      1.498e+01      1.993e-01      1.935e-05   
      207            220         1.002e-02      7.683e-06      3.269e-02      1.647e-04      1.292e-05      1.498e+01      1.993e-01      1.935e-05   
      208            221         1.001e-02      1.754e-05      7.806e-02      4.106e-04      4.472e-05      1.498e+01      1.993e-01      1.935e-05   
      209            222         1.001e-02      1.041e-06      4.978e-03      3.903e-04      4.579e-05      1.498e+01      1.993e-01      1.935e-05   
      210            223         1.000e-02      2.699e-06      1.301e-02      3.458e-04      3.931e-05      1.498e+01      1.993e-01      1.935e-05   
      211            224         9.997e-03      5.916e-06      2.894e-02      2.859e-04      2.723e-05      1.498e+01      1.993e-01      1.935e-05   
      212            225         9.997e-03      1.928e-07      9.511e-04      2.831e-04      2.702e-05      1.498e+01      1.993e-01      1.935e-05   
      213            226         9.993e-03      3.946e-06      1.962e-02      2.469e-04      2.257e-05      1.498e+01      1.993e-01      1.935e-05   
      214            227         9.993e-03      8.245e-08      4.127e-04      2.459e-04      2.251e-05      1.498e+01      1.993e-01      1.935e-05   
      215            228         9.983e-03      9.787e-06      5.000e-02      2.645e-04      2.364e-05      1.498e+01      1.993e-01      1.935e-05   
      216            229         9.970e-03      1.293e-05      7.006e-02      3.615e-04      3.314e-05      1.498e+01      1.993e-01      1.935e-05   
      217            230         9.956e-03      1.375e-05      8.090e-02      4.234e-04      4.068e-05      1.498e+01      1.993e-01      1.935e-05   
      218            231         9.956e-03      8.052e-07      4.969e-03      4.020e-04      3.847e-05      1.498e+01      1.993e-01      1.935e-05   
      219            232         9.955e-03      3.867e-07      2.397e-03      3.918e-04      3.743e-05      1.498e+01      1.993e-01      1.935e-05   
  [mem] RSS 8.74 GB  peak 8.74 GB
      220            233         9.952e-03      3.095e-06      1.939e-02      3.232e-04      3.121e-05      1.498e+01      1.993e-01      1.935e-05   
      221            234         9.951e-03      7.966e-07      5.126e-03      3.061e-04      2.949e-05      1.498e+01      1.993e-01      1.935e-05   
      222            235         9.951e-03      4.095e-07      2.652e-03      2.974e-04      2.861e-05      1.498e+01      1.993e-01      1.935e-05   
      223            236         9.951e-03      2.529e-07      1.641e-03      2.920e-04      2.807e-05      1.498e+01      1.993e-01      1.935e-05   
      224            237         9.950e-03      3.416e-07      2.221e-03      2.852e-04      2.736e-05      1.498e+01      1.993e-01      1.935e-05   
  [it  225] bn 1.2673e-02  L 1.000  kappa 0.446  convex 0.051  d_cc 1.034  d_pc 1.712  -> FAILS L
      225            238         9.949e-03      1.123e-06      7.340e-03      2.662e-04      2.532e-05      1.498e+01      1.993e-01      1.935e-05   
      226            239         9.949e-03      6.671e-07      4.381e-03      2.550e-04      2.412e-05      1.498e+01      1.993e-01      1.935e-05   
      227            240         9.941e-03      7.553e-06      5.121e-02      2.839e-04      4.477e-05      1.498e+01      1.993e-01      1.935e-05   
      228            241         9.936e-03      5.375e-06      3.916e-02      2.592e-04      7.685e-05      1.498e+01      1.993e-01      1.935e-05   
      229            242         9.934e-03      1.390e-06      1.047e-02      2.368e-04      8.563e-05      1.498e+01      1.993e-01      1.935e-05   
      230            243         9.934e-03      1.003e-07      7.615e-04      2.349e-04      8.627e-05      1.498e+01      1.993e-01      1.935e-05   
      231            244         9.934e-03      7.277e-08      5.531e-04      2.336e-04      8.674e-05      1.498e+01      1.993e-01      1.935e-05   
      232            245         9.934e-03      1.558e-07      1.185e-03      2.307e-04      8.775e-05      1.498e+01      1.993e-01      1.935e-05   
      233            246         9.934e-03      3.236e-07      2.468e-03      2.249e-04      8.984e-05      1.498e+01      1.993e-01      1.935e-05   
      234            247         9.933e-03      5.191e-07      3.977e-03      2.164e-04      9.320e-05      1.498e+01      1.993e-01      1.935e-05   
      235            248         9.933e-03      3.998e-08      3.072e-04      2.157e-04      9.347e-05      1.498e+01      1.993e-01      1.935e-05   
  [mem] RSS 8.77 GB  peak 8.77 GB
      236            249         9.933e-03      2.898e-07      2.230e-03      2.108e-04      9.536e-05      1.498e+01      1.993e-01      1.935e-05   
      237            250         9.933e-03      1.611e-07      1.243e-03      2.081e-04      9.641e-05      1.498e+01      1.993e-01      1.935e-05   
      238            251         9.933e-03     -7.941e-08      4.146e-05      2.152e-03      9.673e-05      1.498e+01      1.993e-01      2.152e-04   
      239            252         9.933e-03      1.163e-08      1.160e-05      4.387e-04      9.674e-05      1.498e+01      1.993e-01      4.387e-05   
      240            253         9.933e-03      8.012e-08      5.763e-05      3.005e-04      9.668e-05      1.498e+01      1.993e-01      4.387e-05   
      241            254         9.930e-03      2.402e-06      1.925e-02      2.370e-04      1.072e-04      1.498e+01      1.993e-01      4.387e-05   
      242            255         9.930e-03     -5.559e-08      3.725e-05      1.951e-04      1.072e-04      1.498e+01      1.993e-01      4.387e-05   
      243            256         9.930e-03      2.769e-08      2.230e-04      1.946e-04      1.073e-04      1.498e+01      1.993e-01      4.387e-05   
      244            257         9.925e-03      4.763e-06      3.942e-02      1.405e-04      1.303e-04      1.498e+01      1.993e-01      4.387e-05   
      245            258         9.925e-03      3.426e-08      2.957e-04      1.401e-04      1.304e-04      1.498e+01      1.993e-01      4.387e-05   
      246            259         9.925e-03     -5.293e-08      3.082e-05      8.015e-05      1.306e-04      1.498e+01      1.993e-01      4.387e-05   
      247            260         9.925e-03      5.709e-09      4.912e-05      8.011e-05      1.307e-04      1.498e+01      1.993e-01      4.387e-05   
      248            261         9.925e-03      2.725e-08      1.690e-05      5.478e-05      1.307e-04      1.498e+01      1.993e-01      4.387e-05   
      249            262         9.925e-03      1.040e-08      8.943e-05      5.472e-05      1.308e-04      1.498e+01      1.993e-01      4.387e-05   
  [mem] RSS 8.80 GB  peak 8.80 GB
  [it  250] bn 1.2658e-02  L 1.000  kappa 0.460  convex 0.114  d_cc 1.034  d_pc 1.705  -> FAILS L
      250            263         9.925e-03      5.203e-08      4.474e-04      5.445e-05      1.311e-04      1.498e+01      1.993e-01      4.387e-05   
Warning: Maximum number of iterations has been exceeded.
         Current function value: 9.925e-03
         Constraint violation: 1.311e-04
         Total delta_x: 1.632e+01
         Iterations: 250
         Function evaluations: 263
         Jacobian evaluations: 250
Timer: Solution time = 14.5 min
Timer: Avg time per step = 3.47 sec
==============================================================================================================
                                                                 Start  -->   End
Total (sum of squares):                                      1.042e-01  -->   9.925e-03, 
Maximum absolute Boundary normal field error:                3.330e+00  -->   1.321e+00 (T m^2)
Minimum absolute Boundary normal field error:                2.186e-04  -->   3.019e-04 (T m^2)
Average absolute Boundary normal field error:                1.027e+00  -->   3.216e-01 (T m^2)
Maximum absolute Boundary normal field error:                2.951e-02  -->   1.171e-02 (normalized)
Minimum absolute Boundary normal field error:                1.937e-06  -->   2.675e-06 (normalized)
Average absolute Boundary normal field error:                9.106e-03  -->   2.850e-03 (normalized)
Maximum Coil length:                                         3.600e+01  -->   3.600e+01 (m)
Minimum Coil length:                                         3.417e+01  -->   3.600e+01 (m)
Average Coil length:                                         3.539e+01  -->   3.600e+01 (m)
Maximum Coil length:                                         6.394e+00  -->   6.394e+00 (normalized)
Minimum Coil length:                                         6.069e+00  -->   6.394e+00 (normalized)
Average Coil length:                                         6.286e+00  -->   6.394e+00 (normalized)
Maximum Coil curvature:                                      4.347e-01  -->   6.902e-01 (m^-1)
Minimum Coil curvature:                                      6.127e-06  -->   9.393e-07 (m^-1)
Average Coil curvature:                                      1.624e-01  -->   1.876e-01 (m^-1)
Maximum Coil curvature:                                      2.447e+00  -->   3.886e+00 (normalized)
Minimum Coil curvature:                                      3.450e-05  -->   5.288e-06 (normalized)
Average Coil curvature:                                      9.144e-01  -->   1.056e+00 (normalized)
Maximum Signed in-plane curvature:                           4.347e-01  -->   6.902e-01 (m^-1)
Minimum Signed in-plane curvature:                          -6.152e-04  -->  -1.115e-03 (m^-1)
Average Signed in-plane curvature:                           1.624e-01  -->   1.876e-01 (m^-1)
Maximum Signed in-plane curvature:                           2.447e+00  -->   3.886e+00 (normalized)
Minimum Signed in-plane curvature:                          -3.463e-03  -->  -6.279e-03 (normalized)
Average Signed in-plane curvature:                           9.144e-01  -->   1.056e+00 (normalized)
Maximum Coil-coil distance penalty:                          0.000e+00  -->   1.858e-06 (dimensionless)
Minimum Coil-coil distance penalty:                          0.000e+00  -->   0.000e+00 (dimensionless)
Average Coil-coil distance penalty:                          0.000e+00  -->   1.138e-07 (dimensionless)
Maximum Plasma-coil distance penalty:                        0.000e+00  -->   0.000e+00 (dimensionless)
Minimum Plasma-coil distance penalty:                        0.000e+00  -->   0.000e+00 (dimensionless)
Average Plasma-coil distance penalty:                        0.000e+00  -->   0.000e+00 (dimensionless)
Summed coil current error:                                   0.000e+00  -->   1.490e-08 (A)
==============================================================================================================


SOLVER {'wall_s': 965.5284149646759, 'message': 'Maximum number of iterations has been exceeded.', 'nit': 250, 'n_outer': 15, 'constr_violation': 0.00013107714649386067, 'y_absmax_final': 0.1992517060819463}
START  bn 4.0861e-02  L 1.000  kappa 0.290  convex 0.170  d_cc 1.441  d_pc 1.344  -> FAILS L
RESULT bn 1.2658e-02  L 1.000  kappa 0.460  convex 0.114  d_cc 1.034  d_pc 1.705  linked 0  -> FAILS L  active ['L']
wrote work/helios/scan_polar/cut0/legB/result.h5, result.json, result.png
