Running as unit: run-p217156-i217810.scope; invocation ID: 27301ddbcf914f5397cabc1179665390
E0916 21:04:41.949739  217250 cuda_executor.cc:1743] Could not get kernel mode driver version: ( INVALID_ARGUMENT: Version does not match the format X.Y.Z )
E0916 21:04:41.961391  217156 cuda_executor.cc:1743] Could not get kernel mode driver version: ( INVALID_ARGUMENT: Version does not match the format X.Y.Z )
DEVICE requested=gpu obtained=gpu (1x NVIDIA GeForce RTX 5070 Laptop GPU)
  [mem] RSS 0.83 GB  peak 0.83 GB
/home/singh/Documents/DESC2/coil_sandbox/vendor/desc/utils.py:590: UserWarning: Unequal number of field periods for grid 1 and basis 2.
  warnings.warn(msg, err)
/home/singh/Documents/DESC2/coil_sandbox/vendor/desc/utils.py:590: UserWarning: Unequal number of field periods for grid 1 and basis 2.
  warnings.warn(msg, err)
eq sample_equilibria/helios_repro.h5 (h5) NFP 2 sym True; start work/helios/scan_polar/cut0/fit.h5: 3 unique coils, arc=True, expect 12 coils; source grid gl (48 nodes/coil); mode feasibility; plasma field included (virtual casing)
SETTINGS {'eq': 'sample_equilibria/helios_repro.h5', 'start': 'work/helios/scan_polar/cut0/fit.h5', 'out': 'work/helios/scan_polar/cut0/repair', 'mode': 'feasibility', 'length_mult': 1.0, 'margin': 0.25, 'fix_hinges': False, 'anchor_weight': 1.0, 'margin_skip': 'L', 'a': None, 'bounds': 'bounds/helios_kruger2026.json', 'device': None, 'vacuum': False, 'maxiter': 120, 'check_every': 10, 'ckpt_every': 50, 'diag_log': None, 'dcc_backoff': 0.025, 'dpc_backoff': 0.02, 'no_arc_backoffs': False, 'convex_form': 'signed', 'convex_kmin': 0.0, 'convex_backoff': 0.5, 'coil_grid_n': 150, 'eval_m': 25, 'eval_n': 25, 'plasma_m': 64, 'plasma_n': 64, 'src_gl': 24, 'src_n': 400, 'vc_m': None, 'vc_n': None, 'vc_chunk': 64, 'dcc_k': 20000, 'dpc_k': 20000, 'no_signed': False, 'dcc_neighbors': None, 'dcc_chunk': 4, 'dpc_chunk': 1, 'qf_chunk': 25, 'no_second_order': False, 'so_chunk': 16, 'so_rtol': 0.05, 'max_tr': 0.5, 'max_inner_iter': 100, 'ctol': 0.0001}
BOUNDS (judged, absolute, a=1.77186) L 36  kappa 1.5  kms -  convex 0.001  dcc 1.2  dpc 1.2
TARGET (margin 0.25) L 36  kappa 1.125  kms -  convex 0.001  dcc 1.5  dpc 1.5
ENFORCED L 36  kappa 1.119  kms -  convex 0.0005  dcc 1.553  dpc 1.53  (convexity: signed, kappa_s >= 0.0)
  [mem] RSS 2.91 GB  peak 2.91 GB
START  bn 4.0420e-02  L 1.000  kappa 0.335  convex 1684.320  d_cc 1.673  d_pc 1.313  linked 0  coils 12  -> FAILS L,convex
Building objective: fixed parameters
Timer: Objective build = 616 ms
Building objective: fixed coil current
Building objective: fixed shift
Building objective: fixed rotation
Building objective: fixed arc reference
Timer: Objective build = 92.2 ms
Building objective: coil length
Precomputing transforms
Timer: Precomputing transforms = 124 us
Building objective: coil curvature
Precomputing transforms
Timer: Precomputing transforms = 65.5 us
Building objective: coil signed curvature
Precomputing transforms
Timer: Precomputing transforms = 58.3 us
Building objective: coil-coil distance penalty
Building objective: plasma-coil distance penalty
Timer: Objective build = 5.55 sec
Timer: LinearConstraintProjection build = 1.99 sec
Timer: LinearConstraintProjection build = 111 ms
Number of parameters: 54
Number of objectives: 111
Number of equality constraints: 0
Number of inequality constraints: 1845
Timer: Initializing the optimization = 9.16 sec

Starting optimization
Using method: lsq-auglag
  [mem] RSS 3.91 GB  peak 3.91 GB
second_order: compiling constraint Hessian for blocks CoilSignedCurvature
  [mem] RSS 4.75 GB  peak 4.75 GB
Solver options:
------------------------------------------------------------
Maximum Function Evaluations       : 601
Maximum Allowed Total Δx Norm      : inf
Scaled Termination                 : True
Trust Region Method                : svd
Initial Trust Radius               : 7.480e-01
Maximum Trust Radius               : 5.000e-01
Minimum Trust Radius               : 2.220e-16
Trust Radius Increase Ratio        : 4.000e+00
Trust Radius Decrease Ratio        : 2.500e-01
Trust Radius Increase Threshold    : 7.500e-01
Trust Radius Decrease Threshold    : 5.000e-01
Alpha Omega                        : 1.000e+00
Beta Omega                         : 1.000e+00
Alpha Eta                          : 1.000e-01
Beta Eta                           : 9.000e-01
Omega                              : 1.000e-02
Eta                                : 1.000e-02
Tau                                : 1.000e+01
------------------------------------------------------------ 

   Iteration     Total nfev        Cost      Cost reduction    Step norm     Optimality    Constr viol.   Penalty param  max(|mltplr|)      gtolk     
       0              1          0.000e+00                                    2.199e-01      5.116e-02      1.000e+01      0.000e+00      1.000e-03   
second_order: compiling constraint Hessian for blocks CoilLength, CoilCurvature, CoilSignedCurvature
  [mem] RSS 5.16 GB  peak 5.16 GB
  [mem] RSS 5.68 GB  peak 5.70 GB
       1              2          1.009e-02     -1.009e-02      1.421e-01      1.123e-01      3.965e-02      1.000e+01      0.000e+00      1.000e-03   
       2              3          1.891e-02     -8.823e-03      1.060e-01      3.011e-02      3.481e-02      1.000e+01      0.000e+00      1.000e-03   
       3              4          2.768e-02     -8.763e-03      7.344e-02      1.307e-01      3.065e-02      1.000e+01      0.000e+00      1.000e-03   
second_order: compiling constraint Hessian for blocks CoilCurvature, CoilSignedCurvature
  [mem] RSS 5.81 GB  peak 5.81 GB
       4              5          3.364e-02     -5.965e-03      6.678e-02      4.084e-02      2.723e-02      1.000e+01      0.000e+00      1.000e-03   
       5              6          3.883e-02     -5.184e-03      5.169e-02      8.313e-02      2.447e-02      1.000e+01      0.000e+00      1.000e-03   
       6              7          4.378e-02     -4.950e-03      5.468e-02      8.973e-03      2.196e-02      1.000e+01      0.000e+00      1.000e-03   
       7              8          4.799e-02     -4.210e-03      4.600e-02      2.875e-02      2.062e-02      1.000e+01      0.000e+00      1.000e-03   
       8              9          5.170e-02     -3.718e-03      4.310e-02      5.508e-03      1.959e-02      1.000e+01      0.000e+00      1.000e-03   
       9             10          5.476e-02     -3.057e-03      3.880e-02      3.618e-03      1.879e-02      1.000e+01      0.000e+00      1.000e-03   
  [it   10] bn 4.1005e-02  L 0.996  kappa 0.294  convex 612.176  d_cc 1.717  d_pc 1.406  -> FAILS convex  target FAILS convex
      10             11          5.715e-02     -2.393e-03      3.566e-02      2.629e-03      1.823e-02      1.000e+01      0.000e+00      1.000e-03   
      11             12          5.922e-02     -2.065e-03      3.076e-02      3.196e-03      1.765e-02      1.000e+01      0.000e+00      1.000e-03   
      12             13          6.070e-02     -1.485e-03      2.214e-02      1.979e-03      1.729e-02      1.000e+01      0.000e+00      1.000e-03   
      13             14          6.147e-02     -7.706e-04      1.131e-02      3.043e-01      1.715e-02      1.278e+01      7.856e-02      3.043e-02   
      14             15          1.107e-01     -4.919e-02      1.625e-01      8.538e-02      1.221e-02      1.278e+01      7.856e-02      3.043e-02   
      15             16          1.467e-01     -3.605e-02      9.827e-02      9.525e-02      9.011e-03      1.278e+01      7.856e-02      3.043e-02   
      16             17          1.614e-01     -1.473e-02      7.616e-02      8.032e-02      7.571e-03      1.278e+01      7.571e-01      8.032e-03   
      17             18          2.103e-01     -4.891e-02      1.027e-01      3.559e-02      4.922e-03      1.278e+01      7.571e-01      8.032e-03   
      18             19          2.299e-01     -1.954e-02      6.058e-02      1.132e-02      3.967e-03      1.278e+01      7.571e-01      8.032e-03   
      19             20          2.389e-01     -9.026e-03      3.719e-02      1.268e-02      3.760e-03      1.278e+01      7.571e-01      8.032e-03   
  [it   20] bn 4.3774e-02  L 0.996  kappa 0.267  convex 85.648  d_cc 1.759  d_pc 1.491  -> FAILS convex  target FAILS convex
      20             21          2.422e-01     -3.273e-03      2.308e-02      1.680e-01      3.898e-03      2.717e+01      7.571e-01      1.680e-02   
      21             22          2.829e-01     -4.073e-02      8.482e-02      5.040e-02      1.470e-03      2.717e+01      2.199e+00      5.040e-03   
      22             23          3.037e-01     -2.081e-02      4.697e-02      1.616e-02      5.143e-04      2.717e+01      2.199e+00      5.040e-03   
      23             24          3.061e-01     -2.363e-03      9.379e-03      4.348e-02      4.740e-04      4.278e+01      2.495e+00      4.348e-03   
      24             25          3.103e-01     -4.213e-03      1.053e-02      8.631e-03      2.398e-04      4.278e+01      2.495e+00      4.348e-03   
      25             26          3.114e-01     -1.112e-03      2.319e-03      4.436e-02      2.220e-04      4.278e+01      3.225e+00      4.436e-03   
      26             27          3.101e-01      1.364e-03      1.180e-02      4.737e-02      2.825e-04      4.278e+01      3.225e+00      4.436e-03   
      27             28          3.098e-01      2.150e-04      8.180e-03      1.129e-02      3.039e-04      4.278e+01      3.225e+00      4.436e-03   
      28             29          3.098e-01      7.516e-05      5.859e-03      7.620e-03      3.122e-04      4.278e+01      3.225e+00      4.436e-03   
      29             30          3.097e-01      8.181e-05      3.866e-03      5.404e-03      3.176e-04      4.278e+01      3.225e+00      4.436e-03   
  [it   30] bn 4.4898e-02  L 0.996  kappa 0.267  convex 2.222  d_cc 1.762  d_pc 1.526  -> FAILS convex  target FAILS convex
      30             31          3.096e-01      8.929e-05      3.853e-03      9.802e-03      3.231e-04      4.376e+01      4.232e+00      9.802e-04   
      31             32          3.116e-01     -1.960e-03      5.881e-03      4.543e-03      2.004e-04      4.376e+01      4.232e+00      9.802e-04   
      32             33          3.122e-01     -6.036e-04      3.177e-03      1.963e-03      2.799e-04      4.376e+01      4.232e+00      9.802e-04   
  [mem] RSS 5.83 GB  peak 5.83 GB
      33             34          3.124e-01     -2.478e-04      1.468e-03      1.234e-02      3.172e-04      4.376e+01      4.789e+00      1.234e-03   
      34             35          3.118e-01      5.695e-04      5.738e-03      3.330e-03      2.402e-04      4.376e+01      4.789e+00      1.234e-03   
      35             36          3.117e-01      1.818e-04      2.316e-03      3.723e-03      1.820e-04      4.376e+01      5.572e+00      3.723e-04   
      36             37          3.129e-01     -1.250e-03      3.689e-03      1.621e-03      1.368e-04      4.376e+01      5.572e+00      3.723e-04   
      37             38          3.135e-01     -5.558e-04      1.915e-03      1.305e-02      1.235e-04      4.376e+01      6.134e+00      1.305e-03   
      38             39          3.126e-01      8.193e-04      3.803e-03      3.521e-02      1.143e-04      4.376e+01      6.134e+00      1.305e-03   
      39             40          3.127e-01     -3.330e-05      1.930e-03      2.344e-02      1.107e-04      4.376e+01      6.134e+00      1.305e-03   
  [it   40] bn 4.4923e-02  L 0.996  kappa 0.267  convex 0.765  d_cc 1.762  d_pc 1.534  -> FEASIBLE  target FEASIBLE
  feasible against the target set: stopping
      40             41          3.127e-01     -2.352e-05      2.208e-03      1.114e-02      1.222e-04      4.376e+01      6.134e+00      1.305e-03   
Warning: User supplied callback triggered termination
         Current function value: 3.127e-01
         Constraint violation: 1.222e-04
         Total delta_x: 7.908e-01
         Iterations: 40
         Function evaluations: 41
         Jacobian evaluations: 40
Timer: Solution time = 2.87 min
Timer: Avg time per step = 4.21 sec
==============================================================================================================
                                                                 Start  -->   End
Total (sum of squares):                                      0.000e+00  -->   3.127e-01, 
Fixed parameters error:                                      0.000e+00  -->   7.908e-01 (~)
Maximum Coil length:                                         3.600e+01  -->   3.586e+01 (m)
Minimum Coil length:                                         3.593e+01  -->   3.499e+01 (m)
Average Coil length:                                         3.597e+01  -->   3.552e+01 (m)
Maximum Coil length:                                         6.291e+00  -->   6.266e+00 (normalized)
Minimum Coil length:                                         6.279e+00  -->   6.115e+00 (normalized)
Average Coil length:                                         6.285e+00  -->   6.207e+00 (normalized)
Maximum Coil curvature:                                      5.023e-01  -->   4.007e-01 (m^-1)
Minimum Coil curvature:                                      4.056e-04  -->   1.076e-04 (m^-1)
Average Coil curvature:                                      2.000e-01  -->   1.560e-01 (m^-1)
Maximum Coil curvature:                                      2.875e+00  -->   2.293e+00 (normalized)
Minimum Coil curvature:                                      2.321e-03  -->   6.155e-04 (normalized)
Average Coil curvature:                                      1.144e+00  -->   8.930e-01 (normalized)
Maximum Signed in-plane curvature:                           5.023e-01  -->   4.007e-01 (m^-1)
Minimum Signed in-plane curvature:                          -4.283e-01  -->  -1.023e-03 (m^-1)
Average Signed in-plane curvature:                           1.437e-01  -->   1.560e-01 (m^-1)
Maximum Signed in-plane curvature:                           2.875e+00  -->   2.293e+00 (normalized)
Minimum Signed in-plane curvature:                          -2.451e+00  -->  -5.855e-03 (normalized)
Average Signed in-plane curvature:                           8.223e-01  -->   8.928e-01 (normalized)
Maximum Coil-coil distance penalty:                          0.000e+00  -->   0.000e+00 (dimensionless)
Minimum Coil-coil distance penalty:                          0.000e+00  -->   0.000e+00 (dimensionless)
Average Coil-coil distance penalty:                          0.000e+00  -->   0.000e+00 (dimensionless)
Maximum Plasma-coil distance penalty:                        0.000e+00  -->   0.000e+00 (dimensionless)
Minimum Plasma-coil distance penalty:                        0.000e+00  -->   0.000e+00 (dimensionless)
Average Plasma-coil distance penalty:                        0.000e+00  -->   0.000e+00 (dimensionless)
Fixed coil current error:                                    0.000e+00  -->   0.000e+00 (A)
==============================================================================================================


SOLVER {'wall_s': 193.4989938735962, 'message': 'User supplied callback triggered termination', 'nit': 40, 'n_outer': 10, 'constr_violation': 0.00012222540345286766, 'y_absmax_final': 6.133510462673621}
START  bn 4.0420e-02  L 1.000  kappa 0.335  convex 1684.320  d_cc 1.673  d_pc 1.313  -> FAILS L,convex
RESULT bn 4.4923e-02  L 0.996  kappa 0.267  convex 0.765  d_cc 1.762  d_pc 1.534  linked 0  -> FEASIBLE  active ['L']  target FEASIBLE
wrote work/helios/scan_polar/cut0/repair/result.h5, result.json, result.png
