Running as unit: run-p2335001-i2338622.scope; invocation ID: 5c881b7222654b2ab2742c5582628f16
E1008 10:59:48.588508 2335147 cuda_executor.cc:1743] Could not get kernel mode driver version: ( INVALID_ARGUMENT: Version does not match the format X.Y.Z )
E1008 10:59:48.602035 2335001 cuda_executor.cc:1743] Could not get kernel mode driver version: ( INVALID_ARGUMENT: Version does not match the format X.Y.Z )
DESC /home/singh/Documents/DESC2/desc
DEVICE requested=gpu obtained=gpu (1x NVIDIA GeForce RTX 5070 Laptop GPU)
  [mem] RSS 0.83 GB  peak 0.83 GB
eq precise_QH NFP 4 sym True; start work/ss_qh/joint/starts/z0_start_packed.h5: 4 unique coils (PiecewisePlanarArcCoil), 4 top-level; VACUUM
BOUNDS L 2.926  Ltot -  kappa 13.67  kms 18.69  convex -  planar -  dcc 0.05851  dpc 0.1097
  built coil length in 2.5 s
  built coil curvature in 0.1 s
  built coil mean squared curvature in 0.1 s
  built coil-coil distance rows in 10.4 s
E1008 11:00:13.413265 2335162 xtile_compiler.cc:399] Fusion: input_reduce_fusion = f64[66177]{0} fusion(a.1, b.1), kind=kCustom, calls=fused_reduce.clone, backend_config={"operation_queue_id":"0","wait_on_operation_queues":[],"fusion_backend_config":{"kind":"__triton","block_level_fusion_config":{"num_warps":"8","output_tiles":[{"sizes":["64"]}],"num_ctas":1,"num_stages":1,"is_tma_allowed":true,"is_warp_specialization_allowed":false}},"force_earliest_schedule":false,"reification_cost":[],"device_type":"DEVICE_TYPE_INVALID"}
E1008 11:00:13.413326 2335162 xtile_compiler.cc:401] Computation: fused_reduce.clone {
  param_0.2 = f64[66177,144]{1,0} parameter(0)
  param_1.2 = f64[144]{0} parameter(1)
  broadcast.2 = f64[66177,144]{1,0} broadcast(param_1.2), dimensions={1}
  multiply.2 = f64[66177,144]{1,0} multiply(param_0.2, broadcast.2)
  constant_2 = f64[] constant(0)
  ROOT reduce.2 = f64[66177]{0} reduce(multiply.2, constant_2), dimensions={1}, to_apply=scalar_add_computation
}
E1008 11:00:18.244567 2335166 xtile_compiler.cc:399] Fusion: input_reduce_fusion = f64[65536]{0} fusion(a.1, b.1), kind=kCustom, calls=fused_reduce.clone, backend_config={"operation_queue_id":"0","wait_on_operation_queues":[],"fusion_backend_config":{"kind":"__triton","block_level_fusion_config":{"num_warps":"8","output_tiles":[{"sizes":["64"]}],"num_ctas":1,"num_stages":1,"is_tma_allowed":true,"is_warp_specialization_allowed":false}},"force_earliest_schedule":false,"reification_cost":[],"device_type":"DEVICE_TYPE_INVALID"}
E1008 11:00:18.244631 2335166 xtile_compiler.cc:401] Computation: fused_reduce.clone {
  param_0.2 = f64[65536,144]{1,0} parameter(0)
  param_1.2 = f64[144]{0} parameter(1)
  broadcast.2 = f64[65536,144]{1,0} broadcast(param_1.2), dimensions={1}
  multiply.2 = f64[65536,144]{1,0} multiply(param_0.2, broadcast.2)
  constant_2 = f64[] constant(0)
  ROOT reduce.2 = f64[65536]{0} reduce(multiply.2, constant_2), dimensions={1}, to_apply=scalar_add_computation
}
  [mem] RSS 2.90 GB  peak 3.74 GB
  [mem] RSS 2.90 GB  peak 3.74 GB
E1008 11:00:54.876856 2335173 xtile_compiler.cc:399] Fusion: input_reduce_fusion = f64[50000]{0} fusion(a.1, b.1), kind=kCustom, calls=fused_reduce.clone, backend_config={"operation_queue_id":"0","wait_on_operation_queues":[],"fusion_backend_config":{"kind":"__triton","block_level_fusion_config":{"num_warps":"8","output_tiles":[{"sizes":["64"]}],"num_ctas":1,"num_stages":1,"is_tma_allowed":true,"is_warp_specialization_allowed":false}},"force_earliest_schedule":false,"reification_cost":[],"device_type":"DEVICE_TYPE_INVALID"}
E1008 11:00:54.876912 2335173 xtile_compiler.cc:401] Computation: fused_reduce.clone {
  param_0.2 = f64[50000,144]{1,0} parameter(0)
  param_1.2 = f64[144]{0} parameter(1)
  broadcast.2 = f64[50000,144]{1,0} broadcast(param_1.2), dimensions={1}
  multiply.2 = f64[50000,144]{1,0} multiply(param_0.2, broadcast.2)
  constant_2 = f64[] constant(0)
  ROOT reduce.2 = f64[50000]{0} reduce(multiply.2, constant_2), dimensions={1}, to_apply=scalar_add_computation
}
  [mem] RSS 4.05 GB  peak 4.18 GB
  [mem] RSS 3.49 GB  peak 4.30 GB
  [mem] RSS 3.62 GB  peak 4.44 GB
  [mem] RSS 4.39 GB  peak 4.51 GB
E1008 11:03:01.444360 2335166 xtile_compiler.cc:399] Fusion: input_reduce_fusion = f64[49572]{0} fusion(a.1, b.1), kind=kCustom, calls=fused_reduce.clone, backend_config={"operation_queue_id":"0","wait_on_operation_queues":[],"fusion_backend_config":{"kind":"__triton","block_level_fusion_config":{"num_warps":"8","output_tiles":[{"sizes":["64"]}],"num_ctas":1,"num_stages":1,"is_tma_allowed":true,"is_warp_specialization_allowed":false}},"force_earliest_schedule":false,"reification_cost":[],"device_type":"DEVICE_TYPE_INVALID"}
E1008 11:03:01.444421 2335166 xtile_compiler.cc:401] Computation: fused_reduce.clone {
  param_0.2 = f64[49572,144]{1,0} parameter(0)
  param_1.2 = f64[144]{0} parameter(1)
  broadcast.2 = f64[49572,144]{1,0} broadcast(param_1.2), dimensions={1}
  multiply.2 = f64[49572,144]{1,0} multiply(param_0.2, broadcast.2)
  constant_2 = f64[] constant(0)
  ROOT reduce.2 = f64[49572]{0} reduce(multiply.2, constant_2), dimensions={1}, to_apply=scalar_add_computation
}
  [mem] RSS 4.07 GB  peak 4.63 GB
  built plasma-coil distance field in 189.6 s
BUILD 206.2 s; cc gap 1.060 mm on 1014 nodes/coil, pc node margin 1.060 mm on 514 nodes/coil; cc active rows at start 1313 of 80000; field {'max_error': 1.6603063479891933e-06, 'concave_radius': np.float64(0.23221138478099812), 'node_margin': 0.0010598051872147544}
INFO {'kind': 'PiecewisePlanarArcCoil', 'gauge': 'none', 'field_grid': 'gl (48 nodes)', 'n_nodes': 514, 'speed_ratio': 2.0, 'cc_gap_mode': 'coils', 'cc_gap': 'from the coils at build (see BUILD line)', 'pc_node_margin': 'from the coils at build (see field_info)'}
  coil length                      rows 4
  coil curvature                   rows 2404
  coil mean squared curvature      rows 4
  coil-coil distance rows          rows 74030184
  plasma-coil distance field       rows 4112
/home/singh/Documents/DESC2/desc/utils.py:590: UserWarning: Unequal number of field periods for grid 1 and basis 4.
  warnings.warn(msg, err)
/home/singh/Documents/DESC2/desc/utils.py:590: UserWarning: Unequal number of field periods for grid 1 and basis 4.
  warnings.warn(msg, err)
E1008 11:03:48.883106 2335164 xtile_compiler.cc:399] Fusion: input_reduce_fusion = f64[13824,3]{1,0} fusion(loop_divide_fusion, get-tuple-element.341), kind=kCustom, calls=fused_reduce.clone, backend_config={"operation_queue_id":"0","wait_on_operation_queues":[],"fusion_backend_config":{"kind":"__triton","block_level_fusion_config":{"num_warps":"8","output_tiles":[{"sizes":["256","1"]}],"num_ctas":1,"num_stages":1,"is_tma_allowed":true,"is_warp_specialization_allowed":false}},"force_earliest_schedule":false,"reification_cost":[],"device_type":"DEVICE_TYPE_INVALID"}
E1008 11:03:48.883164 2335164 xtile_compiler.cc:401] Computation: fused_reduce.clone {
  param_0.375 = f64[13824,48]{1,0} parameter(0)
  broadcast.120.4 = f64[13824,3,48]{2,1,0} broadcast(param_0.375), dimensions={0,2}
  param_1.429 = f64[3,48]{1,0} parameter(1)
  broadcast.128.1 = f64[13824,3,48]{2,1,0} broadcast(param_1.429), dimensions={1,2}
  multiply.56.3 = f64[13824,3,48]{2,1,0} multiply(broadcast.120.4, broadcast.128.1)
  constant_162_7 = f64[] constant(0)
  ROOT reduce_sum.78.1 = f64[13824,3]{1,0} reduce(multiply.56.3, constant_162_7), dimensions={2}, to_apply=region_2.4.clone.9
}
START  bn 2.6416e-01  L 0.994  kappa 1.361  kMS 0.582  d_cc 1.503  d_pc 1.008  linked 0  -> FAILS kappa
  [mem] RSS 5.08 GB  peak 5.08 GB
START  true: cc 0.08793 pc 0.11054 max L 2.9031 max |k| 18.601 linked [] gap {'used': 0.0010599364671386008, 'needed': 0.0011647447349340469}
Building objective: summed coil current
Building objective: fixed shift
Building objective: fixed rotation
Building objective: fixed arc reference
Number of parameters: 75
Number of objectives: 1326
Number of equality constraints: 0
Number of inequality constraints: 86596

Starting optimization
Using method: lsq-auglag-composite
  [mem] RSS 5.53 GB  peak 5.53 GB
Outer Inner its  Optimality     gtolk  Violation     ctolk   mu mean   max |y|
  [mem] RSS 5.85 GB  peak 5.85 GB
  [mem] RSS 5.89 GB  peak 5.89 GB
    1        29   5.213e-04  1.00e-03  1.372e-01  7.94e-03  1.00e+01  0.00e+00
[outer 1] 29 inner its, opt 5.21e-04 (gtolk 1.0e-03, met), violation 1.37e-01 (ctolk 7.9e-03), 84 s
   coil length                    rows      4 mu 1.0e+01/1.0e+01/1.0e+01 max|y| 0.00e+00 (nonzero 0) max viol 2.57e-02
   coil curvature                 rows   2404 mu 1.0e+01/1.0e+01/1.0e+01 max|y| 0.00e+00 (nonzero 0) max viol 3.93e-03
   coil mean squared curvature    rows      4 mu 1.0e+01/1.0e+01/1.0e+01 max|y| 0.00e+00 (nonzero 0) max viol 0.00e+00
   coil-coil distance rows        rows  21483 mu 1.0e+01/1.0e+01/1.0e+01 max|y| 0.00e+00 (nonzero 0) max viol 1.37e-01
   plasma-coil distance field     rows   4112 mu 1.0e+01/1.0e+01/1.0e+01 max|y| 0.00e+00 (nonzero 0) max viol 0.00e+00
   true: cc 0.05596 m, pc 0.11778 m, max L 2.9355, max |k| 13.760, linked [(0, 1)], gap {'used': 0.0010599364671386008, 'needed': 0.00146110959704062}
  [mem] RSS 5.98 GB  peak 6.29 GB
  [mem] RSS 5.98 GB  peak 6.29 GB
    2        58   3.888e-04  6.82e-04  1.275e-01  7.65e-03  1.24e+01  7.69e-02
  [mem] RSS 5.99 GB  peak 6.34 GB
[outer 2] 58 inner its, opt 3.89e-04 (gtolk 6.8e-04, met), violation 1.27e-01 (ctolk 7.6e-03), 163 s
   coil length                    rows      4 mu 1.2e+01/5.6e+01/1.0e+02 max|y| 3.95e-02 (nonzero 1) max viol 1.32e-03
   coil curvature                 rows   2404 mu 1.2e+01/1.2e+01/1.2e+01 max|y| 3.93e-02 (nonzero 8) max viol 2.47e-03
   coil mean squared curvature    rows      4 mu 1.2e+01/1.2e+01/1.2e+01 max|y| 0.00e+00 (nonzero 0) max viol 0.00e+00
   coil-coil distance rows        rows  22143 mu 1.2e+01/1.2e+01/1.0e+02 max|y| 7.69e-02 (nonzero 214) max viol 1.27e-01
   plasma-coil distance field     rows   4112 mu 1.2e+01/1.2e+01/1.2e+01 max|y| 0.00e+00 (nonzero 0) max viol 0.00e+00
   true: cc 0.05204 m, pc 0.11681 m, max L 2.9336, max |k| 13.730, linked [(0, 1)], gap {'used': 0.0010599364671386008, 'needed': 0.0020079443065198076}
  [mem] RSS 6.01 GB  peak 6.34 GB
  [mem] RSS 6.01 GB  peak 6.34 GB
    3        55   4.411e-05  1.26e-04  1.219e-01  6.45e-03  4.96e+01  1.01e-01
[outer 3] 55 inner its, opt 4.41e-05 (gtolk 1.3e-04, met), violation 1.22e-01 (ctolk 6.5e-03), 238 s
   coil length                    rows      4 mu 4.9e+01/7.5e+01/1.0e+02 max|y| 1.01e-01 (nonzero 4) max viol 1.34e-03
   coil curvature                 rows   2404 mu 4.9e+01/4.9e+01/4.9e+01 max|y| 3.06e-02 (nonzero 11) max viol 2.32e-03
   coil mean squared curvature    rows      4 mu 4.9e+01/4.9e+01/4.9e+01 max|y| 0.00e+00 (nonzero 0) max viol 0.00e+00
   coil-coil distance rows        rows  31487 mu 4.9e+01/4.9e+01/1.0e+03 max|y| 9.46e-02 (nonzero 187) max viol 1.22e-01
   plasma-coil distance field     rows   4112 mu 4.9e+01/4.9e+01/4.9e+01 max|y| 0.00e+00 (nonzero 0) max viol 0.00e+00
   true: cc 0.04965 m, pc 0.11732 m, max L 2.9335, max |k| 13.726, linked [(0, 1)], gap {'used': 0.0010599364671386008, 'needed': 0.0023650594140367186}
  [mem] RSS 6.00 GB  peak 6.36 GB
  [mem] RSS 6.00 GB  peak 6.36 GB
  [mem] RSS 6.00 GB  peak 6.36 GB
  [mem] RSS 6.00 GB  peak 6.36 GB
    4       108   5.742e-06  8.92e-06  1.198e-01  4.96e-03  6.79e+02  6.19e-01
  [mem] RSS 6.00 GB  peak 6.36 GB
[outer 4] 108 inner its, opt 5.74e-06 (gtolk 8.9e-06, met), violation 1.20e-01 (ctolk 5.0e-03), 374 s
   coil length                    rows      4 mu 6.8e+02/6.8e+02/6.8e+02 max|y| 2.20e-01 (nonzero 4) max viol 1.75e-03
   coil curvature                 rows   2404 mu 6.8e+02/6.8e+02/6.8e+02 max|y| 1.15e-01 (nonzero 10) max viol 1.17e-03
   coil mean squared curvature    rows      4 mu 6.8e+02/6.8e+02/6.8e+02 max|y| 0.00e+00 (nonzero 0) max viol 0.00e+00
   coil-coil distance rows        rows  26452 mu 6.8e+02/6.8e+02/1.0e+04 max|y| 6.19e-01 (nonzero 99) max viol 1.20e-01
   plasma-coil distance field     rows   4112 mu 6.8e+02/6.8e+02/6.8e+02 max|y| 0.00e+00 (nonzero 0) max viol 5.42e-04
   true: cc 0.04869 m, pc 0.11052 m, max L 2.9327, max |k| 13.698, linked [(0, 1)], gap {'used': 0.0010599364671386008, 'needed': 0.0033883665181387414}
  [mem] RSS 6.06 GB  peak 6.36 GB
  [mem] RSS 6.06 GB  peak 6.36 GB
  [mem] RSS 6.06 GB  peak 6.36 GB
/home/singh/Documents/DESC2/desc/utils.py:590: UserWarning: coil-coil distance rows: 80235 rows are within select_distance but only 80000 slots; the rest are dropped. Raise max_active_rows.
  warnings.warn(msg, err)
/home/singh/Documents/DESC2/desc/utils.py:590: UserWarning: coil-coil distance rows: 83103 rows are within select_distance but only 80000 slots; the rest are dropped. Raise max_active_rows.
  warnings.warn(msg, err)
/home/singh/Documents/DESC2/desc/utils.py:590: UserWarning: coil-coil distance rows: 82109 rows are within select_distance but only 80000 slots; the rest are dropped. Raise max_active_rows.
  warnings.warn(msg, err)
/home/singh/Documents/DESC2/desc/utils.py:590: UserWarning: coil-coil distance rows: 80904 rows are within select_distance but only 80000 slots; the rest are dropped. Raise max_active_rows.
  warnings.warn(msg, err)
/home/singh/Documents/DESC2/desc/utils.py:590: UserWarning: coil-coil distance rows: 81589 rows are within select_distance but only 80000 slots; the rest are dropped. Raise max_active_rows.
  warnings.warn(msg, err)
/home/singh/Documents/DESC2/desc/utils.py:590: UserWarning: coil-coil distance rows: 83547 rows are within select_distance but only 80000 slots; the rest are dropped. Raise max_active_rows.
  warnings.warn(msg, err)
/home/singh/Documents/DESC2/desc/utils.py:590: UserWarning: coil-coil distance rows: 83848 rows are within select_distance but only 80000 slots; the rest are dropped. Raise max_active_rows.
  warnings.warn(msg, err)
/home/singh/Documents/DESC2/desc/utils.py:590: UserWarning: coil-coil distance rows: 84518 rows are within select_distance but only 80000 slots; the rest are dropped. Raise max_active_rows.
  warnings.warn(msg, err)
/home/singh/Documents/DESC2/desc/utils.py:590: UserWarning: coil-coil distance rows: 85641 rows are within select_distance but only 80000 slots; the rest are dropped. Raise max_active_rows.
  warnings.warn(msg, err)
/home/singh/Documents/DESC2/desc/utils.py:590: UserWarning: coil-coil distance rows: 85074 rows are within select_distance but only 80000 slots; the rest are dropped. Raise max_active_rows.
  warnings.warn(msg, err)
/home/singh/Documents/DESC2/desc/utils.py:590: UserWarning: coil-coil distance rows: 85707 rows are within select_distance but only 80000 slots; the rest are dropped. Raise max_active_rows.
  warnings.warn(msg, err)
/home/singh/Documents/DESC2/desc/utils.py:590: UserWarning: coil-coil distance rows: 86287 rows are within select_distance but only 80000 slots; the rest are dropped. Raise max_active_rows.
  warnings.warn(msg, err)
/home/singh/Documents/DESC2/desc/utils.py:590: UserWarning: coil-coil distance rows: 87564 rows are within select_distance but only 80000 slots; the rest are dropped. Raise max_active_rows.
  warnings.warn(msg, err)
/home/singh/Documents/DESC2/desc/utils.py:590: UserWarning: coil-coil distance rows: 87724 rows are within select_distance but only 80000 slots; the rest are dropped. Raise max_active_rows.
  warnings.warn(msg, err)
/home/singh/Documents/DESC2/desc/utils.py:590: UserWarning: coil-coil distance rows: 87613 rows are within select_distance but only 80000 slots; the rest are dropped. Raise max_active_rows.
  warnings.warn(msg, err)
/home/singh/Documents/DESC2/desc/utils.py:590: UserWarning: coil-coil distance rows: 87558 rows are within select_distance but only 80000 slots; the rest are dropped. Raise max_active_rows.
  warnings.warn(msg, err)
/home/singh/Documents/DESC2/desc/utils.py:590: UserWarning: coil-coil distance rows: 87570 rows are within select_distance but only 80000 slots; the rest are dropped. Raise max_active_rows.
  warnings.warn(msg, err)
/home/singh/Documents/DESC2/desc/utils.py:590: UserWarning: coil-coil distance rows: 87584 rows are within select_distance but only 80000 slots; the rest are dropped. Raise max_active_rows.
  warnings.warn(msg, err)
/home/singh/Documents/DESC2/desc/utils.py:590: UserWarning: coil-coil distance rows: 87611 rows are within select_distance but only 80000 slots; the rest are dropped. Raise max_active_rows.
  warnings.warn(msg, err)
/home/singh/Documents/DESC2/desc/utils.py:590: UserWarning: coil-coil distance rows: 87658 rows are within select_distance but only 80000 slots; the rest are dropped. Raise max_active_rows.
  warnings.warn(msg, err)
/home/singh/Documents/DESC2/desc/utils.py:590: UserWarning: coil-coil distance rows: 87745 rows are within select_distance but only 80000 slots; the rest are dropped. Raise max_active_rows.
  warnings.warn(msg, err)
/home/singh/Documents/DESC2/desc/utils.py:590: UserWarning: coil-coil distance rows: 87969 rows are within select_distance but only 80000 slots; the rest are dropped. Raise max_active_rows.
  warnings.warn(msg, err)
/home/singh/Documents/DESC2/desc/utils.py:590: UserWarning: coil-coil distance rows: 88722 rows are within select_distance but only 80000 slots; the rest are dropped. Raise max_active_rows.
  warnings.warn(msg, err)
/home/singh/Documents/DESC2/desc/utils.py:590: UserWarning: coil-coil distance rows: 89286 rows are within select_distance but only 80000 slots; the rest are dropped. Raise max_active_rows.
  warnings.warn(msg, err)
/home/singh/Documents/DESC2/desc/utils.py:590: UserWarning: coil-coil distance rows: 90401 rows are within select_distance but only 80000 slots; the rest are dropped. Raise max_active_rows.
  warnings.warn(msg, err)
  [mem] RSS 6.06 GB  peak 6.36 GB
/home/singh/Documents/DESC2/desc/utils.py:590: UserWarning: coil-coil distance rows: 87818 rows are within select_distance but only 80000 slots; the rest are dropped. Raise max_active_rows.
  warnings.warn(msg, err)
/home/singh/Documents/DESC2/desc/utils.py:590: UserWarning: coil-coil distance rows: 90312 rows are within select_distance but only 80000 slots; the rest are dropped. Raise max_active_rows.
  warnings.warn(msg, err)
/home/singh/Documents/DESC2/desc/utils.py:590: UserWarning: coil-coil distance rows: 90696 rows are within select_distance but only 80000 slots; the rest are dropped. Raise max_active_rows.
  warnings.warn(msg, err)
/home/singh/Documents/DESC2/desc/utils.py:590: UserWarning: coil-coil distance rows: 91132 rows are within select_distance but only 80000 slots; the rest are dropped. Raise max_active_rows.
  warnings.warn(msg, err)
/home/singh/Documents/DESC2/desc/utils.py:590: UserWarning: coil-coil distance rows: 91352 rows are within select_distance but only 80000 slots; the rest are dropped. Raise max_active_rows.
  warnings.warn(msg, err)
/home/singh/Documents/DESC2/desc/utils.py:590: UserWarning: coil-coil distance rows: 91455 rows are within select_distance but only 80000 slots; the rest are dropped. Raise max_active_rows.
  warnings.warn(msg, err)
/home/singh/Documents/DESC2/desc/utils.py:590: UserWarning: coil-coil distance rows: 91861 rows are within select_distance but only 80000 slots; the rest are dropped. Raise max_active_rows.
  warnings.warn(msg, err)
/home/singh/Documents/DESC2/desc/utils.py:590: UserWarning: coil-coil distance rows: 91681 rows are within select_distance but only 80000 slots; the rest are dropped. Raise max_active_rows.
  warnings.warn(msg, err)
/home/singh/Documents/DESC2/desc/utils.py:590: UserWarning: coil-coil distance rows: 91894 rows are within select_distance but only 80000 slots; the rest are dropped. Raise max_active_rows.
  warnings.warn(msg, err)
/home/singh/Documents/DESC2/desc/utils.py:590: UserWarning: coil-coil distance rows: 91997 rows are within select_distance but only 80000 slots; the rest are dropped. Raise max_active_rows.
  warnings.warn(msg, err)
/home/singh/Documents/DESC2/desc/utils.py:590: UserWarning: coil-coil distance rows: 91785 rows are within select_distance but only 80000 slots; the rest are dropped. Raise max_active_rows.
  warnings.warn(msg, err)
/home/singh/Documents/DESC2/desc/utils.py:590: UserWarning: coil-coil distance rows: 91910 rows are within select_distance but only 80000 slots; the rest are dropped. Raise max_active_rows.
  warnings.warn(msg, err)
/home/singh/Documents/DESC2/desc/utils.py:590: UserWarning: coil-coil distance rows: 92162 rows are within select_distance but only 80000 slots; the rest are dropped. Raise max_active_rows.
  warnings.warn(msg, err)
/home/singh/Documents/DESC2/desc/utils.py:590: UserWarning: coil-coil distance rows: 91763 rows are within select_distance but only 80000 slots; the rest are dropped. Raise max_active_rows.
  warnings.warn(msg, err)
/home/singh/Documents/DESC2/desc/utils.py:590: UserWarning: coil-coil distance rows: 92040 rows are within select_distance but only 80000 slots; the rest are dropped. Raise max_active_rows.
  warnings.warn(msg, err)
/home/singh/Documents/DESC2/desc/utils.py:590: UserWarning: coil-coil distance rows: 92062 rows are within select_distance but only 80000 slots; the rest are dropped. Raise max_active_rows.
  warnings.warn(msg, err)
/home/singh/Documents/DESC2/desc/utils.py:590: UserWarning: coil-coil distance rows: 92098 rows are within select_distance but only 80000 slots; the rest are dropped. Raise max_active_rows.
  warnings.warn(msg, err)
/home/singh/Documents/DESC2/desc/utils.py:590: UserWarning: coil-coil distance rows: 92217 rows are within select_distance but only 80000 slots; the rest are dropped. Raise max_active_rows.
  warnings.warn(msg, err)
/home/singh/Documents/DESC2/desc/utils.py:590: UserWarning: coil-coil distance rows: 92150 rows are within select_distance but only 80000 slots; the rest are dropped. Raise max_active_rows.
  warnings.warn(msg, err)
/home/singh/Documents/DESC2/desc/utils.py:590: UserWarning: coil-coil distance rows: 92161 rows are within select_distance but only 80000 slots; the rest are dropped. Raise max_active_rows.
  warnings.warn(msg, err)
/home/singh/Documents/DESC2/desc/utils.py:590: UserWarning: coil-coil distance rows: 91860 rows are within select_distance but only 80000 slots; the rest are dropped. Raise max_active_rows.
  warnings.warn(msg, err)
/home/singh/Documents/DESC2/desc/utils.py:590: UserWarning: coil-coil distance rows: 90816 rows are within select_distance but only 80000 slots; the rest are dropped. Raise max_active_rows.
  warnings.warn(msg, err)
/home/singh/Documents/DESC2/desc/utils.py:590: UserWarning: coil-coil distance rows: 91293 rows are within select_distance but only 80000 slots; the rest are dropped. Raise max_active_rows.
  warnings.warn(msg, err)
/home/singh/Documents/DESC2/desc/utils.py:590: UserWarning: coil-coil distance rows: 91734 rows are within select_distance but only 80000 slots; the rest are dropped. Raise max_active_rows.
  warnings.warn(msg, err)
/home/singh/Documents/DESC2/desc/utils.py:590: UserWarning: coil-coil distance rows: 91496 rows are within select_distance but only 80000 slots; the rest are dropped. Raise max_active_rows.
  warnings.warn(msg, err)
/home/singh/Documents/DESC2/desc/utils.py:590: UserWarning: coil-coil distance rows: 91188 rows are within select_distance but only 80000 slots; the rest are dropped. Raise max_active_rows.
  warnings.warn(msg, err)
/home/singh/Documents/DESC2/desc/utils.py:590: UserWarning: coil-coil distance rows: 90949 rows are within select_distance but only 80000 slots; the rest are dropped. Raise max_active_rows.
  warnings.warn(msg, err)
/home/singh/Documents/DESC2/desc/utils.py:590: UserWarning: coil-coil distance rows: 90619 rows are within select_distance but only 80000 slots; the rest are dropped. Raise max_active_rows.
  warnings.warn(msg, err)
/home/singh/Documents/DESC2/desc/utils.py:590: UserWarning: coil-coil distance rows: 89905 rows are within select_distance but only 80000 slots; the rest are dropped. Raise max_active_rows.
  warnings.warn(msg, err)
/home/singh/Documents/DESC2/desc/utils.py:590: UserWarning: coil-coil distance rows: 90211 rows are within select_distance but only 80000 slots; the rest are dropped. Raise max_active_rows.
  warnings.warn(msg, err)
/home/singh/Documents/DESC2/desc/utils.py:590: UserWarning: coil-coil distance rows: 90071 rows are within select_distance but only 80000 slots; the rest are dropped. Raise max_active_rows.
  warnings.warn(msg, err)
/home/singh/Documents/DESC2/desc/utils.py:590: UserWarning: coil-coil distance rows: 89623 rows are within select_distance but only 80000 slots; the rest are dropped. Raise max_active_rows.
  warnings.warn(msg, err)
/home/singh/Documents/DESC2/desc/utils.py:590: UserWarning: coil-coil distance rows: 89026 rows are within select_distance but only 80000 slots; the rest are dropped. Raise max_active_rows.
  warnings.warn(msg, err)
  [mem] RSS 6.06 GB  peak 6.36 GB
/home/singh/Documents/DESC2/desc/utils.py:590: UserWarning: coil-coil distance rows: 89334 rows are within select_distance but only 80000 slots; the rest are dropped. Raise max_active_rows.
  warnings.warn(msg, err)
/home/singh/Documents/DESC2/desc/utils.py:590: UserWarning: coil-coil distance rows: 89609 rows are within select_distance but only 80000 slots; the rest are dropped. Raise max_active_rows.
  warnings.warn(msg, err)
/home/singh/Documents/DESC2/desc/utils.py:590: UserWarning: coil-coil distance rows: 89451 rows are within select_distance but only 80000 slots; the rest are dropped. Raise max_active_rows.
  warnings.warn(msg, err)
/home/singh/Documents/DESC2/desc/utils.py:590: UserWarning: coil-coil distance rows: 89267 rows are within select_distance but only 80000 slots; the rest are dropped. Raise max_active_rows.
  warnings.warn(msg, err)
/home/singh/Documents/DESC2/desc/utils.py:590: UserWarning: coil-coil distance rows: 88702 rows are within select_distance but only 80000 slots; the rest are dropped. Raise max_active_rows.
  warnings.warn(msg, err)
/home/singh/Documents/DESC2/desc/utils.py:590: UserWarning: coil-coil distance rows: 87233 rows are within select_distance but only 80000 slots; the rest are dropped. Raise max_active_rows.
  warnings.warn(msg, err)
/home/singh/Documents/DESC2/desc/utils.py:590: UserWarning: coil-coil distance rows: 87849 rows are within select_distance but only 80000 slots; the rest are dropped. Raise max_active_rows.
  warnings.warn(msg, err)
/home/singh/Documents/DESC2/desc/utils.py:590: UserWarning: coil-coil distance rows: 88480 rows are within select_distance but only 80000 slots; the rest are dropped. Raise max_active_rows.
  warnings.warn(msg, err)
/home/singh/Documents/DESC2/desc/utils.py:590: UserWarning: coil-coil distance rows: 88295 rows are within select_distance but only 80000 slots; the rest are dropped. Raise max_active_rows.
  warnings.warn(msg, err)
/home/singh/Documents/DESC2/desc/utils.py:590: UserWarning: coil-coil distance rows: 87957 rows are within select_distance but only 80000 slots; the rest are dropped. Raise max_active_rows.
  warnings.warn(msg, err)
/home/singh/Documents/DESC2/desc/utils.py:590: UserWarning: coil-coil distance rows: 87100 rows are within select_distance but only 80000 slots; the rest are dropped. Raise max_active_rows.
  warnings.warn(msg, err)
/home/singh/Documents/DESC2/desc/utils.py:590: UserWarning: coil-coil distance rows: 87580 rows are within select_distance but only 80000 slots; the rest are dropped. Raise max_active_rows.
  warnings.warn(msg, err)
/home/singh/Documents/DESC2/desc/utils.py:590: UserWarning: coil-coil distance rows: 87894 rows are within select_distance but only 80000 slots; the rest are dropped. Raise max_active_rows.
  warnings.warn(msg, err)
/home/singh/Documents/DESC2/desc/utils.py:590: UserWarning: coil-coil distance rows: 87771 rows are within select_distance but only 80000 slots; the rest are dropped. Raise max_active_rows.
  warnings.warn(msg, err)
/home/singh/Documents/DESC2/desc/utils.py:590: UserWarning: coil-coil distance rows: 87241 rows are within select_distance but only 80000 slots; the rest are dropped. Raise max_active_rows.
  warnings.warn(msg, err)
/home/singh/Documents/DESC2/desc/utils.py:590: UserWarning: coil-coil distance rows: 86397 rows are within select_distance but only 80000 slots; the rest are dropped. Raise max_active_rows.
  warnings.warn(msg, err)
/home/singh/Documents/DESC2/desc/utils.py:590: UserWarning: coil-coil distance rows: 85093 rows are within select_distance but only 80000 slots; the rest are dropped. Raise max_active_rows.
  warnings.warn(msg, err)
/home/singh/Documents/DESC2/desc/utils.py:590: UserWarning: coil-coil distance rows: 85735 rows are within select_distance but only 80000 slots; the rest are dropped. Raise max_active_rows.
  warnings.warn(msg, err)
/home/singh/Documents/DESC2/desc/utils.py:590: UserWarning: coil-coil distance rows: 86285 rows are within select_distance but only 80000 slots; the rest are dropped. Raise max_active_rows.
  warnings.warn(msg, err)
/home/singh/Documents/DESC2/desc/utils.py:590: UserWarning: coil-coil distance rows: 86459 rows are within select_distance but only 80000 slots; the rest are dropped. Raise max_active_rows.
  warnings.warn(msg, err)
/home/singh/Documents/DESC2/desc/utils.py:590: UserWarning: coil-coil distance rows: 86412 rows are within select_distance but only 80000 slots; the rest are dropped. Raise max_active_rows.
  warnings.warn(msg, err)
/home/singh/Documents/DESC2/desc/utils.py:590: UserWarning: coil-coil distance rows: 86292 rows are within select_distance but only 80000 slots; the rest are dropped. Raise max_active_rows.
  warnings.warn(msg, err)
/home/singh/Documents/DESC2/desc/utils.py:590: UserWarning: coil-coil distance rows: 86354 rows are within select_distance but only 80000 slots; the rest are dropped. Raise max_active_rows.
  warnings.warn(msg, err)
/home/singh/Documents/DESC2/desc/utils.py:590: UserWarning: coil-coil distance rows: 86413 rows are within select_distance but only 80000 slots; the rest are dropped. Raise max_active_rows.
  warnings.warn(msg, err)
/home/singh/Documents/DESC2/desc/utils.py:590: UserWarning: coil-coil distance rows: 86350 rows are within select_distance but only 80000 slots; the rest are dropped. Raise max_active_rows.
  warnings.warn(msg, err)
/home/singh/Documents/DESC2/desc/utils.py:590: UserWarning: coil-coil distance rows: 86381 rows are within select_distance but only 80000 slots; the rest are dropped. Raise max_active_rows.
  warnings.warn(msg, err)
/home/singh/Documents/DESC2/desc/utils.py:590: UserWarning: coil-coil distance rows: 86306 rows are within select_distance but only 80000 slots; the rest are dropped. Raise max_active_rows.
  warnings.warn(msg, err)
/home/singh/Documents/DESC2/desc/utils.py:590: UserWarning: coil-coil distance rows: 86340 rows are within select_distance but only 80000 slots; the rest are dropped. Raise max_active_rows.
  warnings.warn(msg, err)
/home/singh/Documents/DESC2/desc/utils.py:590: UserWarning: coil-coil distance rows: 86367 rows are within select_distance but only 80000 slots; the rest are dropped. Raise max_active_rows.
  warnings.warn(msg, err)
/home/singh/Documents/DESC2/desc/utils.py:590: UserWarning: coil-coil distance rows: 86345 rows are within select_distance but only 80000 slots; the rest are dropped. Raise max_active_rows.
  warnings.warn(msg, err)
/home/singh/Documents/DESC2/desc/utils.py:590: UserWarning: coil-coil distance rows: 86355 rows are within select_distance but only 80000 slots; the rest are dropped. Raise max_active_rows.
  warnings.warn(msg, err)
/home/singh/Documents/DESC2/desc/utils.py:590: UserWarning: coil-coil distance rows: 86364 rows are within select_distance but only 80000 slots; the rest are dropped. Raise max_active_rows.
  warnings.warn(msg, err)
/home/singh/Documents/DESC2/desc/utils.py:590: UserWarning: coil-coil distance rows: 86358 rows are within select_distance but only 80000 slots; the rest are dropped. Raise max_active_rows.
  warnings.warn(msg, err)
/home/singh/Documents/DESC2/desc/utils.py:590: UserWarning: coil-coil distance rows: 86356 rows are within select_distance but only 80000 slots; the rest are dropped. Raise max_active_rows.
  warnings.warn(msg, err)
/home/singh/Documents/DESC2/desc/utils.py:590: UserWarning: coil-coil distance rows: 86360 rows are within select_distance but only 80000 slots; the rest are dropped. Raise max_active_rows.
  warnings.warn(msg, err)
/home/singh/Documents/DESC2/desc/utils.py:590: UserWarning: coil-coil distance rows: 86357 rows are within select_distance but only 80000 slots; the rest are dropped. Raise max_active_rows.
  warnings.warn(msg, err)
  [mem] RSS 6.06 GB  peak 6.36 GB
  [mem] RSS 6.71 GB  peak 6.71 GB
  [mem] RSS 6.78 GB  peak 6.93 GB
    5       142   2.029e-04  1.00e-06  9.632e-02  3.89e-03  7.84e+03  6.15e+00  (stalled)
[outer 5] 142 inner its, opt 2.03e-04 (gtolk 1.0e-06, NOT met), violation 9.63e-02 (ctolk 3.9e-03), 627 s
   coil length                    rows      4 mu 7.8e+03/7.8e+03/7.8e+03 max|y| 1.41e+00 (nonzero 4) max viol 4.12e-03
   coil curvature                 rows   2404 mu 7.8e+03/7.8e+03/7.8e+03 max|y| 7.96e-01 (nonzero 8) max viol 2.85e-03
   coil mean squared curvature    rows      4 mu 7.8e+03/7.8e+03/7.8e+03 max|y| 0.00e+00 (nonzero 0) max viol 0.00e+00
   coil-coil distance rows        rows  80072 mu 7.8e+03/7.8e+03/1.0e+05 max|y| 6.15e+00 (nonzero 73) max viol 9.63e-02
   plasma-coil distance field     rows   4112 mu 7.8e+03/7.8e+03/7.8e+03 max|y| 3.67e-01 (nonzero 10) max viol 1.20e-03
   true: cc 0.01864 m, pc 0.11052 m, max L 2.9328, max |k| 13.729, linked [(0, 1)], gap {'used': 0.0010599364671386008, 'needed': 0.003388636102312848}
/home/singh/Documents/DESC2/desc/utils.py:590: UserWarning: coil-coil distance rows: 86360 rows are within select_distance but only 80000 slots; the rest are dropped. Raise max_active_rows.
  warnings.warn(msg, err)
/home/singh/Documents/DESC2/desc/utils.py:590: UserWarning: coil-coil distance rows: 86331 rows are within select_distance but only 80000 slots; the rest are dropped. Raise max_active_rows.
  warnings.warn(msg, err)
/home/singh/Documents/DESC2/desc/utils.py:590: UserWarning: coil-coil distance rows: 86200 rows are within select_distance but only 80000 slots; the rest are dropped. Raise max_active_rows.
  warnings.warn(msg, err)
/home/singh/Documents/DESC2/desc/utils.py:590: UserWarning: coil-coil distance rows: 86074 rows are within select_distance but only 80000 slots; the rest are dropped. Raise max_active_rows.
  warnings.warn(msg, err)
/home/singh/Documents/DESC2/desc/utils.py:590: UserWarning: coil-coil distance rows: 85982 rows are within select_distance but only 80000 slots; the rest are dropped. Raise max_active_rows.
  warnings.warn(msg, err)
/home/singh/Documents/DESC2/desc/utils.py:590: UserWarning: coil-coil distance rows: 86015 rows are within select_distance but only 80000 slots; the rest are dropped. Raise max_active_rows.
  warnings.warn(msg, err)
/home/singh/Documents/DESC2/desc/utils.py:590: UserWarning: coil-coil distance rows: 86047 rows are within select_distance but only 80000 slots; the rest are dropped. Raise max_active_rows.
  warnings.warn(msg, err)
/home/singh/Documents/DESC2/desc/utils.py:590: UserWarning: coil-coil distance rows: 86070 rows are within select_distance but only 80000 slots; the rest are dropped. Raise max_active_rows.
  warnings.warn(msg, err)
/home/singh/Documents/DESC2/desc/utils.py:590: UserWarning: coil-coil distance rows: 86055 rows are within select_distance but only 80000 slots; the rest are dropped. Raise max_active_rows.
  warnings.warn(msg, err)
/home/singh/Documents/DESC2/desc/utils.py:590: UserWarning: coil-coil distance rows: 86030 rows are within select_distance but only 80000 slots; the rest are dropped. Raise max_active_rows.
  warnings.warn(msg, err)
/home/singh/Documents/DESC2/desc/utils.py:590: UserWarning: coil-coil distance rows: 86040 rows are within select_distance but only 80000 slots; the rest are dropped. Raise max_active_rows.
  warnings.warn(msg, err)
/home/singh/Documents/DESC2/desc/utils.py:590: UserWarning: coil-coil distance rows: 86053 rows are within select_distance but only 80000 slots; the rest are dropped. Raise max_active_rows.
  warnings.warn(msg, err)
/home/singh/Documents/DESC2/desc/utils.py:590: UserWarning: coil-coil distance rows: 86054 rows are within select_distance but only 80000 slots; the rest are dropped. Raise max_active_rows.
  warnings.warn(msg, err)
  [mem] RSS 6.48 GB  peak 6.93 GB
  [mem] RSS 6.92 GB  peak 7.12 GB
  [mem] RSS 6.79 GB  peak 7.12 GB
/home/singh/Documents/DESC2/desc/utils.py:590: UserWarning: coil-coil distance rows: 85971 rows are within select_distance but only 80000 slots; the rest are dropped. Raise max_active_rows.
  warnings.warn(msg, err)
/home/singh/Documents/DESC2/desc/utils.py:590: UserWarning: coil-coil distance rows: 85997 rows are within select_distance but only 80000 slots; the rest are dropped. Raise max_active_rows.
  warnings.warn(msg, err)
    6        26   1.948e-02  1.00e-06  9.594e-02  3.89e-03  2.47e+04  6.15e+00  (stalled)
[outer 6] 26 inner its, opt 1.95e-02 (gtolk 1.0e-06, NOT met), violation 9.59e-02 (ctolk 3.9e-03), 709 s
   coil length                    rows      4 mu 2.5e+04/2.5e+04/7.8e+04 max|y| 1.41e+00 (nonzero 4) max viol 1.26e-02
   coil curvature                 rows   2404 mu 2.5e+04/2.5e+04/2.5e+04 max|y| 7.96e-01 (nonzero 8) max viol 5.68e-03
   coil mean squared curvature    rows      4 mu 2.5e+04/2.5e+04/2.5e+04 max|y| 0.00e+00 (nonzero 0) max viol 0.00e+00
   coil-coil distance rows        rows  80072 mu 2.5e+04/2.5e+04/1.0e+06 max|y| 6.15e+00 (nonzero 73) max viol 9.59e-02
   plasma-coil distance field     rows   4112 mu 2.5e+04/2.5e+04/2.5e+04 max|y| 3.67e-01 (nonzero 10) max viol 2.38e-03
   true: cc 0.02375 m, pc 0.11035 m, max L 2.9297, max |k| 13.798, linked [(0, 1)], gap {'used': 0.0010599364671386008, 'needed': 0.003396369230012646}
/home/singh/Documents/DESC2/desc/utils.py:590: UserWarning: coil-coil distance rows: 86055 rows are within select_distance but only 80000 slots; the rest are dropped. Raise max_active_rows.
  warnings.warn(msg, err)
/home/singh/Documents/DESC2/desc/utils.py:590: UserWarning: coil-coil distance rows: 85947 rows are within select_distance but only 80000 slots; the rest are dropped. Raise max_active_rows.
  warnings.warn(msg, err)
/home/singh/Documents/DESC2/desc/utils.py:590: UserWarning: coil-coil distance rows: 85981 rows are within select_distance but only 80000 slots; the rest are dropped. Raise max_active_rows.
  warnings.warn(msg, err)
/home/singh/Documents/DESC2/desc/utils.py:590: UserWarning: coil-coil distance rows: 86028 rows are within select_distance but only 80000 slots; the rest are dropped. Raise max_active_rows.
  warnings.warn(msg, err)
/home/singh/Documents/DESC2/desc/utils.py:590: UserWarning: coil-coil distance rows: 86039 rows are within select_distance but only 80000 slots; the rest are dropped. Raise max_active_rows.
  warnings.warn(msg, err)
/home/singh/Documents/DESC2/desc/utils.py:590: UserWarning: coil-coil distance rows: 86045 rows are within select_distance but only 80000 slots; the rest are dropped. Raise max_active_rows.
  warnings.warn(msg, err)
/home/singh/Documents/DESC2/desc/utils.py:590: UserWarning: coil-coil distance rows: 86054 rows are within select_distance but only 80000 slots; the rest are dropped. Raise max_active_rows.
  warnings.warn(msg, err)
/home/singh/Documents/DESC2/desc/utils.py:590: UserWarning: coil-coil distance rows: 86050 rows are within select_distance but only 80000 slots; the rest are dropped. Raise max_active_rows.
  warnings.warn(msg, err)
/home/singh/Documents/DESC2/desc/utils.py:590: UserWarning: coil-coil distance rows: 86046 rows are within select_distance but only 80000 slots; the rest are dropped. Raise max_active_rows.
  warnings.warn(msg, err)
/home/singh/Documents/DESC2/desc/utils.py:590: UserWarning: coil-coil distance rows: 86052 rows are within select_distance but only 80000 slots; the rest are dropped. Raise max_active_rows.
  warnings.warn(msg, err)
  [mem] RSS 6.49 GB  peak 7.12 GB
  [mem] RSS 6.56 GB  peak 7.12 GB
  [mem] RSS 6.78 GB  peak 7.12 GB
/home/singh/Documents/DESC2/desc/utils.py:590: UserWarning: coil-coil distance rows: 85943 rows are within select_distance but only 80000 slots; the rest are dropped. Raise max_active_rows.
  warnings.warn(msg, err)
/home/singh/Documents/DESC2/desc/utils.py:590: UserWarning: coil-coil distance rows: 85975 rows are within select_distance but only 80000 slots; the rest are dropped. Raise max_active_rows.
  warnings.warn(msg, err)
/home/singh/Documents/DESC2/desc/utils.py:590: UserWarning: coil-coil distance rows: 86019 rows are within select_distance but only 80000 slots; the rest are dropped. Raise max_active_rows.
  warnings.warn(msg, err)
  [mem] RSS 6.78 GB  peak 7.12 GB
    7        36   4.634e-02  1.00e-06  9.589e-02  3.89e-03  1.70e+05  6.15e+00  (stalled)
[outer 7] 36 inner its, opt 4.63e-02 (gtolk 1.0e-06, NOT met), violation 9.59e-02 (ctolk 3.9e-03), 844 s
   coil length                    rows      4 mu 1.7e+05/2.1e+05/7.8e+05 max|y| 1.41e+00 (nonzero 4) max viol 1.25e-02
   coil curvature                 rows   2404 mu 1.7e+05/1.7e+05/2.5e+05 max|y| 7.96e-01 (nonzero 8) max viol 6.13e-03
   coil mean squared curvature    rows      4 mu 1.7e+05/1.7e+05/1.7e+05 max|y| 0.00e+00 (nonzero 0) max viol 0.00e+00
   coil-coil distance rows        rows  80072 mu 1.7e+05/1.7e+05/1.0e+07 max|y| 6.15e+00 (nonzero 73) max viol 9.59e-02
   plasma-coil distance field     rows   4112 mu 1.7e+05/1.7e+05/1.7e+05 max|y| 3.67e-01 (nonzero 10) max viol 2.47e-03
   true: cc 0.02389 m, pc 0.11033 m, max L 2.9296, max |k| 13.810, linked [(0, 1)], gap {'used': 0.0010599364671386008, 'needed': 0.0033970442793548323}
/home/singh/Documents/DESC2/desc/utils.py:590: UserWarning: coil-coil distance rows: 86054 rows are within select_distance but only 80000 slots; the rest are dropped. Raise max_active_rows.
  warnings.warn(msg, err)
/home/singh/Documents/DESC2/desc/utils.py:590: UserWarning: coil-coil distance rows: 85889 rows are within select_distance but only 80000 slots; the rest are dropped. Raise max_active_rows.
  warnings.warn(msg, err)
/home/singh/Documents/DESC2/desc/utils.py:590: UserWarning: coil-coil distance rows: 85919 rows are within select_distance but only 80000 slots; the rest are dropped. Raise max_active_rows.
  warnings.warn(msg, err)
/home/singh/Documents/DESC2/desc/utils.py:590: UserWarning: coil-coil distance rows: 85978 rows are within select_distance but only 80000 slots; the rest are dropped. Raise max_active_rows.
  warnings.warn(msg, err)
/home/singh/Documents/DESC2/desc/utils.py:590: UserWarning: coil-coil distance rows: 86042 rows are within select_distance but only 80000 slots; the rest are dropped. Raise max_active_rows.
  warnings.warn(msg, err)
/home/singh/Documents/DESC2/desc/utils.py:590: UserWarning: coil-coil distance rows: 86050 rows are within select_distance but only 80000 slots; the rest are dropped. Raise max_active_rows.
  warnings.warn(msg, err)
/home/singh/Documents/DESC2/desc/utils.py:590: UserWarning: coil-coil distance rows: 86052 rows are within select_distance but only 80000 slots; the rest are dropped. Raise max_active_rows.
  warnings.warn(msg, err)
  [mem] RSS 7.02 GB  peak 7.12 GB
  [mem] RSS 6.79 GB  peak 7.12 GB
/home/singh/Documents/DESC2/desc/utils.py:590: UserWarning: coil-coil distance rows: 85881 rows are within select_distance but only 80000 slots; the rest are dropped. Raise max_active_rows.
  warnings.warn(msg, err)
/home/singh/Documents/DESC2/desc/utils.py:590: UserWarning: coil-coil distance rows: 85922 rows are within select_distance but only 80000 slots; the rest are dropped. Raise max_active_rows.
  warnings.warn(msg, err)
/home/singh/Documents/DESC2/desc/utils.py:590: UserWarning: coil-coil distance rows: 85979 rows are within select_distance but only 80000 slots; the rest are dropped. Raise max_active_rows.
  warnings.warn(msg, err)
/home/singh/Documents/DESC2/desc/utils.py:590: UserWarning: coil-coil distance rows: 86041 rows are within select_distance but only 80000 slots; the rest are dropped. Raise max_active_rows.
  warnings.warn(msg, err)
    8         0   1.952e+00  1.00e-06  9.589e-02  3.89e-03  1.56e+06  6.15e+00  (stalled)
[outer 8] 0 inner its, opt 1.95e+00 (gtolk 1.0e-06, NOT met), violation 9.59e-02 (ctolk 3.9e-03), 895 s
   coil length                    rows      4 mu 1.6e+06/1.6e+06/2.5e+06 max|y| 1.41e+00 (nonzero 4) max viol 1.25e-02
   coil curvature                 rows   2404 mu 1.6e+06/1.6e+06/2.5e+06 max|y| 7.96e-01 (nonzero 8) max viol 6.13e-03
   coil mean squared curvature    rows      4 mu 1.6e+06/1.6e+06/1.6e+06 max|y| 0.00e+00 (nonzero 0) max viol 0.00e+00
   coil-coil distance rows        rows  80072 mu 1.6e+06/1.6e+06/1.0e+08 max|y| 6.15e+00 (nonzero 73) max viol 9.59e-02
   plasma-coil distance field     rows   4112 mu 1.6e+06/1.6e+06/1.6e+06 max|y| 3.67e-01 (nonzero 10) max viol 2.47e-03
   true: cc 0.02389 m, pc 0.11033 m, max L 2.9296, max |k| 13.810, linked [(0, 1)], gap {'used': 0.0010599364671386008, 'needed': 0.0033970442793548323}
/home/singh/Documents/DESC2/desc/utils.py:590: UserWarning: coil-coil distance rows: 86054 rows are within select_distance but only 80000 slots; the rest are dropped. Raise max_active_rows.
  warnings.warn(msg, err)
Warning: Augmented Lagrangian subproblems repeatedly stalled before reaching `gtol`/`ctol`; the result is not a KKT point.
         Max scaled gradient: 1.952e+00
         Max constraint violation: 9.589e-02
         Outer iterations: 8
         Iterations: 454
         Function evaluations: 871
         Jacobian evaluations: 458
/home/singh/Documents/DESC2/desc/utils.py:590: UserWarning: coil-coil distance rows: 86054 rows are within select_distance but only 80000 slots; the rest are dropped. Raise max_active_rows.
  warnings.warn(msg, err)
==============================================================================================================
                                                                 Start  -->   End
Total (sum of squares):                                      1.413e+03  -->   9.482e+00, 
Maximum absolute Boundary normal field error:                3.017e-01  -->   3.909e-02 (T m^2)
Minimum absolute Boundary normal field error:                3.510e-04  -->   3.193e-06 (T m^2)
Average absolute Boundary normal field error:                1.233e-01  -->   8.984e-03 (T m^2)
Maximum absolute Boundary normal field error:                2.778e+00  -->   3.599e-01 (normalized)
Minimum absolute Boundary normal field error:                3.232e-03  -->   2.940e-05 (normalized)
Average absolute Boundary normal field error:                1.135e+00  -->   8.273e-02 (normalized)
Summed coil current error:                                   0.000e+00  -->   3.492e-10 (A)
Maximum Coil length:                                         2.909e+00  -->   2.931e+00 (m)
Minimum Coil length:                                         2.133e+00  -->   2.922e+00 (m)
Average Coil length:                                         2.592e+00  -->   2.926e+00 (m)
Maximum Coil length:                                         7.119e+00  -->   7.172e+00 (normalized)
Minimum Coil length:                                         5.219e+00  -->   7.152e+00 (normalized)
Average Coil length:                                         6.344e+00  -->   7.161e+00 (normalized)
Maximum Coil curvature:                                      1.861e+01  -->   1.382e+01 (m^-1)
Minimum Coil curvature:                                      0.000e+00  -->   0.000e+00 (m^-1)
Average Coil curvature:                                      2.242e+00  -->   3.160e+00 (m^-1)
Maximum Coil curvature:                                      7.603e+00  -->   5.647e+00 (normalized)
Minimum Coil curvature:                                      0.000e+00  -->   0.000e+00 (normalized)
Average Coil curvature:                                      9.163e-01  -->   1.291e+00 (normalized)
Maximum Coil mean squared curvature:                         1.117e+01  -->   1.680e+01 (m^-2)
Minimum Coil mean squared curvature:                         5.314e+00  -->   1.003e+01 (m^-2)
Average Coil mean squared curvature:                         7.314e+00  -->   1.239e+01 (m^-2)
Maximum Coil mean squared curvature:                         1.865e+00  -->   2.805e+00 (normalized)
Minimum Coil mean squared curvature:                         8.874e-01  -->   1.675e+00 (normalized)
Average Coil mean squared curvature:                         1.221e+00  -->   2.069e+00 (normalized)
Maximum Coil-coil distance rows:                             1.604e+00  -->   2.055e+00 (m)
Minimum Coil-coil distance rows:                             8.771e-02  -->  -3.918e-02 (m)
Average Coil-coil distance rows:                             1.009e-01  -->   8.050e-02 (m)
Maximum Coil-coil distance rows:                             3.925e+00  -->   5.029e+00 (normalized)
Minimum Coil-coil distance rows:                             2.146e-01  -->  -9.589e-02 (normalized)
Average Coil-coil distance rows:                             2.469e-01  -->   1.970e-01 (normalized)
Maximum Plasma-coil distance field:                          2.189e-01  -->   2.192e-01 (m)
Minimum Plasma-coil distance field:                          1.095e-01  -->   1.093e-01 (m)
Average Plasma-coil distance field:                          1.914e-01  -->   1.946e-01 (m)
Maximum Plasma-coil distance field:                          1.494e+00  -->   1.496e+00 (normalized)
Minimum Plasma-coil distance field:                          7.471e-01  -->   7.461e-01 (normalized)
Average Plasma-coil distance field:                          1.306e+00  -->   1.328e+00 (normalized)
==============================================================================================================

SOLVER Augmented Lagrangian subproblems repeatedly stalled before reaching `gtol`/`ctol`; the result is not a KKT point. | 8 outer / 454 inner its, opt 1.95e+00, violation 9.59e-02, 904 s
START  bn 2.6416e-01  L 0.994  kappa 1.361  kMS 0.582  d_cc 1.503  d_pc 1.008  -> FAILS kappa
RESULT bn 2.1109e-02  L 1.002  kappa 1.010  kMS 0.884  d_cc 0.408  d_pc 1.007  linked 8  -> FAILS L,kappa,d_cc,linked  active ['L', 'd_pc']
wrote work/ss_qh/joint/base_free/result.h5, result.json, outer.json
